12-24 15:19:18.698   312   392 I ThermalEngine: Sensor:case_therm:37000 mC
12-24 15:19:18.698   312   392 D ThermalEngine: update_active_thresh: case_therm Active(1), Hi(1) 40000, Lo(0) -2147483648, Interval(1) 5000
12-24 15:19:18.698   312   392 D ThermalEngine: sensor_monitor: case_therm Sensor wait.
12-24 15:19:18.698   312   392 D ThermalEngine: sensor_wait: case_therm Wait start. 5000ms
12-24 15:19:18.708   319   319 D SERVICE_STATE_TRACKER: Signal Strength changed; sending info to content process
12-24 15:19:18.708   319   319 D NS_ICC_SERVICE: GetCardState 
12-24 15:19:18.708   319   319 D SIGNAL_STRENGTH: nsMobileSignalStrength mLevel=4,mGsmSignalStrength=99,mGsmBitErrorRate=0,mCdmaDbm=-120,mCdmaEcio=-160,mEvdoDbm=-120,mEvdoEcio=-1,mEvdoSnr=-1,mLteSignalStrength=31,mLteRsrp=-72,mLteRsrq=-7,mLteRssnr=254,mLteCqi=2147483647,mTimingAdvance=99,mTdScdmaRscp=2147483647
12-24 15:19:18.708   319   319 E SIGNAL_STRENGTH: nsMobileSignalStrength::GetLevel = 4
12-24 15:19:18.708   319   319 D NS_ICC_SERVICE: GetCardState 
12-24 15:19:18.708   319   319 D NS_ICC_SERVICE: GetCardState 
12-24 15:19:18.718   319   319 D SIGNAL_STRENGTH: nsMobileSignalStrength mLevel=4,mGsmSignalStrength=99,mGsmBitErrorRate=0,mCdmaDbm=-120,mCdmaEcio=-160,mEvdoDbm=-120,mEvdoEcio=-1,mEvdoSnr=-1,mLteSignalStrength=31,mLteRsrp=-72,mLteRsrq=-7,mLteRssnr=254,mLteCqi=2147483647,mTimingAdvance=99,mTdScdmaRscp=2147483647
12-24 15:19:18.718   319   319 E SIGNAL_STRENGTH: nsMobileSignalStrength::GetLevel = 4
12-24 15:19:18.718   319   319 D SIGNAL_STRENGTH: nsMobileSignalStrength mLevel=4,mGsmSignalStrength=99,mGsmBitErrorRate=0,mCdmaDbm=-120,mCdmaEcio=-160,mEvdoDbm=-120,mEvdoEcio=-1,mEvdoSnr=-1,mLteSignalStrength=31,mLteRsrp=-72,mLteRsrq=-7,mLteRssnr=254,mLteCqi=2147483647,mTimingAdvance=99,mTdScdmaRscp=2147483647
12-24 15:19:18.718   319   319 E SIGNAL_STRENGTH: nsMobileSignalStrength::GetLevel = 4
12-24 15:19:18.718   319   319 D SIGNAL_STRENGTH: nsMobileSignalStrength mLevel=4,mGsmSignalStrength=99,mGsmBitErrorRate=0,mCdmaDbm=-120,mCdmaEcio=-160,mEvdoDbm=-120,mEvdoEcio=-1,mEvdoSnr=-1,mLteSignalStrength=31,mLteRsrp=-72,mLteRsrq=-7,mLteRssnr=254,mLteCqi=2147483647,mTimingAdvance=99,mTdScdmaRscp=2147483647
12-24 15:19:18.718   319   319 E SIGNAL_STRENGTH: nsMobileSignalStrength::GetLevel = 4
12-24 15:19:18.718   319   319 D SIGNAL_STRENGTH: nsMobileSignalStrength mLevel=4,mGsmSignalStrength=99,mGsmBitErrorRate=0,mCdmaDbm=-120,mCdmaEcio=-160,mEvdoDbm=-120,mEvdoEcio=-1,mEvdoSnr=-1,mLteSignalStrength=31,mLteRsrp=-72,mLteRsrq=-7,mLteRssnr=254,mLteCqi=2147483647,mTimingAdvance=99,mTdScdmaRscp=2147483647
12-24 15:19:19.408  2733  2733 E sdcard  : missing packages.list; retrying
12-24 15:19:21.688   319   319 D SERVICE_STATE_TRACKER: Signal Strength changed; sending info to content process
12-24 15:19:21.688   319   319 D NS_ICC_SERVICE: GetCardState 
12-24 15:19:21.698   319   319 D SIGNAL_STRENGTH: nsMobileSignalStrength mLevel=4,mGsmSignalStrength=99,mGsmBitErrorRate=0,mCdmaDbm=-120,mCdmaEcio=-160,mEvdoDbm=-120,mEvdoEcio=-1,mEvdoSnr=-1,mLteSignalStrength=31,mLteRsrp=-76,mLteRsrq=-7,mLteRssnr=184,mLteCqi=2147483647,mTimingAdvance=99,mTdScdmaRscp=2147483647
12-24 15:19:21.698   319   319 E SIGNAL_STRENGTH: nsMobileSignalStrength::GetLevel = 4
12-24 15:19:21.698   319   319 D NS_ICC_SERVICE: GetCardState 
12-24 15:19:21.698   319   319 D NS_ICC_SERVICE: GetCardState 
12-24 15:19:21.708   319   319 D SIGNAL_STRENGTH: nsMobileSignalStrength mLevel=4,mGsmSignalStrength=99,mGsmBitErrorRate=0,mCdmaDbm=-120,mCdmaEcio=-160,mEvdoDbm=-120,mEvdoEcio=-1,mEvdoSnr=-1,mLteSignalStrength=31,mLteRsrp=-76,mLteRsrq=-7,mLteRssnr=184,mLteCqi=2147483647,mTimingAdvance=99,mTdScdmaRscp=2147483647
12-24 15:19:21.708   319   319 E SIGNAL_STRENGTH: nsMobileSignalStrength::GetLevel = 4
12-24 15:19:21.708   319   319 D SIGNAL_STRENGTH: nsMobileSignalStrength mLevel=4,mGsmSignalStrength=99,mGsmBitErrorRate=0,mCdmaDbm=-120,mCdmaEcio=-160,mEvdoDbm=-120,mEvdoEcio=-1,mEvdoSnr=-1,mLteSignalStrength=31,mLteRsrp=-76,mLteRsrq=-7,mLteRssnr=184,mLteCqi=2147483647,mTimingAdvance=99,mTdScdmaRscp=2147483647
12-24 15:19:21.708   319   319 E SIGNAL_STRENGTH: nsMobileSignalStrength::GetLevel = 4
12-24 15:19:21.708   319   319 D SIGNAL_STRENGTH: nsMobileSignalStrength mLevel=4,mGsmSignalStrength=99,mGsmBitErrorRate=0,mCdmaDbm=-120,mCdmaEcio=-160,mEvdoDbm=-120,mEvdoEcio=-1,mEvdoSnr=-1,mLteSignalStrength=31,mLteRsrp=-76,mLteRsrq=-7,mLteRssnr=184,mLteCqi=2147483647,mTimingAdvance=99,mTdScdmaRscp=2147483647
12-24 15:19:21.708   319   319 E SIGNAL_STRENGTH: nsMobileSignalStrength::GetLevel = 4
12-24 15:19:21.708   319   319 D SIGNAL_STRENGTH: nsMobileSignalStrength mLevel=4,mGsmSignalStrength=99,mGsmBitErrorRate=0,mCdmaDbm=-120,mCdmaEcio=-160,mEvdoDbm=-120,mEvdoEcio=-1,mEvdoSnr=-1,mLteSignalStrength=31,mLteRsrp=-76,mLteRsrq=-7,mLteRssnr=184,mLteCqi=2147483647,mTimingAdvance=99,mTdScdmaRscp=2147483647
12-24 15:19:22.408  2733  2733 E sdcard  : missing packages.list; retrying
12-24 15:19:23.698   312   392 D ThermalEngine: sensor_wait: case_therm Wait done.
12-24 15:19:23.698   312   392 D ThermalEngine: sensor_monitor: case_therm Reading 37000 .
12-24 15:19:23.698   312   392 I ThermalEngine: Sensor:case_therm:37000 mC
12-24 15:19:23.698   312   392 D ThermalEngine: update_active_thresh: case_therm Active(1), Hi(1) 40000, Lo(0) -2147483648, Interval(1) 5000
12-24 15:19:23.698   312   392 D ThermalEngine: sensor_monitor: case_therm Sensor wait.
12-24 15:19:23.698   312   392 D ThermalEngine: sensor_wait: case_therm Wait start. 5000ms
12-24 15:19:25.408  2733  2733 E sdcard  : missing packages.list; retrying
12-24 15:19:28.408  2733  2733 E sdcard  : missing packages.list; retrying
12-24 15:19:28.698   312   392 D ThermalEngine: sensor_wait: case_therm Wait done.
12-24 15:19:28.698   312   392 D ThermalEngine: sensor_monitor: case_therm Reading 38000 .
12-24 15:19:28.698   312   392 I ThermalEngine: Sensor:case_therm:38000 mC
12-24 15:19:28.698   312   392 D ThermalEngine: update_active_thresh: case_therm Active(1), Hi(1) 40000, Lo(0) -2147483648, Interval(1) 5000
12-24 15:19:28.698   312   392 D ThermalEngine: sensor_monitor: case_therm Sensor wait.
12-24 15:19:28.698   312   392 D ThermalEngine: sensor_wait: case_therm Wait start. 5000ms
12-24 15:19:31.318   319   319 I GeckoConsole: Content JS LOG: [AppUsage] got an event:  screenchange 
12-24 15:19:31.318   319   319 I GeckoConsole:     at debug (app://system.gaiamobile.org/js/app_usage_metrics.js:141:7)
12-24 15:19:31.348   319   319 I PowerManager: Turn off screen
12-24 15:19:31.348   319   319 D qdhwcomposer: hwc_setPowerMode: Setting mode 0 on display: 0
12-24 15:19:31.398   319   319 E qdutils : int qdutils::getHDMINode(): Failed to open fb node 1
12-24 15:19:31.398   319   319 E qdutils : int qdutils::getHDMINode(): Failed to open fb node 2
12-24 15:19:31.398   319   319 E qdutils : int qdutils::getHDMINode(): Failed to open fb node 3
12-24 15:19:31.398   319   319 E qdutils : int qdutils::getHDMINode(): Failed to find HDMI node
12-24 15:19:31.408  2733  2733 E sdcard  : missing packages.list; retrying
12-24 15:19:31.528   319   694 I qdhwcomposer: handle_blank_event: dpy:0 panel power state: 0
12-24 15:19:31.528   319   694 E qdutils : int qdutils::getHDMINode(): Failed to open fb node 1
12-24 15:19:31.528   319   694 E qdutils : int qdutils::getHDMINode(): Failed to open fb node 2
12-24 15:19:31.528   319   694 E qdutils : int qdutils::getHDMINode(): Failed to open fb node 3
12-24 15:19:31.528   319   694 E qdutils : int qdutils::getHDMINode(): Failed to find HDMI node
12-24 15:19:31.528   319   319 D qdhwcomposer: hwc_setPowerMode: Done setting mode 0 on display 0
12-24 15:19:31.528   319   319 I QCOM PowerHAL: Got set_interactive hint
12-24 15:19:31.558   319   319 D QLOC-OSAgent: SCREENON: 1
12-24 15:19:31.558   319   319 E IzatSvc_OSObserver: I/LocTech-Label :: OSOBSERVER :: Data Items In
12-24 15:19:31.558   319   319 E IzatSvc_OSObserver: I/LocTech-Value :: Data Item Value: IS_SCREEN_ON: true
12-24 15:19:31.568   319   319 I FocusManager: << focus() called >>
12-24 15:19:31.568   319   319 I FocusManager:    trying to set focus on, tag: HTML:IFRAME, id: systemapp, class: 
12-24 15:19:31.568   319   319 I FocusManager: Warning: element is already focused.
12-24 15:19:31.618   319   319 I KERNEL  : [  649.409105] mdp3_ctrl_ioctl_handler: mdp3_ctrl_ioctl_handler, display off!
12-24 15:19:31.568   319   319 E qdhwcomposer: hwc_vsync_control: vsync control failed. Dpy=0, enable=1 : Operation not permitted
12-24 15:19:32.1155   319   319 I KERNEL  : [  650.945432] mdp3_ctrl_ioctl_handler: mdp3_ctrl_ioctl_handler, display off!
12-24 15:19:33.108   319   319 E qdhwcomposer: hwc_vsync_control: vsync control failed. Dpy=0, enable=1 : Operation not permitted
12-24 15:19:33.698   312   392 D ThermalEngine: sensor_wait: case_therm Wait done.
12-24 15:19:33.698   312   392 D ThermalEngine: sensor_monitor: case_therm Reading 38000 .
12-24 15:19:33.698   312   392 I ThermalEngine: Sensor:case_therm:38000 mC
12-24 15:19:33.698   312   392 D ThermalEngine: update_active_thresh: case_therm Active(1), Hi(1) 40000, Lo(0) -2147483648, Interval(1) 5000
12-24 15:19:33.698   312   392 D ThermalEngine: sensor_monitor: case_therm Sensor wait.
12-24 15:19:33.698   312   392 D ThermalEngine: sensor_wait: case_therm Wait start. 5000ms
12-24 15:19:34.408  2733  2733 E sdcard  : missing packages.list; retrying
12-24 15:19:36.958   319   319 D FAST_DORMANCY_TRACKER: FDT timer expired; forcing data to dormant
12-24 15:19:37.408  2733  2733 E sdcard  : missing packages.list; retrying
12-24 15:19:38.698   312   392 D ThermalEngine: sensor_wait: case_therm Wait done.
12-24 15:19:38.698   312   392 D ThermalEngine: sensor_monitor: case_therm Reading 38000 .
12-24 15:19:38.698   312   392 I ThermalEngine: Sensor:case_therm:38000 mC
12-24 15:19:38.698   312   392 D ThermalEngine: update_active_thresh: case_therm Active(1), Hi(1) 40000, Lo(0) -2147483648, Interval(1) 5000
12-24 15:19:38.698   312   392 D ThermalEngine: sensor_monitor: case_therm Sensor wait.
12-24 15:19:38.698   312   392 D ThermalEngine: sensor_wait: case_therm Wait start. 5000ms
12-24 15:19:40.418  2733  2733 E sdcard  : missing packages.list; retrying
12-24 15:19:43.418  2733  2733 E sdcard  : missing packages.list; retrying
12-24 15:19:43.698   312   392 D ThermalEngine: sensor_wait: case_therm Wait done.
12-24 15:19:43.698   312   392 D ThermalEngine: sensor_monitor: case_therm Reading 38000 .
12-24 15:19:43.698   312   392 I ThermalEngine: Sensor:case_therm:38000 mC
12-24 15:19:43.698   312   392 D ThermalEngine: update_active_thresh: case_therm Active(1), Hi(1) 40000, Lo(0) -2147483648, Interval(1) 5000
12-24 15:19:43.698   312   392 D ThermalEngine: sensor_monitor: case_therm Sensor wait.
12-24 15:19:43.698   312   392 D ThermalEngine: sensor_wait: case_therm Wait start. 5000ms
12-24 15:19:46.418  2733  2733 E sdcard  : missing packages.list; retrying
12-24 15:19:48.708   312   392 D ThermalEngine: sensor_wait: case_therm Wait done.
12-24 15:19:48.708   312   392 D ThermalEngine: sensor_monitor: case_therm Reading 38000 .
12-24 15:19:48.708   312   392 I ThermalEngine: Sensor:case_therm:38000 mC
12-24 15:19:48.708   312   392 D ThermalEngine: update_active_thresh: case_therm Active(1), Hi(1) 40000, Lo(0) -2147483648, Interval(1) 5000
12-24 15:19:48.708   312   392 D ThermalEngine: sensor_monitor: case_therm Sensor wait.
12-24 15:19:48.708   312   392 D ThermalEngine: sensor_wait: case_therm Wait start. 5000ms
12-24 15:19:49.418  2733  2733 E sdcard  : missing packages.list; retrying
12-24 15:19:52.168  3990  3990 I clatd   : Detecting NAT64 prefix from DNS...
12-24 15:19:52.168  3990  3990 E clatd   : plat_prefix/dns(ipv4only.arpa) status = 7/No address associated with hostname
12-24 15:19:52.168  3990  3990 W clatd   : dns64_detection -- error, sleeping for 120 seconds
12-24 15:19:52.218   292  1872 D audio_hw_extn: audio_extn_get_parameters: returns 
12-24 15:19:52.218   292  1872 I str_params: key: 'all_call_states' value: ''
12-24 15:19:52.218   319   319 E NW_DATA_COLLECTOR: Received unsolicited response RIL_UNSOL_OEM_HOOK_RAW
12-24 15:19:52.218   319   319 E NW_DATA_COLLECTOR: HandleUnSolicitedResponse, data len = 20
12-24 15:19:52.218   319   319 E NW_DATA_COLLECTOR: HandleUnSolicitedResponse, last fail cause event length = 4
12-24 15:19:52.218   319   319 E NW_DATA_COLLECTOR: HandleUnSolicitedResponse, last fail cause  = 16
12-24 15:19:52.218   319   319 D QRIL_OEM_HOOK_SERVICE: Received UnSolicitedResponse 1028 
12-24 15:19:52.218   319   319 D EmbmsOemHook: NotifyUnsolOemEvent: clientId: 0, event:525344 respLength:12 
12-24 15:19:52.218   319   319 D EmbmsResponseData: processGenericResponse:mRequestId 525344 unknown request 
12-24 15:19:52.218   319   319 E NW_DATA_COLLECTOR: Received unsolicited response RIL_UNSOL_OEM_HOOK_RAW
12-24 15:19:52.218   319   319 E NW_DATA_COLLECTOR: HandleUnSolicitedResponse, data len = 17
12-24 15:19:52.218   319   319 E NW_DATA_COLLECTOR: HandleUnSolicitedResponse, data collector event length = 1
12-24 15:19:52.218   319   319 D NW_DATA_COLLECTOR: HandleUnSolicitedResponse: received event = 4, is server ready = 1
12-24 15:19:52.218   319   319 D NW_DATA_COLLECTOR: NetworkDataCollector: isClientAllowEventReporting of event = 4 is 1 (Filter: 268435455)
12-24 15:19:52.218   319   319 E NW_DATA_COLLECTOR: HandleDataCollectorEvent event type = 4
12-24 15:19:52.218   319   319 E NW_DATA_COLLECTOR: HandleDataCollectorEvent dispatch event NE4 at pos 1
12-24 15:19:52.218   319   319 D QRIL_OEM_HOOK_SERVICE: Received UnSolicitedResponse 1028 
12-24 15:19:52.218   319   319 D EmbmsOemHook: NotifyUnsolOemEvent: clientId: 0, event:525343 respLength:9 
12-24 15:19:52.218   319   319 D EmbmsResponseData: processGenericResponse:mRequestId 525343 unknown request 
12-24 15:19:52.228   319  2515 E NW_DATA_COLLECTOR: SendCallDisconnectDataToServer dispatch to thread
12-24 15:19:52.228   319  2515 D NW_DATA_COLLECTOR:  SendNetworkDataToServer  event = 4
12-24 15:19:52.228   319  2515 D NW_DATA_COLLECTOR:  NetworkDataCollector: Extracting nework data on socket qmux_radio/rild_oem0
12-24 15:19:52.228   319  2515 D NW_DATA_COLLECTOR:  NetworkDataCollector:WaitForResponse begin loop
12-24 15:19:52.228   292   292 V SRS_Proc: ParamSet string: vsid=297816064;call_state=1
12-24 15:19:52.228   292   292 D audio_hw_primary: adev_set_parameters: enter: vsid=297816064;call_state=1
12-24 15:19:52.228   292   292 D voice_extn: update_call_states is_call_active:1 in_call:1, mode:2
12-24 15:19:52.228   292   292 D voice_extn: update_calls: enter:
12-24 15:19:52.228   292   292 D voice_extn: update_calls: cur_state=1 new_state=1 vsid=10c01000
12-24 15:19:52.228   292   292 D voice_extn: update_calls: cur_state=1 new_state=1 vsid=10dc1000
12-24 15:19:52.228   292   292 D voice_extn: update_calls: cur_state=1 new_state=1 vsid=10c02000
12-24 15:19:52.228   292   292 D voice_extn: update_calls: cur_state=1 new_state=1 vsid=10803000
12-24 15:19:52.228   292   292 D voice_extn: update_calls: cur_state=1 new_state=1 vsid=10002000
12-24 15:19:52.228   292   292 D voice_extn: update_calls: cur_state=2 new_state=1 vsid=11c05000
12-24 15:19:52.228   292   292 D voice_extn: update_calls: ACTIVE/HOLD/LOCAL_HOLD -> INACTIVE vsid:11c05000
12-24 15:19:52.228   292   292 D voice   : voice_stop_usecase: enter usecase:voicemmode1-call
12-24 15:19:52.321   292   292 I KERNEL  : [  670.111617] wcd_imped_config, invalid imped, greater than 48 Ohm
12-24 15:19:52.321   292   292 I KERNEL  : [  670.111617]  = 48
12-24 15:19:52.338   292   292 D audio_hw_primary: disable_audio_route: reset and update mixer path: voicemmode1-call
12-24 15:19:52.338   292   292 D hardware_info: hw_info_append_hw_type : device_name = voice-handset
12-24 15:19:52.338   292   292 D audio_hw_primary: disable_snd_device: snd_device(9: voice-handset)
12-24 15:19:52.338   292   292 D hardware_info: hw_info_append_hw_type : device_name = handset-mic
12-24 15:19:52.348   292   292 D audio_hw_primary: disable_snd_device: snd_device(37: handset-mic)
12-24 15:19:52.348   292   292 D voice   : voice_stop_usecase: exit: status(0)
12-24 15:19:52.348   292   292 D voice_extn: update_calls: cur_state=1 new_state=1 vsid=11dc5000
12-24 15:19:52.348   292   292 D audio_hw_fm: audio_extn_fm_set_parameters: enter
12-24 15:19:52.348   292   292 D audio_hw_fm: audio_extn_fm_set_parameters: exit
12-24 15:19:52.348   292   292 E bt_a2dp_hw: adev_set_parameters: ERROR: set param called even when stream out is null
12-24 15:19:52.348   292  1871 D audio_hw_extn: audio_extn_get_parameters: returns 
12-24 15:19:52.348   292  1871 I str_params: key: 'all_call_states' value: ''
12-24 15:19:52.348   319   319 E NW_DATA_COLLECTOR: Received unsolicited response RIL_UNSOL_OEM_HOOK_RAW
12-24 15:19:52.348   319   319 E NW_DATA_COLLECTOR: HandleUnSolicitedResponse, data len = 43
12-24 15:19:52.348   319   319 D QRIL_OEM_HOOK_SERVICE: Received UnSolicitedResponse 1028 
12-24 15:19:52.348   319   319 D EmbmsOemHook: NotifyUnsolOemEvent: clientId: 0, event:525303 respLength:35 
12-24 15:19:52.348   319   319 D EmbmsResponseData: processGenericResponse:mRequestId 525303 unknown request 
12-24 15:19:52.348   292  1872 D audio_hw_extn: audio_extn_get_parameters: returns 
12-24 15:19:52.348   292  1872 I str_params: key: 'all_call_states' value: ''
12-24 15:19:52.358   319   319 D CALL_TRACKER: Phone state is OFFHOOK
12-24 15:19:52.358   319   319 D CONNECTION: DisconnectCauseFromCode, CauseCode:16,isVowifi=false
12-24 15:19:52.358   319   319 D CONNECTION: OnDisconnect index=0 cause=2
12-24 15:19:52.358   319   319 D NS_VIDEO_CALL_PROVIDER: OnCallDisconnected
12-24 15:19:52.358   319   319 E VTLib   : QPLP_CRITICAL : vendor/qcom/proprietary/ims/vt/src/QpDplImsThinClient.cpp| 1499 || 319 || 319 |[THINCLIENT]registerIMSCallback
12-24 15:19:52.358   319   319 E VTLib   : QPLP_CRITICAL : vendor/qcom/proprietary/ims/vt/src/QpDplImsThinClient.cpp| 2248 || 319 || 319 |[THINCLIENT]deInitImsThinClient
12-24 15:19:52.358   319   319 E VTLib   : QPLP_CRITICAL : vendor/qcom/proprietary/ims/vt/src/QpDplImsThinClient.cpp| 2272 || 319 || 319 |waiting for Sem post for deinit 0 0
12-24 15:19:52.358   319   319 E VTLib   : QPLP_CRITICAL : vendor/qcom/proprietary/ims/vt/src/QpDplImsThinClient.cpp| 3786 || 319 || 319 |[THINCLIENT]command resp of size 1765 sent
12-24 15:19:52.358   319   319 E VTLib   : vendor/qcom/proprietary/ims/vt/src/QpDplImsThinClient.cpp| 3787 || 319 || 319 |[THINCLIENT]TIME::THINCLIENT:MSG ID 92
12-24 15:19:52.358   319   319 E VTLib   : QPLP_CRITICAL : vendor/qcom/proprietary/ims/vt/src/QpDplImsThinClient.cpp| 2284 || 319 || 319 |[THINCLIENT]writing 1 to pipefd
12-24 15:19:52.358   319   319 E VTLib   : QPLP_CRITICAL : vendor/qcom/proprietary/ims/vt/src/QpDplImsThinClient.cpp| 2303 || 319 || 319 |Releasing resources and moving to ENGINE_DEINITIALIZING state
12-24 15:19:52.358   319   319 E VTLib   : ims_qmi_init: qmi_client_release() returned 0
12-24 15:19:52.358   319   319 E VTLib   : QPLP_CRITICAL : vendor/qcom/proprietary/ims/vt/src/QpDplImsThinClient.cpp| 4361 || 319 || 319 |[THINCLIENT]releasing the engine loop
12-24 15:19:52.358   319   319 E VTLib   : vendor/qcom/proprietary/ims/vt/src/QpDplImsThinClient.cpp| 4369 || 319 || 319 |[THINCLIENT]waiting for engine loop to exit
12-24 15:19:52.358   319  5010 E VTLib   : QPLP_CRITICAL : vendor/qcom/proprietary/ims/vt/src/QpDplImsThinClient.cpp| 5305 || 319 || 5010 |[THINCLIENT]State is uninitalized so ending engineLoop
12-24 15:19:52.358   319  5010 E VTLib   : QPLP_CRITICAL : vendor/qcom/proprietary/ims/vt/src/QpDplImsThinClient.cpp| 5387 || 319 || 5010 |[THINCLIENT]EngineLoop::exited value = 0xa58e0ba0
12-24 15:19:52.358   319  5011 E VTLib   : QPLP_CRITICAL : vendor/qcom/proprietary/ims/vt/src/QpDplImsThinClient.cpp| 3186 || 319 || 5011 |bamApServer exited
12-24 15:19:52.358   319   319 E VTLib   : vendor/qcom/proprietary/ims/vt/src/QpDplImsThinClient.cpp| 4374 || 319 || 319 |[THINCLIENT]releasing extra buffers from command queue
12-24 15:19:52.358   319   319 E VTLib   : QPLP_CRITICAL : vendor/qcom/proprietary/ims/vt/src/QpDplImsThinClient.cpp| 4376 || 319 || 319 |[THINCLIENT]Join VPT
12-24 15:19:52.358   319   319 E VTLib   : QPLP_CRITICAL : vendor/qcom/proprietary/ims/vt/src/QpDplImsThinClient.cpp| 4381 || 319 || 319 |[THINCLIENT]Join ELT
12-24 15:19:52.358   319   319 E VTLib   : QPLP_CRITICAL : vendor/qcom/proprietary/ims/vt/src/QpDplImsThinClient.cpp| 4385 || 319 || 319 |[THINCLIENT]Join BST
12-24 15:19:52.358   319   319 E VTLib   : vendor/qcom/proprietary/ims/vt/src/QpDplImsThinClient.cpp| 4406 || 319 || 319 |[THINCLIENT]Closing bam socket
12-24 15:19:52.358   319   319 E VTLib   : vendor/qcom/proprietary/ims/vt/src/QpDplImsThinClient.cpp| 4419 || 319 || 319 |[THINCLIENT]Releasing engine 0xa58e0ba0
12-24 15:19:52.358   319   319 E VTLib   : vendor/qcom/proprietary/ims/vt/src/QpDplImsThinClient.cpp| 4428 || 319 || 319 |[THINCLIENT]Released Engine value = 0x0
12-24 15:19:52.358   319   319 E VTLib   : QPLP_CRITICAL : vendor/qcom/proprietary/ims/vt/src/QpDplImsThinClient.cpp| 4430 || 319 || 319 |[THINCLIENT]releasing global data 
12-24 15:19:52.358   319   319 E VTLib   : QPLP_CRITICAL : vendor/qcom/proprietary/ims/vt/src/QpDplImsThinClient.cpp| 9138 || 319 || 319 |[ION_VT]qpIonDeviceFreeMem: direction - 1
12-24 15:19:52.358   319   319 E VTLib   : QPLP_CRITICAL : vendor/qcom/proprietary/ims/vt/src/QpDplImsThinClient.cpp| 9138 || 319 || 319 |[ION_VT]qpIonDeviceFreeMem: direction - 0
12-24 15:19:52.358   319   319 E VTLib   : vcel_deinit: rate_adapt_flag = 0
12-24 15:19:52.358   319   319 E Diag_Lib: qpLogDiagDeInit ==>
12-24 15:19:52.358   319   319 E Diag_Lib: qpLogDiagDeInit <==
12-24 15:19:52.368   319   319 I WakeLock: Acquire cpu wakelock
12-24 15:19:52.378  3827  3827 I WakeLock: Acquire high-priority wakelock
12-24 15:19:52.398   319   319 D CALL_TRACKER: Phone state is IDLE Now, Clear ImsNeedsPoll
12-24 15:19:52.398   319   319 D CALL_TRACKER: Phone state is IDLE
12-24 15:19:52.398   319   319 D NS_TELEPHONY_SERVICE: [SUB1] CallStateChanged
12-24 15:19:52.398   319   319 D NS_TELEPHONY_SERVICE: conn[1]:state=CALL_STATE_DISCONNECTED,vq=1,num=+917799221479,cnup=0,name=,cnap=2,mo=false,emerg=false,conf=false,merg=true,switch=true,imscp=false,sid=0,videoCallState=0,radiotech=1
12-24 15:19:52.398   319   319 I PowerManager: Turn on screen
12-24 15:19:52.398   319   319 I QCOM PowerHAL: Got set_interactive hint
12-24 15:19:52.408   319   319 D qdhwcomposer: hwc_setPowerMode: Setting mode 2 on display: 0
12-24 15:19:52.408   319   319 E qdutils : int qdutils::getHDMINode(): Failed to open fb node 1
12-24 15:19:52.408   319   319 E qdutils : int qdutils::getHDMINode(): Failed to open fb node 2
12-24 15:19:52.408   319   319 E qdutils : int qdutils::getHDMINode(): Failed to open fb node 3
12-24 15:19:52.408   319   319 E qdutils : int qdutils::getHDMINode(): Failed to find HDMI node
12-24 15:19:52.418  2733  2733 E sdcard  : missing packages.list; retrying
12-24 15:19:52.748   319   319 D qdhwcomposer: hwc_setPowerMode: Done setting mode 2 on display 0
12-24 15:19:52.758   319   694 I qdhwcomposer: handle_blank_event: dpy:0 panel power state: 1
12-24 15:19:52.758   319   694 E qdutils : int qdutils::getHDMINode(): Failed to open fb node 1
12-24 15:19:52.758   319   694 E qdutils : int qdutils::getHDMINode(): Failed to open fb node 2
12-24 15:19:52.758   319   694 E qdutils : int qdutils::getHDMINode(): Failed to open fb node 3
12-24 15:19:52.758   319   694 E qdutils : int qdutils::getHDMINode(): Failed to find HDMI node
12-24 15:19:52.898   319   319 D NS_ICC_SERVICE: GetCardState 
12-24 15:19:52.898   319   319 D SIGNAL_STRENGTH: nsMobileSignalStrength mLevel=4,mGsmSignalStrength=99,mGsmBitErrorRate=0,mCdmaDbm=-120,mCdmaEcio=-160,mEvdoDbm=-120,mEvdoEcio=-1,mEvdoSnr=-1,mLteSignalStrength=31,mLteRsrp=-76,mLteRsrq=-7,mLteRssnr=184,mLteCqi=2147483647,mTimingAdvance=99,mTdScdmaRscp=2147483647
12-24 15:19:52.898   319   319 E SIGNAL_STRENGTH: nsMobileSignalStrength::GetLevel = 4
12-24 15:19:52.918   319   319 I GeckoConsole: Content JS LOG: [AppUsage] got an event:  screenchange 
12-24 15:19:52.918   319   319 I GeckoConsole:     at debug (app://system.gaiamobile.org/js/app_usage_metrics.js:141:7)
12-24 15:19:52.938   319   319 I WakeLock: Release high-priority wakelock
12-24 15:19:52.938   319   319 I GeckoConsole: Content JS LOG: calls(render): 
12-24 15:19:52.938   319   319 I GeckoConsole:     at CallScreenHelper.prototype._debugCall (app://callscreen.gaiamobile.org/js/call_screen_helper.js:15:73)
12-24 15:19:52.938   319   319 I GeckoConsole: Content JS LOG: callStateMask: 0,  
12-24 15:19:52.938   319   319 I GeckoConsole:     at CallScreenHelper.prototype.render (app://callscreen.gaiamobile.org/js/call_screen_helper.js:14:1)
12-24 15:19:52.948   319   319 I GeckoConsole: Content JS LOG: Option helper, show paramName: finalCallEndParams 
12-24 15:19:52.948   319   319 I GeckoConsole:     at OptionHelper.prototype.show (app://callscreen.gaiamobile.org/shared/js/option_menu_helper.js:4:129)
12-24 15:19:52.948   319   319 I GeckoConsole: Content JS LOG: calls(render): 
12-24 15:19:52.948   319   319 I GeckoConsole:     at CallScreenHelper.prototype._debugCall (app://callscreen.gaiamobile.org/js/call_screen_helper.js:15:73)
12-24 15:19:52.948   319   319 I GeckoConsole: Content JS LOG: callStateMask: 0,  
12-24 15:19:52.948   319   319 I GeckoConsole:     at CallScreenHelper.prototype.render (app://callscreen.gaiamobile.org/js/call_screen_helper.js:14:1)
12-24 15:19:52.948   319   319 I GeckoConsole: Content JS LOG: calls(render): 
12-24 15:19:52.948   319   319 I GeckoConsole:     at CallScreenHelper.prototype._debugCall (app://callscreen.gaiamobile.org/js/call_screen_helper.js:15:73)
12-24 15:19:52.948   319   319 I GeckoConsole: Content JS LOG: callStateMask: 0,  
12-24 15:19:52.948   319   319 I GeckoConsole:     at CallScreenHelper.prototype.render (app://callscreen.gaiamobile.org/js/call_screen_helper.js:14:1)
12-24 15:19:52.988   319   319 I GeckoConsole: Content JS LOG: disconnected 
12-24 15:19:52.988   319   319 I GeckoConsole:     at hc_handle (app://callscreen.gaiamobile.org/js/handled_call.js:5:139)
12-24 15:19:52.988   292  1872 D audio_hw_primary: adev_set_mode: mode 0
12-24 15:19:52.988   292  1872 D voice_extn: voice_extn_stop_call: end all calls
12-24 15:19:52.988   292  1872 D voice_extn: update_calls: enter:
12-24 15:19:52.988   292  1872 D voice_extn: update_calls: cur_state=1 new_state=1 vsid=10c01000
12-24 15:19:52.988   292  1872 D voice_extn: update_calls: cur_state=1 new_state=1 vsid=10dc1000
12-24 15:19:52.988   292  1872 D voice_extn: update_calls: cur_state=1 new_state=1 vsid=10c02000
12-24 15:19:52.988   292  1872 D voice_extn: update_calls: cur_state=1 new_state=1 vsid=10803000
12-24 15:19:52.988   292  1872 D voice_extn: update_calls: cur_state=1 new_state=1 vsid=10002000
12-24 15:19:52.988   292  1872 D voice_extn: update_calls: cur_state=1 new_state=1 vsid=11c05000
12-24 15:19:52.988   292  1872 D voice_extn: update_calls: cur_state=1 new_state=1 vsid=11dc5000
12-24 15:19:52.988  3696  3696 I Jio Service: Content JS LOG: call_state:disconnected 
12-24 15:19:52.988  3696  3696 I Jio Service:     at telIncoming.onincoming/incomingCall.onstatechange (app://jioservice.jio.com/script/eventhandler.js:304:4)
12-24 15:19:52.988   292  2385 D audio_hw_primary: out_set_parameters: enter: usecase(0: deep-buffer-playback) kvpairs: routing=1
12-24 15:19:52.988   292  2385 D audio_hw_fm: audio_extn_fm_set_parameters: enter
12-24 15:19:52.988   292  2385 D audio_hw_fm: audio_extn_fm_set_parameters: exit
12-24 15:19:52.988  3696  3696 I Jio Service: Content JS LOG: call_state:disconnected 
12-24 15:19:52.988  3696  3696 I Jio Service:     at telIncoming.onincoming/incomingCall.onstatechange (app://jioservice.jio.com/script/eventhandler.js:304:4)
12-24 15:19:52.988   319   319 D CONNECTION: ~Connection
12-24 15:19:52.988   319   319 D NS_VIDEO_CALL_PROVIDER: ~nsVideoCallProvider
12-24 15:19:52.998   319   319 D NW_DATA_COLLECTOR: HandleSolicitedResponse RIL_REQUEST_OEM_HOOK_RAW
12-24 15:19:52.998   319   319 D NW_DATA_COLLECTOR: received data length 432
12-24 15:19:52.998   319   319 I WakeLock: Release cpu wakelock
12-24 15:19:53.018   292  2385 D audio_hw_primary: start_output_stream: enter: stream(0xb7c12658)usecase(0: deep-buffer-playback) devices(0x1)
12-24 15:19:53.018   292  2385 E audio_hw_primary: select_devices :: Forcing out device to (:2 speaker)
12-24 15:19:53.018   292  2385 D audio_hw_primary: select_devices: out_snd_device(2: speaker) in_snd_device(0: )
12-24 15:19:53.018   292  2385 D hardware_info: hw_info_append_hw_type : device_name = speaker
12-24 15:19:53.018   292  2385 D audio_hw_primary: enable_snd_device: snd_device(2: speaker)
12-24 15:19:53.028   292  2385 W audio_hw_utils: audio_extn_utils_update_stream_app_type_cfg: App type could not be selected. Falling back to default
12-24 15:19:53.028   292  2385 I audio_hw_primary: select_devices Selected apptype: 69936
12-24 15:19:53.028   292  2385 E DAP_HAL : dap_command: Invalid device_id = 0x1 command 4
12-24 15:19:53.028   292  2385 E audio_hw_dolby: audio_extn_dolby_ds2_set_endpoint: Dolby set endpint :0x1
12-24 15:19:53.028   292  2385 D ACDB-LOADER: ACDB -> send_audio_cal, acdb_id = 14, path =  0
12-24 15:19:53.028   292  2385 D ACDB-LOADER: ACDB -> send_asm_topology
12-24 15:19:53.028   292  2385 D ACDB-LOADER: ACDB -> ACDB_CMD_GET_AUDPROC_STREAM_TOPOLOGY_ID
12-24 15:19:53.028   292  2385 D ACDB-LOADER: ACDB -> send_adm_topology
12-24 15:19:53.028   292  2385 D ACDB-LOADER: ACDB -> ACDB_CMD_GET_AUDPROC_COMMON_TOPOLOGY_ID
12-24 15:19:53.028   292  2385 D ACDB-LOADER: ACDB -> send_audtable
12-24 15:19:53.028   292  2385 D ACDB-LOADER: ACDB -> ACDB_CMD_GET_AUDPROC_COMMON_TABLE_SIZE
12-24 15:19:53.028   292  2385 D ACDB-LOADER: ACDB -> ACDB_CMD_GET_AUDPROC_COMMON_TABLE
12-24 15:19:53.028   292  2385 D ACDB-LOADER: ACDB -> AUDIO_SET_AUDPROC_CAL
12-24 15:19:53.028   292  2385 D ACDB-LOADER: ACDB -> send_audvoltable
12-24 15:19:53.028   292  2385 D ACDB-LOADER: ACDB -> ACDB_CMD_GET_AUDPROC_GAIN_DEP_STEP_TABLE
12-24 15:19:53.028   292  2385 D ACDB-LOADER: ACDB -> AUDIO_SET_AUDPROC_VOL_CAL
12-24 15:19:53.028   292  2385 D ACDB-LOADER: ACDB -> send_afe_cal
12-24 15:19:53.028   292  2385 D ACDB-LOADER: ACDB -> ACDB_CMD_GET_AFE_COMMON_TABLE
12-24 15:19:53.028   292  2385 D ACDB-LOADER: ACDB -> AUDIO_SET_AFE_CAL
12-24 15:19:53.028   292  2385 D ACDB-LOADER: ACDB -> send_hw_delay : acdb_id = 14 path = 0
12-24 15:19:53.028   292  2385 D ACDB-LOADER: ACDB -> ACDB_AVSYNC_INFO: ACDB_CMD_GET_DEVICE_PROPERTY
12-24 15:19:53.028   292  2385 I audio_hw_utils: audio_extn_utils_send_app_type_cfg app_type 69936, acdb_dev_id 14, sample_rate 48000
12-24 15:19:53.028   292  2385 D audio_hw_primary: enable_audio_route: apply mixer and update path: deep-buffer-playback speaker
12-24 15:19:53.028   292  2385 D audio_hw_primary: select_devices: done
12-24 15:19:52.1076   292  2385 I KERNEL  : [  670.866837] tfa98xx_get_profile_sr - profile fs: 0xffffffff = 0Hz (0 - 0)
12-24 15:19:52.1076   292  2385 I KERNEL  : [  670.866889] tfa98xx_get_profile_sr - default fs: 0x8 = 48000Hz (0 - 0)
12-24 15:19:52.1076   292  2385 I KERNEL  : [  670.866902] tfa98xx_get_profile_sr - profile fs: 0xffffffff = 0Hz (0 - 1)
12-24 15:19:52.1076   292  2385 I KERNEL  : [  670.866913] tfa98xx_get_profile_sr - default fs: 0x8 = 48000Hz (0 - 1)
12-24 15:19:52.1077   292  2385 I KERNEL  : [  670.867279] tfa98xx_hw_params(): Requested rate: 48000, sample size: 16, physical size: 16
12-24 15:19:52.1077   292  2385 I KERNEL  : [  670.867312] tfa98xx_hw_params(): mixer profile:container profile = [0:0]
12-24 15:19:53.028   319  2515 D NW_DATA_COLLECTOR:  NetworkDataCollector:WaitForResponse loop finished
12-24 15:19:53.028   319  2515 D NW_DATA_COLLECTOR: SendNetworkDataToServer aRespLength = 432
12-24 15:19:53.028   319  2515 D NW_DATA_COLLECTOR: sendNWDataToServer masks: eventFilterMask = 268435455, dataFilterMask = 268433383, counterFilterMask = 268435455
12-24 15:19:53.028   319  2515 D NW_DATA_COLLECTOR: Complete jsonPayload for event 4 is: [{ "seq_number": 8, "timestamp": 1577180993, "payload": { 
12-24 15:19:53.028   319  2515 D NW_DATA_COLLECTOR: "Name":"NE4",
12-24 15:19:53.028   319  2515 D NW_DATA_COLLECTOR: "LI3": 117891856,
12-24 15:19:53.028   319  2515 D NW_DATA_COLLECTOR: "LI4": 394,
12-24 15:19:53.028   319  2515 D NW_DATA_COLLECTOR: "RI1": 63,
12-24 15:19:53.028   319  2515 D NW_DATA_COLLECTOR: "RI2": 13,
12-24 15:19:53.028   319  2515 D NW_DATA_COLLECTOR: "RI3": 20,
12-24 15:19:53.028   319  2515 D NW_DATA_COLLECTOR: "RI6": 40,
12-24 15:19:53.028   319  2515 D NW_DATA_COLLECTOR: "RI7": 38750,
12-24 15:19:53.028   319  2515 D NW_DATA_COLLECTOR: "RI8":true,
12-24 15:19:53.028   319  2515 D NW_DATA_COLLECTOR: "RI13": 20,
12-24 15:19:53.028   319  2515 D NW_DATA_COLLECTOR: "RI14": -47,
12-24 15:19:53.028   319  2515 D NW_DATA_COLLECTOR: "NI1":true,
12-24 15:19:53.028   319  2515 D NW_DATA_COLLECTOR: "OI1": [ 0, 0, 0 ],
12-24 15:19:53.028   319  2515 D NW_DATA_COLLECTOR: "VI1": "REGISTERED",
12-24 15:19:53.028   319  2515 D NW_DATA_COLLECTOR: "VI2": 16,
12-24 15:19:53.028   319  2515 D NW_DATA_COLLECTOR: "NC1": 1,
12-24 15:19:53.028   319  2515 D NW_DATA_COLLECTOR: "NC2": 2,
12-24 15:19:53.028   319  2515 D NW_DATA_COLLECTOR: "NC3": 1,
12-24 15:19:53.028   319  2515 D NW_DATA_COLLECTOR: "NC4": 0,
12-24 15:19:53.028   319  2515 D NW_DATA_COLLECTOR: "NC5": 0,
12-24 15:19:53.028   319  2515 D NW_DATA_COLLECTOR: "NC6": 0,
12-24 15:19:53.028   319  2515 D NW_DATA_COLLECTOR: "NC7": 0,
12-24 15:19:53.028   319  2515 D NW_DATA_COLLECTOR: "NC8": 0,
12-24 15:19:53.028   319  2515 D NW_DATA_COLLECTOR: "NC9": 0}}]
12-24 15:19:53.028   319  2515 D NW_DATA_COLLECTOR:  payload length = 353
12-24 15:19:53.028   319  2515 D NW_DATA_COLLECTOR:  frame byte 0 = 1
12-24 15:19:53.028   319  2515 D NW_DATA_COLLECTOR:  frame byte 1 = 0
12-24 15:19:53.028   319  2515 D NW_DATA_COLLECTOR:  frame byte 2 = 0
12-24 15:19:53.028   319  2515 D NW_DATA_COLLECTOR:  frame byte 3 = 1
12-24 15:19:53.028   319  2515 D NW_DATA_COLLECTOR:  frame byte 4 = 97
12-24 15:19:53.028   319  2522 D NW_DATA_COLLECTOR: Received server data of total 36 bytes from metrics-deamon with number of json frames is 1
12-24 15:19:53.028   319  2522 D NW_DATA_COLLECTOR: Has new filter come in frame {"success":true,"seq_number":8} from metrics daemon? No
12-24 15:19:52.1082   319   319 I KERNEL  : [  670.872624] afe_callback: cmd = 0x100ef returned error = 0x2
12-24 15:19:52.1090   292  2385 I KERNEL  : [  670.881113] tfa98xx 2-0034: state: 0
12-24 15:19:52.1097   319   319 I KERNEL  : [  670.887251] adm_callback: cmd = 0x10328 returned error = 0x3
12-24 15:19:53.048   292  2385 D audio_hw_primary: start_output_stream: exit
12-24 15:19:52.1102  4216  4216 I KERNEL  : [  670.893122] tfa98xx 2-0034: tfa_start success (0)
12-24 15:19:53.138   319   319 D SERVICE_STATE_TRACKER: Signal Strength changed; sending info to content process
12-24 15:19:53.148   319   319 D NS_ICC_SERVICE: GetCardState 
12-24 15:19:53.148   319   319 D SIGNAL_STRENGTH: nsMobileSignalStrength mLevel=4,mGsmSignalStrength=99,mGsmBitErrorRate=0,mCdmaDbm=-120,mCdmaEcio=-160,mEvdoDbm=-120,mEvdoEcio=-1,mEvdoSnr=-1,mLteSignalStrength=31,mLteRsrp=-77,mLteRsrq=-7,mLteRssnr=206,mLteCqi=2147483647,mTimingAdvance=99,mTdScdmaRscp=2147483647
12-24 15:19:53.148   319   319 E SIGNAL_STRENGTH: nsMobileSignalStrength::GetLevel = 4
12-24 15:19:53.148   319   319 D NS_ICC_SERVICE: GetCardState 
12-24 15:19:53.148   319   319 D NS_ICC_SERVICE: GetCardState 
12-24 15:19:53.148   319   319 D SIGNAL_STRENGTH: nsMobileSignalStrength mLevel=4,mGsmSignalStrength=99,mGsmBitErrorRate=0,mCdmaDbm=-120,mCdmaEcio=-160,mEvdoDbm=-120,mEvdoEcio=-1,mEvdoSnr=-1,mLteSignalStrength=31,mLteRsrp=-77,mLteRsrq=-7,mLteRssnr=206,mLteCqi=2147483647,mTimingAdvance=99,mTdScdmaRscp=2147483647
12-24 15:19:53.148   319   319 E SIGNAL_STRENGTH: nsMobileSignalStrength::GetLevel = 4
12-24 15:19:53.148   319   319 D SIGNAL_STRENGTH: nsMobileSignalStrength mLevel=4,mGsmSignalStrength=99,mGsmBitErrorRate=0,mCdmaDbm=-120,mCdmaEcio=-160,mEvdoDbm=-120,mEvdoEcio=-1,mEvdoSnr=-1,mLteSignalStrength=31,mLteRsrp=-77,mLteRsrq=-7,mLteRssnr=206,mLteCqi=2147483647,mTimingAdvance=99,mTdScdmaRscp=2147483647
12-24 15:19:53.148   319   319 E SIGNAL_STRENGTH: nsMobileSignalStrength::GetLevel = 4
12-24 15:19:53.148   319   319 D SIGNAL_STRENGTH: nsMobileSignalStrength mLevel=4,mGsmSignalStrength=99,mGsmBitErrorRate=0,mCdmaDbm=-120,mCdmaEcio=-160,mEvdoDbm=-120,mEvdoEcio=-1,mEvdoSnr=-1,mLteSignalStrength=31,mLteRsrp=-77,mLteRsrq=-7,mLteRssnr=206,mLteCqi=2147483647,mTimingAdvance=99,mTdScdmaRscp=2147483647
12-24 15:19:53.148   319   319 E SIGNAL_STRENGTH: nsMobileSignalStrength::GetLevel = 4
12-24 15:19:53.148   319   319 D SIGNAL_STRENGTH: nsMobileSignalStrength mLevel=4,mGsmSignalStrength=99,mGsmBitErrorRate=0,mCdmaDbm=-120,mCdmaEcio=-160,mEvdoDbm=-120,mEvdoEcio=-1,mEvdoSnr=-1,mLteSignalStrength=31,mLteRsrp=-77,mLteRsrq=-7,mLteRssnr=206,mLteCqi=2147483647,mTimingAdvance=99,mTdScdmaRscp=2147483647
12-24 15:19:53.148  3696  3696 I Jio Service: Content JS LOG: Data received from daemon 
12-24 15:19:53.148  3696  3696 I Jio Service:     at Call_listen/server_socket.onconnect/onConnectObj.socket.ondata (app://jioservice.jio.com/script/eventhandler.js:101:5)
12-24 15:19:53.158  3696  3696 I Jio Service: Content JS LOG: {"Name":"NE4","DT":"2019-12-24T09:49:53Z","LI3":117891856,"LI4":394,"RI1":63,"RI2":13,"RI3":20,"RI6":40,"RI7":38750,"RI8":true,"RI13":20,"RI14":-47,"NI1":true,"OI1":[0.0,0.0,0.0],"VI1":"REGISTERED","VI2":16,"NC1":1,"NC2":2,"NC3":1,"NC4":0,"NC5":0,"NC6":0,"NC7":0,"NC8":0,"NC9":0}
12-24 15:19:53.158  3696  3696 I Jio Service:   
12-24 15:19:53.158  3696  3696 I Jio Service:     at Call_listen/server_socket.onconnect/onConnectObj.socket.ondata (app://jioservice.jio.com/script/eventhandler.js:102:5)
12-24 15:19:53.158   292  2385 D AudioFlinger: mixer(0xb3e13008) throttle end: throttle time(105)
12-24 15:19:53.158   319   319 I FocusManager: << focus() called >>
12-24 15:19:53.158   319   319 I FocusManager:    trying to set focus on, tag: HTML:IFRAME, id: systemapp, class: 
12-24 15:19:53.158   319   319 I FocusManager: Warning: element is already focused.
12-24 15:19:53.228   319   319 D SERVICE_STATE_TRACKER: RIL_REQUEST_VOICE_REGISTRATION_STATE state = 1,mRadioTechnology = 14
12-24 15:19:53.228   319   319 D SERVICE_STATE_TRACKER: RIL_REQUEST_DATA_REGISTRATION_STATE state = 1, mDataRadioTechnology = 14, mTAC =-1
12-24 15:19:53.238   319   319 D NS_ICC_SERVICE: GetIccInfo 
12-24 15:19:53.238   319   319 D NS_ICC_SERVICE: GetIccInfo 
12-24 15:19:53.238   319   319 D NS_ICC_SERVICE: GetIccInfo 
12-24 15:19:53.238   319   319 W SERVICE_STATE_TRACKER: Stale request RIL_REQUEST_OPERATOR, ignoring
12-24 15:19:53.328   319   319 D SERVICE_STATE_TRACKER: RIL_REQUEST_VOICE_REGISTRATION_STATE state = 1,mRadioTechnology = 14
12-24 15:19:53.328   319   319 D SERVICE_STATE_TRACKER: RIL_REQUEST_DATA_REGISTRATION_STATE state = 1, mDataRadioTechnology = 14, mTAC =-1
12-24 15:19:53.358   319   319 I FocusManager: << blur() called or ClearFocus called >>
12-24 15:19:53.358   319   319 I FocusManager: <- blur on, NULL, tag: , id: , class: 
12-24 15:19:53.358   319   319 I FocusManager: -> focus is now on, NULL, tag: , id: , class: 
12-24 15:19:53.588   319   319 I FocusManager: << focus() called >>
12-24 15:19:53.588   319   319 I FocusManager:    trying to set focus on, tag: IFRAME, id: browser0, class: browser
12-24 15:19:53.588   319   319 I FocusManager:    current focused element, NULL, tag: , id: , class: 
12-24 15:19:53.588   319   319 I FocusManager: <- blur on, NULL, tag: , id: , class: 
12-24 15:19:53.588   319   319 I FocusManager: -> focus is now on, tag: IFRAME, id: browser0, class: browser
12-24 15:19:53.598  3529  3529 I FocusManager: * WindowRaised *
12-24 15:19:53.598  3529  3529 I FocusManager: -> focus is now on, tag: DIV, id: main-view, class: 
12-24 15:19:53.658   319   319 I Gecko   : [SUB0] QCONTENT_HELPER Received observer notification: mozsettings-changed
12-24 15:19:53.708   312   392 D ThermalEngine: sensor_wait: case_therm Wait done.
12-24 15:19:53.708   312   392 D ThermalEngine: sensor_monitor: case_therm Reading 38000 .
12-24 15:19:53.708   312   392 I ThermalEngine: Sensor:case_therm:38000 mC
12-24 15:19:53.708   312   392 D ThermalEngine: update_active_thresh: case_therm Active(1), Hi(1) 40000, Lo(0) -2147483648, Interval(1) 5000
12-24 15:19:53.708   312   392 D ThermalEngine: sensor_monitor: case_therm Sensor wait.
12-24 15:19:53.708   312   392 D ThermalEngine: sensor_wait: case_therm Wait start. 5000ms
12-24 15:19:53.748  3827  3827 I Communications: Content JS LOG: NavigationMap reset. selector: log-item, len: 2, selectedItem: undefined 
12-24 15:19:53.748  3827  3827 I Communications:     at _reset (app://communications.gaiamobile.org/dialer/js/navigation_map.js:155:13)
12-24 15:19:53.758  3827  3827 I FocusManager: << focus() called >>
12-24 15:19:53.758  3827  3827 I FocusManager:    trying to set focus on, tag: LI, id: 1577125800000-+917799221479-incoming_lte-connected, class: log-item received-call min focus
12-24 15:19:53.788   319   319 I GECKO_GEO: HandleMozsettingChanged: mozsetting changed: geolocation.enabled == TRUE
12-24 15:19:53.788   319   319 E LocSvc_eng: I/===> int loc_eng_init(loc_eng_data_s_type&, LocCallbacks*, LOC_API_ADAPTER_EVENT_MASK_T, loc_core::ContextBase*) line 1708 
12-24 15:19:53.798   319   319 E LocSvc_eng: E/int loc_eng_init(loc_eng_data_s_type&, LocCallbacks*, LOC_API_ADAPTER_EVENT_MASK_T, loc_core::ContextBase*): log_eng state error: instance already initialized
12-24 15:19:53.798   319  2758 E LocSvc_api_v02: I/---> locClientSendReq line 2035 QMI_LOC_SET_ENGINE_LOCK_REQ_V02
12-24 15:19:53.798   319   319 D PerMgrLib: GPS voting for modem
12-24 15:19:53.798   269   287 D PerMgrSrv: GPS voting for modem
12-24 15:19:53.798   269   287 D PerMgrSrv: modem num voters is 3
12-24 15:19:53.798   319   319 D QLOC-OSAgent: STATE_DATA_ITEM_ID, NLPSTATUS_DATA_ITEM_ID: 1
12-24 15:19:53.798   319   319 E IzatSvc_OSObserver: I/LocTech-Label :: OSOBSERVER :: Data Items In
12-24 15:19:53.798   319   319 E IzatSvc_OSObserver: I/LocTech-Value :: Data Item Value: IS_GPS_PROVIDER_ENABLED: true
12-24 15:19:53.798   319  2780 E LocSvc_ApiV02: I/<--- void globalRespCb(locClientHandleType, uint32_t, locClientRespIndUnionType, uint32_t, void*) line 117 QMI_LOC_SET_ENGINE_LOCK_REQ_V02
12-24 15:19:53.798   319   319 E IzatSvc_OSObserver: I/LocTech-Value :: Data Item Value: IS_NETWORK_PROVIDER_ENABLED: true
12-24 15:19:53.798   319  2794 E LocSvc_libulp: I/int ulp_msg_process_phone_setting_update(const UlpPhoneContextSettings*), context type: 0x3
12-24 15:19:53.798   319  2794 E LocSvc_libulp:   gps enabled: 1
12-24 15:19:53.798   319  2794 E LocSvc_libulp:  network position available 1
12-24 15:19:53.798   319  2794 E LocSvc_libulp:  wifi setting enabled 0
12-24 15:19:53.798   319  2794 E LocSvc_libulp:  battery charging 0, agps enabled 0, enh_location_services_enabled 0is_pip_user_setting_enabled 0
12-24 15:19:53.798   319  2794 E LocSvc_libulp: I/int ulp_msg_process_system_update(UlpSystemEvent): systemEvent:4 
12-24 15:19:53.798   319  2794 E LocSvc_libulp: I/int ulp_msg_process_start_req(), at ulp state = 1
12-24 15:19:53.798   319  2794 E LocSvc_libulp: I/int ulp_msg_process_phone_setting_update(const UlpPhoneContextSettings*), context type: 0x3
12-24 15:19:53.798   319  2794 E LocSvc_libulp:   gps enabled: 1
12-24 15:19:53.798   319  2794 E LocSvc_libulp:  network position available 1
12-24 15:19:53.798   319  2794 E LocSvc_libulp:  wifi setting enabled 0
12-24 15:19:53.798   319  2794 E LocSvc_libulp:  battery charging 0, agps enabled 0, enh_location_services_enabled 0is_pip_user_setting_enabled 0
12-24 15:19:53.798   319  2794 E LocSvc_libulp: I/int ulp_msg_process_system_update(UlpSystemEvent): systemEvent:4 
12-24 15:19:53.808   319   319 E GeckoConsole: [JavaScript Error: "NS_ERROR_NOT_IMPLEMENTED: Component returned failure code: 0x80004001 (NS_ERROR_NOT_IMPLEMENTED) [nsIQMozSettingsCallback.notifyMozSettingChangeBool]" {file: "file:///system/b2g/distribution/bundles/location/QMozSettingsShim.js" line: 6}]
12-24 15:19:53.808   319   319 I Gecko   : [SUB0] QCONTENT_HELPER Received observer notification: mozsettings-changed
12-24 15:19:53.828  3827  3827 I FocusManager:    current focused element, NULL, tag: , id: , class: 
12-24 15:19:53.878  3827  3827 I Communications: Content JS LOG: NavigationMap reset. selector: log-item, len: 2, selectedItem: undefined 
12-24 15:19:53.878  3827  3827 I Communications:     at _reset (app://communications.gaiamobile.org/dialer/js/navigation_map.js:155:13)
12-24 15:19:53.878  3827  3827 I FocusManager: << focus() called >>
12-24 15:19:53.878  3827  3827 I FocusManager:    trying to set focus on, tag: LI, id: 1577125800000-+917799221479-incoming_lte-connected, class: log-item received-call min focus
12-24 15:19:53.908  3827  3827 I FocusManager:    current focused element, NULL, tag: , id: , class: 
12-24 15:19:53.938   319   319 I Gecko   : [SUB0] QCONTENT_HELPER Received observer notification: mozsettings-changed
12-24 15:19:53.958   319   319 I GeckoConsole: Content JS LOG: Softkeys engine: close group menu 
12-24 15:19:53.958   319   319 I GeckoConsole:     at closeMenu (app://callscreen.gaiamobile.org/shared/js/softkey_panel.js:31:22)
12-24 15:19:53.978  3827  3827 I Communications: Content JS LOG: NavigationMap reset. selector: log-item, len: 2, selectedItem: 0 
12-24 15:19:53.978  3827  3827 I Communications:     at _reset (app://communications.gaiamobile.org/dialer/js/navigation_map.js:155:13)
12-24 15:19:53.978  3827  3827 I FocusManager: << focus() called >>
12-24 15:19:53.978  3827  3827 I FocusManager:    trying to set focus on, tag: LI, id: 1577125800000-7799221479-dialing_lte, class: log-item dialed-call min focus
12-24 15:19:54.008  3827  3827 I FocusManager:    current focused element, NULL, tag: , id: , class: 
12-24 15:19:54.028  3827  3827 I WakeLock: Release high-priority wakelock
12-24 15:19:53.1094    22    22 I KERNEL  : [  671.884271] tfa98xx_monitor(): SYS_STATUS0: 0xd05e
12-24 15:19:53.1094    22    22 I KERNEL  : [  671.884306] tfa98xx_monitor(): Misc errors detected: STATUS_FLAG0 = 0xd05e
12-24 15:19:54.048   319   319 I GeckoConsole: Content JS LOG: [AppUsage] got an event:  attentionclosed 
12-24 15:19:54.048   319   319 I GeckoConsole:     at debug (app://system.gaiamobile.org/js/app_usage_metrics.js:141:7)
12-24 15:19:54.068  3696  3696 I Jio Service: Content JS LOG: Begin updateCallCounter 
12-24 15:19:54.068  3696  3696 I Jio Service:     at updateCallCounter (app://jioservice.jio.com/script/eventhandler.js:405:5)
12-24 15:19:54.068  3696  3696 I Jio Service: Content JS LOG: Begin updateCallCounter 
12-24 15:19:54.068  3696  3696 I Jio Service:     at updateCallCounter (app://jioservice.jio.com/script/eventhandler.js:405:5)
12-24 15:19:54.088  3696  3696 I Jio Service: Content JS LOG: currentCallCount is: undefined 
12-24 15:19:54.088  3696  3696 I Jio Service:     at updateCallCounter/</< (app://jioservice.jio.com/script/eventhandler.js:408:4)
12-24 15:19:54.088  3696  3696 I Jio Service: Content JS LOG: call the launch add app first time 
12-24 15:19:54.088  3696  3696 I Jio Service:     at updateCallCounter/</< (app://jioservice.jio.com/script/eventhandler.js:412:5)
12-24 15:19:54.098  3696  3696 I Jio Service: Content JS LOG: scren not locked requestForegroundApp 
12-24 15:19:54.098  3696  3696 I Jio Service:     at updateCallCounter/</< (app://jioservice.jio.com/script/eventhandler.js:414:6)
12-24 15:19:54.098  3696  3696 I Jio Service: Content JS LOG: begin requestForegroundApp 
12-24 15:19:54.098  3696  3696 I Jio Service:     at requestForegroundApp (app://jioservice.jio.com/script/eventhandler.js:1225:2)
12-24 15:19:54.108  3696  3696 I Jio Service: Content JS LOG: updated currentCallCount is: 0 
12-24 15:19:54.108  3696  3696 I Jio Service:     at updateCallCounter/</< (app://jioservice.jio.com/script/eventhandler.js:424:5)
12-24 15:19:54.108  3696  3696 I Jio Service: Content JS LOG: currentCallCount is: undefined 
12-24 15:19:54.108  3696  3696 I Jio Service:     at updateCallCounter/</< (app://jioservice.jio.com/script/eventhandler.js:408:4)
12-24 15:19:54.118  3696  3696 I Jio Service: Content JS LOG: call the launch add app first time 
12-24 15:19:54.118  3696  3696 I Jio Service:     at updateCallCounter/</< (app://jioservice.jio.com/script/eventhandler.js:412:5)
12-24 15:19:54.118  3696  3696 I Jio Service: Content JS LOG: scren not locked requestForegroundApp 
12-24 15:19:54.118  3696  3696 I Jio Service:     at updateCallCounter/</< (app://jioservice.jio.com/script/eventhandler.js:414:6)
12-24 15:19:54.118  3696  3696 I Jio Service: Content JS LOG: begin requestForegroundApp 
12-24 15:19:54.118  3696  3696 I Jio Service:     at requestForegroundApp (app://jioservice.jio.com/script/eventhandler.js:1225:2)
12-24 15:19:54.128  3696  3696 I Jio Service: Content JS LOG: updated currentCallCount is: 0 
12-24 15:19:54.128  3696  3696 I Jio Service:     at updateCallCounter/</< (app://jioservice.jio.com/script/eventhandler.js:424:5)
