--------- beginning of system
01-01 05:35:56.329   214   214 I vold    : Vold 3.0 (the awakening) firing up
01-01 05:35:56.329   214   214 V vold    : Detected support for: ext4 vfat
01-01 05:35:58.399   306   306 I irsc_util: Starting irsc tool
01-01 05:35:58.589   306   306 I irsc_util: Num of entries:284
01-01 05:35:58.649   306   306 I irsc_util: Ending irsc tool
01-01 05:36:11.119   214   218 V vold    : Waiting for FUSE to spin up...
01-01 05:36:11.169   214   218 V vold    : Waiting for FUSE to spin up...
01-01 05:36:11.229   214   218 D vold    : Linking /storage/emulated/0 to /mnt/user/0/primary
01-01 05:36:13.049   319   319 I Gecko   : ============ KaiOS device information ============
01-01 05:36:13.049   319   319 I Gecko   : Build UID         = 
01-01 05:36:13.049   319   319 I Gecko   : Build Description = msm8909_512-userdebug 6.0.1 MMB29M eng.caerus.20191209.114909 dev-keys
01-01 05:36:13.049   319   319 I Gecko   : Bootloader        = unknown
01-01 05:36:13.049   319   319 I Gecko   : OS Version        = KaiOS 2.5 {kaios_jio_quoin_2_5_20181106_R3_ER11}
01-01 05:36:13.049   319   319 I Gecko   : ==================================================
12-24 15:09:56.148  2501  3438 E NetlinkEvent: Unknown ifindex 22 in RTM_DELADDR
12-24 15:09:56.148  2501  3438 E NetlinkEvent: Unknown ifindex 22 in RTM_DELADDR
12-24 15:10:36.308  2501  3438 E NetlinkEvent: Unknown ifindex 23 in RTM_DELADDR
--------- beginning of main
12-24 15:17:07.828   319   694 E qdutils : int qdutils::getHDMINode(): Failed to open fb node 2
12-24 15:17:07.828   319   694 E qdutils : int qdutils::getHDMINode(): Failed to open fb node 3
12-24 15:17:07.828   319   694 E qdutils : int qdutils::getHDMINode(): Failed to find HDMI node
12-24 15:17:07.828   319   319 D qdhwcomposer: hwc_setPowerMode: Done setting mode 2 on display 0
12-24 15:17:07.858   319   319 I FocusManager: << focus() called >>
12-24 15:17:07.858   319   319 I FocusManager:    trying to set focus on, tag: IFRAME, id: browser0, class: browser
12-24 15:17:07.877   319   319 I KERNEL  : [  505.327565] msm_otg 78d9000.usb: USB in low power mode
12-24 15:17:07.978   319   319 I FocusManager:    current focused element, tag: DIV, id: , class: menu-item p-pri
12-24 15:17:07.978   319   319 I FocusManager: <- blur on, tag: DIV, id: , class: menu-item p-pri
12-24 15:17:07.978   319   319 I FocusManager: -> focus is now on, tag: IFRAME, id: browser0, class: browser
12-24 15:17:07.978  3529  3529 I FocusManager: * WindowRaised *
12-24 15:17:07.978  3529  3529 I FocusManager: -> focus is now on, tag: DIV, id: main-view, class: 
12-24 15:17:08.008   319   319 D NS_ICC_SERVICE: GetCardState 
12-24 15:17:08.008   319   319 D SIGNAL_STRENGTH: nsMobileSignalStrength mLevel=4,mGsmSignalStrength=99,mGsmBitErrorRate=0,mCdmaDbm=-120,mCdmaEcio=-160,mEvdoDbm=-120,mEvdoEcio=-1,mEvdoSnr=-1,mLteSignalStrength=31,mLteRsrp=-71,mLteRsrq=-6,mLteRssnr=246,mLteCqi=2147483647,mTimingAdvance=99,mTdScdmaRscp=2147483647
12-24 15:17:08.008   319   319 E SIGNAL_STRENGTH: nsMobileSignalStrength::GetLevel = 4
12-24 15:17:08.038   319   319 I GeckoConsole: Content JS LOG: [AppUsage] got an event:  screenchange 
12-24 15:17:08.038   319   319 I GeckoConsole:     at debug (app://system.gaiamobile.org/js/app_usage_metrics.js:141:7)
12-24 15:17:08.058   319   700 I AutoMounter: UpdateState: ums:A0C0E0 mtp:A1C0E0 mode:0 usb:0 tryToShare:0 state:IDLE
12-24 15:17:08.058   319   700 I AutoMounter: UpdateState: Volume sdcard is Mounted and inserted @ /data/usbmsc_mnt gen 1 locked 0 sharing x
12-24 15:17:08.068   319   319 I GeckoConsole: QLOC: MozSettingShim: Got topic change:gonkhal-battery-notifier
12-24 15:17:08.068   319   319 D QLOC-OSAgent: POWERSTATE: 0
12-24 15:17:08.068   319   319 E IzatSvc_OSObserver: I/LocTech-Label :: OSOBSERVER :: Data Items In
12-24 15:17:08.068   319   319 E IzatSvc_OSObserver: I/LocTech-Value :: Data Item Value: IS_POWER_CONNECTED: false
12-24 15:17:08.068   319  2758 E LocSvc_api_v02: I/---> locClientSendReq line 2035 QMI_LOC_SET_EXTERNAL_POWER_CONFIG_REQ_V02
12-24 15:17:08.068   319  2794 E LocSvc_libulp: I/int ulp_msg_process_system_update(UlpSystemEvent): systemEvent:3 
12-24 15:17:08.068   319  2794 E LocSvc_libulp: I/int ulp_msg_process_start_req(), at ulp state = 1
12-24 15:17:08.068   319  2780 E LocSvc_ApiV02: I/<--- void globalRespCb(locClientHandleType, uint32_t, locClientRespIndUnionType, uint32_t, void*) line 117 QMI_LOC_SET_EXTERNAL_POWER_CONFIG_REQ_V02
12-24 15:17:08.088   319   319 I GeckoConsole: QLOC: MozSettingShim: Got topic change:gonkhal-battery-notifier
12-24 15:17:08.148   319   319 I DongleAutoMounter: Dongle USB Status : usb: 0, rndis: 0, retry: false
12-24 15:17:08.148   319   319 I DongleAutoMounter: Dongle disable debouncing start
12-24 15:17:08.148   319   319 I DongleAutoMounter: Dongle unpluged ?
12-24 15:17:08.158   319   319 D SERVICE_STATE_TRACKER: Signal Strength changed; sending info to content process
12-24 15:17:08.158   319   319 D NS_ICC_SERVICE: GetCardState 
12-24 15:17:08.158   319   319 D SIGNAL_STRENGTH: nsMobileSignalStrength mLevel=4,mGsmSignalStrength=99,mGsmBitErrorRate=0,mCdmaDbm=-120,mCdmaEcio=-160,mEvdoDbm=-120,mEvdoEcio=-1,mEvdoSnr=-1,mLteSignalStrength=31,mLteRsrp=-78,mLteRsrq=-12,mLteRssnr=206,mLteCqi=2147483647,mTimingAdvance=99,mTdScdmaRscp=2147483647
12-24 15:17:08.158   319   319 E SIGNAL_STRENGTH: nsMobileSignalStrength::GetLevel = 4
12-24 15:17:08.158   319   319 D NS_ICC_SERVICE: GetCardState 
12-24 15:17:08.158   319   319 D NS_ICC_SERVICE: GetCardState 
12-24 15:17:08.158   319   319 D SIGNAL_STRENGTH: nsMobileSignalStrength mLevel=4,mGsmSignalStrength=99,mGsmBitErrorRate=0,mCdmaDbm=-120,mCdmaEcio=-160,mEvdoDbm=-120,mEvdoEcio=-1,mEvdoSnr=-1,mLteSignalStrength=31,mLteRsrp=-78,mLteRsrq=-12,mLteRssnr=206,mLteCqi=2147483647,mTimingAdvance=99,mTdScdmaRscp=2147483647
12-24 15:17:08.158   319   319 E SIGNAL_STRENGTH: nsMobileSignalStrength::GetLevel = 4
12-24 15:17:08.168   319   319 D SIGNAL_STRENGTH: nsMobileSignalStrength mLevel=4,mGsmSignalStrength=99,mGsmBitErrorRate=0,mCdmaDbm=-120,mCdmaEcio=-160,mEvdoDbm=-120,mEvdoEcio=-1,mEvdoSnr=-1,mLteSignalStrength=31,mLteRsrp=-78,mLteRsrq=-12,mLteRssnr=206,mLteCqi=2147483647,mTimingAdvance=99,mTdScdmaRscp=2147483647
12-24 15:17:08.168   319   319 E SIGNAL_STRENGTH: nsMobileSignalStrength::GetLevel = 4
12-24 15:17:08.168   319   319 D SIGNAL_STRENGTH: nsMobileSignalStrength mLevel=4,mGsmSignalStrength=99,mGsmBitErrorRate=0,mCdmaDbm=-120,mCdmaEcio=-160,mEvdoDbm=-120,mEvdoEcio=-1,mEvdoSnr=-1,mLteSignalStrength=31,mLteRsrp=-78,mLteRsrq=-12,mLteRssnr=206,mLteCqi=2147483647,mTimingAdvance=99,mTdScdmaRscp=2147483647
12-24 15:17:08.168   319   319 E SIGNAL_STRENGTH: nsMobileSignalStrength::GetLevel = 4
12-24 15:17:08.168   319   319 D SIGNAL_STRENGTH: nsMobileSignalStrength mLevel=4,mGsmSignalStrength=99,mGsmBitErrorRate=0,mCdmaDbm=-120,mCdmaEcio=-160,mEvdoDbm=-120,mEvdoEcio=-1,mEvdoSnr=-1,mLteSignalStrength=31,mLteRsrp=-78,mLteRsrq=-12,mLteRssnr=206,mLteCqi=2147483647,mTimingAdvance=99,mTdScdmaRscp=2147483647
12-24 15:17:08.188   319   319 I FocusManager: << focus() called >>
12-24 15:17:08.188   319   319 I FocusManager:    trying to set focus on, tag: HTML:IFRAME, id: systemapp, class: 
12-24 15:17:08.188   319   319 I FocusManager: Warning: element is already focused.
12-24 15:17:08.188   319   319 I Gecko   : XXX FIXME : Dispatch a mozChromeEvent: default-volume-channel-changed
12-24 15:17:08.208   319   319 D SERVICE_STATE_TRACKER: RIL_REQUEST_VOICE_REGISTRATION_STATE state = 1,mRadioTechnology = 14
12-24 15:17:08.208   319   319 D SERVICE_STATE_TRACKER: RIL_REQUEST_DATA_REGISTRATION_STATE state = 1, mDataRadioTechnology = 14, mTAC =-1
12-24 15:17:08.278   319   319 D SERVICE_STATE_TRACKER: RIL_REQUEST_VOICE_REGISTRATION_STATE state = 1,mRadioTechnology = 14
12-24 15:17:08.278   319   319 D SERVICE_STATE_TRACKER: RIL_REQUEST_DATA_REGISTRATION_STATE state = 1, mDataRadioTechnology = 14, mTAC =-1
12-24 15:17:08.348   319   319 I Gecko   : [BrowserElement] event type: keydown, key: Backspace, target: [object HTMLIFrameElement], src: app://launcher.gaiamobile.org/index.html, id: browser0, class: browser
12-24 15:17:08.358  3529  3529 I Gecko   : [BrowserElement] event type: keydown, key: Backspace, target: [object HTMLDivElement], id: main-view
12-24 15:17:08.378   319   319 I GeckoConsole: Content JS LOG: [AppUsage] got an event:  active 
12-24 15:17:08.378   319   319 I GeckoConsole:     at debug (app://system.gaiamobile.org/js/app_usage_metrics.js:141:7)
12-24 15:17:08.418   319   319 I Gecko   : [BrowserElement] event type: keyup, key: Backspace, target: [object HTMLIFrameElement], src: app://launcher.gaiamobile.org/index.html, id: browser0, class: browser
12-24 15:17:08.428  3529  3529 I Gecko   : [BrowserElement] event type: keyup, key: Backspace, target: [object HTMLDivElement], id: main-view
12-24 15:17:08.438   319   319 E GeckoConsole: Content JS ERROR: Unexpected hardware key:  backspace-button-release 
12-24 15:17:08.438   319   319 E GeckoConsole:     at HardwareButtonsBaseState.prototype.process (app://system.gaiamobile.org/js/hardware_buttons.js:17:1)
12-24 15:17:08.438   319   319 E GeckoConsole:     at hb_handleEvent (app://system.gaiamobile.org/js/hardware_buttons.js:11:1)
12-24 15:17:08.638   312   392 D ThermalEngine: sensor_wait: case_therm Wait done.
12-24 15:17:08.638   312   392 D ThermalEngine: sensor_monitor: case_therm Reading 35000 .
12-24 15:17:08.638   312   392 I ThermalEngine: Sensor:case_therm:35000 mC
12-24 15:17:08.638   312   392 D ThermalEngine: update_active_thresh: case_therm Active(1), Hi(1) 40000, Lo(0) -2147483648, Interval(1) 5000
12-24 15:17:08.638   312   392 D ThermalEngine: sensor_monitor: case_therm Sensor wait.
12-24 15:17:08.638   312   392 D ThermalEngine: sensor_wait: case_therm Wait start. 5000ms
12-24 15:17:09.208   319   319 I DongleAutoMounter: Dongle disable tether
12-24 15:17:09.208   319   319 I DongleAutoMounter: SetDongleTetherDB aEnable : 0
12-24 15:17:09.228   319   319 I DongleAutoMounter: unplugged confirmed. reset retry Flag
12-24 15:17:09.238   319   319 I Gecko   : [SUB0] QCONTENT_HELPER Received observer notification: mozsettings-changed
12-24 15:17:09.668   319   319 D SERVICE_STATE_TRACKER: Signal Strength changed; sending info to content process
12-24 15:17:09.668   319   319 D NS_ICC_SERVICE: GetCardState 
12-24 15:17:09.668   319   319 D SIGNAL_STRENGTH: nsMobileSignalStrength mLevel=4,mGsmSignalStrength=99,mGsmBitErrorRate=0,mCdmaDbm=-120,mCdmaEcio=-160,mEvdoDbm=-120,mEvdoEcio=-1,mEvdoSnr=-1,mLteSignalStrength=31,mLteRsrp=-83,mLteRsrq=-12,mLteRssnr=180,mLteCqi=2147483647,mTimingAdvance=99,mTdScdmaRscp=2147483647
12-24 15:17:09.668   319   319 E SIGNAL_STRENGTH: nsMobileSignalStrength::GetLevel = 4
12-24 15:17:09.668   319   319 D NS_ICC_SERVICE: GetCardState 
12-24 15:17:09.678   319   319 D NS_ICC_SERVICE: GetCardState 
12-24 15:17:09.678   319   319 D SIGNAL_STRENGTH: nsMobileSignalStrength mLevel=4,mGsmSignalStrength=99,mGsmBitErrorRate=0,mCdmaDbm=-120,mCdmaEcio=-160,mEvdoDbm=-120,mEvdoEcio=-1,mEvdoSnr=-1,mLteSignalStrength=31,mLteRsrp=-83,mLteRsrq=-12,mLteRssnr=180,mLteCqi=2147483647,mTimingAdvance=99,mTdScdmaRscp=2147483647
12-24 15:17:09.678   319   319 E SIGNAL_STRENGTH: nsMobileSignalStrength::GetLevel = 4
12-24 15:17:09.688   319   319 D SIGNAL_STRENGTH: nsMobileSignalStrength mLevel=4,mGsmSignalStrength=99,mGsmBitErrorRate=0,mCdmaDbm=-120,mCdmaEcio=-160,mEvdoDbm=-120,mEvdoEcio=-1,mEvdoSnr=-1,mLteSignalStrength=31,mLteRsrp=-83,mLteRsrq=-12,mLteRssnr=180,mLteCqi=2147483647,mTimingAdvance=99,mTdScdmaRscp=2147483647
12-24 15:17:09.688   319   319 E SIGNAL_STRENGTH: nsMobileSignalStrength::GetLevel = 4
12-24 15:17:09.688   319   319 D SIGNAL_STRENGTH: nsMobileSignalStrength mLevel=4,mGsmSignalStrength=99,mGsmBitErrorRate=0,mCdmaDbm=-120,mCdmaEcio=-160,mEvdoDbm=-120,mEvdoEcio=-1,mEvdoSnr=-1,mLteSignalStrength=31,mLteRsrp=-83,mLteRsrq=-12,mLteRssnr=180,mLteCqi=2147483647,mTimingAdvance=99,mTdScdmaRscp=2147483647
12-24 15:17:09.688   319   319 E SIGNAL_STRENGTH: nsMobileSignalStrength::GetLevel = 4
12-24 15:17:09.688   319   319 D SIGNAL_STRENGTH: nsMobileSignalStrength mLevel=4,mGsmSignalStrength=99,mGsmBitErrorRate=0,mCdmaDbm=-120,mCdmaEcio=-160,mEvdoDbm=-120,mEvdoEcio=-1,mEvdoSnr=-1,mLteSignalStrength=31,mLteRsrp=-83,mLteRsrq=-12,mLteRssnr=180,mLteCqi=2147483647,mTimingAdvance=99,mTdScdmaRscp=2147483647
12-24 15:17:10.388  2733  2733 E sdcard  : missing packages.list; retrying
12-24 15:17:12.668   319   319 D SERVICE_STATE_TRACKER: Signal Strength changed; sending info to content process
12-24 15:17:12.678   319   319 D NS_ICC_SERVICE: GetCardState 
12-24 15:17:12.678   319   319 D SIGNAL_STRENGTH: nsMobileSignalStrength mLevel=4,mGsmSignalStrength=99,mGsmBitErrorRate=0,mCdmaDbm=-120,mCdmaEcio=-160,mEvdoDbm=-120,mEvdoEcio=-1,mEvdoSnr=-1,mLteSignalStrength=30,mLteRsrp=-80,mLteRsrq=-7,mLteRssnr=258,mLteCqi=2147483647,mTimingAdvance=99,mTdScdmaRscp=2147483647
12-24 15:17:12.678   319   319 E SIGNAL_STRENGTH: nsMobileSignalStrength::GetLevel = 4
12-24 15:17:12.678   319   319 D NS_ICC_SERVICE: GetCardState 
12-24 15:17:12.678   319   319 D NS_ICC_SERVICE: GetCardState 
12-24 15:17:12.678   319   319 D SIGNAL_STRENGTH: nsMobileSignalStrength mLevel=4,mGsmSignalStrength=99,mGsmBitErrorRate=0,mCdmaDbm=-120,mCdmaEcio=-160,mEvdoDbm=-120,mEvdoEcio=-1,mEvdoSnr=-1,mLteSignalStrength=30,mLteRsrp=-80,mLteRsrq=-7,mLteRssnr=258,mLteCqi=2147483647,mTimingAdvance=99,mTdScdmaRscp=2147483647
12-24 15:17:12.678   319   319 E SIGNAL_STRENGTH: nsMobileSignalStrength::GetLevel = 4
12-24 15:17:12.688   319   319 D SIGNAL_STRENGTH: nsMobileSignalStrength mLevel=4,mGsmSignalStrength=99,mGsmBitErrorRate=0,mCdmaDbm=-120,mCdmaEcio=-160,mEvdoDbm=-120,mEvdoEcio=-1,mEvdoSnr=-1,mLteSignalStrength=30,mLteRsrp=-80,mLteRsrq=-7,mLteRssnr=258,mLteCqi=2147483647,mTimingAdvance=99,mTdScdmaRscp=2147483647
12-24 15:17:12.688   319   319 E SIGNAL_STRENGTH: nsMobileSignalStrength::GetLevel = 4
12-24 15:17:12.688   319   319 D SIGNAL_STRENGTH: nsMobileSignalStrength mLevel=4,mGsmSignalStrength=99,mGsmBitErrorRate=0,mCdmaDbm=-120,mCdmaEcio=-160,mEvdoDbm=-120,mEvdoEcio=-1,mEvdoSnr=-1,mLteSignalStrength=30,mLteRsrp=-80,mLteRsrq=-7,mLteRssnr=258,mLteCqi=2147483647,mTimingAdvance=99,mTdScdmaRscp=2147483647
12-24 15:17:12.688   319   319 E SIGNAL_STRENGTH: nsMobileSignalStrength::GetLevel = 4
12-24 15:17:12.688   319   319 D SIGNAL_STRENGTH: nsMobileSignalStrength mLevel=4,mGsmSignalStrength=99,mGsmBitErrorRate=0,mCdmaDbm=-120,mCdmaEcio=-160,mEvdoDbm=-120,mEvdoEcio=-1,mEvdoSnr=-1,mLteSignalStrength=30,mLteRsrp=-80,mLteRsrq=-7,mLteRssnr=258,mLteCqi=2147483647,mTimingAdvance=99,mTdScdmaRscp=2147483647
12-24 15:17:13.388  2733  2733 E sdcard  : missing packages.list; retrying
12-24 15:17:13.398   319   319 I GeckoConsole: Content JS LOG: [AppUsage] got an event:  idle 
12-24 15:17:13.398   319   319 I GeckoConsole:     at debug (app://system.gaiamobile.org/js/app_usage_metrics.js:141:7)
12-24 15:17:13.648   312   392 D ThermalEngine: sensor_wait: case_therm Wait done.
12-24 15:17:13.648   312   392 D ThermalEngine: sensor_monitor: case_therm Reading 35000 .
12-24 15:17:13.648   312   392 I ThermalEngine: Sensor:case_therm:35000 mC
12-24 15:17:13.648   312   392 D ThermalEngine: update_active_thresh: case_therm Active(1), Hi(1) 40000, Lo(0) -2147483648, Interval(1) 5000
12-24 15:17:13.648   312   392 D ThermalEngine: sensor_monitor: case_therm Sensor wait.
12-24 15:17:13.648   312   392 D ThermalEngine: sensor_wait: case_therm Wait start. 5000ms
12-24 15:17:15.668   319   319 D SERVICE_STATE_TRACKER: Signal Strength changed; sending info to content process
12-24 15:17:15.678   319   319 D NS_ICC_SERVICE: GetCardState 
12-24 15:17:15.678   319   319 D SIGNAL_STRENGTH: nsMobileSignalStrength mLevel=4,mGsmSignalStrength=99,mGsmBitErrorRate=0,mCdmaDbm=-120,mCdmaEcio=-160,mEvdoDbm=-120,mEvdoEcio=-1,mEvdoSnr=-1,mLteSignalStrength=31,mLteRsrp=-77,mLteRsrq=-7,mLteRssnr=170,mLteCqi=2147483647,mTimingAdvance=99,mTdScdmaRscp=2147483647
12-24 15:17:15.678   319   319 E SIGNAL_STRENGTH: nsMobileSignalStrength::GetLevel = 4
12-24 15:17:15.678   319   319 D NS_ICC_SERVICE: GetCardState 
12-24 15:17:15.688   319   319 D NS_ICC_SERVICE: GetCardState 
12-24 15:17:15.688   319   319 D SIGNAL_STRENGTH: nsMobileSignalStrength mLevel=4,mGsmSignalStrength=99,mGsmBitErrorRate=0,mCdmaDbm=-120,mCdmaEcio=-160,mEvdoDbm=-120,mEvdoEcio=-1,mEvdoSnr=-1,mLteSignalStrength=31,mLteRsrp=-77,mLteRsrq=-7,mLteRssnr=170,mLteCqi=2147483647,mTimingAdvance=99,mTdScdmaRscp=2147483647
12-24 15:17:15.688   319   319 E SIGNAL_STRENGTH: nsMobileSignalStrength::GetLevel = 4
12-24 15:17:15.698   319   319 D SIGNAL_STRENGTH: nsMobileSignalStrength mLevel=4,mGsmSignalStrength=99,mGsmBitErrorRate=0,mCdmaDbm=-120,mCdmaEcio=-160,mEvdoDbm=-120,mEvdoEcio=-1,mEvdoSnr=-1,mLteSignalStrength=31,mLteRsrp=-77,mLteRsrq=-7,mLteRssnr=170,mLteCqi=2147483647,mTimingAdvance=99,mTdScdmaRscp=2147483647
12-24 15:17:15.698   319   319 E SIGNAL_STRENGTH: nsMobileSignalStrength::GetLevel = 4
12-24 15:17:15.698   319   319 D SIGNAL_STRENGTH: nsMobileSignalStrength mLevel=4,mGsmSignalStrength=99,mGsmBitErrorRate=0,mCdmaDbm=-120,mCdmaEcio=-160,mEvdoDbm=-120,mEvdoEcio=-1,mEvdoSnr=-1,mLteSignalStrength=31,mLteRsrp=-77,mLteRsrq=-7,mLteRssnr=170,mLteCqi=2147483647,mTimingAdvance=99,mTdScdmaRscp=2147483647
12-24 15:17:15.698   319   319 E SIGNAL_STRENGTH: nsMobileSignalStrength::GetLevel = 4
12-24 15:17:15.698   319   319 D SIGNAL_STRENGTH: nsMobileSignalStrength mLevel=4,mGsmSignalStrength=99,mGsmBitErrorRate=0,mCdmaDbm=-120,mCdmaEcio=-160,mEvdoDbm=-120,mEvdoEcio=-1,mEvdoSnr=-1,mLteSignalStrength=31,mLteRsrp=-77,mLteRsrq=-7,mLteRssnr=170,mLteCqi=2147483647,mTimingAdvance=99,mTdScdmaRscp=2147483647
12-24 15:17:16.388  2733  2733 E sdcard  : missing packages.list; retrying
12-24 15:17:18.648   312   392 D ThermalEngine: sensor_wait: case_therm Wait done.
12-24 15:17:18.648   312   392 D ThermalEngine: sensor_monitor: case_therm Reading 35000 .
12-24 15:17:18.648   312   392 I ThermalEngine: Sensor:case_therm:35000 mC
12-24 15:17:18.648   312   392 D ThermalEngine: update_active_thresh: case_therm Active(1), Hi(1) 40000, Lo(0) -2147483648, Interval(1) 5000
12-24 15:17:18.648   312   392 D ThermalEngine: sensor_monitor: case_therm Sensor wait.
12-24 15:17:18.648   312   392 D ThermalEngine: sensor_wait: case_therm Wait start. 5000ms
12-24 15:17:19.388  2733  2733 E sdcard  : missing packages.list; retrying
12-24 15:17:21.668   319   319 D SERVICE_STATE_TRACKER: Signal Strength changed; sending info to content process
12-24 15:17:21.678   319   319 D NS_ICC_SERVICE: GetCardState 
12-24 15:17:21.678   319   319 D SIGNAL_STRENGTH: nsMobileSignalStrength mLevel=4,mGsmSignalStrength=99,mGsmBitErrorRate=0,mCdmaDbm=-120,mCdmaEcio=-160,mEvdoDbm=-120,mEvdoEcio=-1,mEvdoSnr=-1,mLteSignalStrength=31,mLteRsrp=-78,mLteRsrq=-7,mLteRssnr=190,mLteCqi=2147483647,mTimingAdvance=99,mTdScdmaRscp=2147483647
12-24 15:17:21.678   319   319 E SIGNAL_STRENGTH: nsMobileSignalStrength::GetLevel = 4
12-24 15:17:21.678   319   319 D NS_ICC_SERVICE: GetCardState 
12-24 15:17:21.678   319   319 D NS_ICC_SERVICE: GetCardState 
12-24 15:17:21.678   319   319 D SIGNAL_STRENGTH: nsMobileSignalStrength mLevel=4,mGsmSignalStrength=99,mGsmBitErrorRate=0,mCdmaDbm=-120,mCdmaEcio=-160,mEvdoDbm=-120,mEvdoEcio=-1,mEvdoSnr=-1,mLteSignalStrength=31,mLteRsrp=-78,mLteRsrq=-7,mLteRssnr=190,mLteCqi=2147483647,mTimingAdvance=99,mTdScdmaRscp=2147483647
12-24 15:17:21.678   319   319 E SIGNAL_STRENGTH: nsMobileSignalStrength::GetLevel = 4
12-24 15:17:21.678   319   319 D SIGNAL_STRENGTH: nsMobileSignalStrength mLevel=4,mGsmSignalStrength=99,mGsmBitErrorRate=0,mCdmaDbm=-120,mCdmaEcio=-160,mEvdoDbm=-120,mEvdoEcio=-1,mEvdoSnr=-1,mLteSignalStrength=31,mLteRsrp=-78,mLteRsrq=-7,mLteRssnr=190,mLteCqi=2147483647,mTimingAdvance=99,mTdScdmaRscp=2147483647
12-24 15:17:21.678   319   319 E SIGNAL_STRENGTH: nsMobileSignalStrength::GetLevel = 4
12-24 15:17:21.678   319   319 D SIGNAL_STRENGTH: nsMobileSignalStrength mLevel=4,mGsmSignalStrength=99,mGsmBitErrorRate=0,mCdmaDbm=-120,mCdmaEcio=-160,mEvdoDbm=-120,mEvdoEcio=-1,mEvdoSnr=-1,mLteSignalStrength=31,mLteRsrp=-78,mLteRsrq=-7,mLteRssnr=190,mLteCqi=2147483647,mTimingAdvance=99,mTdScdmaRscp=2147483647
12-24 15:17:21.678   319   319 E SIGNAL_STRENGTH: nsMobileSignalStrength::GetLevel = 4
12-24 15:17:21.678   319   319 D SIGNAL_STRENGTH: nsMobileSignalStrength mLevel=4,mGsmSignalStrength=99,mGsmBitErrorRate=0,mCdmaDbm=-120,mCdmaEcio=-160,mEvdoDbm=-120,mEvdoEcio=-1,mEvdoSnr=-1,mLteSignalStrength=31,mLteRsrp=-78,mLteRsrq=-7,mLteRssnr=190,mLteCqi=2147483647,mTimingAdvance=99,mTdScdmaRscp=2147483647
12-24 15:17:22.398  2733  2733 E sdcard  : missing packages.list; retrying
12-24 15:17:23.648   312   392 D ThermalEngine: sensor_wait: case_therm Wait done.
12-24 15:17:23.648   312   392 D ThermalEngine: sensor_monitor: case_therm Reading 35000 .
12-24 15:17:23.648   312   392 I ThermalEngine: Sensor:case_therm:35000 mC
12-24 15:17:23.648   312   392 D ThermalEngine: update_active_thresh: case_therm Active(1), Hi(1) 40000, Lo(0) -2147483648, Interval(1) 5000
12-24 15:17:23.648   312   392 D ThermalEngine: sensor_monitor: case_therm Sensor wait.
12-24 15:17:23.648   312   392 D ThermalEngine: sensor_wait: case_therm Wait start. 5000ms
12-24 15:17:24.678   319   319 D SERVICE_STATE_TRACKER: Signal Strength changed; sending info to content process
12-24 15:17:24.678   319   319 D NS_ICC_SERVICE: GetCardState 
12-24 15:17:24.678   319   319 D SIGNAL_STRENGTH: nsMobileSignalStrength mLevel=4,mGsmSignalStrength=99,mGsmBitErrorRate=0,mCdmaDbm=-120,mCdmaEcio=-160,mEvdoDbm=-120,mEvdoEcio=-1,mEvdoSnr=-1,mLteSignalStrength=31,mLteRsrp=-74,mLteRsrq=-6,mLteRssnr=220,mLteCqi=2147483647,mTimingAdvance=99,mTdScdmaRscp=2147483647
12-24 15:17:24.678   319   319 E SIGNAL_STRENGTH: nsMobileSignalStrength::GetLevel = 4
12-24 15:17:24.678   319   319 D NS_ICC_SERVICE: GetCardState 
12-24 15:17:24.688   319   319 D NS_ICC_SERVICE: GetCardState 
12-24 15:17:24.688   319   319 D SIGNAL_STRENGTH: nsMobileSignalStrength mLevel=4,mGsmSignalStrength=99,mGsmBitErrorRate=0,mCdmaDbm=-120,mCdmaEcio=-160,mEvdoDbm=-120,mEvdoEcio=-1,mEvdoSnr=-1,mLteSignalStrength=31,mLteRsrp=-74,mLteRsrq=-6,mLteRssnr=220,mLteCqi=2147483647,mTimingAdvance=99,mTdScdmaRscp=2147483647
12-24 15:17:24.688   319   319 E SIGNAL_STRENGTH: nsMobileSignalStrength::GetLevel = 4
12-24 15:17:24.688   319   319 D SIGNAL_STRENGTH: nsMobileSignalStrength mLevel=4,mGsmSignalStrength=99,mGsmBitErrorRate=0,mCdmaDbm=-120,mCdmaEcio=-160,mEvdoDbm=-120,mEvdoEcio=-1,mEvdoSnr=-1,mLteSignalStrength=31,mLteRsrp=-74,mLteRsrq=-6,mLteRssnr=220,mLteCqi=2147483647,mTimingAdvance=99,mTdScdmaRscp=2147483647
12-24 15:17:24.688   319   319 E SIGNAL_STRENGTH: nsMobileSignalStrength::GetLevel = 4
12-24 15:17:24.698   319   319 D SIGNAL_STRENGTH: nsMobileSignalStrength mLevel=4,mGsmSignalStrength=99,mGsmBitErrorRate=0,mCdmaDbm=-120,mCdmaEcio=-160,mEvdoDbm=-120,mEvdoEcio=-1,mEvdoSnr=-1,mLteSignalStrength=31,mLteRsrp=-74,mLteRsrq=-6,mLteRssnr=220,mLteCqi=2147483647,mTimingAdvance=99,mTdScdmaRscp=2147483647
12-24 15:17:24.698   319   319 E SIGNAL_STRENGTH: nsMobileSignalStrength::GetLevel = 4
12-24 15:17:24.698   319   319 D SIGNAL_STRENGTH: nsMobileSignalStrength mLevel=4,mGsmSignalStrength=99,mGsmBitErrorRate=0,mCdmaDbm=-120,mCdmaEcio=-160,mEvdoDbm=-120,mEvdoEcio=-1,mEvdoSnr=-1,mLteSignalStrength=31,mLteRsrp=-74,mLteRsrq=-6,mLteRssnr=220,mLteCqi=2147483647,mTimingAdvance=99,mTdScdmaRscp=2147483647
12-24 15:17:25.398  2733  2733 E sdcard  : missing packages.list; retrying
12-24 15:17:27.678   319   319 D SERVICE_STATE_TRACKER: Signal Strength changed; sending info to content process
12-24 15:17:27.678   319   319 D NS_ICC_SERVICE: GetCardState 
12-24 15:17:27.678   319   319 D SIGNAL_STRENGTH: nsMobileSignalStrength mLevel=4,mGsmSignalStrength=99,mGsmBitErrorRate=0,mCdmaDbm=-120,mCdmaEcio=-160,mEvdoDbm=-120,mEvdoEcio=-1,mEvdoSnr=-1,mLteSignalStrength=31,mLteRsrp=-74,mLteRsrq=-6,mLteRssnr=180,mLteCqi=2147483647,mTimingAdvance=99,mTdScdmaRscp=2147483647
12-24 15:17:27.678   319   319 E SIGNAL_STRENGTH: nsMobileSignalStrength::GetLevel = 4
12-24 15:17:27.678   319   319 D NS_ICC_SERVICE: GetCardState 
12-24 15:17:27.678   319   319 D NS_ICC_SERVICE: GetCardState 
12-24 15:17:27.678   319   319 D SIGNAL_STRENGTH: nsMobileSignalStrength mLevel=4,mGsmSignalStrength=99,mGsmBitErrorRate=0,mCdmaDbm=-120,mCdmaEcio=-160,mEvdoDbm=-120,mEvdoEcio=-1,mEvdoSnr=-1,mLteSignalStrength=31,mLteRsrp=-74,mLteRsrq=-6,mLteRssnr=180,mLteCqi=2147483647,mTimingAdvance=99,mTdScdmaRscp=2147483647
12-24 15:17:27.678   319   319 E SIGNAL_STRENGTH: nsMobileSignalStrength::GetLevel = 4
12-24 15:17:27.678   319   319 D SIGNAL_STRENGTH: nsMobileSignalStrength mLevel=4,mGsmSignalStrength=99,mGsmBitErrorRate=0,mCdmaDbm=-120,mCdmaEcio=-160,mEvdoDbm=-120,mEvdoEcio=-1,mEvdoSnr=-1,mLteSignalStrength=31,mLteRsrp=-74,mLteRsrq=-6,mLteRssnr=180,mLteCqi=2147483647,mTimingAdvance=99,mTdScdmaRscp=2147483647
12-24 15:17:27.678   319   319 E SIGNAL_STRENGTH: nsMobileSignalStrength::GetLevel = 4
12-24 15:17:27.688   319   319 D SIGNAL_STRENGTH: nsMobileSignalStrength mLevel=4,mGsmSignalStrength=99,mGsmBitErrorRate=0,mCdmaDbm=-120,mCdmaEcio=-160,mEvdoDbm=-120,mEvdoEcio=-1,mEvdoSnr=-1,mLteSignalStrength=31,mLteRsrp=-74,mLteRsrq=-6,mLteRssnr=180,mLteCqi=2147483647,mTimingAdvance=99,mTdScdmaRscp=2147483647
12-24 15:17:27.688   319   319 E SIGNAL_STRENGTH: nsMobileSignalStrength::GetLevel = 4
12-24 15:17:27.688   319   319 D SIGNAL_STRENGTH: nsMobileSignalStrength mLevel=4,mGsmSignalStrength=99,mGsmBitErrorRate=0,mCdmaDbm=-120,mCdmaEcio=-160,mEvdoDbm=-120,mEvdoEcio=-1,mEvdoSnr=-1,mLteSignalStrength=31,mLteRsrp=-74,mLteRsrq=-6,mLteRssnr=180,mLteCqi=2147483647,mTimingAdvance=99,mTdScdmaRscp=2147483647
12-24 15:17:28.398  2733  2733 E sdcard  : missing packages.list; retrying
12-24 15:17:28.658   312   392 D ThermalEngine: sensor_wait: case_therm Wait done.
12-24 15:17:28.658   312   392 D ThermalEngine: sensor_monitor: case_therm Reading 35000 .
12-24 15:17:28.658   312   392 I ThermalEngine: Sensor:case_therm:35000 mC
12-24 15:17:28.658   312   392 D ThermalEngine: update_active_thresh: case_therm Active(1), Hi(1) 40000, Lo(0) -2147483648, Interval(1) 5000
12-24 15:17:28.658   312   392 D ThermalEngine: sensor_monitor: case_therm Sensor wait.
12-24 15:17:28.658   312   392 D ThermalEngine: sensor_wait: case_therm Wait start. 5000ms
12-24 15:17:30.678   319   319 D SERVICE_STATE_TRACKER: Signal Strength changed; sending info to content process
12-24 15:17:30.678   319   319 D NS_ICC_SERVICE: GetCardState 
12-24 15:17:30.678   319   319 D SIGNAL_STRENGTH: nsMobileSignalStrength mLevel=4,mGsmSignalStrength=99,mGsmBitErrorRate=0,mCdmaDbm=-120,mCdmaEcio=-160,mEvdoDbm=-120,mEvdoEcio=-1,mEvdoSnr=-1,mLteSignalStrength=31,mLteRsrp=-80,mLteRsrq=-7,mLteRssnr=226,mLteCqi=2147483647,mTimingAdvance=99,mTdScdmaRscp=2147483647
12-24 15:17:30.678   319   319 E SIGNAL_STRENGTH: nsMobileSignalStrength::GetLevel = 4
12-24 15:17:30.678   319   319 D NS_ICC_SERVICE: GetCardState 
12-24 15:17:30.678   319   319 D NS_ICC_SERVICE: GetCardState 
12-24 15:17:30.678   319   319 D SIGNAL_STRENGTH: nsMobileSignalStrength mLevel=4,mGsmSignalStrength=99,mGsmBitErrorRate=0,mCdmaDbm=-120,mCdmaEcio=-160,mEvdoDbm=-120,mEvdoEcio=-1,mEvdoSnr=-1,mLteSignalStrength=31,mLteRsrp=-80,mLteRsrq=-7,mLteRssnr=226,mLteCqi=2147483647,mTimingAdvance=99,mTdScdmaRscp=2147483647
12-24 15:17:30.678   319   319 E SIGNAL_STRENGTH: nsMobileSignalStrength::GetLevel = 4
12-24 15:17:30.678   319   319 D SIGNAL_STRENGTH: nsMobileSignalStrength mLevel=4,mGsmSignalStrength=99,mGsmBitErrorRate=0,mCdmaDbm=-120,mCdmaEcio=-160,mEvdoDbm=-120,mEvdoEcio=-1,mEvdoSnr=-1,mLteSignalStrength=31,mLteRsrp=-80,mLteRsrq=-7,mLteRssnr=226,mLteCqi=2147483647,mTimingAdvance=99,mTdScdmaRscp=2147483647
12-24 15:17:30.678   319   319 E SIGNAL_STRENGTH: nsMobileSignalStrength::GetLevel = 4
12-24 15:17:30.688   319   319 D SIGNAL_STRENGTH: nsMobileSignalStrength mLevel=4,mGsmSignalStrength=99,mGsmBitErrorRate=0,mCdmaDbm=-120,mCdmaEcio=-160,mEvdoDbm=-120,mEvdoEcio=-1,mEvdoSnr=-1,mLteSignalStrength=31,mLteRsrp=-80,mLteRsrq=-7,mLteRssnr=226,mLteCqi=2147483647,mTimingAdvance=99,mTdScdmaRscp=2147483647
12-24 15:17:30.688   319   319 E SIGNAL_STRENGTH: nsMobileSignalStrength::GetLevel = 4
12-24 15:17:30.688   319   319 D SIGNAL_STRENGTH: nsMobileSignalStrength mLevel=4,mGsmSignalStrength=99,mGsmBitErrorRate=0,mCdmaDbm=-120,mCdmaEcio=-160,mEvdoDbm=-120,mEvdoEcio=-1,mEvdoSnr=-1,mLteSignalStrength=31,mLteRsrp=-80,mLteRsrq=-7,mLteRssnr=226,mLteCqi=2147483647,mTimingAdvance=99,mTdScdmaRscp=2147483647
12-24 15:17:30.908   319   319 I GeckoConsole: QLOC: MozSettingShim: Got topic change:gonkhal-battery-notifier
12-24 15:17:30.953   170   170 I KERNEL  : [  528.743254] msm_otg 78d9000.usb: USB exited from low power mode
12-24 15:17:30.1082   170   170 I KERNEL  : [  528.872944] msm_hsusb msm_hsusb: CI13XXX_CONTROLLER_RESET_EVENT received
12-24 15:17:30.1082   170   170 I KERNEL  : [  528.872993] msm_hsusb msm_hsusb: CI13XXX_CONTROLLER_CONNECT_EVENT received
12-24 15:17:30.1202     0     0 I KERNEL  : [  528.992666] msm_otg 78d9000.usb: Avail curr from USB = 100
12-24 15:17:30.1203  4785  4785 I KERNEL  : [  528.993505] android_work: did not send uevent (0 0   (null))
12-24 15:17:31.038   319   319 I GeckoConsole: QLOC: MozSettingShim: Got topic change:gonkhal-battery-notifier
12-24 15:17:31.198   319   319 I GeckoConsole: QLOC: MozSettingShim: Got topic change:gonkhal-battery-notifier
12-24 15:17:31.198   319   319 D QLOC-OSAgent: POWERSTATE: 1
12-24 15:17:31.198   319   319 E IzatSvc_OSObserver: I/LocTech-Label :: OSOBSERVER :: Data Items In
12-24 15:17:31.198   319   319 E IzatSvc_OSObserver: I/LocTech-Value :: Data Item Value: IS_POWER_CONNECTED: true
12-24 15:17:31.198   319  2758 E LocSvc_api_v02: I/---> locClientSendReq line 2035 QMI_LOC_SET_EXTERNAL_POWER_CONFIG_REQ_V02
12-24 15:17:31.198   319  2794 E LocSvc_libulp: I/int ulp_msg_process_system_update(UlpSystemEvent): systemEvent:2 
12-24 15:17:31.198   319  2794 E LocSvc_libulp: I/int ulp_msg_process_start_req(), at ulp state = 1
12-24 15:17:31.198   319  2780 E LocSvc_ApiV02: I/<--- void globalRespCb(locClientHandleType, uint32_t, locClientRespIndUnionType, uint32_t, void*) line 117 QMI_LOC_SET_EXTERNAL_POWER_CONFIG_REQ_V02
12-24 15:17:31.268   319   319 I GeckoConsole: QLOC: MozSettingShim: Got topic change:gonkhal-battery-notifier
12-24 15:17:31.294  4785  4785 I KERNEL  : [  529.084977] android_work: sent uevent USB_STATE=CONNECTED
12-24 15:17:31.298  4785  4785 I KERNEL  : [  529.088751] android_work: sent uevent USB_STATE=DISCONNECTED
12-24 15:17:31.398  2733  2733 E sdcard  : missing packages.list; retrying
12-24 15:17:31.418  4785  4785 I KERNEL  : [  529.208890] android_work: sent uevent USB_STATE=CONNECTED
12-24 15:17:31.418   319   319 I GeckoConsole: QLOC: MozSettingShim: Got topic change:gonkhal-battery-notifier
12-24 15:17:31.447   319  4840 I KERNEL  : [  529.237384] android_usb gadget: high-speed config #1: 86000c8.android_usb
12-24 15:17:31.447   319  4840 I KERNEL  : [  529.237427] diag: USB channel diag connected
12-24 15:17:31.447   319  4840 I KERNEL  : [  529.237532] msm_otg 78d9000.usb: Avail curr from USB = 500
12-24 15:17:31.458   319   319 I DongleAutoMounter: Dongle USB Status : usb: 1, rndis: 0, retry: true
12-24 15:17:31.458   319   319 I DongleAutoMounter: Dongle enable tether
12-24 15:17:31.458   319   700 I AutoMounter: UpdateState: ums:A0C0E0 mtp:A1C0E0 mode:0 usb:1 tryToShare:0 state:IDLE
12-24 15:17:31.458   319   700 I AutoMounter: UpdateState: Volume sdcard is Mounted and inserted @ /data/usbmsc_mnt gen 1 locked 0 sharing x
12-24 15:17:31.458   319   319 I DongleAutoMounter: SetDongleTetherDB aEnable : 1
12-24 15:17:31.458   319   319 I DongleAutoMounter: Dongle plugged, reset timer
12-24 15:17:31.488   319   319 I Gecko   : [SUB0] QCONTENT_HELPER Received observer notification: mozsettings-changed
12-24 15:17:31.503  4785  4785 I KERNEL  : [  529.294167] android_work: sent uevent USB_STATE=CONFIGURED
12-24 15:17:31.540     1     1 I KERNEL  : [  529.330436] init: Service 'adbd' is being killed...
12-24 15:17:31.541     1     1 I KERNEL  : [  529.331329] diag: USB channel diag disconnected
12-24 15:17:31.542  4090  4801 I KERNEL  : [  529.332784] Error: returning -19 value
12-24 15:17:31.543     1     1 I KERNEL  : [  529.333742] init: Service 'adbd' (pid 4090) killed by signal 9
12-24 15:17:31.543     1     1 I KERNEL  : [  529.333846] init: Service 'adbd' (pid 4090) killing any children in process group
12-24 15:17:31.642     1     1 I KERNEL  : [  529.432935] enable_store: 1 callbacks suppressed
12-24 15:17:31.642     1     1 I KERNEL  : [  529.433062] android_usb: already disabled
12-24 15:17:31.643     1     1 I KERNEL  : [  529.433413] init: Starting service 'adbd'...
12-24 15:17:31.648  4857  4858 I KERNEL  : [  529.438393] read descriptors
12-24 15:17:31.648  4857  4858 I KERNEL  : [  529.438475] read descriptors
12-24 15:17:31.648  4857  4858 I KERNEL  : [  529.438529] read strings
12-24 15:17:31.648  4857  4858 I KERNEL  : [  529.438607] rndis_function_bind_config MAC: 02:56:53:08:35:39
12-24 15:17:31.648  4857  4858 I KERNEL  : [  529.438770] android_usb gadget: using random self ethernet address
12-24 15:17:31.648  4857  4858 I KERNEL  : [  529.438885] android_usb gadget: using random host ethernet address
12-24 15:17:31.648   319   319 I GeckoConsole: QLOC: MozSettingShim: Got topic change:gonkhal-battery-notifier
12-24 15:17:31.648   319   319 D QLOC-OSAgent: POWERSTATE: 0
12-24 15:17:31.648   319   319 E IzatSvc_OSObserver: I/LocTech-Label :: OSOBSERVER :: Data Items In
12-24 15:17:31.648   319   319 E IzatSvc_OSObserver: I/LocTech-Value :: Data Item Value: IS_POWER_CONNECTED: false
12-24 15:17:31.648   319  2758 E LocSvc_api_v02: I/---> locClientSendReq line 2035 QMI_LOC_SET_EXTERNAL_POWER_CONFIG_REQ_V02
12-24 15:17:31.648   319  2794 E LocSvc_libulp: I/int ulp_msg_process_system_update(UlpSystemEvent): systemEvent:3 
12-24 15:17:31.648   319  2794 E LocSvc_libulp: I/int ulp_msg_process_start_req(), at ulp state = 1
12-24 15:17:31.648   319  2780 E LocSvc_ApiV02: I/<--- void globalRespCb(locClientHandleType, uint32_t, locClientRespIndUnionType, uint32_t, void*) line 117 QMI_LOC_SET_EXTERNAL_POWER_CONFIG_REQ_V02
12-24 15:17:31.653  4857  4858 I KERNEL  : [  529.443504] rndis0: MAC 36:80:ca:b4:5d:78
12-24 15:17:31.653  4857  4858 I KERNEL  : [  529.443545] rndis0: HOST MAC 82:5d:76:95:f8:a3
12-24 15:17:31.653  4857  4858 I KERNEL  : [  529.443725] msm_hsusb msm_hsusb: CI13XXX_CONTROLLER_CONNECT_EVENT received
12-24 15:17:31.656     0     0 I KERNEL  : [  529.446870] msm_otg 78d9000.usb: Avail curr from USB = 2
12-24 15:17:31.656     0     0 I KERNEL  : [  529.446914] msm_hsusb msm_hsusb: CI13XXX_CONTROLLER_SUSPEND_EVENT received
12-24 15:17:31.698  2501  3446 D CommandListener: Setting iface cfg
12-24 15:17:31.698  2501  3446 D CommandListener: Trying to bring up rndis0
12-24 15:17:31.698  2501  3446 D TetherController: tetherInterface(rndis0)
12-24 15:17:31.751  2501  3446 I KERNEL  : [  529.541401] IPv6: ADDRCONF(NETDEV_UP): rndis0: link is not ready
12-24 15:17:31.753  2501  3446 I KERNEL  : [  529.543389] IPv6: ADDRCONF(NETDEV_UP): rndis0: link is not ready
12-24 15:17:31.768  2501  3446 D TetherController: Starting tethering services
12-24 15:17:31.768  2501  3446 D TetherController: Sending update msg to dnsmasq [update_ifaces:rndis0]
12-24 15:17:31.768  2501  3446 D TetherController: Tethering services running
12-24 15:17:31.798  4864  4864 I dnsmasq : started, version 2.51 cachesize 150
12-24 15:17:31.798  4864  4864 I dnsmasq : compile time options: no-IPv6 GNU-getopt no-DBus no-I18N DHCP no-scripts no-TFTP
12-24 15:17:31.798  4864  4864 W dnsmasq : warning: no upstream servers configured
12-24 15:17:31.798  4864  4864 I dnsmasq : DHCP, IP range 192.168.30.10 -- 192.168.30.30, lease time 1h
12-24 15:17:31.798  4864  4864 I dnsmasq : DHCP, IP range 192.168.1.10 -- 192.168.1.30, lease time 1h
12-24 15:17:31.798  4864  4864 E dnsmasq : bad address at /etc/hosts line 2
12-24 15:17:31.798  4864  4864 I dnsmasq : read /etc/hosts - 1 addresses
12-24 15:17:32.528    29    29 I KERNEL  : [  530.318455] ch_notify on a closed smd_pkt_dev id:2
12-24 15:17:32.1106     0     0 I KERNEL  : [  530.896526] msm_hsusb msm_hsusb: CI13XXX_CONTROLLER_RESUME_EVENT received
12-24 15:17:32.1106     0     0 I KERNEL  : [  530.896602] msm_otg 78d9000.usb: Avail curr from USB = 100
12-24 15:17:32.1106  4785  4785 I KERNEL  : [  530.896844] android_work: sent uevent USB_STATE=DISCONNECTED
12-24 15:17:32.1195  4785  4785 I KERNEL  : [  530.985815] android_work: sent uevent USB_STATE=CONNECTED
12-24 15:17:32.1200  4785  4785 I KERNEL  : [  530.990489] android_work: sent uevent USB_STATE=DISCONNECTED
12-24 15:17:33.058   319   700 I AutoMounter: UpdateState: ums:A0C0E0 mtp:A1C0E0 mode:0 usb:0 tryToShare:0 state:IDLE
12-24 15:17:33.058   319   700 I AutoMounter: UpdateState: Volume sdcard is Mounted and inserted @ /data/usbmsc_mnt gen 1 locked 0 sharing x
12-24 15:17:33.058   319   319 I DongleAutoMounter: Dongle USB Status : usb: 0, rndis: 1, retry: true
12-24 15:17:33.058   319   319 I DongleAutoMounter: Dongle disable debouncing start
12-24 15:17:33.058   319   319 I DongleAutoMounter: Dongle unpluged ?
12-24 15:17:33.098   319   319 I GeckoConsole: QLOC: MozSettingShim: Got topic change:gonkhal-battery-notifier
12-24 15:17:33.098   319   319 D QLOC-OSAgent: POWERSTATE: 1
12-24 15:17:33.098   319   319 E IzatSvc_OSObserver: I/LocTech-Label :: OSOBSERVER :: Data Items In
12-24 15:17:33.098   319   319 E IzatSvc_OSObserver: I/LocTech-Value :: Data Item Value: IS_POWER_CONNECTED: true
12-24 15:17:33.098   319  2758 E LocSvc_api_v02: I/---> locClientSendReq line 2035 QMI_LOC_SET_EXTERNAL_POWER_CONFIG_REQ_V02
12-24 15:17:33.098   319  2794 E LocSvc_libulp: I/int ulp_msg_process_system_update(UlpSystemEvent): systemEvent:2 
12-24 15:17:33.098   319  2794 E LocSvc_libulp: I/int ulp_msg_process_start_req(), at ulp state = 1
12-24 15:17:33.098   319  2780 E LocSvc_ApiV02: I/<--- void globalRespCb(locClientHandleType, uint32_t, locClientRespIndUnionType, uint32_t, void*) line 117 QMI_LOC_SET_EXTERNAL_POWER_CONFIG_REQ_V02
12-24 15:17:33.168   319   319 I GeckoConsole: QLOC: MozSettingShim: Got topic change:gonkhal-battery-notifier
12-24 15:17:33.318   319   319 I GeckoConsole: QLOC: MozSettingShim: Got topic change:gonkhal-battery-notifier
12-24 15:17:33.318   319   319 I DongleAutoMounter: Usb debouncing, no need to disable tether
12-24 15:17:33.318   319   319 I DongleAutoMounter: USB debouncing, no need to setup retry flag
12-24 15:17:33.323  4785  4785 I KERNEL  : [  531.113843] android_work: sent uevent USB_STATE=CONNECTED
12-24 15:17:33.351   319  4840 I KERNEL  : [  531.141252] android_usb gadget: high-speed config #1: 86000c8.android_usb
12-24 15:17:33.351   319  4840 I KERNEL  : [  531.141753] msm_otg 78d9000.usb: Avail curr from USB = 500
12-24 15:17:33.351  4785  4785 I KERNEL  : [  531.141860] IPv6: ADDRCONF(NETDEV_CHANGE): rndis0: link becomes ready
12-24 15:17:33.358   319   700 I AutoMounter: AutoMounter state changed from IDLE to RNDIS_CONFIGURED
12-24 15:17:33.358   319   700 I AutoMounter: UpdateState: ums:A0C0E0 mtp:A1C0E0 mode:0 usb:1 tryToShare:0 state:RNDIS_CONFIGURED
12-24 15:17:33.358   319   700 I AutoMounter: UpdateState: Volume sdcard is Mounted and inserted @ /data/usbmsc_mnt gen 1 locked 0 sharing x
12-24 15:17:33.358   319   319 I DongleAutoMounter: Dongle USB Status : usb: 1, rndis: 1, retry: true
12-24 15:17:33.358   319   319 I DongleAutoMounter: Dongle enable tether
12-24 15:17:33.358   319   319 I DongleAutoMounter: SetDongleTetherDB aEnable : 1
12-24 15:17:33.368   319   319 I DongleAutoMounter: Dongle plugged, reset timer
12-24 15:17:33.388   417   417 D VM_BMS  : wake_lock acquired
12-24 15:17:33.388   417   417 D VM_BMS  : New BMS data - Size=56
12-24 15:17:33.388   417   417 D VM_BMS  : Start process_bms_data
12-24 15:17:33.388   417   417 D VM_BMS  : For batt_temp=315 fcc_mah=2075
12-24 15:17:33.388   417   417 D VM_BMS  : For ocv=4014377 batt_temp=315 soc=87
12-24 15:17:33.388   417   417 D VM_BMS  : fifo_count=5 acc_count=0
12-24 15:17:33.388   417   417 D VM_BMS  : INIT: ocv=4014377 last_ocv=4014377 batt_temp=315 soc=87
12-24 15:17:33.388   417   417 D VM_BMS  : For soc=87 batt_temp=315 slope=10400
12-24 15:17:33.388   417   417 D VM_BMS  : For soc=87 batt_temp=315 rbatt_sf=98
12-24 15:17:33.388   417   417 D VM_BMS  : rbatt_mohm_default=138, rbatt_mohm=135, sf=98 batt_temp=315
12-24 15:17:33.388   417   417 D VM_BMS  : For ocv=4014984 batt_temp=315 soc=87
12-24 15:17:33.388   417   417 D VM_BMS  : FIFO=0 fifo_avg=4.104742 rbatt=0.185000 slope=1.040000 ibatt=-0.486818 ocv=4.014985 soc=87 fcc_ah=2.075000 sample_count=128 sample_interval=70 seq_num=10
12-24 15:17:33.388   417   417 D VM_BMS  : For soc=87 batt_temp=315 slope=10400
12-24 15:17:33.388   417   417 D VM_BMS  : For soc=87 batt_temp=315 rbatt_sf=98
12-24 15:17:33.388   417   417 D VM_BMS  : rbatt_mohm_default=138, rbatt_mohm=135, sf=98 batt_temp=315
12-24 15:17:33.388   417   417 D VM_BMS  : For ocv=4015609 batt_temp=315 soc=87
12-24 15:17:33.388   417   417 D VM_BMS  : FIFO=1 fifo_avg=4.107981 rbatt=0.185000 slope=1.040000 ibatt=-0.500998 ocv=4.015609 soc=87 fcc_ah=2.075000 sample_count=128 sample_interval=70 seq_num=10
12-24 15:17:33.388   417   417 D VM_BMS  : For soc=87 batt_temp=315 slope=10400
12-24 15:17:33.388   417   417 D VM_BMS  : For soc=87 batt_temp=315 rbatt_sf=98
12-24 15:17:33.388   417   417 D VM_BMS  : rbatt_mohm_default=138, rbatt_mohm=135, sf=98 batt_temp=315
12-24 15:17:33.388   417   417 D VM_BMS  : For ocv=4015742 batt_temp=315 soc=87
12-24 15:17:33.388   417   417 D VM_BMS  : FIFO=2 fifo_avg=4.035514 rbatt=0.185000 slope=1.040000 ibatt=-0.107234 ocv=4.015743 soc=87 fcc_ah=2.075000 sample_count=128 sample_interval=70 seq_num=10
12-24 15:17:33.388   417   417 D VM_BMS  : For soc=87 batt_temp=315 slope=10400
12-24 15:17:33.388   417   417 D VM_BMS  : For soc=87 batt_temp=315 rbatt_sf=98
12-24 15:17:33.388   417   417 D VM_BMS  : rbatt_mohm_default=138, rbatt_mohm=135, sf=98 batt_temp=315
12-24 15:17:33.388   417   417 D VM_BMS  : For ocv=4015651 batt_temp=315 soc=87
12-24 15:17:33.388   417   417 D VM_BMS  : FIFO=3 fifo_avg=4.002228 rbatt=0.185000 slope=1.040000 ibatt=0.072803 ocv=4.015651 soc=87 fcc_ah=2.075000 sample_count=128 sample_interval=70 seq_num=10
12-24 15:17:33.388   417   417 D VM_BMS  : For soc=87 batt_temp=315 slope=10400
12-24 15:17:33.388   417   417 D VM_BMS  : For soc=87 batt_temp=315 rbatt_sf=98
12-24 15:17:33.388   417   417 D VM_BMS  : rbatt_mohm_default=138, rbatt_mohm=135, sf=98 batt_temp=315
12-24 15:17:33.388   417   417 D VM_BMS  : For ocv=4015543 batt_temp=315 soc=87
12-24 15:17:33.388   417   417 D VM_BMS  : FIFO=4 fifo_avg=3.999576 rbatt=0.185000 slope=1.040000 ibatt=0.086601 ocv=4.015543 soc=87 fcc_ah=2.075000 sample_count=128 sample_interval=70 seq_num=10
12-24 15:17:33.388   417   417 I VM_BMS  : power_supply_update: ocv_uv=4015543 ibatt=86600 soc=87 seq_num=10
12-24 15:17:33.388   417   417 D VM_BMS  : End process_bms_data
12-24 15:17:33.388   417   417 D VM_BMS  : wake_lock released
12-24 15:17:33.388   319   319 I Gecko   : [SUB0] QCONTENT_HELPER Received observer notification: mozsettings-changed
12-24 15:17:33.388  4864  4864 I dnsmasq : DHCPREQUEST(rndis0) 192.168.30.10 02:56:53:08:35:39 
12-24 15:17:33.388  4864  4864 I dnsmasq : DHCPACK(rndis0) 192.168.30.10 02:56:53:08:35:39 VTA076
12-24 15:17:33.388  4864  4864 W dnsmasq : Ignoring domain VOTARYTECH.COM for DHCP host name VTA076
12-24 15:17:33.398  4864  4864 I dnsmasq : DHCPREQUEST(rndis0) 192.168.30.10 02:56:53:08:35:39 
12-24 15:17:33.398  4864  4864 I dnsmasq : DHCPACK(rndis0) 192.168.30.10 02:56:53:08:35:39 VTA076
12-24 15:17:33.398  4864  4864 W dnsmasq : Ignoring domain VOTARYTECH.COM for DHCP host name VTA076
12-24 15:17:33.403  4785  4785 I KERNEL  : [  531.194169] android_work: sent uevent USB_STATE=CONFIGURED
12-24 15:17:33.418   319   319 I GeckoConsole: QLOC: MozSettingShim: Got topic change:gonkhal-battery-notifier
12-24 15:17:33.658   312   392 D ThermalEngine: sensor_wait: case_therm Wait done.
12-24 15:17:33.658   312   392 D ThermalEngine: sensor_monitor: case_therm Reading 35000 .
12-24 15:17:33.658   312   392 I ThermalEngine: Sensor:case_therm:35000 mC
12-24 15:17:33.658   312   392 D ThermalEngine: update_active_thresh: case_therm Active(1), Hi(1) 40000, Lo(0) -2147483648, Interval(1) 5000
12-24 15:17:33.658   312   392 D ThermalEngine: sensor_monitor: case_therm Sensor wait.
12-24 15:17:33.658   312   392 D ThermalEngine: sensor_wait: case_therm Wait start. 5000ms
12-24 15:17:33.678   319   319 D SERVICE_STATE_TRACKER: Signal Strength changed; sending info to content process
12-24 15:17:33.678   319   319 D NS_ICC_SERVICE: GetCardState 
12-24 15:17:33.678   319   319 D SIGNAL_STRENGTH: nsMobileSignalStrength mLevel=4,mGsmSignalStrength=99,mGsmBitErrorRate=0,mCdmaDbm=-120,mCdmaEcio=-160,mEvdoDbm=-120,mEvdoEcio=-1,mEvdoSnr=-1,mLteSignalStrength=31,mLteRsrp=-76,mLteRsrq=-6,mLteRssnr=254,mLteCqi=2147483647,mTimingAdvance=99,mTdScdmaRscp=2147483647
12-24 15:17:33.678   319   319 E SIGNAL_STRENGTH: nsMobileSignalStrength::GetLevel = 4
12-24 15:17:33.678   319   319 D NS_ICC_SERVICE: GetCardState 
12-24 15:17:33.698   319   319 D NS_ICC_SERVICE: GetCardState 
12-24 15:17:33.698   319   319 D SIGNAL_STRENGTH: nsMobileSignalStrength mLevel=4,mGsmSignalStrength=99,mGsmBitErrorRate=0,mCdmaDbm=-120,mCdmaEcio=-160,mEvdoDbm=-120,mEvdoEcio=-1,mEvdoSnr=-1,mLteSignalStrength=31,mLteRsrp=-76,mLteRsrq=-6,mLteRssnr=254,mLteCqi=2147483647,mTimingAdvance=99,mTdScdmaRscp=2147483647
12-24 15:17:33.698   319   319 E SIGNAL_STRENGTH: nsMobileSignalStrength::GetLevel = 4
12-24 15:17:33.698   319   319 D SIGNAL_STRENGTH: nsMobileSignalStrength mLevel=4,mGsmSignalStrength=99,mGsmBitErrorRate=0,mCdmaDbm=-120,mCdmaEcio=-160,mEvdoDbm=-120,mEvdoEcio=-1,mEvdoSnr=-1,mLteSignalStrength=31,mLteRsrp=-76,mLteRsrq=-6,mLteRssnr=254,mLteCqi=2147483647,mTimingAdvance=99,mTdScdmaRscp=2147483647
12-24 15:17:33.698   319   319 E SIGNAL_STRENGTH: nsMobileSignalStrength::GetLevel = 4
12-24 15:17:33.698   319   319 D SIGNAL_STRENGTH: nsMobileSignalStrength mLevel=4,mGsmSignalStrength=99,mGsmBitErrorRate=0,mCdmaDbm=-120,mCdmaEcio=-160,mEvdoDbm=-120,mEvdoEcio=-1,mEvdoSnr=-1,mLteSignalStrength=31,mLteRsrp=-76,mLteRsrq=-6,mLteRssnr=254,mLteCqi=2147483647,mTimingAdvance=99,mTdScdmaRscp=2147483647
12-24 15:17:33.698   319   319 E SIGNAL_STRENGTH: nsMobileSignalStrength::GetLevel = 4
12-24 15:17:33.698   319   319 D SIGNAL_STRENGTH: nsMobileSignalStrength mLevel=4,mGsmSignalStrength=99,mGsmBitErrorRate=0,mCdmaDbm=-120,mCdmaEcio=-160,mEvdoDbm=-120,mEvdoEcio=-1,mEvdoSnr=-1,mLteSignalStrength=31,mLteRsrp=-76,mLteRsrq=-6,mLteRssnr=254,mLteCqi=2147483647,mTimingAdvance=99,mTdScdmaRscp=2147483647
12-24 15:17:33.778   319  4868 I DongleCrypto:  3. Generate my random string(16byte)
12-24 15:17:33.778   319  4868 E DongleCrypto: error in read socket options 279
12-24 15:17:33.778   319  4868 I DongleCrypto: main init fail...return connect_fail
12-24 15:17:33.798  2501  3438 E NetlinkEvent: Unknown ifindex 24 in RTM_DELADDR
12-24 15:17:33.808   319   319 I Gecko   : [SUB0] QCONTENT_HELPER Received observer notification: mozsettings-changed
12-24 15:17:33.835     1     1 I KERNEL  : [  531.625590] init: Service 'adbd' is being killed...
12-24 15:17:33.837  4857  4860 I KERNEL  : [  531.627408] Error: returning -19 value
12-24 15:17:33.924     1     1 I KERNEL  : [  531.714825] init: Service 'adbd' (pid 4857) killed by signal 9
12-24 15:17:33.924     1     1 I KERNEL  : [  531.714904] init: Service 'adbd' (pid 4857) killing any children in process group
12-24 15:17:33.940     1     1 I KERNEL  : [  531.731149] init: Starting service 'adbd'...
12-24 15:17:33.946  4869  4870 I KERNEL  : [  531.736999] read descriptors
12-24 15:17:33.946  4869  4870 I KERNEL  : [  531.737079] read descriptors
12-24 15:17:33.946  4869  4870 I KERNEL  : [  531.737134] read strings
12-24 15:17:33.947  4869  4870 I KERNEL  : [  531.737275] msm_hsusb msm_hsusb: CI13XXX_CONTROLLER_CONNECT_EVENT received
12-24 15:17:33.950     0     0 I KERNEL  : [  531.740421] msm_otg 78d9000.usb: Avail curr from USB = 2
12-24 15:17:33.950     0     0 I KERNEL  : [  531.740462] msm_hsusb msm_hsusb: CI13XXX_CONTROLLER_SUSPEND_EVENT received
12-24 15:17:33.950  4785  4785 I KERNEL  : [  531.740517] android_work: did not send uevent (1 1   (null))
12-24 15:17:33.958   319   319 I GeckoConsole: QLOC: MozSettingShim: Got topic change:gonkhal-battery-notifier
12-24 15:17:33.958   319   319 D QLOC-OSAgent: POWERSTATE: 0
12-24 15:17:33.958   319   319 E IzatSvc_OSObserver: I/LocTech-Label :: OSOBSERVER :: Data Items In
12-24 15:17:33.958   319   319 E IzatSvc_OSObserver: I/LocTech-Value :: Data Item Value: IS_POWER_CONNECTED: false
12-24 15:17:33.958   319  2758 E LocSvc_api_v02: I/---> locClientSendReq line 2035 QMI_LOC_SET_EXTERNAL_POWER_CONFIG_REQ_V02
12-24 15:17:33.958   319  2794 E LocSvc_libulp: I/int ulp_msg_process_system_update(UlpSystemEvent): systemEvent:3 
12-24 15:17:33.958   319  2794 E LocSvc_libulp: I/int ulp_msg_process_start_req(), at ulp state = 1
