12-24 15:17:33.958   319  2780 E LocSvc_ApiV02: I/<--- void globalRespCb(locClientHandleType, uint32_t, locClientRespIndUnionType, uint32_t, void*) line 117 QMI_LOC_SET_EXTERNAL_POWER_CONFIG_REQ_V02
12-24 15:17:33.998  2501  3446 D TetherController: untetherInterface(rndis0)
12-24 15:17:34.068  2501  3446 D TetherController: Stopping tethering services
12-24 15:17:34.068  4864  4864 I dnsmasq : exiting on receipt of SIGTERM
12-24 15:17:34.078  2501  3446 D TetherController: Tethering services stopped
12-24 15:17:34.398  2733  2733 E sdcard  : missing packages.list; retrying
12-24 15:17:34.508   319   700 I AutoMounter: AutoMounter state changed from RNDIS_CONFIGURED to IDLE
12-24 15:17:34.508   319   700 I AutoMounter: UpdateState: ums:A0C0E0 mtp:A1C0E0 mode:0 usb:0 tryToShare:0 state:IDLE
12-24 15:17:34.508   319   700 I AutoMounter: UpdateState: Volume sdcard is Mounted and inserted @ /data/usbmsc_mnt gen 1 locked 0 sharing x
12-24 15:17:34.508   319   319 I DongleAutoMounter: Dongle USB Status : usb: 0, rndis: 0, retry: false
12-24 15:17:34.508   319   319 I DongleAutoMounter: Dongle disable debouncing start
12-24 15:17:34.508   319   319 I DongleAutoMounter: Dongle unpluged ?
12-24 15:17:34.528   319   319 I GeckoConsole: QLOC: MozSettingShim: Got topic change:gonkhal-battery-notifier
12-24 15:17:34.528   319   319 D QLOC-OSAgent: POWERSTATE: 1
12-24 15:17:34.528   319   319 E IzatSvc_OSObserver: I/LocTech-Label :: OSOBSERVER :: Data Items In
12-24 15:17:34.528   319   319 E IzatSvc_OSObserver: I/LocTech-Value :: Data Item Value: IS_POWER_CONNECTED: true
12-24 15:17:34.528   319  2758 E LocSvc_api_v02: I/---> locClientSendReq line 2035 QMI_LOC_SET_EXTERNAL_POWER_CONFIG_REQ_V02
12-24 15:17:34.528   319  2794 E LocSvc_libulp: I/int ulp_msg_process_system_update(UlpSystemEvent): systemEvent:2 
12-24 15:17:34.528   319  2794 E LocSvc_libulp: I/int ulp_msg_process_start_req(), at ulp state = 1
12-24 15:17:34.528   319  2780 E LocSvc_ApiV02: I/<--- void globalRespCb(locClientHandleType, uint32_t, locClientRespIndUnionType, uint32_t, void*) line 117 QMI_LOC_SET_EXTERNAL_POWER_CONFIG_REQ_V02
12-24 15:17:34.551     0     0 I KERNEL  : [  532.341504] msm_hsusb msm_hsusb: CI13XXX_CONTROLLER_RESUME_EVENT received
12-24 15:17:34.551     0     0 I KERNEL  : [  532.341578] msm_otg 78d9000.usb: Avail curr from USB = 100
12-24 15:17:34.551  4785  4785 I KERNEL  : [  532.341802] android_work: sent uevent USB_STATE=DISCONNECTED
12-24 15:17:34.608   319   319 I GeckoConsole: QLOC: MozSettingShim: Got topic change:gonkhal-battery-notifier
12-24 15:17:34.641  4785  4785 I KERNEL  : [  532.431417] android_work: sent uevent USB_STATE=CONNECTED
12-24 15:17:34.645  4785  4785 I KERNEL  : [  532.435999] android_work: sent uevent USB_STATE=DISCONNECTED
12-24 15:17:34.708   319   319 I DongleAutoMounter: Usb debouncing, no need to disable tether
12-24 15:17:34.718   319   319 I DongleAutoMounter: USB debouncing, no need to setup retry flag
12-24 15:17:34.758   319   319 I GeckoConsole: QLOC: MozSettingShim: Got topic change:gonkhal-battery-notifier
12-24 15:17:34.762  4785  4785 I KERNEL  : [  532.552669] android_work: sent uevent USB_STATE=CONNECTED
12-24 15:17:34.789  3696  3696 I KERNEL  : [  532.580071] android_usb gadget: high-speed config #1: 86000c8.android_usb
12-24 15:17:34.789  3696  3696 I KERNEL  : [  532.580125] diag: USB channel diag connected
12-24 15:17:34.790  3696  3696 I KERNEL  : [  532.580225] msm_otg 78d9000.usb: Avail curr from USB = 500
12-24 15:17:34.798   319   700 I AutoMounter: UpdateState: ums:A0C0E0 mtp:A1C0E0 mode:0 usb:1 tryToShare:0 state:IDLE
12-24 15:17:34.798   319   700 I AutoMounter: UpdateState: Volume sdcard is Mounted and inserted @ /data/usbmsc_mnt gen 1 locked 0 sharing x
12-24 15:17:34.798   319   319 I DongleAutoMounter: Dongle USB Status : usb: 1, rndis: 0, retry: false
12-24 15:17:34.798   319   319 I DongleAutoMounter: Dongle disable debouncing start
12-24 15:17:34.798   319   319 I DongleAutoMounter: Usb debouncing, no need to disable tether
12-24 15:17:34.798   319   319 I DongleAutoMounter: Dongle plugged, reset timer
12-24 15:17:34.843  4785  4785 I KERNEL  : [  532.634112] android_work: sent uevent USB_STATE=CONFIGURED
12-24 15:17:35.228   319   319 I Gecko   : 1577180855238	AlarmsService	DEBUG	_onAlarmFired()
12-24 15:17:35.228   319   319 I Gecko   : 1577180855239	AlarmsService	DEBUG	_removeAlarmFromDb()
12-24 15:17:35.228   319   319 I Gecko   : 1577180855239	AlarmsService	DEBUG	Remove alarm from DB successfully.
12-24 15:17:35.238   319   319 I Gecko   : 1577180855248	AlarmsService	DEBUG	_notifyAlarmObserver()
12-24 15:17:35.248   319   319 I WakeLock: Acquire cpu wakelock
12-24 15:17:35.248   319   319 I Gecko   : 1577180855252	AlarmsService	DEBUG	Current alarm: {"date":"2019-12-24T10:19:01.762Z","data":{"alarmType":"SalesTrackerAlarm"},"ignoreTimezone":true,"timezoneOffset":-330,"id":-1}
12-24 15:17:35.248   319   319 I Gecko   : 1577180855253	AlarmsService	DEBUG	Alarm queue: [{"date":"2019-12-24T10:39:43.138Z","ignoreTimezone":true,"data":{"type":"AppUsageMetrics"},"pageURL":"app://system.gaiamobile.org/index.html","manifestURL":"app://system.gaiamobile.org/manifest.webapp","timezoneOffset":-330,"id":11,"alarmFiredCb":null},{"date":"2019-12-24T11:39:43.155Z","ignoreTimezone":true,"data":{"type":"silentInstall"},"pageURL":"app://system.gaiamobile.org/index.html","manifestURL":"app://system.gaiamobile.org/manifest.webapp","timezoneOffset":-330,"id":12,"alarmFiredCb":null},{"date":"2019-12-25T02:07:06.371Z","ignoreTimezone":true,"data":{"func":"reportingAlarm"},"pageURL":"app://jioservice.jio.com/index.html","manifestURL":"https://api.kai.jiophone.net/v2.0/apps/manifest/GihMv9tGcRfA6i3gqBIH","timezoneOffset":-330,"id":8,"alarmFiredCb":null},{"date":"2019-12-25T02:07:06.395Z","ignoreTimezone":true,"data":{"func":"reportingAlarm"},"pageURL":"app://jioservice.jio.com/index.html","manifestURL":"https://api.kai.jiophone.net/v2.0/apps/manife
12-24 15:17:35.248   319   319 I Gecko   : 1577180855253	AlarmsService	DEBUG	_notifyAlarmObserver - timeout()
12-24 15:17:35.248   319   319 I WakeLock: Acquire cpu wakelock
12-24 15:17:35.248   319   319 I WakeLock: Release cpu wakelock
12-24 15:17:37.398  2733  2733 E sdcard  : missing packages.list; retrying
12-24 15:17:38.658   312   392 D ThermalEngine: sensor_wait: case_therm Wait done.
12-24 15:17:38.658   312   392 D ThermalEngine: sensor_monitor: case_therm Reading 35000 .
12-24 15:17:38.658   312   392 I ThermalEngine: Sensor:case_therm:35000 mC
12-24 15:17:38.658   312   392 D ThermalEngine: update_active_thresh: case_therm Active(1), Hi(1) 40000, Lo(0) -2147483648, Interval(1) 5000
12-24 15:17:38.658   312   392 D ThermalEngine: sensor_monitor: case_therm Sensor wait.
12-24 15:17:38.658   312   392 D ThermalEngine: sensor_wait: case_therm Wait start. 5000ms
12-24 15:17:39.678   319   319 D SERVICE_STATE_TRACKER: Signal Strength changed; sending info to content process
12-24 15:17:39.678   319   319 D NS_ICC_SERVICE: GetCardState 
12-24 15:17:39.678   319   319 D SIGNAL_STRENGTH: nsMobileSignalStrength mLevel=4,mGsmSignalStrength=99,mGsmBitErrorRate=0,mCdmaDbm=-120,mCdmaEcio=-160,mEvdoDbm=-120,mEvdoEcio=-1,mEvdoSnr=-1,mLteSignalStrength=31,mLteRsrp=-77,mLteRsrq=-7,mLteRssnr=216,mLteCqi=2147483647,mTimingAdvance=99,mTdScdmaRscp=2147483647
12-24 15:17:39.678   319   319 E SIGNAL_STRENGTH: nsMobileSignalStrength::GetLevel = 4
12-24 15:17:39.678   319   319 D NS_ICC_SERVICE: GetCardState 
12-24 15:17:39.678   319   319 D NS_ICC_SERVICE: GetCardState 
12-24 15:17:39.678   319   319 D SIGNAL_STRENGTH: nsMobileSignalStrength mLevel=4,mGsmSignalStrength=99,mGsmBitErrorRate=0,mCdmaDbm=-120,mCdmaEcio=-160,mEvdoDbm=-120,mEvdoEcio=-1,mEvdoSnr=-1,mLteSignalStrength=31,mLteRsrp=-77,mLteRsrq=-7,mLteRssnr=216,mLteCqi=2147483647,mTimingAdvance=99,mTdScdmaRscp=2147483647
12-24 15:17:39.678   319   319 E SIGNAL_STRENGTH: nsMobileSignalStrength::GetLevel = 4
12-24 15:17:39.678   319   319 D SIGNAL_STRENGTH: nsMobileSignalStrength mLevel=4,mGsmSignalStrength=99,mGsmBitErrorRate=0,mCdmaDbm=-120,mCdmaEcio=-160,mEvdoDbm=-120,mEvdoEcio=-1,mEvdoSnr=-1,mLteSignalStrength=31,mLteRsrp=-77,mLteRsrq=-7,mLteRssnr=216,mLteCqi=2147483647,mTimingAdvance=99,mTdScdmaRscp=2147483647
12-24 15:17:39.678   319   319 E SIGNAL_STRENGTH: nsMobileSignalStrength::GetLevel = 4
12-24 15:17:39.688   319   319 D SIGNAL_STRENGTH: nsMobileSignalStrength mLevel=4,mGsmSignalStrength=99,mGsmBitErrorRate=0,mCdmaDbm=-120,mCdmaEcio=-160,mEvdoDbm=-120,mEvdoEcio=-1,mEvdoSnr=-1,mLteSignalStrength=31,mLteRsrp=-77,mLteRsrq=-7,mLteRssnr=216,mLteCqi=2147483647,mTimingAdvance=99,mTdScdmaRscp=2147483647
12-24 15:17:39.688   319   319 E SIGNAL_STRENGTH: nsMobileSignalStrength::GetLevel = 4
12-24 15:17:39.688   319   319 D SIGNAL_STRENGTH: nsMobileSignalStrength mLevel=4,mGsmSignalStrength=99,mGsmBitErrorRate=0,mCdmaDbm=-120,mCdmaEcio=-160,mEvdoDbm=-120,mEvdoEcio=-1,mEvdoSnr=-1,mLteSignalStrength=31,mLteRsrp=-77,mLteRsrq=-7,mLteRssnr=216,mLteCqi=2147483647,mTimingAdvance=99,mTdScdmaRscp=2147483647
12-24 15:17:40.398  2733  2733 E sdcard  : missing packages.list; retrying
12-24 15:17:43.398  2733  2733 E sdcard  : missing packages.list; retrying
12-24 15:17:43.568   449   449 I KERNEL  : [  541.358428] msm_hsusb msm_hsusb: [ep_queue] request already in queue
12-24 15:17:43.658   312   392 D ThermalEngine: sensor_wait: case_therm Wait done.
12-24 15:17:43.658   312   392 D ThermalEngine: sensor_monitor: case_therm Reading 35000 .
12-24 15:17:43.658   312   392 I ThermalEngine: Sensor:case_therm:35000 mC
12-24 15:17:43.658   312   392 D ThermalEngine: update_active_thresh: case_therm Active(1), Hi(1) 40000, Lo(0) -2147483648, Interval(1) 5000
12-24 15:17:43.658   312   392 D ThermalEngine: sensor_monitor: case_therm Sensor wait.
12-24 15:17:43.658   312   392 D ThermalEngine: sensor_wait: case_therm Wait start. 5000ms
12-24 15:17:46.248   319   319 I WakeLock: Release cpu wakelock
12-24 15:17:46.398  2733  2733 E sdcard  : missing packages.list; retrying
12-24 15:17:48.658   312   392 D ThermalEngine: sensor_wait: case_therm Wait done.
12-24 15:17:48.658   312   392 D ThermalEngine: sensor_monitor: case_therm Reading 35000 .
12-24 15:17:48.658   312   392 I ThermalEngine: Sensor:case_therm:35000 mC
12-24 15:17:48.658   312   392 D ThermalEngine: update_active_thresh: case_therm Active(1), Hi(1) 40000, Lo(0) -2147483648, Interval(1) 5000
12-24 15:17:48.658   312   392 D ThermalEngine: sensor_monitor: case_therm Sensor wait.
12-24 15:17:48.658   312   392 D ThermalEngine: sensor_wait: case_therm Wait start. 5000ms
12-24 15:17:49.398  2733  2733 E sdcard  : missing packages.list; retrying
12-24 15:17:51.678   319   319 D SERVICE_STATE_TRACKER: Signal Strength changed; sending info to content process
12-24 15:17:51.678   319   319 D NS_ICC_SERVICE: GetCardState 
12-24 15:17:51.678   319   319 D SIGNAL_STRENGTH: nsMobileSignalStrength mLevel=4,mGsmSignalStrength=99,mGsmBitErrorRate=0,mCdmaDbm=-120,mCdmaEcio=-160,mEvdoDbm=-120,mEvdoEcio=-1,mEvdoSnr=-1,mLteSignalStrength=31,mLteRsrp=-77,mLteRsrq=-11,mLteRssnr=226,mLteCqi=2147483647,mTimingAdvance=99,mTdScdmaRscp=2147483647
12-24 15:17:51.678   319   319 E SIGNAL_STRENGTH: nsMobileSignalStrength::GetLevel = 4
12-24 15:17:51.678   319   319 D NS_ICC_SERVICE: GetCardState 
12-24 15:17:51.688   319   319 D NS_ICC_SERVICE: GetCardState 
12-24 15:17:51.688   319   319 D SIGNAL_STRENGTH: nsMobileSignalStrength mLevel=4,mGsmSignalStrength=99,mGsmBitErrorRate=0,mCdmaDbm=-120,mCdmaEcio=-160,mEvdoDbm=-120,mEvdoEcio=-1,mEvdoSnr=-1,mLteSignalStrength=31,mLteRsrp=-77,mLteRsrq=-11,mLteRssnr=226,mLteCqi=2147483647,mTimingAdvance=99,mTdScdmaRscp=2147483647
12-24 15:17:51.688   319   319 E SIGNAL_STRENGTH: nsMobileSignalStrength::GetLevel = 4
12-24 15:17:51.688   319   319 D SIGNAL_STRENGTH: nsMobileSignalStrength mLevel=4,mGsmSignalStrength=99,mGsmBitErrorRate=0,mCdmaDbm=-120,mCdmaEcio=-160,mEvdoDbm=-120,mEvdoEcio=-1,mEvdoSnr=-1,mLteSignalStrength=31,mLteRsrp=-77,mLteRsrq=-11,mLteRssnr=226,mLteCqi=2147483647,mTimingAdvance=99,mTdScdmaRscp=2147483647
12-24 15:17:51.688   319   319 E SIGNAL_STRENGTH: nsMobileSignalStrength::GetLevel = 4
12-24 15:17:51.688   319   319 D SIGNAL_STRENGTH: nsMobileSignalStrength mLevel=4,mGsmSignalStrength=99,mGsmBitErrorRate=0,mCdmaDbm=-120,mCdmaEcio=-160,mEvdoDbm=-120,mEvdoEcio=-1,mEvdoSnr=-1,mLteSignalStrength=31,mLteRsrp=-77,mLteRsrq=-11,mLteRssnr=226,mLteCqi=2147483647,mTimingAdvance=99,mTdScdmaRscp=2147483647
12-24 15:17:51.688   319   319 E SIGNAL_STRENGTH: nsMobileSignalStrength::GetLevel = 4
12-24 15:17:51.688   319   319 D SIGNAL_STRENGTH: nsMobileSignalStrength mLevel=4,mGsmSignalStrength=99,mGsmBitErrorRate=0,mCdmaDbm=-120,mCdmaEcio=-160,mEvdoDbm=-120,mEvdoEcio=-1,mEvdoSnr=-1,mLteSignalStrength=31,mLteRsrp=-77,mLteRsrq=-11,mLteRssnr=226,mLteCqi=2147483647,mTimingAdvance=99,mTdScdmaRscp=2147483647
12-24 15:17:52.158  3990  3990 I clatd   : Detecting NAT64 prefix from DNS...
12-24 15:17:52.158  3990  3990 E clatd   : plat_prefix/dns(ipv4only.arpa) status = 7/No address associated with hostname
12-24 15:17:52.168  3990  3990 W clatd   : dns64_detection -- error, sleeping for 120 seconds
12-24 15:17:52.398  2733  2733 E sdcard  : missing packages.list; retrying
12-24 15:17:53.468   319   319 I GeckoConsole: QLOC: MozSettingShim: Got topic change:gonkhal-battery-notifier
12-24 15:17:53.658   312   392 D ThermalEngine: sensor_wait: case_therm Wait done.
12-24 15:17:53.658   312   392 D ThermalEngine: sensor_monitor: case_therm Reading 35000 .
12-24 15:17:53.668   312   392 I ThermalEngine: Sensor:case_therm:35000 mC
12-24 15:17:53.668   312   392 D ThermalEngine: update_active_thresh: case_therm Active(1), Hi(1) 40000, Lo(0) -2147483648, Interval(1) 5000
12-24 15:17:53.668   312   392 D ThermalEngine: sensor_monitor: case_therm Sensor wait.
12-24 15:17:53.668   312   392 D ThermalEngine: sensor_wait: case_therm Wait start. 5000ms
12-24 15:17:54.678   319   319 D SERVICE_STATE_TRACKER: Signal Strength changed; sending info to content process
12-24 15:17:54.678   319   319 D NS_ICC_SERVICE: GetCardState 
12-24 15:17:54.678   319   319 D SIGNAL_STRENGTH: nsMobileSignalStrength mLevel=4,mGsmSignalStrength=99,mGsmBitErrorRate=0,mCdmaDbm=-120,mCdmaEcio=-160,mEvdoDbm=-120,mEvdoEcio=-1,mEvdoSnr=-1,mLteSignalStrength=31,mLteRsrp=-76,mLteRsrq=-7,mLteRssnr=216,mLteCqi=2147483647,mTimingAdvance=99,mTdScdmaRscp=2147483647
12-24 15:17:54.678   319   319 E SIGNAL_STRENGTH: nsMobileSignalStrength::GetLevel = 4
12-24 15:17:54.678   319   319 D NS_ICC_SERVICE: GetCardState 
12-24 15:17:54.678   319   319 D NS_ICC_SERVICE: GetCardState 
12-24 15:17:54.678   319   319 D SIGNAL_STRENGTH: nsMobileSignalStrength mLevel=4,mGsmSignalStrength=99,mGsmBitErrorRate=0,mCdmaDbm=-120,mCdmaEcio=-160,mEvdoDbm=-120,mEvdoEcio=-1,mEvdoSnr=-1,mLteSignalStrength=31,mLteRsrp=-76,mLteRsrq=-7,mLteRssnr=216,mLteCqi=2147483647,mTimingAdvance=99,mTdScdmaRscp=2147483647
12-24 15:17:54.678   319   319 E SIGNAL_STRENGTH: nsMobileSignalStrength::GetLevel = 4
12-24 15:17:54.678   319   319 D SIGNAL_STRENGTH: nsMobileSignalStrength mLevel=4,mGsmSignalStrength=99,mGsmBitErrorRate=0,mCdmaDbm=-120,mCdmaEcio=-160,mEvdoDbm=-120,mEvdoEcio=-1,mEvdoSnr=-1,mLteSignalStrength=31,mLteRsrp=-76,mLteRsrq=-7,mLteRssnr=216,mLteCqi=2147483647,mTimingAdvance=99,mTdScdmaRscp=2147483647
12-24 15:17:54.678   319   319 E SIGNAL_STRENGTH: nsMobileSignalStrength::GetLevel = 4
12-24 15:17:54.678   319   319 D SIGNAL_STRENGTH: nsMobileSignalStrength mLevel=4,mGsmSignalStrength=99,mGsmBitErrorRate=0,mCdmaDbm=-120,mCdmaEcio=-160,mEvdoDbm=-120,mEvdoEcio=-1,mEvdoSnr=-1,mLteSignalStrength=31,mLteRsrp=-76,mLteRsrq=-7,mLteRssnr=216,mLteCqi=2147483647,mTimingAdvance=99,mTdScdmaRscp=2147483647
12-24 15:17:54.678   319   319 E SIGNAL_STRENGTH: nsMobileSignalStrength::GetLevel = 4
12-24 15:17:54.678   319   319 D SIGNAL_STRENGTH: nsMobileSignalStrength mLevel=4,mGsmSignalStrength=99,mGsmBitErrorRate=0,mCdmaDbm=-120,mCdmaEcio=-160,mEvdoDbm=-120,mEvdoEcio=-1,mEvdoSnr=-1,mLteSignalStrength=31,mLteRsrp=-76,mLteRsrq=-7,mLteRssnr=216,mLteCqi=2147483647,mTimingAdvance=99,mTdScdmaRscp=2147483647
12-24 15:17:55.258   319   319 I Gecko   : 1577180875261	AlarmsService	DEBUG	remove(-9, undefined)
12-24 15:17:55.258   319   319 I Gecko   : 1577180875262	AlarmsService	DEBUG	_removeAlarmFromDb()
12-24 15:17:55.258   319   319 I Gecko   : 1577180875262	AlarmsService	DEBUG	Callback after removing alarm from database.
12-24 15:17:55.258   319   319 I Gecko   : 1577180875264	AlarmsService	DEBUG	Current alarm: {"date":"2019-12-24T10:19:01.762Z","data":{"alarmType":"SalesTrackerAlarm"},"ignoreTimezone":true,"timezoneOffset":-330,"id":-1}
12-24 15:17:55.258   319   319 I Gecko   : 1577180875268	AlarmsService	DEBUG	Alarm queue: [{"date":"2019-12-24T10:39:43.138Z","ignoreTimezone":true,"data":{"type":"AppUsageMetrics"},"pageURL":"app://system.gaiamobile.org/index.html","manifestURL":"app://system.gaiamobile.org/manifest.webapp","timezoneOffset":-330,"id":11,"alarmFiredCb":null},{"date":"2019-12-24T11:39:43.155Z","ignoreTimezone":true,"data":{"type":"silentInstall"},"pageURL":"app://system.gaiamobile.org/index.html","manifestURL":"app://system.gaiamobile.org/manifest.webapp","timezoneOffset":-330,"id":12,"alarmFiredCb":null},{"date":"2019-12-25T02:07:06.371Z","ignoreTimezone":true,"data":{"func":"reportingAlarm"},"pageURL":"app://jioservice.jio.com/index.html","manifestURL":"https://api.kai.jiophone.net/v2.0/apps/manifest/GihMv9tGcRfA6i3gqBIH","timezoneOffset":-330,"id":8,"alarmFiredCb":null},{"date":"2019-12-25T02:07:06.395Z","ignoreTimezone":true,"data":{"func":"reportingAlarm"},"pageURL":"app://jioservice.jio.com/index.html","manifestURL":"https://api.kai.jiophone.net/v2.0/apps/manife
12-24 15:17:55.258   319   319 I Gecko   : 1577180875269	AlarmsService	DEBUG	add(Tue Dec 24 2019 15:20:55 GMT+0530 (IST))
12-24 15:17:55.268   319   319 I Gecko   : 1577180875271	AlarmsService	DEBUG	Current alarm: {"date":"2019-12-24T09:50:55.268Z","ignoreTimezone":true,"timezoneOffset":-330,"id":-10}
12-24 15:17:55.268   319   319 I Gecko   : 1577180875272	AlarmsService	DEBUG	Alarm queue: [{"date":"2019-12-24T10:19:01.762Z","data":{"alarmType":"SalesTrackerAlarm"},"ignoreTimezone":true,"timezoneOffset":-330,"id":-1},{"date":"2019-12-24T10:39:43.138Z","ignoreTimezone":true,"data":{"type":"AppUsageMetrics"},"pageURL":"app://system.gaiamobile.org/index.html","manifestURL":"app://system.gaiamobile.org/manifest.webapp","timezoneOffset":-330,"id":11,"alarmFiredCb":null},{"date":"2019-12-24T11:39:43.155Z","ignoreTimezone":true,"data":{"type":"silentInstall"},"pageURL":"app://system.gaiamobile.org/index.html","manifestURL":"app://system.gaiamobile.org/manifest.webapp","timezoneOffset":-330,"id":12,"alarmFiredCb":null},{"date":"2019-12-25T02:07:06.371Z","ignoreTimezone":true,"data":{"func":"reportingAlarm"},"pageURL":"app://jioservice.jio.com/index.html","manifestURL":"https://api.kai.jiophone.net/v2.0/apps/manifest/GihMv9tGcRfA6i3gqBIH","timezoneOffset":-330,"id":8,"alarmFiredCb":null},{"date":"2019-12-25T02:07:06.395Z","ignoreTimezone":true,"data":{"fun
12-24 15:17:55.398  2733  2733 E sdcard  : missing packages.list; retrying
12-24 15:17:58.398  2733  2733 E sdcard  : missing packages.list; retrying
12-24 15:17:58.668   312   392 D ThermalEngine: sensor_wait: case_therm Wait done.
12-24 15:17:58.668   312   392 D ThermalEngine: sensor_monitor: case_therm Reading 35000 .
12-24 15:17:58.668   312   392 I ThermalEngine: Sensor:case_therm:35000 mC
12-24 15:17:58.668   312   392 D ThermalEngine: update_active_thresh: case_therm Active(1), Hi(1) 40000, Lo(0) -2147483648, Interval(1) 5000
12-24 15:17:58.668   312   392 D ThermalEngine: sensor_monitor: case_therm Sensor wait.
12-24 15:17:58.668   312   392 D ThermalEngine: sensor_wait: case_therm Wait start. 5000ms
12-24 15:18:01.398  2733  2733 E sdcard  : missing packages.list; retrying
12-24 15:18:03.668   312   392 D ThermalEngine: sensor_wait: case_therm Wait done.
12-24 15:18:03.668   312   392 D ThermalEngine: sensor_monitor: case_therm Reading 35000 .
12-24 15:18:03.668   312   392 I ThermalEngine: Sensor:case_therm:35000 mC
12-24 15:18:03.668   312   392 D ThermalEngine: update_active_thresh: case_therm Active(1), Hi(1) 40000, Lo(0) -2147483648, Interval(1) 5000
12-24 15:18:03.668   312   392 D ThermalEngine: sensor_monitor: case_therm Sensor wait.
12-24 15:18:03.668   312   392 D ThermalEngine: sensor_wait: case_therm Wait start. 5000ms
12-24 15:18:03.678   319   319 D SERVICE_STATE_TRACKER: Signal Strength changed; sending info to content process
12-24 15:18:03.678   319   319 D NS_ICC_SERVICE: GetCardState 
12-24 15:18:03.678   319   319 D SIGNAL_STRENGTH: nsMobileSignalStrength mLevel=4,mGsmSignalStrength=99,mGsmBitErrorRate=0,mCdmaDbm=-120,mCdmaEcio=-160,mEvdoDbm=-120,mEvdoEcio=-1,mEvdoSnr=-1,mLteSignalStrength=31,mLteRsrp=-78,mLteRsrq=-7,mLteRssnr=230,mLteCqi=2147483647,mTimingAdvance=99,mTdScdmaRscp=2147483647
12-24 15:18:03.678   319   319 E SIGNAL_STRENGTH: nsMobileSignalStrength::GetLevel = 4
12-24 15:18:03.678   319   319 D NS_ICC_SERVICE: GetCardState 
12-24 15:18:03.678   319   319 D NS_ICC_SERVICE: GetCardState 
12-24 15:18:03.678   319   319 D SIGNAL_STRENGTH: nsMobileSignalStrength mLevel=4,mGsmSignalStrength=99,mGsmBitErrorRate=0,mCdmaDbm=-120,mCdmaEcio=-160,mEvdoDbm=-120,mEvdoEcio=-1,mEvdoSnr=-1,mLteSignalStrength=31,mLteRsrp=-78,mLteRsrq=-7,mLteRssnr=230,mLteCqi=2147483647,mTimingAdvance=99,mTdScdmaRscp=2147483647
12-24 15:18:03.678   319   319 E SIGNAL_STRENGTH: nsMobileSignalStrength::GetLevel = 4
12-24 15:18:03.678   319   319 D SIGNAL_STRENGTH: nsMobileSignalStrength mLevel=4,mGsmSignalStrength=99,mGsmBitErrorRate=0,mCdmaDbm=-120,mCdmaEcio=-160,mEvdoDbm=-120,mEvdoEcio=-1,mEvdoSnr=-1,mLteSignalStrength=31,mLteRsrp=-78,mLteRsrq=-7,mLteRssnr=230,mLteCqi=2147483647,mTimingAdvance=99,mTdScdmaRscp=2147483647
12-24 15:18:03.678   319   319 E SIGNAL_STRENGTH: nsMobileSignalStrength::GetLevel = 4
12-24 15:18:03.688   319   319 D SIGNAL_STRENGTH: nsMobileSignalStrength mLevel=4,mGsmSignalStrength=99,mGsmBitErrorRate=0,mCdmaDbm=-120,mCdmaEcio=-160,mEvdoDbm=-120,mEvdoEcio=-1,mEvdoSnr=-1,mLteSignalStrength=31,mLteRsrp=-78,mLteRsrq=-7,mLteRssnr=230,mLteCqi=2147483647,mTimingAdvance=99,mTdScdmaRscp=2147483647
12-24 15:18:03.688   319   319 E SIGNAL_STRENGTH: nsMobileSignalStrength::GetLevel = 4
12-24 15:18:03.688   319   319 D SIGNAL_STRENGTH: nsMobileSignalStrength mLevel=4,mGsmSignalStrength=99,mGsmBitErrorRate=0,mCdmaDbm=-120,mCdmaEcio=-160,mEvdoDbm=-120,mEvdoEcio=-1,mEvdoSnr=-1,mLteSignalStrength=31,mLteRsrp=-78,mLteRsrq=-7,mLteRssnr=230,mLteCqi=2147483647,mTimingAdvance=99,mTdScdmaRscp=2147483647
12-24 15:18:04.398  2733  2733 E sdcard  : missing packages.list; retrying
12-24 15:18:06.678   319   319 D SERVICE_STATE_TRACKER: Signal Strength changed; sending info to content process
12-24 15:18:06.688   319   319 D NS_ICC_SERVICE: GetCardState 
12-24 15:18:06.688   319   319 D SIGNAL_STRENGTH: nsMobileSignalStrength mLevel=4,mGsmSignalStrength=99,mGsmBitErrorRate=0,mCdmaDbm=-120,mCdmaEcio=-160,mEvdoDbm=-120,mEvdoEcio=-1,mEvdoSnr=-1,mLteSignalStrength=31,mLteRsrp=-77,mLteRsrq=-7,mLteRssnr=240,mLteCqi=2147483647,mTimingAdvance=99,mTdScdmaRscp=2147483647
12-24 15:18:06.688   319   319 E SIGNAL_STRENGTH: nsMobileSignalStrength::GetLevel = 4
12-24 15:18:06.688   319   319 D NS_ICC_SERVICE: GetCardState 
12-24 15:18:06.688   319   319 D NS_ICC_SERVICE: GetCardState 
12-24 15:18:06.688   319   319 D SIGNAL_STRENGTH: nsMobileSignalStrength mLevel=4,mGsmSignalStrength=99,mGsmBitErrorRate=0,mCdmaDbm=-120,mCdmaEcio=-160,mEvdoDbm=-120,mEvdoEcio=-1,mEvdoSnr=-1,mLteSignalStrength=31,mLteRsrp=-77,mLteRsrq=-7,mLteRssnr=240,mLteCqi=2147483647,mTimingAdvance=99,mTdScdmaRscp=2147483647
12-24 15:18:06.688   319   319 E SIGNAL_STRENGTH: nsMobileSignalStrength::GetLevel = 4
12-24 15:18:06.688   319   319 D SIGNAL_STRENGTH: nsMobileSignalStrength mLevel=4,mGsmSignalStrength=99,mGsmBitErrorRate=0,mCdmaDbm=-120,mCdmaEcio=-160,mEvdoDbm=-120,mEvdoEcio=-1,mEvdoSnr=-1,mLteSignalStrength=31,mLteRsrp=-77,mLteRsrq=-7,mLteRssnr=240,mLteCqi=2147483647,mTimingAdvance=99,mTdScdmaRscp=2147483647
12-24 15:18:06.688   319   319 E SIGNAL_STRENGTH: nsMobileSignalStrength::GetLevel = 4
12-24 15:18:06.698   319   319 D SIGNAL_STRENGTH: nsMobileSignalStrength mLevel=4,mGsmSignalStrength=99,mGsmBitErrorRate=0,mCdmaDbm=-120,mCdmaEcio=-160,mEvdoDbm=-120,mEvdoEcio=-1,mEvdoSnr=-1,mLteSignalStrength=31,mLteRsrp=-77,mLteRsrq=-7,mLteRssnr=240,mLteCqi=2147483647,mTimingAdvance=99,mTdScdmaRscp=2147483647
12-24 15:18:06.698   319   319 E SIGNAL_STRENGTH: nsMobileSignalStrength::GetLevel = 4
12-24 15:18:06.698   319   319 D SIGNAL_STRENGTH: nsMobileSignalStrength mLevel=4,mGsmSignalStrength=99,mGsmBitErrorRate=0,mCdmaDbm=-120,mCdmaEcio=-160,mEvdoDbm=-120,mEvdoEcio=-1,mEvdoSnr=-1,mLteSignalStrength=31,mLteRsrp=-77,mLteRsrq=-7,mLteRssnr=240,mLteCqi=2147483647,mTimingAdvance=99,mTdScdmaRscp=2147483647
12-24 15:18:07.398  2733  2733 E sdcard  : missing packages.list; retrying
12-24 15:18:08.578   319   319 I GeckoConsole: Content JS LOG: [AppUsage] got an event:  screenchange 
12-24 15:18:08.578   319   319 I GeckoConsole:     at debug (app://system.gaiamobile.org/js/app_usage_metrics.js:141:7)
12-24 15:18:08.598   319   319 I PowerManager: Turn off screen
12-24 15:18:08.598   319   319 D qdhwcomposer: hwc_setPowerMode: Setting mode 0 on display: 0
12-24 15:18:08.598   319   319 E qdutils : int qdutils::getHDMINode(): Failed to open fb node 1
12-24 15:18:08.598   319   319 E qdutils : int qdutils::getHDMINode(): Failed to open fb node 2
12-24 15:18:08.598   319   319 E qdutils : int qdutils::getHDMINode(): Failed to open fb node 3
12-24 15:18:08.598   319   319 E qdutils : int qdutils::getHDMINode(): Failed to find HDMI node
12-24 15:18:08.668   312   392 D ThermalEngine: sensor_wait: case_therm Wait done.
12-24 15:18:08.668   312   392 D ThermalEngine: sensor_monitor: case_therm Reading 35000 .
12-24 15:18:08.668   312   392 I ThermalEngine: Sensor:case_therm:35000 mC
12-24 15:18:08.668   312   392 D ThermalEngine: update_active_thresh: case_therm Active(1), Hi(1) 40000, Lo(0) -2147483648, Interval(1) 5000
12-24 15:18:08.668   312   392 D ThermalEngine: sensor_monitor: case_therm Sensor wait.
12-24 15:18:08.668   312   392 D ThermalEngine: sensor_wait: case_therm Wait start. 5000ms
12-24 15:18:08.728   319   694 I qdhwcomposer: handle_blank_event: dpy:0 panel power state: 0
12-24 15:18:08.728   319   694 E qdutils : int qdutils::getHDMINode(): Failed to open fb node 1
12-24 15:18:08.728   319   694 E qdutils : int qdutils::getHDMINode(): Failed to open fb node 2
12-24 15:18:08.728   319   694 E qdutils : int qdutils::getHDMINode(): Failed to open fb node 3
12-24 15:18:08.728   319   694 E qdutils : int qdutils::getHDMINode(): Failed to find HDMI node
12-24 15:18:08.728   319   319 D qdhwcomposer: hwc_setPowerMode: Done setting mode 0 on display 0
12-24 15:18:08.728   319  4111 E libsuspend: Error writing to /sys/power/wakeup_count: Invalid argument
12-24 15:18:08.728   319   319 I QCOM PowerHAL: Got set_interactive hint
12-24 15:18:08.738   319   319 D QLOC-OSAgent: SCREENON: 1
12-24 15:18:08.738   319   319 E IzatSvc_OSObserver: I/LocTech-Label :: OSOBSERVER :: Data Items In
12-24 15:18:08.738   319   319 E IzatSvc_OSObserver: I/LocTech-Value :: Data Item Value: IS_SCREEN_ON: true
12-24 15:18:08.797   319   319 I KERNEL  : [  566.587846] mdp3_ctrl_ioctl_handler: mdp3_ctrl_ioctl_handler, display off!
12-24 15:18:08.748   319   319 E qdhwcomposer: hwc_vsync_control: vsync control failed. Dpy=0, enable=1 : Operation not permitted
12-24 15:18:08.748   319   319 I FocusManager: << focus() called >>
12-24 15:18:08.748   319   319 I FocusManager:    trying to set focus on, tag: HTML:IFRAME, id: systemapp, class: 
12-24 15:18:08.748   319   319 I FocusManager: Warning: element is already focused.
12-24 15:18:10.398  2733  2733 E sdcard  : missing packages.list; retrying
12-24 15:18:11.088   319   319 I PowerManager: Turn on screen
12-24 15:18:11.088   319   319 I QCOM PowerHAL: Got set_interactive hint
12-24 15:18:11.088   319   319 D qdhwcomposer: hwc_setPowerMode: Setting mode 2 on display: 0
12-24 15:18:11.088   319   319 E qdutils : int qdutils::getHDMINode(): Failed to open fb node 1
12-24 15:18:11.088   319   319 E qdutils : int qdutils::getHDMINode(): Failed to open fb node 2
12-24 15:18:11.088   319   319 E qdutils : int qdutils::getHDMINode(): Failed to open fb node 3
12-24 15:18:11.098   319   319 E qdutils : int qdutils::getHDMINode(): Failed to find HDMI node
12-24 15:18:11.438   319   694 I qdhwcomposer: handle_blank_event: dpy:0 panel power state: 1
12-24 15:18:11.438   319   694 E qdutils : int qdutils::getHDMINode(): Failed to open fb node 1
12-24 15:18:11.438   319   694 E qdutils : int qdutils::getHDMINode(): Failed to open fb node 2
12-24 15:18:11.438   319   694 E qdutils : int qdutils::getHDMINode(): Failed to open fb node 3
12-24 15:18:11.438   319   694 E qdutils : int qdutils::getHDMINode(): Failed to find HDMI node
12-24 15:18:11.438   319   319 D qdhwcomposer: hwc_setPowerMode: Done setting mode 2 on display 0
12-24 15:18:11.568   319   319 D NS_ICC_SERVICE: GetCardState 
12-24 15:18:11.568   319   319 D SIGNAL_STRENGTH: nsMobileSignalStrength mLevel=4,mGsmSignalStrength=99,mGsmBitErrorRate=0,mCdmaDbm=-120,mCdmaEcio=-160,mEvdoDbm=-120,mEvdoEcio=-1,mEvdoSnr=-1,mLteSignalStrength=31,mLteRsrp=-77,mLteRsrq=-7,mLteRssnr=240,mLteCqi=2147483647,mTimingAdvance=99,mTdScdmaRscp=2147483647
12-24 15:18:11.568   319   319 E SIGNAL_STRENGTH: nsMobileSignalStrength::GetLevel = 4
12-24 15:18:11.598   319   319 I GeckoConsole: Content JS LOG: [AppUsage] got an event:  screenchange 
12-24 15:18:11.598   319   319 I GeckoConsole:     at debug (app://system.gaiamobile.org/js/app_usage_metrics.js:141:7)
12-24 15:18:11.618   319   319 I Gecko   : [BrowserElement] event type: keyup, key: ArrowDown, target: [object HTMLIFrameElement], src: app://launcher.gaiamobile.org/index.html, id: browser0, class: browser
12-24 15:18:11.618  3529  3529 I Gecko   : [BrowserElement] event type: keyup, key: ArrowDown, target: [object HTMLDivElement], id: main-view
12-24 15:18:11.658   319   319 I GeckoConsole: Content JS LOG: [AppUsage] got an event:  active 
12-24 15:18:11.658   319   319 I GeckoConsole:     at debug (app://system.gaiamobile.org/js/app_usage_metrics.js:141:7)
12-24 15:18:11.678   319   319 D SERVICE_STATE_TRACKER: Signal Strength changed; sending info to content process
12-24 15:18:11.678   319   319 D NS_ICC_SERVICE: GetCardState 
12-24 15:18:11.678   319   319 D SIGNAL_STRENGTH: nsMobileSignalStrength mLevel=4,mGsmSignalStrength=99,mGsmBitErrorRate=0,mCdmaDbm=-120,mCdmaEcio=-160,mEvdoDbm=-120,mEvdoEcio=-1,mEvdoSnr=-1,mLteSignalStrength=28,mLteRsrp=-83,mLteRsrq=-6,mLteRssnr=198,mLteCqi=2147483647,mTimingAdvance=99,mTdScdmaRscp=2147483647
12-24 15:18:11.678   319   319 E SIGNAL_STRENGTH: nsMobileSignalStrength::GetLevel = 4
12-24 15:18:11.678   319   319 D NS_ICC_SERVICE: GetCardState 
12-24 15:18:11.678   319   319 D NS_ICC_SERVICE: GetCardState 
12-24 15:18:11.678   319   319 D SIGNAL_STRENGTH: nsMobileSignalStrength mLevel=4,mGsmSignalStrength=99,mGsmBitErrorRate=0,mCdmaDbm=-120,mCdmaEcio=-160,mEvdoDbm=-120,mEvdoEcio=-1,mEvdoSnr=-1,mLteSignalStrength=28,mLteRsrp=-83,mLteRsrq=-6,mLteRssnr=198,mLteCqi=2147483647,mTimingAdvance=99,mTdScdmaRscp=2147483647
12-24 15:18:11.678   319   319 E SIGNAL_STRENGTH: nsMobileSignalStrength::GetLevel = 4
12-24 15:18:11.678   319   319 D SIGNAL_STRENGTH: nsMobileSignalStrength mLevel=4,mGsmSignalStrength=99,mGsmBitErrorRate=0,mCdmaDbm=-120,mCdmaEcio=-160,mEvdoDbm=-120,mEvdoEcio=-1,mEvdoSnr=-1,mLteSignalStrength=28,mLteRsrp=-83,mLteRsrq=-6,mLteRssnr=198,mLteCqi=2147483647,mTimingAdvance=99,mTdScdmaRscp=2147483647
12-24 15:18:11.678   319   319 E SIGNAL_STRENGTH: nsMobileSignalStrength::GetLevel = 4
12-24 15:18:11.678   319   319 D SIGNAL_STRENGTH: nsMobileSignalStrength mLevel=4,mGsmSignalStrength=99,mGsmBitErrorRate=0,mCdmaDbm=-120,mCdmaEcio=-160,mEvdoDbm=-120,mEvdoEcio=-1,mEvdoSnr=-1,mLteSignalStrength=28,mLteRsrp=-83,mLteRsrq=-6,mLteRssnr=198,mLteCqi=2147483647,mTimingAdvance=99,mTdScdmaRscp=2147483647
12-24 15:18:11.678   319   319 E SIGNAL_STRENGTH: nsMobileSignalStrength::GetLevel = 4
12-24 15:18:11.678   319   319 D SIGNAL_STRENGTH: nsMobileSignalStrength mLevel=4,mGsmSignalStrength=99,mGsmBitErrorRate=0,mCdmaDbm=-120,mCdmaEcio=-160,mEvdoDbm=-120,mEvdoEcio=-1,mEvdoSnr=-1,mLteSignalStrength=28,mLteRsrp=-83,mLteRsrq=-6,mLteRssnr=198,mLteCqi=2147483647,mTimingAdvance=99,mTdScdmaRscp=2147483647
12-24 15:18:11.678   319   319 I FocusManager: << focus() called >>
12-24 15:18:11.678   319   319 I FocusManager:    trying to set focus on, tag: HTML:IFRAME, id: systemapp, class: 
12-24 15:18:11.678   319   319 I FocusManager: Warning: element is already focused.
12-24 15:18:11.718   319   319 D SERVICE_STATE_TRACKER: RIL_REQUEST_VOICE_REGISTRATION_STATE state = 1,mRadioTechnology = 14
12-24 15:18:11.748   319   319 D SERVICE_STATE_TRACKER: RIL_REQUEST_DATA_REGISTRATION_STATE state = 1, mDataRadioTechnology = 14, mTAC =-1
12-24 15:18:11.748   319   319 W SERVICE_STATE_TRACKER: Stale request RIL_REQUEST_OPERATOR, ignoring
12-24 15:18:11.778   319   319 D SERVICE_STATE_TRACKER: RIL_REQUEST_VOICE_REGISTRATION_STATE state = 1,mRadioTechnology = 14
12-24 15:18:11.778   319   319 D SERVICE_STATE_TRACKER: RIL_REQUEST_DATA_REGISTRATION_STATE state = 1, mDataRadioTechnology = 14, mTAC =-1
12-24 15:18:12.678   319   319 D SERVICE_STATE_TRACKER: Signal Strength changed; sending info to content process
12-24 15:18:12.678   319   319 D NS_ICC_SERVICE: GetCardState 
12-24 15:18:12.678   319   319 D SIGNAL_STRENGTH: nsMobileSignalStrength mLevel=4,mGsmSignalStrength=99,mGsmBitErrorRate=0,mCdmaDbm=-120,mCdmaEcio=-160,mEvdoDbm=-120,mEvdoEcio=-1,mEvdoSnr=-1,mLteSignalStrength=28,mLteRsrp=-83,mLteRsrq=-6,mLteRssnr=208,mLteCqi=2147483647,mTimingAdvance=99,mTdScdmaRscp=2147483647
12-24 15:18:12.678   319   319 E SIGNAL_STRENGTH: nsMobileSignalStrength::GetLevel = 4
12-24 15:18:12.688   319   319 D NS_ICC_SERVICE: GetCardState 
12-24 15:18:12.688   319   319 D NS_ICC_SERVICE: GetCardState 
12-24 15:18:12.688   319   319 D SIGNAL_STRENGTH: nsMobileSignalStrength mLevel=4,mGsmSignalStrength=99,mGsmBitErrorRate=0,mCdmaDbm=-120,mCdmaEcio=-160,mEvdoDbm=-120,mEvdoEcio=-1,mEvdoSnr=-1,mLteSignalStrength=28,mLteRsrp=-83,mLteRsrq=-6,mLteRssnr=208,mLteCqi=2147483647,mTimingAdvance=99,mTdScdmaRscp=2147483647
12-24 15:18:12.688   319   319 E SIGNAL_STRENGTH: nsMobileSignalStrength::GetLevel = 4
12-24 15:18:12.688   319   319 D SIGNAL_STRENGTH: nsMobileSignalStrength mLevel=4,mGsmSignalStrength=99,mGsmBitErrorRate=0,mCdmaDbm=-120,mCdmaEcio=-160,mEvdoDbm=-120,mEvdoEcio=-1,mEvdoSnr=-1,mLteSignalStrength=28,mLteRsrp=-83,mLteRsrq=-6,mLteRssnr=208,mLteCqi=2147483647,mTimingAdvance=99,mTdScdmaRscp=2147483647
12-24 15:18:12.688   319   319 E SIGNAL_STRENGTH: nsMobileSignalStrength::GetLevel = 4
12-24 15:18:12.698   319   319 D SIGNAL_STRENGTH: nsMobileSignalStrength mLevel=4,mGsmSignalStrength=99,mGsmBitErrorRate=0,mCdmaDbm=-120,mCdmaEcio=-160,mEvdoDbm=-120,mEvdoEcio=-1,mEvdoSnr=-1,mLteSignalStrength=28,mLteRsrp=-83,mLteRsrq=-6,mLteRssnr=208,mLteCqi=2147483647,mTimingAdvance=99,mTdScdmaRscp=2147483647
12-24 15:18:12.698   319   319 E SIGNAL_STRENGTH: nsMobileSignalStrength::GetLevel = 4
12-24 15:18:12.698   319   319 D SIGNAL_STRENGTH: nsMobileSignalStrength mLevel=4,mGsmSignalStrength=99,mGsmBitErrorRate=0,mCdmaDbm=-120,mCdmaEcio=-160,mEvdoDbm=-120,mEvdoEcio=-1,mEvdoSnr=-1,mLteSignalStrength=28,mLteRsrp=-83,mLteRsrq=-6,mLteRssnr=208,mLteCqi=2147483647,mTimingAdvance=99,mTdScdmaRscp=2147483647
12-24 15:18:13.398  2733  2733 E sdcard  : missing packages.list; retrying
12-24 15:18:13.668   312   392 D ThermalEngine: sensor_wait: case_therm Wait done.
12-24 15:18:13.668   312   392 D ThermalEngine: sensor_monitor: case_therm Reading 35000 .
12-24 15:18:13.668   312   392 I ThermalEngine: Sensor:case_therm:35000 mC
12-24 15:18:13.668   312   392 D ThermalEngine: update_active_thresh: case_therm Active(1), Hi(1) 40000, Lo(0) -2147483648, Interval(1) 5000
12-24 15:18:13.668   312   392 D ThermalEngine: sensor_monitor: case_therm Sensor wait.
12-24 15:18:13.668   312   392 D ThermalEngine: sensor_wait: case_therm Wait start. 5000ms
12-24 15:18:15.678   319   319 D SERVICE_STATE_TRACKER: Signal Strength changed; sending info to content process
12-24 15:18:15.678   319   319 D NS_ICC_SERVICE: GetCardState 
12-24 15:18:15.678   319   319 D SIGNAL_STRENGTH: nsMobileSignalStrength mLevel=4,mGsmSignalStrength=99,mGsmBitErrorRate=0,mCdmaDbm=-120,mCdmaEcio=-160,mEvdoDbm=-120,mEvdoEcio=-1,mEvdoSnr=-1,mLteSignalStrength=28,mLteRsrp=-83,mLteRsrq=-7,mLteRssnr=162,mLteCqi=2147483647,mTimingAdvance=99,mTdScdmaRscp=2147483647
12-24 15:18:15.688   319   319 E SIGNAL_STRENGTH: nsMobileSignalStrength::GetLevel = 4
12-24 15:18:15.688   319   319 D NS_ICC_SERVICE: GetCardState 
12-24 15:18:15.688   319   319 D NS_ICC_SERVICE: GetCardState 
12-24 15:18:15.688   319   319 D SIGNAL_STRENGTH: nsMobileSignalStrength mLevel=4,mGsmSignalStrength=99,mGsmBitErrorRate=0,mCdmaDbm=-120,mCdmaEcio=-160,mEvdoDbm=-120,mEvdoEcio=-1,mEvdoSnr=-1,mLteSignalStrength=28,mLteRsrp=-83,mLteRsrq=-7,mLteRssnr=162,mLteCqi=2147483647,mTimingAdvance=99,mTdScdmaRscp=2147483647
12-24 15:18:15.688   319   319 E SIGNAL_STRENGTH: nsMobileSignalStrength::GetLevel = 4
12-24 15:18:15.688   319   319 D SIGNAL_STRENGTH: nsMobileSignalStrength mLevel=4,mGsmSignalStrength=99,mGsmBitErrorRate=0,mCdmaDbm=-120,mCdmaEcio=-160,mEvdoDbm=-120,mEvdoEcio=-1,mEvdoSnr=-1,mLteSignalStrength=28,mLteRsrp=-83,mLteRsrq=-7,mLteRssnr=162,mLteCqi=2147483647,mTimingAdvance=99,mTdScdmaRscp=2147483647
12-24 15:18:15.688   319   319 E SIGNAL_STRENGTH: nsMobileSignalStrength::GetLevel = 4
12-24 15:18:15.688   319   319 D SIGNAL_STRENGTH: nsMobileSignalStrength mLevel=4,mGsmSignalStrength=99,mGsmBitErrorRate=0,mCdmaDbm=-120,mCdmaEcio=-160,mEvdoDbm=-120,mEvdoEcio=-1,mEvdoSnr=-1,mLteSignalStrength=28,mLteRsrp=-83,mLteRsrq=-7,mLteRssnr=162,mLteCqi=2147483647,mTimingAdvance=99,mTdScdmaRscp=2147483647
12-24 15:18:15.698   319   319 E SIGNAL_STRENGTH: nsMobileSignalStrength::GetLevel = 4
12-24 15:18:15.698   319   319 D SIGNAL_STRENGTH: nsMobileSignalStrength mLevel=4,mGsmSignalStrength=99,mGsmBitErrorRate=0,mCdmaDbm=-120,mCdmaEcio=-160,mEvdoDbm=-120,mEvdoEcio=-1,mEvdoSnr=-1,mLteSignalStrength=28,mLteRsrp=-83,mLteRsrq=-7,mLteRssnr=162,mLteCqi=2147483647,mTimingAdvance=99,mTdScdmaRscp=2147483647
12-24 15:18:16.398  2733  2733 E sdcard  : missing packages.list; retrying
12-24 15:18:16.608   319   319 I GeckoConsole: Content JS LOG: [AppUsage] got an event:  idle 
12-24 15:18:16.608   319   319 I GeckoConsole:     at debug (app://system.gaiamobile.org/js/app_usage_metrics.js:141:7)
12-24 15:18:18.668   312   392 D ThermalEngine: sensor_wait: case_therm Wait done.
12-24 15:18:18.668   312   392 D ThermalEngine: sensor_monitor: case_therm Reading 35000 .
12-24 15:18:18.668   312   392 I ThermalEngine: Sensor:case_therm:35000 mC
12-24 15:18:18.668   312   392 D ThermalEngine: update_active_thresh: case_therm Active(1), Hi(1) 40000, Lo(0) -2147483648, Interval(1) 5000
12-24 15:18:18.668   312   392 D ThermalEngine: sensor_monitor: case_therm Sensor wait.
12-24 15:18:18.668   312   392 D ThermalEngine: sensor_wait: case_therm Wait start. 5000ms
12-24 15:18:19.398  2733  2733 E sdcard  : missing packages.list; retrying
12-24 15:18:21.598   417   417 D VM_BMS  : wake_lock acquired
12-24 15:18:21.598   417   417 D VM_BMS  : New BMS data - Size=56
12-24 15:18:21.598   417   417 D VM_BMS  : Start process_bms_data
12-24 15:18:21.598   417   417 D VM_BMS  : For batt_temp=311 fcc_mah=2075
12-24 15:18:21.598   417   417 D VM_BMS  : For ocv=4015543 batt_temp=311 soc=87
12-24 15:18:21.598   417   417 D VM_BMS  : fifo_count=5 acc_count=0
12-24 15:18:21.598   417   417 D VM_BMS  : INIT: ocv=4015543 last_ocv=4015543 batt_temp=311 soc=87
12-24 15:18:21.598   417   417 D VM_BMS  : For soc=87 batt_temp=311 slope=10400
12-24 15:18:21.598   417   417 D VM_BMS  : For soc=87 batt_temp=311 rbatt_sf=98
12-24 15:18:21.598   417   417 D VM_BMS  : rbatt_mohm_default=138, rbatt_mohm=135, sf=98 batt_temp=311
12-24 15:18:21.598   417   417 D VM_BMS  : For ocv=4015895 batt_temp=311 soc=87
12-24 15:18:21.598   417   417 D VM_BMS  : FIFO=0 fifo_avg=4.067876 rbatt=0.185000 slope=1.040000 ibatt=-0.281930 ocv=4.015895 soc=87 fcc_ah=2.075000 sample_count=128 sample_interval=70 seq_num=11
12-24 15:18:21.598   417   417 D VM_BMS  : For soc=87 batt_temp=311 slope=10400
12-24 15:18:21.598   417   417 D VM_BMS  : For soc=87 batt_temp=311 rbatt_sf=98
12-24 15:18:21.598   417   417 D VM_BMS  : rbatt_mohm_default=138, rbatt_mohm=135, sf=98 batt_temp=311
12-24 15:18:21.598   417   417 D VM_BMS  : For ocv=4016329 batt_temp=311 soc=87
12-24 15:18:21.598   417   417 D VM_BMS  : FIFO=1 fifo_avg=4.080529 rbatt=0.185000 slope=1.040000 ibatt=-0.348201 ocv=4.016329 soc=87 fcc_ah=2.075000 sample_count=128 sample_interval=70 seq_num=11
12-24 15:18:21.598   417   417 D VM_BMS  : For soc=87 batt_temp=311 slope=10400
12-24 15:18:21.598   417   417 D VM_BMS  : For soc=87 batt_temp=311 rbatt_sf=98
12-24 15:18:21.598   417   417 D VM_BMS  : rbatt_mohm_default=138, rbatt_mohm=135, sf=98 batt_temp=311
12-24 15:18:21.598   417   417 D VM_BMS  : For ocv=4016788 batt_temp=311 soc=87
12-24 15:18:21.598   417   417 D VM_BMS  : FIFO=2 fifo_avg=4.084668 rbatt=0.185000 slope=1.040000 ibatt=-0.368161 ocv=4.016788 soc=87 fcc_ah=2.075000 sample_count=128 sample_interval=70 seq_num=11
12-24 15:18:21.598   417   417 D VM_BMS  : For soc=87 batt_temp=311 slope=10400
12-24 15:18:21.598   417   417 D VM_BMS  : For soc=87 batt_temp=311 rbatt_sf=98
12-24 15:18:21.598   417   417 D VM_BMS  : rbatt_mohm_default=138, rbatt_mohm=135, sf=98 batt_temp=311
12-24 15:18:21.598   417   417 D VM_BMS  : For ocv=4017327 batt_temp=311 soc=87
12-24 15:18:21.598   417   417 D VM_BMS  : FIFO=3 fifo_avg=4.097045 rbatt=0.185000 slope=1.040000 ibatt=-0.432364 ocv=4.017327 soc=87 fcc_ah=2.075000 sample_count=128 sample_interval=70 seq_num=11
12-24 15:18:21.598   417   417 D VM_BMS  : For soc=87 batt_temp=311 slope=10400
12-24 15:18:21.598   417   417 D VM_BMS  : For soc=87 batt_temp=311 rbatt_sf=98
12-24 15:18:21.598   417   417 D VM_BMS  : rbatt_mohm_default=138, rbatt_mohm=135, sf=98 batt_temp=311
12-24 15:18:21.598   417   417 D VM_BMS  : For ocv=4017749 batt_temp=311 soc=87
12-24 15:18:21.598   417   417 D VM_BMS  : FIFO=4 fifo_avg=4.080235 rbatt=0.185000 slope=1.040000 ibatt=-0.338902 ocv=4.017750 soc=87 fcc_ah=2.075000 sample_count=128 sample_interval=70 seq_num=11
12-24 15:18:21.598   417   417 I VM_BMS  : power_supply_update: ocv_uv=4017749 ibatt=-338901 soc=87 seq_num=11
12-24 15:18:21.598   417   417 D VM_BMS  : End process_bms_data
12-24 15:18:21.598   417   417 D VM_BMS  : wake_lock released
12-24 15:18:21.678   319   319 D SERVICE_STATE_TRACKER: Signal Strength changed; sending info to content process
12-24 15:18:21.678   319   319 D NS_ICC_SERVICE: GetCardState 
12-24 15:18:21.678   319   319 D SIGNAL_STRENGTH: nsMobileSignalStrength mLevel=4,mGsmSignalStrength=99,mGsmBitErrorRate=0,mCdmaDbm=-120,mCdmaEcio=-160,mEvdoDbm=-120,mEvdoEcio=-1,mEvdoSnr=-1,mLteSignalStrength=29,mLteRsrp=-82,mLteRsrq=-7,mLteRssnr=152,mLteCqi=2147483647,mTimingAdvance=99,mTdScdmaRscp=2147483647
12-24 15:18:21.678   319   319 E SIGNAL_STRENGTH: nsMobileSignalStrength::GetLevel = 4
12-24 15:18:21.678   319   319 D NS_ICC_SERVICE: GetCardState 
12-24 15:18:21.688   319   319 D NS_ICC_SERVICE: GetCardState 
12-24 15:18:21.688   319   319 D SIGNAL_STRENGTH: nsMobileSignalStrength mLevel=4,mGsmSignalStrength=99,mGsmBitErrorRate=0,mCdmaDbm=-120,mCdmaEcio=-160,mEvdoDbm=-120,mEvdoEcio=-1,mEvdoSnr=-1,mLteSignalStrength=29,mLteRsrp=-82,mLteRsrq=-7,mLteRssnr=152,mLteCqi=2147483647,mTimingAdvance=99,mTdScdmaRscp=2147483647
12-24 15:18:21.688   319   319 E SIGNAL_STRENGTH: nsMobileSignalStrength::GetLevel = 4
12-24 15:18:21.688   319   319 D SIGNAL_STRENGTH: nsMobileSignalStrength mLevel=4,mGsmSignalStrength=99,mGsmBitErrorRate=0,mCdmaDbm=-120,mCdmaEcio=-160,mEvdoDbm=-120,mEvdoEcio=-1,mEvdoSnr=-1,mLteSignalStrength=29,mLteRsrp=-82,mLteRsrq=-7,mLteRssnr=152,mLteCqi=2147483647,mTimingAdvance=99,mTdScdmaRscp=2147483647
12-24 15:18:21.688   319   319 E SIGNAL_STRENGTH: nsMobileSignalStrength::GetLevel = 4
12-24 15:18:21.688   319   319 D SIGNAL_STRENGTH: nsMobileSignalStrength mLevel=4,mGsmSignalStrength=99,mGsmBitErrorRate=0,mCdmaDbm=-120,mCdmaEcio=-160,mEvdoDbm=-120,mEvdoEcio=-1,mEvdoSnr=-1,mLteSignalStrength=29,mLteRsrp=-82,mLteRsrq=-7,mLteRssnr=152,mLteCqi=2147483647,mTimingAdvance=99,mTdScdmaRscp=2147483647
12-24 15:18:21.688   319   319 E SIGNAL_STRENGTH: nsMobileSignalStrength::GetLevel = 4
12-24 15:18:21.688   319   319 D SIGNAL_STRENGTH: nsMobileSignalStrength mLevel=4,mGsmSignalStrength=99,mGsmBitErrorRate=0,mCdmaDbm=-120,mCdmaEcio=-160,mEvdoDbm=-120,mEvdoEcio=-1,mEvdoSnr=-1,mLteSignalStrength=29,mLteRsrp=-82,mLteRsrq=-7,mLteRssnr=152,mLteCqi=2147483647,mTimingAdvance=99,mTdScdmaRscp=2147483647
12-24 15:18:22.403  4975  4975 I KERNEL  : [  580.193556] HTB: quantum of class 10040 is small. Consider r2q change.
12-24 15:18:22.398  2733  2733 E sdcard  : missing packages.list; retrying
12-24 15:18:22.668   292  1871 D audio_hw_extn: audio_extn_get_parameters: returns 
12-24 15:18:22.668   292  1871 I str_params: key: 'all_call_states' value: ''
12-24 15:18:22.668   292  1872 D audio_hw_extn: audio_extn_get_parameters: returns 
12-24 15:18:22.668   292  1872 I str_params: key: 'all_call_states' value: ''
12-24 15:18:22.678   292   292 D audio_hw_extn: audio_extn_get_parameters: returns 
12-24 15:18:22.678   292   292 I str_params: key: 'all_call_states' value: ''
12-24 15:18:22.678   319   319 E NW_DATA_COLLECTOR: Received unsolicited response RIL_UNSOL_OEM_HOOK_RAW
12-24 15:18:22.678   319   319 E NW_DATA_COLLECTOR: HandleUnSolicitedResponse, data len = 17
12-24 15:18:22.678   319   319 E NW_DATA_COLLECTOR: HandleUnSolicitedResponse, data collector event length = 1
12-24 15:18:22.678   319   319 D NW_DATA_COLLECTOR: HandleUnSolicitedResponse: received event = 27, is server ready = 1
12-24 15:18:22.678   319   319 D NW_DATA_COLLECTOR: NetworkDataCollector: isClientAllowEventReporting of event = 1 is 1 (Filter: 268435455)
12-24 15:18:22.678   319   319 E NW_DATA_COLLECTOR: HandleDataCollectorEvent event type = 1
12-24 15:18:22.678   319   319 E NW_DATA_COLLECTOR: HandleDataCollectorEvent dispatch event NE1 at pos 1
12-24 15:18:22.678   319  2515 E NW_DATA_COLLECTOR: SendCallTriggeredDataToServer dispatch to thread
12-24 15:18:22.678   319  2515 D NW_DATA_COLLECTOR:  SendNetworkDataToServer  event = 1
12-24 15:18:22.678   319  2515 D NW_DATA_COLLECTOR:  NetworkDataCollector: Extracting nework data on socket qmux_radio/rild_oem0
12-24 15:18:22.678   319  2515 D NW_DATA_COLLECTOR:  NetworkDataCollector:WaitForResponse begin loop
12-24 15:18:22.678   319   319 D QRIL_OEM_HOOK_SERVICE: Received UnSolicitedResponse 1028 
12-24 15:18:22.678   319   319 D EmbmsOemHook: NotifyUnsolOemEvent: clientId: 0, event:525343 respLength:9 
12-24 15:18:22.678   319   319 D EmbmsResponseData: processGenericResponse:mRequestId 525343 unknown request 
12-24 15:18:22.678   292  1871 D audio_hw_extn: audio_extn_get_parameters: returns 
12-24 15:18:22.678   292  1871 I str_params: key: 'all_call_states' value: ''
12-24 15:18:22.688   292  1872 D audio_hw_extn: audio_extn_get_parameters: returns 
12-24 15:18:22.688   292  1872 I str_params: key: 'all_call_states' value: ''
12-24 15:18:22.688   292   292 D audio_hw_extn: audio_extn_get_parameters: returns 
12-24 15:18:22.688   292   292 I str_params: key: 'all_call_states' value: ''
12-24 15:18:22.718   319   319 D CALL_TRACKER: HD IsHighDef : 1, IsEvsCodecHighDef : 0, restrictCause : 0
12-24 15:18:22.718   319   319 D NS_VIDEO_CALL_PROVIDER: nsVideoCallProvider
12-24 15:18:22.718   319   319 D NS_VIDEO_CALL_PROVIDER: OnCallConnected
12-24 15:18:22.718   319   319 E VTLib   : QPLP_CRITICAL : vendor/qcom/proprietary/ims/vt/src/QpDplImsThinClient.cpp| 2059 || 319 || 319 |[THINCLIENT]initImsThinClient
12-24 15:18:22.718   319   319 E VTLib   : QPLP_CRITICAL : vendor/qcom/proprietary/ims/vt/src/QpDplImsThinClient.cpp| 2063 || 319 || 319 |[THINCLIENT]initImsThinClient loopback -48
12-24 15:18:22.718   319   319 E VTLib   : ims_qmi_init hybridEnabled[0] : 49
12-24 15:18:22.718   319   319 E VTLib   : QPLP_CRITICAL : vendor/qcom/proprietary/ims/vt/src/QpDplImsThinClient.cpp| 2894 || 319 || 319 |[THINCLIENT]QpDplImsThinClient 0xa58e0ba0
12-24 15:18:22.718   319   319 E VTLib   : pipe create successful
12-24 15:18:22.718   319   319 E         : imscamera::registercallbacks 
12-24 15:18:22.718   319   319 E VTLib   : QPLP_CRITICAL : vendor/qcom/proprietary/ims/vt/src/QpDplImsThinClient.cpp| 2171 || 319 || 319 |[ION_VT]Ion device opened successfully
12-24 15:18:22.718   319   319 E VTLib   : QPLP_CRITICAL : vendor/qcom/proprietary/ims/vt/src/QpDplImsThinClient.cpp| 2178 || 319 || 319 |initImsThinClient::Init done
12-24 15:18:22.718   319   319 E VTLib   : QPLP_CRITICAL : vendor/qcom/proprietary/ims/vt/src/QpDplImsThinClient.cpp| 2181 || 319 || 319 |Report sending duration for RA [5000]ms
