12-24 15:18:31.508   319   319 D CONNECTION: UpdateCapability Peerability calltype: 0, Status : 2
12-24 15:18:31.508   319   319 D CONNECTION: UpdateCapability Peerability calltype: 3, Status : 0
12-24 15:18:31.508   319   319 D CONNECTION: UpdateCapability mCapability : 0
12-24 15:18:31.508   319   319 D CALL_TRACKER: Phone state is OFFHOOK
12-24 15:18:31.608   319   319 D NW_DATA_COLLECTOR: HandleSolicitedResponse RIL_REQUEST_OEM_HOOK_RAW
12-24 15:18:31.608   319   319 D NW_DATA_COLLECTOR: received data length 432
12-24 15:18:31.618   319   319 I FocusManager: << focus() called >>
12-24 15:18:31.618   319   319 I FocusManager:    trying to set focus on, tag: HTML:IFRAME, id: systemapp, class: 
12-24 15:18:31.618   319   319 I FocusManager: Warning: element is already focused.
12-24 15:18:31.648   319  2515 D NW_DATA_COLLECTOR:  NetworkDataCollector:WaitForResponse loop finished
12-24 15:18:31.648   319  2515 D NW_DATA_COLLECTOR: SendNetworkDataToServer aRespLength = 432
12-24 15:18:31.648   319  2515 D NW_DATA_COLLECTOR: sendNWDataToServer masks: eventFilterMask = 268435455, dataFilterMask = 268433383, counterFilterMask = 268435455
12-24 15:18:31.658   319  2515 D NW_DATA_COLLECTOR: Complete jsonPayload for event 3 is: [{ "seq_number": 7, "timestamp": 1577180911, "payload": { 
12-24 15:18:31.658   319  2515 D NW_DATA_COLLECTOR: "Name":"NE3",
12-24 15:18:31.658   319  2515 D NW_DATA_COLLECTOR: "LI3": 117891856,
12-24 15:18:31.658   319  2515 D NW_DATA_COLLECTOR: "LI4": 394,
12-24 15:18:31.658   319  2515 D NW_DATA_COLLECTOR: "RI1": 58,
12-24 15:18:31.658   319  2515 D NW_DATA_COLLECTOR: "RI2": 13,
12-24 15:18:31.658   319  2515 D NW_DATA_COLLECTOR: "RI3": 17,
12-24 15:18:31.658   319  2515 D NW_DATA_COLLECTOR: "RI6": 40,
12-24 15:18:31.658   319  2515 D NW_DATA_COLLECTOR: "RI7": 38750,
12-24 15:18:31.658   319  2515 D NW_DATA_COLLECTOR: "RI8":true,
12-24 15:18:31.658   319  2515 D NW_DATA_COLLECTOR: "RI13": 20,
12-24 15:18:31.658   319  2515 D NW_DATA_COLLECTOR: "NI1":true,
12-24 15:18:31.658   319  2515 D NW_DATA_COLLECTOR: "OI1": [ 0, 0, 0 ],
12-24 15:18:31.658   319  2515 D NW_DATA_COLLECTOR: "VI1": "REGISTERED",
12-24 15:18:31.658   319  2515 D NW_DATA_COLLECTOR: "VI2": 16,
12-24 15:18:31.658   319  2515 D NW_DATA_COLLECTOR: "NC1": 1,
12-24 15:18:31.658   319  2515 D NW_DATA_COLLECTOR: "NC2": 2,
12-24 15:18:31.658   319  2515 D NW_DATA_COLLECTOR: "NC3": 1,
12-24 15:18:31.658   319  2515 D NW_DATA_COLLECTOR: "NC4": 0,
12-24 15:18:31.658   319  2515 D NW_DATA_COLLECTOR: "NC5": 0,
12-24 15:18:31.658   319  2515 D NW_DATA_COLLECTOR: "NC6": 0,
12-24 15:18:31.658   319  2515 D NW_DATA_COLLECTOR: "NC7": 0,
12-24 15:18:31.658   319  2515 D NW_DATA_COLLECTOR: "NC8": 0,
12-24 15:18:31.658   319  2515 D NW_DATA_COLLECTOR: "NC9": 0}}]
12-24 15:18:31.658   319  2515 D NW_DATA_COLLECTOR:  payload length = 340
12-24 15:18:31.658   319  2515 D NW_DATA_COLLECTOR:  frame byte 0 = 1
12-24 15:18:31.658   319  2515 D NW_DATA_COLLECTOR:  frame byte 1 = 0
12-24 15:18:31.658   319  2515 D NW_DATA_COLLECTOR:  frame byte 2 = 0
12-24 15:18:31.658   319  2515 D NW_DATA_COLLECTOR:  frame byte 3 = 1
12-24 15:18:31.658   319  2515 D NW_DATA_COLLECTOR:  frame byte 4 = 84
12-24 15:18:31.658   319  2522 D NW_DATA_COLLECTOR: Received server data of total 36 bytes from metrics-deamon with number of json frames is 1
12-24 15:18:31.658   319  2522 D NW_DATA_COLLECTOR: Has new filter come in frame {"success":true,"seq_number":7} from metrics daemon? No
12-24 15:18:31.678  3696  3696 I Jio Service: Content JS LOG: Data received from daemon 
12-24 15:18:31.678  3696  3696 I Jio Service:     at Call_listen/server_socket.onconnect/onConnectObj.socket.ondata (app://jioservice.jio.com/script/eventhandler.js:101:5)
12-24 15:18:31.678  3696  3696 I Jio Service: Content JS LOG: {"Name":"NE3","DT":"2019-12-24T09:48:31Z","LI3":117891856,"LI4":394,"RI1":58,"RI2":13,"RI3":17,"RI6":40,"RI7":38750,"RI8":true,"RI13":20,"NI1":true,"OI1":[0.0,0.0,0.0],"VI1":"REGISTERED","VI2":16,"NC1":1,"NC2":2,"NC3":1,"NC4":0,"NC5":0,"NC6":0,"NC7":0,"NC8":0,"NC9":0}
12-24 15:18:31.678  3696  3696 I Jio Service:   
12-24 15:18:31.678  3696  3696 I Jio Service:     at Call_listen/server_socket.onconnect/onConnectObj.socket.ondata (app://jioservice.jio.com/script/eventhandler.js:102:5)
12-24 15:18:31.678   319   319 D NS_ICC_SERVICE: GetIccInfo 
12-24 15:18:31.678   319   319 D NS_ICC_SERVICE: GetIccInfo 
12-24 15:18:31.678   319   319 D NS_ICC_SERVICE: GetIccInfo 
12-24 15:18:31.688   319   319 I Gecko   : [SUB0] QCONTENT_HELPER Received observer notification: mozsettings-changed
12-24 15:18:31.748   319  5041 E         : E/bool izat_xtra::downloadSntpTime(const char*, izat_xtra::SntpTime&):195][XTRA2] SNTP server receive time out.
12-24 15:18:31.748   319  5041 E LocSvc_MsgTask: E/virtual bool MsgTask::run():91] fail receiving msg: eMSG_Q_UNAVAILABLE_RESOURCE
12-24 15:18:31.808  3696  3696 I Jio Service: Content JS LOG: New JSON: {"Name":"NE3","DT":"24-12-19 15:18:31:682","DI1":911599957005464,"DI2":405861063466404,"DI3":0,"DI4":"F120B","DI5":"LYF-F120B-001-02-37.1-091219-i","LI1":405854,"LI2":20597,"LI3":117891856,"SI1":86,"HI1":4,"HI2":0,"LI7":0,"LI3":117891856,"LI4":394,"RI1":58,"RI2":13,"RI3":17,"RI6":40,"RI7":38750,"RI8":true,"RI13":20,"NI1":true,"OI1":[0,0,0],"VI1":"REGISTERED","VI2":16} 
12-24 15:18:31.808  3696  3696 I Jio Service:     at networkDataCollectorSocket/</< (app://jioservice.jio.com/script/eventdata.js:506:4)
12-24 15:18:33.068   319   319 I WakeLock: Release cpu wakelock
12-24 15:18:33.678   312   392 D ThermalEngine: sensor_wait: case_therm Wait done.
12-24 15:18:33.678   312   392 D ThermalEngine: sensor_monitor: case_therm Reading 36000 .
12-24 15:18:33.678   312   392 I ThermalEngine: Sensor:case_therm:36000 mC
12-24 15:18:33.678   312   392 D ThermalEngine: update_active_thresh: case_therm Active(1), Hi(1) 40000, Lo(0) -2147483648, Interval(1) 5000
12-24 15:18:33.678   312   392 D ThermalEngine: sensor_monitor: case_therm Sensor wait.
12-24 15:18:33.678   312   392 D ThermalEngine: sensor_wait: case_therm Wait start. 5000ms
12-24 15:18:33.688   319   319 D SERVICE_STATE_TRACKER: Signal Strength changed; sending info to content process
12-24 15:18:33.688   319   319 D NS_ICC_SERVICE: GetCardState 
12-24 15:18:33.688   319   319 D SIGNAL_STRENGTH: nsMobileSignalStrength mLevel=4,mGsmSignalStrength=99,mGsmBitErrorRate=0,mCdmaDbm=-120,mCdmaEcio=-160,mEvdoDbm=-120,mEvdoEcio=-1,mEvdoSnr=-1,mLteSignalStrength=31,mLteRsrp=-80,mLteRsrq=-7,mLteRssnr=158,mLteCqi=2147483647,mTimingAdvance=99,mTdScdmaRscp=2147483647
12-24 15:18:33.688   319   319 E SIGNAL_STRENGTH: nsMobileSignalStrength::GetLevel = 4
12-24 15:18:33.698   319   319 D NS_ICC_SERVICE: GetCardState 
12-24 15:18:33.698   319   319 D NS_ICC_SERVICE: GetCardState 
12-24 15:18:33.698   319   319 D SIGNAL_STRENGTH: nsMobileSignalStrength mLevel=4,mGsmSignalStrength=99,mGsmBitErrorRate=0,mCdmaDbm=-120,mCdmaEcio=-160,mEvdoDbm=-120,mEvdoEcio=-1,mEvdoSnr=-1,mLteSignalStrength=31,mLteRsrp=-80,mLteRsrq=-7,mLteRssnr=158,mLteCqi=2147483647,mTimingAdvance=99,mTdScdmaRscp=2147483647
12-24 15:18:33.698   319   319 E SIGNAL_STRENGTH: nsMobileSignalStrength::GetLevel = 4
12-24 15:18:33.698   319   319 D SIGNAL_STRENGTH: nsMobileSignalStrength mLevel=4,mGsmSignalStrength=99,mGsmBitErrorRate=0,mCdmaDbm=-120,mCdmaEcio=-160,mEvdoDbm=-120,mEvdoEcio=-1,mEvdoSnr=-1,mLteSignalStrength=31,mLteRsrp=-80,mLteRsrq=-7,mLteRssnr=158,mLteCqi=2147483647,mTimingAdvance=99,mTdScdmaRscp=2147483647
12-24 15:18:33.698   319   319 E SIGNAL_STRENGTH: nsMobileSignalStrength::GetLevel = 4
12-24 15:18:33.708   319   319 D SIGNAL_STRENGTH: nsMobileSignalStrength mLevel=4,mGsmSignalStrength=99,mGsmBitErrorRate=0,mCdmaDbm=-120,mCdmaEcio=-160,mEvdoDbm=-120,mEvdoEcio=-1,mEvdoSnr=-1,mLteSignalStrength=31,mLteRsrp=-80,mLteRsrq=-7,mLteRssnr=158,mLteCqi=2147483647,mTimingAdvance=99,mTdScdmaRscp=2147483647
12-24 15:18:33.708   319   319 E SIGNAL_STRENGTH: nsMobileSignalStrength::GetLevel = 4
12-24 15:18:33.708   319   319 D SIGNAL_STRENGTH: nsMobileSignalStrength mLevel=4,mGsmSignalStrength=99,mGsmBitErrorRate=0,mCdmaDbm=-120,mCdmaEcio=-160,mEvdoDbm=-120,mEvdoEcio=-1,mEvdoSnr=-1,mLteSignalStrength=31,mLteRsrp=-80,mLteRsrq=-7,mLteRssnr=158,mLteCqi=2147483647,mTimingAdvance=99,mTdScdmaRscp=2147483647
12-24 15:18:34.408  2733  2733 E sdcard  : missing packages.list; retrying
12-24 15:18:34.518   292  2385 D audio_hw_primary: out_standby: enter: stream (0xb7c12658) usecase(0: deep-buffer-playback)
12-24 15:18:34.648   292  2385 D audio_hw_primary: disable_audio_route: reset and update mixer path: deep-buffer-playback
12-24 15:18:34.648   292  2385 D hardware_info: hw_info_append_hw_type : device_name = voice-handset
12-24 15:18:36.508   319   319 I GeckoConsole: Content JS LOG: [AppUsage] got an event:  idle 
12-24 15:18:36.508   319   319 I GeckoConsole:     at debug (app://system.gaiamobile.org/js/app_usage_metrics.js:141:7)
12-24 15:18:36.688   319   319 D SERVICE_STATE_TRACKER: Signal Strength changed; sending info to content process
12-24 15:18:36.688   319   319 D NS_ICC_SERVICE: GetCardState 
12-24 15:18:36.688   319   319 D SIGNAL_STRENGTH: nsMobileSignalStrength mLevel=4,mGsmSignalStrength=99,mGsmBitErrorRate=0,mCdmaDbm=-120,mCdmaEcio=-160,mEvdoDbm=-120,mEvdoEcio=-1,mEvdoSnr=-1,mLteSignalStrength=31,mLteRsrp=-78,mLteRsrq=-8,mLteRssnr=164,mLteCqi=2147483647,mTimingAdvance=99,mTdScdmaRscp=2147483647
12-24 15:18:36.688   319   319 E SIGNAL_STRENGTH: nsMobileSignalStrength::GetLevel = 4
12-24 15:18:36.688   319   319 D NS_ICC_SERVICE: GetCardState 
12-24 15:18:36.698   319   319 D NS_ICC_SERVICE: GetCardState 
12-24 15:18:36.698   319   319 D SIGNAL_STRENGTH: nsMobileSignalStrength mLevel=4,mGsmSignalStrength=99,mGsmBitErrorRate=0,mCdmaDbm=-120,mCdmaEcio=-160,mEvdoDbm=-120,mEvdoEcio=-1,mEvdoSnr=-1,mLteSignalStrength=31,mLteRsrp=-78,mLteRsrq=-8,mLteRssnr=164,mLteCqi=2147483647,mTimingAdvance=99,mTdScdmaRscp=2147483647
12-24 15:18:36.698   319   319 E SIGNAL_STRENGTH: nsMobileSignalStrength::GetLevel = 4
12-24 15:18:36.698   319   319 D SIGNAL_STRENGTH: nsMobileSignalStrength mLevel=4,mGsmSignalStrength=99,mGsmBitErrorRate=0,mCdmaDbm=-120,mCdmaEcio=-160,mEvdoDbm=-120,mEvdoEcio=-1,mEvdoSnr=-1,mLteSignalStrength=31,mLteRsrp=-78,mLteRsrq=-8,mLteRssnr=164,mLteCqi=2147483647,mTimingAdvance=99,mTdScdmaRscp=2147483647
12-24 15:18:36.698   319   319 E SIGNAL_STRENGTH: nsMobileSignalStrength::GetLevel = 4
12-24 15:18:36.698   319   319 D SIGNAL_STRENGTH: nsMobileSignalStrength mLevel=4,mGsmSignalStrength=99,mGsmBitErrorRate=0,mCdmaDbm=-120,mCdmaEcio=-160,mEvdoDbm=-120,mEvdoEcio=-1,mEvdoSnr=-1,mLteSignalStrength=31,mLteRsrp=-78,mLteRsrq=-8,mLteRssnr=164,mLteCqi=2147483647,mTimingAdvance=99,mTdScdmaRscp=2147483647
12-24 15:18:36.698   319   319 E SIGNAL_STRENGTH: nsMobileSignalStrength::GetLevel = 4
12-24 15:18:36.698   319   319 D SIGNAL_STRENGTH: nsMobileSignalStrength mLevel=4,mGsmSignalStrength=99,mGsmBitErrorRate=0,mCdmaDbm=-120,mCdmaEcio=-160,mEvdoDbm=-120,mEvdoEcio=-1,mEvdoSnr=-1,mLteSignalStrength=31,mLteRsrp=-78,mLteRsrq=-8,mLteRssnr=164,mLteCqi=2147483647,mTimingAdvance=99,mTdScdmaRscp=2147483647
12-24 15:18:37.408  2733  2733 E sdcard  : missing packages.list; retrying
12-24 15:18:38.678   312   392 D ThermalEngine: sensor_wait: case_therm Wait done.
12-24 15:18:38.678   312   392 D ThermalEngine: sensor_monitor: case_therm Reading 37000 .
12-24 15:18:38.678   312   392 I ThermalEngine: Sensor:case_therm:37000 mC
12-24 15:18:38.678   312   392 D ThermalEngine: update_active_thresh: case_therm Active(1), Hi(1) 40000, Lo(0) -2147483648, Interval(1) 5000
12-24 15:18:38.678   312   392 D ThermalEngine: sensor_monitor: case_therm Sensor wait.
12-24 15:18:38.678   312   392 D ThermalEngine: sensor_wait: case_therm Wait start. 5000ms
12-24 15:18:39.688   319   319 D SERVICE_STATE_TRACKER: Signal Strength changed; sending info to content process
12-24 15:18:39.688   319   319 D NS_ICC_SERVICE: GetCardState 
12-24 15:18:39.688   319   319 D SIGNAL_STRENGTH: nsMobileSignalStrength mLevel=4,mGsmSignalStrength=99,mGsmBitErrorRate=0,mCdmaDbm=-120,mCdmaEcio=-160,mEvdoDbm=-120,mEvdoEcio=-1,mEvdoSnr=-1,mLteSignalStrength=31,mLteRsrp=-78,mLteRsrq=-7,mLteRssnr=194,mLteCqi=2147483647,mTimingAdvance=99,mTdScdmaRscp=2147483647
12-24 15:18:39.688   319   319 E SIGNAL_STRENGTH: nsMobileSignalStrength::GetLevel = 4
12-24 15:18:39.688   319   319 D NS_ICC_SERVICE: GetCardState 
12-24 15:18:39.688   319   319 D NS_ICC_SERVICE: GetCardState 
12-24 15:18:39.688   319   319 D SIGNAL_STRENGTH: nsMobileSignalStrength mLevel=4,mGsmSignalStrength=99,mGsmBitErrorRate=0,mCdmaDbm=-120,mCdmaEcio=-160,mEvdoDbm=-120,mEvdoEcio=-1,mEvdoSnr=-1,mLteSignalStrength=31,mLteRsrp=-78,mLteRsrq=-7,mLteRssnr=194,mLteCqi=2147483647,mTimingAdvance=99,mTdScdmaRscp=2147483647
12-24 15:18:39.688   319   319 E SIGNAL_STRENGTH: nsMobileSignalStrength::GetLevel = 4
12-24 15:18:39.688   319   319 D SIGNAL_STRENGTH: nsMobileSignalStrength mLevel=4,mGsmSignalStrength=99,mGsmBitErrorRate=0,mCdmaDbm=-120,mCdmaEcio=-160,mEvdoDbm=-120,mEvdoEcio=-1,mEvdoSnr=-1,mLteSignalStrength=31,mLteRsrp=-78,mLteRsrq=-7,mLteRssnr=194,mLteCqi=2147483647,mTimingAdvance=99,mTdScdmaRscp=2147483647
12-24 15:18:39.688   319   319 E SIGNAL_STRENGTH: nsMobileSignalStrength::GetLevel = 4
12-24 15:18:39.698   319   319 D SIGNAL_STRENGTH: nsMobileSignalStrength mLevel=4,mGsmSignalStrength=99,mGsmBitErrorRate=0,mCdmaDbm=-120,mCdmaEcio=-160,mEvdoDbm=-120,mEvdoEcio=-1,mEvdoSnr=-1,mLteSignalStrength=31,mLteRsrp=-78,mLteRsrq=-7,mLteRssnr=194,mLteCqi=2147483647,mTimingAdvance=99,mTdScdmaRscp=2147483647
12-24 15:18:39.698   319   319 E SIGNAL_STRENGTH: nsMobileSignalStrength::GetLevel = 4
12-24 15:18:39.698   319   319 D SIGNAL_STRENGTH: nsMobileSignalStrength mLevel=4,mGsmSignalStrength=99,mGsmBitErrorRate=0,mCdmaDbm=-120,mCdmaEcio=-160,mEvdoDbm=-120,mEvdoEcio=-1,mEvdoSnr=-1,mLteSignalStrength=31,mLteRsrp=-78,mLteRsrq=-7,mLteRssnr=194,mLteCqi=2147483647,mTimingAdvance=99,mTdScdmaRscp=2147483647
12-24 15:18:40.408  2733  2733 E sdcard  : missing packages.list; retrying
12-24 15:18:42.688   319   319 D SERVICE_STATE_TRACKER: Signal Strength changed; sending info to content process
12-24 15:18:42.688   319   319 D NS_ICC_SERVICE: GetCardState 
12-24 15:18:42.688   319   319 D SIGNAL_STRENGTH: nsMobileSignalStrength mLevel=4,mGsmSignalStrength=99,mGsmBitErrorRate=0,mCdmaDbm=-120,mCdmaEcio=-160,mEvdoDbm=-120,mEvdoEcio=-1,mEvdoSnr=-1,mLteSignalStrength=29,mLteRsrp=-82,mLteRsrq=-7,mLteRssnr=164,mLteCqi=2147483647,mTimingAdvance=99,mTdScdmaRscp=2147483647
12-24 15:18:42.688   319   319 E SIGNAL_STRENGTH: nsMobileSignalStrength::GetLevel = 4
12-24 15:18:42.688   319   319 D NS_ICC_SERVICE: GetCardState 
12-24 15:18:42.698   319   319 D NS_ICC_SERVICE: GetCardState 
12-24 15:18:42.698   319   319 D SIGNAL_STRENGTH: nsMobileSignalStrength mLevel=4,mGsmSignalStrength=99,mGsmBitErrorRate=0,mCdmaDbm=-120,mCdmaEcio=-160,mEvdoDbm=-120,mEvdoEcio=-1,mEvdoSnr=-1,mLteSignalStrength=29,mLteRsrp=-82,mLteRsrq=-7,mLteRssnr=164,mLteCqi=2147483647,mTimingAdvance=99,mTdScdmaRscp=2147483647
12-24 15:18:42.698   319   319 E SIGNAL_STRENGTH: nsMobileSignalStrength::GetLevel = 4
12-24 15:18:42.698   319   319 D SIGNAL_STRENGTH: nsMobileSignalStrength mLevel=4,mGsmSignalStrength=99,mGsmBitErrorRate=0,mCdmaDbm=-120,mCdmaEcio=-160,mEvdoDbm=-120,mEvdoEcio=-1,mEvdoSnr=-1,mLteSignalStrength=29,mLteRsrp=-82,mLteRsrq=-7,mLteRssnr=164,mLteCqi=2147483647,mTimingAdvance=99,mTdScdmaRscp=2147483647
12-24 15:18:42.698   319   319 E SIGNAL_STRENGTH: nsMobileSignalStrength::GetLevel = 4
12-24 15:18:42.698   319   319 D SIGNAL_STRENGTH: nsMobileSignalStrength mLevel=4,mGsmSignalStrength=99,mGsmBitErrorRate=0,mCdmaDbm=-120,mCdmaEcio=-160,mEvdoDbm=-120,mEvdoEcio=-1,mEvdoSnr=-1,mLteSignalStrength=29,mLteRsrp=-82,mLteRsrq=-7,mLteRssnr=164,mLteCqi=2147483647,mTimingAdvance=99,mTdScdmaRscp=2147483647
12-24 15:18:42.698   319   319 E SIGNAL_STRENGTH: nsMobileSignalStrength::GetLevel = 4
12-24 15:18:42.698   319   319 D SIGNAL_STRENGTH: nsMobileSignalStrength mLevel=4,mGsmSignalStrength=99,mGsmBitErrorRate=0,mCdmaDbm=-120,mCdmaEcio=-160,mEvdoDbm=-120,mEvdoEcio=-1,mEvdoSnr=-1,mLteSignalStrength=29,mLteRsrp=-82,mLteRsrq=-7,mLteRssnr=164,mLteCqi=2147483647,mTimingAdvance=99,mTdScdmaRscp=2147483647
12-24 15:18:43.408  2733  2733 E sdcard  : missing packages.list; retrying
12-24 15:18:43.678   312   392 D ThermalEngine: sensor_wait: case_therm Wait done.
12-24 15:18:43.678   312   392 D ThermalEngine: sensor_monitor: case_therm Reading 37000 .
12-24 15:18:43.678   312   392 I ThermalEngine: Sensor:case_therm:37000 mC
12-24 15:18:43.678   312   392 D ThermalEngine: update_active_thresh: case_therm Active(1), Hi(1) 40000, Lo(0) -2147483648, Interval(1) 5000
12-24 15:18:43.678   312   392 D ThermalEngine: sensor_monitor: case_therm Sensor wait.
12-24 15:18:43.678   312   392 D ThermalEngine: sensor_wait: case_therm Wait start. 5000ms
12-24 15:18:45.688   319   319 D SERVICE_STATE_TRACKER: Signal Strength changed; sending info to content process
12-24 15:18:45.688   319   319 D NS_ICC_SERVICE: GetCardState 
12-24 15:18:45.688   319   319 D SIGNAL_STRENGTH: nsMobileSignalStrength mLevel=4,mGsmSignalStrength=99,mGsmBitErrorRate=0,mCdmaDbm=-120,mCdmaEcio=-160,mEvdoDbm=-120,mEvdoEcio=-1,mEvdoSnr=-1,mLteSignalStrength=31,mLteRsrp=-76,mLteRsrq=-7,mLteRssnr=218,mLteCqi=2147483647,mTimingAdvance=99,mTdScdmaRscp=2147483647
12-24 15:18:45.688   319   319 E SIGNAL_STRENGTH: nsMobileSignalStrength::GetLevel = 4
12-24 15:18:45.688   319   319 D NS_ICC_SERVICE: GetCardState 
12-24 15:18:45.698   319   319 D NS_ICC_SERVICE: GetCardState 
12-24 15:18:45.698   319   319 D SIGNAL_STRENGTH: nsMobileSignalStrength mLevel=4,mGsmSignalStrength=99,mGsmBitErrorRate=0,mCdmaDbm=-120,mCdmaEcio=-160,mEvdoDbm=-120,mEvdoEcio=-1,mEvdoSnr=-1,mLteSignalStrength=31,mLteRsrp=-76,mLteRsrq=-7,mLteRssnr=218,mLteCqi=2147483647,mTimingAdvance=99,mTdScdmaRscp=2147483647
12-24 15:18:45.698   319   319 E SIGNAL_STRENGTH: nsMobileSignalStrength::GetLevel = 4
12-24 15:18:45.698   319   319 D SIGNAL_STRENGTH: nsMobileSignalStrength mLevel=4,mGsmSignalStrength=99,mGsmBitErrorRate=0,mCdmaDbm=-120,mCdmaEcio=-160,mEvdoDbm=-120,mEvdoEcio=-1,mEvdoSnr=-1,mLteSignalStrength=31,mLteRsrp=-76,mLteRsrq=-7,mLteRssnr=218,mLteCqi=2147483647,mTimingAdvance=99,mTdScdmaRscp=2147483647
12-24 15:18:45.698   319   319 E SIGNAL_STRENGTH: nsMobileSignalStrength::GetLevel = 4
12-24 15:18:45.698   319   319 D SIGNAL_STRENGTH: nsMobileSignalStrength mLevel=4,mGsmSignalStrength=99,mGsmBitErrorRate=0,mCdmaDbm=-120,mCdmaEcio=-160,mEvdoDbm=-120,mEvdoEcio=-1,mEvdoSnr=-1,mLteSignalStrength=31,mLteRsrp=-76,mLteRsrq=-7,mLteRssnr=218,mLteCqi=2147483647,mTimingAdvance=99,mTdScdmaRscp=2147483647
12-24 15:18:45.698   319   319 E SIGNAL_STRENGTH: nsMobileSignalStrength::GetLevel = 4
12-24 15:18:45.698   319   319 D SIGNAL_STRENGTH: nsMobileSignalStrength mLevel=4,mGsmSignalStrength=99,mGsmBitErrorRate=0,mCdmaDbm=-120,mCdmaEcio=-160,mEvdoDbm=-120,mEvdoEcio=-1,mEvdoSnr=-1,mLteSignalStrength=31,mLteRsrp=-76,mLteRsrq=-7,mLteRssnr=218,mLteCqi=2147483647,mTimingAdvance=99,mTdScdmaRscp=2147483647
12-24 15:18:46.408  2733  2733 E sdcard  : missing packages.list; retrying
12-24 15:18:48.678   312   392 D ThermalEngine: sensor_wait: case_therm Wait done.
12-24 15:18:48.678   312   392 D ThermalEngine: sensor_monitor: case_therm Reading 37000 .
12-24 15:18:48.678   312   392 I ThermalEngine: Sensor:case_therm:37000 mC
12-24 15:18:48.678   312   392 D ThermalEngine: update_active_thresh: case_therm Active(1), Hi(1) 40000, Lo(0) -2147483648, Interval(1) 5000
12-24 15:18:48.678   312   392 D ThermalEngine: sensor_monitor: case_therm Sensor wait.
12-24 15:18:48.678   312   392 D ThermalEngine: sensor_wait: case_therm Wait start. 5000ms
12-24 15:18:48.688   319   319 D SERVICE_STATE_TRACKER: Signal Strength changed; sending info to content process
12-24 15:18:48.688   319   319 D NS_ICC_SERVICE: GetCardState 
12-24 15:18:48.688   319   319 D SIGNAL_STRENGTH: nsMobileSignalStrength mLevel=4,mGsmSignalStrength=99,mGsmBitErrorRate=0,mCdmaDbm=-120,mCdmaEcio=-160,mEvdoDbm=-120,mEvdoEcio=-1,mEvdoSnr=-1,mLteSignalStrength=29,mLteRsrp=-82,mLteRsrq=-7,mLteRssnr=180,mLteCqi=2147483647,mTimingAdvance=99,mTdScdmaRscp=2147483647
12-24 15:18:48.688   319   319 E SIGNAL_STRENGTH: nsMobileSignalStrength::GetLevel = 4
12-24 15:18:48.688   319   319 D NS_ICC_SERVICE: GetCardState 
12-24 15:18:48.688   319   319 D NS_ICC_SERVICE: GetCardState 
12-24 15:18:48.688   319   319 D SIGNAL_STRENGTH: nsMobileSignalStrength mLevel=4,mGsmSignalStrength=99,mGsmBitErrorRate=0,mCdmaDbm=-120,mCdmaEcio=-160,mEvdoDbm=-120,mEvdoEcio=-1,mEvdoSnr=-1,mLteSignalStrength=29,mLteRsrp=-82,mLteRsrq=-7,mLteRssnr=180,mLteCqi=2147483647,mTimingAdvance=99,mTdScdmaRscp=2147483647
12-24 15:18:48.688   319   319 E SIGNAL_STRENGTH: nsMobileSignalStrength::GetLevel = 4
12-24 15:18:48.698   319   319 D SIGNAL_STRENGTH: nsMobileSignalStrength mLevel=4,mGsmSignalStrength=99,mGsmBitErrorRate=0,mCdmaDbm=-120,mCdmaEcio=-160,mEvdoDbm=-120,mEvdoEcio=-1,mEvdoSnr=-1,mLteSignalStrength=29,mLteRsrp=-82,mLteRsrq=-7,mLteRssnr=180,mLteCqi=2147483647,mTimingAdvance=99,mTdScdmaRscp=2147483647
12-24 15:18:48.698   319   319 E SIGNAL_STRENGTH: nsMobileSignalStrength::GetLevel = 4
12-24 15:18:48.698   319   319 D SIGNAL_STRENGTH: nsMobileSignalStrength mLevel=4,mGsmSignalStrength=99,mGsmBitErrorRate=0,mCdmaDbm=-120,mCdmaEcio=-160,mEvdoDbm=-120,mEvdoEcio=-1,mEvdoSnr=-1,mLteSignalStrength=29,mLteRsrp=-82,mLteRsrq=-7,mLteRssnr=180,mLteCqi=2147483647,mTimingAdvance=99,mTdScdmaRscp=2147483647
12-24 15:18:48.698   319   319 E SIGNAL_STRENGTH: nsMobileSignalStrength::GetLevel = 4
12-24 15:18:48.698   319   319 D SIGNAL_STRENGTH: nsMobileSignalStrength mLevel=4,mGsmSignalStrength=99,mGsmBitErrorRate=0,mCdmaDbm=-120,mCdmaEcio=-160,mEvdoDbm=-120,mEvdoEcio=-1,mEvdoSnr=-1,mLteSignalStrength=29,mLteRsrp=-82,mLteRsrq=-7,mLteRssnr=180,mLteCqi=2147483647,mTimingAdvance=99,mTdScdmaRscp=2147483647
12-24 15:18:49.408  2733  2733 E sdcard  : missing packages.list; retrying
12-24 15:18:51.688   319   319 D SERVICE_STATE_TRACKER: Signal Strength changed; sending info to content process
12-24 15:18:51.688   319   319 D NS_ICC_SERVICE: GetCardState 
12-24 15:18:51.688   319   319 D SIGNAL_STRENGTH: nsMobileSignalStrength mLevel=4,mGsmSignalStrength=99,mGsmBitErrorRate=0,mCdmaDbm=-120,mCdmaEcio=-160,mEvdoDbm=-120,mEvdoEcio=-1,mEvdoSnr=-1,mLteSignalStrength=31,mLteRsrp=-78,mLteRsrq=-7,mLteRssnr=194,mLteCqi=2147483647,mTimingAdvance=99,mTdScdmaRscp=2147483647
12-24 15:18:51.688   319   319 E SIGNAL_STRENGTH: nsMobileSignalStrength::GetLevel = 4
12-24 15:18:51.688   319   319 D NS_ICC_SERVICE: GetCardState 
12-24 15:18:51.698   319   319 D NS_ICC_SERVICE: GetCardState 
12-24 15:18:51.698   319   319 D SIGNAL_STRENGTH: nsMobileSignalStrength mLevel=4,mGsmSignalStrength=99,mGsmBitErrorRate=0,mCdmaDbm=-120,mCdmaEcio=-160,mEvdoDbm=-120,mEvdoEcio=-1,mEvdoSnr=-1,mLteSignalStrength=31,mLteRsrp=-78,mLteRsrq=-7,mLteRssnr=194,mLteCqi=2147483647,mTimingAdvance=99,mTdScdmaRscp=2147483647
12-24 15:18:51.698   319   319 E SIGNAL_STRENGTH: nsMobileSignalStrength::GetLevel = 4
12-24 15:18:51.698   319   319 D SIGNAL_STRENGTH: nsMobileSignalStrength mLevel=4,mGsmSignalStrength=99,mGsmBitErrorRate=0,mCdmaDbm=-120,mCdmaEcio=-160,mEvdoDbm=-120,mEvdoEcio=-1,mEvdoSnr=-1,mLteSignalStrength=31,mLteRsrp=-78,mLteRsrq=-7,mLteRssnr=194,mLteCqi=2147483647,mTimingAdvance=99,mTdScdmaRscp=2147483647
12-24 15:18:51.698   319   319 E SIGNAL_STRENGTH: nsMobileSignalStrength::GetLevel = 4
12-24 15:18:51.698   319   319 D SIGNAL_STRENGTH: nsMobileSignalStrength mLevel=4,mGsmSignalStrength=99,mGsmBitErrorRate=0,mCdmaDbm=-120,mCdmaEcio=-160,mEvdoDbm=-120,mEvdoEcio=-1,mEvdoSnr=-1,mLteSignalStrength=31,mLteRsrp=-78,mLteRsrq=-7,mLteRssnr=194,mLteCqi=2147483647,mTimingAdvance=99,mTdScdmaRscp=2147483647
12-24 15:18:51.698   319   319 E SIGNAL_STRENGTH: nsMobileSignalStrength::GetLevel = 4
12-24 15:18:51.708   319   319 D SIGNAL_STRENGTH: nsMobileSignalStrength mLevel=4,mGsmSignalStrength=99,mGsmBitErrorRate=0,mCdmaDbm=-120,mCdmaEcio=-160,mEvdoDbm=-120,mEvdoEcio=-1,mEvdoSnr=-1,mLteSignalStrength=31,mLteRsrp=-78,mLteRsrq=-7,mLteRssnr=194,mLteCqi=2147483647,mTimingAdvance=99,mTdScdmaRscp=2147483647
12-24 15:18:52.408  2733  2733 E sdcard  : missing packages.list; retrying
12-24 15:18:53.688   312   392 D ThermalEngine: sensor_wait: case_therm Wait done.
12-24 15:18:53.688   312   392 D ThermalEngine: sensor_monitor: case_therm Reading 37000 .
12-24 15:18:53.688   312   392 I ThermalEngine: Sensor:case_therm:37000 mC
12-24 15:18:53.688   312   392 D ThermalEngine: update_active_thresh: case_therm Active(1), Hi(1) 40000, Lo(0) -2147483648, Interval(1) 5000
12-24 15:18:53.688   312   392 D ThermalEngine: sensor_monitor: case_therm Sensor wait.
12-24 15:18:53.688   312   392 D ThermalEngine: sensor_wait: case_therm Wait start. 5000ms
12-24 15:18:54.688   319   319 D SERVICE_STATE_TRACKER: Signal Strength changed; sending info to content process
12-24 15:18:54.688   319   319 D NS_ICC_SERVICE: GetCardState 
12-24 15:18:54.688   319   319 D SIGNAL_STRENGTH: nsMobileSignalStrength mLevel=4,mGsmSignalStrength=99,mGsmBitErrorRate=0,mCdmaDbm=-120,mCdmaEcio=-160,mEvdoDbm=-120,mEvdoEcio=-1,mEvdoSnr=-1,mLteSignalStrength=30,mLteRsrp=-80,mLteRsrq=-7,mLteRssnr=208,mLteCqi=2147483647,mTimingAdvance=99,mTdScdmaRscp=2147483647
12-24 15:18:54.688   319   319 E SIGNAL_STRENGTH: nsMobileSignalStrength::GetLevel = 4
12-24 15:18:54.688   319   319 D NS_ICC_SERVICE: GetCardState 
12-24 15:18:54.698   319   319 D NS_ICC_SERVICE: GetCardState 
12-24 15:18:54.698   319   319 D SIGNAL_STRENGTH: nsMobileSignalStrength mLevel=4,mGsmSignalStrength=99,mGsmBitErrorRate=0,mCdmaDbm=-120,mCdmaEcio=-160,mEvdoDbm=-120,mEvdoEcio=-1,mEvdoSnr=-1,mLteSignalStrength=30,mLteRsrp=-80,mLteRsrq=-7,mLteRssnr=208,mLteCqi=2147483647,mTimingAdvance=99,mTdScdmaRscp=2147483647
12-24 15:18:54.698   319   319 E SIGNAL_STRENGTH: nsMobileSignalStrength::GetLevel = 4
12-24 15:18:54.698   319   319 D SIGNAL_STRENGTH: nsMobileSignalStrength mLevel=4,mGsmSignalStrength=99,mGsmBitErrorRate=0,mCdmaDbm=-120,mCdmaEcio=-160,mEvdoDbm=-120,mEvdoEcio=-1,mEvdoSnr=-1,mLteSignalStrength=30,mLteRsrp=-80,mLteRsrq=-7,mLteRssnr=208,mLteCqi=2147483647,mTimingAdvance=99,mTdScdmaRscp=2147483647
12-24 15:18:54.698   319   319 E SIGNAL_STRENGTH: nsMobileSignalStrength::GetLevel = 4
12-24 15:18:54.698   319   319 D SIGNAL_STRENGTH: nsMobileSignalStrength mLevel=4,mGsmSignalStrength=99,mGsmBitErrorRate=0,mCdmaDbm=-120,mCdmaEcio=-160,mEvdoDbm=-120,mEvdoEcio=-1,mEvdoSnr=-1,mLteSignalStrength=30,mLteRsrp=-80,mLteRsrq=-7,mLteRssnr=208,mLteCqi=2147483647,mTimingAdvance=99,mTdScdmaRscp=2147483647
12-24 15:18:54.698   319   319 E SIGNAL_STRENGTH: nsMobileSignalStrength::GetLevel = 4
12-24 15:18:54.708   319   319 D SIGNAL_STRENGTH: nsMobileSignalStrength mLevel=4,mGsmSignalStrength=99,mGsmBitErrorRate=0,mCdmaDbm=-120,mCdmaEcio=-160,mEvdoDbm=-120,mEvdoEcio=-1,mEvdoSnr=-1,mLteSignalStrength=30,mLteRsrp=-80,mLteRsrq=-7,mLteRssnr=208,mLteCqi=2147483647,mTimingAdvance=99,mTdScdmaRscp=2147483647
12-24 15:18:55.408  2733  2733 E sdcard  : missing packages.list; retrying
12-24 15:18:57.688   319   319 D SERVICE_STATE_TRACKER: Signal Strength changed; sending info to content process
12-24 15:18:57.688   319   319 D NS_ICC_SERVICE: GetCardState 
12-24 15:18:57.688   319   319 D SIGNAL_STRENGTH: nsMobileSignalStrength mLevel=4,mGsmSignalStrength=99,mGsmBitErrorRate=0,mCdmaDbm=-120,mCdmaEcio=-160,mEvdoDbm=-120,mEvdoEcio=-1,mEvdoSnr=-1,mLteSignalStrength=31,mLteRsrp=-77,mLteRsrq=-7,mLteRssnr=228,mLteCqi=2147483647,mTimingAdvance=99,mTdScdmaRscp=2147483647
12-24 15:18:57.688   319   319 E SIGNAL_STRENGTH: nsMobileSignalStrength::GetLevel = 4
12-24 15:18:57.688   319   319 D NS_ICC_SERVICE: GetCardState 
12-24 15:18:57.688   319   319 D NS_ICC_SERVICE: GetCardState 
12-24 15:18:57.688   319   319 D SIGNAL_STRENGTH: nsMobileSignalStrength mLevel=4,mGsmSignalStrength=99,mGsmBitErrorRate=0,mCdmaDbm=-120,mCdmaEcio=-160,mEvdoDbm=-120,mEvdoEcio=-1,mEvdoSnr=-1,mLteSignalStrength=31,mLteRsrp=-77,mLteRsrq=-7,mLteRssnr=228,mLteCqi=2147483647,mTimingAdvance=99,mTdScdmaRscp=2147483647
12-24 15:18:57.688   319   319 E SIGNAL_STRENGTH: nsMobileSignalStrength::GetLevel = 4
12-24 15:18:57.688   319   319 D SIGNAL_STRENGTH: nsMobileSignalStrength mLevel=4,mGsmSignalStrength=99,mGsmBitErrorRate=0,mCdmaDbm=-120,mCdmaEcio=-160,mEvdoDbm=-120,mEvdoEcio=-1,mEvdoSnr=-1,mLteSignalStrength=31,mLteRsrp=-77,mLteRsrq=-7,mLteRssnr=228,mLteCqi=2147483647,mTimingAdvance=99,mTdScdmaRscp=2147483647
12-24 15:18:57.688   319   319 E SIGNAL_STRENGTH: nsMobileSignalStrength::GetLevel = 4
12-24 15:18:57.698   319   319 D SIGNAL_STRENGTH: nsMobileSignalStrength mLevel=4,mGsmSignalStrength=99,mGsmBitErrorRate=0,mCdmaDbm=-120,mCdmaEcio=-160,mEvdoDbm=-120,mEvdoEcio=-1,mEvdoSnr=-1,mLteSignalStrength=31,mLteRsrp=-77,mLteRsrq=-7,mLteRssnr=228,mLteCqi=2147483647,mTimingAdvance=99,mTdScdmaRscp=2147483647
12-24 15:18:57.698   319   319 E SIGNAL_STRENGTH: nsMobileSignalStrength::GetLevel = 4
12-24 15:18:57.698   319   319 D SIGNAL_STRENGTH: nsMobileSignalStrength mLevel=4,mGsmSignalStrength=99,mGsmBitErrorRate=0,mCdmaDbm=-120,mCdmaEcio=-160,mEvdoDbm=-120,mEvdoEcio=-1,mEvdoSnr=-1,mLteSignalStrength=31,mLteRsrp=-77,mLteRsrq=-7,mLteRssnr=228,mLteCqi=2147483647,mTimingAdvance=99,mTdScdmaRscp=2147483647
12-24 15:18:58.408  2733  2733 E sdcard  : missing packages.list; retrying
12-24 15:18:58.688   312   392 D ThermalEngine: sensor_wait: case_therm Wait done.
12-24 15:18:58.688   312   392 D ThermalEngine: sensor_monitor: case_therm Reading 37000 .
12-24 15:18:58.688   312   392 I ThermalEngine: Sensor:case_therm:37000 mC
12-24 15:18:58.688   312   392 D ThermalEngine: update_active_thresh: case_therm Active(1), Hi(1) 40000, Lo(0) -2147483648, Interval(1) 5000
12-24 15:18:58.688   312   392 D ThermalEngine: sensor_monitor: case_therm Sensor wait.
12-24 15:18:58.688   312   392 D ThermalEngine: sensor_wait: case_therm Wait start. 5000ms
12-24 15:19:00.688   319   319 D SERVICE_STATE_TRACKER: Signal Strength changed; sending info to content process
12-24 15:19:00.688   319   319 D NS_ICC_SERVICE: GetCardState 
12-24 15:19:00.688   319   319 D SIGNAL_STRENGTH: nsMobileSignalStrength mLevel=4,mGsmSignalStrength=99,mGsmBitErrorRate=0,mCdmaDbm=-120,mCdmaEcio=-160,mEvdoDbm=-120,mEvdoEcio=-1,mEvdoSnr=-1,mLteSignalStrength=31,mLteRsrp=-77,mLteRsrq=-7,mLteRssnr=196,mLteCqi=2147483647,mTimingAdvance=99,mTdScdmaRscp=2147483647
12-24 15:19:00.688   319   319 E SIGNAL_STRENGTH: nsMobileSignalStrength::GetLevel = 4
12-24 15:19:00.688   319   319 D NS_ICC_SERVICE: GetCardState 
12-24 15:19:00.698   319   319 D NS_ICC_SERVICE: GetCardState 
12-24 15:19:00.698   319   319 D SIGNAL_STRENGTH: nsMobileSignalStrength mLevel=4,mGsmSignalStrength=99,mGsmBitErrorRate=0,mCdmaDbm=-120,mCdmaEcio=-160,mEvdoDbm=-120,mEvdoEcio=-1,mEvdoSnr=-1,mLteSignalStrength=31,mLteRsrp=-77,mLteRsrq=-7,mLteRssnr=196,mLteCqi=2147483647,mTimingAdvance=99,mTdScdmaRscp=2147483647
12-24 15:19:00.698   319   319 E SIGNAL_STRENGTH: nsMobileSignalStrength::GetLevel = 4
12-24 15:19:00.698   319   319 D SIGNAL_STRENGTH: nsMobileSignalStrength mLevel=4,mGsmSignalStrength=99,mGsmBitErrorRate=0,mCdmaDbm=-120,mCdmaEcio=-160,mEvdoDbm=-120,mEvdoEcio=-1,mEvdoSnr=-1,mLteSignalStrength=31,mLteRsrp=-77,mLteRsrq=-7,mLteRssnr=196,mLteCqi=2147483647,mTimingAdvance=99,mTdScdmaRscp=2147483647
12-24 15:19:00.698   319   319 E SIGNAL_STRENGTH: nsMobileSignalStrength::GetLevel = 4
12-24 15:19:00.698   319   319 D SIGNAL_STRENGTH: nsMobileSignalStrength mLevel=4,mGsmSignalStrength=99,mGsmBitErrorRate=0,mCdmaDbm=-120,mCdmaEcio=-160,mEvdoDbm=-120,mEvdoEcio=-1,mEvdoSnr=-1,mLteSignalStrength=31,mLteRsrp=-77,mLteRsrq=-7,mLteRssnr=196,mLteCqi=2147483647,mTimingAdvance=99,mTdScdmaRscp=2147483647
12-24 15:19:00.698   319   319 E SIGNAL_STRENGTH: nsMobileSignalStrength::GetLevel = 4
12-24 15:19:00.698   319   319 D SIGNAL_STRENGTH: nsMobileSignalStrength mLevel=4,mGsmSignalStrength=99,mGsmBitErrorRate=0,mCdmaDbm=-120,mCdmaEcio=-160,mEvdoDbm=-120,mEvdoEcio=-1,mEvdoSnr=-1,mLteSignalStrength=31,mLteRsrp=-77,mLteRsrq=-7,mLteRssnr=196,mLteCqi=2147483647,mTimingAdvance=99,mTdScdmaRscp=2147483647
12-24 15:19:01.408  2733  2733 E sdcard  : missing packages.list; retrying
12-24 15:19:01.588   319  2780 E LocSvc_ApiV02: I/<--- void globalEventCb(locClientHandleType, uint32_t, locClientEventIndUnionType, void*) line 91 QMI_LOC_EVENT_INJECT_PREDICTED_ORBITS_REQ_IND_V02
12-24 15:19:01.598   319  5113 E LocSvc_utils_q: E/msg_q_rcv: Message queue has been unblocked.
12-24 15:19:01.598   319  5113 E LocSvc_MsgTask: E/virtual bool MsgTask::run():91] fail receiving msg: eMSG_Q_UNAVAILABLE_RESOURCE
12-24 15:19:03.688   312   392 D ThermalEngine: sensor_wait: case_therm Wait done.
12-24 15:19:03.688   312   392 D ThermalEngine: sensor_monitor: case_therm Reading 37000 .
12-24 15:19:03.688   312   392 I ThermalEngine: Sensor:case_therm:37000 mC
12-24 15:19:03.688   312   392 D ThermalEngine: update_active_thresh: case_therm Active(1), Hi(1) 40000, Lo(0) -2147483648, Interval(1) 5000
12-24 15:19:03.688   312   392 D ThermalEngine: sensor_monitor: case_therm Sensor wait.
12-24 15:19:03.688   312   392 D ThermalEngine: sensor_wait: case_therm Wait start. 5000ms
12-24 15:19:03.688   319   319 D SERVICE_STATE_TRACKER: Signal Strength changed; sending info to content process
12-24 15:19:03.688   319   319 D NS_ICC_SERVICE: GetCardState 
12-24 15:19:03.688   319   319 D SIGNAL_STRENGTH: nsMobileSignalStrength mLevel=4,mGsmSignalStrength=99,mGsmBitErrorRate=0,mCdmaDbm=-120,mCdmaEcio=-160,mEvdoDbm=-120,mEvdoEcio=-1,mEvdoSnr=-1,mLteSignalStrength=31,mLteRsrp=-77,mLteRsrq=-7,mLteRssnr=186,mLteCqi=2147483647,mTimingAdvance=99,mTdScdmaRscp=2147483647
12-24 15:19:03.688   319   319 E SIGNAL_STRENGTH: nsMobileSignalStrength::GetLevel = 4
12-24 15:19:03.688   319   319 D NS_ICC_SERVICE: GetCardState 
12-24 15:19:03.698   319   319 D NS_ICC_SERVICE: GetCardState 
12-24 15:19:03.698   319   319 D SIGNAL_STRENGTH: nsMobileSignalStrength mLevel=4,mGsmSignalStrength=99,mGsmBitErrorRate=0,mCdmaDbm=-120,mCdmaEcio=-160,mEvdoDbm=-120,mEvdoEcio=-1,mEvdoSnr=-1,mLteSignalStrength=31,mLteRsrp=-77,mLteRsrq=-7,mLteRssnr=186,mLteCqi=2147483647,mTimingAdvance=99,mTdScdmaRscp=2147483647
12-24 15:19:03.698   319   319 E SIGNAL_STRENGTH: nsMobileSignalStrength::GetLevel = 4
12-24 15:19:03.698   319   319 D SIGNAL_STRENGTH: nsMobileSignalStrength mLevel=4,mGsmSignalStrength=99,mGsmBitErrorRate=0,mCdmaDbm=-120,mCdmaEcio=-160,mEvdoDbm=-120,mEvdoEcio=-1,mEvdoSnr=-1,mLteSignalStrength=31,mLteRsrp=-77,mLteRsrq=-7,mLteRssnr=186,mLteCqi=2147483647,mTimingAdvance=99,mTdScdmaRscp=2147483647
12-24 15:19:03.698   319   319 E SIGNAL_STRENGTH: nsMobileSignalStrength::GetLevel = 4
12-24 15:19:03.698   319   319 D SIGNAL_STRENGTH: nsMobileSignalStrength mLevel=4,mGsmSignalStrength=99,mGsmBitErrorRate=0,mCdmaDbm=-120,mCdmaEcio=-160,mEvdoDbm=-120,mEvdoEcio=-1,mEvdoSnr=-1,mLteSignalStrength=31,mLteRsrp=-77,mLteRsrq=-7,mLteRssnr=186,mLteCqi=2147483647,mTimingAdvance=99,mTdScdmaRscp=2147483647
12-24 15:19:03.698   319   319 E SIGNAL_STRENGTH: nsMobileSignalStrength::GetLevel = 4
12-24 15:19:03.698   319   319 D SIGNAL_STRENGTH: nsMobileSignalStrength mLevel=4,mGsmSignalStrength=99,mGsmBitErrorRate=0,mCdmaDbm=-120,mCdmaEcio=-160,mEvdoDbm=-120,mEvdoEcio=-1,mEvdoSnr=-1,mLteSignalStrength=31,mLteRsrp=-77,mLteRsrq=-7,mLteRssnr=186,mLteCqi=2147483647,mTimingAdvance=99,mTdScdmaRscp=2147483647
12-24 15:19:04.408  2733  2733 E sdcard  : missing packages.list; retrying
12-24 15:19:06.688   319   319 D SERVICE_STATE_TRACKER: Signal Strength changed; sending info to content process
12-24 15:19:06.688   319   319 D NS_ICC_SERVICE: GetCardState 
12-24 15:19:06.688   319   319 D SIGNAL_STRENGTH: nsMobileSignalStrength mLevel=4,mGsmSignalStrength=99,mGsmBitErrorRate=0,mCdmaDbm=-120,mCdmaEcio=-160,mEvdoDbm=-120,mEvdoEcio=-1,mEvdoSnr=-1,mLteSignalStrength=31,mLteRsrp=-74,mLteRsrq=-7,mLteRssnr=236,mLteCqi=2147483647,mTimingAdvance=99,mTdScdmaRscp=2147483647
12-24 15:19:06.688   319   319 E SIGNAL_STRENGTH: nsMobileSignalStrength::GetLevel = 4
12-24 15:19:06.698   319   319 D NS_ICC_SERVICE: GetCardState 
12-24 15:19:06.698   319   319 D NS_ICC_SERVICE: GetCardState 
12-24 15:19:06.698   319   319 D SIGNAL_STRENGTH: nsMobileSignalStrength mLevel=4,mGsmSignalStrength=99,mGsmBitErrorRate=0,mCdmaDbm=-120,mCdmaEcio=-160,mEvdoDbm=-120,mEvdoEcio=-1,mEvdoSnr=-1,mLteSignalStrength=31,mLteRsrp=-74,mLteRsrq=-7,mLteRssnr=236,mLteCqi=2147483647,mTimingAdvance=99,mTdScdmaRscp=2147483647
12-24 15:19:06.698   319   319 E SIGNAL_STRENGTH: nsMobileSignalStrength::GetLevel = 4
12-24 15:19:06.698   319   319 D SIGNAL_STRENGTH: nsMobileSignalStrength mLevel=4,mGsmSignalStrength=99,mGsmBitErrorRate=0,mCdmaDbm=-120,mCdmaEcio=-160,mEvdoDbm=-120,mEvdoEcio=-1,mEvdoSnr=-1,mLteSignalStrength=31,mLteRsrp=-74,mLteRsrq=-7,mLteRssnr=236,mLteCqi=2147483647,mTimingAdvance=99,mTdScdmaRscp=2147483647
12-24 15:19:06.698   319   319 E SIGNAL_STRENGTH: nsMobileSignalStrength::GetLevel = 4
12-24 15:19:06.698   319   319 D SIGNAL_STRENGTH: nsMobileSignalStrength mLevel=4,mGsmSignalStrength=99,mGsmBitErrorRate=0,mCdmaDbm=-120,mCdmaEcio=-160,mEvdoDbm=-120,mEvdoEcio=-1,mEvdoSnr=-1,mLteSignalStrength=31,mLteRsrp=-74,mLteRsrq=-7,mLteRssnr=236,mLteCqi=2147483647,mTimingAdvance=99,mTdScdmaRscp=2147483647
12-24 15:19:06.698   319   319 E SIGNAL_STRENGTH: nsMobileSignalStrength::GetLevel = 4
12-24 15:19:06.698   319   319 D SIGNAL_STRENGTH: nsMobileSignalStrength mLevel=4,mGsmSignalStrength=99,mGsmBitErrorRate=0,mCdmaDbm=-120,mCdmaEcio=-160,mEvdoDbm=-120,mEvdoEcio=-1,mEvdoSnr=-1,mLteSignalStrength=31,mLteRsrp=-74,mLteRsrq=-7,mLteRssnr=236,mLteCqi=2147483647,mTimingAdvance=99,mTdScdmaRscp=2147483647
12-24 15:19:07.408  2733  2733 E sdcard  : missing packages.list; retrying
12-24 15:19:08.688   312   392 D ThermalEngine: sensor_wait: case_therm Wait done.
12-24 15:19:08.688   312   392 D ThermalEngine: sensor_monitor: case_therm Reading 37000 .
12-24 15:19:08.688   312   392 I ThermalEngine: Sensor:case_therm:37000 mC
12-24 15:19:08.688   312   392 D ThermalEngine: update_active_thresh: case_therm Active(1), Hi(1) 40000, Lo(0) -2147483648, Interval(1) 5000
12-24 15:19:08.688   312   392 D ThermalEngine: sensor_monitor: case_therm Sensor wait.
12-24 15:19:08.688   312   392 D ThermalEngine: sensor_wait: case_therm Wait start. 5000ms
12-24 15:19:09.688   319   319 D SERVICE_STATE_TRACKER: Signal Strength changed; sending info to content process
12-24 15:19:09.688   319   319 D NS_ICC_SERVICE: GetCardState 
12-24 15:19:09.688   319   319 D SIGNAL_STRENGTH: nsMobileSignalStrength mLevel=4,mGsmSignalStrength=99,mGsmBitErrorRate=0,mCdmaDbm=-120,mCdmaEcio=-160,mEvdoDbm=-120,mEvdoEcio=-1,mEvdoSnr=-1,mLteSignalStrength=31,mLteRsrp=-77,mLteRsrq=-7,mLteRssnr=192,mLteCqi=2147483647,mTimingAdvance=99,mTdScdmaRscp=2147483647
12-24 15:19:09.698   319   319 E SIGNAL_STRENGTH: nsMobileSignalStrength::GetLevel = 4
12-24 15:19:09.698   319   319 D NS_ICC_SERVICE: GetCardState 
12-24 15:19:09.698   319   319 D NS_ICC_SERVICE: GetCardState 
12-24 15:19:09.698   319   319 D SIGNAL_STRENGTH: nsMobileSignalStrength mLevel=4,mGsmSignalStrength=99,mGsmBitErrorRate=0,mCdmaDbm=-120,mCdmaEcio=-160,mEvdoDbm=-120,mEvdoEcio=-1,mEvdoSnr=-1,mLteSignalStrength=31,mLteRsrp=-77,mLteRsrq=-7,mLteRssnr=192,mLteCqi=2147483647,mTimingAdvance=99,mTdScdmaRscp=2147483647
12-24 15:19:09.698   319   319 E SIGNAL_STRENGTH: nsMobileSignalStrength::GetLevel = 4
12-24 15:19:09.698   319   319 D SIGNAL_STRENGTH: nsMobileSignalStrength mLevel=4,mGsmSignalStrength=99,mGsmBitErrorRate=0,mCdmaDbm=-120,mCdmaEcio=-160,mEvdoDbm=-120,mEvdoEcio=-1,mEvdoSnr=-1,mLteSignalStrength=31,mLteRsrp=-77,mLteRsrq=-7,mLteRssnr=192,mLteCqi=2147483647,mTimingAdvance=99,mTdScdmaRscp=2147483647
12-24 15:19:09.698   319   319 E SIGNAL_STRENGTH: nsMobileSignalStrength::GetLevel = 4
12-24 15:19:09.698   319   319 D SIGNAL_STRENGTH: nsMobileSignalStrength mLevel=4,mGsmSignalStrength=99,mGsmBitErrorRate=0,mCdmaDbm=-120,mCdmaEcio=-160,mEvdoDbm=-120,mEvdoEcio=-1,mEvdoSnr=-1,mLteSignalStrength=31,mLteRsrp=-77,mLteRsrq=-7,mLteRssnr=192,mLteCqi=2147483647,mTimingAdvance=99,mTdScdmaRscp=2147483647
12-24 15:19:09.698   319   319 E SIGNAL_STRENGTH: nsMobileSignalStrength::GetLevel = 4
12-24 15:19:09.708   319   319 D SIGNAL_STRENGTH: nsMobileSignalStrength mLevel=4,mGsmSignalStrength=99,mGsmBitErrorRate=0,mCdmaDbm=-120,mCdmaEcio=-160,mEvdoDbm=-120,mEvdoEcio=-1,mEvdoSnr=-1,mLteSignalStrength=31,mLteRsrp=-77,mLteRsrq=-7,mLteRssnr=192,mLteCqi=2147483647,mTimingAdvance=99,mTdScdmaRscp=2147483647
12-24 15:19:09.808   417   417 D VM_BMS  : wake_lock acquired
12-24 15:19:09.808   417   417 D VM_BMS  : New BMS data - Size=56
12-24 15:19:09.808   417   417 D VM_BMS  : Start process_bms_data
12-24 15:19:09.818   417   417 D VM_BMS  : For batt_temp=313 fcc_mah=2075
12-24 15:19:09.818   417   417 D VM_BMS  : For ocv=4017749 batt_temp=313 soc=87
12-24 15:19:09.818   417   417 D VM_BMS  : fifo_count=5 acc_count=0
12-24 15:19:09.818   417   417 D VM_BMS  : INIT: ocv=4017749 last_ocv=4017749 batt_temp=313 soc=87
12-24 15:19:09.818   417   417 D VM_BMS  : For soc=87 batt_temp=313 slope=10400
12-24 15:19:09.818   417   417 D VM_BMS  : For soc=87 batt_temp=313 rbatt_sf=98
12-24 15:19:09.818   417   417 D VM_BMS  : rbatt_mohm_default=138, rbatt_mohm=135, sf=98 batt_temp=313
12-24 15:19:09.818   417   417 D VM_BMS  : For ocv=4017973 batt_temp=313 soc=87
12-24 15:19:09.818   417   417 D VM_BMS  : FIFO=0 fifo_avg=4.051109 rbatt=0.185000 slope=1.040000 ibatt=-0.179718 ocv=4.017973 soc=87 fcc_ah=2.075000 sample_count=128 sample_interval=70 seq_num=12
12-24 15:19:09.818   417   417 D VM_BMS  : For soc=87 batt_temp=313 slope=10400
12-24 15:19:09.818   417   417 D VM_BMS  : For soc=87 batt_temp=313 rbatt_sf=98
12-24 15:19:09.818   417   417 D VM_BMS  : rbatt_mohm_default=138, rbatt_mohm=135, sf=98 batt_temp=313
12-24 15:19:09.818   417   417 D VM_BMS  : For ocv=4018261 batt_temp=313 soc=87
12-24 15:19:09.818   417   417 D VM_BMS  : FIFO=1 fifo_avg=4.060807 rbatt=0.185000 slope=1.040000 ibatt=-0.230759 ocv=4.018261 soc=87 fcc_ah=2.075000 sample_count=128 sample_interval=70 seq_num=12
12-24 15:19:09.818   417   417 D VM_BMS  : For soc=87 batt_temp=313 slope=10400
12-24 15:19:09.818   417   417 D VM_BMS  : For soc=87 batt_temp=313 rbatt_sf=98
12-24 15:19:09.818   417   417 D VM_BMS  : rbatt_mohm_default=138, rbatt_mohm=135, sf=98 batt_temp=313
12-24 15:19:09.818   417   417 D VM_BMS  : For ocv=4018618 batt_temp=313 soc=87
12-24 15:19:09.818   417   417 D VM_BMS  : FIFO=2 fifo_avg=4.071416 rbatt=0.185000 slope=1.040000 ibatt=-0.286359 ocv=4.018618 soc=87 fcc_ah=2.075000 sample_count=128 sample_interval=70 seq_num=12
12-24 15:19:09.818   417   417 D VM_BMS  : For soc=87 batt_temp=313 slope=10400
12-24 15:19:09.818   417   417 D VM_BMS  : For soc=87 batt_temp=313 rbatt_sf=98
12-24 15:19:09.818   417   417 D VM_BMS  : rbatt_mohm_default=138, rbatt_mohm=135, sf=98 batt_temp=313
12-24 15:19:09.818   417   417 D VM_BMS  : For ocv=4018963 batt_temp=313 soc=87
12-24 15:19:09.818   417   417 D VM_BMS  : FIFO=3 fifo_avg=4.069955 rbatt=0.185000 slope=1.040000 ibatt=-0.276564 ocv=4.018963 soc=87 fcc_ah=2.075000 sample_count=128 sample_interval=70 seq_num=12
12-24 15:19:09.818   417   417 D VM_BMS  : For soc=87 batt_temp=313 slope=10400
12-24 15:19:09.818   417   417 D VM_BMS  : For soc=87 batt_temp=313 rbatt_sf=98
12-24 15:19:09.818   417   417 D VM_BMS  : rbatt_mohm_default=138, rbatt_mohm=135, sf=98 batt_temp=313
12-24 15:19:09.818   417   417 D VM_BMS  : For ocv=4019311 batt_temp=313 soc=87
12-24 15:19:09.818   417   417 D VM_BMS  : FIFO=4 fifo_avg=4.070828 rbatt=0.185000 slope=1.040000 ibatt=-0.279410 ocv=4.019311 soc=87 fcc_ah=2.075000 sample_count=128 sample_interval=70 seq_num=12
12-24 15:19:09.818   417   417 I VM_BMS  : power_supply_update: ocv_uv=4019311 ibatt=-279409 soc=87 seq_num=12
12-24 15:19:09.818   417   417 D VM_BMS  : End process_bms_data
12-24 15:19:09.818   417   417 D VM_BMS  : wake_lock released
12-24 15:19:10.408  2733  2733 E sdcard  : missing packages.list; retrying
12-24 15:19:12.688   319   319 D SERVICE_STATE_TRACKER: Signal Strength changed; sending info to content process
12-24 15:19:12.688   319   319 D NS_ICC_SERVICE: GetCardState 
12-24 15:19:12.688   319   319 D SIGNAL_STRENGTH: nsMobileSignalStrength mLevel=4,mGsmSignalStrength=99,mGsmBitErrorRate=0,mCdmaDbm=-120,mCdmaEcio=-160,mEvdoDbm=-120,mEvdoEcio=-1,mEvdoSnr=-1,mLteSignalStrength=31,mLteRsrp=-79,mLteRsrq=-7,mLteRssnr=198,mLteCqi=2147483647,mTimingAdvance=99,mTdScdmaRscp=2147483647
12-24 15:19:12.688   319   319 E SIGNAL_STRENGTH: nsMobileSignalStrength::GetLevel = 4
12-24 15:19:12.688   319   319 D NS_ICC_SERVICE: GetCardState 
12-24 15:19:12.698   319   319 D NS_ICC_SERVICE: GetCardState 
12-24 15:19:12.698   319   319 D SIGNAL_STRENGTH: nsMobileSignalStrength mLevel=4,mGsmSignalStrength=99,mGsmBitErrorRate=0,mCdmaDbm=-120,mCdmaEcio=-160,mEvdoDbm=-120,mEvdoEcio=-1,mEvdoSnr=-1,mLteSignalStrength=31,mLteRsrp=-79,mLteRsrq=-7,mLteRssnr=198,mLteCqi=2147483647,mTimingAdvance=99,mTdScdmaRscp=2147483647
12-24 15:19:12.698   319   319 E SIGNAL_STRENGTH: nsMobileSignalStrength::GetLevel = 4
12-24 15:19:12.698   319   319 D SIGNAL_STRENGTH: nsMobileSignalStrength mLevel=4,mGsmSignalStrength=99,mGsmBitErrorRate=0,mCdmaDbm=-120,mCdmaEcio=-160,mEvdoDbm=-120,mEvdoEcio=-1,mEvdoSnr=-1,mLteSignalStrength=31,mLteRsrp=-79,mLteRsrq=-7,mLteRssnr=198,mLteCqi=2147483647,mTimingAdvance=99,mTdScdmaRscp=2147483647
12-24 15:19:12.698   319   319 E SIGNAL_STRENGTH: nsMobileSignalStrength::GetLevel = 4
12-24 15:19:12.698   319   319 D SIGNAL_STRENGTH: nsMobileSignalStrength mLevel=4,mGsmSignalStrength=99,mGsmBitErrorRate=0,mCdmaDbm=-120,mCdmaEcio=-160,mEvdoDbm=-120,mEvdoEcio=-1,mEvdoSnr=-1,mLteSignalStrength=31,mLteRsrp=-79,mLteRsrq=-7,mLteRssnr=198,mLteCqi=2147483647,mTimingAdvance=99,mTdScdmaRscp=2147483647
12-24 15:19:12.698   319   319 E SIGNAL_STRENGTH: nsMobileSignalStrength::GetLevel = 4
12-24 15:19:12.698   319   319 D SIGNAL_STRENGTH: nsMobileSignalStrength mLevel=4,mGsmSignalStrength=99,mGsmBitErrorRate=0,mCdmaDbm=-120,mCdmaEcio=-160,mEvdoDbm=-120,mEvdoEcio=-1,mEvdoSnr=-1,mLteSignalStrength=31,mLteRsrp=-79,mLteRsrq=-7,mLteRssnr=198,mLteCqi=2147483647,mTimingAdvance=99,mTdScdmaRscp=2147483647
12-24 15:19:13.408  2733  2733 E sdcard  : missing packages.list; retrying
12-24 15:19:13.688   312   392 D ThermalEngine: sensor_wait: case_therm Wait done.
12-24 15:19:13.688   312   392 D ThermalEngine: sensor_monitor: case_therm Reading 37000 .
12-24 15:19:13.688   312   392 I ThermalEngine: Sensor:case_therm:37000 mC
12-24 15:19:13.688   312   392 D ThermalEngine: update_active_thresh: case_therm Active(1), Hi(1) 40000, Lo(0) -2147483648, Interval(1) 5000
12-24 15:19:13.688   312   392 D ThermalEngine: sensor_monitor: case_therm Sensor wait.
12-24 15:19:13.688   312   392 D ThermalEngine: sensor_wait: case_therm Wait start. 5000ms
12-24 15:19:15.688   319   319 D SERVICE_STATE_TRACKER: Signal Strength changed; sending info to content process
12-24 15:19:15.688   319   319 D NS_ICC_SERVICE: GetCardState 
12-24 15:19:15.688   319   319 D SIGNAL_STRENGTH: nsMobileSignalStrength mLevel=4,mGsmSignalStrength=99,mGsmBitErrorRate=0,mCdmaDbm=-120,mCdmaEcio=-160,mEvdoDbm=-120,mEvdoEcio=-1,mEvdoSnr=-1,mLteSignalStrength=31,mLteRsrp=-77,mLteRsrq=-7,mLteRssnr=208,mLteCqi=2147483647,mTimingAdvance=99,mTdScdmaRscp=2147483647
12-24 15:19:15.688   319   319 E SIGNAL_STRENGTH: nsMobileSignalStrength::GetLevel = 4
12-24 15:19:15.698   319   319 D NS_ICC_SERVICE: GetCardState 
12-24 15:19:15.698   319   319 D NS_ICC_SERVICE: GetCardState 
12-24 15:19:15.698   319   319 D SIGNAL_STRENGTH: nsMobileSignalStrength mLevel=4,mGsmSignalStrength=99,mGsmBitErrorRate=0,mCdmaDbm=-120,mCdmaEcio=-160,mEvdoDbm=-120,mEvdoEcio=-1,mEvdoSnr=-1,mLteSignalStrength=31,mLteRsrp=-77,mLteRsrq=-7,mLteRssnr=208,mLteCqi=2147483647,mTimingAdvance=99,mTdScdmaRscp=2147483647
12-24 15:19:15.698   319   319 E SIGNAL_STRENGTH: nsMobileSignalStrength::GetLevel = 4
12-24 15:19:15.698   319   319 D SIGNAL_STRENGTH: nsMobileSignalStrength mLevel=4,mGsmSignalStrength=99,mGsmBitErrorRate=0,mCdmaDbm=-120,mCdmaEcio=-160,mEvdoDbm=-120,mEvdoEcio=-1,mEvdoSnr=-1,mLteSignalStrength=31,mLteRsrp=-77,mLteRsrq=-7,mLteRssnr=208,mLteCqi=2147483647,mTimingAdvance=99,mTdScdmaRscp=2147483647
12-24 15:19:15.698   319   319 E SIGNAL_STRENGTH: nsMobileSignalStrength::GetLevel = 4
12-24 15:19:15.698   319   319 D SIGNAL_STRENGTH: nsMobileSignalStrength mLevel=4,mGsmSignalStrength=99,mGsmBitErrorRate=0,mCdmaDbm=-120,mCdmaEcio=-160,mEvdoDbm=-120,mEvdoEcio=-1,mEvdoSnr=-1,mLteSignalStrength=31,mLteRsrp=-77,mLteRsrq=-7,mLteRssnr=208,mLteCqi=2147483647,mTimingAdvance=99,mTdScdmaRscp=2147483647
12-24 15:19:15.698   319   319 E SIGNAL_STRENGTH: nsMobileSignalStrength::GetLevel = 4
12-24 15:19:15.698   319   319 D SIGNAL_STRENGTH: nsMobileSignalStrength mLevel=4,mGsmSignalStrength=99,mGsmBitErrorRate=0,mCdmaDbm=-120,mCdmaEcio=-160,mEvdoDbm=-120,mEvdoEcio=-1,mEvdoSnr=-1,mLteSignalStrength=31,mLteRsrp=-77,mLteRsrq=-7,mLteRssnr=208,mLteCqi=2147483647,mTimingAdvance=99,mTdScdmaRscp=2147483647
12-24 15:19:16.408  2733  2733 E sdcard  : missing packages.list; retrying
12-24 15:19:18.688   312   392 D ThermalEngine: sensor_wait: case_therm Wait done.
12-24 15:19:18.698   312   392 D ThermalEngine: sensor_monitor: case_therm Reading 37000 .
