01-08 02:28:50.539 W/GeckoConsole(  320): [JavaScript Warning: "Trying to re-register CID '{ded150e3-c92e-4077-a396-0dba9953e39f}' already registered by jar:file:///system/b2g/omni.ja!/components/simpleServices.js." {file: "jar:file:///system/b2g/omni.ja!/components/components.manifest" line: 875}]
01-08 02:28:50.539 W/GeckoConsole(  320): [JavaScript Warning: "Trying to re-register CID '{eddff57e-0499-11e7-93ae-92361f002671}' already registered by jar:file:///system/b2g/omni.ja!/components/customizationinfo.js." {file: "jar:file:///system/b2g/omni.ja!/components/components.manifest" line: 877}]
01-08 02:28:50.539 W/GeckoConsole(  320): [JavaScript Warning: "Trying to re-register CID '{cb24f0da-4fa8-4c7a-962e-5896e1ff6a2a}' already registered by jar:file:///system/b2g/omni.ja!/components/SimContactService.js." {file: "jar:file:///system/b2g/omni.ja!/components/components.manifest" line: 879}]
01-08 02:28:50.549 W/Gonk    (  320): Frame delay is 33333 us but decoding took 33936 us
01-08 02:28:50.549 I/Gonk    (  320): Decoded bootup/0082.png: 240 x 320 frame with bgcolor? no (0, 0, 0; gray:0)
01-08 02:28:50.599 W/Gonk    (  320): Frame delay is 33333 us but decoding took 48870 us
01-08 02:28:50.599 I/Gonk    (  320): Decoded bootup/0083.png: 240 x 320 frame with bgcolor? no (0, 0, 0; gray:0)
01-08 02:28:50.629 I/Gonk    (  320): Decoded bootup/0084.png: 240 x 320 frame with bgcolor? no (0, 0, 0; gray:0)
01-08 02:28:50.659 I/Gonk    (  320): Decoded bootup/0085.png: 240 x 320 frame with bgcolor? no (0, 0, 0; gray:0)
01-08 02:28:50.709 W/Gonk    (  320): Frame delay is 33333 us but decoding took 50065 us
01-08 02:28:50.709 I/Gonk    (  320): Decoded bootup/0086.png: 240 x 320 frame with bgcolor? no (0, 0, 0; gray:0)
01-08 02:28:50.769 W/Gonk    (  320): Frame delay is 33333 us but decoding took 50225 us
01-08 02:28:50.769 I/Gonk    (  320): Decoded bootup/0087.png: 240 x 320 frame with bgcolor? no (0, 0, 0; gray:0)
01-08 02:28:50.789 E/LocSvc_api_v02(  483): E/loc_sync_wait_for_ind:458]: slot 0, timed out for ind_id QMI_LOC_INJECT_APDONOTCACHE_DATA_REQ_V02
01-08 02:28:50.789 E/LocSvc_api_v02(  483): E/loc_sync_send_req:530]: loc_api_wait_for_ind failed, err -110, select id 0, status eLOC_CLIENT_FAILURE_TIMEOUT
01-08 02:28:50.789 E/LocSvc_IzatApiV02(  483): E/virtual int izat_core::IzatApiV02::injectApCacheBlacklist(APCacheBlacklistData):800]: Error : st = 6, ind.status = 0
01-08 02:28:50.789 E/LocSvc_IzatApiV02(  483): E/virtual int izat_core::IzatApiV02::injectApCacheBlacklist(APCacheBlacklistData):812]: inject AP Cache - blacklistto modem failed. 
01-08 02:28:50.789 E/LocSvc_api_v02(  483): I/---> locClientSendReq line 2035 QMI_LOC_INJECT_APDONOTCACHE_DATA_REQ_V02
01-08 02:28:50.809 W/Gonk    (  320): Frame delay is 33333 us but decoding took 49303 us
01-08 02:28:50.809 I/Gonk    (  320): Decoded bootup/0088.png: 240 x 320 frame with bgcolor? no (0, 0, 0; gray:0)
01-08 02:28:50.859 W/Gonk    (  320): Frame delay is 33333 us but decoding took 49602 us
01-08 02:28:50.859 I/Gonk    (  320): Decoded bootup/0089.png: 240 x 320 frame with bgcolor? no (0, 0, 0; gray:0)
01-08 02:28:50.919 W/Gonk    (  320): Frame delay is 33333 us but decoding took 51564 us
01-08 02:28:50.919 I/Gonk    (  320): Decoded bootup/0090.png: 240 x 320 frame with bgcolor? no (0, 0, 0; gray:0)
01-08 02:28:50.959 W/Gonk    (  320): Frame delay is 33333 us but decoding took 48434 us
01-08 02:28:50.959 I/Gonk    (  320): Decoded bootup/0091.png: 240 x 320 frame with bgcolor? no (0, 0, 0; gray:0)
01-08 02:28:51.009 W/Gonk    (  320): Frame delay is 33333 us but decoding took 49848 us
01-08 02:28:51.009 I/Gonk    (  320): Decoded bootup/0092.png: 240 x 320 frame with bgcolor? no (0, 0, 0; gray:0)
01-08 02:28:51.059 W/RIL_MODULE(  320): Examining Gecko interfaces...
01-08 02:28:51.059 W/RIL_MODULE(  320):   nsICellBroadcastService: ok
01-08 02:28:51.059 W/RIL_MODULE(  320):   nsIIccService: ok
01-08 02:28:51.059 W/RIL_MODULE(  320):   nsIImsRegHandler: ok
01-08 02:28:51.059 W/RIL_MODULE(  320):   nsIImsRegService: ok
01-08 02:28:51.059 W/RIL_MODULE(  320):   nsIMobileCellInfo: ok
01-08 02:28:51.059 W/RIL_MODULE(  320):   nsIMobileConnectionInfo: ok
01-08 02:28:51.059 W/RIL_MODULE(  320):   nsIMobileNetworkInfo: ok
01-08 02:28:51.059 W/RIL_MODULE(  320):   nsIMobileMessageCallback: ok
01-08 02:28:51.059 W/RIL_MODULE(  320):   nsIMobileMessageService: ok
01-08 02:28:51.059 W/RIL_MODULE(  320):   nsINetworkInterface: ok
01-08 02:28:51.059 W/RIL_MODULE(  320):   nsINetworkManager: ok
01-08 02:28:51.059 W/RIL_MODULE(  320):   nsIRadioInterfaceLayer: ok
01-08 02:28:51.059 W/RIL_MODULE(  320):   nsIRadioInterface: ok
01-08 02:28:51.059 W/RIL_MODULE(  320):   nsIRilContext: ok
01-08 02:28:51.059 W/RIL_MODULE(  320):   nsIGonkMobileMessageDatabaseCallback: ok
01-08 02:28:51.059 W/RIL_MODULE(  320):   nsIGonkMobileMessageDatabaseService: ok
01-08 02:28:51.059 W/RIL_MODULE(  320):   nsISystemMessagesInternal: ok
01-08 02:28:51.059 W/RIL_MODULE(  320):   nsISubsidyLockService: ok
01-08 02:28:51.059 W/RIL_MODULE(  320):   nsIVoicemailService: ok
01-08 02:28:51.059 W/RIL_MODULE(  320):   nsIVoicemailProvider: ok
01-08 02:28:51.059 W/RIL_MODULE(  320):   nsITelephonyAudioService: ok
01-08 02:28:51.059 W/RIL_MODULE(  320):   nsITelephonyService: ok
01-08 02:28:51.059 W/RIL_MODULE(  320):   nsIMobileConnectionService: ok
01-08 02:28:51.059 D/NS_RADIO_INTERFACE_LAYER(  320): Starting radio interface layer
01-08 02:28:51.069 W/Gonk    (  320): Frame delay is 33333 us but decoding took 55906 us
01-08 02:28:51.069 I/Gonk    (  320): Decoded bootup/0093.png: 240 x 320 frame with bgcolor? no (0, 0, 0; gray:0)
01-08 02:28:51.099 E/QC-DS-LIB(  412): qmi_client [412] 1b: failed to locate client data
01-08 02:28:51.099 E/QC-DS-LIB(  379): qmuxd: RX on fd=21 returned error=0 errno[2:No such file or directory]
01-08 02:28:51.099 E/QC-QMI  (  379): QMUX qmux_client_id=1b not found in qmux client list, unable to remove
01-08 02:28:51.109 E/QC-DS-LIB(  412): qmi_client [412] 1c: failed to locate client data
01-08 02:28:51.109 I/Gecko   (  320): QMESSAGE_MANAGER Starting QMessage Manager
01-08 02:28:51.109 E/QC-DS-LIB(  379): qmuxd: RX on fd=21 returned error=0 errno[2:No such file or directory]
01-08 02:28:51.109 E/QC-QMI  (  379): QMUX qmux_client_id=1c not found in qmux client list, unable to remove
01-08 02:28:51.109 D/NS_RADIO_INTERFACE_LAYER(  320): Num radio interfaces: 1
01-08 02:28:51.109 W/Gonk    (  320): Frame delay is 33333 us but decoding took 43918 us
01-08 02:28:51.109 I/Gonk    (  320): Decoded bootup/0094.png: 240 x 320 frame with bgcolor? no (0, 0, 0; gray:0)
01-08 02:28:51.119 E/QC-DS-LIB(  412): qmi_client [412] 1d: failed to locate client data
01-08 02:28:51.119 E/QC-DS-LIB(  379): qmuxd: RX on fd=21 returned error=0 errno[2:No such file or directory]
01-08 02:28:51.119 E/QC-QMI  (  379): QMUX qmux_client_id=1d not found in qmux client list, unable to remove
01-08 02:28:51.119 I/Gecko   (  320): QMESSAGE_MANAGER Init
01-08 02:28:51.139 D/NS_RADIO_INTERFACE_LAYER(  320): Creating new radio interface for clientId = 0
01-08 02:28:51.139 E/QC-DS-LIB(  412): qmi_client [412] 1e: failed to locate client data
01-08 02:28:51.139 E/QC-DS-LIB(  379): qmuxd: RX on fd=21 returned error=0 errno[2:No such file or directory]
01-08 02:28:51.139 E/QC-QMI  (  379): QMUX qmux_client_id=1e not found in qmux client list, unable to remove
01-08 02:28:51.159 W/Gonk    (  320): Frame delay is 33333 us but decoding took 49995 us
01-08 02:28:51.159 I/Gonk    (  320): Decoded bootup/0095.png: 240 x 320 frame with bgcolor? no (0, 0, 0; gray:0)
01-08 02:28:51.179 E/QC-DS-LIB(  412): qmi_client [412] 1f: failed to locate client data
01-08 02:28:51.179 E/QC-DS-LIB(  379): qmuxd: RX on fd=21 returned error=0 errno[2:No such file or directory]
01-08 02:28:51.179 E/QC-QMI  (  379): QMUX qmux_client_id=1f not found in qmux client list, unable to remove
01-08 02:28:51.189 E/QC-DS-LIB(  412): qmi_client [412] 20: failed to locate client data
01-08 02:28:51.209 W/Gonk    (  320): Frame delay is 33333 us but decoding took 50137 us
01-08 02:28:51.209 I/Gonk    (  320): Decoded bootup/0096.png: 240 x 320 frame with bgcolor? no (0, 0, 0; gray:0)
01-08 02:28:51.219 E/QC-DS-LIB(  412): qmi_client [412] 21: failed to locate client data
01-08 02:28:51.219 E/QC-DS-LIB(  379): qmuxd: RX on fd=22 returned error=0 errno[2:No such file or directory]
01-08 02:28:51.219 E/QC-QMI  (  379): QMUX qmux_client_id=21 not found in qmux client list, unable to remove
01-08 02:28:51.229 E/QC-DS-LIB(  379): qmuxd: RX on fd=21 returned error=0 errno[2:No such file or directory]
01-08 02:28:51.229 E/QC-QMI  (  379): QMUX qmux_client_id=20 not found in qmux client list, unable to remove
01-08 02:28:51.239 E/QC-DS-LIB(  412): qmi_client [412] 22: failed to locate client data
01-08 02:28:51.239 E/QC-DS-LIB(  379): qmuxd: RX on fd=22 returned error=0 errno[2:No such file or directory]
01-08 02:28:51.239 E/QC-QMI  (  379): QMUX qmux_client_id=22 not found in qmux client list, unable to remove
01-08 02:28:51.249 I/ServiceManager(  320): Waiting for service media.audio_policy...
01-08 02:28:51.249 E/QC-DS-LIB(  412): qmi_client [412] 23: failed to locate client data
01-08 02:28:51.249 E/QC-DS-LIB(  379): qmuxd: RX on fd=21 returned error=0 errno[2:No such file or directory]
01-08 02:28:51.249 E/QC-QMI  (  379): QMUX qmux_client_id=23 not found in qmux client list, unable to remove
01-08 02:28:51.259 E/QC-DS-LIB(  412): qmi_client [412] 24: failed to locate client data
01-08 02:28:51.259 E/QC-DS-LIB(  379): qmuxd: RX on fd=21 returned error=0 errno[2:No such file or directory]
01-08 02:28:51.259 E/QC-QMI  (  379): QMUX qmux_client_id=24 not found in qmux client list, unable to remove
01-08 02:28:51.259 W/Gonk    (  320): Frame delay is 33333 us but decoding took 49649 us
01-08 02:28:51.259 I/Gonk    (  320): Decoded bootup/0097.png: 240 x 320 frame with bgcolor? no (0, 0, 0; gray:0)
01-08 02:28:51.269 E/QC-DS-LIB(  412): qmi_client [412] 25: failed to locate client data
01-08 02:28:51.269 E/QC-DS-LIB(  379): qmuxd: RX on fd=21 returned error=0 errno[2:No such file or directory]
01-08 02:28:51.269 E/QC-QMI  (  379): QMUX qmux_client_id=25 not found in qmux client list, unable to remove
01-08 02:28:51.279 E/QC-DS-LIB(  412): qmi_client [412] 26: failed to locate client data
01-08 02:28:51.279 E/QC-DS-LIB(  379): qmuxd: RX on fd=21 returned error=0 errno[2:No such file or directory]
01-08 02:28:51.279 E/QC-QMI  (  379): QMUX qmux_client_id=26 not found in qmux client list, unable to remove
01-08 02:28:51.289 E/QC-DS-LIB(  412): qmi_client [412] 27: failed to locate client data
01-08 02:28:51.299 W/Gonk    (  320): Frame delay is 33333 us but decoding took 33852 us
01-08 02:28:51.299 I/Gonk    (  320): Decoded bootup/0098.png: 240 x 320 frame with bgcolor? no (0, 0, 0; gray:0)
01-08 02:28:51.309 E/QC-DS-LIB(  412): qmi_client [412] 28: failed to locate client data
01-08 02:28:51.309 E/QC-DS-LIB(  379): qmuxd: RX on fd=22 returned error=0 errno[2:No such file or directory]
01-08 02:28:51.309 E/QC-QMI  (  379): QMUX qmux_client_id=28 not found in qmux client list, unable to remove
01-08 02:28:51.319 E/QC-DS-LIB(  412): qmi_client [412] 29: failed to locate client data
01-08 02:28:51.319 E/QC-DS-LIB(  379): qmuxd: RX on fd=22 returned error=0 errno[2:No such file or directory]
01-08 02:28:51.319 E/QC-QMI  (  379): QMUX qmux_client_id=29 not found in qmux client list, unable to remove
01-08 02:28:50.1376 I/KERNEL  (  125): [   16.531409] wcnss: received WCNSS_CBC_COMPLETE_IND from FW
01-08 02:28:51.329 E/QC-DS-LIB(  379): qmuxd: RX on fd=21 returned error=0 errno[2:No such file or directory]
01-08 02:28:51.329 E/QC-QMI  (  379): QMUX qmux_client_id=27 not found in qmux client list, unable to remove
01-08 02:28:51.339 E/QC-DS-LIB(  412): qmi_client [412] 2a: failed to locate client data
01-08 02:28:51.339 E/QC-DS-LIB(  379): qmuxd: RX on fd=21 returned error=0 errno[2:No such file or directory]
01-08 02:28:51.339 E/QC-QMI  (  379): QMUX qmux_client_id=2a not found in qmux client list, unable to remove
01-08 02:28:51.349 W/Gonk    (  320): Frame delay is 33333 us but decoding took 51123 us
01-08 02:28:51.349 I/Gonk    (  320): Decoded bootup/0099.png: 240 x 320 frame with bgcolor? no (0, 0, 0; gray:0)
01-08 02:28:51.349 E/QC-DS-LIB(  412): qmi_client [412] 2b: failed to locate client data
01-08 02:28:51.349 E/QC-DS-LIB(  379): qmuxd: RX on fd=21 returned error=0 errno[2:No such file or directory]
01-08 02:28:51.349 E/QC-QMI  (  379): QMUX qmux_client_id=2b not found in qmux client list, unable to remove
01-08 02:28:51.359 E/QC-DS-LIB(  412): qmi_client [412] 2c: failed to locate client data
01-08 02:28:51.359 E/QC-DS-LIB(  379): qmuxd: RX on fd=21 returned error=0 errno[2:No such file or directory]
01-08 02:28:51.359 E/QC-QMI  (  379): QMUX qmux_client_id=2c not found in qmux client list, unable to remove
01-08 02:28:51.399 W/Gonk    (  320): Frame delay is 33333 us but decoding took 50853 us
01-08 02:28:51.399 I/Gonk    (  320): Decoded bootup/0100.png: 240 x 320 frame with bgcolor? no (0, 0, 0; gray:0)
01-08 02:28:51.419 E/QC-DS-LIB(  412): qmi_client [412] 2d: failed to locate client data
01-08 02:28:51.419 E/QC-DS-LIB(  379): qmuxd: RX on fd=21 returned error=0 errno[2:No such file or directory]
01-08 02:28:51.419 E/QC-QMI  (  379): QMUX qmux_client_id=2d not found in qmux client list, unable to remove
01-08 02:28:51.429 E/QC-DS-LIB(  412): qmi_client [412] 2e: failed to locate client data
01-08 02:28:51.429 E/QC-DS-LIB(  379): qmuxd: RX on fd=21 returned error=0 errno[2:No such file or directory]
01-08 02:28:51.429 E/QC-QMI  (  379): QMUX qmux_client_id=2e not found in qmux client list, unable to remove
01-08 02:28:51.439 E/QC-DS-LIB(  412): qmi_client [412] 2f: failed to locate client data
01-08 02:28:51.439 E/QC-DS-LIB(  379): qmuxd: RX on fd=21 returned error=0 errno[2:No such file or directory]
01-08 02:28:51.439 E/QC-QMI  (  379): QMUX qmux_client_id=2f not found in qmux client list, unable to remove
01-08 02:28:51.449 W/Gonk    (  320): Frame delay is 33333 us but decoding took 47199 us
01-08 02:28:51.449 I/Gonk    (  320): Decoded bootup/0105.png: 240 x 320 frame with bgcolor? no (0, 0, 0; gray:0)
01-08 02:28:51.449 E/QC-DS-LIB(  412): qmi_client [412] 30: failed to locate client data
01-08 02:28:51.449 E/QC-DS-LIB(  379): qmuxd: RX on fd=21 returned error=0 errno[2:No such file or directory]
01-08 02:28:51.449 E/QC-QMI  (  379): QMUX qmux_client_id=30 not found in qmux client list, unable to remove
01-08 02:28:51.459 E/QC-DS-LIB(  412): qmi_client [412] 31: failed to locate client data
01-08 02:28:51.469 D/QCameraParameters(  298): int32_t qcamera::QCameraParameters::setPreviewSize(const qcamera::QCameraParameters&): Requested preview size 1280 x 960
01-08 02:28:51.469 D/QCameraParameters(  298): int32_t qcamera::QCameraParameters::setVideoSize(const qcamera::QCameraParameters&): Requested video size 1280 x 960
01-08 02:28:51.469 D/QCameraParameters(  298): int32_t qcamera::QCameraParameters::setPictureSize(const qcamera::QCameraParameters&): Requested picture size 160 x 120
01-08 02:28:51.469 D/QCameraParameters(  298): void qcamera::QCameraParameters::updateViewAngles(): Final horizViewAngle 54.799999, vertViewAngle 42.500000
01-08 02:28:51.469 D/QCameraParameters(  298): Param m_bNoDisplayMode = 0
01-08 02:28:51.469 D/QCameraParameters(  298): int32_t qcamera::QCameraParameters::setPreviewFpsRange(const qcamera::QCameraParameters&): FpsRange Values:(8000, 30000)
01-08 02:28:51.469 D/QCameraParameters(  298): int32_t qcamera::QCameraParameters::setPreviewFpsRange(const qcamera::QCameraParameters&): Requested FpsRange Values:(8000, 30000)
01-08 02:28:51.469 D/QCameraParameters(  298): HFR mode is OFF
01-08 02:28:51.469 D/QCameraParameters(  298): int32_t qcamera::QCameraParameters::setFssr(const qcamera::QCameraParameters&): FSSR is not supported
01-08 02:28:51.469 D/QCameraParameters(  298): int32_t qcamera::QCameraParameters::setMultiTouchFocus(const qcamera::QCameraParameters&): multi-touch focus is not supported
01-08 02:28:51.469 D/mm-camera(  329): mct_pipeline_process_set:command=800000e
01-08 02:28:51.469 D/QCameraParameters(  298): int32_t qcamera::QCameraParameters::setNumOfSnapshot(): nBurstNum = 1, nExpnum = 1
01-08 02:28:51.469 D/QCamera2HWI(  298): [KPI Perf] static void qcamera::QCamera2HardwareInterface::stop_preview(camera_device*): E PROFILE_STOP_PREVIEW
01-08 02:28:51.479 D/QCameraStateMachine(  298): int32_t qcamera::QCameraStateMachine::procEvtPreviewStoppedState(qcamera::qcamera_sm_evt_enum_t, void*): already in preview stopped state, do nothing
01-08 02:28:51.479 D/QCamera2HWI(  298): [KPI Perf] static void qcamera::QCamera2HardwareInterface::stop_preview(camera_device*): X
01-08 02:28:51.479 I/CameraFlashlight(  298): Destroying camera 0
01-08 02:28:51.479 D/QCamera2HWI(  298): [KPI Perf] static int qcamera::QCamera2HardwareInterface::close_camera_device(hw_device_t*): E
01-08 02:28:51.479 D/QCamera2HWI(  298): virtual qcamera::QCamera2HardwareInterface::~QCamera2HardwareInterface(): E
01-08 02:28:51.479 D/QCamera2HWI(  298): static void* qcamera::QCamera2HardwareInterface::defferedWorkRoutine(void*): stop data proc
01-08 02:28:51.479 E/QC-DS-LIB(  412): qmi_client [412] 32: failed to locate client data
01-08 02:28:51.479 E/QC-DS-LIB(  379): qmuxd: RX on fd=22 returned error=0 errno[2:No such file or directory]
01-08 02:28:51.479 E/QC-QMI  (  379): QMUX qmux_client_id=32 not found in qmux client list, unable to remove
01-08 02:28:51.479 D/QCameraStateMachine(  298): static void* qcamera::QCameraStateMachine::smEvtProcRoutine(void*): X
01-08 02:28:51.479 D/QCamera2HWI(  298): int qcamera::QCamera2HardwareInterface::closeCamera(): E
01-08 02:28:51.479 E/qomx_image_core(  298): OMX_Deinit:118] Complete
01-08 02:28:51.479 E/QCameraPostProc(  298): int32_t qcamera::QCameraPostProcessor::deinit(): Jpeg closed, rc = 0, mJpegClientHandle = 100
01-08 02:28:51.479 I/Thermal-Lib(  298): Thermal-Lib-Client: Unregisteration is successfull for handle:1
01-08 02:28:51.479 I/ThermalEngine(  315): Thermal-Server: removing client on fd 37
01-08 02:28:51.479 I/Thermal-Lib(  298): Thermal-Lib-Client: Unregisteration is successfull for handle:2
01-08 02:28:51.489 D/mm-camera(  329): mct_pipeline_process_set:command=800000b
01-08 02:28:51.489 D/QCamera2HWI(  298): int qcamera::QCamera2HardwareInterface::closeCamera(): X
01-08 02:28:51.489 D/QCamera2HWI(  298): virtual qcamera::QCamera2HardwareInterface::~QCamera2HardwareInterface(): X
01-08 02:28:51.489 D/QCamera2HWI(  298): [KPI Perf] static int qcamera::QCamera2HardwareInterface::close_camera_device(hw_device_t*): X
01-08 02:28:51.489 I/CameraFlashlight(  298): Opening camera 1
01-08 02:28:51.489 I/QCamera2HWI(  298): static void qcamera::QCamera2HardwareInterface::getLogLevel() gCamHalLogLevel=1
01-08 02:28:51.489 D/QCamera2HWI(  298): [KPI Perf] int qcamera::QCamera2HardwareInterface::openCamera(hw_device_t**): E PROFILE_OPEN_CAMERA camera id 1
01-08 02:28:51.489 E/mm-camera-intf(  298): mm_camera_open: dev name = /dev/video2, cam_idx = 2
01-08 02:28:50.1541 I/KERNEL  (  298): [   16.695761] msm_pm_qos_update_request: update request 100
01-08 02:28:51.489 I/mm-camera-eztune(  329): vendor/qcom/proprietary/mm-camera/mm-camera2/server-tuning/tuning/eztune_interface.cpp(381): "Delete Server : 0xb8eeda98"
01-08 02:28:51.489 W/mm-camera-sensor(  329): vendor/qcom/proprietary/mm-camera/mm-camera2/server-tuning/tuning/mmcam_socket_utils.cpp(318): "Received event from non socket fd"
01-08 02:28:51.489 W/mm-camera-eztune(  329): vendor/qcom/proprietary/mm-camera/mm-camera2/server-tuning/tuning/eztune_interface.cpp(72): "Stop message. Exiting server thread"
01-08 02:28:51.489 E/mm-camera-eztune(  329): vendor/qcom/proprietary/mm-camera/mm-camera2/server-tuning/tuning/eztune_cam_adapter.cpp(667): "mct_stream_t* eztune::get_mct_stream(mct_pipeline_t*, eztune::mct_pipeline_get_stream_info_t*): no children"
01-08 02:28:51.489 W/mm-camera-eztune(  329): vendor/qcom/proprietary/mm-camera/mm-camera2/server-tuning/tuning/eztune_cam_adapter.cpp(719): "Message send ignored as stream or stream state not valid"
01-08 02:28:51.489 E/mm-camera-eztune(  329): vendor/qcom/proprietary/mm-camera/mm-camera2/server-tuning/tuning/eztune_cam_adapter.cpp(667): "mct_stream_t* eztune::get_mct_stream(mct_pipeline_t*, eztune::mct_pipeline_get_stream_info_t*): no children"
01-08 02:28:51.489 W/mm-camera-eztune(  329): vendor/qcom/proprietary/mm-camera/mm-camera2/server-tuning/tuning/eztune_cam_adapter.cpp(719): "Message send ignored as stream or stream state not valid"
01-08 02:28:51.489 E/mm-camera-eztune(  329): vendor/qcom/proprietary/mm-camera/mm-camera2/server-tuning/tuning/eztune_cam_adapter.cpp(667): "mct_stream_t* eztune::get_mct_stream(mct_pipeline_t*, eztune::mct_pipeline_get_stream_info_t*): no children"
01-08 02:28:51.489 W/mm-camera-eztune(  329): vendor/qcom/proprietary/mm-camera/mm-camera2/server-tuning/tuning/eztune_cam_adapter.cpp(719): "Message send ignored as stream or stream state not valid"
01-08 02:28:51.489 I/mm-camera-eztune(  329): vendor/qcom/proprietary/mm-camera/mm-camera2/server-tuning/tuning/eztune_interface.cpp(381): "Delete Server : 0xb8f07410"
01-08 02:28:51.489 W/mm-camera-sensor(  329): vendor/qcom/proprietary/mm-camera/mm-camera2/server-tuning/tuning/mmcam_socket_utils.cpp(318): "Received event from non socket fd"
01-08 02:28:51.489 W/mm-camera-eztune(  329): vendor/qcom/proprietary/mm-camera/mm-camera2/server-tuning/tuning/eztune_interface.cpp(72): "Stop message. Exiting server thread"
01-08 02:28:51.489 E/mm-camera-eztune(  329): vendor/qcom/proprietary/mm-camera/mm-camera2/server-tuning/tuning/eztune_process.cpp(445): "Process layer not initialized. just return"
01-08 02:28:51.489 D/mm-camera(  329): mct_pipeline_stop_session - E
01-08 02:28:51.499 D/QCamera2HWI(  298): static void* qcamera::QCamera2HardwareInterface::defferedWorkRoutine(void*): start data proc
01-08 02:28:51.499 D/mm-camera(  329): mct_pipeline_stop_session_thread thread_id is 1432
01-08 02:28:51.499 D/mm-camera(  329): mct_pipeline_stop_session_thread: Stop module name: sensor - E
01-08 02:28:51.499 D/QCameraStateMachine(  298): static void* qcamera::QCameraStateMachine::smEvtProcRoutine(void*): E
01-08 02:28:51.499 W/Gonk    (  320): Frame delay is 33333 us but decoding took 50084 us
01-08 02:28:51.499 I/Gonk    (  320): Decoded bootup/0111.png: 240 x 320 frame with bgcolor? no (0, 0, 0; gray:0)
01-08 02:28:51.499 E/QC-DS-LIB(  379): qmuxd: RX on fd=21 returned error=0 errno[2:No such file or directory]
01-08 02:28:51.499 E/QC-QMI  (  379): QMUX qmux_client_id=31 not found in qmux client list, unable to remove
01-08 02:28:51.499 D/mm-camera(  329): mct_pipeline_stop_session_thread thread_id is 1433
01-08 02:28:51.499 D/mm-camera(  329): mct_pipeline_stop_session_thread: Stop module name: iface - E
01-08 02:28:51.499 D/mm-camera(  329): mct_pipeline_stop_session_thread: Stop module name: iface - X
01-08 02:28:51.499 D/mm-camera(  329): mct_pipeline_stop_session_thread thread_id is 1435
01-08 02:28:51.499 D/mm-camera(  329): mct_pipeline_stop_session_thread: Stop module name: isp - E
01-08 02:28:51.499 E/        (  329): dmlroc_deinit
01-08 02:28:51.509 D/mm-camera(  329): mct_pipeline_stop_session_thread: Stop module name: isp - X
01-08 02:28:51.509 D/mm-camera(  329): mct_pipeline_stop_session_thread thread_id is 1436
01-08 02:28:51.509 D/mm-camera(  329): mct_pipeline_stop_session_thread: Stop module name: stats - E
01-08 02:28:51.509 D/mm-camera(  329): gyro_port_deinit , Enter 
01-08 02:28:51.509 D/mm-camera(  329): gyro_port_deinit:Deinit Gyro port
01-08 02:28:51.509 E/mm-camera(  329): gyro_port_deinit: Error in android Deinit
01-08 02:28:51.509 D/mm-camera(  329): gyro_port_deinit , EXIT 
01-08 02:28:51.509 D/mm-camera(  329): mct_pipeline_stop_session_thread: Stop module name: stats - X
01-08 02:28:51.509 E/QC-DS-LIB(  412): qmi_client [412] 33: failed to locate client data
01-08 02:28:51.509 E/QC-DS-LIB(  379): qmuxd: RX on fd=22 returned error=0 errno[2:No such file or directory]
01-08 02:28:51.509 E/QC-QMI  (  379): QMUX qmux_client_id=33 not found in qmux client list, unable to remove
01-08 02:28:51.509 D/mm-camera(  329): mct_pipeline_stop_session_thread thread_id is 1438
01-08 02:28:51.519 D/mm-camera(  329): mct_pipeline_stop_session_thread: Stop module name: pproc - E
01-08 02:28:51.519 D/mm-camera(  329): c2d_module_stop_session:444, info: stopping session 1 ...
01-08 02:28:51.519 D/mm-camera(  329): c2d_thread_process_pipe_message:793, C2D_THREAD_MSG_ABORT: c2d_thread exiting..
01-08 02:28:51.519 E/QC-DS-LIB(  412): qmi_client [412] 34: failed to locate client data
01-08 02:28:51.519 E/QC-DS-LIB(  379): qmuxd: RX on fd=21 returned error=0 errno[2:No such file or directory]
01-08 02:28:51.519 E/QC-QMI  (  379): QMUX qmux_client_id=34 not found in qmux client list, unable to remove
01-08 02:28:51.519 D/mm-camera(  329): c2d_module_stop_session:488, info: session 1 stopped.
01-08 02:28:51.519 D/mm-camera(  329): mct_pipeline_stop_session_thread: Stop module name: pproc - X
01-08 02:28:51.519 D/mm-camera(  329): mct_pipeline_stop_session_thread thread_id is 1446
01-08 02:28:51.519 E/mm-camera(  329): mct_pipeline_stop_session: left modules: 5
01-08 02:28:51.519 E/mm-camera(  329): mct_pipeline_stop_session: left modules: 4
01-08 02:28:51.519 E/mm-camera(  329): mct_pipeline_stop_session: left modules: 3
01-08 02:28:51.519 E/mm-camera(  329): mct_pipeline_stop_session: left modules: 2
01-08 02:28:51.519 D/mm-camera(  329): mct_pipeline_stop_session_thread: Stop module name: imglib - E
01-08 02:28:51.519 D/mm-camera(  329): mct_pipeline_stop_session_thread: Stop module name: imglib - X
01-08 02:28:51.529 E/QC-DS-LIB(  412): qmi_client [412] 35: failed to locate client data
01-08 02:28:51.529 E/QC-DS-LIB(  379): qmuxd: RX on fd=21 returned error=0 errno[2:No such file or directory]
01-08 02:28:51.529 E/QC-QMI  (  379): QMUX qmux_client_id=35 not found in qmux client list, unable to remove
01-08 02:28:51.529 E/mm-camera(  329): mct_pipeline_stop_session: left modules: 1
01-08 02:28:51.529 W/Gonk    (  320): Frame delay is 33333 us but decoding took 33745 us
01-08 02:28:51.529 I/Gonk    (  320): Decoded bootup/0112.png: 240 x 320 frame with bgcolor? no (0, 0, 0; gray:0)
01-08 02:28:51.539 E/QC-DS-LIB(  412): qmi_client [412] 36: failed to locate client data
01-08 02:28:51.539 E/QC-DS-LIB(  379): qmuxd: RX on fd=21 returned error=0 errno[2:No such file or directory]
01-08 02:28:51.539 E/QC-QMI  (  379): QMUX qmux_client_id=36 not found in qmux client list, unable to remove
01-08 02:28:50.1600 I/KERNEL  (  329): [   16.754737] msm_camera_config_single_vreg can't disable cam_vio
01-08 02:28:51.549 E/QC-DS-LIB(  412): qmi_client [412] 37: failed to locate client data
01-08 02:28:51.549 E/QC-DS-LIB(  379): qmuxd: RX on fd=21 returned error=0 errno[2:No such file or directory]
01-08 02:28:51.549 E/QC-QMI  (  379): QMUX qmux_client_id=37 not found in qmux client list, unable to remove
01-08 02:28:51.559 E/QC-DS-LIB(  412): qmi_client [412] 38: failed to locate client data
01-08 02:28:51.579 D/mm-camera(  329): mct_pipeline_stop_session_thread: Stop module name: sensor - X
01-08 02:28:51.579 E/mm-camera(  329): Got some events
01-08 02:28:50.1632 I/KERNEL  (  329): [   16.787153] msm_sensor_config:1348 sensor state 0
01-08 02:28:51.579 E/mm-camera(  329): mct_pipeline_stop_session: left modules: 0
01-08 02:28:51.579 D/mm-camera(  329): mct_pipeline_stop_session - X
01-08 02:28:51.579 W/Gonk    (  320): Frame delay is 33333 us but decoding took 49718 us
01-08 02:28:51.579 I/Gonk    (  320): Decoded bootup/0113.png: 240 x 320 frame with bgcolor? no (0, 0, 0; gray:0)
01-08 02:28:51.589 E/mm-camera(  329): isp_util_gen_hws_caps: integrating kernel vfe is pending
01-08 02:28:50.1642 I/KERNEL  (  329): [   16.796831] msm_isp_close_node: halt timeout rc=0
01-08 02:28:51.589 E/mm-camera(  329): isp_tintless_create: using BG stats for tintless!, isp version = 20
01-08 02:28:51.589 D/mm-camera(  329): isp_tintless_open_version: E: 32
01-08 02:28:51.589 E/mm-camera(  329): c2d_module_init:33 name=c2d
01-08 02:28:51.589 D/mm-camera(  329): c2d_module_init:74: info: C2D module_init successful
01-08 02:28:51.599 E/QC-DS-LIB(  379): qmuxd: RX on fd=21 returned error=0 errno[2:No such file or directory]
01-08 02:28:51.599 E/QC-QMI  (  379): QMUX qmux_client_id=38 not found in qmux client list, unable to remove
01-08 02:28:51.599 E/mm-camera-img(  329): module_imglib_create_topology:649] Can not init the module imglib_chroma_flash
01-08 02:28:51.599 E/mm-camera-img(  329): module_imglib_create_topology:649] Can not init the module imglib_optizoom
01-08 02:28:51.599 E/mm-camera-img(  329): module_imglib_create_topology:649] Can not init the module imglib_ubifocus
01-08 02:28:51.599 E/mm-camera-img(  329): module_imglib_create_topology:649] Can not init the module imglib_trueportrait
01-08 02:28:51.599 E/mm-camera-img(  329): module_imglib_create_topology:649] Can not init the module imglib_fssr
01-08 02:28:51.599 E/mm-camera-img(  329): module_imglib_create_topology:649] Can not init the module imglib_multitouchfocus
01-08 02:28:51.599 E/mm-camera-img(  329): frameproc_comp_load:831] Error opening frameproc library libmmcamera_ubifocus_lib.so
01-08 02:28:51.599 E/mm-camera(  329): module_imgbase_init_imglib_refocus:1442] Error rc -6
01-08 02:28:51.599 E/mm-camera-img(  329): module_imglib_create_topology:649] Can not init the module imglib_refocus
01-08 02:28:51.609 D/mm-camera(  329): mct_pipeline_start_session_thread thread_id is 1482
01-08 02:28:50.1664 I/KERNEL  (  329): [   16.818798] msm_csid_init: CSID_VERSION = 0x30010000
01-08 02:28:50.1664 I/KERNEL  (  329): 
01-08 02:28:50.1664 I/KERNEL  (  329): [   16.819490]  msm_csid_init: Failed in getting TOP gdscr regulator handle
01-08 02:28:50.1665 I/KERNEL  (  329): [   16.819981] ------------[ cut here ]------------
01-08 02:28:50.1665 I/KERNEL  (  329): [   16.820023] WARNING: at /home/caerus/workspace/BB/msm8905/LINUX/android/kernel/drivers/clk/qcom/clock-local2.c:158 rcg_clk_prepare+0x2c/0x40()
01-08 02:28:50.1665 I/KERNEL  (  329): [   16.820035] Attempting to prepare csi1_clk_src before setting its rate. Set the rate first!
01-08 02:28:50.1665 I/KERNEL  (  329): [   16.820043] Modules linked in:
01-08 02:28:50.1665 I/KERNEL  (  329): 
01-08 02:28:50.1665 I/KERNEL  (  329): [   16.820060] CPU: 0 PID: 1482 Comm: mct_pipe_start Tainted: G        W    3.10.49 #1
01-08 02:28:50.1665 I/KERNEL  (  329): [   16.820090] [<c0013460>] (unwind_backtrace+0x0/0xe0) from [<c00111b8>] (show_stack+0x10/0x14)
01-08 02:28:50.1665 I/KERNEL  (  329): [   16.820112] [<c00111b8>] (show_stack+0x10/0x14) from [<c0020ce0>] (warn_slowpath_common+0x4c/0x6c)
01-08 02:28:50.1665 I/KERNEL  (  329): [   16.820132] [<c0020ce0>] (warn_slowpath_common+0x4c/0x6c) from [<c0020d2c>] (warn_slowpath_fmt+0x2c/0x3c)
01-08 02:28:50.1665 I/KERNEL  (  329): [   16.820150] [<c0020d2c>] (warn_slowpath_fmt+0x2c/0x3c) from [<c05f20f4>] (rcg_clk_prepare+0x2c/0x40)
01-08 02:28:50.1665 I/KERNEL  (  329): [   16.820171] [<c05f20f4>] (rcg_clk_prepare+0x2c/0x40) from [<c05eee18>] (clk_enable+0x13c/0x17c)
01-08 02:28:50.1665 I/KERNEL  (  329): [   16.820190] [<c05eee18>] (clk_enable+0x13c/0x17c) from [<c05eed5c>] (clk_enable+0x80/0x17c)
01-08 02:28:50.1665 I/KERNEL  (  329): [   16.820210] [<c05eed5c>] (clk_enable+0x80/0x17c) from [<c04db364>] (msm_cam_clk_enable+0xfc/0x200)
01-08 02:28:50.1665 I/KERNEL  (  329): [   16.820231] [<c04db364>] (msm_cam_clk_enable+0xfc/0x200) from [<c04e0f40>] (msm_csiphy_subdev_ioctl+0x1d4/0x7a4)
01-08 02:28:50.1665 I/KERNEL  (  329): [   16.820252] [<c04e0f40>] (msm_csiphy_subdev_ioctl+0x1d4/0x7a4) from [<c04904bc>] (subdev_do_ioctl+0x6c8/0x72c)
01-08 02:28:50.1665 I/KERNEL  (  329): [   16.820271] [<c04904bc>] (subdev_do_ioctl+0x6c8/0x72c) from [<c048980c>] (video_usercopy+0x2b8/0x40c)
01-08 02:28:50.1665 I/KERNEL  (  329): [   16.820291] [<c048980c>] (video_usercopy+0x2b8/0x40c) from [<c04852e8>] (v4l2_ioctl+0x60/0x124)
01-08 02:28:50.1665 I/KERNEL  (  329): [   16.820311] [<c04852e8>] (v4l2_ioctl+0x60/0x124) from [<c010509c>] (vfs_ioctl+0x28/0x3c)
01-08 02:28:50.1665 I/KERNEL  (  329): [   16.820331] [<c010509c>] (vfs_ioctl+0x28/0x3c) from [<c0105b18>] (do_vfs_ioctl+0x4c0/0x570)
01-08 02:28:50.1665 I/KERNEL  (  329): [   16.820349] [<c0105b18>] (do_vfs_ioctl+0x4c0/0x570) from [<c0105c14>] (SyS_ioctl+0x4c/0x78)
01-08 02:28:50.1665 I/KERNEL  (  329): [   16.820368] [<c0105c14>] (SyS_ioctl+0x4c/0x78) from [<c000d7a0>] (ret_fast_syscall+0x0/0x30)
01-08 02:28:50.1665 I/KERNEL  (  329): [   16.820379] ---[ end trace da227214a82491c7 ]---
01-08 02:28:51.609 D/mm-camera(  329): mct_pipeline_start_session_thread thread_id is 1488
01-08 02:28:51.619 W/Gonk    (  320): Frame delay is 33333 us but decoding took 34473 us
01-08 02:28:51.619 I/Gonk    (  320): Decoded bootup/0114.png: 240 x 320 frame with bgcolor? no (0, 0, 0; gray:0)
01-08 02:28:50.1675 I/KERNEL  (  329): [   16.829805] ------------[ cut here ]------------
01-08 02:28:50.1675 I/KERNEL  (  329): [   16.829839] WARNING: at /home/caerus/workspace/BB/msm8905/LINUX/android/kernel/fs/sysfs/dir.c:530 sysfs_add_one+0x7c/0x9c()
01-08 02:28:50.1675 I/KERNEL  (  329): [   16.829851] sysfs: cannot create duplicate filename '/devices/soc.0/qcom,rpm-smd.37/rpm-regulator-ldoa6.84/regulator-l6.108/regulator/regulator.13/3-0001-cam_vio'
01-08 02:28:50.1675 I/KERNEL  (  329): [   16.829859] Modules linked in:
01-08 02:28:50.1675 I/KERNEL  (  329): 
01-08 02:28:50.1675 I/KERNEL  (  329): [   16.829877] CPU: 0 PID: 1482 Comm: mct_pipe_start Tainted: G        W    3.10.49 #1
01-08 02:28:50.1675 I/KERNEL  (  329): [   16.829904] [<c0013460>] (unwind_backtrace+0x0/0xe0) from [<c00111b8>] (show_stack+0x10/0x14)
01-08 02:28:50.1675 I/KERNEL  (  329): [   16.829926] [<c00111b8>] (show_stack+0x10/0x14) from [<c0020ce0>] (warn_slowpath_common+0x4c/0x6c)
01-08 02:28:50.1675 I/KERNEL  (  329): [   16.829945] [<c0020ce0>] (warn_slowpath_common+0x4c/0x6c) from [<c0020d2c>] (warn_slowpath_fmt+0x2c/0x3c)
01-08 02:28:50.1675 I/KERNEL  (  329): [   16.829964] [<c0020d2c>] (warn_slowpath_fmt+0x2c/0x3c) from [<c014ac90>] (sysfs_add_one+0x7c/0x9c)
01-08 02:28:50.1675 I/KERNEL  (  329): [   16.829983] [<c014ac90>] (sysfs_add_one+0x7c/0x9c) from [<c014b574>] (sysfs_do_create_link_sd+0xfc/0x1cc)
01-08 02:28:50.1675 I/KERNEL  (  329): [   16.830004] [<c014b574>] (sysfs_do_create_link_sd+0xfc/0x1cc) from [<c02f4728>] (create_regulator+0xb8/0x210)
01-08 02:28:50.1675 I/KERNEL  (  329): [   16.830025] [<c02f4728>] (create_regulator+0xb8/0x210) from [<c02f4948>] (_regulator_get+0xc8/0x13c)
01-08 02:28:50.1675 I/KERNEL  (  329): [   16.830046] [<c02f4948>] (_regulator_get+0xc8/0x13c) from [<c04dbaf8>] (msm_camera_config_single_vreg+0x74/0x20c)
01-08 02:28:50.1675 I/KERNEL  (  329): [   16.830067] [<c04dbaf8>] (msm_camera_config_single_vreg+0x74/0x20c) from [<c04e044c>] (msm_camera_power_up+0x290/0x5c8)
01-08 02:28:50.1675 I/KERNEL  (  329): [   16.830086] [<c04e044c>] (msm_camera_power_up+0x290/0x5c8) from [<c04ed294>] (msm_sensor_power_up+0x120/0x14c)
01-08 02:28:50.1675 I/KERNEL  (  329): [   16.830104] [<c04ed294>] (msm_sensor_power_up+0x120/0x14c) from [<c04ecdec>] (msm_sensor_config+0x670/0x8cc)
01-08 02:28:50.1675 I/KERNEL  (  329): [   16.830121] [<c04ecdec>] (msm_sensor_config+0x670/0x8cc) from [<c04ec688>] (msm_sensor_subdev_ioctl+0x88/0xfc)
01-08 02:28:50.1675 I/KERNEL  (  329): [   16.830140] [<c04ec688>] (msm_sensor_subdev_ioctl+0x88/0xfc) from [<c04904bc>] (subdev_do_ioctl+0x6c8/0x72c)
01-08 02:28:50.1675 I/KERNEL  (  329): [   16.830159] [<c04904bc>] (subdev_do_ioctl+0x6c8/0x72c) from [<c048980c>] (video_usercopy+0x2b8/0x40c)
01-08 02:28:50.1675 I/KERNEL  (  329): [   16.830178] [<c048980c>] (video_usercopy+0x2b8/0x40c) from [<c04852e8>] (v4l2_ioctl+0x60/0x124)
01-08 02:28:50.1675 I/KERNEL  (  329): [   16.830197] [<c04852e8>] (v4l2_ioctl+0x60/0x124) from [<c010509c>] (vfs_ioctl+0x28/0x3c)
01-08 02:28:50.1675 I/KERNEL  (  329): [   16.830216] [<c010509c>] (vfs_ioctl+0x28/0x3c) from [<c0105b18>] (do_vfs_ioctl+0x4c0/0x570)
01-08 02:28:50.1675 I/KERNEL  (  329): [   16.830234] [<c0105b18>] (do_vfs_ioctl+0x4c0/0x570) from [<c0105c14>] (SyS_ioctl+0x4c/0x78)
01-08 02:28:50.1675 I/KERNEL  (  329): [   16.830252] [<c0105c14>] (SyS_ioctl+0x4c/0x78) from [<c000d7a0>] (ret_fast_syscall+0x0/0x30)
01-08 02:28:50.1675 I/KERNEL  (  329): [   16.830262] ---[ end trace da227214a82491c8 ]---
01-08 02:28:50.1675 I/KERNEL  (  329): [   16.830278] pm8909_l6: could not add device link 3-0001 err -17
01-08 02:28:50.1675 I/KERNEL  (  329): [   16.830295] pm8909_l6: Failed to create debugfs directory
01-08 02:28:51.619 E/QC-DS-LIB(  412): qmi_client [412] 39: failed to locate client data
01-08 02:28:51.619 E/QC-DS-LIB(  379): qmuxd: RX on fd=21 returned error=0 errno[2:No such file or directory]
01-08 02:28:51.619 E/QC-QMI  (  379): QMUX qmux_client_id=39 not found in qmux client list, unable to remove
01-08 02:28:51.629 D/mm-camera(  329): mct_pipeline_start_session_thread thread_id is 1490
01-08 02:28:51.629 D/mm-camera(  329): isp_tintless_open: E: b6de7b2d
01-08 02:28:51.629 E/        (  329): dmlroc_get_version
01-08 02:28:51.629 E/mm-camera(  329): isp_tintless_bg_pca_get_version: lib returned version 2.53 err=0
01-08 02:28:51.629 D/mm-camera(  329): isp_thread_session_task thread_id is 1497
01-08 02:28:51.629 D/mm-camera(  329): mct_pipeline_start_session_thread thread_id is 1495
01-08 02:28:51.629 D/mm-camera(  329): isp_tintless_main_loop thread_id is 1496
01-08 02:28:50.1690 I/KERNEL  (  329): [   16.844855] msm_sensor_config:1321 sensor state 1
01-08 02:28:51.639 D/mm-camera(  329): mct_pipeline_start_session_thread thread_id is 1499
01-08 02:28:51.639 D/mm-camera(  329): c2d_module_start_session:350, info: starting session 2
01-08 02:28:51.639 E/QC-DS-LIB(  412): qmi_client [412] 3a: failed to locate client data
01-08 02:28:51.639 E/QC-DS-LIB(  379): qmuxd: RX on fd=21 returned error=0 errno[2:No such file or directory]
01-08 02:28:51.639 E/QC-QMI  (  379): QMUX qmux_client_id=3a not found in qmux client list, unable to remove
01-08 02:28:51.639 E/mm-camera-CORE(  329): af_init: updated HAF func table
01-08 02:28:51.639 D/mm-camera(  329): gyro_port_init , Enter 
01-08 02:28:51.639 D/mm-camera(  329): gyro_port_init , EXIT 
01-08 02:28:51.639 D/mm-camera(  329): mct_pipeline_start_session_thread thread_id is 1502
01-08 02:28:51.639 E/mm-camera-img(  329): module_imglib_start_session:1446 ###Img_Loglevel 0
01-08 02:28:51.649 D/mm-camera(  329): c2d_module_start_session:428, info: session 2 started.
01-08 02:28:51.649 D/mm-camera(  329): c2d_thread_func:45: c2d_thread entering the polling loop... thread_id is 1504
01-08 02:28:51.649 E/QC-DS-LIB(  412): qmi_client [412] 3b: failed to locate client data
01-08 02:28:51.659 W/Gonk    (  320): Frame delay is 33333 us but decoding took 48475 us
01-08 02:28:51.659 I/Gonk    (  320): Decoded bootup/0115.png: 240 x 320 frame with bgcolor? no (0, 0, 0; gray:0)
01-08 02:28:51.679 E/mm-camera-sensor(  329): module_sensor_query_mod:4161 led flash is not supported for this sensor.
01-08 02:28:51.689 E/QC-DS-LIB(  412): qmi_client [412] 3c: failed to locate client data
01-08 02:28:51.689 E/QC-DS-LIB(  379): qmuxd: RX on fd=22 returned error=0 errno[2:No such file or directory]
01-08 02:28:51.689 E/QC-QMI  (  379): QMUX qmux_client_id=3c not found in qmux client list, unable to remove
01-08 02:28:51.689 E/QC-DS-LIB(  379): qmuxd: RX on fd=21 returned error=0 errno[2:No such file or directory]
01-08 02:28:51.689 E/QC-QMI  (  379): QMUX qmux_client_id=3b not found in qmux client list, unable to remove
01-08 02:28:51.699 E/QC-DS-LIB(  412): qmi_client [412] 3d: failed to locate client data
01-08 02:28:51.699 E/QC-DS-LIB(  379): qmuxd: RX on fd=22 returned error=0 errno[2:No such file or directory]
01-08 02:28:51.699 E/QC-QMI  (  379): QMUX qmux_client_id=3d not found in qmux client list, unable to remove
01-08 02:28:51.709 E/QC-DS-LIB(  412): qmi_client [412] 3e: failed to locate client data
01-08 02:28:51.709 E/QC-DS-LIB(  379): qmuxd: RX on fd=21 returned error=0 errno[2:No such file or directory]
01-08 02:28:51.709 E/QC-QMI  (  379): QMUX qmux_client_id=3e not found in qmux client list, unable to remove
01-08 02:28:51.709 W/Gonk    (  320): Frame delay is 33333 us but decoding took 49837 us
01-08 02:28:51.709 I/Gonk    (  320): Decoded bootup/0116.png: 240 x 320 frame with bgcolor? no (0, 0, 0; gray:0)
01-08 02:28:51.719 I/mm-camera-eztune(  329): vendor/qcom/proprietary/mm-camera/mm-camera2/server-tuning/tuning/eztune_interface.cpp(367): "Create Server : 0xb8f1b410"
01-08 02:28:51.719 I/mm-camera-eztune(  329): vendor/qcom/proprietary/mm-camera/mm-camera2/server-tuning/tuning/eztune_interface.cpp(367): "Create Server : 0xb8f34d88"
01-08 02:28:51.719 D/mm-camera(  329): mct_controller_thread_run thread_id is 1539
01-08 02:28:51.719 E/mm-camera-intf(  298): mm_camera_open:  opened, break out while loop
01-08 02:28:50.1774 I/KERNEL  (  298): [   16.929246] msm_pm_qos_update_request: update request -1
01-08 02:28:51.719 I/mm-camera-eztune(  329): vendor/qcom/proprietary/mm-camera/mm-camera2/server-tuning/tuning/eztune_interface.cpp(62): "Server: Waiting on new connection...\n"
01-08 02:28:51.719 I/mm-camera-eztune(  329): vendor/qcom/proprietary/mm-camera/mm-camera2/server-tuning/tuning/eztune_process.cpp(300): "int eztune::ProcessLayer::GetItemBinarySize() Item Binary Size: 0"
01-08 02:28:51.719 W/mm-camera-eztune(  329): vendor/qcom/proprietary/mm-camera/mm-camera2/server-tuning/tuning/eztune_process.cpp(388): "No dump file present"
01-08 02:28:51.719 D/QCameraHWI_Mem(  298): void qcamera::QCameraMemory::traceLogAllocStart(size_t, int, const char*) : alloc E count=1 size=7160
01-08 02:28:51.719 D/QCameraHWI_Mem(  298): void qcamera::QCameraMemory::traceLogAllocStart(size_t, int, const char*) : alloc E count=1 size=7160
01-08 02:28:51.719 D/QCameraHWI_Mem(  298): int qcamera::QCameraMemory::alloc(int, size_t, unsigned int) : No memory pool available and So allocate new buffer
01-08 02:28:51.719 D/QCameraHWI_Mem(  298): static int qcamera::QCameraMemory::allocOneBuffer(qcamera::QCameraMemory::QCameraMemInfo&, unsigned int, size_t, bool) : ION buffer 1 with size 8192 allocated
01-08 02:28:51.719 D/QCameraHWI_Mem(  298):  void qcamera::QCameraMemory::traceLogAllocEnd(size_t) : X
01-08 02:28:51.719 D/QCameraHWI_Mem(  298):  void qcamera::QCameraMemory::traceLogAllocEnd(size_t) : X
01-08 02:28:51.719 E/mm-camera-sensor(  329): module_sensor_query_mod:4161 led flash is not supported for this sensor.
01-08 02:28:51.719 D/mm-camera(  329): mct_pipeline_populate_query_cap_buffer: totalram = 425230336, freeram = 120389632 
01-08 02:28:51.729 D/QCamera2HWI(  298): int qcamera::QCamera2HardwareInterface::openCamera(): enable_4k2k is 0
01-08 02:28:51.729 D/mm-jpeg-intf(  298): jpeg_open gMmCameraJpegLogLevel=1
01-08 02:28:51.729 E/qomx_image_core(  298): OMX_Init:94] Complete 2
01-08 02:28:51.729 D/QCameraHWI_Mem(  298): void qcamera::QCameraMemory::traceLogAllocStart(size_t, int, const char*) : alloc E count=1 size=1048576
01-08 02:28:51.729 E/QCameraHWI_Mem(  298): void qcamera::QCameraMemory::traceLogAllocStart(size_t, int, const char*):HeapMemsize 1048576
01-08 02:28:51.729 D/QCameraHWI_Mem(  298): void qcamera::QCameraMemory::traceLogAllocStart(size_t, int, const char*) : alloc E count=1 size=1048576
01-08 02:28:51.729 E/QCameraHWI_Mem(  298): void qcamera::QCameraMemory::traceLogAllocStart(size_t, int, const char*):Memsize 1048576
01-08 02:28:51.729 D/QCameraHWI_Mem(  298): int qcamera::QCameraMemory::alloc(int, size_t, unsigned int) : No memory pool available and So allocate new buffer
01-08 02:28:51.729 D/QCameraHWI_Mem(  298): static int qcamera::QCameraMemory::allocOneBuffer(qcamera::QCameraMemory::QCameraMemInfo&, unsigned int, size_t, bool) : ION buffer 1 with size 1048576 allocated
01-08 02:28:51.729 D/QCameraHWI_Mem(  298):  void qcamera::QCameraMemory::traceLogAllocEnd(size_t) : X
01-08 02:28:51.729 E/QCameraHWI_Mem(  298): void qcamera::QCameraMemory::traceLogAllocEnd(size_t) 1048576
01-08 02:28:51.729 D/QCameraHWI_Mem(  298):  void qcamera::QCameraMemory::traceLogAllocEnd(size_t) : X
01-08 02:28:51.729 E/QCameraHWI_Mem(  298): void qcamera::QCameraMemory::traceLogAllocEnd(size_t) 1048576
01-08 02:28:51.729 D/QCameraParameters(  298): int32_t qcamera::QCameraParameters::initDefaultParameters(): supported preview sizes: 640x480,576x432,480x360,384x288,352x288,320x240,240x320,240x160,176x144,144x176,160x120
01-08 02:28:51.729 D/QCameraParameters(  298): int32_t qcamera::QCameraParameters::initDefaultParameters(): supported video sizes: 640x480,480x360,352x288,320x240,240x320,176x144,144x176,160x120
01-08 02:28:51.729 D/QCameraParameters(  298): int32_t qcamera::QCameraParameters::initDefaultParameters(): supported pic sizes: 640x480,352x288,320x240,176x144,160x120
01-08 02:28:51.729 D/QCameraParameters(  298): int32_t qcamera::QCameraParameters::initDefaultParameters(): supported fps ranges: (15000,15000),(24000,24000),(8000,30000),(30000,30000)
01-08 02:28:51.729 D/QCameraParameters(  298): int32_t qcamera::QCameraParameters::setPreviewFpsRange(int, int, int, int): Updated: minFps = 8000, maxFps = 30000 , vid minFps = 8000, vid maxFps = 30000
01-08 02:28:51.729 D/QCamera2HWI(  298): int qcamera::QCamera2HardwareInterface::calcThermalLevel(qcamera::qcamera_thermal_level_enum_t, int, int, cam_fps_range_t&, msm_vfe_frame_skip_pattern&): level: 0, preview minfps 8000.000000, preview maxfpS 30000.000000, video minfps 8000.000000, video maxfpS 30000.000000
01-08 02:28:51.729 D/QCamera2HWI(  298): int qcamera::QCamera2HardwareInterface::calcThermalLevel(qcamera::qcamera_thermal_level_enum_t, int, int, cam_fps_range_t&, msm_vfe_frame_skip_pattern&): Thermal level 0, FPS [8.00,30.00, 8.00,30.00], frameskip 0
01-08 02:28:51.729 D/QCameraParameters(  298): int32_t qcamera::QCameraParameters::setPreviewFpsRange(int, int, int, int): Thermal adjusted Preview fps range 8.00,30.00, 8.00, 30.00
01-08 02:28:51.729 D/QCameraParameters(  298): int32_t qcamera::QCameraParameters::initDefaultParameters(): supported fps rates: 8,9,10,11,12,13,14,15,16,17,18,19,20,21,22,23,24,25,26,27,28,29,30
01-08 02:28:51.729 D/QCameraParameters(  298): int32_t qcamera::QCameraParameters::setFocusMode(const char*): Setting focus mode fixed
01-08 02:28:51.729 D/QCameraParameters(  298): int32_t qcamera::QCameraParameters::setWhiteBalance(const char*): Setting WhiteBalance value auto
01-08 02:28:51.729 E/QCameraParameters(  298): int32_t qcamera::QCameraParameters::initDefaultParameters(): supported flash modes cnt is 0!!!
01-08 02:28:51.729 D/QCameraParameters(  298): int32_t qcamera::QCameraParameters::setSceneMode(const char*): Setting SceneMode auto
01-08 02:28:51.729 D/QCameraParameters(  298): int32_t qcamera::QCameraParameters::setISOValue(const char*): Setting ISO value auto
01-08 02:28:51.729 D/QCameraParameters(  298): int32_t qcamera::QCameraParameters::initDefaultParameters(), Exposure time min 0.000000 ms, max 0.000000 ms
01-08 02:28:51.729 D/QCameraParameters(  298): int32_t qcamera::QCameraParameters::initDefaultParameters(), ISO min 0, max 0
01-08 02:28:51.729 D/QCameraParameters(  298): int32_t qcamera::QCameraParameters::setAEBracket(const char*), EXP_BRACKETING_OFF
01-08 02:28:51.729 D/QCameraParameters(  298): int32_t qcamera::QCameraParameters::setDISValue(const char*): Setting DIS value disable
01-08 02:28:51.729 D/QCameraParameters(  298): int32_t qcamera::QCameraParameters::initDefaultParameters(): totalram = 425230336, freeram = 117317632 
01-08 02:28:51.729 D/QCameraParameters(  298): int32_t qcamera::QCameraParameters::setLowPowerMode(const char*): Setting normal Power mode
01-08 02:28:51.729 D/mm-camera(  329): mct_pipeline_process_set:command=800000e
01-08 02:28:51.729 D/QCameraParameters(  298): int32_t qcamera::QCameraParameters::setNumOfSnapshot(): nBurstNum = 1, nExpnum = 1
01-08 02:28:51.739 I/Thermal-Lib(  298): Thermal-Lib-Client: Registraion successful for camera with handle:1
01-08 02:28:51.739 I/Thermal-Lib(  298): Thermal-Lib-Client: Registraion successful for camcorder with handle:2
01-08 02:28:51.739 I/ThermalEngine(  315): Thermal-Server: Adding thermal event listener on fd 37
01-08 02:28:51.739 I/Thermal-Lib(  298): Thermal-Lib-Client: Client received msg camera 0
01-08 02:28:51.739 D/QCamera2HWI(  298): int qcamera::QCamera2HardwareInterface::calcThermalLevel(qcamera::qcamera_thermal_level_enum_t, int, int, cam_fps_range_t&, msm_vfe_frame_skip_pattern&): level: 0, preview minfps 8000.000000, preview maxfpS 30000.000000, video minfps 8000.000000, video maxfpS 30000.000000
01-08 02:28:51.739 D/QCamera2HWI(  298): int qcamera::QCamera2HardwareInterface::calcThermalLevel(qcamera::qcamera_thermal_level_enum_t, int, int, cam_fps_range_t&, msm_vfe_frame_skip_pattern&): Thermal level 0, FPS [8.00,30.00, 8.00,30.00], frameskip 0
01-08 02:28:51.739 D/mm-camera(  329): mct_pipeline_process_set:command=800000e
01-08 02:28:51.739 I/Thermal-Lib(  298): Thermal-Lib-Client: Client received msg camcorder 0
01-08 02:28:51.739 D/QCamera2HWI(  298): int qcamera::QCamera2HardwareInterface::calcThermalLevel(qcamera::qcamera_thermal_level_enum_t, int, int, cam_fps_range_t&, msm_vfe_frame_skip_pattern&): level: 0, preview minfps 8000.000000, preview maxfpS 30000.000000, video minfps 8000.000000, video maxfpS 30000.000000
01-08 02:28:51.739 D/QCamera2HWI(  298): int qcamera::QCamera2HardwareInterface::calcThermalLevel(qcamera::qcamera_thermal_level_enum_t, int, int, cam_fps_range_t&, msm_vfe_frame_skip_pattern&): Thermal level 0, FPS [8.00,30.00, 8.00,30.00], frameskip 0
01-08 02:28:51.739 D/mm-camera(  329): mct_pipeline_process_set:command=800000e
