01-08 02:28:44.1259 I/KERNEL  (  329): [   10.414539] pm8909_l6: could not add device link 3-0001 err -17
01-08 02:28:44.1259 I/KERNEL  (  329): [   10.414559] pm8909_l6: Failed to create debugfs directory
01-08 02:28:45.209 E/keystore(  599): Wrapping keymaster0 module Keymaster QCOM HAL with SoftKeymasterDevice
01-08 02:28:45.209 D/SoftKeymaster(  599): system/keymaster/soft_keymaster_device.cpp, Line 145: Reinitializing SoftKeymasterDevice to use HW keymaster0
01-08 02:28:45.209 I/SoftKeymaster(  599): system/keymaster/soft_keymaster_device.cpp, Line 122: Creating device
01-08 02:28:45.209 D/SoftKeymaster(  599): system/keymaster/soft_keymaster_device.cpp, Line 123: Device address: 0xb7b2fa08
01-08 02:28:44.1281 I/KERNEL  (  329): [   10.436132] msm_sensor_match_id chip id doesnot match
01-08 02:28:44.1281 I/KERNEL  (  329): [   10.436165] msm_sensor_check_id:1412 match id failed rc -19
01-08 02:28:44.1294 I/KERNEL  (  329): [   10.448702] msm_camera_config_single_vreg can't disable cam_vio
01-08 02:28:44.1318 I/KERNEL  (  329): [   10.473624] gc031a power up failed
01-08 02:28:44.1319 I/KERNEL  (  329): 
01-08 02:28:44.1319 I/KERNEL  (  329): [   10.473669] MSM-SENSOR-INIT msm_sensor_driver_cmd:80 failed: msm_sensor_driver_probe rc -19
01-08 02:28:44.1391 I/KERNEL  (  329): [   10.546492] Generating power_down_setting
01-08 02:28:44.1391 I/KERNEL  (  329): 
01-08 02:28:44.1391 I/KERNEL  (  329): [   10.546538] msm_camera_fill_vreg_params:65 i 0 j 0 cam_vio
01-08 02:28:44.1391 I/KERNEL  (  329): [   10.546553] msm_camera_fill_vreg_params:76 i 2 j 1 cam_vana
01-08 02:28:44.1391 I/KERNEL  (  329): [   10.546564] msm_camera_fill_vreg_params:76 i 6 j 1 cam_vana
01-08 02:28:44.1391 I/KERNEL  (  329): [   10.546574] msm_camera_fill_vreg_params:65 i 8 j 0 cam_vio
01-08 02:28:44.1392 I/KERNEL  (  329): [   10.547026] ------------[ cut here ]------------
01-08 02:28:44.1392 I/KERNEL  (  329): [   10.547051] WARNING: at /home/caerus/workspace/BB/msm8905/LINUX/android/kernel/fs/sysfs/dir.c:530 sysfs_add_one+0x7c/0x9c()
01-08 02:28:44.1392 I/KERNEL  (  329): [   10.547061] sysfs: cannot create duplicate filename '/devices/soc.0/qcom,rpm-smd.37/rpm-regulator-ldoa6.84/regulator-l6.108/regulator/regulator.13/3-0001-cam_vio'
01-08 02:28:44.1392 I/KERNEL  (  329): [   10.547070] Modules linked in:
01-08 02:28:44.1392 I/KERNEL  (  329): 
01-08 02:28:44.1392 I/KERNEL  (  329): [   10.547087] CPU: 0 PID: 329 Comm: mm-qcamera-daem Tainted: G        W    3.10.49 #1
01-08 02:28:44.1392 I/KERNEL  (  329): [   10.547114] [<c0013460>] (unwind_backtrace+0x0/0xe0) from [<c00111b8>] (show_stack+0x10/0x14)
01-08 02:28:44.1392 I/KERNEL  (  329): [   10.547136] [<c00111b8>] (show_stack+0x10/0x14) from [<c0020ce0>] (warn_slowpath_common+0x4c/0x6c)
01-08 02:28:44.1392 I/KERNEL  (  329): [   10.547156] [<c0020ce0>] (warn_slowpath_common+0x4c/0x6c) from [<c0020d2c>] (warn_slowpath_fmt+0x2c/0x3c)
01-08 02:28:44.1392 I/KERNEL  (  329): [   10.547175] [<c0020d2c>] (warn_slowpath_fmt+0x2c/0x3c) from [<c014ac90>] (sysfs_add_one+0x7c/0x9c)
01-08 02:28:44.1392 I/KERNEL  (  329): [   10.547193] [<c014ac90>] (sysfs_add_one+0x7c/0x9c) from [<c014b574>] (sysfs_do_create_link_sd+0xfc/0x1cc)
01-08 02:28:44.1392 I/KERNEL  (  329): [   10.547214] [<c014b574>] (sysfs_do_create_link_sd+0xfc/0x1cc) from [<c02f4728>] (create_regulator+0xb8/0x210)
01-08 02:28:44.1392 I/KERNEL  (  329): [   10.547235] [<c02f4728>] (create_regulator+0xb8/0x210) from [<c02f4948>] (_regulator_get+0xc8/0x13c)
01-08 02:28:44.1392 I/KERNEL  (  329): [   10.547256] [<c02f4948>] (_regulator_get+0xc8/0x13c) from [<c04dbaf8>] (msm_camera_config_single_vreg+0x74/0x20c)
01-08 02:28:44.1392 I/KERNEL  (  329): [   10.547278] [<c04dbaf8>] (msm_camera_config_single_vreg+0x74/0x20c) from [<c04e044c>] (msm_camera_power_up+0x290/0x5c8)
01-08 02:28:44.1392 I/KERNEL  (  329): [   10.547299] [<c04e044c>] (msm_camera_power_up+0x290/0x5c8) from [<c04ed294>] (msm_sensor_power_up+0x120/0x14c)
01-08 02:28:44.1392 I/KERNEL  (  329): [   10.547321] [<c04ed294>] (msm_sensor_power_up+0x120/0x14c) from [<c04eb830>] (msm_sensor_driver_probe+0x7cc/0xbd0)
01-08 02:28:44.1392 I/KERNEL  (  329): [   10.547343] [<c04eb830>] (msm_sensor_driver_probe+0x7cc/0xbd0) from [<c04ea594>] (msm_sensor_init_subdev_ioctl+0x9c/0x228)
01-08 02:28:44.1392 I/KERNEL  (  329): [   10.547363] [<c04ea594>] (msm_sensor_init_subdev_ioctl+0x9c/0x228) from [<c04904bc>] (subdev_do_ioctl+0x6c8/0x72c)
01-08 02:28:44.1392 I/KERNEL  (  329): [   10.547387] [<c04904bc>] (subdev_do_ioctl+0x6c8/0x72c) from [<c048980c>] (video_usercopy+0x2b8/0x40c)
01-08 02:28:44.1392 I/KERNEL  (  329): [   10.547416] [<c048980c>] (video_usercopy+0x2b8/0x40c) from [<c04852e8>] (v4l2_ioctl+0x60/0x124)
01-08 02:28:44.1392 I/KERNEL  (  329): [   10.547440] [<c04852e8>] (v4l2_ioctl+0x60/0x124) from [<c010509c>] (vfs_ioctl+0x28/0x3c)
01-08 02:28:44.1392 I/KERNEL  (  329): [   10.547462] [<c010509c>] (vfs_ioctl+0x28/0x3c) from [<c0105b18>] (do_vfs_ioctl+0x4c0/0x570)
01-08 02:28:44.1392 I/KERNEL  (  329): [   10.547480] [<c0105b18>] (do_vfs_ioctl+0x4c0/0x570) from [<c0105c14>] (SyS_ioctl+0x4c/0x78)
01-08 02:28:44.1392 I/KERNEL  (  329): [   10.547498] [<c0105c14>] (SyS_ioctl+0x4c/0x78) from [<c000d7a0>] (ret_fast_syscall+0x0/0x30)
01-08 02:28:44.1392 I/KERNEL  (  329): [   10.547510] ---[ end trace da227214a82491c4 ]---
01-08 02:28:44.1392 I/KERNEL  (  329): [   10.547525] pm8909_l6: could not add device link 3-0001 err -17
01-08 02:28:44.1392 I/KERNEL  (  329): [   10.547542] pm8909_l6: Failed to create debugfs directory
01-08 02:28:44.1414 I/KERNEL  (  329): [   10.568822] gc030a probe succeeded
01-08 02:28:44.1427 I/KERNEL  (  329): 
01-08 02:28:44.1427 I/KERNEL  (  329): [   10.582179] msm_camera_config_single_vreg can't disable cam_vio
01-08 02:28:44.1428 I/KERNEL  (  329): [   10.583036] msm_csid_init: CSID_VERSION = 0x30010000
01-08 02:28:44.1429 I/KERNEL  (  329): [   10.583886]  msm_csid_init: Failed in getting TOP gdscr regulator handle
01-08 02:28:44.1431 I/KERNEL  (  329): 
01-08 02:28:44.1431 I/KERNEL  (  329): [   10.585775] msm_csid_init: CSID_VERSION = 0x30010000
01-08 02:28:44.1432 I/KERNEL  (  329): [   10.586641]  msm_csid_init: Failed in getting TOP gdscr regulator handle
01-08 02:28:45.379 E/mm-camera-sensor(  329): module_sensor_init_eeprom:4495 Exit subdev_id[SUB_MODULE_EEPROM] == -1
01-08 02:28:45.379 E/mm-camera-sensor(  329): module_sensor_init_eeprom:4495 Exit subdev_id[SUB_MODULE_EEPROM] == -1
01-08 02:28:45.379 D/mm-camera-intf(  298): index = 0 flag = 3 mount_angle = 270 facing = 0 is_yuv = 0
01-08 02:28:45.379 D/mm-camera-intf(  298): index = 1 flag = 101 mount_angle = 90 facing = 1 is_yuv = 0
01-08 02:28:45.379 D/mm-camera-intf(  298): sort_camera_info: Camera id: 0 facing: 0, is_yuv: 0
01-08 02:28:45.379 D/mm-camera-intf(  298): sort_camera_info: Camera id: 1 facing: 1, is_yuv: 0
01-08 02:28:45.379 I/CameraService(  298): Loaded "QCamera Module" camera module
01-08 02:28:45.379 I/CameraFlashlight(  298): Opening camera 0
01-08 02:28:45.379 I/QCamera2HWI(  298): static void qcamera::QCamera2HardwareInterface::getLogLevel() gCamHalLogLevel=1
01-08 02:28:45.389 D/QCameraStateMachine(  298): static void* qcamera::QCameraStateMachine::smEvtProcRoutine(void*): E
01-08 02:28:45.469 E/QC-DS-LIB(  387): qmi_client [387]: unable to connect to server, errno=[2:No such file or directory], attempt=4
01-08 02:28:45.489 D/QCamera2HWI(  298): [KPI Perf] int qcamera::QCamera2HardwareInterface::openCamera(hw_device_t**): E PROFILE_OPEN_CAMERA camera id 0
01-08 02:28:45.489 E/mm-camera-intf(  298): mm_camera_open: dev name = /dev/video1, cam_idx = 1
01-08 02:28:44.1542 I/KERNEL  (  298): 
01-08 02:28:44.1542 I/KERNEL  (  298): [   10.696736] msm_pm_qos_update_request: update request 100
01-08 02:28:45.489 E/mm-camera(  329): isp_util_gen_hws_caps: integrating kernel vfe is pending
01-08 02:28:44.1546 I/KERNEL  (  329): [   10.700879] msm_isp_close_node: halt timeout rc=0
01-08 02:28:45.489 E/mm-camera(  329): isp_tintless_create: using BG stats for tintless!, isp version = 20
01-08 02:28:45.489 E/mm-camera(  329): c2d_module_init:33 name=c2d
01-08 02:28:45.499 D/QCamera2HWI(  298): static void* qcamera::QCamera2HardwareInterface::defferedWorkRoutine(void*): start data proc
01-08 02:28:45.699 E/QC-DS-LIB(  334): qmi_client [334]: unable to connect to server, errno=[2:No such file or directory], attempt=5
01-08 02:28:45.719 E/mm-camera-img(  329): module_imglib_create_topology:649] Can not init the module imglib_chroma_flash
01-08 02:28:45.719 E/mm-camera-img(  329): module_imglib_create_topology:649] Can not init the module imglib_optizoom
01-08 02:28:45.719 E/mm-camera-img(  329): module_imglib_create_topology:649] Can not init the module imglib_ubifocus
01-08 02:28:45.719 E/mm-camera-img(  329): module_imglib_create_topology:649] Can not init the module imglib_trueportrait
01-08 02:28:45.719 E/mm-camera-img(  329): module_imglib_create_topology:649] Can not init the module imglib_fssr
01-08 02:28:45.719 E/mm-camera-img(  329): module_imglib_create_topology:649] Can not init the module imglib_multitouchfocus
01-08 02:28:45.719 E/mm-camera-img(  329): frameproc_comp_load:831] Error opening frameproc library libmmcamera_ubifocus_lib.so
01-08 02:28:45.719 E/mm-camera(  329): module_imgbase_init_imglib_refocus:1442] Error rc -6
01-08 02:28:45.719 E/mm-camera-img(  329): module_imglib_create_topology:649] Can not init the module imglib_refocus
01-08 02:28:45.729 E/QC-DS-LIB(  483): qmi_client [483]: unable to connect to server, errno=[2:No such file or directory], attempt=3
01-08 02:28:45.739 E/QC-DS-LIB(  315): qmi_client [315]: unable to connect to server, errno=[2:No such file or directory], attempt=5
01-08 02:28:45.739 D/mm-camera(  329): mct_pipeline_start_session_thread thread_id is 624
01-08 02:28:45.739 D/mm-camera(  329): mct_pipeline_start_session_thread thread_id is 626
01-08 02:28:44.1794 I/KERNEL  (  329): [   10.948959] msm_csid_init: CSID_VERSION = 0x30010000
01-08 02:28:45.739 D/mm-camera(  329): mct_pipeline_start_session_thread thread_id is 627
01-08 02:28:44.1794 I/KERNEL  (  329): [   10.949606]  msm_csid_init: Failed in getting TOP gdscr regulator handle
01-08 02:28:45.739 D/mm-camera(  329): isp_tintless_open: E: b6de7b2d
01-08 02:28:44.1796 I/KERNEL  (  329): 
01-08 02:28:44.1796 I/KERNEL  (  329): [   10.950990] ------------[ cut here ]------------
01-08 02:28:44.1796 I/KERNEL  (  329): [   10.951043] WARNING: at /home/caerus/workspace/BB/msm8905/LINUX/android/kernel/drivers/clk/qcom/clock-local2.c:158 rcg_clk_prepare+0x2c/0x40()
01-08 02:28:44.1796 I/KERNEL  (  329): [   10.951053] Attempting to prepare csi1_clk_src before setting its rate. Set the rate first!
01-08 02:28:44.1796 I/KERNEL  (  329): [   10.951061] Modules linked in:
01-08 02:28:44.1796 I/KERNEL  (  329): 
01-08 02:28:44.1796 I/KERNEL  (  329): [   10.951078] CPU: 1 PID: 624 Comm: mct_pipe_start Tainted: G        W    3.10.49 #1
01-08 02:28:44.1796 I/KERNEL  (  329): [   10.951106] [<c0013460>] (unwind_backtrace+0x0/0xe0) from [<c00111b8>] (show_stack+0x10/0x14)
01-08 02:28:44.1796 I/KERNEL  (  329): [   10.951127] [<c00111b8>] (show_stack+0x10/0x14) from [<c0020ce0>] (warn_slowpath_common+0x4c/0x6c)
01-08 02:28:44.1796 I/KERNEL  (  329): [   10.951147] [<c0020ce0>] (warn_slowpath_common+0x4c/0x6c) from [<c0020d2c>] (warn_slowpath_fmt+0x2c/0x3c)
01-08 02:28:44.1796 I/KERNEL  (  329): [   10.951165] [<c0020d2c>] (warn_slowpath_fmt+0x2c/0x3c) from [<c05f20f4>] (rcg_clk_prepare+0x2c/0x40)
01-08 02:28:44.1796 I/KERNEL  (  329): [   10.951185] [<c05f20f4>] (rcg_clk_prepare+0x2c/0x40) from [<c05eee18>] (clk_enable+0x13c/0x17c)
01-08 02:28:44.1796 I/KERNEL  (  329): [   10.951205] [<c05eee18>] (clk_enable+0x13c/0x17c) from [<c05eed5c>] (clk_enable+0x80/0x17c)
01-08 02:28:44.1796 I/KERNEL  (  329): [   10.951225] [<c05eed5c>] (clk_enable+0x80/0x17c) from [<c04db364>] (msm_cam_clk_enable+0xfc/0x200)
01-08 02:28:44.1796 I/KERNEL  (  329): [   10.951247] [<c04db364>] (msm_cam_clk_enable+0xfc/0x200) from [<c04e0f40>] (msm_csiphy_subdev_ioctl+0x1d4/0x7a4)
01-08 02:28:44.1796 I/KERNEL  (  329): [   10.951282] [<c04e0f40>] (msm_csiphy_subdev_ioctl+0x1d4/0x7a4) from [<c04904bc>] (subdev_do_ioctl+0x6c8/0x72c)
01-08 02:28:44.1796 I/KERNEL  (  329): [   10.951312] [<c04904bc>] (subdev_do_ioctl+0x6c8/0x72c) from [<c048980c>] (video_usercopy+0x2b8/0x40c)
01-08 02:28:44.1796 I/KERNEL  (  329): [   10.951334] [<c048980c>] (video_usercopy+0x2b8/0x40c) from [<c04852e8>] (v4l2_ioctl+0x60/0x124)
01-08 02:28:44.1796 I/KERNEL  (  329): [   10.951355] [<c04852e8>] (v4l2_ioctl+0x60/0x124) from [<c010509c>] (vfs_ioctl+0x28/0x3c)
01-08 02:28:44.1796 I/KERNEL  (  329): [   10.951379] [<c010509c>] (vfs_ioctl+0x28/0x3c) from [<c0105b18>] (do_vfs_ioctl+0x4c0/0x570)
01-08 02:28:44.1796 I/KERNEL  (  329): [   10.951404] [<c0105b18>] (do_vfs_ioctl+0x4c0/0x570) from [<c0105c14>] (SyS_ioctl+0x4c/0x78)
01-08 02:28:44.1796 I/KERNEL  (  329): [   10.951428] [<c0105c14>] (SyS_ioctl+0x4c/0x78) from [<c000d7a0>] (ret_fast_syscall+0x0/0x30)
01-08 02:28:44.1796 I/KERNEL  (  329): [   10.951439] ---[ end trace da227214a82491c5 ]---
01-08 02:28:45.739 D/mm-camera(  329): mct_pipeline_start_session_thread thread_id is 628
01-08 02:28:45.749 D/mm-camera(  329): mct_pipeline_start_session_thread thread_id is 629
01-08 02:28:45.749 D/mm-camera(  329): c2d_module_start_session:350, info: starting session 1
01-08 02:28:45.759 E/        (  329): dmlroc_get_version
01-08 02:28:45.759 E/mm-camera(  329): isp_tintless_bg_pca_get_version: lib returned version 2.53 err=0
01-08 02:28:45.759 E/mm-camera-CORE(  329): af_init: updated HAF func table
01-08 02:28:45.759 D/mm-camera(  329): c2d_thread_func:45: c2d_thread entering the polling loop... thread_id is 631
01-08 02:28:45.759 D/mm-camera(  329): isp_thread_session_task thread_id is 633
01-08 02:28:45.759 D/mm-camera(  329): isp_tintless_main_loop thread_id is 632
01-08 02:28:45.759 D/mm-camera(  329): mct_pipeline_start_session_thread thread_id is 630
01-08 02:28:45.759 E/mm-camera-img(  329): module_imglib_start_session:1446 ###Img_Loglevel 0
01-08 02:28:45.759 D/mm-camera(  329): gyro_port_init , Enter 
01-08 02:28:45.759 D/mm-camera(  329): gyro_port_init , EXIT 
01-08 02:28:44.1843 I/KERNEL  (  329): [   10.998146] ------------[ cut here ]------------
01-08 02:28:44.1843 I/KERNEL  (  329): [   10.998194] WARNING: at /home/caerus/workspace/BB/msm8905/LINUX/android/kernel/fs/sysfs/dir.c:530 sysfs_add_one+0x7c/0x9c()
01-08 02:28:44.1843 I/KERNEL  (  329): [   10.998206] sysfs: cannot create duplicate filename '/devices/soc.0/qcom,rpm-smd.37/rpm-regulator-ldoa6.84/regulator-l6.108/regulator/regulator.13/3-0002-cam_vio'
01-08 02:28:44.1843 I/KERNEL  (  329): [   10.998214] Modules linked in:
01-08 02:28:44.1843 I/KERNEL  (  329): 
01-08 02:28:44.1843 I/KERNEL  (  329): [   10.998231] CPU: 1 PID: 624 Comm: mct_pipe_start Tainted: G        W    3.10.49 #1
01-08 02:28:44.1843 I/KERNEL  (  329): [   10.998258] [<c0013460>] (unwind_backtrace+0x0/0xe0) from [<c00111b8>] (show_stack+0x10/0x14)
01-08 02:28:44.1843 I/KERNEL  (  329): [   10.998280] [<c00111b8>] (show_stack+0x10/0x14) from [<c0020ce0>] (warn_slowpath_common+0x4c/0x6c)
01-08 02:28:44.1843 I/KERNEL  (  329): [   10.998299] [<c0020ce0>] (warn_slowpath_common+0x4c/0x6c) from [<c0020d2c>] (warn_slowpath_fmt+0x2c/0x3c)
01-08 02:28:44.1843 I/KERNEL  (  329): [   10.998318] [<c0020d2c>] (warn_slowpath_fmt+0x2c/0x3c) from [<c014ac90>] (sysfs_add_one+0x7c/0x9c)
01-08 02:28:44.1843 I/KERNEL  (  329): [   10.998337] [<c014ac90>] (sysfs_add_one+0x7c/0x9c) from [<c014b574>] (sysfs_do_create_link_sd+0xfc/0x1cc)
01-08 02:28:44.1843 I/KERNEL  (  329): [   10.998359] [<c014b574>] (sysfs_do_create_link_sd+0xfc/0x1cc) from [<c02f4728>] (create_regulator+0xb8/0x210)
01-08 02:28:44.1843 I/KERNEL  (  329): [   10.998379] [<c02f4728>] (create_regulator+0xb8/0x210) from [<c02f4948>] (_regulator_get+0xc8/0x13c)
01-08 02:28:44.1843 I/KERNEL  (  329): [   10.998400] [<c02f4948>] (_regulator_get+0xc8/0x13c) from [<c04dbaf8>] (msm_camera_config_single_vreg+0x74/0x20c)
01-08 02:28:44.1843 I/KERNEL  (  329): [   10.998422] [<c04dbaf8>] (msm_camera_config_single_vreg+0x74/0x20c) from [<c04e044c>] (msm_camera_power_up+0x290/0x5c8)
01-08 02:28:44.1843 I/KERNEL  (  329): [   10.998441] [<c04e044c>] (msm_camera_power_up+0x290/0x5c8) from [<c04ed294>] (msm_sensor_power_up+0x120/0x14c)
01-08 02:28:44.1843 I/KERNEL  (  329): [   10.998459] [<c04ed294>] (msm_sensor_power_up+0x120/0x14c) from [<c04ecdec>] (msm_sensor_config+0x670/0x8cc)
01-08 02:28:44.1843 I/KERNEL  (  329): [   10.998476] [<c04ecdec>] (msm_sensor_config+0x670/0x8cc) from [<c04ec688>] (msm_sensor_subdev_ioctl+0x88/0xfc)
01-08 02:28:44.1843 I/KERNEL  (  329): [   10.998495] [<c04ec688>] (msm_sensor_subdev_ioctl+0x88/0xfc) from [<c04904bc>] (subdev_do_ioctl+0x6c8/0x72c)
01-08 02:28:44.1843 I/KERNEL  (  329): [   10.998514] [<c04904bc>] (subdev_do_ioctl+0x6c8/0x72c) from [<c048980c>] (video_usercopy+0x2b8/0x40c)
01-08 02:28:44.1843 I/KERNEL  (  329): [   10.998534] [<c048980c>] (video_usercopy+0x2b8/0x40c) from [<c04852e8>] (v4l2_ioctl+0x60/0x124)
01-08 02:28:44.1843 I/KERNEL  (  329): [   10.998553] [<c04852e8>] (v4l2_ioctl+0x60/0x124) from [<c010509c>] (vfs_ioctl+0x28/0x3c)
01-08 02:28:44.1843 I/KERNEL  (  329): [   10.998572] [<c010509c>] (vfs_ioctl+0x28/0x3c) from [<c0105b18>] (do_vfs_ioctl+0x4c0/0x570)
01-08 02:28:44.1843 I/KERNEL  (  329): [   10.998590] [<c0105b18>] (do_vfs_ioctl+0x4c0/0x570) from [<c0105c14>] (SyS_ioctl+0x4c/0x78)
01-08 02:28:44.1843 I/KERNEL  (  329): [   10.998608] [<c0105c14>] (SyS_ioctl+0x4c/0x78) from [<c000d7a0>] (ret_fast_syscall+0x0/0x30)
01-08 02:28:44.1843 I/KERNEL  (  329): [   10.998619] ---[ end trace da227214a82491c6 ]---
01-08 02:28:44.1843 I/KERNEL  (  329): [   10.998634] pm8909_l6: could not add device link 3-0002 err -17
01-08 02:28:44.1844 I/KERNEL  (  329): [   10.998656] pm8909_l6: Failed to create debugfs directory
01-08 02:28:45.884 I/KERNEL  (  329): [   11.038834] msm_sensor_config:1321 sensor state 1
01-08 02:28:45.839 D/mm-camera(  329): c2d_module_start_session:428, info: session 1 started.
01-08 02:28:46.069 E/QC-DS-LIB(  308): qmi_client [308]: unable to connect to server, errno=[2:No such file or directory], attempt=4
01-08 02:28:46.079 E/QC-DS-LIB(  297): qmi_client [297]: unable to connect to server, errno=[2:No such file or directory], attempt=3
01-08 02:28:46.159 I/Gecko   (  649): [649] WARNING: Tried to RegisterCallback without an AtExitManager: file /local2/build/JIO/quoin/src/gecko/ipc/chromium/src/base/at_exit.cc, line 40
01-08 02:28:46.169 I/mm-camera-eztune(  329): vendor/qcom/proprietary/mm-camera/mm-camera2/server-tuning/tuning/eztune_interface.cpp(367): "Create Server : 0xb8eeda98"
01-08 02:28:46.169 I/mm-camera-eztune(  329): vendor/qcom/proprietary/mm-camera/mm-camera2/server-tuning/tuning/eztune_interface.cpp(367): "Create Server : 0xb8f07410"
01-08 02:28:46.179 I/mm-camera-eztune(  329): vendor/qcom/proprietary/mm-camera/mm-camera2/server-tuning/tuning/eztune_process.cpp(300): "int eztune::ProcessLayer::GetItemBinarySize() Item Binary Size: 0"
01-08 02:28:46.179 W/mm-camera-eztune(  329): vendor/qcom/proprietary/mm-camera/mm-camera2/server-tuning/tuning/eztune_process.cpp(388): "No dump file present"
01-08 02:28:46.189 D/mm-camera(  329): mct_controller_thread_run thread_id is 656
01-08 02:28:46.189 E/mm-camera-intf(  298): mm_camera_open:  opened, break out while loop
01-08 02:28:45.1240 I/KERNEL  (  298): [   11.394823] msm_pm_qos_update_request: update request -1
01-08 02:28:46.189 I/mm-camera-eztune(  329): vendor/qcom/proprietary/mm-camera/mm-camera2/server-tuning/tuning/eztune_interface.cpp(62): "Server: Waiting on new connection...\n"
01-08 02:28:46.199 D/QCameraHWI_Mem(  298): void qcamera::QCameraMemory::traceLogAllocStart(size_t, int, const char*) : alloc E count=1 size=7160
01-08 02:28:46.199 D/QCameraHWI_Mem(  298): void qcamera::QCameraMemory::traceLogAllocStart(size_t, int, const char*) : alloc E count=1 size=7160
01-08 02:28:46.199 D/QCameraHWI_Mem(  298): int qcamera::QCameraMemory::alloc(int, size_t, unsigned int) : No memory pool available and So allocate new buffer
01-08 02:28:46.199 D/QCameraHWI_Mem(  298): static int qcamera::QCameraMemory::allocOneBuffer(qcamera::QCameraMemory::QCameraMemInfo&, unsigned int, size_t, bool) : ION buffer 1 with size 8192 allocated
01-08 02:28:46.199 D/QCameraHWI_Mem(  298):  void qcamera::QCameraMemory::traceLogAllocEnd(size_t) : X
01-08 02:28:46.199 D/QCameraHWI_Mem(  298):  void qcamera::QCameraMemory::traceLogAllocEnd(size_t) : X
01-08 02:28:46.199 D/mm-camera(  329): mct_pipeline_populate_query_cap_buffer: totalram = 412647424, freeram = 183042048 
01-08 02:28:46.199 D/QCamera2HWI(  298): int qcamera::QCamera2HardwareInterface::openCamera(): enable_4k2k is 0
01-08 02:28:46.199 D/mm-jpeg-intf(  298): jpeg_open gMmCameraJpegLogLevel=1
01-08 02:28:46.199 W/        (  320): could not open framebuffer
01-08 02:28:46.199 E/qomx_image_core(  298): OMX_Init:94] Complete 2
01-08 02:28:46.199 D/QCameraHWI_Mem(  298): void qcamera::QCameraMemory::traceLogAllocStart(size_t, int, const char*) : alloc E count=1 size=1048576
01-08 02:28:46.199 E/QCameraHWI_Mem(  298): void qcamera::QCameraMemory::traceLogAllocStart(size_t, int, const char*):HeapMemsize 1048576
01-08 02:28:46.199 D/QCameraHWI_Mem(  298): void qcamera::QCameraMemory::traceLogAllocStart(size_t, int, const char*) : alloc E count=1 size=1048576
01-08 02:28:46.199 E/QCameraHWI_Mem(  298): void qcamera::QCameraMemory::traceLogAllocStart(size_t, int, const char*):Memsize 1048576
01-08 02:28:46.199 D/QCameraHWI_Mem(  298): int qcamera::QCameraMemory::alloc(int, size_t, unsigned int) : No memory pool available and So allocate new buffer
01-08 02:28:46.199 D/QCameraHWI_Mem(  298): static int qcamera::QCameraMemory::allocOneBuffer(qcamera::QCameraMemory::QCameraMemInfo&, unsigned int, size_t, bool) : ION buffer 1 with size 1048576 allocated
01-08 02:28:46.199 D/QCameraHWI_Mem(  298):  void qcamera::QCameraMemory::traceLogAllocEnd(size_t) : X
01-08 02:28:46.199 E/QCameraHWI_Mem(  298): void qcamera::QCameraMemory::traceLogAllocEnd(size_t) 1048576
01-08 02:28:46.199 D/QCameraHWI_Mem(  298):  void qcamera::QCameraMemory::traceLogAllocEnd(size_t) : X
01-08 02:28:46.199 E/QCameraHWI_Mem(  298): void qcamera::QCameraMemory::traceLogAllocEnd(size_t) 1048576
01-08 02:28:46.199 D/QCameraParameters(  298): int32_t qcamera::QCameraParameters::initDefaultParameters(): supported preview sizes: 1280x960,1280x720,864x480,800x480,768x432,720x480,640x480,480x640,576x432,480x360,384x288,352x288,320x240,240x320,240x160,176x144,144x176,160x120
01-08 02:28:46.199 D/QCameraParameters(  298): int32_t qcamera::QCameraParameters::initDefaultParameters(): supported video sizes: 1280x960,1280x720,864x480,800x480,720x480,640x480,480x640,480x360,352x288,320x240,240x320,176x144,144x176,160x120
01-08 02:28:46.199 D/QCameraParameters(  298): int32_t qcamera::QCameraParameters::initDefaultParameters(): supported pic sizes: 1600x1200,1280x960,1280x768,1280x720,1024x768,800x600,800x480,720x480,640x480,352x288,320x240,176x144,160x120
01-08 02:28:46.199 D/QCameraParameters(  298): int32_t qcamera::QCameraParameters::initDefaultParameters(): supported fps ranges: (15000,15000),(24000,24000),(8000,30000),(30000,30000)
01-08 02:28:46.199 D/QCameraParameters(  298): int32_t qcamera::QCameraParameters::setPreviewFpsRange(int, int, int, int): Updated: minFps = 8000, maxFps = 30000 , vid minFps = 8000, vid maxFps = 30000
01-08 02:28:46.199 D/QCamera2HWI(  298): int qcamera::QCamera2HardwareInterface::calcThermalLevel(qcamera::qcamera_thermal_level_enum_t, int, int, cam_fps_range_t&, msm_vfe_frame_skip_pattern&): level: 0, preview minfps 8000.000000, preview maxfpS 30000.000000, video minfps 8000.000000, video maxfpS 30000.000000
01-08 02:28:46.199 D/QCamera2HWI(  298): int qcamera::QCamera2HardwareInterface::calcThermalLevel(qcamera::qcamera_thermal_level_enum_t, int, int, cam_fps_range_t&, msm_vfe_frame_skip_pattern&): Thermal level 0, FPS [8.00,30.00, 8.00,30.00], frameskip 0
01-08 02:28:46.199 D/QCameraParameters(  298): int32_t qcamera::QCameraParameters::setPreviewFpsRange(int, int, int, int): Thermal adjusted Preview fps range 8.00,30.00, 8.00, 30.00
01-08 02:28:46.199 D/QCameraParameters(  298): int32_t qcamera::QCameraParameters::initDefaultParameters(): supported fps rates: 8,9,10,11,12,13,14,15,16,17,18,19,20,21,22,23,24,25,26,27,28,29,30
01-08 02:28:46.199 D/QCameraParameters(  298): int32_t qcamera::QCameraParameters::setFocusMode(const char*): Setting focus mode fixed
01-08 02:28:46.209 D/QCameraParameters(  298): int32_t qcamera::QCameraParameters::setWhiteBalance(const char*): Setting WhiteBalance value auto
01-08 02:28:46.209 D/QCameraParameters(  298): int32_t qcamera::QCameraParameters::setFlash(const char*): Setting Flash value off
01-08 02:28:46.209 D/QCameraParameters(  298): int32_t qcamera::QCameraParameters::setSceneMode(const char*): Setting SceneMode auto
01-08 02:28:46.209 D/QCameraParameters(  298): int32_t qcamera::QCameraParameters::setISOValue(const char*): Setting ISO value auto
01-08 02:28:46.209 D/QCameraParameters(  298): int32_t qcamera::QCameraParameters::initDefaultParameters(), Exposure time min 0.000000 ms, max 0.000000 ms
01-08 02:28:46.209 D/QCameraParameters(  298): int32_t qcamera::QCameraParameters::initDefaultParameters(), ISO min 0, max 0
01-08 02:28:46.209 D/QCameraParameters(  298): int32_t qcamera::QCameraParameters::setAEBracket(const char*), EXP_BRACKETING_OFF
01-08 02:28:46.209 D/QCameraParameters(  298): int32_t qcamera::QCameraParameters::setDISValue(const char*): Setting DIS value disable
01-08 02:28:46.209 D/QCameraParameters(  298): int32_t qcamera::QCameraParameters::initDefaultParameters(): totalram = 412647424, freeram = 178753536 
01-08 02:28:46.209 D/QCameraParameters(  298): int32_t qcamera::QCameraParameters::setLowPowerMode(const char*): Setting normal Power mode
01-08 02:28:46.209 D/mm-camera(  329): mct_pipeline_process_set:command=800000e
01-08 02:28:46.209 D/QCameraParameters(  298): int32_t qcamera::QCameraParameters::setNumOfSnapshot(): nBurstNum = 1, nExpnum = 1
01-08 02:28:46.209 I/Thermal-Lib(  298): Thermal-Lib-Client: Registraion successful for camera with handle:1
01-08 02:28:46.209 I/Thermal-Lib(  298): Thermal-Lib-Client: Registraion successful for camcorder with handle:2
01-08 02:28:46.219 I/ServiceManager(  298): Waiting for service SurfaceFlinger...
01-08 02:28:46.219 I/ThermalEngine(  315): Thermal-Server: Adding thermal event listener on fd 37
01-08 02:28:46.219 I/Thermal-Lib(  298): Thermal-Lib-Client: Client received msg camera 0
01-08 02:28:46.219 D/QCamera2HWI(  298): int qcamera::QCamera2HardwareInterface::calcThermalLevel(qcamera::qcamera_thermal_level_enum_t, int, int, cam_fps_range_t&, msm_vfe_frame_skip_pattern&): level: 0, preview minfps 8000.000000, preview maxfpS 30000.000000, video minfps 8000.000000, video maxfpS 30000.000000
01-08 02:28:46.219 D/QCamera2HWI(  298): int qcamera::QCamera2HardwareInterface::calcThermalLevel(qcamera::qcamera_thermal_level_enum_t, int, int, cam_fps_range_t&, msm_vfe_frame_skip_pattern&): Thermal level 0, FPS [8.00,30.00, 8.00,30.00], frameskip 0
01-08 02:28:46.219 D/mm-camera(  329): mct_pipeline_process_set:command=800000e
01-08 02:28:46.219 I/Thermal-Lib(  298): Thermal-Lib-Client: Client received msg camcorder 0
01-08 02:28:46.219 D/QCamera2HWI(  298): int qcamera::QCamera2HardwareInterface::calcThermalLevel(qcamera::qcamera_thermal_level_enum_t, int, int, cam_fps_range_t&, msm_vfe_frame_skip_pattern&): level: 0, preview minfps 8000.000000, preview maxfpS 30000.000000, video minfps 8000.000000, video maxfpS 30000.000000
01-08 02:28:46.219 D/QCamera2HWI(  298): int qcamera::QCamera2HardwareInterface::calcThermalLevel(qcamera::qcamera_thermal_level_enum_t, int, int, cam_fps_range_t&, msm_vfe_frame_skip_pattern&): Thermal level 0, FPS [8.00,30.00, 8.00,30.00], frameskip 0
01-08 02:28:46.219 D/mm-camera(  329): mct_pipeline_process_set:command=800000e
01-08 02:28:46.459 I/qdutils (  320): PartialUpdate status: Disabled
01-08 02:28:46.459 I/qdutils (  320): Left Align: 0
01-08 02:28:46.459 I/qdutils (  320): Width Align: 0
01-08 02:28:46.459 I/qdutils (  320): Top Align: 0
01-08 02:28:46.459 I/qdutils (  320): Height Align: 0
01-08 02:28:46.459 I/qdutils (  320): Min ROI Width: 0
01-08 02:28:46.459 I/qdutils (  320): Min ROI Height: 0
01-08 02:28:46.459 I/qdutils (  320): Needs ROI Merge: 0
01-08 02:28:46.459 I/qdutils (  320): Dynamic Fps: Disabled
01-08 02:28:46.469 I/qdutils (  320): Min Panel fps: 0
01-08 02:28:46.469 I/qdutils (  320): Max Panel fps: 0
01-08 02:28:46.469 E/qdutils (  320): int qdutils::getHDMINode(): Failed to open fb node 1
01-08 02:28:46.469 E/qdutils (  320): int qdutils::getHDMINode(): Failed to open fb node 2
01-08 02:28:46.469 E/qdutils (  320): int qdutils::getHDMINode(): Failed to open fb node 3
01-08 02:28:46.469 E/qdutils (  320): int qdutils::getHDMINode(): Failed to find HDMI node
01-08 02:28:46.469 E/QC-DS-LIB(  387): qmi_client [387]: unable to connect to server, errno=[2:No such file or directory], attempt=5
01-08 02:28:46.469 E/qdutils (  320): int qdutils::getHDMINode(): Failed to open fb node 1
01-08 02:28:46.469 E/qdutils (  320): int qdutils::getHDMINode(): Failed to open fb node 2
01-08 02:28:46.469 E/qdutils (  320): int qdutils::getHDMINode(): Failed to open fb node 3
01-08 02:28:46.469 E/qdutils (  320): int qdutils::getHDMINode(): Failed to find HDMI node
01-08 02:28:45.1526 I/KERNEL  (  320): [   11.681380] display reset gpio request failed
01-08 02:28:45.1539 I/KERNEL  (  320): [   11.694509] devbw qcom,gpubw.23: Governor already resumed!
01-08 02:28:45.1539 I/KERNEL  (  320): [   11.694550] devbw qcom,gpubw.23: Unable to resume BW HW mon governor (-16)
01-08 02:28:46.499 D/qdhwcomposer(  320): int qhwc::adRead(): /sys/class/graphics/fb-1/ad could not be opened : No such file or directory
01-08 02:28:46.499 D/modemanager(  320): in instantiateTuningMgr get MDSS HW version = 305!
01-08 02:28:46.509 D/modemanager(  320): in instantiateTuningMgr creating mdp3HAL!
01-08 02:28:46.509 I/qdhwcomposer(  320): Initializing Qualcomm Hardware Composer
01-08 02:28:46.509 I/qdhwcomposer(  320): MDP version: 305
01-08 02:28:46.509 D/qdhwcomposer(  320): hwc_getDisplayAttributes disp = 0, width = 240
01-08 02:28:46.509 D/qdhwcomposer(  320): hwc_getDisplayAttributes disp = 0, height = 320
01-08 02:28:46.509 E/qdhwcomposer(  320): Unknown display attribute 0
01-08 02:28:46.509 I/QCOM PowerHAL(  320): QCOM power HAL initing.
01-08 02:28:46.509 D/qdhwcomposer(  320): hwc_setPowerMode: Setting mode 2 on display: 0
01-08 02:28:46.509 E/qdutils (  320): int qdutils::getHDMINode(): Failed to open fb node 1
01-08 02:28:46.509 E/qdutils (  320): int qdutils::getHDMINode(): Failed to open fb node 2
01-08 02:28:46.509 E/qdutils (  320): int qdutils::getHDMINode(): Failed to open fb node 3
01-08 02:28:46.509 E/qdutils (  320): int qdutils::getHDMINode(): Failed to find HDMI node
01-08 02:28:46.509 D/qdhwcomposer(  320): hwc_setPowerMode: Done setting mode 2 on display 0
01-08 02:28:46.509 I/HWComposer(  320): Creating new instance
01-08 02:28:46.509 I/qdhwcomposer(  320): hwc_registerProcs
01-08 02:28:46.509 I/qdhwcomposer(  320): Initializing UEVENT Thread
01-08 02:28:46.509 I/qdhwcomposer(  320): Initializing VSYNC Thread
01-08 02:28:46.519 I/qdhwcomposer(  320): vsync_loop: Reading event 0 for dpy 0 from /sys/class/graphics/fb0/vsync_event
01-08 02:28:46.519 I/qdhwcomposer(  320): vsync_loop: Reading event 1 for dpy 0 from /sys/class/graphics/fb0/show_blank_event
01-08 02:28:46.519 I/qdhwcomposer(  320): vsync_loop: Reading event 2 for dpy 0 from /sys/class/graphics/fb0/msm_fb_thermal_level
01-08 02:28:46.519 I/qdhwcomposer(  320): vsync_loop: Reading event 0 for dpy 1 from /sys/class/graphics/fb-1/vsync_event
01-08 02:28:46.519 I/qdhwcomposer(  320): vsync_loop: Reading event 1 for dpy 1 from /sys/class/graphics/fb-1/show_blank_event
01-08 02:28:46.519 I/qdhwcomposer(  320): vsync_loop: Reading event 2 for dpy 1 from /sys/class/graphics/fb-1/msm_fb_thermal_level
01-08 02:28:46.519 I/qdhwcomposer(  320): vsync_loop: Reading event 0 for dpy 2 from /sys/class/graphics/fb-1/vsync_event
01-08 02:28:46.519 I/qdhwcomposer(  320): vsync_loop: Reading event 1 for dpy 2 from /sys/class/graphics/fb-1/show_blank_event
01-08 02:28:46.519 I/qdhwcomposer(  320): vsync_loop: Reading event 2 for dpy 2 from /sys/class/graphics/fb-1/msm_fb_thermal_level
01-08 02:28:46.709 E/QC-DS-LIB(  334): qmi_client [334]: unable to connect to server, errno=[2:No such file or directory], attempt=6
01-08 02:28:46.729 E/QC-DS-LIB(  483): qmi_client [483]: unable to connect to server, errno=[2:No such file or directory], attempt=4
01-08 02:28:46.739 E/QC-DS-LIB(  315): qmi_client [315]: unable to connect to server, errno=[2:No such file or directory], attempt=6
01-08 02:28:46.889 I/GeckoConsole(  320): Native module at path '/system/b2g/distribution/bundles/embms/embms.so' doesn't export symbol `NSModule`.
01-08 02:28:47.039 I/Gonk    (  320): Decoded bootup/0003.png: 240 x 320 frame with bgcolor? no (0, 0, 0; gray:0)
01-08 02:28:47.049 D/MDP_SCALE(  320): Debug enabled = 0, Max mixer width= 0
01-08 02:28:47.049 D/qdutils (  320): DEBUG_CALC_FPS: 0
01-08 02:28:47.049 D/qdutils (  320): period: 10
01-08 02:28:47.049 D/qdutils (  320): ignorethresh_us: 500000
01-08 02:28:47.069 I/Gonk    (  320): Decoded bootup/0004.png: 240 x 320 frame with bgcolor? no (0, 0, 0; gray:0)
01-08 02:28:47.079 E/QC-DS-LIB(  308): qmi_client [308]: unable to connect to server, errno=[2:No such file or directory], attempt=5
01-08 02:28:47.079 E/QC-DS-LIB(  297): qmi_client [297]: unable to connect to server, errno=[2:No such file or directory], attempt=4
01-08 02:28:47.149 W/Gonk    (  320): Frame delay is 33333 us but decoding took 72613 us
01-08 02:28:47.149 I/Gonk    (  320): Decoded bootup/0005.png: 240 x 320 frame with bgcolor? no (0, 0, 0; gray:0)
01-08 02:28:47.179 E/mm-camera-eztune(  329): vendor/qcom/proprietary/mm-camera/mm-camera2/server-tuning/tuning/eztune_cam_adapter.cpp(667): "mct_stream_t* eztune::get_mct_stream(mct_pipeline_t*, eztune::mct_pipeline_get_stream_info_t*): no children"
01-08 02:28:47.179 W/mm-camera-eztune(  329): vendor/qcom/proprietary/mm-camera/mm-camera2/server-tuning/tuning/eztune_cam_adapter.cpp(719): "Message send ignored as stream or stream state not valid"
01-08 02:28:47.179 E/mm-camera-eztune(  329): vendor/qcom/proprietary/mm-camera/mm-camera2/server-tuning/tuning/eztune_cam_adapter.cpp(667): "mct_stream_t* eztune::get_mct_stream(mct_pipeline_t*, eztune::mct_pipeline_get_stream_info_t*): no children"
01-08 02:28:47.179 W/mm-camera-eztune(  329): vendor/qcom/proprietary/mm-camera/mm-camera2/server-tuning/tuning/eztune_cam_adapter.cpp(719): "Message send ignored as stream or stream state not valid"
01-08 02:28:47.179 E/mm-camera-eztune(  329): vendor/qcom/proprietary/mm-camera/mm-camera2/server-tuning/tuning/eztune_cam_adapter.cpp(667): "mct_stream_t* eztune::get_mct_stream(mct_pipeline_t*, eztune::mct_pipeline_get_stream_info_t*): no children"
01-08 02:28:47.179 W/mm-camera-eztune(  329): vendor/qcom/proprietary/mm-camera/mm-camera2/server-tuning/tuning/eztune_cam_adapter.cpp(719): "Message send ignored as stream or stream state not valid"
01-08 02:28:47.179 E/mm-camera-eztune(  329): vendor/qcom/proprietary/mm-camera/mm-camera2/server-tuning/tuning/eztune_cam_adapter.cpp(667): "mct_stream_t* eztune::get_mct_stream(mct_pipeline_t*, eztune::mct_pipeline_get_stream_info_t*): no children"
01-08 02:28:47.179 W/mm-camera-eztune(  329): vendor/qcom/proprietary/mm-camera/mm-camera2/server-tuning/tuning/eztune_cam_adapter.cpp(719): "Message send ignored as stream or stream state not valid"
01-08 02:28:47.179 E/mm-camera-eztune(  329): vendor/qcom/proprietary/mm-camera/mm-camera2/server-tuning/tuning/eztune_cam_adapter.cpp(667): "mct_stream_t* eztune::get_mct_stream(mct_pipeline_t*, eztune::mct_pipeline_get_stream_info_t*): no children"
01-08 02:28:47.179 W/mm-camera-eztune(  329): vendor/qcom/proprietary/mm-camera/mm-camera2/server-tuning/tuning/eztune_cam_adapter.cpp(719): "Message send ignored as stream or stream state not valid"
01-08 02:28:47.179 I/mm-camera-eztune(  329): vendor/qcom/proprietary/mm-camera/mm-camera2/server-tuning/tuning/eztune_process.cpp(405): "bool eztune::ProcessLayer::Init(eztune_server_t, int):Control Mode Init"
01-08 02:28:47.179 I/mm-camera-eztune(  329): vendor/qcom/proprietary/mm-camera/mm-camera2/server-tuning/tuning/eztune_interface.cpp(62): "Server: Waiting on new connection...\n"
01-08 02:28:47.199 W/Gonk    (  320): Frame delay is 33333 us but decoding took 54617 us
01-08 02:28:47.199 I/Gonk    (  320): Decoded bootup/0006.png: 240 x 320 frame with bgcolor? no (0, 0, 0; gray:0)
01-08 02:28:47.219 I/ServiceManager(  298): Waiting for service SurfaceFlinger...
01-08 02:28:47.249 W/Gonk    (  320): Frame delay is 33333 us but decoding took 47914 us
01-08 02:28:47.249 I/Gonk    (  320): Decoded bootup/0007.png: 240 x 320 frame with bgcolor? no (0, 0, 0; gray:0)
01-08 02:28:47.259 I/libmdmdetect(  320): ESOC framework not supported
01-08 02:28:47.259 I/libmdmdetect(  320): Found internal modem: modem
01-08 02:28:47.299 W/Gonk    (  320): Frame delay is 33333 us but decoding took 50098 us
01-08 02:28:47.299 I/Gonk    (  320): Decoded bootup/0008.png: 240 x 320 frame with bgcolor? no (0, 0, 0; gray:0)
01-08 02:28:47.339 W/Gonk    (  320): Frame delay is 33333 us but decoding took 36969 us
01-08 02:28:47.339 I/Gonk    (  320): Decoded bootup/0009.png: 240 x 320 frame with bgcolor? no (0, 0, 0; gray:0)
01-08 02:28:47.379 W/Gonk    (  320): Frame delay is 33333 us but decoding took 46078 us
01-08 02:28:47.379 I/Gonk    (  320): Decoded bootup/0010.png: 240 x 320 frame with bgcolor? no (0, 0, 0; gray:0)
01-08 02:28:47.389 I/libmdmdetect(  412): ESOC framework not supported
01-08 02:28:47.389 I/libmdmdetect(  412): Found internal modem: modem
01-08 02:28:47.429 W/Gonk    (  320): Frame delay is 33333 us but decoding took 50157 us
01-08 02:28:47.429 I/Gonk    (  320): Decoded bootup/0011.png: 240 x 320 frame with bgcolor? no (0, 0, 0; gray:0)
01-08 02:28:47.479 E/QC-DS-LIB(  387): qmi_client [387]: unable to connect to server, errno=[2:No such file or directory], attempt=6
01-08 02:28:47.479 W/Gonk    (  320): Frame delay is 33333 us but decoding took 49886 us
01-08 02:28:47.479 I/Gonk    (  320): Decoded bootup/0012.png: 240 x 320 frame with bgcolor? no (0, 0, 0; gray:0)
01-08 02:28:47.529 W/Gonk    (  320): Frame delay is 33333 us but decoding took 43456 us
01-08 02:28:47.529 I/Gonk    (  320): Decoded bootup/0013.png: 240 x 320 frame with bgcolor? no (0, 0, 0; gray:0)
01-08 02:28:46.1594 I/KERNEL  (   28): 
01-08 02:28:46.1594 I/KERNEL  (   28): [   12.749579] sps:BAM 0x04044000 is registered.
01-08 02:28:46.1595 I/KERNEL  (   28): [   12.749798] sps:BAM 0x04044000 (va:0xe27e0000) enabled: ver:0x25, number of pipes:6
01-08 02:28:47.549 E/QC-QMI  (  379): linux_qmi_qmux_io_stop_watchdog_timer(): invalid timer_id for conn_id=0
01-08 02:28:47.549 E/QC-QMI  (  379): qmi_ctl_rx_msg.c Can't find txn info for txn_id = 1
01-08 02:28:47.579 W/Gonk    (  320): Frame delay is 33333 us but decoding took 49995 us
01-08 02:28:47.579 I/Gonk    (  320): Decoded bootup/0014.png: 240 x 320 frame with bgcolor? no (0, 0, 0; gray:0)
01-08 02:28:47.589 E/QC-QMI  (  379): qmi_qmux_open_connection: connection is disabled for conn_id=1
01-08 02:28:47.589 E/QC-DS-LIB(  379): qmuxd: opening connection for conn_id=1 [DATA6_CNTL] failed
01-08 02:28:47.589 E/QC-QMI  (  379): qmi_qmux_open_connection: connection is disabled for conn_id=2
01-08 02:28:47.589 E/QC-DS-LIB(  379): qmuxd: opening connection for conn_id=2 [DATA7_CNTL] failed
01-08 02:28:47.589 E/QC-QMI  (  379): qmi_qmux_open_connection: connection is disabled for conn_id=3
01-08 02:28:47.589 E/QC-DS-LIB(  379): qmuxd: opening connection for conn_id=3 [DATA8_CNTL] failed
01-08 02:28:47.589 E/QC-QMI  (  379): qmi_qmux_open_connection: connection is disabled for conn_id=4
01-08 02:28:47.589 E/QC-DS-LIB(  379): qmuxd: opening connection for conn_id=4 [DATA9_CNTL] failed
01-08 02:28:47.589 E/QC-QMI  (  379): qmi_qmux_open_connection: connection is disabled for conn_id=5
01-08 02:28:47.589 E/QC-DS-LIB(  379): qmuxd: opening connection for conn_id=5 [DATA12_CNTL] failed
01-08 02:28:47.589 E/QC-QMI  (  379): qmi_qmux_open_connection: connection is disabled for conn_id=6
01-08 02:28:47.589 E/QC-DS-LIB(  379): qmuxd: opening connection for conn_id=6 [DATA13_CNTL] failed
01-08 02:28:47.589 E/QC-QMI  (  379): qmi_qmux_open_connection: connection is disabled for conn_id=7
01-08 02:28:47.589 E/QC-DS-LIB(  379): qmuxd: opening connection for conn_id=7 [DATA14_CNTL] failed
01-08 02:28:47.589 E/QC-QMI  (  379): qmi_qmux_open_connection: connection is disabled for conn_id=9
01-08 02:28:47.589 E/QC-DS-LIB(  379): qmuxd: opening connection for conn_id=9 [DATA15_CNTL] failed
01-08 02:28:47.589 E/QC-QMI  (  379): qmi_qmux_open_connection: connection is disabled for conn_id=10
01-08 02:28:47.589 E/QC-DS-LIB(  379): qmuxd: opening connection for conn_id=10 [DATA16_CNTL] failed
01-08 02:28:47.589 E/QC-QMI  (  379): qmi_qmux_open_connection: connection is disabled for conn_id=11
01-08 02:28:47.589 E/QC-DS-LIB(  379): qmuxd: opening connection for conn_id=11 [DATA17_CNTL] failed
01-08 02:28:47.589 E/QC-QMI  (  379): qmi_qmux_open_connection: connection is disabled for conn_id=21
01-08 02:28:47.589 E/QC-DS-LIB(  379): qmuxd: opening connection for conn_id=21 [SDIO_DATA1_CNTL] failed
01-08 02:28:47.589 E/QC-QMI  (  379): qmi_qmux_open_connection: connection is disabled for conn_id=22
01-08 02:28:47.589 E/QC-DS-LIB(  379): qmuxd: opening connection for conn_id=22 [SDIO_DATA2_CNTL] failed
01-08 02:28:47.589 E/QC-QMI  (  379): qmi_qmux_open_connection: connection is disabled for conn_id=23
01-08 02:28:47.589 E/QC-DS-LIB(  379): qmuxd: opening connection for conn_id=23 [SDIO_DATA3_CNTL] failed
01-08 02:28:47.589 E/QC-QMI  (  379): qmi_qmux_open_connection: connection is disabled for conn_id=24
01-08 02:28:47.589 E/QC-DS-LIB(  379): qmuxd: opening connection for conn_id=24 [SDIO_DATA4_CNTL] failed
01-08 02:28:47.589 E/QC-QMI  (  379): qmi_qmux_open_connection: connection is disabled for conn_id=25
01-08 02:28:47.589 E/QC-DS-LIB(  379): qmuxd: opening connection for conn_id=25 [SDIO_DATA5_CNTL] failed
01-08 02:28:47.589 E/QC-QMI  (  379): qmi_qmux_open_connection: connection is disabled for conn_id=26
01-08 02:28:47.589 E/QC-DS-LIB(  379): qmuxd: opening connection for conn_id=26 [SDIO_DATA6_CNTL] failed
01-08 02:28:47.589 E/QC-QMI  (  379): qmi_qmux_open_connection: connection is disabled for conn_id=27
01-08 02:28:47.589 E/QC-DS-LIB(  379): qmuxd: opening connection for conn_id=27 [SDIO_DATA7_CNTL] failed
01-08 02:28:47.589 E/QC-QMI  (  379): qmi_qmux_open_connection: connection is disabled for conn_id=28
01-08 02:28:47.589 E/QC-DS-LIB(  379): qmuxd: opening connection for conn_id=28 [SDIO_DATA8_CNTL] failed
01-08 02:28:47.589 E/QC-QMI  (  379): qmi_qmux_open_connection: connection is disabled for conn_id=29
01-08 02:28:47.589 E/QC-DS-LIB(  379): qmuxd: opening connection for conn_id=29 [MDM_DATA1_CNTL] failed
01-08 02:28:47.589 E/QC-QMI  (  379): qmi_qmux_open_connection: connection is disabled for conn_id=30
01-08 02:28:47.589 E/QC-DS-LIB(  379): qmuxd: opening connection for conn_id=30 [MDM_DATA2_CNTL] failed
01-08 02:28:47.589 E/QC-QMI  (  379): qmi_qmux_open_connection: connection is disabled for conn_id=31
01-08 02:28:47.589 E/QC-DS-LIB(  379): qmuxd: opening connection for conn_id=31 [MDM_DATA3_CNTL] failed
01-08 02:28:47.589 E/QC-QMI  (  379): qmi_qmux_open_connection: connection is disabled for conn_id=32
01-08 02:28:47.589 E/QC-DS-LIB(  379): qmuxd: opening connection for conn_id=32 [MDM_DATA4_CNTL] failed
01-08 02:28:47.589 E/QC-QMI  (  379): qmi_qmux_open_connection: connection is disabled for conn_id=33
01-08 02:28:47.589 E/QC-DS-LIB(  379): qmuxd: opening connection for conn_id=33 [MDM_DATA5_CNTL] failed
01-08 02:28:47.589 E/QC-QMI  (  379): qmi_qmux_open_connection: connection is disabled for conn_id=34
01-08 02:28:47.589 E/QC-DS-LIB(  379): qmuxd: opening connection for conn_id=34 [MDM_DATA6_CNTL] failed
01-08 02:28:47.589 E/QC-QMI  (  379): qmi_qmux_open_connection: connection is disabled for conn_id=35
01-08 02:28:47.589 E/QC-DS-LIB(  379): qmuxd: opening connection for conn_id=35 [MDM_DATA7_CNTL] failed
01-08 02:28:47.589 E/QC-QMI  (  379): qmi_qmux_open_connection: connection is disabled for conn_id=36
01-08 02:28:47.589 E/QC-DS-LIB(  379): qmuxd: opening connection for conn_id=36 [MDM_DATA8_CNTL] failed
01-08 02:28:47.589 E/QC-QMI  (  379): qmi_qmux_open_connection: connection is disabled for conn_id=48
01-08 02:28:47.589 E/QC-DS-LIB(  379): qmuxd: opening connection for conn_id=48 [SMUX0] failed
01-08 02:28:47.589 E/QC-QMI  (  379): qmi_qmux_open_connection: connection is disabled for conn_id=49
01-08 02:28:47.589 E/QC-DS-LIB(  379): qmuxd: opening connection for conn_id=49 [MDM2_DATA1_CNTL] failed
01-08 02:28:47.589 E/QC-QMI  (  379): qmi_qmux_open_connection: connection is disabled for conn_id=50
01-08 02:28:47.589 E/QC-DS-LIB(  379): qmuxd: opening connection for conn_id=50 [MDM2_DATA2_CNTL] failed
01-08 02:28:47.589 E/QC-QMI  (  379): qmi_qmux_open_connection: connection is disabled for conn_id=51
01-08 02:28:47.589 E/QC-DS-LIB(  379): qmuxd: opening connection for conn_id=51 [MDM2_DATA3_CNTL] failed
01-08 02:28:47.589 E/QC-QMI  (  379): qmi_qmux_open_connection: connection is disabled for conn_id=52
01-08 02:28:47.589 E/QC-DS-LIB(  379): qmuxd: opening connection for conn_id=52 [MDM2_DATA4_CNTL] failed
01-08 02:28:47.589 E/QC-QMI  (  379): qmi_qmux_open_connection: connection is disabled for conn_id=53
01-08 02:28:47.589 E/QC-DS-LIB(  379): qmuxd: opening connection for conn_id=53 [MDM2_DATA5_CNTL] failed
01-08 02:28:47.589 E/QC-QMI  (  379): qmi_qmux_open_connection: connection is disabled for conn_id=54
01-08 02:28:47.589 E/QC-DS-LIB(  379): qmuxd: opening connection for conn_id=54 [MDM2_DATA6_CNTL] failed
01-08 02:28:47.589 E/QC-QMI  (  379): qmi_qmux_open_connection: connection is disabled for conn_id=55
01-08 02:28:47.589 E/QC-DS-LIB(  379): qmuxd: opening connection for conn_id=55 [MDM2_DATA7_CNTL] failed
01-08 02:28:47.589 E/QC-QMI  (  379): qmi_qmux_open_connection: connection is disabled for conn_id=56
01-08 02:28:47.589 E/QC-DS-LIB(  379): qmuxd: opening connection for conn_id=56 [MDM2_DATA8_CNTL] failed
01-08 02:28:47.599 E/QC-DS-LIB(  379): qmuxd: unable to bind to listener socket, rc=-1, errno=[2:No such file or directory]
01-08 02:28:47.599 E/QC-DS-LIB(  379): qmuxd: invalid listener_fd recvd for sock_path=/dev/socket/qmux_nfc/qmux_connect_socket
01-08 02:28:47.599 E/QC-QMI  (  379): linux_qmi_qmux_io_stop_watchdog_timer(): invalid timer_id for conn_id=60
01-08 02:28:47.619 W/Gonk    (  320): Frame delay is 33333 us but decoding took 39570 us
01-08 02:28:47.619 I/Gonk    (  320): Decoded bootup/0015.png: 240 x 320 frame with bgcolor? no (0, 0, 0; gray:0)
01-08 02:28:47.669 W/Gonk    (  320): Frame delay is 33333 us but decoding took 49961 us
01-08 02:28:47.669 I/Gonk    (  320): Decoded bootup/0016.png: 240 x 320 frame with bgcolor? no (0, 0, 0; gray:0)
01-08 02:28:47.719 W/Gonk    (  320): Frame delay is 33333 us but decoding took 50141 us
01-08 02:28:47.719 I/Gonk    (  320): Decoded bootup/0017.png: 240 x 320 frame with bgcolor? no (0, 0, 0; gray:0)
01-08 02:28:47.729 E/wcnss_qmi(  334): dms_find_modem_port: Baseband property value read: msm
01-08 02:28:47.729 E/wcnss_qmi(  334): dms_find_modem_port: QMI port found for modem: rmnet0
01-08 02:28:47.729 E/wcnss_qmi(  334): wcnss_qmi_get_wlan_address: Mac Address_valid: 1 Mac Address Len: 6
01-08 02:28:47.729 E/wcnss_qmi(  334): wcnss_qmi_get_wlan_address: Succesfully Read WLAN MAC Address
01-08 02:28:47.729 E/wcnss_service(  334): WLAN MAC Addr:44:cd:0e:55:76:66
01-08 02:28:47.729 E/wcnss_qmi(  334): wcnss_qmi_deinit: Deinitialize wcnss QMI Interface
01-08 02:28:47.729 E/QC-QMI  (  334): qmi_service_wait_for_sync_txn_completion : completing txn conn_id=0, service=2, client=1, txn=0x1
01-08 02:28:47.739 E/QC-DS-LIB(  483): qmi_client [483] 2: failed to locate client data
01-08 02:28:47.739 E/LocSvc_api_v02(  483): I/---> locClientSendReq line 2035 QMI_LOC_REG_EVENTS_REQ_V02
01-08 02:28:47.739 E/QC-DS-LIB(  379): qmuxd: RX on fd=19 returned error=0 errno[2:No such file or directory]
01-08 02:28:47.739 E/QC-QMI  (  379): QMUX qmux_client_id=2 not found in qmux client list, unable to remove
01-08 02:28:47.749 E/QC-DS-LIB(  334): qmi_client [334] 1: failed to locate client data
01-08 02:28:47.749 E/QC-DS-LIB(  379): qmuxd: RX on fd=18 returned error=0 errno[2:No such file or directory]
01-08 02:28:47.749 E/QC-QMI  (  379): QMUX qmux_client_id=1 not found in qmux client list, unable to remove
01-08 02:28:47.749 I/ThermalEngine(  315): qmi: Instance id 157 for fusion TS
01-08 02:28:47.749 E/wcnss_service(  334): Serial Number is  cf159559
01-08 02:28:47.749 I/wcnss_service(  334): WLAN MAC Addr:44:cd:0e:55:76:66
01-08 02:28:47.749 E/wcnss_service(  334): CAL file not found
01-08 02:28:46.1804 I/KERNEL  (  334): [   12.959360] wcnss_wlan triggered by userspace
01-08 02:28:47.749 I/ThermalEngine(  315): MODEM thermal mitigation available.
01-08 02:28:47.749 I/ThermalEngine(  315): ACTION: MODEM - Pending request: pa mitigation succeeded for level 0.
01-08 02:28:47.749 I/ThermalEngine(  315): Mitigation:Modem:0
01-08 02:28:47.749 I/ThermalEngine(  315): ACTION: MODEM - Pending request: cpuv_restriction_cold mitigation succeeded for level 0.
01-08 02:28:47.749 I/ThermalEngine(  315): Mitigation:VDD[MODEM-cpuv_restriction_cold]:0
