01-08 02:28:53.919 E/QC-QMI  (  379): QMUX qmux_client_id=cb not found in qmux client list, unable to remove
01-08 02:28:53.919 E/QC-DS-LIB(  379): qmuxd: RX on fd=21 returned error=0 errno[2:No such file or directory]
01-08 02:28:53.919 E/QC-QMI  (  379): QMUX qmux_client_id=c9 not found in qmux client list, unable to remove
01-08 02:28:53.929 W/Gonk    (  320): Frame delay is 33333 us but decoding took 49559 us
01-08 02:28:53.929 I/Gonk    (  320): Decoded bootup/0162.png: 240 x 320 frame with bgcolor? no (0, 0, 0; gray:0)
01-08 02:28:53.959 E/QC-DS-LIB(  412): qmi_client [412] cc: failed to locate client data
01-08 02:28:53.969 E/QC-DS-LIB(  412): qmi_client [412] cd: failed to locate client data
01-08 02:28:53.969 E/QC-DS-LIB(  379): qmuxd: RX on fd=22 returned error=0 errno[2:No such file or directory]
01-08 02:28:53.969 E/QC-QMI  (  379): QMUX qmux_client_id=cd not found in qmux client list, unable to remove
01-08 02:28:53.979 E/QC-DS-LIB(  379): qmuxd: RX on fd=21 returned error=0 errno[2:No such file or directory]
01-08 02:28:53.979 E/QC-QMI  (  379): QMUX qmux_client_id=cc not found in qmux client list, unable to remove
01-08 02:28:53.979 W/Gonk    (  320): Frame delay is 33333 us but decoding took 50170 us
01-08 02:28:53.979 I/Gonk    (  320): Decoded bootup/0163.png: 240 x 320 frame with bgcolor? no (0, 0, 0; gray:0)
01-08 02:28:53.989 E/QC-DS-LIB(  412): qmi_client [412] ce: failed to locate client data
01-08 02:28:53.999 E/QC-DS-LIB(  412): qmi_client [412] cf: failed to locate client data
01-08 02:28:53.999 E/QC-DS-LIB(  379): qmuxd: RX on fd=21 returned error=0 errno[2:No such file or directory]
01-08 02:28:53.999 E/QC-QMI  (  379): QMUX qmux_client_id=cf not found in qmux client list, unable to remove
01-08 02:28:54.009 E/QC-DS-LIB(  379): qmuxd: RX on fd=22 returned error=0 errno[2:No such file or directory]
01-08 02:28:54.009 E/QC-QMI  (  379): QMUX qmux_client_id=ce not found in qmux client list, unable to remove
01-08 02:28:54.009 E/QC-DS-LIB(  412): qmi_client [412] d0: failed to locate client data
01-08 02:28:54.009 W/Gonk    (  320): Frame delay is 33333 us but decoding took 34680 us
01-08 02:28:54.009 I/Gonk    (  320): Decoded bootup/0164.png: 240 x 320 frame with bgcolor? no (0, 0, 0; gray:0)
01-08 02:28:54.019 E/QC-DS-LIB(  412): qmi_client [412] d1: failed to locate client data
01-08 02:28:54.029 E/QC-DS-LIB(  379): qmuxd: RX on fd=22 returned error=0 errno[2:No such file or directory]
01-08 02:28:54.029 E/QC-QMI  (  379): QMUX qmux_client_id=d1 not found in qmux client list, unable to remove
01-08 02:28:54.029 E/QC-DS-LIB(  379): qmuxd: RX on fd=21 returned error=0 errno[2:No such file or directory]
01-08 02:28:54.029 E/QC-QMI  (  379): QMUX qmux_client_id=d0 not found in qmux client list, unable to remove
01-08 02:28:54.039 E/QC-DS-LIB(  412): qmi_client [412] d2: failed to locate client data
01-08 02:28:54.039 E/QC-DS-LIB(  379): qmuxd: RX on fd=21 returned error=0 errno[2:No such file or directory]
01-08 02:28:54.039 E/QC-QMI  (  379): QMUX qmux_client_id=d2 not found in qmux client list, unable to remove
01-08 02:28:54.039 E/QC-DS-LIB(  412): qmi_client [412] d3: failed to locate client data
01-08 02:28:54.049 E/QC-DS-LIB(  379): qmuxd: RX on fd=21 returned error=0 errno[2:No such file or directory]
01-08 02:28:54.049 E/QC-QMI  (  379): QMUX qmux_client_id=d3 not found in qmux client list, unable to remove
01-08 02:28:54.049 E/QC-DS-LIB(  412): qmi_client [412] d4: failed to locate client data
01-08 02:28:54.049 E/QC-DS-LIB(  379): qmuxd: RX on fd=21 returned error=0 errno[2:No such file or directory]
01-08 02:28:54.049 E/QC-QMI  (  379): QMUX qmux_client_id=d4 not found in qmux client list, unable to remove
01-08 02:28:54.059 E/QC-DS-LIB(  412): qmi_client [412] d5: failed to locate client data
01-08 02:28:54.059 E/QC-DS-LIB(  379): qmuxd: RX on fd=21 returned error=0 errno[2:No such file or directory]
01-08 02:28:54.059 E/QC-QMI  (  379): QMUX qmux_client_id=d5 not found in qmux client list, unable to remove
01-08 02:28:54.059 W/Gonk    (  320): Frame delay is 33333 us but decoding took 48301 us
01-08 02:28:54.059 I/Gonk    (  320): Decoded bootup/0165.png: 240 x 320 frame with bgcolor? no (0, 0, 0; gray:0)
01-08 02:28:54.069 E/QC-DS-LIB(  412): qmi_client [412] d6: failed to locate client data
01-08 02:28:54.069 E/QC-DS-LIB(  379): qmuxd: RX on fd=21 returned error=0 errno[2:No such file or directory]
01-08 02:28:54.069 E/QC-QMI  (  379): QMUX qmux_client_id=d6 not found in qmux client list, unable to remove
01-08 02:28:54.079 E/QC-DS-LIB(  412): qmi_client [412] d7: failed to locate client data
01-08 02:28:54.079 E/QC-DS-LIB(  379): qmuxd: RX on fd=21 returned error=0 errno[2:No such file or directory]
01-08 02:28:54.079 E/QC-QMI  (  379): QMUX qmux_client_id=d7 not found in qmux client list, unable to remove
01-08 02:28:54.099 I/Gonk    (  320): Decoded bootup/0166.png: 240 x 320 frame with bgcolor? no (0, 0, 0; gray:0)
01-08 02:28:54.109 E/QC-DS-LIB(  412): qmi_client [412] d8: failed to locate client data
01-08 02:28:54.109 E/QC-DS-LIB(  379): qmuxd: RX on fd=21 returned error=0 errno[2:No such file or directory]
01-08 02:28:54.109 E/QC-QMI  (  379): QMUX qmux_client_id=d8 not found in qmux client list, unable to remove
01-08 02:28:54.119 E/QC-DS-LIB(  412): qmi_client [412] d9: failed to locate client data
01-08 02:28:54.119 E/QC-DS-LIB(  379): qmuxd: RX on fd=21 returned error=0 errno[2:No such file or directory]
01-08 02:28:54.119 E/QC-QMI  (  379): QMUX qmux_client_id=d9 not found in qmux client list, unable to remove
01-08 02:28:54.119 E/QC-DS-LIB(  412): qmi_client [412] da: failed to locate client data
01-08 02:28:54.119 E/QC-DS-LIB(  379): qmuxd: RX on fd=21 returned error=0 errno[2:No such file or directory]
01-08 02:28:54.119 E/QC-QMI  (  379): QMUX qmux_client_id=da not found in qmux client list, unable to remove
01-08 02:28:54.129 E/QC-DS-LIB(  412): qmi_client [412] db: failed to locate client data
01-08 02:28:54.129 E/QC-DS-LIB(  379): qmuxd: RX on fd=21 returned error=0 errno[2:No such file or directory]
01-08 02:28:54.129 E/QC-QMI  (  379): QMUX qmux_client_id=db not found in qmux client list, unable to remove
01-08 02:28:54.139 E/QC-DS-LIB(  412): qmi_client [412] dc: failed to locate client data
01-08 02:28:54.139 E/QC-DS-LIB(  379): qmuxd: RX on fd=21 returned error=0 errno[2:No such file or directory]
01-08 02:28:54.139 E/QC-QMI  (  379): QMUX qmux_client_id=dc not found in qmux client list, unable to remove
01-08 02:28:54.149 E/QC-DS-LIB(  412): qmi_client [412] dd: failed to locate client data
01-08 02:28:54.149 E/QC-DS-LIB(  379): qmuxd: RX on fd=21 returned error=0 errno[2:No such file or directory]
01-08 02:28:54.149 E/QC-QMI  (  379): QMUX qmux_client_id=dd not found in qmux client list, unable to remove
01-08 02:28:54.149 W/Gonk    (  320): Frame delay is 33333 us but decoding took 49802 us
01-08 02:28:54.149 I/Gonk    (  320): Decoded bootup/0167.png: 240 x 320 frame with bgcolor? no (0, 0, 0; gray:0)
01-08 02:28:54.159 E/QC-DS-LIB(  412): qmi_client [412] de: failed to locate client data
01-08 02:28:54.159 E/QC-DS-LIB(  379): qmuxd: RX on fd=21 returned error=0 errno[2:No such file or directory]
01-08 02:28:54.159 E/QC-QMI  (  379): QMUX qmux_client_id=de not found in qmux client list, unable to remove
01-08 02:28:54.159 E/QC-DS-LIB(  412): qmi_client [412] df: failed to locate client data
01-08 02:28:54.159 E/QC-DS-LIB(  379): qmuxd: RX on fd=21 returned error=0 errno[2:No such file or directory]
01-08 02:28:54.159 E/QC-QMI  (  379): QMUX qmux_client_id=df not found in qmux client list, unable to remove
01-08 02:28:54.169 E/QC-DS-LIB(  412): qmi_client [412] e0: failed to locate client data
01-08 02:28:54.169 E/QC-DS-LIB(  379): qmuxd: RX on fd=21 returned error=0 errno[2:No such file or directory]
01-08 02:28:54.169 E/QC-QMI  (  379): QMUX qmux_client_id=e0 not found in qmux client list, unable to remove
01-08 02:28:54.179 E/QC-DS-LIB(  412): qmi_client [412] e1: failed to locate client data
01-08 02:28:54.179 E/QC-DS-LIB(  379): qmuxd: RX on fd=21 returned error=0 errno[2:No such file or directory]
01-08 02:28:54.179 E/QC-QMI  (  379): QMUX qmux_client_id=e1 not found in qmux client list, unable to remove
01-08 02:28:54.189 E/QC-DS-LIB(  412): qmi_client [412] e2: failed to locate client data
01-08 02:28:54.189 E/QC-DS-LIB(  379): qmuxd: RX on fd=21 returned error=0 errno[2:No such file or directory]
01-08 02:28:54.189 E/QC-QMI  (  379): QMUX qmux_client_id=e2 not found in qmux client list, unable to remove
01-08 02:28:54.189 E/QC-DS-LIB(  412): qmi_client [412] e3: failed to locate client data
01-08 02:28:54.189 E/QC-DS-LIB(  379): qmuxd: RX on fd=21 returned error=0 errno[2:No such file or directory]
01-08 02:28:54.189 E/QC-QMI  (  379): QMUX qmux_client_id=e3 not found in qmux client list, unable to remove
01-08 02:28:54.199 W/Gonk    (  320): Frame delay is 33333 us but decoding took 49872 us
01-08 02:28:54.199 I/Gonk    (  320): Decoded bootup/0168.png: 240 x 320 frame with bgcolor? no (0, 0, 0; gray:0)
01-08 02:28:54.229 E/QC-DS-LIB(  412): qmi_client [412] e4: failed to locate client data
01-08 02:28:54.229 E/QC-DS-LIB(  379): qmuxd: RX on fd=21 returned error=0 errno[2:No such file or directory]
01-08 02:28:54.229 E/QC-QMI  (  379): QMUX qmux_client_id=e4 not found in qmux client list, unable to remove
01-08 02:28:54.229 E/QC-DS-LIB(  412): qmi_client [412] e5: failed to locate client data
01-08 02:28:54.229 E/QC-DS-LIB(  379): qmuxd: RX on fd=21 returned error=0 errno[2:No such file or directory]
01-08 02:28:54.229 E/QC-QMI  (  379): QMUX qmux_client_id=e5 not found in qmux client list, unable to remove
01-08 02:28:54.239 E/QC-DS-LIB(  412): qmi_client [412] e6: failed to locate client data
01-08 02:28:54.239 E/QC-DS-LIB(  379): qmuxd: RX on fd=21 returned error=0 errno[2:No such file or directory]
01-08 02:28:54.239 E/QC-QMI  (  379): QMUX qmux_client_id=e6 not found in qmux client list, unable to remove
01-08 02:28:54.249 W/Gonk    (  320): Frame delay is 33333 us but decoding took 49937 us
01-08 02:28:54.249 I/Gonk    (  320): Decoded bootup/0169.png: 240 x 320 frame with bgcolor? no (0, 0, 0; gray:0)
01-08 02:28:54.259 D/WIRED_HEADSET_MANAGER(  320): Headset state: unplugged
01-08 02:28:54.259 E/QC-DS-LIB(  412): qmi_client [412] e7: failed to locate client data
01-08 02:28:54.259 E/QC-DS-LIB(  379): qmuxd: RX on fd=21 returned error=0 errno[2:No such file or directory]
01-08 02:28:54.259 E/QC-QMI  (  379): QMUX qmux_client_id=e7 not found in qmux client list, unable to remove
01-08 02:28:54.269 E/QC-DS-LIB(  412): qmi_client [412] e8: failed to locate client data
01-08 02:28:54.269 E/QC-DS-LIB(  379): qmuxd: RX on fd=21 returned error=0 errno[2:No such file or directory]
01-08 02:28:54.269 E/QC-QMI  (  379): QMUX qmux_client_id=e8 not found in qmux client list, unable to remove
01-08 02:28:54.279 E/QC-DS-LIB(  412): qmi_client [412] e9: failed to locate client data
01-08 02:28:54.279 E/QC-DS-LIB(  379): qmuxd: RX on fd=21 returned error=0 errno[2:No such file or directory]
01-08 02:28:54.279 E/QC-QMI  (  379): QMUX qmux_client_id=e9 not found in qmux client list, unable to remove
01-08 02:28:54.279 W/Gonk    (  320): Frame delay is 33333 us but decoding took 33869 us
01-08 02:28:54.279 I/Gonk    (  320): Decoded bootup/0170.png: 240 x 320 frame with bgcolor? no (0, 0, 0; gray:0)
01-08 02:28:54.299 E/QC-DS-LIB(  412): qmi_client [412] ea: failed to locate client data
01-08 02:28:54.299 E/QC-DS-LIB(  379): qmuxd: RX on fd=21 returned error=0 errno[2:No such file or directory]
01-08 02:28:54.299 E/QC-QMI  (  379): QMUX qmux_client_id=ea not found in qmux client list, unable to remove
01-08 02:28:54.309 E/QC-DS-LIB(  412): qmi_client [412] eb: failed to locate client data
01-08 02:28:54.309 E/QC-DS-LIB(  379): qmuxd: RX on fd=21 returned error=0 errno[2:No such file or directory]
01-08 02:28:54.309 E/QC-QMI  (  379): QMUX qmux_client_id=eb not found in qmux client list, unable to remove
01-08 02:28:54.319 D/RIL     (  320): [SUB0] [0000]> RIL_REQUEST_IMS_REGISTRATION_STATE
01-08 02:28:54.319 E/RIL     (  320): RilSocket to <unknown> (0) is closed; ignoring request
01-08 02:28:54.319 E/QC-DS-LIB(  412): qmi_client [412] ec: failed to locate client data
01-08 02:28:54.319 E/QC-DS-LIB(  379): qmuxd: RX on fd=21 returned error=0 errno[2:No such file or directory]
01-08 02:28:54.319 E/QC-QMI  (  379): QMUX qmux_client_id=ec not found in qmux client list, unable to remove
01-08 02:28:54.329 W/Gonk    (  320): Frame delay is 33333 us but decoding took 50247 us
01-08 02:28:54.329 I/Gonk    (  320): Decoded bootup/0171.png: 240 x 320 frame with bgcolor? no (0, 0, 0; gray:0)
01-08 02:28:54.329 E/QC-DS-LIB(  412): qmi_client [412] ed: failed to locate client data
01-08 02:28:54.329 E/QC-DS-LIB(  379): qmuxd: RX on fd=21 returned error=0 errno[2:No such file or directory]
01-08 02:28:54.329 E/QC-QMI  (  379): QMUX qmux_client_id=ed not found in qmux client list, unable to remove
01-08 02:28:54.339 E/QC-DS-LIB(  412): qmi_client [412] ee: failed to locate client data
01-08 02:28:54.339 E/QC-DS-LIB(  379): qmuxd: RX on fd=21 returned error=0 errno[2:No such file or directory]
01-08 02:28:54.339 E/QC-QMI  (  379): QMUX qmux_client_id=ee not found in qmux client list, unable to remove
01-08 02:28:54.349 D/DATA_CALL_MANAGER(  320): Value of ro.ril.data_auto_attach is 0
01-08 02:28:53.1405 I/KERNEL  (    1): [   19.559678] init: Service 'netd' is being killed...
01-08 02:28:54.349 E/QC-DS-LIB(  412): qmi_client [412] ef: failed to locate client data
01-08 02:28:54.349 E/QC-DS-LIB(  379): qmuxd: RX on fd=21 returned error=0 errno[2:No such file or directory]
01-08 02:28:54.349 E/QC-QMI  (  379): QMUX qmux_client_id=ef not found in qmux client list, unable to remove
01-08 02:28:53.1407 I/KERNEL  (    1): [   19.562292] init: Service 'netd' (pid 295) killed by signal 9
01-08 02:28:53.1407 I/KERNEL  (    1): [   19.562347] init: Service 'netd' (pid 295) killing any children in process group
01-08 02:28:54.379 I/Gecko   (  320): QTIME_SERVICE Starting QTime Service
01-08 02:28:54.379 W/Gonk    (  320): Frame delay is 33333 us but decoding took 48966 us
01-08 02:28:54.379 I/Gonk    (  320): Decoded bootup/0172.png: 240 x 320 frame with bgcolor? no (0, 0, 0; gray:0)
01-08 02:28:54.399 I/CONFIG_READER(  320): XmlParser parser construction success
01-08 02:28:54.399 W/XML_PARSER(  320): Warning - characters outside element node
01-08 02:28:54.399 W/XML_PARSER(  320): Warning - characters outside element node
01-08 02:28:54.399 W/XML_PARSER(  320): Warning - characters outside element node
01-08 02:28:54.399 W/XML_PARSER(  320): Warning - characters outside element node
01-08 02:28:54.399 W/XML_PARSER(  320): Warning - characters outside element node
01-08 02:28:54.399 W/XML_PARSER(  320): Warning - characters outside element node
01-08 02:28:54.409 D/RIL     (  320): [SUB0] [0001]> IMS REQUEST_IMS_REGISTRATION_STATE
01-08 02:28:54.409 E/RIL     (  320): RilSocket to <unknown> (2) is closed; ignoring request
01-08 02:28:54.429 W/Gonk    (  320): Frame delay is 33333 us but decoding took 50469 us
01-08 02:28:54.429 I/Gonk    (  320): Decoded bootup/0173.png: 240 x 320 frame with bgcolor? no (0, 0, 0; gray:0)
01-08 02:28:54.449 I/Gecko   (  320): QCONTENT_HELPER Starting Telephony Content Helper Interface
01-08 02:28:54.449 I/Gonk    (  320): Netd daemon state <stopped>
01-08 02:28:53.1508 I/KERNEL  (    1): [   19.662839] init: Starting service 'netd'...
01-08 02:28:54.459 I/Gonk    (  320): Decoded bootup/0174.png: 240 x 320 frame with bgcolor? no (0, 0, 0; gray:0)
01-08 02:28:54.459 I/Gecko   (  320): QCONTENT_HELPER Setting client id 0
01-08 02:28:54.469 D/use-Rlog/RLOG-RIL(  320):  ril: NetworkDataCollector: enable check = 1 dataCollectorInitilized = 0
01-08 02:28:54.469 E/NW_DATA_COLLECTOR(  320): NetworkDataCollector  initialize
01-08 02:28:54.469 E/use-Rlog/RLOG-RIL(  320):  ril: NetworkDataCollector: initialization
01-08 02:28:54.469 D/NW_DATA_COLLECTOR(  320): NetworkDataCollector initialize masks: eventFilterMask = 2147483647, dataFilterMask = 2147483647, counterFilterMask = 2147483647
01-08 02:28:54.469 E/NW_DATA_COLLECTOR(  320): NetworkDataCollector : DataCollectorSocket initialize
01-08 02:28:54.479 D/NS_ICC_SERVICE(  320): Starting IccService
01-08 02:28:54.479 D/NS_ICC_SERVICE(  320): GetIccInfo 
01-08 02:28:54.479 D/NS_ICC_SERVICE(  320): GetIccInfo 
01-08 02:28:54.479 E/QCNEA   (  320): CneFramework launcher called
01-08 02:28:54.479 E/QCNEA   (  320): CneFramework constructor called
01-08 02:28:54.479 D/NW_DATA_COLLECTOR(  320):  NetworkDataCollector:run  begin
01-08 02:28:54.479 E/QCNEA   (  320): Logging init called
01-08 02:28:54.479 E/QCNEA   (  320): isLoggingEnabled: 0
01-08 02:28:54.489 I/GeckoConsole(  320): QLOC:CneFrameworkWiFiSettingshelper: CreateCneFrameworkWiFiSettingshelper interface
01-08 02:28:54.499 I/Gonk    (  320): Decoded bootup/0175.png: 240 x 320 frame with bgcolor? no (0, 0, 0; gray:0)
01-08 02:28:54.549 W/Gonk    (  320): Frame delay is 33333 us but decoding took 48936 us
01-08 02:28:54.549 I/Gonk    (  320): Decoded bootup/0176.png: 240 x 320 frame with bgcolor? no (0, 0, 0; gray:0)
01-08 02:28:54.559 I/Gonk    (  320): Error connecting to : netd (Connection refused) - will retry
01-08 02:28:54.559 I/Gonk    (  320): Fail to connect to Netd
01-08 02:28:54.579 I/Netd    ( 2935): Netd 1.0 starting
01-08 02:28:54.579 I/QtiConnectivityAdapter( 2935): Failed to open libconnctrl, some features may not be present.
01-08 02:28:54.579 D/TetherController( 2935): Setting IP forward enable = 0
01-08 02:28:54.589 E/        ( 2935): Failed to open libdatactrl, some features may not be present.
01-08 02:28:54.599 W/Gonk    (  320): Frame delay is 33333 us but decoding took 50178 us
01-08 02:28:54.599 I/Gonk    (  320): Decoded bootup/0177.png: 240 x 320 frame with bgcolor? no (0, 0, 0; gray:0)
01-08 02:28:54.649 W/Gonk    (  320): Frame delay is 33333 us but decoding took 53676 us
01-08 02:28:54.649 I/Gonk    (  320): Decoded bootup/0178.png: 240 x 320 frame with bgcolor? no (0, 0, 0; gray:0)
01-08 02:28:54.689 I/Gonk    (  320): Netd connection is not established, push the message to queue
01-08 02:28:54.699 W/Gonk    (  320): Frame delay is 33333 us but decoding took 46193 us
01-08 02:28:54.699 I/Gonk    (  320): Decoded bootup/0179.png: 240 x 320 frame with bgcolor? no (0, 0, 0; gray:0)
01-08 02:28:54.749 W/Gonk    (  320): Frame delay is 33333 us but decoding took 52805 us
01-08 02:28:54.749 I/Gonk    (  320): Decoded bootup/0180.png: 240 x 320 frame with bgcolor? no (0, 0, 0; gray:0)
01-08 02:28:54.799 W/Gonk    (  320): Frame delay is 33333 us but decoding took 47006 us
01-08 02:28:54.799 I/Gonk    (  320): Decoded bootup/0181.png: 240 x 320 frame with bgcolor? no (0, 0, 0; gray:0)
01-08 02:28:54.849 W/Gonk    (  320): Frame delay is 33333 us but decoding took 49827 us
01-08 02:28:54.849 I/Gonk    (  320): Decoded bootup/0182.png: 240 x 320 frame with bgcolor? no (0, 0, 0; gray:0)
01-08 02:28:54.899 W/Gonk    (  320): Frame delay is 33333 us but decoding took 50712 us
01-08 02:28:54.899 I/Gonk    (  320): Decoded bootup/0183.png: 240 x 320 frame with bgcolor? no (0, 0, 0; gray:0)
01-08 02:28:54.929 E/ServiceManager(  263): add_service('android.security.keystore',11) uid=0 - ALREADY REGISTERED, OVERRIDE
01-08 02:28:54.929 I/ServiceManager(  263): service 'android.security.keystore' died
01-08 02:28:54.929 I/Gecko   (  320): init secureui in system worker
01-08 02:28:54.929 D/SecureUI(  320): Listen+
01-08 02:28:54.929 D/SecureUI(  320): Connector::SecureUIConnector+
01-08 02:28:54.929 D/SecureUI(  320): Connector::Duplicate+
01-08 02:28:54.929 D/SecureUI(  320): Connector::CreateListenSocket+
01-08 02:28:54.929 D/SecureUI(  320): Connector::CreateSocket+
01-08 02:28:54.929 D/SecureUI(  320): Connector::SetSocketFlags+
01-08 02:28:54.929 D/SecureUI(  320): Connector::CreateAddress+
01-08 02:28:54.929 I/VolumeManager(  320): changing state from 'Uninitialized' to 'Starting'
01-08 02:28:54.929 I/VolumeManager(  320): Connected to vold
01-08 02:28:54.939 I/VolumeManager(  320): Volume sdcard (1): changing state from Init to Mounted @ '/data/usbmsc_mnt' (1 observers) mountGeneration = 1, locked = 0
01-08 02:28:54.939 I/VolumeManager(  320): READY: Volume: sdcard (1) is Mounted and inserted @ /data/usbmsc_mnt gen 1 locked 0
01-08 02:28:54.939 I/VolumeManager(  320): READY:   Sharing x Mounting n Formating n Unmounting n
01-08 02:28:54.939 I/VolumeManager(  320): changing state from 'Starting' to 'Volumes Ready'
01-08 02:28:54.939 V/vold    (  214): Waiting for FUSE to spin up...
01-08 02:28:54.939 I/AutoMounter(  320): UpdateState: ums:A0C0E0 mtp:A1C0E0 mode:0 usb:0 tryToShare:0 state:IDLE
01-08 02:28:54.939 I/AutoMounter(  320): UpdateState: Volume sdcard is Mounted and inserted @ /data/usbmsc_mnt gen 1 locked 0 sharing x
01-08 02:28:54.949 W/Gonk    (  320): Frame delay is 33333 us but decoding took 49060 us
01-08 02:28:54.949 I/Gonk    (  320): Decoded bootup/0184.png: 240 x 320 frame with bgcolor? no (0, 0, 0; gray:0)
01-08 02:28:54.959 W/QLOC    (  320): Examining Gecko interfaces...
01-08 02:28:54.959 W/QLOC    (  320):   nsIObserver: ok
01-08 02:28:54.959 W/QLOC    (  320):   nsIQDataCallback: ok
01-08 02:28:54.959 W/QLOC    (  320):   nsIGeolocationProvider: ok
01-08 02:28:54.959 W/QLOC    (  320):   nsISettingsService: ok
01-08 02:28:54.959 W/QLOC    (  320):   nsIPrefBranch: ok
01-08 02:28:54.959 W/QLOC    (  320):   nsIThread: ok
01-08 02:28:54.959 W/QLOC    (  320):   nsIRadioInterfaceLayer: ok
01-08 02:28:54.959 W/QLOC    (  320):   nsIQRadioInterface: ok
01-08 02:28:54.959 W/QLOC    (  320):   nsIRilContext: ok
01-08 02:28:54.959 W/QLOC    (  320):   nsIMobileConnectionInfo: ok
01-08 02:28:54.959 W/QLOC    (  320):   nsINetworkManager: ok
01-08 02:28:54.979 I/GeckoConsole(  320): QLOC: MozSettingShim: Create QMozSettingsShim interface
01-08 02:28:54.979 I/GeckoConsole(  320): QLOC: MozSettingShim: Register callback: [xpconnect wrapped nsIQMozSettingsCallback]
01-08 02:28:54.979 I/Gonk    (  320): Decoded bootup/0185.png: 240 x 320 frame with bgcolor? no (0, 0, 0; gray:0)
01-08 02:28:54.989 V/vold    (  214): Waiting for FUSE to spin up...
01-08 02:28:54.999 E/LocSvc_eng(  320): I/===> int loc_eng_read_config() line 2886 
01-08 02:28:54.999 E/LocSvc_eng(  320): I/===> int loc_eng_init(loc_eng_data_s_type&, LocCallbacks*, LOC_API_ADAPTER_EVENT_MASK_T, loc_core::ContextBase*) line 1708 
01-08 02:28:54.999 I/libmdmdetect(  320): ESOC framework not supported
01-08 02:28:54.999 I/libmdmdetect(  320): Found internal modem: modem
01-08 02:28:55.009 D/PerMgrSrv(  269): modem state: is on-line, add client GPS
01-08 02:28:55.009 D/PerMgrSrv(  269): GPS registered
01-08 02:28:55.009 D/PerMgrLib(  320): GPS successfully registered for modem
01-08 02:28:55.009 D/PerMgrLib(  320): GPS voting for modem
01-08 02:28:55.009 D/PerMgrSrv(  269): GPS voting for modem
01-08 02:28:55.009 D/PerMgrSrv(  269): modem num voters is 3
01-08 02:28:55.009 D/QLOC    (  320): Construct AGpsShim
01-08 02:28:55.009 E/LocSvc_eng(  320): I/===> int loc_eng_init(loc_eng_data_s_type&, LocCallbacks*, LOC_API_ADAPTER_EVENT_MASK_T, loc_core::ContextBase*) line 1708 
01-08 02:28:55.009 E/LocSvc_eng(  320): I/===> void loc_eng_agps_init(loc_eng_data_s_type&, AGpsExtCallbacks*) line 2266 
01-08 02:28:55.009 E/LocSvc_api_v02(  320): I/locClientOpen:1878]: Service instance id is -1
01-08 02:28:55.009 E/LocSvc_api_v02(  320): I/---> locClientOpenInstance line 1758 loc client open
01-08 02:28:54.1064 I/KERNEL  ( 2973): [   20.219591] SELinux: initialized (dev fuse, type fuse), uses genfs_contexts
01-08 02:28:54.1066 I/KERNEL  ( 2973): [   20.220657] SELinux: initialized (dev fuse, type fuse), uses genfs_contexts
01-08 02:28:55.019 W/Gonk    (  320): Frame delay is 33333 us but decoding took 35679 us
01-08 02:28:55.019 I/Gonk    (  320): Decoded bootup/0186.png: 240 x 320 frame with bgcolor? no (0, 0, 0; gray:0)
01-08 02:28:55.019 I/libmdmdetect(  320): ESOC framework not supported
01-08 02:28:55.019 I/libmdmdetect(  320): Found internal modem: modem
01-08 02:28:55.029 E/LocSvc_eng(  320): I/===> void loc_eng_ni_init(loc_eng_data_s_type&, GpsNiExtCallbacks*) line 327 
01-08 02:28:55.029 E/LocSvc_eng(  320): I/===> int loc_eng_set_server_proxy(loc_eng_data_s_type&, LocServerType, const char*, int) line 2566 
01-08 02:28:55.029 D/QLOC    (  320): Init FLP
01-08 02:28:54.1081 I/KERNEL  ( 2973): [   20.236134] SELinux: initialized (dev fuse, type fuse), uses genfs_contexts
01-08 02:28:55.029 E/sdcard  ( 2973): missing packages.list; retrying
01-08 02:28:55.029 E/LocSvc_flp(  320): I/===> const FlpLocationInterface* get_flp_interface() line 63 
01-08 02:28:55.039 E/LocSvc_flp(  320): I/===> int flp_init(FlpCallbacks*) line 164 
01-08 02:28:55.039 E/        (  320): I/===> int FlpLocationClient::flp_init(FlpExtCallbacks*) line 51 
01-08 02:28:55.039 E/QLOC    (  320): Success init FLP interface
01-08 02:28:55.039 D/QLOC    (  320): Init OSFramework
01-08 02:28:55.039 E/XTIA    (  482): [inet-agent-sstp] _process failed 4
01-08 02:28:55.039 E/XTIA    (  482): [inet-agent-wwan-pos] _process failed 4
01-08 02:28:55.039 E/XTIA    (  482): [inet-agent-tile] _process failed 4
01-08 02:28:55.039 E/XTIA    (  482): [inet-agent-pos] _process failed 4
01-08 02:28:55.039 E/XTIA    (  482): [inet-agent-cs] _process failed 4
01-08 02:28:55.039 E/IPCHandler(  320): E/Exiting with error virtual void izat_manager::IPCHandler::reg(const string&, izat_manager::IDataItemSubscription*) line 254 "-1"
01-08 02:28:55.039 E/IzatSvc_GtpWiFiProxy(  320): E/GTP WiFi is enabled.
01-08 02:28:55.039 E/XTIA    (  482): [inet-agent-sstp] _process failed 4
01-08 02:28:55.039 E/XTIA    (  482): [inet-agent-tile] _process failed 4
01-08 02:28:55.039 E/XTIA    (  482): [inet-agent-wwan-pos] _process failed 4
01-08 02:28:55.039 E/XTIA    (  482): [inet-agent-cs] _process failed 4
01-08 02:28:55.039 E/XTIA    (  482): [inet-agent-pos] _process failed 4
01-08 02:28:55.039 D/vold    (  214): Linking /storage/emulated/0 to /mnt/user/0/primary
01-08 02:28:55.039 E/IzatSvc_GtpWwanProxy(  320): E/GTP Cell Modem enabled
01-08 02:28:55.049 E/LocSvc_libulp(  320): E/int ulp_data_init():100]: GTP WiFi is enabled.
01-08 02:28:55.049 E/LocSvc_libulp(  320): E/int ulp_data_init():116]: GTP AP cell is disabled
01-08 02:28:55.049 E/LocSvc_libulp(  320): I/int ulp_data_init(), quipc_enabled = 0, gps capabilities = 0x0 zpp trigger threshold = 60000
01-08 02:28:55.049 D/QLOC-OSAgent(  320): Hook on subscription
01-08 02:28:55.049 D/QLOC-OSAgent(  320): OSAgent: Task to add observer dispatched to main thread
01-08 02:28:55.049 E/XTIA    (  482): [inet-agent-sstp] _process failed 4
01-08 02:28:55.049 E/XTIA    (  482): [inet-agent-wwan-pos] _process failed 4
01-08 02:28:55.049 E/XTIA    (  482): [inet-agent-tile] _process failed 4
01-08 02:28:55.049 E/XTIA    (  482): [inet-agent-pos] _process failed 4
01-08 02:28:55.049 E/XTIA    (  482): [inet-agent-cs] _process failed 4
01-08 02:28:55.049 E/IzatSvc_IPCMessagingProxy(  320): E/Exiting with error virtual void izat_manager::IPCMessagingProxy::_process(qc_loc_fw::InPostcard*) line 159 "3"
01-08 02:28:55.049 E/IzatSvc_IPCMessagingProxy(  320): E/Exiting with error virtual void izat_manager::IPCMessagingProxy::_process(qc_loc_fw::InPostcard*) line 159 "3"
01-08 02:28:55.049 E/IzatSvc_GtpWiFiProxy(  320): E/Exiting with error virtual void izat_manager::GtpWifiProxy::handleMsg(qc_loc_fw::InPostcard*) line 439 "4"
01-08 02:28:55.049 E/IzatSvc_IzatManager(  320): E/Exiting with error virtual void izat_manager::IzatManager::handleMsg(qc_loc_fw::InPostcard*) line 453 "3"
01-08 02:28:55.059 E/QC-DS-LIB(  320): qmi_client [320] f0: failed to locate client data
01-08 02:28:55.059 E/LocSvc_api_v02(  320): I/---> locClientSendReq line 2035 QMI_LOC_REG_EVENTS_REQ_V02
01-08 02:28:55.059 E/QC-DS-LIB(  379): qmuxd: RX on fd=21 returned error=0 errno[2:No such file or directory]
01-08 02:28:55.059 E/QC-QMI  (  379): QMUX qmux_client_id=f0 not found in qmux client list, unable to remove
01-08 02:28:55.059 E/LocSvc_api_v02(  320): I/---> locClientSupportMsgCheck line 2153 QMI_LOC_GET_SUPPORTED_MSGS_REQ_V02
01-08 02:28:55.059 W/Gonk    (  320): Frame delay is 33333 us but decoding took 48105 us
01-08 02:28:55.059 I/Gonk    (  320): Decoded bootup/0187.png: 240 x 320 frame with bgcolor? no (0, 0, 0; gray:0)
01-08 02:28:55.059 E/LocSvc_api_v02(  320): I/---> locClientSendReq line 2035 QMI_LOC_QUERY_AON_CONFIG_REQ_V02
01-08 02:28:55.069 E/LocSvc_ApiV02(  320): I/<--- void globalRespCb(locClientHandleType, uint32_t, locClientRespIndUnionType, uint32_t, void*) line 117 QMI_LOC_QUERY_AON_CONFIG_REQ_V02
01-08 02:28:55.069 E/LocSvc_api_v02(  320): I/---> locClientSendReq line 2035 QMI_LOC_SET_PREMIUM_SERVICES_CONFIG_REQ_V02
01-08 02:28:55.069 E/LocSvc_ApiV02(  320): I/<--- void globalRespCb(locClientHandleType, uint32_t, locClientRespIndUnionType, uint32_t, void*) line 117 QMI_LOC_SET_PREMIUM_SERVICES_CONFIG_REQ_V02
01-08 02:28:55.069 E/LocSvc_api_v02(  320): I/---> locClientSendReq line 2035 QMI_LOC_SET_PREMIUM_SERVICES_CONFIG_REQ_V02
01-08 02:28:55.099 I/rmt_storage(  278): rmt_storage_connect_cb: clnt_h=0xa conn_h=0xb8d44dc0
01-08 02:28:55.099 I/rmt_storage(  278): rmt_storage_rw_iovec_cb: /boot/modem_fs1: req_h=0xa msg_id=3: R/W request received
01-08 02:28:55.099 I/rmt_storage(  278): wakelock acquired: 1, error no: 42
01-08 02:28:55.099 I/rmt_storage(  278): rmt_storage_client_thread: /boot/modem_fs1: Unblock worker thread (th_id: -1228441296)
01-08 02:28:55.099 E/LocSvc_ApiV02(  320): I/<--- void globalRespCb(locClientHandleType, uint32_t, locClientRespIndUnionType, uint32_t, void*) line 117 QMI_LOC_SET_PREMIUM_SERVICES_CONFIG_REQ_V02
01-08 02:28:55.109 E/LocSvc_api_v02(  320): I/---> locClientSendReq line 2035 QMI_LOC_REG_EVENTS_REQ_V02
01-08 02:28:55.109 E/LocSvc_api_v02(  320): I/---> locClientSendReq line 2035 QMI_LOC_SET_GNSS_CONSTELL_REPORT_CONFIG_V02
01-08 02:28:55.109 E/LocSvc_ApiV02(  320): I/<--- void globalRespCb(locClientHandleType, uint32_t, locClientRespIndUnionType, uint32_t, void*) line 117 QMI_LOC_SET_GNSS_CONSTELL_REPORT_CONFIG_V02
01-08 02:28:55.109 E/LocSvc_api_v02(  320): I/---> locClientSendReq line 2035 QMI_LOC_SET_ENGINE_LOCK_REQ_V02
01-08 02:28:55.109 E/LocSvc_ApiV02(  320): I/<--- void globalRespCb(locClientHandleType, uint32_t, locClientRespIndUnionType, uint32_t, void*) line 117 QMI_LOC_SET_ENGINE_LOCK_REQ_V02
01-08 02:28:55.109 W/Gonk    (  320): Frame delay is 33333 us but decoding took 48568 us
01-08 02:28:55.109 I/Gonk    (  320): Decoded bootup/0188.png: 240 x 320 frame with bgcolor? no (0, 0, 0; gray:0)
01-08 02:28:55.159 W/Gonk    (  320): Frame delay is 33333 us but decoding took 51579 us
01-08 02:28:55.159 I/Gonk    (  320): Decoded bootup/0189.png: 240 x 320 frame with bgcolor? no (0, 0, 0; gray:0)
01-08 02:28:55.159 E/QC-DS-LIB(  320): qmi_client [320] f1: failed to locate client data
01-08 02:28:55.169 E/QC-DS-LIB(  379): qmuxd: RX on fd=21 returned error=0 errno[2:No such file or directory]
01-08 02:28:55.169 E/QC-QMI  (  379): QMUX qmux_client_id=f1 not found in qmux client list, unable to remove
01-08 02:28:55.189 E/QC-DS-LIB(  320): qmi_client [320] f2: failed to locate client data
01-08 02:28:55.189 E/QC-DS-LIB(  379): qmuxd: RX on fd=21 returned error=0 errno[2:No such file or directory]
01-08 02:28:55.189 E/QC-QMI  (  379): QMUX qmux_client_id=f2 not found in qmux client list, unable to remove
01-08 02:28:55.199 E/QC-DS-LIB(  320): qmi_client [320] f3: failed to locate client data
01-08 02:28:55.199 E/QC-DS-LIB(  379): qmuxd: RX on fd=21 returned error=0 errno[2:No such file or directory]
01-08 02:28:55.199 E/QC-QMI  (  379): QMUX qmux_client_id=f3 not found in qmux client list, unable to remove
01-08 02:28:55.219 W/Gonk    (  320): Frame delay is 33333 us but decoding took 50838 us
01-08 02:28:55.219 I/Gonk    (  320): Decoded bootup/0190.png: 240 x 320 frame with bgcolor? no (0, 0, 0; gray:0)
01-08 02:28:55.229 E/LocSvc_api_v02(  320): I/---> locClientSendReq line 2035 QMI_LOC_SET_SERVER_REQ_V02
01-08 02:28:55.229 E/LocSvc_ApiV02(  320): I/<--- void globalRespCb(locClientHandleType, uint32_t, locClientRespIndUnionType, uint32_t, void*) line 117 QMI_LOC_SET_SERVER_REQ_V02
01-08 02:28:55.229 D/QLOC    (  320): int FlpSetThreadEvent(ThreadEvent)
01-08 02:28:55.229 E/LocSvc_api_v02(  320): I/locClientOpen:1878]: Service instance id is -1
01-08 02:28:55.229 E/LocSvc_api_v02(  320): I/---> locClientOpenInstance line 1758 loc client open
01-08 02:28:55.229 E/LocSvc_api_v02(  320): I/---> locClientSendReq line 2035 QMI_LOC_REG_EVENTS_REQ_V02
01-08 02:28:55.239 E/LocSvc_api_v02(  320): I/---> locClientSendReq line 2035 QMI_LOC_QUERY_AON_CONFIG_REQ_V02
01-08 02:28:55.239 E/LocSvc_ApiV02(  320): I/<--- void globalRespCb(locClientHandleType, uint32_t, locClientRespIndUnionType, uint32_t, void*) line 117 QMI_LOC_QUERY_AON_CONFIG_REQ_V02
01-08 02:28:55.259 W/Gonk    (  320): Frame delay is 33333 us but decoding took 48579 us
01-08 02:28:55.259 I/Gonk    (  320): Decoded bootup/0191.png: 240 x 320 frame with bgcolor? no (0, 0, 0; gray:0)
01-08 02:28:55.299 I/rmt_storage(  278): rmt_storage_client_thread: /boot/modem_fs1: req_h=0xa msg_id=3: Bytes written = 917504
01-08 02:28:55.299 I/rmt_storage(  278): rmt_storage_client_thread: /boot/modem_fs1: req_h=0xa msg_id=3: Send response: res=0 err=0
01-08 02:28:55.299 I/rmt_storage(  278): rmt_storage_client_thread: /boot/modem_fs1: About to block rmt_storage client thread (th_id: -1228441296) wakelock released: 1, error no: 22
01-08 02:28:55.299 I/rmt_storage(  278): 
01-08 02:28:55.299 I/rmt_storage(  278): rmt_storage_disconnect_cb: clnt_h=0xa conn_h=0xb8d44dc0
01-08 02:28:55.309 E/        (  320): I/===> void izat_pcid::IzatPcidAdapter::injectIzatPcid(IzatPcid_t) line 34 
01-08 02:28:55.309 E/XTIA    (  482): [inet-agent-sstp] _process failed 4
01-08 02:28:55.309 E/XTIA    (  482): [inet-agent-wwan-pos] _process failed 4
01-08 02:28:55.309 E/XTIA    (  482): [inet-agent-tile] _process failed 4
01-08 02:28:55.309 E/XTIA    (  482): [inet-agent-pos] _process failed 4
01-08 02:28:55.309 E/XTIA    (  482): [inet-agent-cs] _process failed 4
01-08 02:28:55.309 E/IzatSvc_GtpWiFiProxy(  320): E/Exiting with error virtual void izat_manager::GtpWifiProxy::handleMsg(qc_loc_fw::InPostcard*) line 439 "4"
01-08 02:28:55.309 E/IzatSvc_IzatManager(  320): E/Exiting with error virtual void izat_manager::IzatManager::handleMsg(qc_loc_fw::InPostcard*) line 453 "3"
01-08 02:28:55.309 W/Gonk    (  320): Frame delay is 33333 us but decoding took 48605 us
01-08 02:28:55.309 I/Gonk    (  320): Decoded bootup/0192.png: 240 x 320 frame with bgcolor? no (0, 0, 0; gray:0)
01-08 02:28:55.309 E/LocSvc_api_v02(  320): I/---> locClientSendReq line 2035 QMI_LOC_REG_EVENTS_REQ_V02
01-08 02:28:55.309 E/LocSvc_api_v02(  320): I/---> locClientSendReq line 2035 QMI_LOC_NOTIFY_WIFI_STATUS_REQ_V02
01-08 02:28:55.309 E/LocSvc_ApiV02(  320): I/<--- void globalRespCb(locClientHandleType, uint32_t, locClientRespIndUnionType, uint32_t, void*) line 117 QMI_LOC_NOTIFY_WIFI_STATUS_REQ_V02
01-08 02:28:55.319 E/XTIA    (  482): [inet-agent-sstp] _process failed 4
01-08 02:28:55.319 E/XTIA    (  482): [inet-agent-wwan-pos] _process failed 4
01-08 02:28:55.319 E/XTIA    (  482): [inet-agent-tile] _process failed 4
01-08 02:28:55.319 E/XTIA    (  482): [inet-agent-pos] _process failed 4
01-08 02:28:55.319 E/XTIA    (  482): [inet-agent-cs] _process failed 4
01-08 02:28:55.319 E/IzatSvc_GtpWiFiProxy(  320): E/Exiting with error virtual void izat_manager::GtpWifiProxy::handleMsg(qc_loc_fw::InPostcard*) line 439 "4"
01-08 02:28:55.319 E/IzatSvc_IzatManager(  320): E/Exiting with error virtual void izat_manager::IzatManager::handleMsg(qc_loc_fw::InPostcard*) line 453 "3"
01-08 02:28:55.319 E/LocSvc_api_v02(  320): I/---> locClientSendReq line 2035 QMI_LOC_SET_PROTOCOL_CONFIG_PARAMETERS_REQ_V02
01-08 02:28:55.339 I/rmt_storage(  278): rmt_storage_connect_cb: clnt_h=0xb conn_h=0xb8d44dc0
01-08 02:28:55.339 I/rmt_storage(  278): rmt_storage_rw_iovec_cb: /boot/modem_fs2: req_h=0xb msg_id=3: R/W request received
01-08 02:28:55.339 I/rmt_storage(  278): wakelock acquired: 1, error no: 42
01-08 02:28:55.339 I/rmt_storage(  278): rmt_storage_client_thread: /boot/modem_fs2: Unblock worker thread (th_id: -1229498064)
01-08 02:28:55.349 E/LocSvc_ApiV02(  320): I/<--- void globalRespCb(locClientHandleType, uint32_t, locClientRespIndUnionType, uint32_t, void*) line 117 QMI_LOC_SET_PROTOCOL_CONFIG_PARAMETERS_REQ_V02
01-08 02:28:55.349 E/LocSvc_api_v02(  320): I/---> locClientSendReq line 2035 QMI_LOC_SET_PROTOCOL_CONFIG_PARAMETERS_REQ_V02
01-08 02:28:55.349 E/LocSvc_ApiV02(  320): I/<--- void globalRespCb(locClientHandleType, uint32_t, locClientRespIndUnionType, uint32_t, void*) line 117 QMI_LOC_SET_PROTOCOL_CONFIG_PARAMETERS_REQ_V02
01-08 02:28:55.349 E/LocSvc_api_v02(  320): I/---> locClientSendReq line 2035 QMI_LOC_SET_SENSOR_CONTROL_CONFIG_REQ_V02
01-08 02:28:55.349 E/LocSvc_ApiV02(  320): I/<--- void globalRespCb(locClientHandleType, uint32_t, locClientRespIndUnionType, uint32_t, void*) line 117 QMI_LOC_SET_SENSOR_CONTROL_CONFIG_REQ_V02
01-08 02:28:55.349 E/LocSvc_api_v02(  320): I/---> locClientSendReq line 2035 QMI_LOC_SET_PROTOCOL_CONFIG_PARAMETERS_REQ_V02
01-08 02:28:55.349 E/LocSvc_ApiV02(  320): I/<--- void globalRespCb(locClientHandleType, uint32_t, locClientRespIndUnionType, uint32_t, void*) line 117 QMI_LOC_SET_PROTOCOL_CONFIG_PARAMETERS_REQ_V02
01-08 02:28:55.349 E/LocSvc_api_v02(  320): I/---> locClientSendReq line 2035 QMI_LOC_SET_SENSOR_PERFORMANCE_CONTROL_CONFIGURATION_REQ_V02
01-08 02:28:55.349 E/LocSvc_ApiV02(  320): I/<--- void globalRespCb(locClientHandleType, uint32_t, locClientRespIndUnionType, uint32_t, void*) line 117 QMI_LOC_SET_SENSOR_PERFORMANCE_CONTROL_CONFIGURATION_REQ_V02
01-08 02:28:55.349 E/LocSvc_api_v02(  320): I/---> locClientSendReq line 2035 QMI_LOC_SET_XTRA_VERSION_CHECK_REQ_V02
01-08 02:28:55.349 E/LocSvc_ApiV02(  320): I/<--- void globalRespCb(locClientHandleType, uint32_t, locClientRespIndUnionType, uint32_t, void*) line 117 QMI_LOC_SET_XTRA_VERSION_CHECK_REQ_V02
01-08 02:28:55.349 E/LocSvc_api_v02(  320): I/---> locClientSendReq line 2035 QMI_LOC_SET_PROTOCOL_CONFIG_PARAMETERS_REQ_V02
01-08 02:28:55.349 E/LocSvc_ApiV02(  320): I/<--- void globalRespCb(locClientHandleType, uint32_t, locClientRespIndUnionType, uint32_t, void*) line 117 QMI_LOC_SET_PROTOCOL_CONFIG_PARAMETERS_REQ_V02
01-08 02:28:55.359 E/LocSvc_api_v02(  320): I/---> locClientSendReq line 2035 QMI_LOC_SET_PROTOCOL_CONFIG_PARAMETERS_REQ_V02
01-08 02:28:55.359 E/LocSvc_ApiV02(  320): I/<--- void globalRespCb(locClientHandleType, uint32_t, locClientRespIndUnionType, uint32_t, void*) line 117 QMI_LOC_SET_PROTOCOL_CONFIG_PARAMETERS_REQ_V02
01-08 02:28:55.359 E/LocSvc_api_v02(  320): I/---> locClientSendReq line 2035 QMI_LOC_SET_SENSOR_CONTROL_CONFIG_REQ_V02
01-08 02:28:55.359 E/LocSvc_ApiV02(  320): I/<--- void globalRespCb(locClientHandleType, uint32_t, locClientRespIndUnionType, uint32_t, void*) line 117 QMI_LOC_SET_SENSOR_CONTROL_CONFIG_REQ_V02
01-08 02:28:55.359 E/LocSvc_api_v02(  320): I/---> locClientSendReq line 2035 QMI_LOC_SET_PROTOCOL_CONFIG_PARAMETERS_REQ_V02
01-08 02:28:55.359 E/LocSvc_ApiV02(  320): I/<--- void globalRespCb(locClientHandleType, uint32_t, locClientRespIndUnionType, uint32_t, void*) line 117 QMI_LOC_SET_PROTOCOL_CONFIG_PARAMETERS_REQ_V02
01-08 02:28:55.359 E/LocSvc_api_v02(  320): I/---> locClientSendReq line 2035 QMI_LOC_SET_SENSOR_PERFORMANCE_CONTROL_CONFIGURATION_REQ_V02
01-08 02:28:55.359 E/LocSvc_ApiV02(  320): I/<--- void globalRespCb(locClientHandleType, uint32_t, locClientRespIndUnionType, uint32_t, void*) line 117 QMI_LOC_SET_SENSOR_PERFORMANCE_CONTROL_CONFIGURATION_REQ_V02
01-08 02:28:55.359 E/LocSvc_api_v02(  320): I/---> locClientSendReq line 2035 QMI_LOC_SET_XTRA_VERSION_CHECK_REQ_V02
01-08 02:28:55.359 E/LocSvc_ApiV02(  320): I/<--- void globalRespCb(locClientHandleType, uint32_t, locClientRespIndUnionType, uint32_t, void*) line 117 QMI_LOC_SET_XTRA_VERSION_CHECK_REQ_V02
01-08 02:28:55.359 E/LocSvc_api_v02(  320): I/---> locClientSendReq line 2035 QMI_LOC_SET_XTRA_VERSION_CHECK_REQ_V02
01-08 02:28:55.359 E/LocSvc_ApiV02(  320): I/<--- void globalRespCb(locClientHandleType, uint32_t, locClientRespIndUnionType, uint32_t, void*) line 117 QMI_LOC_SET_XTRA_VERSION_CHECK_REQ_V02
01-08 02:28:55.359 E/LocSvc_api_v02(  320): I/---> locClientSendReq line 2035 QMI_LOC_GET_PREDICTED_ORBITS_DATA_SOURCE_REQ_V02
01-08 02:28:55.359 W/Gonk    (  320): Frame delay is 33333 us but decoding took 50868 us
01-08 02:28:55.359 I/Gonk    (  320): Decoded bootup/0193.png: 240 x 320 frame with bgcolor? no (0, 0, 0; gray:0)
01-08 02:28:55.369 E/LocSvc_ApiV02(  320): I/<--- void globalRespCb(locClientHandleType, uint32_t, locClientRespIndUnionType, uint32_t, void*) line 117 QMI_LOC_GET_PREDICTED_ORBITS_DATA_SOURCE_REQ_V02
01-08 02:28:55.369 E/LocSvc_api_v02(  320): I/---> locClientSendReq line 2035 QMI_LOC_INJECT_XTRA_PCID_REQ_V02
01-08 02:28:55.369 E/QMI_FW  (  320): QCCI qmi_cci_xport_recv: txn not found. svc_id: 16
01-08 02:28:55.369 E/LocSvc_IzatApiV02(  320): E/virtual int izat_core::IzatApiV02::injectIzatPcid(uint64_t):2360]: Error : st = 2, ind.status = 0
01-08 02:28:55.369 E/        (  320): E/virtual void izat_pcid::IzatPcidAdapter::injectIzatPcid(IzatPcid_t)::MyMessage::proc() const:58][XTRA2] injectIzatPcid(pcid=3549008111161575237) failed.
01-08 02:28:55.409 W/Gonk    (  320): Frame delay is 33333 us but decoding took 48973 us
01-08 02:28:55.409 I/Gonk    (  320): Decoded bootup/0194.png: 240 x 320 frame with bgcolor? no (0, 0, 0; gray:0)
01-08 02:28:55.419 I/Gecko   (  320): -*- SalesTrackerService: Begin
01-08 02:28:55.449 W/Gonk    (  320): Frame delay is 33333 us but decoding took 35371 us
01-08 02:28:55.449 I/Gonk    (  320): Decoded bootup/0195.png: 240 x 320 frame with bgcolor? no (0, 0, 0; gray:0)
01-08 02:28:55.499 W/Gonk    (  320): Frame delay is 33333 us but decoding took 49368 us
01-08 02:28:55.499 I/Gonk    (  320): Decoded bootup/0196.png: 240 x 320 frame with bgcolor? no (0, 0, 0; gray:0)
01-08 02:28:55.519 I/rmt_storage(  278): rmt_storage_client_thread: /boot/modem_fs2: req_h=0xb msg_id=3: Bytes written = 917504
01-08 02:28:55.519 I/rmt_storage(  278): rmt_storage_client_thread: /boot/modem_fs2: req_h=0xb msg_id=3: Send response: res=0 err=0
01-08 02:28:55.519 I/rmt_storage(  278): rmt_storage_client_thread: /boot/modem_fs2: About to block rmt_storage client thread (th_id: -1229498064) wakelock released: 1, error no: 0
01-08 02:28:55.519 I/rmt_storage(  278): 
01-08 02:28:55.519 I/rmt_storage(  278): rmt_storage_disconnect_cb: clnt_h=0xb conn_h=0xb8d44dc0
01-08 02:28:55.549 W/Gonk    (  320): Frame delay is 33333 us but decoding took 48161 us
01-08 02:28:55.549 I/Gonk    (  320): Decoded bootup/0197.png: 240 x 320 frame with bgcolor? no (0, 0, 0; gray:0)
01-08 02:28:55.549 I/GeckoConsole(  320): While creating services from category 'profile-after-change', could not create service for entry 'Settings', contract ID '@qti.qualcomm.com/settings;1'
01-08 02:28:55.559 I/Gonk    (  320): Error connecting to : netd (Connection refused) - will retry
01-08 02:28:55.559 I/Gonk    (  320): Fail to connect to Netd
01-08 02:28:55.579 D/TELEPHONY_LAUNCHER(  320): Starting Telephony Launcher
01-08 02:28:55.579 D/NS_TELEPHONY_SERVICE(  320): Starting telephony service
01-08 02:28:55.579 D/TELEPHONY_LAUNCHER(  320): Initializing telephony services
01-08 02:28:55.579 D/NS_VOICEMAIL_SERVICE(  320): Starting voicemail service
01-08 02:28:55.579 D/NS_MOBILECONNECTION_SERVICE(  320): Starting mobileconnection service
01-08 02:28:55.579 D/NS_CELLBROADCAST_SERVICE(  320): Starting CellBroadcast service
01-08 02:28:55.579 D/TELEPHONY_LAUNCHER(  320): SubsidyLockService Result: rv 0
01-08 02:28:55.579 D/NS_SMS_SERVICE(  320): Starting messaging service
01-08 02:28:55.579 D/QRIL_OEM_HOOK_SERVICE(  320): [SUB0] [0002]> RIL_REQUEST_OEM_HOOK_RAW
01-08 02:28:55.579 D/NS_IMS_REG_SERVICE(  320): Starting IMS reg service
01-08 02:28:55.579 D/NS_SUBSIDY_LOCK_SERVICE(  320): Starting nsSubsidyLockService
01-08 02:28:55.579 D/QRIL_OEM_HOOK_SERVICE(  320): Starting qRilOemHook service
01-08 02:28:55.579 D/NS_EMBMS_SERVICE(  320): Starting EMbms service
01-08 02:28:55.579 D/EmbmsOemHook(  320): EmbmsOemHook constructor
01-08 02:28:55.579 D/NS_EMBMS_SERVICE(  320): phone count: 1
01-08 02:28:55.579 D/NS_EMBMS_SERVICE(  320): register response handlers with oemhook
01-08 02:28:55.579 D/EmbmsOemHook(  320): handling service ready event
01-08 02:28:55.579 D/EmbmsOemHook(  320): send service ready event
01-08 02:28:55.579 D/NS_EMBMS_SERVICE(  320): received oem hook ready event
01-08 02:28:55.579 D/EmbmsOemHook(  320): processing getEmbmsStatus request on phone:0
01-08 02:28:55.579 E/RIL     (  320): RilSocket to qmux_radio/rild_oem0 (1) is closed; ignoring request
01-08 02:28:55.599 W/Gonk    (  320): Frame delay is 33333 us but decoding took 52069 us
01-08 02:28:55.599 I/Gonk    (  320): Decoded bootup/0198.png: 240 x 320 frame with bgcolor? no (0, 0, 0; gray:0)
01-08 02:28:55.649 W/Gonk    (  320): Frame delay is 33333 us but decoding took 48043 us
01-08 02:28:55.649 I/Gonk    (  320): Decoded bootup/0199.png: 240 x 320 frame with bgcolor? no (0, 0, 0; gray:0)
01-08 02:28:55.659 I/Gecko   (  320): WebappsUpdateTimer Start
01-08 02:28:55.699 W/Gonk    (  320): Frame delay is 33333 us but decoding took 57792 us
01-08 02:28:55.699 I/Gonk    (  320): Decoded bootup/0200.png: 240 x 320 frame with bgcolor? no (0, 0, 0; gray:0)
01-08 02:28:55.749 W/Gonk    (  320): Frame delay is 33333 us but decoding took 42078 us
01-08 02:28:55.749 I/Gonk    (  320): Decoded bootup/0201.png: 240 x 320 frame with bgcolor? no (0, 0, 0; gray:0)
01-08 02:28:55.799 W/Gonk    (  320): Frame delay is 33333 us but decoding took 49851 us
01-08 02:28:55.799 I/Gonk    (  320): Decoded bootup/0202.png: 240 x 320 frame with bgcolor? no (0, 0, 0; gray:0)
01-08 02:28:55.849 W/Gonk    (  320): Frame delay is 33333 us but decoding took 49669 us
01-08 02:28:55.849 I/Gonk    (  320): Decoded bootup/0203.png: 240 x 320 frame with bgcolor? no (0, 0, 0; gray:0)
01-08 02:28:55.879 W/Gonk    (  320): Frame delay is 33333 us but decoding took 33927 us
01-08 02:28:55.879 I/Gonk    (  320): Decoded bootup/0204.png: 240 x 320 frame with bgcolor? no (0, 0, 0; gray:0)
01-08 02:28:55.909 I/Gonk    (  320): Decoded bootup/0205.png: 240 x 320 frame with bgcolor? no (0, 0, 0; gray:0)
01-08 02:28:55.959 W/Gonk    (  320): Frame delay is 33333 us but decoding took 50832 us
01-08 02:28:55.959 I/Gonk    (  320): Decoded bootup/0206.png: 240 x 320 frame with bgcolor? no (0, 0, 0; gray:0)
01-08 02:28:56.009 W/Gonk    (  320): Frame delay is 33333 us but decoding took 48296 us
01-08 02:28:56.009 I/Gonk    (  320): Decoded bootup/0207.png: 240 x 320 frame with bgcolor? no (0, 0, 0; gray:0)
01-08 02:28:56.059 W/Gonk    (  320): Frame delay is 33333 us but decoding took 50100 us
01-08 02:28:56.059 I/Gonk    (  320): Decoded bootup/0208.png: 240 x 320 frame with bgcolor? no (0, 0, 0; gray:0)
01-08 02:28:56.119 W/Gonk    (  320): Frame delay is 33333 us but decoding took 53297 us
01-08 02:28:56.119 I/Gonk    (  320): Decoded bootup/0209.png: 240 x 320 frame with bgcolor? no (0, 0, 0; gray:0)
01-08 02:28:56.159 W/Gonk    (  320): Frame delay is 33333 us but decoding took 46622 us
01-08 02:28:56.159 I/Gonk    (  320): Decoded bootup/0210.png: 240 x 320 frame with bgcolor? no (0, 0, 0; gray:0)
01-08 02:28:56.219 W/Gonk    (  320): Frame delay is 33333 us but decoding took 53529 us
01-08 02:28:56.219 I/Gonk    (  320): Decoded bootup/0211.png: 240 x 320 frame with bgcolor? no (0, 0, 0; gray:0)
01-08 02:28:56.259 W/Gonk    (  320): Frame delay is 33333 us but decoding took 46330 us
01-08 02:28:56.259 I/Gonk    (  320): Decoded bootup/0212.png: 240 x 320 frame with bgcolor? no (0, 0, 0; gray:0)
01-08 02:28:56.309 W/Gonk    (  320): Frame delay is 33333 us but decoding took 49926 us
01-08 02:28:56.309 I/Gonk    (  320): Decoded bootup/0213.png: 240 x 320 frame with bgcolor? no (0, 0, 0; gray:0)
01-08 02:28:56.359 W/Gonk    (  320): Frame delay is 33333 us but decoding took 50202 us
01-08 02:28:56.359 I/Gonk    (  320): Decoded bootup/0214.png: 240 x 320 frame with bgcolor? no (0, 0, 0; gray:0)
01-08 02:28:56.409 W/Gonk    (  320): Frame delay is 33333 us but decoding took 49694 us
01-08 02:28:56.409 I/Gonk    (  320): Decoded bootup/0215.png: 240 x 320 frame with bgcolor? no (0, 0, 0; gray:0)
01-08 02:28:56.459 W/Gonk    (  320): Frame delay is 33333 us but decoding took 49761 us
01-08 02:28:56.459 I/Gonk    (  320): Decoded bootup/0216.png: 240 x 320 frame with bgcolor? no (0, 0, 0; gray:0)
01-08 02:28:56.469 I/Gecko   (  320): 593936481	Marionette	INFO	Listening on port 2828
01-08 02:28:56.509 W/Gonk    (  320): Frame delay is 33333 us but decoding took 50935 us
01-08 02:28:56.509 I/Gonk    (  320): Decoded bootup/0217.png: 240 x 320 frame with bgcolor? no (0, 0, 0; gray:0)
01-08 02:28:56.559 I/Gonk    (  320): Error connecting to : netd (Connection refused) - will retry
01-08 02:28:56.559 I/Gonk    (  320): Fail to connect to Netd
01-08 02:28:56.559 W/Gonk    (  320): Frame delay is 33333 us but decoding took 48969 us
01-08 02:28:56.559 I/Gonk    (  320): Decoded bootup/0218.png: 240 x 320 frame with bgcolor? no (0, 0, 0; gray:0)
01-08 02:28:56.609 W/Gonk    (  320): Frame delay is 33333 us but decoding took 51232 us
01-08 02:28:56.609 I/Gonk    (  320): Decoded bootup/0219.png: 240 x 320 frame with bgcolor? no (0, 0, 0; gray:0)
01-08 02:28:56.659 W/Gonk    (  320): Frame delay is 33333 us but decoding took 48517 us
01-08 02:28:56.659 I/Gonk    (  320): Decoded bootup/0220.png: 240 x 320 frame with bgcolor? no (0, 0, 0; gray:0)
