01-08 02:28:51.739 E/QC-DS-LIB(  412): qmi_client [412] 3f: failed to locate client data
01-08 02:28:51.739 D/QCameraParameters(  298): int32_t qcamera::QCameraParameters::setPreviewSize(const qcamera::QCameraParameters&): Requested preview size 640 x 480
01-08 02:28:51.739 D/QCameraParameters(  298): int32_t qcamera::QCameraParameters::setVideoSize(const qcamera::QCameraParameters&): Requested video size 640 x 480
01-08 02:28:51.739 D/QCameraParameters(  298): int32_t qcamera::QCameraParameters::setPictureSize(const qcamera::QCameraParameters&): Requested picture size 160 x 120
01-08 02:28:51.739 D/QCameraParameters(  298): void qcamera::QCameraParameters::updateViewAngles(): Final horizViewAngle 54.799999, vertViewAngle 42.500000
01-08 02:28:51.739 D/QCameraParameters(  298): Param m_bNoDisplayMode = 0
01-08 02:28:51.739 D/QCameraParameters(  298): int32_t qcamera::QCameraParameters::setPreviewFpsRange(const qcamera::QCameraParameters&): FpsRange Values:(8000, 30000)
01-08 02:28:51.739 D/QCameraParameters(  298): int32_t qcamera::QCameraParameters::setPreviewFpsRange(const qcamera::QCameraParameters&): Requested FpsRange Values:(8000, 30000)
01-08 02:28:51.739 D/QCameraParameters(  298): HFR mode is OFF
01-08 02:28:51.739 D/QCameraParameters(  298): int32_t qcamera::QCameraParameters::setFlash(const char*): Setting Flash value off
01-08 02:28:51.739 D/QCameraParameters(  298): int32_t qcamera::QCameraParameters::setFssr(const qcamera::QCameraParameters&): FSSR is not supported
01-08 02:28:51.739 D/QCameraParameters(  298): int32_t qcamera::QCameraParameters::setMultiTouchFocus(const qcamera::QCameraParameters&): multi-touch focus is not supported
01-08 02:28:51.739 D/mm-camera(  329): mct_pipeline_process_set:command=800000e
01-08 02:28:51.739 E/QC-DS-LIB(  379): qmuxd: RX on fd=21 returned error=0 errno[2:No such file or directory]
01-08 02:28:51.739 E/QC-QMI  (  379): QMUX qmux_client_id=3f not found in qmux client list, unable to remove
01-08 02:28:51.749 D/QCameraParameters(  298): int32_t qcamera::QCameraParameters::setNumOfSnapshot(): nBurstNum = 1, nExpnum = 1
01-08 02:28:51.749 D/QCamera2HWI(  298): [KPI Perf] static void qcamera::QCamera2HardwareInterface::stop_preview(camera_device*): E PROFILE_STOP_PREVIEW
01-08 02:28:51.749 D/QCameraStateMachine(  298): int32_t qcamera::QCameraStateMachine::procEvtPreviewStoppedState(qcamera::qcamera_sm_evt_enum_t, void*): already in preview stopped state, do nothing
01-08 02:28:51.749 D/QCamera2HWI(  298): [KPI Perf] static void qcamera::QCamera2HardwareInterface::stop_preview(camera_device*): X
01-08 02:28:51.749 I/CameraFlashlight(  298): Destroying camera 1
01-08 02:28:51.749 D/QCamera2HWI(  298): [KPI Perf] static int qcamera::QCamera2HardwareInterface::close_camera_device(hw_device_t*): E
01-08 02:28:51.749 D/QCamera2HWI(  298): virtual qcamera::QCamera2HardwareInterface::~QCamera2HardwareInterface(): E
01-08 02:28:51.749 D/QCamera2HWI(  298): static void* qcamera::QCamera2HardwareInterface::defferedWorkRoutine(void*): stop data proc
01-08 02:28:51.749 D/QCameraStateMachine(  298): static void* qcamera::QCameraStateMachine::smEvtProcRoutine(void*): X
01-08 02:28:51.749 D/QCamera2HWI(  298): int qcamera::QCamera2HardwareInterface::closeCamera(): E
01-08 02:28:51.749 E/qomx_image_core(  298): OMX_Deinit:118] Complete
01-08 02:28:51.749 E/QCameraPostProc(  298): int32_t qcamera::QCameraPostProcessor::deinit(): Jpeg closed, rc = 0, mJpegClientHandle = 200
01-08 02:28:51.749 I/Thermal-Lib(  298): Thermal-Lib-Client: Unregisteration is successfull for handle:1
01-08 02:28:51.749 I/ThermalEngine(  315): Thermal-Server: removing client on fd 37
01-08 02:28:51.749 I/Thermal-Lib(  298): Thermal-Lib-Client: Unregisteration is successfull for handle:2
01-08 02:28:51.749 D/mm-camera(  329): mct_pipeline_process_set:command=800000b
01-08 02:28:51.749 I/mm-camera-eztune(  329): vendor/qcom/proprietary/mm-camera/mm-camera2/server-tuning/tuning/eztune_interface.cpp(381): "Delete Server : 0xb8f1b410"
01-08 02:28:51.749 D/QCamera2HWI(  298): int qcamera::QCamera2HardwareInterface::closeCamera(): X
01-08 02:28:51.749 D/QCamera2HWI(  298): virtual qcamera::QCamera2HardwareInterface::~QCamera2HardwareInterface(): X
01-08 02:28:51.749 D/QCamera2HWI(  298): [KPI Perf] static int qcamera::QCamera2HardwareInterface::close_camera_device(hw_device_t*): X
01-08 02:28:51.749 I/AudioPolicyService(  298): AudioPolicyService CSTOR in new mode
01-08 02:28:51.759 I/APM::ConfigParsingUtils(  298): loadAudioPolicyConfig() loaded /system/etc/audio_policy.conf
01-08 02:28:51.769 W/Gonk    (  320): Frame delay is 33333 us but decoding took 51284 us
01-08 02:28:51.769 I/Gonk    (  320): Decoded bootup/0117.png: 240 x 320 frame with bgcolor? no (0, 0, 0; gray:0)
01-08 02:28:51.769 E/QC-DS-LIB(  412): qmi_client [412] 40: failed to locate client data
01-08 02:28:51.779 E/QC-DS-LIB(  412): qmi_client [412] 41: failed to locate client data
01-08 02:28:51.779 E/QC-DS-LIB(  379): qmuxd: RX on fd=22 returned error=0 errno[2:No such file or directory]
01-08 02:28:51.779 E/QC-QMI  (  379): QMUX qmux_client_id=41 not found in qmux client list, unable to remove
01-08 02:28:51.789 E/LocSvc_api_v02(  483): E/loc_sync_wait_for_ind:458]: slot 0, timed out for ind_id QMI_LOC_INJECT_APDONOTCACHE_DATA_REQ_V02
01-08 02:28:51.789 E/LocSvc_api_v02(  483): E/loc_sync_send_req:530]: loc_api_wait_for_ind failed, err -110, select id 0, status eLOC_CLIENT_FAILURE_TIMEOUT
01-08 02:28:51.789 E/LocSvc_IzatApiV02(  483): E/virtual int izat_core::IzatApiV02::injectApCacheBlacklist(APCacheBlacklistData):800]: Error : st = 6, ind.status = 0
01-08 02:28:51.789 E/LocSvc_IzatApiV02(  483): E/virtual int izat_core::IzatApiV02::injectApCacheBlacklist(APCacheBlacklistData):812]: inject AP Cache - blacklistto modem failed. 
01-08 02:28:51.789 E/LocSvc_api_v02(  483): I/---> locClientSendReq line 2035 QMI_LOC_INJECT_APDONOTCACHE_DATA_REQ_V02
01-08 02:28:51.799 E/QC-DS-LIB(  379): qmuxd: RX on fd=21 returned error=0 errno[2:No such file or directory]
01-08 02:28:51.799 E/QC-QMI  (  379): QMUX qmux_client_id=40 not found in qmux client list, unable to remove
01-08 02:28:51.799 D/audio_hw_primary(  298): adev_open: enter
01-08 02:28:51.809 E/QC-DS-LIB(  412): qmi_client [412] 42: failed to locate client data
01-08 02:28:51.809 E/QC-DS-LIB(  379): qmuxd: RX on fd=21 returned error=0 errno[2:No such file or directory]
01-08 02:28:51.809 E/QC-QMI  (  379): QMUX qmux_client_id=42 not found in qmux client list, unable to remove
01-08 02:28:51.809 D/ThermalEngine(  315): sensor_wait: case_therm Wait done.
01-08 02:28:51.809 D/ThermalEngine(  315): sensor_monitor: case_therm Reading 33000 .
01-08 02:28:51.809 I/ThermalEngine(  315): Sensor:case_therm:33000 mC
01-08 02:28:51.809 D/ThermalEngine(  315): update_active_thresh: case_therm Active(1), Hi(1) 40000, Lo(0) -2147483648, Interval(1) 5000
01-08 02:28:51.809 D/ThermalEngine(  315): sensor_monitor: case_therm Sensor wait.
01-08 02:28:51.809 D/ThermalEngine(  315): sensor_wait: case_therm Wait start. 5000ms
01-08 02:28:51.819 W/Gonk    (  320): Frame delay is 33333 us but decoding took 51155 us
01-08 02:28:51.819 I/Gonk    (  320): Decoded bootup/0118.png: 240 x 320 frame with bgcolor? no (0, 0, 0; gray:0)
01-08 02:28:51.819 E/QC-DS-LIB(  412): qmi_client [412] 43: failed to locate client data
01-08 02:28:51.819 E/QC-DS-LIB(  379): qmuxd: RX on fd=21 returned error=0 errno[2:No such file or directory]
01-08 02:28:51.819 E/QC-QMI  (  379): QMUX qmux_client_id=43 not found in qmux client list, unable to remove
01-08 02:28:51.887 I/KERNEL  (  298): 
01-08 02:28:51.887 I/KERNEL  (  298): [   17.041757] tfa98xx_info_vstep(): vsteps count: 1 [prof=0]
01-08 02:28:51.888 I/KERNEL  (  298): [   17.042972] tfa98xx_info_vstep(): vsteps count: 10 [prof=1]
01-08 02:28:51.888 I/KERNEL  (  298): [   17.043102] tfa98xx_info_vstep(): vsteps count: 1 [prof=2]
01-08 02:28:51.839 E/QC-DS-LIB(  412): qmi_client [412] 44: failed to locate client data
01-08 02:28:51.839 E/QC-DS-LIB(  379): qmuxd: RX on fd=21 returned error=0 errno[2:No such file or directory]
01-08 02:28:51.839 E/QC-QMI  (  379): QMUX qmux_client_id=44 not found in qmux client list, unable to remove
01-08 02:28:51.839 D/msm8916_platform(  298): platform_init: mixer path file is /system/etc/mixer_paths_qrd_skub_smartpa.xml
01-08 02:28:51.859 W/Gonk    (  320): Frame delay is 33333 us but decoding took 47255 us
01-08 02:28:51.859 I/Gonk    (  320): Decoded bootup/0119.png: 240 x 320 frame with bgcolor? no (0, 0, 0; gray:0)
01-08 02:28:51.927 I/KERNEL  (  298): [   17.081989] tfa98xx_info_vstep(): vsteps count: 1 [prof=0]
01-08 02:28:51.927 I/KERNEL  (  298): [   17.082361] tfa98xx_info_vstep(): vsteps count: 10 [prof=1]
01-08 02:28:51.927 I/KERNEL  (  298): [   17.082612] tfa98xx_info_vstep(): vsteps count: 1 [prof=2]
01-08 02:28:51.946 I/KERNEL  (  298): [   17.100636] msm_qti_pp_get_rms_value_control, back not active to query rms be_idx:3
01-08 02:28:51.889 E/QC-DS-LIB(  412): qmi_client [412] 45: failed to locate client data
01-08 02:28:51.889 E/QC-DS-LIB(  379): qmuxd: RX on fd=21 returned error=0 errno[2:No such file or directory]
01-08 02:28:51.889 E/QC-QMI  (  379): QMUX qmux_client_id=45 not found in qmux client list, unable to remove
01-08 02:28:51.948 I/KERNEL  (  298): [   17.103342] core_get_license_status: cmdrsp_license_result.result = 0x15 for module 0x1
01-08 02:28:51.948 I/KERNEL  (  298): [   17.103602] msm_dolby_dap_param_to_get_control_get, port_id not set, do not query ADM
01-08 02:28:51.949 I/KERNEL  (  298): [   17.103659] msm_dolby_dap_param_visualizer_control_get Incorrect VCNB length
01-08 02:28:51.899 W/Gonk    (  320): Frame delay is 33333 us but decoding took 35123 us
01-08 02:28:51.899 I/Gonk    (  320): Decoded bootup/0120.png: 240 x 320 frame with bgcolor? no (0, 0, 0; gray:0)
01-08 02:28:51.899 E/QC-DS-LIB(  412): qmi_client [412] 46: failed to locate client data
01-08 02:28:51.899 E/QC-DS-LIB(  379): qmuxd: RX on fd=21 returned error=0 errno[2:No such file or directory]
01-08 02:28:51.899 E/QC-QMI  (  379): QMUX qmux_client_id=46 not found in qmux client list, unable to remove
01-08 02:28:51.909 E/QC-DS-LIB(  412): qmi_client [412] 47: failed to locate client data
01-08 02:28:51.909 E/QC-DS-LIB(  379): qmuxd: RX on fd=21 returned error=0 errno[2:No such file or directory]
01-08 02:28:51.909 E/QC-QMI  (  379): QMUX qmux_client_id=47 not found in qmux client list, unable to remove
01-08 02:28:51.919 E/QC-DS-LIB(  412): qmi_client [412] 48: failed to locate client data
01-08 02:28:51.929 E/QC-DS-LIB(  379): qmuxd: RX on fd=21 returned error=0 errno[2:No such file or directory]
01-08 02:28:51.929 E/QC-QMI  (  379): QMUX qmux_client_id=48 not found in qmux client list, unable to remove
01-08 02:28:51.929 E/QC-DS-LIB(  412): qmi_client [412] 49: failed to locate client data
01-08 02:28:51.929 E/QC-DS-LIB(  379): qmuxd: RX on fd=21 returned error=0 errno[2:No such file or directory]
01-08 02:28:51.929 E/QC-QMI  (  379): QMUX qmux_client_id=49 not found in qmux client list, unable to remove
01-08 02:28:51.939 E/QC-DS-LIB(  412): qmi_client [412] 4a: failed to locate client data
01-08 02:28:51.949 W/Gonk    (  320): Frame delay is 33333 us but decoding took 49434 us
01-08 02:28:51.949 I/Gonk    (  320): Decoded bootup/0121.png: 240 x 320 frame with bgcolor? no (0, 0, 0; gray:0)
01-08 02:28:51.1000 I/KERNEL  (  298): 
01-08 02:28:51.1000 I/KERNEL  (  298): [   17.155470] msm_pcm_volume_ctl_get substream runtime not found
01-08 02:28:51.1000 I/KERNEL  (  298): [   17.155592] msm_pcm_volume_ctl_get substream runtime not found
01-08 02:28:51.1001 I/KERNEL  (  298): [   17.155830] msm_pcm_volume_ctl_get substream runtime not found
01-08 02:28:51.1001 I/KERNEL  (  298): [   17.155995] msm_pcm_volume_ctl_get substream runtime not found
01-08 02:28:51.1001 I/KERNEL  (  298): [   17.156037] msm_pcm_volume_ctl_get substream or runtime not found
01-08 02:28:51.1001 I/KERNEL  (  298): [   17.156124] msm_pcm_volume_ctl_get substream runtime not found
01-08 02:28:51.949 E/audio_route(  298): Control 'HPHL Volume' doesn't exist - skipping
01-08 02:28:51.949 E/audio_route(  298): Control 'HPHR Volume' doesn't exist - skipping
01-08 02:28:51.959 E/audio_route(  298): Control 'RX2 MIX2 INP2' doesn't exist - skipping
01-08 02:28:51.959 E/audio_route(  298): Control 'RX1 MIX2 INP2' doesn't exist - skipping
01-08 02:28:51.959 E/audio_route(  298): Control 'MICBIAS CAPLESS Switch' doesn't exist - skipping
01-08 02:28:51.959 E/audio_route(  298): Control 'PRI_MI2S_RX Port Mixer INT_BT_SCO_TX' doesn't exist - skipping
01-08 02:28:51.959 E/audio_route(  298): Control 'INTERNAL_BT_SCO_RX Audio Mixer Multimedia6' doesn't exist - skipping
01-08 02:28:51.959 E/audio_route(  298): Control 'MI2S_DL_HL Switch' doesn't exist - skipping
01-08 02:28:51.979 E/audio_route(  298): Control 'MI2S_DL_HL Switch' doesn't exist - skipping
01-08 02:28:51.979 E/audio_route(  298): Control 'LSM1 MUX' doesn't exist - skipping
01-08 02:28:51.979 E/audio_route(  298): Control 'LSM2 MUX' doesn't exist - skipping
01-08 02:28:51.979 E/audio_route(  298): Control 'LSM3 MUX' doesn't exist - skipping
01-08 02:28:51.979 E/audio_route(  298): Control 'LSM4 MUX' doesn't exist - skipping
01-08 02:28:51.979 E/audio_route(  298): Control 'LSM5 MUX' doesn't exist - skipping
01-08 02:28:51.979 E/audio_route(  298): Control 'MI2S_DL_HL Switch' doesn't exist - skipping
01-08 02:28:51.979 E/audio_route(  298): Control 'LSM1 MUX' doesn't exist - skipping
01-08 02:28:51.979 E/audio_route(  298): Control 'LSM2 MUX' doesn't exist - skipping
01-08 02:28:51.979 E/audio_route(  298): Control 'LSM3 MUX' doesn't exist - skipping
01-08 02:28:51.979 E/audio_route(  298): Control 'LSM4 MUX' doesn't exist - skipping
01-08 02:28:51.979 E/audio_route(  298): Control 'LSM5 MUX' doesn't exist - skipping
01-08 02:28:51.989 E/QC-DS-LIB(  412): qmi_client [412] 4b: failed to locate client data
01-08 02:28:51.989 E/QC-DS-LIB(  379): qmuxd: RX on fd=22 returned error=0 errno[2:No such file or directory]
01-08 02:28:51.989 E/QC-QMI  (  379): QMUX qmux_client_id=4b not found in qmux client list, unable to remove
01-08 02:28:51.989 E/audio_route(  298): Control 'MI2S_DL_HL Switch' doesn't exist - skipping
01-08 02:28:51.989 E/audio_route(  298): Control 'MI2S_DL_HL Switch' doesn't exist - skipping
01-08 02:28:51.999 W/Gonk    (  320): Frame delay is 33333 us but decoding took 48525 us
01-08 02:28:51.999 I/Gonk    (  320): Decoded bootup/0122.png: 240 x 320 frame with bgcolor? no (0, 0, 0; gray:0)
01-08 02:28:51.999 E/QC-DS-LIB(  412): qmi_client [412] 4c: failed to locate client data
01-08 02:28:51.999 E/QC-DS-LIB(  379): qmuxd: RX on fd=22 returned error=0 errno[2:No such file or directory]
01-08 02:28:51.999 E/QC-QMI  (  379): QMUX qmux_client_id=4c not found in qmux client list, unable to remove
01-08 02:28:52.009 E/QC-DS-LIB(  379): qmuxd: RX on fd=21 returned error=0 errno[2:No such file or directory]
01-08 02:28:52.009 E/QC-QMI  (  379): QMUX qmux_client_id=4a not found in qmux client list, unable to remove
01-08 02:28:52.019 E/QC-DS-LIB(  412): qmi_client [412] 4d: failed to locate client data
01-08 02:28:52.019 E/QC-DS-LIB(  379): qmuxd: RX on fd=22 returned error=0 errno[2:No such file or directory]
01-08 02:28:52.019 E/QC-QMI  (  379): QMUX qmux_client_id=4d not found in qmux client list, unable to remove
01-08 02:28:52.029 E/QC-DS-LIB(  412): qmi_client [412] 4e: failed to locate client data
01-08 02:28:52.029 E/QC-DS-LIB(  379): qmuxd: RX on fd=21 returned error=0 errno[2:No such file or directory]
01-08 02:28:52.029 E/QC-QMI  (  379): QMUX qmux_client_id=4e not found in qmux client list, unable to remove
01-08 02:28:52.029 W/Gonk    (  320): Frame delay is 33333 us but decoding took 33347 us
01-08 02:28:52.029 I/Gonk    (  320): Decoded bootup/0123.png: 240 x 320 frame with bgcolor? no (0, 0, 0; gray:0)
01-08 02:28:52.039 D/msm8916_platform(  298): platform_init: Opened sound card:0
01-08 02:28:52.039 D/msm8916_platform(  298): Opening /sys/class/thermal/thermal_zone0/type
01-08 02:28:52.039 D/msm8916_platform(  298): Opening /sys/class/thermal/thermal_zone1/type
01-08 02:28:52.039 D/msm8916_platform(  298): Opening /sys/class/thermal/thermal_zone2/type
01-08 02:28:52.039 D/msm8916_platform(  298): Opening /sys/class/thermal/thermal_zone3/type
01-08 02:28:52.039 D/msm8916_platform(  298): Opening /sys/class/thermal/thermal_zone4/type
01-08 02:28:52.039 D/msm8916_platform(  298): Opening /sys/class/thermal/thermal_zone5/type
01-08 02:28:52.039 D/msm8916_platform(  298): Opening /sys/class/thermal/thermal_zone6/type
01-08 02:28:52.039 D/msm8916_platform(  298): Opening /sys/class/thermal/thermal_zone7/type
01-08 02:28:52.039 D/msm8916_platform(  298): Opening /sys/class/thermal/thermal_zone8/type
01-08 02:28:52.039 D/msm8916_platform(  298): Opening /sys/class/thermal/thermal_zone9/type
01-08 02:28:52.039 D/msm8916_platform(  298): Opening /sys/class/thermal/thermal_zone10/type
01-08 02:28:52.039 D/msm8916_platform(  298): Opening /sys/class/thermal/thermal_zone11/type
01-08 02:28:52.059 E/QC-DS-LIB(  412): qmi_client [412] 4f: failed to locate client data
01-08 02:28:52.059 E/QC-DS-LIB(  379): qmuxd: RX on fd=21 returned error=0 errno[2:No such file or directory]
01-08 02:28:52.059 E/QC-QMI  (  379): QMUX qmux_client_id=4f not found in qmux client list, unable to remove
01-08 02:28:52.069 D/MDnsDS  (  295): MDnsSdListener::Hander starting up
01-08 02:28:52.079 D/MDnsDS  (  295): MDnsSdListener starting to monitor
01-08 02:28:52.079 D/MDnsDS  (  295): Going to poll with pollCount 1
01-08 02:28:52.079 E/QC-DS-LIB(  412): qmi_client [412] 50: failed to locate client data
01-08 02:28:52.079 W/Gonk    (  320): Frame delay is 33333 us but decoding took 53806 us
01-08 02:28:52.079 I/Gonk    (  320): Decoded bootup/0124.png: 240 x 320 frame with bgcolor? no (0, 0, 0; gray:0)
01-08 02:28:52.089 D/ACDB-LOADER(  298): ACDB_CMD_INITIALIZE_V2 snd_card = msm8909-skub-snd-card, cvd_ver = 2.3, key =0
01-08 02:28:52.089 E/ACDB-LOADER(  298): ACDB -> use smart pa config
01-08 02:28:52.089 D/ACDB-LOADER(  298): ACDB -> Load file: /etc/acdbdata/QRD/mars_01_smart_pa/QRD_SKUB_Bluetooth_cal.acdb
01-08 02:28:52.089 D/ACDB-LOADER(  298): ACDB -> Load file: /etc/acdbdata/QRD/mars_01_smart_pa/QRD_SKUB_General_cal.acdb
01-08 02:28:52.089 D/ACDB-LOADER(  298): ACDB -> Load file: /etc/acdbdata/QRD/mars_01_smart_pa/QRD_SKUB_Global_cal.acdb
01-08 02:28:52.089 D/ACDB-LOADER(  298): ACDB -> Load file: /etc/acdbdata/QRD/mars_01_smart_pa/QRD_SKUB_Handset_cal.acdb
01-08 02:28:52.089 D/ACDB-LOADER(  298): ACDB -> Load file: /etc/acdbdata/QRD/mars_01_smart_pa/QRD_SKUB_Hdmi_cal.acdb
01-08 02:28:52.089 D/ACDB-LOADER(  298): ACDB -> Load file: /etc/acdbdata/QRD/mars_01_smart_pa/QRD_SKUB_Headset_cal.acdb
01-08 02:28:52.089 D/ACDB-LOADER(  298): ACDB -> Load file: /etc/acdbdata/QRD/mars_01_smart_pa/QRD_SKUB_Speaker_cal.acdb
01-08 02:28:52.109 D/        (  298): [ACDB Command]->SW Minor/Major/Revision version info for /etc/acdbdata/QRD/mars_01_smart_pa/QRD_SKUB_Bluetooth_cal.acdb
01-08 02:28:52.109 D/        (  298): [ACDB Command]->ACDB Sw Major = 9, ACDB Sw Minor = 0, ACDB Sw Revision = 4, ACDB Sw Cpl Number = 0
01-08 02:28:52.109 D/        (  298): [ACDB Command]->ACDB File Major = 5, ACDB File Minor = 1, ACDB File Revision = 0
01-08 02:28:52.109 E/QC-DS-LIB(  379): qmuxd: RX on fd=21 returned error=0 errno[2:No such file or directory]
01-08 02:28:52.109 E/QC-QMI  (  379): QMUX qmux_client_id=50 not found in qmux client list, unable to remove
01-08 02:28:52.109 D/        (  298): [ACDB Command]->SW Minor/Major/Revision version info for /etc/acdbdata/QRD/mars_01_smart_pa/QRD_SKUB_General_cal.acdb
01-08 02:28:52.109 D/        (  298): [ACDB Command]->ACDB Sw Major = 9, ACDB Sw Minor = 0, ACDB Sw Revision = 4, ACDB Sw Cpl Number = 0
01-08 02:28:52.109 D/        (  298): [ACDB Command]->ACDB File Major = 5, ACDB File Minor = 1, ACDB File Revision = 0
01-08 02:28:52.109 D/        (  298): [ACDB Command]->SW Minor/Major/Revision version info for /etc/acdbdata/QRD/mars_01_smart_pa/QRD_SKUB_Global_cal.acdb
01-08 02:28:52.109 D/        (  298): [ACDB Command]->ACDB Sw Major = 9, ACDB Sw Minor = 0, ACDB Sw Revision = 4, ACDB Sw Cpl Number = 0
01-08 02:28:52.109 D/        (  298): [ACDB Command]->ACDB File Major = 5, ACDB File Minor = 1, ACDB File Revision = 0
01-08 02:28:52.129 W/Gonk    (  320): Frame delay is 33333 us but decoding took 46878 us
01-08 02:28:52.129 I/Gonk    (  320): Decoded bootup/0125.png: 240 x 320 frame with bgcolor? no (0, 0, 0; gray:0)
01-08 02:28:52.129 D/        (  298): [ACDB Command]->SW Minor/Major/Revision version info for /etc/acdbdata/QRD/mars_01_smart_pa/QRD_SKUB_Handset_cal.acdb
01-08 02:28:52.129 D/        (  298): [ACDB Command]->ACDB Sw Major = 9, ACDB Sw Minor = 0, ACDB Sw Revision = 4, ACDB Sw Cpl Number = 0
01-08 02:28:52.129 D/        (  298): [ACDB Command]->ACDB File Major = 5, ACDB File Minor = 1, ACDB File Revision = 0
01-08 02:28:52.139 D/        (  298): [ACDB Command]->SW Minor/Major/Revision version info for /etc/acdbdata/QRD/mars_01_smart_pa/QRD_SKUB_Hdmi_cal.acdb
01-08 02:28:52.139 D/        (  298): [ACDB Command]->ACDB Sw Major = 9, ACDB Sw Minor = 0, ACDB Sw Revision = 4, ACDB Sw Cpl Number = 0
01-08 02:28:52.139 D/        (  298): [ACDB Command]->ACDB File Major = 5, ACDB File Minor = 1, ACDB File Revision = 0
01-08 02:28:52.149 E/QC-DS-LIB(  412): qmi_client [412] 51: failed to locate client data
01-08 02:28:52.149 E/QC-DS-LIB(  379): qmuxd: RX on fd=21 returned error=0 errno[2:No such file or directory]
01-08 02:28:52.149 E/QC-QMI  (  379): QMUX qmux_client_id=51 not found in qmux client list, unable to remove
01-08 02:28:52.149 D/        (  298): [ACDB Command]->SW Minor/Major/Revision version info for /etc/acdbdata/QRD/mars_01_smart_pa/QRD_SKUB_Headset_cal.acdb
01-08 02:28:52.149 D/        (  298): [ACDB Command]->ACDB Sw Major = 9, ACDB Sw Minor = 0, ACDB Sw Revision = 4, ACDB Sw Cpl Number = 0
01-08 02:28:52.149 D/        (  298): [ACDB Command]->ACDB File Major = 5, ACDB File Minor = 1, ACDB File Revision = 0
01-08 02:28:52.169 E/QC-DS-LIB(  412): qmi_client [412] 52: failed to locate client data
01-08 02:28:52.169 D/        (  298): [ACDB Command]->SW Minor/Major/Revision version info for /etc/acdbdata/QRD/mars_01_smart_pa/QRD_SKUB_Speaker_cal.acdb
01-08 02:28:52.169 D/        (  298): [ACDB Command]->ACDB Sw Major = 9, ACDB Sw Minor = 0, ACDB Sw Revision = 4, ACDB Sw Cpl Number = 0
01-08 02:28:52.169 E/QC-DS-LIB(  379): qmuxd: RX on fd=21 returned error=0 errno[2:No such file or directory]
01-08 02:28:52.169 D/        (  298): [ACDB Command]->ACDB File Major = 5, ACDB File Minor = 1, ACDB File Revision = 0
01-08 02:28:52.169 E/QC-QMI  (  379): QMUX qmux_client_id=52 not found in qmux client list, unable to remove
01-08 02:28:52.169 D/ACDB-LOADER(  298): ACDB -> ACPH INIT
01-08 02:28:52.169 D/        (  298): [ACPH]->Online service registered with ACPH
01-08 02:28:52.169 D/        (  298): [ACPH]->ACPH init success
01-08 02:28:52.169 D/ACDB-LOADER(  298): ACDB -> RTAC INIT
01-08 02:28:52.169 D/        (  298): [ACPH]->DSP RTC service registered with ACPH
01-08 02:28:52.169 D/ACDB-LOADER(  298): ACDB -> MCS, FTS INIT
01-08 02:28:52.169 E/MCS-RT-CTL(  298): Can't open the configuration file /system/etc/aanc_tuning_mixer.txt.
01-08 02:28:52.169 E/ACDB-MCS(  298): acdb_mcs_init: MCS routing control initialization failed.
01-08 02:28:52.169 D/        (  298): [ACPH]->FTS RTC service registered with ACPH
01-08 02:28:52.169 D/ACDB-LOADER(  298): ACDB -> ADIE RTAC INIT
01-08 02:28:52.169 D/        (  298): [ACPH]->ADIE RTC service registered with ACPH
01-08 02:28:52.169 D/ACDB-LOADER(  298): ACDB -> ACDB_CMD_GET_VOC_PROC_DYNAMIC_TABLE_SIZE
01-08 02:28:52.169 D/ACDB-LOADER(  298): ACDB -> send_meta_info, lic 0
01-08 02:28:52.169 D/        (  298): Couldnt find the key 00000000 
01-08 02:28:52.169 D/        (  298): Output from GetMetaInfoSize command : 0
01-08 02:28:52.169 E/QC-DS-LIB(  412): qmi_client [412] 53: failed to locate client data
01-08 02:28:52.169 E/QC-DS-LIB(  379): qmuxd: RX on fd=21 returned error=0 errno[2:No such file or directory]
01-08 02:28:52.169 E/QC-QMI  (  379): QMUX qmux_client_id=53 not found in qmux client list, unable to remove
01-08 02:28:52.179 W/Gonk    (  320): Frame delay is 33333 us but decoding took 49157 us
01-08 02:28:52.179 I/Gonk    (  320): Decoded bootup/0126.png: 240 x 320 frame with bgcolor? no (0, 0, 0; gray:0)
01-08 02:28:52.189 E/QC-DS-LIB(  412): qmi_client [412] 54: failed to locate client data
01-08 02:28:52.189 E/QC-DS-LIB(  379): qmuxd: RX on fd=21 returned error=0 errno[2:No such file or directory]
01-08 02:28:52.189 E/QC-QMI  (  379): QMUX qmux_client_id=54 not found in qmux client list, unable to remove
01-08 02:28:52.199 E/QC-DS-LIB(  412): qmi_client [412] 55: failed to locate client data
01-08 02:28:52.199 E/QC-DS-LIB(  379): qmuxd: RX on fd=21 returned error=0 errno[2:No such file or directory]
01-08 02:28:52.199 E/QC-QMI  (  379): QMUX qmux_client_id=55 not found in qmux client list, unable to remove
01-08 02:28:52.199 D/ACDB-LOADER(  298): ACDB -> send_adm_custom_topology
01-08 02:28:52.199 D/ACDB-LOADER(  298): ACDB -> ACDB_CMD_GET_AUDIO_COPP_TOPOLOGIES
01-08 02:28:52.199 D/        (  298): ACDBFILE_MGR: Property for the pid 00012E47 not found
01-08 02:28:52.199 D/        (  298): ACDB_COMMAND: Failed to fetch the property info for pid 00012E47 
01-08 02:28:52.199 E/ACDB-LOADER(  298): Error: ACDB get adm topologies returned = -18
01-08 02:28:52.199 D/ACDB-LOADER(  298): ACDB -> AUDIO_SET_ADM_CUSTOM_TOPOLOGY
01-08 02:28:52.199 D/ACDB-LOADER(  298): ACDB -> send_asm_custom_topology
01-08 02:28:52.199 D/ACDB-LOADER(  298): ACDB -> ACDB_CMD_GET_AUDIO_POPP_TOPOLOGIES
01-08 02:28:52.199 D/ACDB-LOADER(  298): ACDB -> AUDIO_SET_ASM_CUSTOM_TOPOLOGY
01-08 02:28:52.199 D/ACDB-LOADER(  298): ACDB -> send_lsm_custom_topology
01-08 02:28:52.199 D/ACDB-LOADER(  298): ACDB -> ACDB_CMD_GET_LSM_TOPOLOGIES
01-08 02:28:52.199 D/        (  298): ACDBFILE_MGR: Property for the pid 000130DF not found
01-08 02:28:52.199 D/        (  298): ACDB_COMMAND: Failed to fetch the property info for pid 000130DF 
01-08 02:28:52.199 E/ACDB-LOADER(  298): Error: ACDB get lsm custom topologies returned = -18
01-08 02:28:52.199 D/ACDB-LOADER(  298): ACDB -> AUDIO_SET_LSM_CUSTOM_TOPOLOGY
01-08 02:28:52.199 D/ACDB-LOADER(  298): ACDB -> send_meta_info Enter
01-08 02:28:52.199 E/ACDB-LOADER(  298): Fail to allocate memory for metainfo
01-08 02:28:52.199 D/ACDB-LOADER(  298): ACDB -> init done!
01-08 02:28:52.199 D/msm8916_platform(  298): ACDB initialized
01-08 02:28:52.199 D/msm8916_platform(  298): hw_util_open Opening device /dev/snd/hwC0D1000
01-08 02:28:52.199 D/msm8916_platform(  298): hw_util_open success
01-08 02:28:52.199 D/ACDB-LOADER(  298): ACDB -> ACDB_CMD_GET_ANC_SETTING
01-08 02:28:52.199 D/        (  298): Failed to fetch the lookup information of the device 0000001A 
01-08 02:28:52.199 E/ACDB-LOADER(  298): Error: ACDB ANC returned = -19
01-08 02:28:52.199 D/ACDB-LOADER(  298): ACDB -> ACDB_CMD_GET_ANC_SETTING
01-08 02:28:52.199 D/        (  298): Failed to fetch the lookup information of the device 0000001B 
01-08 02:28:52.199 E/ACDB-LOADER(  298): Error: ACDB ANC returned = -19
01-08 02:28:52.199 D/ACDB-LOADER(  298): ACDB -> ACDB_CMD_GET_ANC_SETTING
01-08 02:28:52.199 D/        (  298): Failed to fetch the lookup information of the device 0000001C 
01-08 02:28:52.199 E/ACDB-LOADER(  298): Error: ACDB ANC returned = -19
01-08 02:28:52.199 D/ACDB-LOADER(  298): ACDB -> ACDB_CMD_GET_ANC_SETTING
01-08 02:28:52.199 D/        (  298): Failed to fetch the lookup information of the device 0000001D 
01-08 02:28:52.199 E/ACDB-LOADER(  298): Error: ACDB ANC returned = -19
01-08 02:28:52.199 D/ACDB-LOADER(  298): ACDB -> ACDB_CMD_GET_ANC_SETTING
01-08 02:28:52.199 D/        (  298): Failed to fetch the lookup information of the device 0000001E 
01-08 02:28:52.199 E/ACDB-LOADER(  298): Error: ACDB ANC returned = -19
01-08 02:28:52.199 D/ACDB-LOADER(  298): ACDB -> ACDB_CMD_GET_ANC_SETTING
01-08 02:28:52.199 D/        (  298): Failed to fetch the lookup information of the device 0000001F 
01-08 02:28:52.199 E/ACDB-LOADER(  298): Error: ACDB ANC returned = -19
01-08 02:28:52.199 D/ACDB-LOADER(  298): ACDB -> ACDB_CMD_GET_ANC_SETTING
01-08 02:28:52.199 D/        (  298): Failed to fetch the lookup information of the device 00000067 
01-08 02:28:52.199 E/ACDB-LOADER(  298): Error: ACDB ANC returned = -19
01-08 02:28:52.199 D/ACDB-LOADER(  298): ACDB -> ACDB_CMD_GET_ANC_SETTING
01-08 02:28:52.199 D/        (  298): Failed to fetch the lookup information of the device 00000056 
01-08 02:28:52.199 E/ACDB-LOADER(  298): Error: ACDB ANC returned = -20
01-08 02:28:52.199 D/ACDB-LOADER(  298): ACDB -> ACDB_CMD_GET_ANC_SETTING
01-08 02:28:52.199 D/        (  298): Failed to fetch the lookup information of the device 00000059 
01-08 02:28:52.199 E/ACDB-LOADER(  298): Error: ACDB ANC returned = -20
01-08 02:28:52.199 E/msm8916_platform(  298): Failed to call ioctl  for anc_cal err=14 calib.size=16
01-08 02:28:52.199 D/msm8916_platform(  298): send_codec_cal cal sent for anc_cal calib.size=16
01-08 02:28:52.199 E/ACDB-LOADER(  298): ACDB -> send_codec_cal
01-08 02:28:52.199 E/ACDB-LOADER(  298): ACDB -> ACDB_CMD_GET_CODEC_CAL_DATA
01-08 02:28:52.199 D/        (  298): Failed to fetch the lookup information of the device 00000064 
01-08 02:28:52.199 E/ACDB-LOADER(  298): Error: ACDB CODEC CAL returned = -19
01-08 02:28:52.199 E/msm8916_platform(  298): Failed to call ioctl  for mad_cal err=14 calib.size=-1270331857
01-08 02:28:52.199 D/msm8916_platform(  298): send_codec_cal cal sent for mad_cal calib.size=-1270331857
01-08 02:28:52.199 D/ACDB-LOADER(  298): send mbhc data
01-08 02:28:52.199 D/ACDB-LOADER(  298): ACDB -> MBHC ACDB_PID_GENERAL_CONFIG
01-08 02:28:52.199 D/ACDB-LOADER(  298): ACDB -> MBHC ACDB_PID_PLUG_REMOVAL_DETECTION
01-08 02:28:52.199 D/ACDB-LOADER(  298): ACDB -> MBHC ACDB_PID_PLUG_TYPE_DETECTION
01-08 02:28:52.199 D/ACDB-LOADER(  298): ACDB -> MBHC ACDB_PID_BUTTON_PRESS_DETECTION
01-08 02:28:52.199 D/ACDB-LOADER(  298): ACDB -> MBHC ACDB_PID_IMPEDANCE_DETECTION
01-08 02:28:52.199 D/msm8916_platform(  298): send_codec_cal cal sent for mbhc_cal calib.size=154
01-08 02:28:52.199 E/msm8916_platform(  298): Failed to call ioctl  for  err=14 calib.size=154
01-08 02:28:52.199 D/msm8916_platform(  298): send_codec_cal cal sent for  calib.size=154
01-08 02:28:52.199 D/audio_hw_pm(  298): audio_extn_pm_vote: register with peripheral manager for modem
01-08 02:28:52.199 E/QC-DS-LIB(  412): qmi_client [412] 56: failed to locate client data
01-08 02:28:52.199 E/QC-DS-LIB(  379): qmuxd: RX on fd=21 returned error=0 errno[2:No such file or directory]
01-08 02:28:52.199 E/QC-QMI  (  379): QMUX qmux_client_id=56 not found in qmux client list, unable to remove
01-08 02:28:51.1252 I/KERNEL  (  298): [   17.407300] wcdcal_hwdep_ioctl_shared: codec didn't set this 0!!
01-08 02:28:51.1252 I/KERNEL  (  298): [   17.407466] wcdcal_hwdep_ioctl_shared: codec didn't set this 1!!
01-08 02:28:51.1253 I/KERNEL  (  298): [   17.407671] wcdcal_hwdep_ioctl_shared: codec didn't set this 3!!
01-08 02:28:52.209 D/PerMgrSrv(  269): modem state: is on-line, add client audio
01-08 02:28:52.209 D/PerMgrSrv(  269): audio registered
01-08 02:28:52.209 D/PerMgrLib(  298): audio successfully registered for modem
01-08 02:28:52.209 D/audio_hw_pm(  298): audio_extn_pm_vote: Voting for subsystem power up
01-08 02:28:52.209 D/PerMgrLib(  298): audio voting for modem
01-08 02:28:52.209 D/PerMgrSrv(  269): audio voting for modem
01-08 02:28:52.209 D/PerMgrSrv(  269): modem num voters is 2
01-08 02:28:52.209 D/audio_hw_pm(  298): audio_extn_pm_vote: write to sysfs to unload image
01-08 02:28:51.1262 I/KERNEL  (    1): [   17.417199] init: Starting service 'tfa98xxx'...
01-08 02:28:52.209 E/QC-DS-LIB(  412): qmi_client [412] 57: failed to locate client data
01-08 02:28:52.209 E/QC-DS-LIB(  379): qmuxd: RX on fd=21 returned error=0 errno[2:No such file or directory]
01-08 02:28:52.209 E/QC-QMI  (  379): QMUX qmux_client_id=57 not found in qmux client list, unable to remove
01-08 02:28:52.219 E/QC-DS-LIB(  412): qmi_client [412] 58: failed to locate client data
01-08 02:28:52.219 E/QC-DS-LIB(  379): qmuxd: RX on fd=21 returned error=0 errno[2:No such file or directory]
01-08 02:28:52.219 E/QC-QMI  (  379): QMUX qmux_client_id=58 not found in qmux client list, unable to remove
01-08 02:28:52.229 E/QC-DS-LIB(  412): qmi_client [412] 59: failed to locate client data
01-08 02:28:52.229 E/QC-DS-LIB(  379): qmuxd: RX on fd=21 returned error=0 errno[2:No such file or directory]
01-08 02:28:52.229 E/QC-QMI  (  379): QMUX qmux_client_id=59 not found in qmux client list, unable to remove
01-08 02:28:52.239 W/Gonk    (  320): Frame delay is 33333 us but decoding took 55216 us
01-08 02:28:52.239 I/Gonk    (  320): Decoded bootup/0127.png: 240 x 320 frame with bgcolor? no (0, 0, 0; gray:0)
01-08 02:28:52.239 E/QC-DS-LIB(  412): qmi_client [412] 5a: failed to locate client data
01-08 02:28:52.249 I/ServiceManager(  320): Waiting for service media.audio_policy...
01-08 02:28:52.249 E/QC-DS-LIB(  412): qmi_client [412] 5b: failed to locate client data
01-08 02:28:52.259 E/QC-DS-LIB(  379): qmuxd: RX on fd=22 returned error=0 errno[2:No such file or directory]
01-08 02:28:52.259 E/QC-QMI  (  379): QMUX qmux_client_id=5b not found in qmux client list, unable to remove
01-08 02:28:52.269 E/QC-DS-LIB(  379): qmuxd: RX on fd=21 returned error=0 errno[2:No such file or directory]
01-08 02:28:52.269 E/QC-QMI  (  379): QMUX qmux_client_id=5a not found in qmux client list, unable to remove
01-08 02:28:52.269 E/QC-DS-LIB(  412): qmi_client [412] 5c: failed to locate client data
01-08 02:28:52.279 W/Gonk    (  320): Frame delay is 33333 us but decoding took 44491 us
01-08 02:28:52.279 I/Gonk    (  320): Decoded bootup/0128.png: 240 x 320 frame with bgcolor? no (0, 0, 0; gray:0)
01-08 02:28:52.289 E/QC-DS-LIB(  412): qmi_client [412] 5d: failed to locate client data
01-08 02:28:52.289 E/QC-DS-LIB(  379): qmuxd: RX on fd=21 returned error=0 errno[2:No such file or directory]
01-08 02:28:52.289 E/QC-QMI  (  379): QMUX qmux_client_id=5d not found in qmux client list, unable to remove
01-08 02:28:51.1349 I/KERNEL  ( 1768): [   17.504549] tfa98xx_info_vstep(): vsteps count: 1 [prof=0]
01-08 02:28:51.1350 I/KERNEL  ( 1768): [   17.505069] tfa98xx_info_vstep(): vsteps count: 10 [prof=1]
01-08 02:28:51.1350 I/KERNEL  ( 1768): [   17.505189] tfa98xx_info_vstep(): vsteps count: 1 [prof=2]
01-08 02:28:52.299 E/QC-DS-LIB(  412): qmi_client [412] 5e: failed to locate client data
01-08 02:28:52.299 E/QC-DS-LIB(  379): qmuxd: RX on fd=21 returned error=0 errno[2:No such file or directory]
01-08 02:28:52.299 E/QC-QMI  (  379): QMUX qmux_client_id=5e not found in qmux client list, unable to remove
01-08 02:28:52.299 E/QC-DS-LIB(  379): qmuxd: RX on fd=22 returned error=0 errno[2:No such file or directory]
01-08 02:28:52.299 E/QC-QMI  (  379): QMUX qmux_client_id=5c not found in qmux client list, unable to remove
01-08 02:28:52.309 E/QC-DS-LIB(  412): qmi_client [412] 5f: failed to locate client data
01-08 02:28:52.309 E/QC-DS-LIB(  379): qmuxd: RX on fd=21 returned error=0 errno[2:No such file or directory]
01-08 02:28:52.309 E/QC-QMI  (  379): QMUX qmux_client_id=5f not found in qmux client list, unable to remove
01-08 02:28:52.309 W/Gonk    (  320): Frame delay is 33333 us but decoding took 33436 us
01-08 02:28:52.309 I/Gonk    (  320): Decoded bootup/0129.png: 240 x 320 frame with bgcolor? no (0, 0, 0; gray:0)
01-08 02:28:51.1399 I/KERNEL  ( 1805): [   17.554014] tfa98xx_info_vstep(): vsteps count: 1 [prof=0]
01-08 02:28:51.1399 I/KERNEL  ( 1805): [   17.554421] tfa98xx_info_vstep(): vsteps count: 10 [prof=1]
01-08 02:28:51.1400 I/KERNEL  ( 1805): [   17.554802] tfa98xx_info_vstep(): vsteps count: 1 [prof=2]
01-08 02:28:52.349 E/QC-DS-LIB(  412): qmi_client [412] 60: failed to locate client data
01-08 02:28:52.359 E/QC-DS-LIB(  412): qmi_client [412] 61: failed to locate client data
01-08 02:28:52.359 E/QC-DS-LIB(  379): qmuxd: RX on fd=22 returned error=0 errno[2:No such file or directory]
01-08 02:28:52.359 E/QC-QMI  (  379): QMUX qmux_client_id=61 not found in qmux client list, unable to remove
01-08 02:28:52.359 W/Gonk    (  320): Frame delay is 33333 us but decoding took 50958 us
01-08 02:28:52.359 I/Gonk    (  320): Decoded bootup/0130.png: 240 x 320 frame with bgcolor? no (0, 0, 0; gray:0)
01-08 02:28:52.369 E/QC-DS-LIB(  379): qmuxd: RX on fd=21 returned error=0 errno[2:No such file or directory]
01-08 02:28:52.369 E/QC-QMI  (  379): QMUX qmux_client_id=60 not found in qmux client list, unable to remove
01-08 02:28:52.379 E/QC-DS-LIB(  412): qmi_client [412] 62: failed to locate client data
01-08 02:28:52.399 E/QC-DS-LIB(  379): qmuxd: RX on fd=22 returned error=0 errno[2:No such file or directory]
01-08 02:28:52.399 E/QC-QMI  (  379): QMUX qmux_client_id=62 not found in qmux client list, unable to remove
01-08 02:28:52.399 E/QC-DS-LIB(  412): qmi_client [412] 63: failed to locate client data
01-08 02:28:52.409 W/Gonk    (  320): Frame delay is 33333 us but decoding took 48913 us
01-08 02:28:52.409 I/Gonk    (  320): Decoded bootup/0131.png: 240 x 320 frame with bgcolor? no (0, 0, 0; gray:0)
01-08 02:28:51.1468 I/KERNEL  ( 1825): [   17.622955] tfa98xx_info_vstep(): vsteps count: 1 [prof=0]
01-08 02:28:51.1468 I/KERNEL  ( 1825): [   17.623075] tfa98xx_info_vstep(): vsteps count: 10 [prof=1]
01-08 02:28:51.1468 I/KERNEL  ( 1825): [   17.623151] tfa98xx_info_vstep(): vsteps count: 1 [prof=2]
01-08 02:28:52.419 E/QC-DS-LIB(  412): qmi_client [412] 64: failed to locate client data
01-08 02:28:52.419 E/QC-DS-LIB(  379): qmuxd: RX on fd=22 returned error=0 errno[2:No such file or directory]
01-08 02:28:52.419 E/QC-QMI  (  379): QMUX qmux_client_id=64 not found in qmux client list, unable to remove
01-08 02:28:52.429 E/QC-DS-LIB(  379): qmuxd: RX on fd=21 returned error=0 errno[2:No such file or directory]
01-08 02:28:52.429 E/QC-QMI  (  379): QMUX qmux_client_id=63 not found in qmux client list, unable to remove
01-08 02:28:52.429 E/QC-DS-LIB(  412): qmi_client [412] 65: failed to locate client data
01-08 02:28:52.449 E/QC-DS-LIB(  412): qmi_client [412] 66: failed to locate client data
01-08 02:28:52.449 E/QC-DS-LIB(  379): qmuxd: RX on fd=21 returned error=0 errno[2:No such file or directory]
01-08 02:28:52.449 E/QC-QMI  (  379): QMUX qmux_client_id=66 not found in qmux client list, unable to remove
01-08 02:28:52.459 E/QC-DS-LIB(  379): qmuxd: RX on fd=22 returned error=0 errno[2:No such file or directory]
01-08 02:28:52.459 E/QC-QMI  (  379): QMUX qmux_client_id=65 not found in qmux client list, unable to remove
01-08 02:28:52.459 W/Gonk    (  320): Frame delay is 33333 us but decoding took 50411 us
01-08 02:28:52.459 I/Gonk    (  320): Decoded bootup/0132.png: 240 x 320 frame with bgcolor? no (0, 0, 0; gray:0)
01-08 02:28:52.459 E/QC-DS-LIB(  412): qmi_client [412] 67: failed to locate client data
01-08 02:28:52.479 E/QC-DS-LIB(  412): qmi_client [412] 68: failed to locate client data
01-08 02:28:52.479 E/QC-DS-LIB(  379): qmuxd: RX on fd=22 returned error=0 errno[2:No such file or directory]
01-08 02:28:52.479 E/QC-QMI  (  379): QMUX qmux_client_id=68 not found in qmux client list, unable to remove
01-08 02:28:51.1534 I/KERNEL  ( 1855): [   17.689257] tfa98xx_get_profile_sr - profile fs: 0xffffffff = 0Hz (0 - 0)
01-08 02:28:51.1534 I/KERNEL  ( 1855): [   17.689304] tfa98xx_get_profile_sr - default fs: 0x8 = 48000Hz (0 - 0)
01-08 02:28:51.1534 I/KERNEL  ( 1855): [   17.689318] tfa98xx_get_profile_sr - profile fs: 0xffffffff = 0Hz (0 - 1)
01-08 02:28:51.1534 I/KERNEL  ( 1855): [   17.689328] tfa98xx_get_profile_sr - default fs: 0x8 = 48000Hz (0 - 1)
01-08 02:28:51.1537 I/KERNEL  ( 1874): [   17.691839] q6asm_callback: cmd = 0x10bcd returned error = 0x1
01-08 02:28:51.1537 I/KERNEL  ( 1855): [   17.691896] __q6asm_cmd: DSP returned error[-1] opcode 68557
01-08 02:28:51.1538 I/KERNEL  ( 1855): [   17.693045] tfa98xx 2-0034: state: 1
01-08 02:28:51.1545 I/KERNEL  ( 1855): [   17.700362] tfa98xx_get_profile_sr - profile fs: 0xffffffff = 0Hz (0 - 0)
01-08 02:28:51.1545 I/KERNEL  ( 1855): [   17.700402] tfa98xx_get_profile_sr - default fs: 0x8 = 48000Hz (0 - 0)
01-08 02:28:51.1545 I/KERNEL  ( 1855): [   17.700416] tfa98xx_get_profile_sr - profile fs: 0xffffffff = 0Hz (0 - 1)
01-08 02:28:51.1545 I/KERNEL  ( 1855): [   17.700427] tfa98xx_get_profile_sr - default fs: 0x8 = 48000Hz (0 - 1)
01-08 02:28:51.1548 I/KERNEL  ( 1855): [   17.702937] tfa98xx_hw_params(): Requested rate: 48000, sample size: 16, physical size: 16
01-08 02:28:51.1548 I/KERNEL  ( 1855): [   17.702981] tfa98xx_hw_params(): mixer profile:container profile = [0:0]
01-08 02:28:52.499 E/QC-DS-LIB(  379): qmuxd: RX on fd=21 returned error=0 errno[2:No such file or directory]
01-08 02:28:52.499 E/QC-QMI  (  379): QMUX qmux_client_id=67 not found in qmux client list, unable to remove
01-08 02:28:52.499 E/QC-DS-LIB(  412): qmi_client [412] 69: failed to locate client data
01-08 02:28:52.509 E/QC-DS-LIB(  412): qmi_client [412] 6a: failed to locate client data
01-08 02:28:52.509 E/QC-DS-LIB(  379): qmuxd: RX on fd=21 returned error=0 errno[2:No such file or directory]
01-08 02:28:52.509 E/QC-QMI  (  379): QMUX qmux_client_id=6a not found in qmux client list, unable to remove
01-08 02:28:51.1564 I/KERNEL  ( 1855): [   17.718803] tfa98xx 2-0034: state: 0
01-08 02:28:51.1564 I/KERNEL  (   22): [   17.719386] coldstart :
01-08 02:28:52.519 W/Gonk    (  320): Frame delay is 33333 us but decoding took 50806 us
01-08 02:28:52.519 I/Gonk    (  320): Decoded bootup/0133.png: 240 x 320 frame with bgcolor? no (0, 0, 0; gray:0)
01-08 02:28:52.519 E/QC-DS-LIB(  412): qmi_client [412] 6b: failed to locate client data
01-08 02:28:52.519 E/QC-DS-LIB(  379): qmuxd: RX on fd=21 returned error=0 errno[2:No such file or directory]
01-08 02:28:52.519 E/QC-QMI  (  379): QMUX qmux_client_id=6b not found in qmux client list, unable to remove
01-08 02:28:52.519 E/QC-DS-LIB(  379): qmuxd: RX on fd=22 returned error=0 errno[2:No such file or directory]
01-08 02:28:52.519 E/QC-QMI  (  379): QMUX qmux_client_id=69 not found in qmux client list, unable to remove
01-08 02:28:52.559 E/QC-DS-LIB(  412): qmi_client [412] 6c: failed to locate client data
01-08 02:28:52.559 E/QC-DS-LIB(  379): qmuxd: RX on fd=21 returned error=0 errno[2:No such file or directory]
01-08 02:28:52.559 E/QC-QMI  (  379): QMUX qmux_client_id=6c not found in qmux client list, unable to remove
01-08 02:28:52.559 W/Gonk    (  320): Frame delay is 33333 us but decoding took 48601 us
01-08 02:28:52.559 I/Gonk    (  320): Decoded bootup/0134.png: 240 x 320 frame with bgcolor? no (0, 0, 0; gray:0)
01-08 02:28:52.569 E/QC-DS-LIB(  412): qmi_client [412] 6d: failed to locate client data
01-08 02:28:52.579 E/QC-DS-LIB(  412): qmi_client [412] 6e: failed to locate client data
01-08 02:28:52.579 E/QC-DS-LIB(  379): qmuxd: RX on fd=22 returned error=0 errno[2:No such file or directory]
01-08 02:28:52.579 E/QC-QMI  (  379): QMUX qmux_client_id=6e not found in qmux client list, unable to remove
01-08 02:28:52.579 E/QC-DS-LIB(  379): qmuxd: RX on fd=21 returned error=0 errno[2:No such file or directory]
01-08 02:28:52.579 E/QC-QMI  (  379): QMUX qmux_client_id=6d not found in qmux client list, unable to remove
01-08 02:28:52.599 E/QC-DS-LIB(  412): qmi_client [412] 6f: failed to locate client data
01-08 02:28:52.599 E/QC-DS-LIB(  379): qmuxd: RX on fd=21 returned error=0 errno[2:No such file or directory]
01-08 02:28:52.599 E/QC-QMI  (  379): QMUX qmux_client_id=6f not found in qmux client list, unable to remove
01-08 02:28:52.609 E/QC-DS-LIB(  412): qmi_client [412] 70: failed to locate client data
01-08 02:28:52.609 W/Gonk    (  320): Frame delay is 33333 us but decoding took 49607 us
01-08 02:28:52.609 I/Gonk    (  320): Decoded bootup/0135.png: 240 x 320 frame with bgcolor? no (0, 0, 0; gray:0)
01-08 02:28:52.619 E/QC-DS-LIB(  412): qmi_client [412] 71: failed to locate client data
01-08 02:28:52.619 E/QC-DS-LIB(  379): qmuxd: RX on fd=22 returned error=0 errno[2:No such file or directory]
01-08 02:28:52.619 E/QC-QMI  (  379): QMUX qmux_client_id=71 not found in qmux client list, unable to remove
01-08 02:28:52.629 E/QC-DS-LIB(  412): qmi_client [412] 72: failed to locate client data
01-08 02:28:52.629 E/QC-DS-LIB(  379): qmuxd: RX on fd=22 returned error=0 errno[2:No such file or directory]
01-08 02:28:52.629 E/QC-QMI  (  379): QMUX qmux_client_id=72 not found in qmux client list, unable to remove
01-08 02:28:52.639 E/QC-DS-LIB(  379): qmuxd: RX on fd=21 returned error=0 errno[2:No such file or directory]
01-08 02:28:52.639 E/QC-QMI  (  379): QMUX qmux_client_id=70 not found in qmux client list, unable to remove
01-08 02:28:52.639 E/QC-DS-LIB(  412): qmi_client [412] 73: failed to locate client data
01-08 02:28:52.649 W/Gonk    (  320): Frame delay is 33333 us but decoding took 33736 us
01-08 02:28:52.649 I/Gonk    (  320): Decoded bootup/0136.png: 240 x 320 frame with bgcolor? no (0, 0, 0; gray:0)
01-08 02:28:52.659 E/QC-DS-LIB(  412): qmi_client [412] 74: failed to locate client data
01-08 02:28:52.659 E/QC-DS-LIB(  379): qmuxd: RX on fd=21 returned error=0 errno[2:No such file or directory]
01-08 02:28:52.659 E/QC-QMI  (  379): QMUX qmux_client_id=74 not found in qmux client list, unable to remove
01-08 02:28:52.659 E/QC-DS-LIB(  379): qmuxd: RX on fd=22 returned error=0 errno[2:No such file or directory]
01-08 02:28:52.659 E/QC-QMI  (  379): QMUX qmux_client_id=73 not found in qmux client list, unable to remove
01-08 02:28:52.669 E/QC-DS-LIB(  412): qmi_client [412] 75: failed to locate client data
01-08 02:28:51.1728 I/KERNEL  (   22): 
01-08 02:28:51.1728 I/KERNEL  (   22): [   17.882707]  8406 mOhms 
01-08 02:28:52.679 E/QC-DS-LIB(  412): qmi_client [412] 76: failed to locate client data
01-08 02:28:52.679 E/QC-DS-LIB(  379): qmuxd: RX on fd=22 returned error=0 errno[2:No such file or directory]
01-08 02:28:52.679 E/QC-QMI  (  379): QMUX qmux_client_id=76 not found in qmux client list, unable to remove
01-08 02:28:51.1735 I/KERNEL  (   22): [   17.889834] tfa98xx 2-0034: tfa_start success (0)
01-08 02:28:52.689 E/QC-DS-LIB(  412): qmi_client [412] 77: failed to locate client data
01-08 02:28:52.689 E/QC-DS-LIB(  379): qmuxd: RX on fd=22 returned error=0 errno[2:No such file or directory]
01-08 02:28:52.689 E/QC-QMI  (  379): QMUX qmux_client_id=77 not found in qmux client list, unable to remove
01-08 02:28:52.689 E/QC-DS-LIB(  379): qmuxd: RX on fd=21 returned error=0 errno[2:No such file or directory]
01-08 02:28:52.689 E/QC-QMI  (  379): QMUX qmux_client_id=75 not found in qmux client list, unable to remove
01-08 02:28:52.699 W/Gonk    (  320): Frame delay is 33333 us but decoding took 49591 us
01-08 02:28:52.699 I/Gonk    (  320): Decoded bootup/0137.png: 240 x 320 frame with bgcolor? no (0, 0, 0; gray:0)
01-08 02:28:52.719 E/QC-DS-LIB(  412): qmi_client [412] 78: failed to locate client data
01-08 02:28:52.719 E/QC-DS-LIB(  379): qmuxd: RX on fd=21 returned error=0 errno[2:No such file or directory]
01-08 02:28:52.719 E/QC-QMI  (  379): QMUX qmux_client_id=78 not found in qmux client list, unable to remove
01-08 02:28:52.719 E/mm-camera-eztune(  329): vendor/qcom/proprietary/mm-camera/mm-camera2/server-tuning/tuning/eztune_cam_adapter.cpp(667): "mct_stream_t* eztune::get_mct_stream(mct_pipeline_t*, eztune::mct_pipeline_get_stream_info_t*): no children"
01-08 02:28:52.719 W/mm-camera-eztune(  329): vendor/qcom/proprietary/mm-camera/mm-camera2/server-tuning/tuning/eztune_cam_adapter.cpp(719): "Message send ignored as stream or stream state not valid"
01-08 02:28:52.719 E/mm-camera-eztune(  329): vendor/qcom/proprietary/mm-camera/mm-camera2/server-tuning/tuning/eztune_cam_adapter.cpp(667): "mct_stream_t* eztune::get_mct_stream(mct_pipeline_t*, eztune::mct_pipeline_get_stream_info_t*): no children"
01-08 02:28:52.719 W/mm-camera-eztune(  329): vendor/qcom/proprietary/mm-camera/mm-camera2/server-tuning/tuning/eztune_cam_adapter.cpp(719): "Message send ignored as stream or stream state not valid"
01-08 02:28:52.719 E/mm-camera-eztune(  329): vendor/qcom/proprietary/mm-camera/mm-camera2/server-tuning/tuning/eztune_cam_adapter.cpp(667): "mct_stream_t* eztune::get_mct_stream(mct_pipeline_t*, eztune::mct_pipeline_get_stream_info_t*): no children"
01-08 02:28:52.719 W/mm-camera-eztune(  329): vendor/qcom/proprietary/mm-camera/mm-camera2/server-tuning/tuning/eztune_cam_adapter.cpp(719): "Message send ignored as stream or stream state not valid"
01-08 02:28:52.719 E/mm-camera-eztune(  329): vendor/qcom/proprietary/mm-camera/mm-camera2/server-tuning/tuning/eztune_cam_adapter.cpp(667): "mct_stream_t* eztune::get_mct_stream(mct_pipeline_t*, eztune::mct_pipeline_get_stream_info_t*): no children"
01-08 02:28:52.719 W/mm-camera-eztune(  329): vendor/qcom/proprietary/mm-camera/mm-camera2/server-tuning/tuning/eztune_cam_adapter.cpp(719): "Message send ignored as stream or stream state not valid"
01-08 02:28:52.719 E/mm-camera-eztune(  329): vendor/qcom/proprietary/mm-camera/mm-camera2/server-tuning/tuning/eztune_cam_adapter.cpp(667): "mct_stream_t* eztune::get_mct_stream(mct_pipeline_t*, eztune::mct_pipeline_get_stream_info_t*): no children"
01-08 02:28:52.719 W/mm-camera-eztune(  329): vendor/qcom/proprietary/mm-camera/mm-camera2/server-tuning/tuning/eztune_cam_adapter.cpp(719): "Message send ignored as stream or stream state not valid"
01-08 02:28:52.719 I/mm-camera-eztune(  329): vendor/qcom/proprietary/mm-camera/mm-camera2/server-tuning/tuning/eztune_process.cpp(405): "bool eztune::ProcessLayer::Init(eztune_server_t, int):Control Mode Init"
