--------- beginning of system
01-08 02:28:38.369 I/vold    (  214): Vold 3.0 (the awakening) firing up
01-08 02:28:38.379 V/vold    (  214): Detected support for: ext4 vfat
01-08 02:28:40.659 I/irsc_util(  309): Starting irsc tool
01-08 02:28:40.719 I/irsc_util(  309): Num of entries:284
--------- beginning of radio
01-08 02:28:40.759 D/RILD    (  297): **RIL Daemon Started**
01-08 02:28:40.759 D/RILD    (  297): **RILd param count=1**
01-08 02:28:40.789 I/irsc_util(  309): Ending irsc tool
01-08 02:28:43.599 D/RILD    (  297): RIL_Init argc = 5 clientId = 0
01-08 02:28:43.599 E/RILQ    (  297): log to /data/misc/radio/ril_log for QCRIL logging is not enabled
01-08 02:28:44.069 I/RILQ    (  297): (0/297):RIL[0][rild] qmi_ril_qmi_client_pre_initialization_acquire: entry
01-08 02:28:44.069 I/RILQ    (  297): (0/297):RIL[0][rild] qmi_ril_qmi_client_pre_initialization_acquire: exit
01-08 02:28:44.079 W/RILC    (  297): RIL_onUnsolicitedResponse called before RIL_register
01-08 02:28:44.079 D/RILD    (  297): RIL_Init rilInit completed
01-08 02:28:44.079 I/RILC    (  297): SIM_COUNT: 1
01-08 02:28:44.079 E/RILC    (  297): RIL_register: RIL version 12
01-08 02:28:44.079 I/RILC    (  297): s_registerCalled flag set, 1
01-08 02:28:44.079 I/RILC    (  297): Start to listen RIL_SOCKET_1
01-08 02:28:44.079 D/RILD    (  297): RIL_Init RIL_register completed
01-08 02:28:44.079 D/RILD    (  297): RIL_register_socket started
01-08 02:28:44.079 D/RIL_UIM_SOCKET(  297): Adding socket with id: 0
01-08 02:28:44.079 D/RILD    (  297): RIL_register_socket completed
01-08 02:28:44.079 D/RILD    (  297): RIL_Init starting sleep loop
01-08 02:28:48.129 I/RILQ    (  297): (0/297):RIL[0][main] qmi_ril_qmi_client_pre_initialization_release: entry
01-08 02:28:48.129 I/RILQ    (  297): (0/297):RIL[0][main] qmi_ril_qmi_client_pre_initialization_release: exit
01-08 02:28:48.219 E/RILQ    (  297): (0/297): RIL[0][main] qcril_qmi_nas_init: QCRIL_OPERATOR_NAME is persist.env.spec,  property_name is persist.env.spec. Failed to get operator name
01-08 02:28:48.289 E/RILQ    (  297): (0/297): RIL[0][main] qcril_qmi_nas_retrieve_custom_emergency_numbers_configured_value: Invalid value for properties count 0
01-08 02:28:48.349 I/        (  297): qmi_client_init succeeds for PDC
01-08 02:28:48.349 I/        (  297): succeed to get config_list
01-08 02:28:48.349 E/        (  297): QMI error, error code: 16
01-08 02:28:48.349 E/Diag_Lib(  297): failed to get current config for SUB 1
01-08 02:28:48.349 E/        (  297): QMI error, error code: 16
01-08 02:28:48.349 E/Diag_Lib(  297): failed to get current config for SUB 2
01-08 02:28:48.359 I/Diag_Lib(  297): current MBNs in modem EFS:
01-08 02:28:48.359 I/Diag_Lib(  297):  0: config_id: Kðt'öÕàÇ¾¦ØÃÞyjUüˆ
01-08 02:28:48.359 I/Diag_Lib(  297):     config_desc: ROW_Generic_3GPP
01-08 02:28:48.359 I/Diag_Lib(  297):     config_version: 0x501081f
01-08 02:28:48.359 I/Diag_Lib(  297):  1: config_id: OTA_/data/misc/radio/modem_config/reliance.mbn221:834136
01-08 02:28:48.359 I/Diag_Lib(  297):     config_desc: Reliance_OpnMkt
01-08 02:28:48.359 I/Diag_Lib(  297):     config_version: 0x5011b63
01-08 02:28:48.359 I/Diag_Lib(  297):     This config is activated with SUBs:
01-08 02:28:48.359 I/Diag_Lib(  297):     SUB0
01-08 02:28:48.359 I/Diag_Lib(  297): Processing MBN file: /data/misc/radio/modem_config/reliance.mbn
01-08 02:28:48.359 I/        (  297): file name: /data/misc/radio/modem_config/reliance.mbn
01-08 02:28:48.359 I/        (  297): type_id: 0
01-08 02:28:48.359 I/        (  297): type_id: 1
01-08 02:28:48.359 I/Diag_Lib(  297): This MBN is no need to update
01-08 02:28:48.359 I/Diag_Lib(  297): Processing MBN file: /data/misc/radio/modem_config/row.mbn
01-08 02:28:48.359 I/        (  297): file name: /data/misc/radio/modem_config/row.mbn
01-08 02:28:48.359 I/        (  297): type_id: 0
01-08 02:28:48.359 I/        (  297): type_id: 1
01-08 02:28:48.359 I/Diag_Lib(  297): This MBN is no need to update
01-08 02:28:48.379 E/RILQ    (  297): (0/297): RIL[0][main] qcril_uim_find_modem_port: Property value does not match, using default port
01-08 02:28:48.379 E/RILQ    (  297): (0/297): RIL[0][main] qcril_uim_find_modem_port: Property value does not match, using default port
01-08 02:28:48.389 E/RILQ    (  297): (0/297): RIL[0][main] qcril_gstk_find_primary_modem_port: Property value does not match, using default port
01-08 02:28:48.479 I/RILQ    (  297): (0/297):RIL[0][main] qcril_arb_set_dsd_sys_status: old_pref_data 0 - new_data_pref 0
01-08 02:28:48.479 I/RILQ    (  297): (0/297):RIL[0][main] qcril_arb_set_dsd_sys_status: preferred dsd_sys_status nw=0x0, rat_value=0x0, so_mask=0x0000000000000000
01-08 02:28:48.479 I/RILQ    (  297): (0/297):RIL[0][main] qcril_arb_set_dsd_sys_status: preferred 1 - dsd_sys_status nw=0x0, rat_value=0x0, so_mask=0x0000000000000000
01-08 02:28:48.479 I/RILQ    (  297): (0/297):RIL[0][main] qcril_arb_set_dsd_sys_status: is_wwan_available 0
01-08 02:28:48.479 I/RILQ    (  297): (0/297):RIL[0][main] qcril_qmi_nas_reset_data_snapshot_cache_and_timer: Resetting snapshot timer
01-08 02:28:48.519 I/RILQ    (  297): (0/297):RIL[0][event] qcril_qmi_nas_evaluate_custom_emergency_numbers_for_card: cur_status 0, card_state 0
01-08 02:28:48.519 E/RILQ    (  297): (0/297): RIL[0][event] get_ecc_property_name: ecc list name : ril.ecclist.
01-08 02:28:48.529 E/RILQ    (  297): (0/297): RIL[0][event] get_ecc_property_name: ecc list name : ril.ecclist.
01-08 02:28:48.529 E/RILQ    (  297): (0/297): RIL[0][event] qcril_qmi_imss_command_cb_helper: Req ID: 0 not found
01-08 02:28:48.529 E/RILQ    (  297): (0/297): RIL[0][event] qcril_uim_update_pbm_card_event: PBM_HANDLE_CARD 397315 processing Failed!
01-08 02:28:48.529 I/RILQ    (  297): (0/297):RIL[0][event] qcril_qmi_nas_evaluate_custom_emergency_numbers_for_card: cur_status 0, card_state 0
01-08 02:28:48.529 E/RILQ    (  297): (0/297): RIL[0][event] get_ecc_property_name: ecc list name : ril.ecclist.
01-08 02:28:48.539 E/RILQ    (  297): (0/297): RIL[0][main] qcril_sms_perform_transport_layer_info_initialization: error while retrieving transport layer reg info
01-08 02:28:48.549 I/RILQ    (  297): (0/297):RIL[0][event] qcril_qmi_nas_evaluate_custom_emergency_numbers_for_card: cur_status 0, card_state 9
01-08 02:28:48.549 E/RILQ    (  297): (0/297): RIL[0][event] get_ecc_property_name: ecc list name : ril.ecclist.
01-08 02:28:51.059 W/RIL_MODULE(  320): Examining Gecko interfaces...
01-08 02:28:51.059 W/RIL_MODULE(  320):   nsICellBroadcastService: ok
01-08 02:28:51.059 W/RIL_MODULE(  320):   nsIIccService: ok
01-08 02:28:51.059 W/RIL_MODULE(  320):   nsIImsRegHandler: ok
01-08 02:28:51.059 W/RIL_MODULE(  320):   nsIImsRegService: ok
01-08 02:28:51.059 W/RIL_MODULE(  320):   nsIMobileCellInfo: ok
01-08 02:28:51.059 W/RIL_MODULE(  320):   nsIMobileConnectionInfo: ok
01-08 02:28:51.059 W/RIL_MODULE(  320):   nsIMobileNetworkInfo: ok
01-08 02:28:51.059 W/RIL_MODULE(  320):   nsIMobileMessageCallback: ok
01-08 02:28:51.059 W/RIL_MODULE(  320):   nsIMobileMessageService: ok
01-08 02:28:51.059 W/RIL_MODULE(  320):   nsINetworkInterface: ok
01-08 02:28:51.059 W/RIL_MODULE(  320):   nsINetworkManager: ok
01-08 02:28:51.059 W/RIL_MODULE(  320):   nsIRadioInterfaceLayer: ok
01-08 02:28:51.059 W/RIL_MODULE(  320):   nsIRadioInterface: ok
01-08 02:28:51.059 W/RIL_MODULE(  320):   nsIRilContext: ok
01-08 02:28:51.059 W/RIL_MODULE(  320):   nsIGonkMobileMessageDatabaseCallback: ok
01-08 02:28:51.059 W/RIL_MODULE(  320):   nsIGonkMobileMessageDatabaseService: ok
01-08 02:28:51.059 W/RIL_MODULE(  320):   nsISystemMessagesInternal: ok
01-08 02:28:51.059 W/RIL_MODULE(  320):   nsISubsidyLockService: ok
01-08 02:28:51.059 W/RIL_MODULE(  320):   nsIVoicemailService: ok
01-08 02:28:51.059 W/RIL_MODULE(  320):   nsIVoicemailProvider: ok
01-08 02:28:51.059 W/RIL_MODULE(  320):   nsITelephonyAudioService: ok
01-08 02:28:51.059 W/RIL_MODULE(  320):   nsITelephonyService: ok
01-08 02:28:51.059 W/RIL_MODULE(  320):   nsIMobileConnectionService: ok
01-08 02:28:51.059 D/NS_RADIO_INTERFACE_LAYER(  320): Starting radio interface layer
01-08 02:28:51.109 D/NS_RADIO_INTERFACE_LAYER(  320): Num radio interfaces: 1
01-08 02:28:51.139 D/NS_RADIO_INTERFACE_LAYER(  320): Creating new radio interface for clientId = 0
01-08 02:28:54.319 D/RIL     (  320): [SUB0] [0000]> RIL_REQUEST_IMS_REGISTRATION_STATE
01-08 02:28:54.319 E/RIL     (  320): RilSocket to <unknown> (0) is closed; ignoring request
01-08 02:28:54.409 D/RIL     (  320): [SUB0] [0001]> IMS REQUEST_IMS_REGISTRATION_STATE
01-08 02:28:54.409 E/RIL     (  320): RilSocket to <unknown> (2) is closed; ignoring request
01-08 02:28:54.469 D/use-Rlog/RLOG-RIL(  320):  ril: NetworkDataCollector: enable check = 1 dataCollectorInitilized = 0
01-08 02:28:54.469 E/use-Rlog/RLOG-RIL(  320):  ril: NetworkDataCollector: initialization
01-08 02:28:54.479 D/NW_DATA_COLLECTOR(  320):  NetworkDataCollector:run  begin
01-08 02:28:54.939 V/vold    (  214): Waiting for FUSE to spin up...
01-08 02:28:54.989 V/vold    (  214): Waiting for FUSE to spin up...
01-08 02:28:55.039 D/vold    (  214): Linking /storage/emulated/0 to /mnt/user/0/primary
01-08 02:28:55.579 D/TELEPHONY_LAUNCHER(  320): Starting Telephony Launcher
01-08 02:28:55.579 D/TELEPHONY_LAUNCHER(  320): Initializing telephony services
01-08 02:28:55.579 D/NS_MOBILECONNECTION_SERVICE(  320): Starting mobileconnection service
01-08 02:28:55.579 D/TELEPHONY_LAUNCHER(  320): SubsidyLockService Result: rv 0
01-08 02:28:55.579 D/QRIL_OEM_HOOK_SERVICE(  320): [SUB0] [0002]> RIL_REQUEST_OEM_HOOK_RAW
01-08 02:28:55.579 E/RIL     (  320): RilSocket to qmux_radio/rild_oem0 (1) is closed; ignoring request
01-08 02:28:56.699 I/Gecko   (  320): ============ KaiOS device information ============
01-08 02:28:56.699 I/Gecko   (  320): Build UID         = 
01-08 02:28:56.699 I/Gecko   (  320): Build Description = msm8909_512-userdebug 6.0.1 MMB29M eng.caerus.20200116.124829 dev-keys
01-08 02:28:56.699 I/Gecko   (  320): Bootloader        = unknown
01-08 02:28:56.699 I/Gecko   (  320): OS Version        = KaiOS 2.5 {kaios_jio_quoin_2_5_20181106_R3_ER11}
01-08 02:28:56.699 I/Gecko   (  320): ==================================================
01-08 02:28:58.469 D/RIL     (  320): [SUB0] Connected to socket qmux_radio/rild_oem0
01-08 02:28:58.469 D/RIL     (  320): [SUB0] Connected to socket rild
01-08 02:28:58.469 I/RILC    (  297): libril: new connection to RIL_SOCKET_1
01-08 02:28:58.469 I/RILC    (  297): RIL Daemon version: Qualcomm RIL 1.0
01-08 02:28:58.619 D/RIL     (  320): [SUB0] [0000]< RIL_REQUEST_IMS_REGISTRATION_STATE fails by RadioNotAvailable(1)
01-08 02:28:58.659 D/RIL     (  320): [SUB0] [0001]< RIL_REQUEST_GET_SIM_STATUS fails by RadioNotAvailable(1)
01-08 02:28:58.659 W/use-Rlog/RLOG-IMS_PHONE(  320): Request failed 1
01-08 02:28:58.659 D/use-Rlog/RLOG-IMS_PHONE(  320): Error handling IMS state changed: 1
01-08 02:28:58.659 D/use-Rlog/RLOG-IMS_PHONE(  320): IMS registration state is NOT REGISTERED
01-08 02:28:58.949 D/RIL     (  320): [SUB0] [0003]> RIL_REQUEST_REPORT_SMS_MEMORY_STATUS (1)
01-08 02:28:59.199 D/RIL     (  320): [SUB0] [0002]< RIL_REQUEST_OEM_HOOK_RAW fails by RadioNotAvailable(1)
01-08 02:28:59.309 D/RIL     (  320): [SUB0] [UNSL]< RIL_UNSOL_RIL_CONNECTED {12}
01-08 02:28:59.309 D/use-Rlog/RLOG-PHONE(  320): Detected RIL version 12
01-08 02:28:59.309 D/RIL     (  320): [SUB0] [0004]> RIL_REQUEST_RADIO_POWER off
01-08 02:28:59.309 D/RIL     (  320): [SUB0] [0005]> RIL_REQUEST_SCREEN_STATE 1
01-08 02:28:59.309 D/RIL     (  320): [SUB0] [UNSL]< RIL_UNSOL_RESPONSE_RADIO_STATE_CHANGED {0}
01-08 02:28:59.309 D/use-Rlog/RLOG-PHONE(  320): Radio state is 0
01-08 02:28:59.309 D/RIL     (  320): [SUB0] [0006]> RIL_REQUEST_GET_SIM_STATUS
01-08 02:28:59.309 D/RIL     (  320): [SUB0] [0007]> RIL_REQUEST_DEVICE_IDENTITY
01-08 02:28:59.309 D/RIL     (  320): [SUB0] [0008]> RIL_REQUEST_GET_RADIO_CAPABILITY
01-08 02:28:59.309 D/RIL     (  320): [SUB0] [UNSL]< RIL_UNSOL_OEM_HOOK_RAW {len=17,buf="514F454D484F4F4BF10308000100000000"}
01-08 02:28:59.319 D/RIL     (  320): [SUB0] [0003]< RIL_REQUEST_REPORT_SMS_MEMORY_STATUS fails by GenericFailure(2)
01-08 02:28:59.339 D/RIL     (  320): [SUB0] [0005]< RIL_REQUEST_SCREEN_STATE {}
01-08 02:28:59.339 I/RIL     (  320): ResponseIccCardStatus:: ResponseIccCardStatus
01-08 02:28:59.339 D/RIL     (  320): [SUB0] [0006]< RIL_REQUEST_GET_SIM_STATUS {{ CardState : 'CARDSTATE_ABSENT', PinState : 'PINSTATE_UNKNOWN', GsmUmtsSub : -1, CdmaSub : -1, mImsSub : -1, num_apps : 0,  }
01-08 02:28:59.339 I/RIL     (  320): ResponseIccCardStatus : { CardState : 'CARDSTATE_ABSENT', PinState : 'PINSTATE_UNKNOWN', GsmUmtsSub : -1, CdmaSub : -1, mImsSub : -1, num_apps : 0,  }
01-08 02:28:59.349 I/RILQ    (  297): (0/297):RIL[0][event] qcril_qmi_nas_dms_op_state_update_handler: reported op mode LPM
01-08 02:28:59.349 I/RILQ    (  297): (0/297):RIL[0][event] qcril_qmi_nas_dms_op_state_update_handler: expected op mode LPM
01-08 02:28:59.349 I/RILQ    (  297): (0/297):RIL[0][event] qcril_qmi_nas_reset_data_snapshot_cache_and_timer: Resetting snapshot timer
01-08 02:28:59.359 I/RILQ    (  297): (0/297):RIL[0][event] qcril_qmi_nas_reset_data_snapshot_cache_and_timer: Resetting snapshot timer
01-08 02:28:59.369 D/RIL     (  320): [SUB0] [0008]< RIL_REQUEST_GET_RADIO_CAPABILITY {[Version = 0,Session = 0,Phase = 0,Rat = 16384,LogicalModemUuid = 0,Status = 1]}
01-08 02:28:59.369 D/RIL     (  320): [SUB0] [0007]< RIL_REQUEST_DEVICE_IDENTITY {911599957005464,00,00000000,00000000000000}
01-08 02:29:01.369 D/RIL     (  320): [SUB0] [0004]< RIL_REQUEST_RADIO_POWER {}
01-08 02:29:01.369 D/RIL     (  320): [SUB0] [UNSL]< RIL_UNSOL_RESPONSE_VOICE_NETWORK_STATE_CHANGED {}
01-08 02:29:01.369 D/RIL     (  320): [SUB0] [UNSL]< RIL_UNSOL_RESPONSE_RADIO_STATE_CHANGED {0}
01-08 02:29:01.369 D/use-Rlog/RLOG-PHONE(  320): Radio state is 0
01-08 02:29:01.369 D/RIL     (  320): [SUB0] [0009]> RIL_REQUEST_GET_SIM_STATUS
01-08 02:29:01.369 D/RIL     (  320): [SUB0] [0010]> RIL_REQUEST_DEVICE_IDENTITY
01-08 02:29:01.369 D/RIL     (  320): [SUB0] [0011]> RIL_REQUEST_GET_RADIO_CAPABILITY
01-08 02:29:01.569 I/RIL     (  320): ResponseIccCardStatus:: ResponseIccCardStatus
01-08 02:29:01.569 D/RIL     (  320): [SUB0] [0009]< RIL_REQUEST_GET_SIM_STATUS {{ CardState : 'CARDSTATE_ABSENT', PinState : 'PINSTATE_UNKNOWN', GsmUmtsSub : -1, CdmaSub : -1, mImsSub : -1, num_apps : 0,  }
01-08 02:29:01.569 I/RIL     (  320): ResponseIccCardStatus : { CardState : 'CARDSTATE_ABSENT', PinState : 'PINSTATE_UNKNOWN', GsmUmtsSub : -1, CdmaSub : -1, mImsSub : -1, num_apps : 0,  }
01-08 02:29:01.579 D/RIL     (  320): [SUB0] [0010]< RIL_REQUEST_DEVICE_IDENTITY {911599957005464,00,00000000,00000000000000}
01-08 02:29:01.579 D/RIL     (  320): [SUB0] [0011]< RIL_REQUEST_GET_RADIO_CAPABILITY {[Version = 0,Session = 0,Phase = 0,Rat = 16384,LogicalModemUuid = 0,Status = 1]}
01-08 02:29:09.209 D/RIL     (  320): [SUB0] [0012]> RIL_REQUEST_DEVICE_IDENTITY
01-08 02:29:10.329 D/RIL     (  320): [SUB0] [0012]< RIL_REQUEST_DEVICE_IDENTITY {911599957005464,00,00000000,00000000000000}
01-08 02:29:10.329 D/use-Rlog/RLOG-PHONE(  320): HandleDeviceIdentity
01-08 02:29:18.479 D/RIL     (  320): [SUB0] [0013]> RIL_REQUEST_OEM_HOOK_RAW 1
01-08 02:29:18.479 E/RILQ    (  297): (0/297): RIL[0][oem_socket0] void qcril_qmi_generic_socket_agent::recv_thread_func(): read 4 bytes length message with length 32
01-08 02:29:18.479 E/RILQ    (  297): (0/297): RIL[0][oem_socket0] qmi_ril_parse_oem_hook_header: Received un-handled/oem command id = 524329
01-08 02:29:18.479 D/RIL     (  320): [SUB0] [0014]> RIL_REQUEST_OEM_HOOK_RAW 1
01-08 02:29:18.479 D/RIL     (  320): [SUB0] [0013]< RIL_REQUEST_OEM_HOOK_RAW {len=-1}
01-08 02:29:18.479 E/RILQ    (  297): (0/297): RIL[0][oem_socket0] void qcril_qmi_generic_socket_agent::recv_thread_func(): read 4 bytes length message with length 32
01-08 02:29:18.479 E/RILQ    (  297): (0/297): RIL[0][oem_socket0] qmi_ril_parse_oem_hook_header: Received un-handled/oem command id = 524328
01-08 02:29:18.479 D/RIL     (  320): [SUB0] [0014]< RIL_REQUEST_OEM_HOOK_RAW {len=-1}
01-08 02:29:18.489 D/RIL     (  320): [SUB0] [0015]> RIL_REQUEST_OEM_HOOK_RAW 0
01-08 02:29:18.489 E/RILQ    (  297): (0/297): RIL[0][oem_socket0] void qcril_qmi_generic_socket_agent::recv_thread_func(): read 4 bytes length message with length 32
01-08 02:29:18.489 E/RILQ    (  297): (0/297): RIL[0][oem_socket0] qmi_ril_parse_oem_hook_header: Received un-handled/oem command id = 524327
01-08 02:29:18.499 D/RIL     (  320): [SUB0] [0015]< RIL_REQUEST_OEM_HOOK_RAW {len=-1}
01-08 02:29:18.499 D/RIL     (  320): [SUB0] [0016]> RIL_REQUEST_ALLOW_DATA
01-08 02:29:18.499 D/RIL     (  320): [SUB0] [UNSL]< RIL_UNSOL_OEM_HOOK_RAW {len=24,buf="514F454D484F4F4B4C040800080000000200200001010001"}
01-08 02:29:18.509 I/RILQ    (  297): (0/297):RIL[0][main] qcril_qmi_nas_request_allow_data: Already PS attached!
01-08 02:29:18.509 I/RILQ    (  297): (0/297):RIL[0][main] qcril_qmi_nas_request_allow_data: PS ATTACH/DETACH resp 0
01-08 02:29:18.509 D/RIL     (  320): [SUB0] [0016]< RIL_REQUEST_ALLOW_DATA {}
01-08 02:29:21.929 D/RIL     (  320): [SUB0] [0017]> RIL_REQUEST_RADIO_POWER on
01-08 02:29:21.949 I/RILQ    (  297): (0/297):RIL[0][event] qcril_qmi_nas_dms_op_state_update_handler: reported op mode ONLINE
01-08 02:29:21.949 I/RILQ    (  297): (0/297):RIL[0][event] qcril_qmi_nas_dms_op_state_update_handler: expected op mode ONLINE
01-08 02:29:21.969 I/RILQ    (  297): (0/297):RIL[0][event] qcril_qmi_nas_reset_data_snapshot_cache_and_timer: Resetting snapshot timer
01-08 02:29:21.969 I/RILQ    (  297): (0/297):RIL[0][event] qcril_qmi_nas_reset_data_snapshot_cache_and_timer: Resetting snapshot timer
01-08 02:29:21.989 I/RILQ    (  297): (0/297):RIL[0][event] qcril_qmi_nas_evaluate_custom_emergency_numbers_for_card: cur_status 0, card_state 9
01-08 02:29:21.989 E/RILQ    (  297): (0/297): RIL[0][event] get_ecc_property_name: ecc list name : ril.ecclist.
01-08 02:29:21.989 E/RILQ    (  297): (0/297): RIL[0][event] get_ecc_property_name: ecc list name : ril.ecclist.
01-08 02:29:21.989 I/RILQ    (  297): (0/297):RIL[0][event] qcril_qmi_nas_evaluate_custom_emergency_numbers_for_card: cur_status 0, card_state 9
01-08 02:29:21.989 E/RILQ    (  297): (0/297): RIL[0][event] get_ecc_property_name: ecc list name : ril.ecclist.
01-08 02:29:22.009 D/RIL     (  320): [SUB0] [0017]< RIL_REQUEST_RADIO_POWER {}
01-08 02:29:22.009 D/RIL     (  320): [SUB0] [UNSL]< RIL_UNSOL_OEM_HOOK_RAW {len=20,buf="514F454D484F4F4BF2030800040000000050C011"}
01-08 02:29:22.019 D/RIL     (  320): [SUB0] [UNSL]< RIL_UNSOL_RESPONSE_VOICE_NETWORK_STATE_CHANGED {}
01-08 02:29:22.019 D/RIL     (  320): [SUB0] [UNSL]< RIL_UNSOL_SIGNAL_STRENGTH {[signalStrength=99,bitErrorRate=0,CDMA_SS.dbm=-1,CDMA_SSecio=-1,EVDO_SS.dbm=-1,EVDO_SS.ecio=-1,EVDO_SS.signalNoiseRatio=-1,LTE_SS.signalStrength=99,LTE_SS.rsrp=2147483647,LTE_SS.rsrq=2147483647,LTE_SS.rssnr=2147483647,LTE_SS.cqi=2147483647]}
01-08 02:29:22.029 D/RIL     (  320): [SUB0] [UNSL]< RIL_UNSOL_RESPONSE_RADIO_STATE_CHANGED {10}
01-08 02:29:22.029 D/use-Rlog/RLOG-PHONE(  320): Radio state is 10
01-08 02:29:22.029 D/RIL     (  320): [SUB0] [0018]> IMS REQUEST_SEND_UI_TTY_MODE
01-08 02:29:22.029 D/RIL     (  320): [SUB0] [0019]> RIL_REQUEST_SET_TTY_MODE (0)
01-08 02:29:22.029 D/RIL     (  320): [SUB0] [0020]> RIL_REQUEST_IMS_REGISTRATION_STATE
01-08 02:29:22.029 D/RIL     (  320): [SUB0] [0021]> RIL_REQUEST_REPORT_SMS_MEMORY_STATUS (1)
01-08 02:29:22.029 E/RIL     (  320): RilSocket to qmux_radio/rild_ims0 (2) is closed; ignoring request
01-08 02:29:22.039 D/RIL     (  320): [SUB0] [0022]> RIL_REQUEST_OPERATOR
01-08 02:29:22.039 D/RIL     (  320): [SUB0] [0023]> RIL_REQUEST_DATA_REGISTRATION_STATE
01-08 02:29:22.039 D/RIL     (  320): [SUB0] [0024]> RIL_REQUEST_VOICE_REGISTRATION_STATE
01-08 02:29:22.039 D/RIL     (  320): [SUB0] [0025]> RIL_REQUEST_QUERY_NETWORK_SELECTION_MODE
01-08 02:29:22.039 D/RIL     (  320): [SUB0] [0026]> RIL_REQUEST_GET_SIM_STATUS
01-08 02:29:22.039 D/RIL     (  320): [SUB0] [0027]> RIL_REQUEST_VOICE_RADIO_TECH
01-08 02:29:22.039 D/RIL     (  320): [SUB0] [0028]> RIL_REQUEST_DEVICE_IDENTITY
01-08 02:29:22.039 D/RIL     (  320): [SUB0] [0029]> RIL_REQUEST_GET_RADIO_CAPABILITY
01-08 02:29:22.039 D/RIL     (  320): [SUB0] [UNSL]< RIL_UNSOL_OEM_HOOK_RAW {len=17,buf="514F454D484F4F4B1F040800010000000A"}
01-08 02:29:22.049 E/RILQ    (  297): (0/297): RIL[0][cmd-112(808)] qcril_qmi_client_send_msg_sync_ex: error 2 / 0 / 1 / 52, context msg hex 4a, service 2 
01-08 02:29:22.049 E/RILQ    (  297): (0/297): RIL[0][cmd-112(808)] qcril_sms_request_ims_registration_state: Failed to get the response of IMS NW registration state from qmi.
01-08 02:29:22.049 I/RILQ    (  297): (0/297):RIL[0][cmd-21(848)] qcril_qmi_nas_reset_data_snapshot_cache_and_timer: Resetting snapshot timer
01-08 02:29:22.069 I/RILQ    (  297): (0/297):RIL[0][cmd-20(368)] qcril_qmi_nas_reset_data_snapshot_cache_and_timer: Resetting snapshot timer
01-08 02:29:22.089 D/RIL     (  320): [SUB0] [0018]< RIL_REQUEST_GET_IMEISV fails by RadioNotAvailable(1)
01-08 02:29:22.089 D/RIL     (  320): [SUB0] [0021]< RIL_REQUEST_REPORT_SMS_MEMORY_STATUS fails by GenericFailure(2)
01-08 02:29:22.089 I/RIL     (  320): ResponseIccCardStatus:: ResponseIccCardStatus
01-08 02:29:22.089 D/RIL     (  320): [SUB0] [0026]< RIL_REQUEST_GET_SIM_STATUS {{ CardState : 'CARDSTATE_ABSENT', PinState : 'PINSTATE_UNKNOWN', GsmUmtsSub : -1, CdmaSub : -1, mImsSub : -1, num_apps : 0,  }
01-08 02:29:22.089 I/RIL     (  320): ResponseIccCardStatus : { CardState : 'CARDSTATE_ABSENT', PinState : 'PINSTATE_UNKNOWN', GsmUmtsSub : -1, CdmaSub : -1, mImsSub : -1, num_apps : 0,  }
01-08 02:29:22.089 D/RIL     (  320): [SUB0] [0020]< RIL_REQUEST_IMS_REGISTRATION_STATE fails by GenericFailure(2)
01-08 02:29:22.089 D/RIL     (  320): [SUB0] [0029]< RIL_REQUEST_GET_RADIO_CAPABILITY {[Version = 0,Session = 0,Phase = 0,Rat = 16384,LogicalModemUuid = 0,Status = 1]}
01-08 02:29:22.089 D/RIL     (  320): [SUB0] [0028]< RIL_REQUEST_DEVICE_IDENTITY {911599957005464,00,00000000,00000000000000}
01-08 02:29:22.089 D/RIL     (  320): [SUB0] [0019]< RIL_REQUEST_SET_TTY_MODE {}
01-08 02:29:22.099 D/RIL     (  320): [SUB0] [0030]> RIL_REQUEST_QUERY_TTY_MODE
01-08 02:29:22.099 D/RIL     (  320): [SUB0] [0025]< RIL_REQUEST_QUERY_NETWORK_SELECTION_MODE {0}
01-08 02:29:22.099 D/RIL     (  320): [SUB0] [0027]< RIL_REQUEST_VOICE_RADIO_TECH {14}
01-08 02:29:22.099 D/use-Rlog/RLOG-PHONE(  320): Switching Voice Phone : CDMA >>> GSM
01-08 02:29:22.099 D/RIL     (  320): [SUB0] [0022]< RIL_REQUEST_OPERATOR {(null),(null),(null)}
01-08 02:29:22.099 D/RIL     (  320): [SUB0] [UNSL]< RIL_UNSOL_OEM_HOOK_RAW {len=17,buf="514F454D484F4F4B1F040800010000000C"}
01-08 02:29:22.109 D/RIL     (  320): [SUB0] [0023]< RIL_REQUEST_DATA_REGISTRATION_STATE {2,(null),(null),(null),0,20,(null),(null),(null),(null),(null)}
01-08 02:29:22.129 D/RIL     (  320): [SUB0] [0024]< RIL_REQUEST_VOICE_REGISTRATION_STATE {2,(null),(null),0,(null),(null),(null),0,(null),(null),(null),(null),(null),0,,}
01-08 02:29:22.149 D/RIL     (  320): [SUB0] [0030]< RIL_REQUEST_QUERY_TTY_MODE {0}
01-08 02:29:22.339 I/RILQ    (  297): (0/297):RIL[0][event] qcril_qmi_nas_reset_data_snapshot_cache_and_timer: Resetting snapshot timer
01-08 02:29:22.349 I/RILQ    (  297): (0/297):RIL[0][event] qcril_qmi_nas_reset_data_snapshot_cache_and_timer: Resetting snapshot timer
01-08 02:29:22.359 I/RILQ    (  297): (0/297):RIL[0][event] qcril_qmi_nas_reset_data_snapshot_cache_and_timer: Resetting snapshot timer
01-08 02:29:22.359 I/RILQ    (  297): (0/297):RIL[0][event] qcril_qmi_nas_reset_data_snapshot_cache_and_timer: Resetting snapshot timer
01-08 02:29:22.369 I/RILQ    (  297): (0/297):RIL[0][event] qcril_arb_set_dsd_sys_status: old_pref_data 1 - new_data_pref 1
01-08 02:29:22.369 I/RILQ    (  297): (0/297):RIL[0][event] qcril_arb_set_dsd_sys_status: preferred dsd_sys_status nw=0x0, rat_value=0x0, so_mask=0x0000000000000800
01-08 02:29:22.369 I/RILQ    (  297): (0/297):RIL[0][event] qcril_arb_set_dsd_sys_status: preferred 1 - dsd_sys_status nw=0x0, rat_value=0x0, so_mask=0x0000000000000800
01-08 02:29:22.369 I/RILQ    (  297): (0/297):RIL[0][event] qcril_arb_set_dsd_sys_status: is_wwan_available 0
01-08 02:29:22.369 I/RILQ    (  297): (0/297):RIL[0][event] qcril_qmi_nas_reset_data_snapshot_cache_and_timer: Resetting snapshot timer
01-08 02:29:22.369 D/RIL     (  320): [SUB0] [UNSL]< RIL_UNSOL_RESPONSE_VOICE_NETWORK_STATE_CHANGED {}
01-08 02:29:22.369 D/RIL     (  320): [SUB0] [0031]> RIL_REQUEST_OPERATOR
01-08 02:29:22.369 D/RIL     (  320): [SUB0] [0032]> RIL_REQUEST_DATA_REGISTRATION_STATE
01-08 02:29:22.369 D/RIL     (  320): [SUB0] [0033]> RIL_REQUEST_VOICE_REGISTRATION_STATE
01-08 02:29:22.369 D/RIL     (  320): [SUB0] [0034]> RIL_REQUEST_QUERY_NETWORK_SELECTION_MODE
01-08 02:29:22.389 I/RILQ    (  297): (0/297):RIL[0][cmd-20(328)] qcril_qmi_nas_reset_data_snapshot_cache_and_timer: Resetting snapshot timer
01-08 02:29:22.389 D/RIL     (  320): [SUB0] [UNSL]< RIL_UNSOL_RESPONSE_VOICE_NETWORK_STATE_CHANGED {}
01-08 02:29:22.389 D/RIL     (  320): [SUB0] [0035]> RIL_REQUEST_OPERATOR
01-08 02:29:22.389 D/RIL     (  320): [SUB0] [0036]> RIL_REQUEST_DATA_REGISTRATION_STATE
01-08 02:29:22.389 D/RIL     (  320): [SUB0] [0037]> RIL_REQUEST_VOICE_REGISTRATION_STATE
01-08 02:29:22.389 D/RIL     (  320): [SUB0] [0038]> RIL_REQUEST_QUERY_NETWORK_SELECTION_MODE
01-08 02:29:22.389 D/RIL     (  320): [SUB0] [UNSL]< RIL_UNSOL_OEM_HOOK_RAW {len=17,buf="514F454D484F4F4BFA0308000100000000"}
01-08 02:29:22.389 I/RILQ    (  297): (0/297):RIL[0][cmd-21(808)] qcril_qmi_nas_reset_data_snapshot_cache_and_timer: Resetting snapshot timer
01-08 02:29:22.389 D/RIL     (  320): [SUB0] [UNSL]< RIL_UNSOL_SIGNAL_STRENGTH {[signalStrength=99,bitErrorRate=0,CDMA_SS.dbm=-1,CDMA_SSecio=-1,EVDO_SS.dbm=-1,EVDO_SS.ecio=-1,EVDO_SS.signalNoiseRatio=-1,LTE_SS.signalStrength=99,LTE_SS.rsrp=2147483647,LTE_SS.rsrq=2147483647,LTE_SS.rssnr=2147483647,LTE_SS.cqi=2147483647]}
01-08 02:29:22.399 D/RIL     (  320): [SUB0] [0034]< RIL_REQUEST_QUERY_NETWORK_SELECTION_MODE {0}
01-08 02:29:22.399 I/RILQ    (  297): (0/297):RIL[0][event] qcril_qmi_nas_evaluate_custom_emergency_numbers_for_card: cur_status 0, card_state 9
01-08 02:29:22.399 E/RILQ    (  297): (0/297): RIL[0][event] get_ecc_property_name: ecc list name : ril.ecclist.
01-08 02:29:22.409 I/RILQ    (  297): (0/297):RIL[0][cmd-20(848)] qcril_qmi_nas_reset_data_snapshot_cache_and_timer: Resetting snapshot timer
01-08 02:29:22.409 D/RIL     (  320): [SUB0] [0033]< RIL_REQUEST_VOICE_REGISTRATION_STATE {2,(null),(null),0,(null),(null),(null),0,(null),(null),(null),(null),(null),0,,}
01-08 02:29:22.409 D/RIL     (  320): [SUB0] [0032]< RIL_REQUEST_DATA_REGISTRATION_STATE {0,(null),(null),(null),0,20,(null),394,117891856,(null),(null)}
01-08 02:29:22.409 D/RIL     (  320): [SUB0] [0036]< RIL_REQUEST_DATA_REGISTRATION_STATE {0,(null),(null),(null),0,20,(null),394,117891856,(null),(null)}
01-08 02:29:22.409 D/RIL     (  320): [SUB0] [0031]< RIL_REQUEST_OPERATOR {(null),(null),(null)}
01-08 02:29:22.409 D/RIL     (  320): [SUB0] [0035]< RIL_REQUEST_OPERATOR {(null),(null),(null)}
01-08 02:29:22.409 D/RIL     (  320): [SUB0] [UNSL]< RIL_UNSOL_RESPONSE_VOICE_NETWORK_STATE_CHANGED {}
01-08 02:29:22.409 D/RIL     (  320): [SUB0] [0039]> RIL_REQUEST_OPERATOR
01-08 02:29:22.409 D/RIL     (  320): [SUB0] [0040]> RIL_REQUEST_DATA_REGISTRATION_STATE
01-08 02:29:22.409 D/RIL     (  320): [SUB0] [0041]> RIL_REQUEST_VOICE_REGISTRATION_STATE
01-08 02:29:22.409 D/RIL     (  320): [SUB0] [0042]> RIL_REQUEST_QUERY_NETWORK_SELECTION_MODE
01-08 02:29:22.429 I/RILQ    (  297): (0/297):RIL[0][cmd-21(328)] qcril_qmi_nas_reset_data_snapshot_cache_and_timer: Resetting snapshot timer
01-08 02:29:22.449 D/RIL     (  320): [SUB0] [0038]< RIL_REQUEST_QUERY_NETWORK_SELECTION_MODE {0}
01-08 02:29:22.449 D/RIL     (  320): [SUB0] [0042]< RIL_REQUEST_QUERY_NETWORK_SELECTION_MODE {0}
01-08 02:29:22.449 D/RIL     (  320): [SUB0] [0037]< RIL_REQUEST_VOICE_REGISTRATION_STATE {2,(null),(null),0,(null),(null),(null),0,(null),(null),(null),(null),(null),0,,}
01-08 02:29:22.449 D/RIL     (  320): [SUB0] [0041]< RIL_REQUEST_VOICE_REGISTRATION_STATE {2,(null),(null),0,(null),(null),(null),0,(null),(null),(null),(null),(null),0,,}
01-08 02:29:22.449 D/RIL     (  320): [SUB0] [0040]< RIL_REQUEST_DATA_REGISTRATION_STATE {0,(null),(null),(null),0,20,(null),394,117891856,(null),(null)}
01-08 02:29:22.449 D/RIL     (  320): [SUB0] [0039]< RIL_REQUEST_OPERATOR {(null),(null),(null)}
01-08 02:29:22.499 D/RIL     (  320): [SUB0] Connected to socket qmux_radio/rild_ims0
01-08 02:29:22.529 D/use-Rlog/RLOG-RIL(  320): Parsed UNSOL_RADIO_STATE_CHANGED payload state: RADIO_STATE_ON
01-08 02:29:22.529 D/RIL     (  320): [IMSUNSL]< UNSOL_RADIO_STATE_CHANGED
01-08 02:29:22.529 D/RIL     (  320): [SUB0] [0043]> IMS REQUEST_IMS_REGISTRATION_STATE
01-08 02:29:22.539 D/use-Rlog/RLOG-RIL(  320): Parsed REQUEST_IMS_REGISTRATION_STATE payload state: NOT_REGISTERED
01-08 02:29:22.539 D/use-Rlog/RLOG-RIL(  320): errorCode: 0
01-08 02:29:22.539 D/RIL     (  320): [0043]< IMS REQUEST_IMS_REGISTRATION_STATE
01-08 02:29:22.539 D/use-Rlog/RLOG-IMS_PHONE(  320): IMS registration state is NOT REGISTERED
01-08 02:29:22.989 D/RIL     (  320): [SUB0] [UNSL]< RIL_UNSOL_OEM_HOOK_RAW {len=24,buf="514F454D484F4F4B4C040800080000000200190001010001"}
01-08 02:29:22.989 D/RIL     (  320): [SUB0] [UNSL]< RIL_UNSOL_NITZ_TIME_RECEIVED {time=20/01/23,07:03:11+22,00,receiveTime=48144}
01-23 12:33:15.086 D/RIL     (  320): [SUB0] [0044]> RIL_REQUEST_CDMA_SET_PREFERRED_VOICE_PRIVACY_MODE (1)
01-23 12:33:15.096 D/RIL     (  320): [SUB0] [0044]< RIL_REQUEST_CDMA_SET_PREFERRED_VOICE_PRIVACY_MODE {}
01-23 12:33:15.156 D/RIL     (  320): [SUB0] [0045]> RIL_REQUEST_CDMA_SET_ROAMING_PREFERENCE (2)
01-23 12:33:15.176 D/RIL     (  320): [SUB0] [0046]> RIL_REQUEST_SET_PREFERRED_NETWORK_TYPE (11)
01-23 12:33:15.186 D/RIL     (  320): [SUB0] [0045]< RIL_REQUEST_CDMA_SET_ROAMING_PREFERENCE {}
01-23 12:33:15.196 D/RIL     (  320): [SUB0] [0046]< RIL_REQUEST_SET_PREFERRED_NETWORK_TYPE {}
01-23 12:33:15.306 D/use-Rlog/RLOG-IMS_PHONE(  320): SetServiceStatus: callType=0, network=14, status=2 sub=0
01-23 12:33:15.306 D/RIL     (  320): [SUB0] [0047]> IMS REQUEST_SET_SERVICE_STATUS
01-23 12:33:15.306 D/use-Rlog/RLOG-IMS_PHONE(  320): SetServiceStatus: callType=0, network=18, status=2 sub=0
01-23 12:33:15.306 D/RIL     (  320): [SUB0] [0048]> IMS REQUEST_SET_SERVICE_STATUS
01-23 12:33:15.306 D/RIL     (  320): [SUB0] [0049]> IMS REQUEST_IMS_REG_STATE_CHANGE
01-23 12:33:15.326 E/RILQ    (  297): (0/297): RIL[0][event] qcril_qmi_imss_command_cb_helper: Req ID: 10 not found
01-23 12:33:15.326 D/RIL     (  320): [0048]< IMS REQUEST_SET_SERVICE_STATUS
01-23 12:33:15.346 D/RIL     (  320): [0047]< IMS REQUEST_SET_SERVICE_STATUS
01-23 12:33:15.346 D/RIL     (  320): [0049]< IMS REQUEST_IMS_REG_STATE_CHANGE
01-23 12:33:15.346 D/use-Rlog/RLOG-IMS_PHONE(  320): Updating mImsEnabled from false -> true
01-23 12:33:15.396 D/use-Rlog/RLOG-IMS_PHONE(  320): SetConfigMsg: configItem=27, value=2 on sub=0
01-23 12:33:15.396 D/RIL     (  320): [SUB0] [0050]> IMS REQUEST_SET_IMS_CONFIG
01-23 12:33:15.396 D/use-Rlog/RLOG-IMS_PHONE(  320): SetServiceStatus: callType=0, network=18, status=0 sub=0
01-23 12:33:15.396 D/RIL     (  320): [SUB0] [0051]> IMS REQUEST_SET_SERVICE_STATUS
01-23 12:33:15.396 D/use-Rlog/RLOG-IMS_PHONE(  320): SetServiceStatus: callType=0, network=14, status=2 sub=0
01-23 12:33:15.396 D/RIL     (  320): [SUB0] [0052]> IMS REQUEST_SET_SERVICE_STATUS
01-23 12:33:15.396 D/use-Rlog/RLOG-IMS_PHONE(  320): SetConfigMsg: configItem=29, value=1 on sub=0
01-23 12:33:15.396 D/RIL     (  320): [SUB0] [0053]> IMS REQUEST_SET_IMS_CONFIG
01-23 12:33:15.406 E/RILQ    (  297): (0/297): RIL[0][event] qcril_qmi_imss_command_cb_helper: Req ID: 13 not found
01-23 12:33:15.416 D/RIL     (  320): [0051]< IMS REQUEST_SET_SERVICE_STATUS
01-23 12:33:15.416 D/use-Rlog/RLOG-RIL(  320): Parsed REQUEST_SET_IMS_CONFIG payload item: CONFIG_ITEM_VOICE_OVER_WIFI_ENABLED
01-23 12:33:15.416 D/RIL     (  320): [0050]< IMS REQUEST_SET_IMS_CONFIG
01-23 12:33:15.416 D/use-Rlog/RLOG-IMS_PHONE(  320): Handling CONFIG_ITEM_VOICE_OVER_WIFI_ENABLED : 2
01-23 12:33:15.416 D/RIL     (  320): [0052]< IMS REQUEST_SET_SERVICE_STATUS
01-23 12:33:15.466 D/use-Rlog/RLOG-RIL(  320): Parsed REQUEST_SET_IMS_CONFIG payload item: CONFIG_ITEM_VOICE_OVER_WIFI_MODE
01-23 12:33:15.466 D/RIL     (  320): [0053]< IMS REQUEST_SET_IMS_CONFIG
01-23 12:33:15.466 D/use-Rlog/RLOG-IMS_PHONE(  320): Updating mWfcPreference from -1 -> 1
01-23 12:33:15.466 D/use-Rlog/RLOG-IMS_PHONE(  320): Updated mWfcPreference 3
01-23 12:33:17.576 D/RIL     (  320): [SUB0] [0054]> RIL_REQUEST_DEVICE_IDENTITY
01-23 12:33:17.586 D/RIL     (  320): [SUB0] [0054]< RIL_REQUEST_DEVICE_IDENTITY {911599957005464,00,00000000,00000000000000}
01-23 12:33:17.586 D/use-Rlog/RLOG-PHONE(  320): HandleDeviceIdentity
01-23 12:33:42.466 D/NW_DATA_COLLECTOR(  320):  NetworkDataCollector: socket fd=259, sockaddress length= 110
01-23 12:33:42.466 D/NW_DATA_COLLECTOR(  320): Connect socket successful
01-23 12:33:42.466 D/NW_DATA_COLLECTOR(  320): Connected to socket /dev/socket/metricsd_socket
01-23 12:33:44.206 E/NetlinkEvent( 2935): Unknown ifindex 22 in RTM_DELADDR
01-23 12:33:44.206 E/NetlinkEvent( 2935): Unknown ifindex 22 in RTM_DELADDR
01-23 12:33:52.466 D/NW_DATA_COLLECTOR(  320): [SUB0] [0055]> RIL_REQUEST_OEM_HOOK_RAW
01-23 12:33:52.466 E/RILQ    (  297): (0/297): RIL[0][oem_socket0] void qcril_qmi_generic_socket_agent::recv_thread_func(): read 4 bytes length message with length 56
01-23 12:33:52.576 D/RIL     (  320): [SUB0] [0055]< RIL_REQUEST_OEM_HOOK_RAW {len=4,buf="00000000"}
01-23 12:34:23.626 D/NW_DATA_COLLECTOR(  320): [SUB0] [0056]> RIL_REQUEST_OEM_HOOK_RAW
01-23 12:34:23.626 E/RILQ    (  297): (0/297): RIL[0][oem_socket0] void qcril_qmi_generic_socket_agent::recv_thread_func(): read 4 bytes length message with length 56
01-23 12:34:23.626 D/RIL     (  320): [SUB0] [0056]< RIL_REQUEST_OEM_HOOK_RAW {len=4,buf="00000000"}
01-23 12:34:50.846 D/RIL     (  320): [SUB0] [0057]> RIL_REQUEST_SCREEN_STATE 0
01-23 12:34:50.856 D/RIL     (  320): [SUB0] [0057]< RIL_REQUEST_SCREEN_STATE {}
01-23 12:40:15.526 D/RIL     (  320): [SUB0] [0058]> RIL_REQUEST_SCREEN_STATE 1
01-23 12:40:15.566 I/RILQ    (  297): (0/297):RIL[0][event] qcril_qmi_nas_reset_data_snapshot_cache_and_timer: Resetting snapshot timer
01-23 12:40:15.566 I/RILQ    (  297): (0/297):RIL[0][event] qcril_qmi_nas_reset_data_snapshot_cache_and_timer: Resetting snapshot timer
01-23 12:40:15.576 I/RILQ    (  297): (0/297):RIL[0][event] qcril_qmi_nas_evaluate_custom_emergency_numbers_for_card: cur_status 0, card_state 9
01-23 12:40:15.576 E/RILQ    (  297): (0/297): RIL[0][event] get_ecc_property_name: ecc list name : ril.ecclist.
01-23 12:40:15.576 E/RILQ    (  297): (0/297): RIL[0][event] get_ecc_property_name: ecc list name : ril.ecclist.
01-23 12:40:15.576 I/RILQ    (  297): (0/297):RIL[0][event] qcril_qmi_nas_evaluate_custom_emergency_numbers_for_card: cur_status 0, card_state 9
01-23 12:40:15.576 E/RILQ    (  297): (0/297): RIL[0][event] get_ecc_property_name: ecc list name : ril.ecclist.
01-23 12:40:15.596 D/RIL     (  320): [SUB0] [0058]< RIL_REQUEST_SCREEN_STATE {}
01-23 12:40:15.596 D/RIL     (  320): [SUB0] [UNSL]< RIL_UNSOL_RESPONSE_VOICE_NETWORK_STATE_CHANGED {}
01-23 12:40:15.596 D/RIL     (  320): [SUB0] [0059]> RIL_REQUEST_OPERATOR
01-23 12:40:15.596 D/RIL     (  320): [SUB0] [0060]> RIL_REQUEST_DATA_REGISTRATION_STATE
01-23 12:40:15.596 D/RIL     (  320): [SUB0] [0061]> RIL_REQUEST_VOICE_REGISTRATION_STATE
01-23 12:40:15.596 D/RIL     (  320): [SUB0] [0062]> RIL_REQUEST_QUERY_NETWORK_SELECTION_MODE
01-23 12:40:15.596 D/RIL     (  320): [SUB0] [UNSL]< RIL_UNSOL_SIGNAL_STRENGTH {[signalStrength=99,bitErrorRate=0,CDMA_SS.dbm=-1,CDMA_SSecio=-1,EVDO_SS.dbm=-1,EVDO_SS.ecio=-1,EVDO_SS.signalNoiseRatio=-1,LTE_SS.signalStrength=99,LTE_SS.rsrp=2147483647,LTE_SS.rsrq=2147483647,LTE_SS.rssnr=2147483647,LTE_SS.cqi=2147483647]}
01-23 12:40:15.606 I/RILQ    (  297): (0/297):RIL[0][cmd-21(808)] qcril_qmi_nas_reset_data_snapshot_cache_and_timer: Resetting snapshot timer
01-23 12:40:15.616 I/RILQ    (  297): (0/297):RIL[0][cmd-20(328)] qcril_qmi_nas_reset_data_snapshot_cache_and_timer: Resetting snapshot timer
01-23 12:40:15.636 D/RIL     (  320): [SUB0] [0060]< RIL_REQUEST_DATA_REGISTRATION_STATE {0,(null),(null),(null),0,20,(null),394,117891856,(null),(null)}
01-23 12:40:15.686 D/RIL     (  320): [SUB0] [0059]< RIL_REQUEST_OPERATOR {(null),(null),(null)}
01-23 12:40:15.686 D/RIL     (  320): [SUB0] [0062]< RIL_REQUEST_QUERY_NETWORK_SELECTION_MODE {0}
01-23 12:40:15.686 D/RIL     (  320): [SUB0] [0061]< RIL_REQUEST_VOICE_REGISTRATION_STATE {2,(null),(null),0,(null),(null),(null),0,(null),(null),(null),(null),(null),0,,}
--------- beginning of main
01-23 12:40:24.296 I/Gecko   ( 3548): [BrowserElement] event type: keydown, key: #, target: [object HTMLInputElement], class: dialer-input
01-23 12:40:24.386 I/Gecko   (  320): [BrowserElement] event type: keyup, key: #, target: [object HTMLIFrameElement], src: app://launcher.gaiamobile.org/index.html, id: browser0, class: browser
01-23 12:40:24.396 I/Gecko   ( 3548): [BrowserElement] event type: keyup, key: #, target: [object HTMLInputElement], class: dialer-input
01-23 12:40:24.696 I/Gecko   (  320): [BrowserElement] event type: keydown, key: 0, target: [object HTMLIFrameElement], src: app://launcher.gaiamobile.org/index.html, id: browser0, class: browser
01-23 12:40:24.726 I/Gecko   ( 3548): [BrowserElement] event type: keydown, key: 0, target: [object HTMLInputElement], class: dialer-input
01-23 12:40:24.836 I/Gecko   (  320): [BrowserElement] event type: keyup, key: 0, target: [object HTMLIFrameElement], src: app://launcher.gaiamobile.org/index.html, id: browser0, class: browser
01-23 12:40:24.836 I/Gecko   ( 3548): [BrowserElement] event type: keyup, key: 0, target: [object HTMLInputElement], class: dialer-input
01-23 12:40:25.026 D/ThermalEngine(  315): sensor_wait: case_therm Wait done.
01-23 12:40:25.026 D/ThermalEngine(  315): sensor_monitor: case_therm Reading 31000 .
01-23 12:40:25.026 I/ThermalEngine(  315): Sensor:case_therm:31000 mC
01-23 12:40:25.026 D/ThermalEngine(  315): update_active_thresh: case_therm Active(1), Hi(1) 40000, Lo(0) -2147483648, Interval(1) 5000
01-23 12:40:25.026 D/ThermalEngine(  315): sensor_monitor: case_therm Sensor wait.
01-23 12:40:25.026 D/ThermalEngine(  315): sensor_wait: case_therm Wait start. 5000ms
01-23 12:40:25.156 I/Gecko   (  320): [BrowserElement] event type: keydown, key: 5, target: [object HTMLIFrameElement], src: app://launcher.gaiamobile.org/index.html, id: browser0, class: browser
01-23 12:40:25.166 E/sdcard  ( 2973): missing packages.list; retrying
01-23 12:40:25.176 I/Gecko   (  320): [BrowserElement] event type: keyup, key: 5, target: [object HTMLIFrameElement], src: app://launcher.gaiamobile.org/index.html, id: browser0, class: browser
01-23 12:40:25.176 I/Gecko   ( 3548): [BrowserElement] event type: keydown, key: 5, target: [object HTMLInputElement], class: dialer-input
01-23 12:40:25.196 I/Gecko   ( 3548): [BrowserElement] event type: keyup, key: 5, target: [object HTMLInputElement], class: dialer-input
01-23 12:40:25.266 I/Gecko   (  320): [BrowserElement] event type: keydown, key: 7, target: [object HTMLIFrameElement], src: app://launcher.gaiamobile.org/index.html, id: browser0, class: browser
01-23 12:40:25.316 I/Gecko   ( 3548): [BrowserElement] event type: keydown, key: 7, target: [object HTMLInputElement], class: dialer-input
01-23 12:40:25.356 D/VM_BMS  (  388): wake_lock acquired
01-23 12:40:25.356 D/VM_BMS  (  388): New BMS data - Size=56
01-23 12:40:25.356 D/VM_BMS  (  388): Start process_bms_data
01-23 12:40:25.356 D/VM_BMS  (  388): For batt_temp=283 fcc_mah=2075
01-23 12:40:25.356 D/VM_BMS  (  388): For ocv=4138801 batt_temp=283 soc=98
01-23 12:40:25.356 D/VM_BMS  (  388): fifo_count=5 acc_count=0
01-23 12:40:25.356 D/VM_BMS  (  388): INIT: ocv=4138801 last_ocv=4138801 batt_temp=283 soc=98
01-23 12:40:25.356 D/VM_BMS  (  388): For soc=98 batt_temp=283 slope=15600
01-23 12:40:25.356 D/VM_BMS  (  388): For soc=98 batt_temp=283 rbatt_sf=97
01-23 12:40:25.356 D/VM_BMS  (  388): rbatt_mohm_default=138, rbatt_mohm=133, sf=97 batt_temp=283
01-23 12:40:25.356 D/VM_BMS  (  388): For ocv=4139299 batt_temp=283 soc=98
01-23 12:40:25.356 D/VM_BMS  (  388): FIFO=0 fifo_avg=4.187787 rbatt=0.183000 slope=1.560000 ibatt=-0.266321 ocv=4.139299 soc=98 fcc_ah=2.075000 sample_count=128 sample_interval=70 seq_num=9
01-23 12:40:25.356 D/VM_BMS  (  388): For soc=98 batt_temp=283 slope=15600
01-23 12:40:25.356 D/VM_BMS  (  388): For soc=98 batt_temp=283 rbatt_sf=97
01-23 12:40:25.356 D/VM_BMS  (  388): rbatt_mohm_default=138, rbatt_mohm=133, sf=97 batt_temp=283
01-23 12:40:25.356 D/VM_BMS  (  388): For ocv=4139792 batt_temp=283 soc=98
01-23 12:40:25.356 D/VM_BMS  (  388): FIFO=1 fifo_avg=4.187787 rbatt=0.183000 slope=1.560000 ibatt=-0.263615 ocv=4.139792 soc=98 fcc_ah=2.075000 sample_count=128 sample_interval=70 seq_num=9
01-23 12:40:25.356 D/VM_BMS  (  388): For soc=98 batt_temp=283 slope=15600
01-23 12:40:25.356 D/VM_BMS  (  388): For soc=98 batt_temp=283 rbatt_sf=97
01-23 12:40:25.356 D/VM_BMS  (  388): rbatt_mohm_default=138, rbatt_mohm=133, sf=97 batt_temp=283
01-23 12:40:25.356 D/VM_BMS  (  388): For ocv=4140283 batt_temp=283 soc=98
01-23 12:40:25.356 D/VM_BMS  (  388): FIFO=2 fifo_avg=4.188094 rbatt=0.183000 slope=1.560000 ibatt=-0.262604 ocv=4.140283 soc=98 fcc_ah=2.075000 sample_count=128 sample_interval=70 seq_num=9
01-23 12:40:25.356 D/VM_BMS  (  388): For soc=98 batt_temp=283 slope=15600
01-23 12:40:25.356 D/VM_BMS  (  388): For soc=98 batt_temp=283 rbatt_sf=97
01-23 12:40:25.356 D/VM_BMS  (  388): rbatt_mohm_default=138, rbatt_mohm=133, sf=97 batt_temp=283
01-23 12:40:25.356 D/VM_BMS  (  388): For ocv=4140766 batt_temp=283 soc=98
01-23 12:40:25.356 D/VM_BMS  (  388): FIFO=3 fifo_avg=4.187787 rbatt=0.183000 slope=1.560000 ibatt=-0.258264 ocv=4.140766 soc=98 fcc_ah=2.075000 sample_count=128 sample_interval=70 seq_num=9
01-23 12:40:25.356 D/VM_BMS  (  388): For soc=98 batt_temp=283 slope=15600
01-23 12:40:25.356 D/VM_BMS  (  388): For soc=98 batt_temp=283 rbatt_sf=97
01-23 12:40:25.356 D/VM_BMS  (  388): rbatt_mohm_default=138, rbatt_mohm=133, sf=97 batt_temp=283
01-23 12:40:25.356 D/VM_BMS  (  388): For ocv=4141265 batt_temp=283 soc=98
01-23 12:40:25.356 D/VM_BMS  (  388): FIFO=4 fifo_avg=4.189848 rbatt=0.183000 slope=1.560000 ibatt=-0.266842 ocv=4.141265 soc=98 fcc_ah=2.075000 sample_count=128 sample_interval=70 seq_num=9
01-23 12:40:25.356 I/VM_BMS  (  388): power_supply_update: ocv_uv=4141265 ibatt=-266842 soc=98 seq_num=9
01-23 12:40:25.356 D/VM_BMS  (  388): End process_bms_data
01-23 12:40:25.356 D/VM_BMS  (  388): wake_lock released
01-23 12:40:25.406 I/Gecko   (  320): [BrowserElement] event type: keyup, key: 7, target: [object HTMLIFrameElement], src: app://launcher.gaiamobile.org/index.html, id: browser0, class: browser
01-23 12:40:25.406 I/Gecko   ( 3548): [BrowserElement] event type: keyup, key: 7, target: [object HTMLInputElement], class: dialer-input
01-23 12:40:25.586 I/Gecko   (  320): [BrowserElement] event type: keydown, key: 4, target: [object HTMLIFrameElement], src: app://launcher.gaiamobile.org/index.html, id: browser0, class: browser
01-23 12:40:25.606 I/Gecko   ( 3548): [BrowserElement] event type: keydown, key: 4, target: [object HTMLInputElement], class: dialer-input
01-23 12:40:25.686 I/Gecko   (  320): [BrowserElement] event type: keyup, key: 4, target: [object HTMLIFrameElement], src: app://launcher.gaiamobile.org/index.html, id: browser0, class: browser
01-23 12:40:25.696 I/Gecko   ( 3548): [BrowserElement] event type: keyup, key: 4, target: [object HTMLInputElement], class: dialer-input
01-23 12:40:25.866 I/Gecko   (  320): [BrowserElement] event type: keydown, key: #, target: [object HTMLIFrameElement], src: app://launcher.gaiamobile.org/index.html, id: browser0, class: browser
01-23 12:40:25.896 I/Gecko   ( 3548): [BrowserElement] event type: keydown, key: #, target: [object HTMLInputElement], class: dialer-input
01-23 12:40:25.956 I/Gecko   (  320): [BrowserElement] event type: keyup, key: #, target: [object HTMLIFrameElement], src: app://launcher.gaiamobile.org/index.html, id: browser0, class: browser
01-23 12:40:25.956 I/Gecko   ( 3548): [BrowserElement] event type: keyup, key: #, target: [object HTMLInputElement], class: dialer-input
01-23 12:40:25.1415 I/KERNEL  (   28): [  483.586952] tfa98xx_monitor(): SYS_STATUS0: 0xd05e
01-23 12:40:25.1415 I/KERNEL  (   28): [  483.587001] tfa98xx_monitor(): Misc errors detected: STATUS_FLAG0 = 0xd05e
01-23 12:40:26.036 I/Gecko   (  320): [BrowserElement] event type: keydown, key: *, target: [object HTMLIFrameElement], src: app://launcher.gaiamobile.org/index.html, id: browser0, class: browser
01-23 12:40:26.076 I/Gecko   ( 3548): [BrowserElement] event type: keydown, key: *, target: [object HTMLInputElement], class: dialer-input
01-23 12:40:26.186 I/Gecko   (  320): [BrowserElement] event type: keydown, key: #, target: [object HTMLIFrameElement], src: app://launcher.gaiamobile.org/index.html, id: browser0, class: browser
01-23 12:40:26.196 I/Gecko   (  320): [BrowserElement] event type: keyup, key: *, target: [object HTMLIFrameElement], src: app://launcher.gaiamobile.org/index.html, id: browser0, class: browser
01-23 12:40:26.206 I/Gecko   ( 3548): [BrowserElement] event type: keydown, key: #, target: [object HTMLInputElement], class: dialer-input
01-23 12:40:26.206 I/Gecko   ( 3548): [BrowserElement] event type: keyup, key: *, target: [object HTMLInputElement], class: dialer-input
01-23 12:40:26.326 I/Gecko   (  320): [BrowserElement] event type: keydown, key: *, target: [object HTMLIFrameElement], src: app://launcher.gaiamobile.org/index.html, id: browser0, class: browser
01-23 12:40:26.346 I/Gecko   (  320): [BrowserElement] event type: keyup, key: #, target: [object HTMLIFrameElement], src: app://launcher.gaiamobile.org/index.html, id: browser0, class: browser
01-23 12:40:26.366 I/FocusManager( 3548): << focus() called >>
01-23 12:40:26.366 I/FocusManager( 3548):    trying to set focus on, tag: DIV, id: main-view, class: 
01-23 12:40:26.366 I/FocusManager( 3548):    current focused element, tag: INPUT, id: , class: dialer-input
01-23 12:40:26.366 I/FocusManager( 3548): <- blur on, tag: INPUT, id: , class: dialer-input
01-23 12:40:26.376 I/FocusManager( 3548): -> focus is now on, tag: DIV, id: main-view, class: 
01-23 12:40:26.376 I/Gecko   (  320): XXX FIXME : Dispatch a mozChromeEvent: inputmethod-contextchange
01-23 12:40:26.416 I/Gecko   ( 3548): [BrowserElement] event type: keydown, key: *, target: [object HTMLInputElement], class: dialer-input
01-23 12:40:26.416 I/Gecko   (  320): XXX FIXME : Dispatch a mozChromeEvent: activity-choice
01-23 12:40:26.436 I/GeckoDump(  320): XXX FIXME : Got a mozContentEvent: activity-choice
01-23 12:40:26.456 I/Gecko   ( 3548): [BrowserElement] event type: keyup, key: #, target: [object HTMLDivElement], id: main-view
01-23 12:40:26.456 I/WakeLock(  320): Acquire cpu wakelock
01-23 12:40:26.456 I/Gecko   (  320): XXX FIXME : Dispatch a open-app: undefined
01-23 12:40:26.496 I/WakeLock(  320): Acquire cpu wakelock
01-23 12:40:26.506 I/Gecko   ( 3971): ######################## extensions.js loaded
01-23 12:40:26.546 I/Gecko   (  320): [BrowserElement] event type: keyup, key: *, target: [object HTMLIFrameElement], src: app://launcher.gaiamobile.org/index.html, id: browser0, class: browser
01-23 12:40:26.566 I/Gecko   ( 3548): [BrowserElement] event type: keyup, key: *, target: [object HTMLDivElement], id: main-view
01-23 12:40:26.886 I/Gecko   ( 3971): <TZM_LOG> -*- EngmodeExtension -*-: Initialized
01-23 12:40:26.896 I/GeckoDump( 3971): <LM_LOG> -*- logmanager -*-: getPosition value : null
01-23 12:40:26.966 E/linker  ( 3971): readlink('/proc/self/fd/38') failed: Invalid argument [fd=38]
01-23 12:40:26.966 E/linker  ( 3971): warning: unable to get realpath for the library "/system/lib/hw/gralloc.msm8909.so". Will use given name.
01-23 12:40:26.966 E/linker  ( 3971): readlink('/proc/self/fd/38') failed: Invalid argument [fd=38]
01-23 12:40:26.966 E/linker  ( 3971): warning: unable to get realpath for the library "libmemalloc.so". Will use given name.
01-23 12:40:26.976 E/linker  ( 3971): readlink('/proc/self/fd/38') failed: Invalid argument [fd=38]
01-23 12:40:26.976 E/linker  ( 3971): warning: unable to get realpath for the library "libqdMetaData.so". Will use given name.
01-23 12:40:26.986 E/linker  ( 3971): readlink('/proc/self/fd/38') failed: Invalid argument [fd=38]
01-23 12:40:26.986 E/linker  ( 3971): warning: unable to get realpath for the library "libqdutils.so". Will use given name.
01-23 12:40:26.986 E/linker  ( 3971): readlink('/proc/self/fd/38') failed: Invalid argument [fd=38]
01-23 12:40:26.986 E/linker  ( 3971): warning: unable to get realpath for the library "libGLESv1_CM.so". Will use given name.
01-23 12:40:26.986 E/linker  ( 3971): readlink('/proc/self/fd/38') failed: Invalid argument [fd=38]
01-23 12:40:26.986 E/linker  ( 3971): warning: unable to get realpath for the library "libqservice.so". Will use given name.
01-23 12:40:26.996 I/FocusManager(  320): << focus() called >>
01-23 12:40:26.996 I/FocusManager(  320):    trying to set focus on, tag: IFRAME, id: browser4, class: browser
01-23 12:40:27.006 I/FocusManager(  320):    current focused element, tag: IFRAME, id: browser0, class: browser
01-23 12:40:27.006 I/FocusManager(  320): <- blur on, tag: IFRAME, id: browser0, class: browser
