01-23 12:41:08.266 I/Gecko   ( 3971): [BrowserElement] event type: keydown, key: ArrowUp, target: [object HTMLDivElement], id: logcatRun, class: button
01-23 12:41:08.266 I/Gecko   (  320): [BrowserElement] event type: keydown, key: ArrowLeft, target: [object HTMLIFrameElement], src: app://logmanager.gaiamobile.org/index.html, id: browser4, class: browser
01-23 12:41:08.286 I/GeckoDump( 3971): <LM_LOG> -*- logmanager -*-: ConvertToCmd 
01-23 12:41:08.286 I/GeckoDump( 3971): <LM_LOG> -*- logmanager -*-: gaolu logmanager e.key = ArrowLeft
01-23 12:41:08.286 I/GeckoDump( 3971): <LM_LOG> -*- logmanager -*-: addEventListener ArrowLeft
01-23 12:41:08.286 I/Gecko   ( 3971): [BrowserElement] event type: keydown, key: ArrowLeft, target: [object HTMLDivElement], id: home, class: back
01-23 12:41:08.326 I/Gecko   (  320): [BrowserElement] event type: keyup, key: ArrowUp, target: [object HTMLIFrameElement], src: app://logmanager.gaiamobile.org/index.html, id: browser4, class: browser
01-23 12:41:08.336 I/Gecko   (  320): [BrowserElement] event type: keyup, key: ArrowLeft, target: [object HTMLIFrameElement], src: app://logmanager.gaiamobile.org/index.html, id: browser4, class: browser
01-23 12:41:08.336 I/Gecko   ( 3971): [BrowserElement] event type: keyup, key: ArrowUp, target: [object HTMLDivElement], id: home, class: back
01-23 12:41:08.336 I/Gecko   (  320): <TZM_LOG> -*- engmodeEx_service.jsm -*-: hwtest--*********observe********
01-23 12:41:08.336 I/Gecko   (  320): <TZM_LOG> -*- engmodeEx_service.jsm -*-: hwtest-- aSubject:[xpconnect wrapped nsIProcess]
01-23 12:41:08.336 I/Gecko   (  320): <TZM_LOG> -*- engmodeEx_service.jsm -*-: hwtest-- aTopic:process-finished
01-23 12:41:08.336 I/Gecko   (  320): <TZM_LOG> -*- engmodeEx_service.jsm -*-: hwtest-- aData:null
01-23 12:41:08.336 I/Gecko   ( 3971): [BrowserElement] event type: keyup, key: ArrowLeft, target: [object HTMLDivElement], id: home, class: back
01-23 12:41:08.336 I/Gecko   ( 3971): <TZM_LOG> -*- EngmodeExtension -*-: receiveMessage: {"target":{},"name":"EngmodeSrv:UniversalCommand:Return","sync":false,"json":{"data":"process-finished","requestID":"id{017e47a1-9fb4-4438-8a40-87b2b911f273}"},"data":{"data":"process-finished","requestID":"id{017e47a1-9fb4-4438-8a40-87b2b911f273}"},"objects":{},"ports":{}}
01-23 12:41:08.336 I/Gecko   ( 3971): <TZM_LOG> -*- EngmodeExtension -*-: Success: Can not find the request object with id{017e47a1-9fb4-4438-8a40-87b2b911f273}
01-23 12:41:08.336 I/Gecko   ( 3971): <TZM_LOG> -*- EngmodeExtension -*-: receiveMessage: {"target":{},"name":"EngmodeSrv:UniversalCommand:Return","sync":false,"json":{"data":"process-finished","requestID":"id{017e47a1-9fb4-4438-8a40-87b2b911f273}"},"data":{"data":"process-finished","requestID":"id{017e47a1-9fb4-4438-8a40-87b2b911f273}"},"objects":{},"ports":{}}
01-23 12:41:08.336 I/Gecko   ( 3971): <TZM_LOG> -*- EngmodeExtension -*-: setKAIOSLogPara: tempkeys1 = enable tempkeys2 = 1
01-23 12:41:08.336 I/Gecko   (  320): <TZM_LOG> -*- engmodeEx_service.jsm -*-: receiveMessage: EngmodeSrv:UniversalCommand
01-23 12:41:08.336 I/Gecko   (  320): <TZM_LOG> -*- engmodeEx_service.jsm -*-: hwtest--args:-c,setprop persist.sys.kaioslogcat.enable 1
01-23 12:41:08.336 I/Gecko   (  320): <TZM_LOG> -*- engmodeEx_service.jsm -*-: hwtest--UniversalCommand: init finished
01-23 12:41:08.366 I/Gecko   (  320): <TZM_LOG> -*- engmodeEx_service.jsm -*-:            hwtest: _universalCommandProcess: null
01-23 12:41:08.396 I/Gecko   (  320): [BrowserElement] event type: keyup, key: Enter, target: [object HTMLIFrameElement], src: app://logmanager.gaiamobile.org/index.html, id: browser4, class: browser
01-23 12:41:08.396 I/Gecko   ( 3971): [BrowserElement] event type: keyup, key: Enter, target: [object HTMLDivElement], id: home, class: back
01-23 12:41:08.426 I/Gecko   (  320): <TZM_LOG> -*- engmodeEx_service.jsm -*-: hwtest--*********observe********
01-23 12:41:08.426 I/Gecko   (  320): <TZM_LOG> -*- engmodeEx_service.jsm -*-: hwtest-- aSubject:[xpconnect wrapped nsIProcess]
01-23 12:41:08.426 I/Gecko   (  320): <TZM_LOG> -*- engmodeEx_service.jsm -*-: hwtest-- aTopic:process-finished
01-23 12:41:08.426 I/Gecko   (  320): <TZM_LOG> -*- engmodeEx_service.jsm -*-: hwtest-- aData:null
01-23 12:41:08.426 I/Gecko   ( 3971): <TZM_LOG> -*- EngmodeExtension -*-: receiveMessage: {"target":{},"name":"EngmodeSrv:UniversalCommand:Return","sync":false,"json":{"data":"process-finished","requestID":"id{bd3400fe-73e5-4f69-89b6-9f023dab4848}"},"data":{"data":"process-finished","requestID":"id{bd3400fe-73e5-4f69-89b6-9f023dab4848}"},"objects":{},"ports":{}}
01-23 12:41:08.426 I/Gecko   ( 3971): <TZM_LOG> -*- EngmodeExtension -*-: Success: Can not find the request object with id{bd3400fe-73e5-4f69-89b6-9f023dab4848}
01-23 12:41:08.426 I/Gecko   ( 3971): <TZM_LOG> -*- EngmodeExtension -*-: receiveMessage: {"target":{},"name":"EngmodeSrv:UniversalCommand:Return","sync":false,"json":{"data":"process-finished","requestID":"id{bd3400fe-73e5-4f69-89b6-9f023dab4848}"},"data":{"data":"process-finished","requestID":"id{bd3400fe-73e5-4f69-89b6-9f023dab4848}"},"objects":{},"ports":{}}
01-23 12:41:08.426 I/GeckoDump( 3971): <LM_LOG> -*- logmanager -*-: start lmlogKeyinfo
01-23 12:41:10.046 D/ThermalEngine(  315): sensor_wait: case_therm Wait done.
01-23 12:41:10.046 D/ThermalEngine(  315): sensor_monitor: case_therm Reading 31000 .
01-23 12:41:10.046 I/ThermalEngine(  315): Sensor:case_therm:31000 mC
01-23 12:41:10.046 D/ThermalEngine(  315): update_active_thresh: case_therm Active(1), Hi(1) 40000, Lo(0) -2147483648, Interval(1) 5000
01-23 12:41:10.046 D/ThermalEngine(  315): sensor_monitor: case_therm Sensor wait.
01-23 12:41:10.046 D/ThermalEngine(  315): sensor_wait: case_therm Wait start. 5000ms
01-23 12:41:10.156 I/Gecko   (  320): [BrowserElement] event type: keydown, key: ArrowUp, target: [object HTMLIFrameElement], src: app://logmanager.gaiamobile.org/index.html, id: browser4, class: browser
01-23 12:41:10.156 I/GeckoDump( 3971): <LM_LOG> -*- logmanager -*-: ConvertToCmd lmcmUp
01-23 12:41:10.156 I/GeckoDump( 3971): <LM_LOG> -*- logmanager -*-: gaolu logmanager e.key = ArrowUp
01-23 12:41:10.156 I/GeckoDump( 3971): <LM_LOG> -*- logmanager -*-: addEventListener ArrowUp
01-23 12:41:10.166 I/GeckoDump( 3971): <LM_LOG> -*- logmanager -*-: changefocus pre  is focus
01-23 12:41:10.166 I/GeckoDump( 3971): <LM_LOG> -*- logmanager -*-: changefocus tabIndex 1
01-23 12:41:10.166 I/FocusManager( 3971): << focus() called >>
01-23 12:41:10.166 I/FocusManager( 3971):    trying to set focus on, tag: LI, id: , class: pack-switch
01-23 12:41:10.166 I/FocusManager( 3971):    current focused element, tag: DIV, id: home, class: back
01-23 12:41:10.166 I/FocusManager( 3971): <- blur on, tag: DIV, id: home, class: back
01-23 12:41:10.166 I/FocusManager( 3971): -> focus is now on, tag: LI, id: , class: pack-switch
01-23 12:41:10.166 I/Gecko   (  320): [BrowserElement] event type: keyup, key: ArrowUp, target: [object HTMLIFrameElement], src: app://logmanager.gaiamobile.org/index.html, id: browser4, class: browser
01-23 12:41:10.176 I/Gecko   ( 3971): [BrowserElement] event type: keydown, key: ArrowUp, target: [object HTMLDivElement], id: home, class: back
01-23 12:41:10.176 E/sdcard  ( 2973): missing packages.list; retrying
01-23 12:41:10.176 I/Gecko   ( 3971): [BrowserElement] event type: keyup, key: ArrowUp, target: [object HTMLLIElement], class: pack-switch
01-23 12:41:13.176 E/sdcard  ( 2973): missing packages.list; retrying
01-23 12:41:13.496 D/VM_BMS  (  388): wake_lock acquired
01-23 12:41:13.496 D/VM_BMS  (  388): New BMS data - Size=56
01-23 12:41:13.496 D/VM_BMS  (  388): Start process_bms_data
01-23 12:41:13.496 D/VM_BMS  (  388): For batt_temp=284 fcc_mah=2075
01-23 12:41:13.496 D/VM_BMS  (  388): For ocv=4141265 batt_temp=284 soc=98
01-23 12:41:13.496 D/VM_BMS  (  388): fifo_count=5 acc_count=0
01-23 12:41:13.496 D/VM_BMS  (  388): INIT: ocv=4141265 last_ocv=4141265 batt_temp=284 soc=98
01-23 12:41:13.496 D/VM_BMS  (  388): For soc=98 batt_temp=284 slope=15600
01-23 12:41:13.496 D/VM_BMS  (  388): For soc=98 batt_temp=284 rbatt_sf=97
01-23 12:41:13.496 D/VM_BMS  (  388): rbatt_mohm_default=138, rbatt_mohm=133, sf=97 batt_temp=284
01-23 12:41:13.496 D/VM_BMS  (  388): For ocv=4141715 batt_temp=284 soc=98
01-23 12:41:13.496 D/VM_BMS  (  388): FIFO=0 fifo_avg=4.185496 rbatt=0.183000 slope=1.560000 ibatt=-0.240470 ocv=4.141715 soc=98 fcc_ah=2.075000 sample_count=128 sample_interval=70 seq_num=10
01-23 12:41:13.496 D/VM_BMS  (  388): For soc=98 batt_temp=284 slope=15600
01-23 12:41:13.496 D/VM_BMS  (  388): For soc=98 batt_temp=284 rbatt_sf=97
01-23 12:41:13.496 D/VM_BMS  (  388): rbatt_mohm_default=138, rbatt_mohm=133, sf=97 batt_temp=284
01-23 12:41:13.496 D/VM_BMS  (  388): For ocv=4142157 batt_temp=284 soc=98
01-23 12:41:13.496 D/VM_BMS  (  388): FIFO=1 fifo_avg=4.185212 rbatt=0.183000 slope=1.560000 ibatt=-0.236480 ocv=4.142158 soc=98 fcc_ah=2.075000 sample_count=128 sample_interval=70 seq_num=10
01-23 12:41:13.496 D/VM_BMS  (  388): For soc=98 batt_temp=284 slope=15600
01-23 12:41:13.496 D/VM_BMS  (  388): For soc=98 batt_temp=284 rbatt_sf=97
01-23 12:41:13.496 D/VM_BMS  (  388): rbatt_mohm_default=138, rbatt_mohm=133, sf=97 batt_temp=284
01-23 12:41:13.496 D/VM_BMS  (  388): For ocv=4142568 batt_temp=284 soc=98
01-23 12:41:13.496 D/VM_BMS  (  388): FIFO=2 fifo_avg=4.182547 rbatt=0.183000 slope=1.560000 ibatt=-0.219588 ocv=4.142568 soc=98 fcc_ah=2.075000 sample_count=128 sample_interval=70 seq_num=10
01-23 12:41:13.496 D/VM_BMS  (  388): For soc=98 batt_temp=284 slope=15600
01-23 12:41:13.496 D/VM_BMS  (  388): For soc=98 batt_temp=284 rbatt_sf=97
01-23 12:41:13.496 D/VM_BMS  (  388): rbatt_mohm_default=138, rbatt_mohm=133, sf=97 batt_temp=284
01-23 12:41:13.496 D/VM_BMS  (  388): For ocv=4142989 batt_temp=284 soc=98
01-23 12:41:13.496 D/VM_BMS  (  388): FIFO=3 fifo_avg=4.184023 rbatt=0.183000 slope=1.560000 ibatt=-0.225377 ocv=4.142990 soc=98 fcc_ah=2.075000 sample_count=128 sample_interval=70 seq_num=10
01-23 12:41:13.496 D/VM_BMS  (  388): For soc=98 batt_temp=284 slope=15600
01-23 12:41:13.496 D/VM_BMS  (  388): For soc=98 batt_temp=284 rbatt_sf=97
01-23 12:41:13.496 D/VM_BMS  (  388): rbatt_mohm_default=138, rbatt_mohm=133, sf=97 batt_temp=284
01-23 12:41:13.496 D/VM_BMS  (  388): For ocv=4143460 batt_temp=284 soc=98
01-23 12:41:13.496 D/VM_BMS  (  388): FIFO=4 fifo_avg=4.189336 rbatt=0.183000 slope=1.560000 ibatt=-0.251972 ocv=4.143461 soc=98 fcc_ah=2.075000 sample_count=128 sample_interval=70 seq_num=10
01-23 12:41:13.496 I/VM_BMS  (  388): power_supply_update: ocv_uv=4143460 ibatt=-251972 soc=98 seq_num=10
01-23 12:41:13.496 D/VM_BMS  (  388): End process_bms_data
01-23 12:41:13.496 D/VM_BMS  (  388): wake_lock released
01-23 12:41:15.046 D/ThermalEngine(  315): sensor_wait: case_therm Wait done.
01-23 12:41:15.056 D/ThermalEngine(  315): sensor_monitor: case_therm Reading 31000 .
01-23 12:41:15.056 I/ThermalEngine(  315): Sensor:case_therm:31000 mC
01-23 12:41:15.056 D/ThermalEngine(  315): update_active_thresh: case_therm Active(1), Hi(1) 40000, Lo(0) -2147483648, Interval(1) 5000
01-23 12:41:15.056 D/ThermalEngine(  315): sensor_monitor: case_therm Sensor wait.
01-23 12:41:15.056 D/ThermalEngine(  315): sensor_wait: case_therm Wait start. 5000ms
01-23 12:41:15.166 I/GeckoConsole(  320): Content JS LOG: [AppUsage] got an event:  idle 
01-23 12:41:15.166 I/GeckoConsole(  320):     at debug (app://system.gaiamobile.org/js/app_usage_metrics.js:141:7)
01-23 12:41:16.176 E/sdcard  ( 2973): missing packages.list; retrying
01-23 12:41:19.176 E/sdcard  ( 2973): missing packages.list; retrying
01-23 12:41:20.056 D/ThermalEngine(  315): sensor_wait: case_therm Wait done.
01-23 12:41:20.056 D/ThermalEngine(  315): sensor_monitor: case_therm Reading 31000 .
01-23 12:41:20.056 I/ThermalEngine(  315): Sensor:case_therm:31000 mC
01-23 12:41:20.056 D/ThermalEngine(  315): update_active_thresh: case_therm Active(1), Hi(1) 40000, Lo(0) -2147483648, Interval(1) 5000
01-23 12:41:20.056 D/ThermalEngine(  315): sensor_monitor: case_therm Sensor wait.
01-23 12:41:20.056 D/ThermalEngine(  315): sensor_wait: case_therm Wait start. 5000ms
01-23 12:41:22.176 E/sdcard  ( 2973): missing packages.list; retrying
01-23 12:41:22.876 I/Gecko   (  320): [BrowserElement] event type: keydown, key: ArrowUp, target: [object HTMLIFrameElement], src: app://logmanager.gaiamobile.org/index.html, id: browser4, class: browser
01-23 12:41:22.876 I/GeckoDump( 3971): <LM_LOG> -*- logmanager -*-: ConvertToCmd lmcmUp
01-23 12:41:22.876 I/GeckoDump( 3971): <LM_LOG> -*- logmanager -*-: gaolu logmanager e.key = ArrowUp
01-23 12:41:22.876 I/GeckoDump( 3971): <LM_LOG> -*- logmanager -*-: addEventListener ArrowUp
01-23 12:41:22.876 I/GeckoDump( 3971): <LM_LOG> -*- logmanager -*-: changefocus pre  is focus
01-23 12:41:22.876 I/GeckoDump( 3971): <LM_LOG> -*- logmanager -*-: changefocus tabIndex 1
01-23 12:41:22.876 I/FocusManager( 3971): << focus() called >>
01-23 12:41:22.876 I/FocusManager( 3971):    trying to set focus on, tag: LI, id: , class: pack-switch
01-23 12:41:22.886 I/FocusManager( 3971):    current focused element, tag: LI, id: , class: pack-switch
01-23 12:41:22.886 I/GeckoConsole(  320): Content JS LOG: [AppUsage] got an event:  active 
01-23 12:41:22.886 I/GeckoConsole(  320):     at debug (app://system.gaiamobile.org/js/app_usage_metrics.js:141:7)
01-23 12:41:22.886 I/FocusManager( 3971): <- blur on, tag: LI, id: , class: pack-switch
01-23 12:41:22.896 I/FocusManager( 3971): -> focus is now on, tag: LI, id: , class: pack-switch
01-23 12:41:22.896 I/Gecko   ( 3971): [BrowserElement] event type: keydown, key: ArrowUp, target: [object HTMLLIElement], class: pack-switch
01-23 12:41:23.006 I/Gecko   (  320): [BrowserElement] event type: keyup, key: ArrowUp, target: [object HTMLIFrameElement], src: app://logmanager.gaiamobile.org/index.html, id: browser4, class: browser
01-23 12:41:23.016 I/Gecko   ( 3971): [BrowserElement] event type: keyup, key: ArrowUp, target: [object HTMLLIElement], class: pack-switch
01-23 12:41:23.526 I/Gecko   (  320): [BrowserElement] event type: keydown, key: ArrowUp, target: [object HTMLIFrameElement], src: app://logmanager.gaiamobile.org/index.html, id: browser4, class: browser
01-23 12:41:23.536 I/GeckoDump( 3971): <LM_LOG> -*- logmanager -*-: ConvertToCmd lmcmUp
01-23 12:41:23.536 I/GeckoDump( 3971): <LM_LOG> -*- logmanager -*-: gaolu logmanager e.key = ArrowUp
01-23 12:41:23.536 I/GeckoDump( 3971): <LM_LOG> -*- logmanager -*-: addEventListener ArrowUp
01-23 12:41:23.536 I/GeckoDump( 3971): <LM_LOG> -*- logmanager -*-: changefocus pre logcatRun is focus
01-23 12:41:23.536 I/GeckoDump( 3971): <LM_LOG> -*- logmanager -*-: changefocus tabIndex 1
01-23 12:41:23.536 I/FocusManager( 3971): << focus() called >>
01-23 12:41:23.536 I/FocusManager( 3971):    trying to set focus on, tag: DIV, id: logcatRun, class: button
01-23 12:41:23.536 I/FocusManager( 3971):    current focused element, tag: LI, id: , class: pack-switch
01-23 12:41:23.536 I/FocusManager( 3971): <- blur on, tag: LI, id: , class: pack-switch
01-23 12:41:23.546 I/FocusManager( 3971): -> focus is now on, tag: DIV, id: logcatRun, class: button
01-23 12:41:23.546 I/Gecko   ( 3971): [BrowserElement] event type: keydown, key: ArrowUp, target: [object HTMLLIElement], class: pack-switch
01-23 12:41:23.596 I/Gecko   (  320): [BrowserElement] event type: keyup, key: ArrowUp, target: [object HTMLIFrameElement], src: app://logmanager.gaiamobile.org/index.html, id: browser4, class: browser
01-23 12:41:23.596 I/Gecko   ( 3971): [BrowserElement] event type: keyup, key: ArrowUp, target: [object HTMLDivElement], id: logcatRun, class: button
01-23 12:41:23.646 I/Gecko   (  320): [BrowserElement] event type: keydown, key: ArrowUp, target: [object HTMLIFrameElement], src: app://logmanager.gaiamobile.org/index.html, id: browser4, class: browser
01-23 12:41:23.646 I/GeckoDump( 3971): <LM_LOG> -*- logmanager -*-: ConvertToCmd lmcmUp
01-23 12:41:23.646 I/GeckoDump( 3971): <LM_LOG> -*- logmanager -*-: gaolu logmanager e.key = ArrowUp
01-23 12:41:23.646 I/GeckoDump( 3971): <LM_LOG> -*- logmanager -*-: addEventListener ArrowUp
01-23 12:41:23.656 I/GeckoDump( 3971): <LM_LOG> -*- logmanager -*-: changefocus pre home is focus
01-23 12:41:23.656 I/GeckoDump( 3971): <LM_LOG> -*- logmanager -*-: changefocus tabIndex 1
01-23 12:41:23.656 I/FocusManager( 3971): << focus() called >>
01-23 12:41:23.656 I/FocusManager( 3971):    trying to set focus on, tag: DIV, id: home, class: back
01-23 12:41:23.656 I/FocusManager( 3971):    current focused element, tag: DIV, id: logcatRun, class: button
01-23 12:41:23.656 I/FocusManager( 3971): <- blur on, tag: DIV, id: logcatRun, class: button
01-23 12:41:23.656 I/Gecko   (  320): [BrowserElement] event type: keyup, key: ArrowUp, target: [object HTMLIFrameElement], src: app://logmanager.gaiamobile.org/index.html, id: browser4, class: browser
01-23 12:41:23.656 I/FocusManager( 3971): -> focus is now on, tag: DIV, id: home, class: back
01-23 12:41:23.666 I/Gecko   ( 3971): [BrowserElement] event type: keydown, key: ArrowUp, target: [object HTMLDivElement], id: logcatRun, class: button
01-23 12:41:23.666 I/Gecko   ( 3971): [BrowserElement] event type: keyup, key: ArrowUp, target: [object HTMLDivElement], id: home, class: back
01-23 12:41:23.756 I/Gecko   (  320): [BrowserElement] event type: keydown, key: ArrowUp, target: [object HTMLIFrameElement], src: app://logmanager.gaiamobile.org/index.html, id: browser4, class: browser
01-23 12:41:23.756 I/GeckoDump( 3971): <LM_LOG> -*- logmanager -*-: ConvertToCmd lmcmUp
01-23 12:41:23.756 I/GeckoDump( 3971): <LM_LOG> -*- logmanager -*-: gaolu logmanager e.key = ArrowUp
01-23 12:41:23.756 I/GeckoDump( 3971): <LM_LOG> -*- logmanager -*-: addEventListener ArrowUp
01-23 12:41:23.756 I/GeckoDump( 3971): <LM_LOG> -*- logmanager -*-: changefocus pre  is focus
01-23 12:41:23.756 I/GeckoDump( 3971): <LM_LOG> -*- logmanager -*-: changefocus tabIndex 1
01-23 12:41:23.756 I/FocusManager( 3971): << focus() called >>
01-23 12:41:23.756 I/FocusManager( 3971):    trying to set focus on, tag: LI, id: , class: pack-switch
01-23 12:41:23.756 I/FocusManager( 3971):    current focused element, tag: DIV, id: home, class: back
01-23 12:41:23.756 I/FocusManager( 3971): <- blur on, tag: DIV, id: home, class: back
01-23 12:41:23.766 I/FocusManager( 3971): -> focus is now on, tag: LI, id: , class: pack-switch
01-23 12:41:23.776 I/Gecko   ( 3971): [BrowserElement] event type: keydown, key: ArrowUp, target: [object HTMLDivElement], id: home, class: back
01-23 12:41:23.876 I/Gecko   (  320): [BrowserElement] event type: keyup, key: ArrowUp, target: [object HTMLIFrameElement], src: app://logmanager.gaiamobile.org/index.html, id: browser4, class: browser
01-23 12:41:23.886 I/Gecko   ( 3971): [BrowserElement] event type: keyup, key: ArrowUp, target: [object HTMLLIElement], class: pack-switch
01-23 12:41:24.826 I/Gecko   (  320): [BrowserElement] event type: keydown, key: ArrowDown, target: [object HTMLIFrameElement], src: app://logmanager.gaiamobile.org/index.html, id: browser4, class: browser
01-23 12:41:24.836 I/GeckoDump( 3971): <LM_LOG> -*- logmanager -*-: ConvertToCmd lmcmDn
01-23 12:41:24.836 I/GeckoDump( 3971): <LM_LOG> -*- logmanager -*-: gaolu logmanager e.key = ArrowDown
01-23 12:41:24.836 I/GeckoDump( 3971): <LM_LOG> -*- logmanager -*-: addEventListener ArrowDown
01-23 12:41:24.836 I/GeckoDump( 3971): <LM_LOG> -*- logmanager -*-: changefocus next  home is focus
01-23 12:41:24.836 I/GeckoDump( 3971): <LM_LOG> -*- logmanager -*-: changefocus tabIndex 1
01-23 12:41:24.836 I/FocusManager( 3971): << focus() called >>
01-23 12:41:24.836 I/FocusManager( 3971):    trying to set focus on, tag: DIV, id: home, class: back
01-23 12:41:24.836 I/FocusManager( 3971):    current focused element, tag: LI, id: , class: pack-switch
01-23 12:41:24.836 I/FocusManager( 3971): <- blur on, tag: LI, id: , class: pack-switch
01-23 12:41:24.846 I/FocusManager( 3971): -> focus is now on, tag: DIV, id: home, class: back
01-23 12:41:24.846 I/Gecko   ( 3971): [BrowserElement] event type: keydown, key: ArrowDown, target: [object HTMLLIElement], class: pack-switch
01-23 12:41:24.976 I/Gecko   (  320): [BrowserElement] event type: keyup, key: ArrowDown, target: [object HTMLIFrameElement], src: app://logmanager.gaiamobile.org/index.html, id: browser4, class: browser
01-23 12:41:24.986 I/Gecko   ( 3971): [BrowserElement] event type: keyup, key: ArrowDown, target: [object HTMLDivElement], id: home, class: back
01-23 12:41:25.056 D/ThermalEngine(  315): sensor_wait: case_therm Wait done.
01-23 12:41:25.056 D/ThermalEngine(  315): sensor_monitor: case_therm Reading 31000 .
01-23 12:41:25.056 I/ThermalEngine(  315): Sensor:case_therm:31000 mC
01-23 12:41:25.056 D/ThermalEngine(  315): update_active_thresh: case_therm Active(1), Hi(1) 40000, Lo(0) -2147483648, Interval(1) 5000
01-23 12:41:25.056 D/ThermalEngine(  315): sensor_monitor: case_therm Sensor wait.
01-23 12:41:25.056 D/ThermalEngine(  315): sensor_wait: case_therm Wait start. 5000ms
01-23 12:41:25.176 E/sdcard  ( 2973): missing packages.list; retrying
01-23 12:41:25.426 I/Gecko   (  320): [BrowserElement] event type: keydown, key: Enter, target: [object HTMLIFrameElement], src: app://logmanager.gaiamobile.org/index.html, id: browser4, class: browser
01-23 12:41:25.426 I/GeckoDump( 3971): <LM_LOG> -*- logmanager -*-: ConvertToCmd lmcmYes
01-23 12:41:25.426 I/GeckoDump( 3971): <LM_LOG> -*- logmanager -*-: gaolu logmanager e.key = Enter
01-23 12:41:25.426 I/GeckoDump( 3971): <LM_LOG> -*- logmanager -*-: gaolu 1 cmd = lmcmYes
01-23 12:41:25.436 I/GeckoDump( 3971): <LM_LOG> -*- logmanager -*-: gaolu logmanager el.name = home
01-23 12:41:25.436 I/GeckoDump( 3971): <LM_LOG> -*- logmanager -*-: addEventListener Enter
01-23 12:41:25.436 I/Gecko   ( 3971): [BrowserElement] event type: keydown, key: Enter, target: [object HTMLDivElement], id: home, class: back
01-23 12:41:25.536 I/Gecko   (  320): [BrowserElement] event type: keyup, key: Enter, target: [object HTMLIFrameElement], src: app://logmanager.gaiamobile.org/index.html, id: browser4, class: browser
01-23 12:41:25.546 I/Gecko   ( 3971): [BrowserElement] event type: keyup, key: Enter, target: [object HTMLDivElement], id: home, class: back
01-23 12:41:25.636 I/GeckoDump( 3971): <LM_LOG> -*- logmanager -*-: gaolu::document.mvalue id = home2 value = logcat
01-23 12:41:25.646 I/GeckoDump( 3971): <LM_LOG> -*- logmanager -*-: gaolu::::::::::::::::::::: document.activeElement home
01-23 12:41:25.646 I/FocusManager( 3971): << focus() called >>
01-23 12:41:25.646 I/FocusManager( 3971):    trying to set focus on, tag: LI, id: logcat, class: contentBar
01-23 12:41:25.646 I/FocusManager( 3971):    current focused element, tag: DIV, id: home, class: back
01-23 12:41:25.646 I/FocusManager( 3971): -> focus is now on, tag: LI, id: logcat, class: contentBar
01-23 12:41:25.656 I/GeckoDump( 3971): <LM_LOG> -*- logmanager -*-: gaolu after : document.activeElement home
01-23 12:41:25.686 I/Gecko   ( 3971): -*- SettingsManager: Received: inner-window-destroyed for valid innerWindowID=15032385544, cleanup.
01-23 12:41:28.186 E/sdcard  ( 2973): missing packages.list; retrying
01-23 12:41:30.056 D/ThermalEngine(  315): sensor_wait: case_therm Wait done.
01-23 12:41:30.056 D/ThermalEngine(  315): sensor_monitor: case_therm Reading 32000 .
01-23 12:41:30.056 I/ThermalEngine(  315): Sensor:case_therm:32000 mC
01-23 12:41:30.056 D/ThermalEngine(  315): update_active_thresh: case_therm Active(1), Hi(1) 40000, Lo(0) -2147483648, Interval(1) 5000
01-23 12:41:30.056 D/ThermalEngine(  315): sensor_monitor: case_therm Sensor wait.
01-23 12:41:30.056 D/ThermalEngine(  315): sensor_wait: case_therm Wait start. 5000ms
01-23 12:41:30.526 I/GeckoConsole(  320): Content JS LOG: [AppUsage] got an event:  idle 
01-23 12:41:30.526 I/GeckoConsole(  320):     at debug (app://system.gaiamobile.org/js/app_usage_metrics.js:141:7)
01-23 12:41:31.176 E/sdcard  ( 2973): missing packages.list; retrying
01-23 12:41:34.186 E/sdcard  ( 2973): missing packages.list; retrying
01-23 12:41:35.066 D/ThermalEngine(  315): sensor_wait: case_therm Wait done.
01-23 12:41:35.066 D/ThermalEngine(  315): sensor_monitor: case_therm Reading 31000 .
01-23 12:41:35.066 I/ThermalEngine(  315): Sensor:case_therm:31000 mC
01-23 12:41:35.066 D/ThermalEngine(  315): update_active_thresh: case_therm Active(1), Hi(1) 40000, Lo(0) -2147483648, Interval(1) 5000
01-23 12:41:35.066 D/ThermalEngine(  315): sensor_monitor: case_therm Sensor wait.
01-23 12:41:35.066 D/ThermalEngine(  315): sensor_wait: case_therm Wait start. 5000ms
01-23 12:41:37.186 E/sdcard  ( 2973): missing packages.list; retrying
01-23 12:41:40.066 D/ThermalEngine(  315): sensor_wait: case_therm Wait done.
01-23 12:41:40.066 D/ThermalEngine(  315): sensor_monitor: case_therm Reading 31000 .
01-23 12:41:40.066 I/ThermalEngine(  315): Sensor:case_therm:31000 mC
01-23 12:41:40.066 D/ThermalEngine(  315): update_active_thresh: case_therm Active(1), Hi(1) 40000, Lo(0) -2147483648, Interval(1) 5000
01-23 12:41:40.066 D/ThermalEngine(  315): sensor_monitor: case_therm Sensor wait.
01-23 12:41:40.066 D/ThermalEngine(  315): sensor_wait: case_therm Wait start. 5000ms
01-23 12:41:40.186 E/sdcard  ( 2973): missing packages.list; retrying
01-23 12:41:41.906 I/MozMtp  (  320): sessionEnded: 
01-23 12:41:41.906 I/MozMtp  (  320): Run: MozMtpServer finished
01-23 12:41:41.949 I/KERNEL  (    0): [  559.120892] msm_otg 78d9000.usb: Avail curr from USB = 2
01-23 12:41:41.949 I/KERNEL  (    0): [  559.120930] msm_hsusb msm_hsusb: CI13XXX_CONTROLLER_SUSPEND_EVENT received
01-23 12:41:41.949 I/KERNEL  ( 3959): [  559.121112] android_work: sent uevent USB_STATE=SUSPENDED
01-23 12:41:41.953 I/KERNEL  ( 4121): [  559.125298] msm_otg 78d9000.usb: Avail curr from USB = 0
01-23 12:41:41.953 I/KERNEL  ( 4121): [  559.125405] msm_hsusb msm_hsusb: CI13XXX_CONTROLLER_DISCONNECT_EVENT received
01-23 12:41:41.954 I/KERNEL  (  320): [  559.125734] mtp_release
01-23 12:41:41.954 I/KERNEL  ( 4001): [  559.125828] Error: returning -19 value
01-23 12:41:41.954 I/KERNEL  ( 4001): [  559.126318] read descriptors
01-23 12:41:41.954 I/KERNEL  ( 4001): [  559.126341] read descriptors
01-23 12:41:41.954 I/KERNEL  ( 4001): [  559.126355] read strings
01-23 12:41:41.954 I/KERNEL  ( 4001): [  559.126393] mtp_bind_config
01-23 12:41:41.956 I/KERNEL  (  125): [  559.128013] android_work: sent uevent USB_STATE=DISCONNECTED
01-23 12:41:41.916 I/AutoMounter(  320): Stopping MtpServer
01-23 12:41:41.916 I/MozMtp  (  320): ~MozMtpStorage: Storage destructed for Volume sdcard mStorageID 0x00010001
01-23 12:41:41.916 I/MozMtp  (  320): StorageUnavailable: Removing mStorageID 0x00010001 from MtpServer
01-23 12:41:41.916 I/MozMtp  (  320): StorageUnavailable: Removing mStorageID 0x00010001 from MozMtpDatabse
01-23 12:41:41.916 I/AutoMounter(  320): SetUsbFunction(default) sys.usb.config from 'mtp,adb' to 'diag,serial_smd,rmnet_qti_bam,adb'
01-23 12:41:41.916 I/AutoMounter(  320): AutoMounter state changed from MTP_STARTED to IDLE
01-23 12:41:41.916 I/AutoMounter(  320): UpdateState: ums:A0C0E0 mtp:A1C0E1 mode:3 usb:0 tryToShare:0 state:IDLE
01-23 12:41:41.916 I/AutoMounter(  320): UpdateState: Volume sdcard is Mounted and inserted @ /data/usbmsc_mnt gen 1 locked 0 sharing x
01-23 12:41:41.916 I/DongleAutoMounter(  320): Dongle USB Status : usb: 0, rndis: 0, retry: false
01-23 12:41:41.916 I/DongleAutoMounter(  320): Dongle disable debouncing start
01-23 12:41:41.916 I/DongleAutoMounter(  320): Dongle unpluged ?
01-23 12:41:41.964 I/KERNEL  (    1): [  559.136276] init: Service 'adbd' is being killed...
01-23 12:41:41.966 I/KERNEL  ( 4001): [  559.138492] Error: returning -512 value
01-23 12:41:41.968 I/KERNEL  (    1): [  559.140423] init: Service 'adbd' (pid 4001) killed by signal 9
01-23 12:41:41.969 I/KERNEL  (    1): [  559.140886] init: Service 'adbd' (pid 4001) killing any children in process group
01-23 12:41:41.971 I/KERNEL  (    1): [  559.142962] init: Starting service 'adbd'...
01-23 12:41:41.973 I/KERNEL  ( 4121): [  559.145544] msm_otg 78d9000.usb: USB in low power mode
01-23 12:41:41.976 I/KERNEL  ( 4204): [  559.148041] read descriptors
01-23 12:41:41.976 I/KERNEL  ( 4204): [  559.148134] read descriptors
01-23 12:41:41.976 I/KERNEL  ( 4204): [  559.148181] read strings
01-23 12:41:41.936 D/bt_btif ( 3348): BTHF: device_status_notification
01-23 12:41:41.946 I/GeckoConsole(  320): QLOC: MozSettingShim: Got topic change:gonkhal-battery-notifier
01-23 12:41:41.946 D/QLOC-OSAgent(  320): POWERSTATE: 0
01-23 12:41:41.946 E/IzatSvc_OSObserver(  320): I/LocTech-Label :: OSOBSERVER :: Data Items In
01-23 12:41:41.946 E/IzatSvc_OSObserver(  320): I/LocTech-Value :: Data Item Value: IS_POWER_CONNECTED: false
01-23 12:41:41.946 E/LocSvc_api_v02(  320): I/---> locClientSendReq line 2035 QMI_LOC_SET_EXTERNAL_POWER_CONFIG_REQ_V02
01-23 12:41:41.946 E/LocSvc_libulp(  320): I/int ulp_msg_process_system_update(UlpSystemEvent): systemEvent:3 
01-23 12:41:41.946 E/LocSvc_libulp(  320): I/int ulp_msg_process_start_req(), at ulp state = 1
01-23 12:41:41.956 E/LocSvc_ApiV02(  320): I/<--- void globalRespCb(locClientHandleType, uint32_t, locClientRespIndUnionType, uint32_t, void*) line 117 QMI_LOC_SET_EXTERNAL_POWER_CONFIG_REQ_V02
01-23 12:41:41.956 D/bt_btif ( 3348): BTHF: device_status_notification
01-23 12:41:41.956 I/GeckoConsole(  320): QLOC: MozSettingShim: Got topic change:gonkhal-battery-notifier
01-23 12:41:42.946 I/DongleAutoMounter(  320): Dongle disable tether
01-23 12:41:42.946 I/DongleAutoMounter(  320): SetDongleTetherDB aEnable : 0
01-23 12:41:42.956 I/DongleAutoMounter(  320): unplugged confirmed. reset retry Flag
01-23 12:41:42.986 I/Gecko   (  320): [SUB0] QCONTENT_HELPER Received observer notification: mozsettings-changed
01-23 12:41:43.186 E/sdcard  ( 2973): missing packages.list; retrying
01-23 12:41:44.926 I/Gecko   (  320): [BrowserElement] event type: keydown, key: Backspace, target: [object HTMLIFrameElement], src: app://logmanager.gaiamobile.org/index.html, id: browser4, class: browser
01-23 12:41:44.936 I/GeckoDump( 3971): <LM_LOG> -*- logmanager -*-: gaolu logmanager e.key = Backspace
01-23 12:41:44.936 I/GeckoDump( 3971): <LM_LOG> -*- logmanager -*-: addEventListener Backspace
01-23 12:41:44.936 I/Gecko   ( 3971): [BrowserElement] event type: keydown, key: Backspace, target: [object HTMLLIElement], id: logcat, class: contentBar
01-23 12:41:44.946 I/GeckoConsole(  320): Content JS LOG: [AppUsage] got an event:  active 
01-23 12:41:44.946 I/GeckoConsole(  320):     at debug (app://system.gaiamobile.org/js/app_usage_metrics.js:141:7)
01-23 12:41:45.066 D/ThermalEngine(  315): sensor_wait: case_therm Wait done.
01-23 12:41:45.066 D/ThermalEngine(  315): sensor_monitor: case_therm Reading 31000 .
01-23 12:41:45.066 I/ThermalEngine(  315): Sensor:case_therm:31000 mC
01-23 12:41:45.066 D/ThermalEngine(  315): update_active_thresh: case_therm Active(1), Hi(1) 40000, Lo(0) -2147483648, Interval(1) 5000
01-23 12:41:45.066 D/ThermalEngine(  315): sensor_monitor: case_therm Sensor wait.
01-23 12:41:45.066 D/ThermalEngine(  315): sensor_wait: case_therm Wait start. 5000ms
01-23 12:41:45.096 I/Gecko   (  320): [BrowserElement] event type: keyup, key: Backspace, target: [object HTMLIFrameElement], src: app://logmanager.gaiamobile.org/index.html, id: browser4, class: browser
01-23 12:41:45.106 I/Gecko   ( 3971): [BrowserElement] event type: keyup, key: Backspace, target: [object HTMLLIElement], id: logcat, class: contentBar
01-23 12:41:45.136 E/GeckoConsole(  320): Content JS ERROR: Unexpected hardware key:  backspace-button-release 
01-23 12:41:45.136 E/GeckoConsole(  320):     at HardwareButtonsBaseState.prototype.process (app://system.gaiamobile.org/js/hardware_buttons.js:17:1)
01-23 12:41:45.136 E/GeckoConsole(  320):     at hb_handleEvent (app://system.gaiamobile.org/js/hardware_buttons.js:11:1)
01-23 12:41:45.336 I/Gecko   (  320): [BrowserElement] event type: keydown, key: Backspace, target: [object HTMLIFrameElement], src: app://logmanager.gaiamobile.org/index.html, id: browser4, class: browser
01-23 12:41:45.336 I/GeckoDump( 3971): <LM_LOG> -*- logmanager -*-: gaolu logmanager e.key = Backspace
01-23 12:41:45.336 I/GeckoDump( 3971): <LM_LOG> -*- logmanager -*-: addEventListener Backspace
01-23 12:41:45.336 I/Gecko   ( 3971): [BrowserElement] event type: keydown, key: Backspace, target: [object HTMLLIElement], id: logcat, class: contentBar
01-23 12:41:45.466 I/Gecko   (  320): [BrowserElement] event type: keyup, key: Backspace, target: [object HTMLIFrameElement], src: app://logmanager.gaiamobile.org/index.html, id: browser4, class: browser
01-23 12:41:45.476 I/Gecko   ( 3971): [BrowserElement] event type: keyup, key: Backspace, target: [object HTMLLIElement], id: logcat, class: contentBar
01-23 12:41:45.476 E/GeckoConsole(  320): Content JS ERROR: Unexpected hardware key:  backspace-button-release 
01-23 12:41:45.476 E/GeckoConsole(  320):     at HardwareButtonsBaseState.prototype.process (app://system.gaiamobile.org/js/hardware_buttons.js:17:1)
01-23 12:41:45.476 E/GeckoConsole(  320):     at hb_handleEvent (app://system.gaiamobile.org/js/hardware_buttons.js:11:1)
01-23 12:41:45.676 I/FocusManager( 3971): <- blur on, NULL, tag: , id: , class: 
01-23 12:41:45.696 I/Gecko   ( 3971): -*- SettingsManager: Received: inner-window-destroyed for valid innerWindowID=15032385539, cleanup.
01-23 12:41:45.736 I/Gecko   (  320): 
01-23 12:41:45.736 I/Gecko   (  320): ###!!! [Child][MessageChannel] Error: (msgtype=0x440003,name=PCompositorBridge::Msg_DidComposite) Channel error: cannot send/recv
01-23 12:41:45.736 I/Gecko   (  320): 
01-23 12:41:45.746 I/Gecko   (  320): 
01-23 12:41:45.746 I/Gecko   (  320): ###!!! [Child][OnMaybeDequeueOne] Error: Channel error: cannot send/recv
01-23 12:41:45.746 I/Gecko   (  320): 
01-23 12:41:45.746 I/Gecko   (  320): 
01-23 12:41:45.746 I/Gecko   (  320): ###!!! [Child][OnMaybeDequeueOne] Error: Channel error: cannot send/recv
01-23 12:41:45.746 I/Gecko   (  320): 
01-23 12:41:45.746 I/Gecko   (  320): 
01-23 12:41:45.746 I/Gecko   (  320): ###!!! [Child][OnMaybeDequeueOne] Error: Channel error: cannot send/recv
01-23 12:41:45.746 I/Gecko   (  320): 
01-23 12:41:45.746 I/Gecko   (  320): 
01-23 12:41:45.746 I/Gecko   (  320): ###!!! [Child][OnMaybeDequeueOne] Error: Channel error: cannot send/recv
01-23 12:41:45.746 I/Gecko   (  320): 
01-23 12:41:45.746 I/Gecko   (  320): 
01-23 12:41:45.746 I/Gecko   (  320): ###!!! [Child][OnMaybeDequeueOne] Error: Channel error: cannot send/recv
01-23 12:41:45.746 I/Gecko   (  320): 
01-23 12:41:45.746 I/Gecko   (  320): 
01-23 12:41:45.746 I/Gecko   (  320): ###!!! [Child][OnMaybeDequeueOne] Error: Channel error: cannot send/recv
01-23 12:41:45.746 I/Gecko   (  320): 
01-23 12:41:45.746 I/Gecko   (  320): 
01-23 12:41:45.746 I/Gecko   (  320): ###!!! [Child][OnMaybeDequeueOne] Error: Channel error: cannot send/recv
01-23 12:41:45.746 I/Gecko   (  320): 
01-23 12:41:45.746 I/Gecko   (  320): 
01-23 12:41:45.746 I/Gecko   (  320): ###!!! [Child][OnMaybeDequeueOne] Error: Channel error: cannot send/recv
01-23 12:41:45.746 I/Gecko   (  320): 
01-23 12:41:45.746 