01-23 12:40:27.006 I/FocusManager( 3548): <- blur on, tag: DIV, id: main-view, class: 
01-23 12:40:27.016 I/FocusManager(  320): -> focus is now on, tag: IFRAME, id: browser4, class: browser
01-23 12:40:27.076 I/FocusManager( 3971): * WindowRaised *
01-23 12:40:27.076 I/FocusManager( 3971): -> focus is now on, NULL, tag: , id: , class: 
01-23 12:40:27.106 I/GeckoDump( 3971): <LM_LOG> -*- logmanager -*-: gaolu addfocuslist focusElements = [object NodeList]
01-23 12:40:27.106 I/GeckoDump( 3971): <LM_LOG> -*- logmanager -*-: gaolu addfocuslist 0 = logPositionitem0
01-23 12:40:27.106 I/FocusManager( 3971): << focus() called >>
01-23 12:40:27.106 I/FocusManager( 3971):    trying to set focus on, tag: LI, id: logPositionitem0, class: contentBar first-child
01-23 12:40:27.106 I/FocusManager( 3971):    current focused element, NULL, tag: , id: , class: 
01-23 12:40:27.106 I/FocusManager( 3971): <- blur on, NULL, tag: , id: , class: 
01-23 12:40:27.106 I/FocusManager( 3971): -> focus is now on, tag: LI, id: logPositionitem0, class: contentBar first-child
01-23 12:40:27.116 I/GeckoDump( 3971): <LM_LOG> -*- logmanager -*-: gaolu addfocuslist 1 = logPositionitem1
01-23 12:40:27.116 I/FocusManager( 3971): << focus() called >>
01-23 12:40:27.116 I/FocusManager( 3971):    trying to set focus on, tag: LI, id: logPositionitem0, class: contentBar first-child
01-23 12:40:27.116 I/FocusManager( 3971): Warning: element is already focused.
01-23 12:40:27.116 I/GeckoDump( 3971): <LM_LOG> -*- logmanager -*-: gaolu addfocuslist 2 = tombstones
01-23 12:40:27.116 I/FocusManager( 3971): << focus() called >>
01-23 12:40:27.116 I/FocusManager( 3971):    trying to set focus on, tag: LI, id: logPositionitem0, class: contentBar first-child
01-23 12:40:27.116 I/FocusManager( 3971): Warning: element is already focused.
01-23 12:40:27.116 I/GeckoDump( 3971): <LM_LOG> -*- logmanager -*-: gaolu addfocuslist 3 = bugreport
01-23 12:40:27.116 I/FocusManager( 3971): << focus() called >>
01-23 12:40:27.116 I/FocusManager( 3971):    trying to set focus on, tag: LI, id: logPositionitem0, class: contentBar first-child
01-23 12:40:27.116 I/FocusManager( 3971): Warning: element is already focused.
01-23 12:40:27.116 I/GeckoDump( 3971): <LM_LOG> -*- logmanager -*-: gaolu addfocuslist 4 = qxdm
01-23 12:40:27.116 I/FocusManager( 3971): << focus() called >>
01-23 12:40:27.116 I/FocusManager( 3971):    trying to set focus on, tag: LI, id: logPositionitem0, class: contentBar first-child
01-23 12:40:27.116 I/FocusManager( 3971): Warning: element is already focused.
01-23 12:40:27.116 I/GeckoDump( 3971): <LM_LOG> -*- logmanager -*-: gaolu addfocuslist 5 = dmesg
01-23 12:40:27.116 I/FocusManager( 3971): << focus() called >>
01-23 12:40:27.116 I/FocusManager( 3971):    trying to set focus on, tag: LI, id: logPositionitem0, class: contentBar first-child
01-23 12:40:27.116 I/FocusManager( 3971): Warning: element is already focused.
01-23 12:40:27.116 I/GeckoDump( 3971): <LM_LOG> -*- logmanager -*-: gaolu addfocuslist 6 = logcat
01-23 12:40:27.116 I/FocusManager( 3971): << focus() called >>
01-23 12:40:27.116 I/FocusManager( 3971):    trying to set focus on, tag: LI, id: logPositionitem0, class: contentBar first-child
01-23 12:40:27.116 I/FocusManager( 3971): Warning: element is already focused.
01-23 12:40:27.116 I/GeckoDump( 3971): <LM_LOG> -*- logmanager -*-: gaolu addfocuslist 7 = initlog
01-23 12:40:27.116 I/FocusManager( 3971): << focus() called >>
01-23 12:40:27.116 I/FocusManager( 3971):    trying to set focus on, tag: LI, id: logPositionitem0, class: contentBar first-child
01-23 12:40:27.116 I/FocusManager( 3971): Warning: element is already focused.
01-23 12:40:27.116 I/GeckoDump( 3971): <LM_LOG> -*- logmanager -*-: gaolu addfocuslist 8 = crashlog
01-23 12:40:27.116 I/FocusManager( 3971): << focus() called >>
01-23 12:40:27.116 I/FocusManager( 3971):    trying to set focus on, tag: LI, id: logPositionitem0, class: contentBar first-child
01-23 12:40:27.116 I/FocusManager( 3971): Warning: element is already focused.
01-23 12:40:27.116 I/GeckoDump( 3971): <LM_LOG> -*- logmanager -*-: gaolu addfocuslist 9 = tcpdump
01-23 12:40:27.116 I/FocusManager( 3971): << focus() called >>
01-23 12:40:27.116 I/FocusManager( 3971):    trying to set focus on, tag: LI, id: logPositionitem0, class: contentBar first-child
01-23 12:40:27.116 I/FocusManager( 3971): Warning: element is already focused.
01-23 12:40:27.116 I/GeckoDump( 3971): <LM_LOG> -*- logmanager -*-: gaolu addfocuslist 10 = versioninfo
01-23 12:40:27.116 I/FocusManager( 3971): << focus() called >>
01-23 12:40:27.116 I/FocusManager( 3971):    trying to set focus on, tag: LI, id: logPositionitem0, class: contentBar first-child
01-23 12:40:27.116 I/FocusManager( 3971): Warning: element is already focused.
01-23 12:40:27.116 I/GeckoDump( 3971): <LM_LOG> -*- logmanager -*-: gaolu addfocuslist 11 = settingsapnvalue
01-23 12:40:27.116 I/FocusManager( 3971): << focus() called >>
01-23 12:40:27.116 I/FocusManager( 3971):    trying to set focus on, tag: LI, id: logPositionitem0, class: contentBar first-child
01-23 12:40:27.116 I/FocusManager( 3971): Warning: element is already focused.
01-23 12:40:27.116 I/GeckoDump( 3971): <LM_LOG> -*- logmanager -*-: gaolu addfocuslist 12 = propvalue
01-23 12:40:27.116 I/FocusManager( 3971): << focus() called >>
01-23 12:40:27.116 I/FocusManager( 3971):    trying to set focus on, tag: LI, id: logPositionitem0, class: contentBar first-child
01-23 12:40:27.116 I/FocusManager( 3971): Warning: element is already focused.
01-23 12:40:27.116 I/GeckoDump( 3971): <LM_LOG> -*- logmanager -*-: gaolu addfocuslist 13 = clearlogs
01-23 12:40:27.116 I/FocusManager( 3971): << focus() called >>
01-23 12:40:27.116 I/FocusManager( 3971):    trying to set focus on, tag: LI, id: logPositionitem0, class: contentBar first-child
01-23 12:40:27.116 I/FocusManager( 3971): Warning: element is already focused.
01-23 12:40:28.166 E/sdcard  ( 2973): missing packages.list; retrying
01-23 12:40:30.026 D/ThermalEngine(  315): sensor_wait: case_therm Wait done.
01-23 12:40:30.036 D/ThermalEngine(  315): sensor_monitor: case_therm Reading 31000 .
01-23 12:40:30.036 I/ThermalEngine(  315): Sensor:case_therm:31000 mC
01-23 12:40:30.036 D/ThermalEngine(  315): update_active_thresh: case_therm Active(1), Hi(1) 40000, Lo(0) -2147483648, Interval(1) 5000
01-23 12:40:30.036 D/ThermalEngine(  315): sensor_monitor: case_therm Sensor wait.
01-23 12:40:30.036 D/ThermalEngine(  315): sensor_wait: case_therm Wait start. 5000ms
01-23 12:40:30.666 D/audio_hw_primary(  298): out_standby: enter: stream (0xb7066658) usecase(0: deep-buffer-playback)
01-23 12:40:30.860 I/KERNEL  (  298): [  488.031768] tfa98xx 2-0034: state: 1
01-23 12:40:30.866 D/audio_hw_primary(  298): disable_audio_route: reset and update mixer path: deep-buffer-playback speaker
01-23 12:40:30.866 D/hardware_info(  298): hw_info_append_hw_type : device_name = speaker
01-23 12:40:30.866 D/audio_hw_primary(  298): disable_snd_device: snd_device(2: speaker)
01-23 12:40:31.166 E/sdcard  ( 2973): missing packages.list; retrying
01-23 12:40:31.616 I/Gecko   (  320): [BrowserElement] event type: keydown, key: ArrowDown, target: [object HTMLIFrameElement], src: app://logmanager.gaiamobile.org/index.html, id: browser4, class: browser
01-23 12:40:31.626 I/GeckoDump( 3971): <LM_LOG> -*- logmanager -*-: ConvertToCmd lmcmDn
01-23 12:40:31.626 I/GeckoDump( 3971): <LM_LOG> -*- logmanager -*-: gaolu logmanager e.key = ArrowDown
01-23 12:40:31.626 I/GeckoDump( 3971): <LM_LOG> -*- logmanager -*-: addEventListener ArrowDown
01-23 12:40:31.636 I/GeckoDump( 3971): <LM_LOG> -*- logmanager -*-: changefocus next  logPositionitem1 is focus
01-23 12:40:31.636 I/GeckoDump( 3971): <LM_LOG> -*- logmanager -*-: changefocus tabIndex 1
01-23 12:40:31.636 I/FocusManager( 3971): << focus() called >>
01-23 12:40:31.636 I/FocusManager( 3971):    trying to set focus on, tag: LI, id: logPositionitem1, class: contentBar last-child
01-23 12:40:31.636 I/FocusManager( 3971):    current focused element, tag: LI, id: logPositionitem0, class: contentBar first-child
01-23 12:40:31.636 I/FocusManager( 3971): <- blur on, tag: LI, id: logPositionitem0, class: contentBar first-child
01-23 12:40:31.636 I/FocusManager( 3971): -> focus is now on, tag: LI, id: logPositionitem1, class: contentBar last-child
01-23 12:40:31.646 I/Gecko   ( 3971): [BrowserElement] event type: keydown, key: ArrowDown, target: [object HTMLLIElement], id: logPositionitem0, class: contentBar first-child
01-23 12:40:31.876 I/Gecko   (  320): [BrowserElement] event type: keyup, key: ArrowDown, target: [object HTMLIFrameElement], src: app://logmanager.gaiamobile.org/index.html, id: browser4, class: browser
01-23 12:40:31.886 I/Gecko   ( 3971): [BrowserElement] event type: keyup, key: ArrowDown, target: [object HTMLLIElement], id: logPositionitem1, class: contentBar last-child
01-23 12:40:34.166 E/sdcard  ( 2973): missing packages.list; retrying
01-23 12:40:34.256 I/Gecko   (  320): [BrowserElement] event type: keydown, key: ArrowDown, target: [object HTMLIFrameElement], src: app://logmanager.gaiamobile.org/index.html, id: browser4, class: browser
01-23 12:40:34.256 I/GeckoDump( 3971): <LM_LOG> -*- logmanager -*-: ConvertToCmd lmcmDn
01-23 12:40:34.256 I/GeckoDump( 3971): <LM_LOG> -*- logmanager -*-: gaolu logmanager e.key = ArrowDown
01-23 12:40:34.256 I/GeckoDump( 3971): <LM_LOG> -*- logmanager -*-: addEventListener ArrowDown
01-23 12:40:34.256 I/GeckoDump( 3971): <LM_LOG> -*- logmanager -*-: changefocus next  tombstones is focus
01-23 12:40:34.256 I/GeckoDump( 3971): <LM_LOG> -*- logmanager -*-: changefocus tabIndex 1
01-23 12:40:34.256 I/FocusManager( 3971): << focus() called >>
01-23 12:40:34.256 I/FocusManager( 3971):    trying to set focus on, tag: LI, id: tombstones, class: contentBar
01-23 12:40:34.256 I/FocusManager( 3971):    current focused element, tag: LI, id: logPositionitem1, class: contentBar last-child
01-23 12:40:34.256 I/FocusManager( 3971): <- blur on, tag: LI, id: logPositionitem1, class: contentBar last-child
01-23 12:40:34.266 I/FocusManager( 3971): -> focus is now on, tag: LI, id: tombstones, class: contentBar
01-23 12:40:34.266 I/Gecko   ( 3971): [BrowserElement] event type: keydown, key: ArrowDown, target: [object HTMLLIElement], id: logPositionitem1, class: contentBar last-child
01-23 12:40:34.326 I/Gecko   (  320): [BrowserElement] event type: keyup, key: ArrowDown, target: [object HTMLIFrameElement], src: app://logmanager.gaiamobile.org/index.html, id: browser4, class: browser
01-23 12:40:34.326 I/Gecko   ( 3971): [BrowserElement] event type: keyup, key: ArrowDown, target: [object HTMLLIElement], id: tombstones, class: contentBar
01-23 12:40:34.376 I/Gecko   (  320): [BrowserElement] event type: keydown, key: ArrowDown, target: [object HTMLIFrameElement], src: app://logmanager.gaiamobile.org/index.html, id: browser4, class: browser
01-23 12:40:34.376 I/GeckoDump( 3971): <LM_LOG> -*- logmanager -*-: ConvertToCmd lmcmDn
01-23 12:40:34.376 I/GeckoDump( 3971): <LM_LOG> -*- logmanager -*-: gaolu logmanager e.key = ArrowDown
01-23 12:40:34.376 I/GeckoDump( 3971): <LM_LOG> -*- logmanager -*-: addEventListener ArrowDown
01-23 12:40:34.376 I/GeckoDump( 3971): <LM_LOG> -*- logmanager -*-: changefocus next  bugreport is focus
01-23 12:40:34.376 I/GeckoDump( 3971): <LM_LOG> -*- logmanager -*-: changefocus tabIndex 1
01-23 12:40:34.376 I/FocusManager( 3971): << focus() called >>
01-23 12:40:34.376 I/FocusManager( 3971):    trying to set focus on, tag: LI, id: bugreport, class: contentBar
01-23 12:40:34.376 I/FocusManager( 3971):    current focused element, tag: LI, id: tombstones, class: contentBar
01-23 12:40:34.376 I/FocusManager( 3971): <- blur on, tag: LI, id: tombstones, class: contentBar
01-23 12:40:34.386 I/FocusManager( 3971): -> focus is now on, tag: LI, id: bugreport, class: contentBar
01-23 12:40:34.386 I/Gecko   ( 3971): [BrowserElement] event type: keydown, key: ArrowDown, target: [object HTMLLIElement], id: tombstones, class: contentBar
01-23 12:40:34.386 I/Gecko   (  320): [BrowserElement] event type: keyup, key: ArrowDown, target: [object HTMLIFrameElement], src: app://logmanager.gaiamobile.org/index.html, id: browser4, class: browser
01-23 12:40:34.386 I/Gecko   ( 3971): [BrowserElement] event type: keyup, key: ArrowDown, target: [object HTMLLIElement], id: bugreport, class: contentBar
01-23 12:40:34.836 I/Gecko   (  320): [BrowserElement] event type: keydown, key: ArrowDown, target: [object HTMLIFrameElement], src: app://logmanager.gaiamobile.org/index.html, id: browser4, class: browser
01-23 12:40:34.836 I/GeckoDump( 3971): <LM_LOG> -*- logmanager -*-: ConvertToCmd lmcmDn
01-23 12:40:34.836 I/GeckoDump( 3971): <LM_LOG> -*- logmanager -*-: gaolu logmanager e.key = ArrowDown
01-23 12:40:34.836 I/GeckoDump( 3971): <LM_LOG> -*- logmanager -*-: addEventListener ArrowDown
01-23 12:40:34.846 I/GeckoDump( 3971): <LM_LOG> -*- logmanager -*-: changefocus next  qxdm is focus
01-23 12:40:34.846 I/GeckoDump( 3971): <LM_LOG> -*- logmanager -*-: changefocus tabIndex 1
01-23 12:40:34.846 I/FocusManager( 3971): << focus() called >>
01-23 12:40:34.846 I/FocusManager( 3971):    trying to set focus on, tag: LI, id: qxdm, class: contentBar
01-23 12:40:34.846 I/FocusManager( 3971):    current focused element, tag: LI, id: bugreport, class: contentBar
01-23 12:40:34.846 I/FocusManager( 3971): <- blur on, tag: LI, id: bugreport, class: contentBar
01-23 12:40:34.846 I/FocusManager( 3971): -> focus is now on, tag: LI, id: qxdm, class: contentBar
01-23 12:40:34.846 I/Gecko   ( 3971): [BrowserElement] event type: keydown, key: ArrowDown, target: [object HTMLLIElement], id: bugreport, class: contentBar
01-23 12:40:34.876 I/Gecko   (  320): [BrowserElement] event type: keyup, key: ArrowDown, target: [object HTMLIFrameElement], src: app://logmanager.gaiamobile.org/index.html, id: browser4, class: browser
01-23 12:40:34.886 I/Gecko   ( 3971): [BrowserElement] event type: keyup, key: ArrowDown, target: [object HTMLLIElement], id: qxdm, class: contentBar
01-23 12:40:35.036 D/ThermalEngine(  315): sensor_wait: case_therm Wait done.
01-23 12:40:35.036 D/ThermalEngine(  315): sensor_monitor: case_therm Reading 31000 .
01-23 12:40:35.036 I/ThermalEngine(  315): Sensor:case_therm:31000 mC
01-23 12:40:35.036 D/ThermalEngine(  315): update_active_thresh: case_therm Active(1), Hi(1) 40000, Lo(0) -2147483648, Interval(1) 5000
01-23 12:40:35.036 D/ThermalEngine(  315): sensor_monitor: case_therm Sensor wait.
01-23 12:40:35.036 D/ThermalEngine(  315): sensor_wait: case_therm Wait start. 5000ms
01-23 12:40:37.166 E/sdcard  ( 2973): missing packages.list; retrying
01-23 12:40:40.036 D/ThermalEngine(  315): sensor_wait: case_therm Wait done.
01-23 12:40:40.036 D/ThermalEngine(  315): sensor_monitor: case_therm Reading 31000 .
01-23 12:40:40.036 I/ThermalEngine(  315): Sensor:case_therm:31000 mC
01-23 12:40:40.036 D/ThermalEngine(  315): update_active_thresh: case_therm Active(1), Hi(1) 40000, Lo(0) -2147483648, Interval(1) 5000
01-23 12:40:40.036 D/ThermalEngine(  315): sensor_monitor: case_therm Sensor wait.
01-23 12:40:40.036 D/ThermalEngine(  315): sensor_wait: case_therm Wait start. 5000ms
01-23 12:40:40.176 E/sdcard  ( 2973): missing packages.list; retrying
01-23 12:40:40.406 I/Gecko   (  320): [BrowserElement] event type: keydown, key: ArrowDown, target: [object HTMLIFrameElement], src: app://logmanager.gaiamobile.org/index.html, id: browser4, class: browser
01-23 12:40:40.406 I/GeckoDump( 3971): <LM_LOG> -*- logmanager -*-: ConvertToCmd lmcmDn
01-23 12:40:40.406 I/GeckoDump( 3971): <LM_LOG> -*- logmanager -*-: gaolu logmanager e.key = ArrowDown
01-23 12:40:40.406 I/GeckoDump( 3971): <LM_LOG> -*- logmanager -*-: addEventListener ArrowDown
01-23 12:40:40.406 I/GeckoDump( 3971): <LM_LOG> -*- logmanager -*-: changefocus next  dmesg is focus
01-23 12:40:40.406 I/GeckoDump( 3971): <LM_LOG> -*- logmanager -*-: changefocus tabIndex 1
01-23 12:40:40.406 I/FocusManager( 3971): << focus() called >>
01-23 12:40:40.406 I/FocusManager( 3971):    trying to set focus on, tag: LI, id: dmesg, class: contentBar
01-23 12:40:40.406 I/FocusManager( 3971):    current focused element, tag: LI, id: qxdm, class: contentBar
01-23 12:40:40.406 I/FocusManager( 3971): <- blur on, tag: LI, id: qxdm, class: contentBar
01-23 12:40:40.416 I/FocusManager( 3971): -> focus is now on, tag: LI, id: dmesg, class: contentBar
01-23 12:40:40.416 I/Gecko   ( 3971): [BrowserElement] event type: keydown, key: ArrowDown, target: [object HTMLLIElement], id: qxdm, class: contentBar
01-23 12:40:40.476 I/Gecko   (  320): [BrowserElement] event type: keyup, key: ArrowDown, target: [object HTMLIFrameElement], src: app://logmanager.gaiamobile.org/index.html, id: browser4, class: browser
01-23 12:40:40.476 I/Gecko   ( 3971): [BrowserElement] event type: keyup, key: ArrowDown, target: [object HTMLLIElement], id: dmesg, class: contentBar
01-23 12:40:41.476 I/Gecko   (  320): [BrowserElement] event type: keydown, key: ArrowDown, target: [object HTMLIFrameElement], src: app://logmanager.gaiamobile.org/index.html, id: browser4, class: browser
01-23 12:40:41.476 I/GeckoDump( 3971): <LM_LOG> -*- logmanager -*-: ConvertToCmd lmcmDn
01-23 12:40:41.476 I/GeckoDump( 3971): <LM_LOG> -*- logmanager -*-: gaolu logmanager e.key = ArrowDown
01-23 12:40:41.476 I/GeckoDump( 3971): <LM_LOG> -*- logmanager -*-: addEventListener ArrowDown
01-23 12:40:41.476 I/GeckoDump( 3971): <LM_LOG> -*- logmanager -*-: changefocus next  logcat is focus
01-23 12:40:41.476 I/GeckoDump( 3971): <LM_LOG> -*- logmanager -*-: changefocus tabIndex 1
01-23 12:40:41.476 I/FocusManager( 3971): << focus() called >>
01-23 12:40:41.476 I/FocusManager( 3971):    trying to set focus on, tag: LI, id: logcat, class: contentBar
01-23 12:40:41.476 I/FocusManager( 3971):    current focused element, tag: LI, id: dmesg, class: contentBar
01-23 12:40:41.476 I/FocusManager( 3971): <- blur on, tag: LI, id: dmesg, class: contentBar
01-23 12:40:41.476 I/FocusManager( 3971): -> focus is now on, tag: LI, id: logcat, class: contentBar
01-23 12:40:41.486 I/Gecko   ( 3971): [BrowserElement] event type: keydown, key: ArrowDown, target: [object HTMLLIElement], id: dmesg, class: contentBar
01-23 12:40:41.516 I/Gecko   (  320): [BrowserElement] event type: keyup, key: ArrowDown, target: [object HTMLIFrameElement], src: app://logmanager.gaiamobile.org/index.html, id: browser4, class: browser
01-23 12:40:41.516 I/Gecko   ( 3971): [BrowserElement] event type: keyup, key: ArrowDown, target: [object HTMLLIElement], id: logcat, class: contentBar
01-23 12:40:41.576 I/Gecko   (  320): [BrowserElement] event type: keydown, key: ArrowDown, target: [object HTMLIFrameElement], src: app://logmanager.gaiamobile.org/index.html, id: browser4, class: browser
01-23 12:40:41.576 I/GeckoDump( 3971): <LM_LOG> -*- logmanager -*-: ConvertToCmd lmcmDn
01-23 12:40:41.576 I/GeckoDump( 3971): <LM_LOG> -*- logmanager -*-: gaolu logmanager e.key = ArrowDown
01-23 12:40:41.576 I/GeckoDump( 3971): <LM_LOG> -*- logmanager -*-: addEventListener ArrowDown
01-23 12:40:41.576 I/GeckoDump( 3971): <LM_LOG> -*- logmanager -*-: changefocus next  initlog is focus
01-23 12:40:41.576 I/GeckoDump( 3971): <LM_LOG> -*- logmanager -*-: changefocus tabIndex 1
01-23 12:40:41.576 I/FocusManager( 3971): << focus() called >>
01-23 12:40:41.576 I/FocusManager( 3971):    trying to set focus on, tag: LI, id: initlog, class: contentBar last-child
01-23 12:40:41.576 I/FocusManager( 3971):    current focused element, tag: LI, id: logcat, class: contentBar
01-23 12:40:41.576 I/FocusManager( 3971): <- blur on, tag: LI, id: logcat, class: contentBar
01-23 12:40:41.576 I/FocusManager( 3971): -> focus is now on, tag: LI, id: initlog, class: contentBar last-child
01-23 12:40:41.586 I/Gecko   ( 3971): [BrowserElement] event type: keydown, key: ArrowDown, target: [object HTMLLIElement], id: logcat, class: contentBar
01-23 12:40:41.586 I/Gecko   (  320): [BrowserElement] event type: keyup, key: ArrowDown, target: [object HTMLIFrameElement], src: app://logmanager.gaiamobile.org/index.html, id: browser4, class: browser
01-23 12:40:41.586 I/Gecko   ( 3971): [BrowserElement] event type: keyup, key: ArrowDown, target: [object HTMLLIElement], id: initlog, class: contentBar last-child
01-23 12:40:43.176 E/sdcard  ( 2973): missing packages.list; retrying
01-23 12:40:43.796 I/Gecko   (  320): [BrowserElement] event type: keydown, key: ArrowUp, target: [object HTMLIFrameElement], src: app://logmanager.gaiamobile.org/index.html, id: browser4, class: browser
01-23 12:40:43.796 I/GeckoDump( 3971): <LM_LOG> -*- logmanager -*-: ConvertToCmd lmcmUp
01-23 12:40:43.796 I/GeckoDump( 3971): <LM_LOG> -*- logmanager -*-: gaolu logmanager e.key = ArrowUp
01-23 12:40:43.796 I/GeckoDump( 3971): <LM_LOG> -*- logmanager -*-: addEventListener ArrowUp
01-23 12:40:43.796 I/GeckoDump( 3971): <LM_LOG> -*- logmanager -*-: changefocus pre logcat is focus
01-23 12:40:43.796 I/GeckoDump( 3971): <LM_LOG> -*- logmanager -*-: changefocus tabIndex 1
01-23 12:40:43.796 I/FocusManager( 3971): << focus() called >>
01-23 12:40:43.796 I/FocusManager( 3971):    trying to set focus on, tag: LI, id: logcat, class: contentBar
01-23 12:40:43.796 I/FocusManager( 3971):    current focused element, tag: LI, id: initlog, class: contentBar last-child
01-23 12:40:43.796 I/FocusManager( 3971): <- blur on, tag: LI, id: initlog, class: contentBar last-child
01-23 12:40:43.806 I/FocusManager( 3971): -> focus is now on, tag: LI, id: logcat, class: contentBar
01-23 12:40:43.806 I/Gecko   ( 3971): [BrowserElement] event type: keydown, key: ArrowUp, target: [object HTMLLIElement], id: initlog, class: contentBar last-child
01-23 12:40:43.926 I/Gecko   (  320): [BrowserElement] event type: keyup, key: ArrowUp, target: [object HTMLIFrameElement], src: app://logmanager.gaiamobile.org/index.html, id: browser4, class: browser
01-23 12:40:43.936 I/Gecko   ( 3971): [BrowserElement] event type: keyup, key: ArrowUp, target: [object HTMLLIElement], id: logcat, class: contentBar
01-23 12:40:44.976 I/Gecko   (  320): [BrowserElement] event type: keydown, key: ArrowDown, target: [object HTMLIFrameElement], src: app://logmanager.gaiamobile.org/index.html, id: browser4, class: browser
01-23 12:40:44.976 I/GeckoDump( 3971): <LM_LOG> -*- logmanager -*-: ConvertToCmd lmcmDn
01-23 12:40:44.976 I/GeckoDump( 3971): <LM_LOG> -*- logmanager -*-: gaolu logmanager e.key = ArrowDown
01-23 12:40:44.976 I/GeckoDump( 3971): <LM_LOG> -*- logmanager -*-: addEventListener ArrowDown
01-23 12:40:44.976 I/GeckoDump( 3971): <LM_LOG> -*- logmanager -*-: changefocus next  initlog is focus
01-23 12:40:44.976 I/GeckoDump( 3971): <LM_LOG> -*- logmanager -*-: changefocus tabIndex 1
01-23 12:40:44.976 I/FocusManager( 3971): << focus() called >>
01-23 12:40:44.976 I/FocusManager( 3971):    trying to set focus on, tag: LI, id: initlog, class: contentBar last-child
01-23 12:40:44.976 I/FocusManager( 3971):    current focused element, tag: LI, id: logcat, class: contentBar
01-23 12:40:44.976 I/FocusManager( 3971): <- blur on, tag: LI, id: logcat, class: contentBar
01-23 12:40:44.976 I/FocusManager( 3971): -> focus is now on, tag: LI, id: initlog, class: contentBar last-child
01-23 12:40:44.986 I/Gecko   ( 3971): [BrowserElement] event type: keydown, key: ArrowDown, target: [object HTMLLIElement], id: logcat, class: contentBar
01-23 12:40:45.036 D/ThermalEngine(  315): sensor_wait: case_therm Wait done.
01-23 12:40:45.036 D/ThermalEngine(  315): sensor_monitor: case_therm Reading 31000 .
01-23 12:40:45.036 I/ThermalEngine(  315): Sensor:case_therm:31000 mC
01-23 12:40:45.036 D/ThermalEngine(  315): update_active_thresh: case_therm Active(1), Hi(1) 40000, Lo(0) -2147483648, Interval(1) 5000
01-23 12:40:45.036 D/ThermalEngine(  315): sensor_monitor: case_therm Sensor wait.
01-23 12:40:45.036 D/ThermalEngine(  315): sensor_wait: case_therm Wait start. 5000ms
01-23 12:40:45.116 I/Gecko   (  320): [BrowserElement] event type: keyup, key: ArrowDown, target: [object HTMLIFrameElement], src: app://logmanager.gaiamobile.org/index.html, id: browser4, class: browser
01-23 12:40:45.126 I/Gecko   ( 3971): [BrowserElement] event type: keyup, key: ArrowDown, target: [object HTMLLIElement], id: initlog, class: contentBar last-child
01-23 12:40:45.446 I/Gecko   (  320): [BrowserElement] event type: keydown, key: Enter, target: [object HTMLIFrameElement], src: app://logmanager.gaiamobile.org/index.html, id: browser4, class: browser
01-23 12:40:45.446 I/GeckoDump( 3971): <LM_LOG> -*- logmanager -*-: ConvertToCmd lmcmYes
01-23 12:40:45.446 I/GeckoDump( 3971): <LM_LOG> -*- logmanager -*-: gaolu logmanager e.key = Enter
01-23 12:40:45.446 I/GeckoDump( 3971): <LM_LOG> -*- logmanager -*-: gaolu 1 cmd = lmcmYes
01-23 12:40:45.446 I/GeckoDump( 3971): <LM_LOG> -*- logmanager -*-: changePageOrAlert
01-23 12:40:45.446 I/GeckoDump( 3971): <LM_LOG> -*- logmanager -*-: getPosition value : null
01-23 12:40:45.456 I/GeckoDump( 3971): <LM_LOG> -*- logmanager -*-: gaolu logmanager el.name = initlog
01-23 12:40:45.456 I/GeckoDump( 3971): <LM_LOG> -*- logmanager -*-: addEventListener Enter
01-23 12:40:45.456 I/Gecko   ( 3971): [BrowserElement] event type: keydown, key: Enter, target: [object HTMLLIElement], id: initlog, class: contentBar last-child
01-23 12:40:45.536 I/Gecko   (  320): [BrowserElement] event type: keyup, key: Enter, target: [object HTMLIFrameElement], src: app://logmanager.gaiamobile.org/index.html, id: browser4, class: browser
01-23 12:40:45.586 I/Gecko   ( 3971): [BrowserElement] event type: keyup, key: Enter, target: [object HTMLLIElement], id: initlog, class: contentBar last-child
01-23 12:40:45.606 I/Gecko   ( 3971): <TZM_LOG> -*- EngmodeExtension -*-: Initialized
01-23 12:40:45.616 I/GeckoDump( 3971): <LM_LOG> -*- logmanager -*-: getPosition value : null
01-23 12:40:45.616 I/GeckoDump( 3971): <LM_LOG> -*- logmanager -*-: getPosition value : null
01-23 12:40:45.626 I/Gecko   ( 3971): <TZM_LOG> -*- EngmodeExtension -*-: svn: logcat
01-23 12:40:45.626 I/GeckoDump( 3971): <LM_LOG> -*- logmanager -*-: Get the generated file time:/data/usbmsc_mnt/logmanager/initlog/logcat*
01-23 12:40:45.646 I/Gecko   ( 3971): <TZM_LOG> -*- EngmodeExtension -*-: getFilesLastTime: type = normal
01-23 12:40:45.646 I/Gecko   ( 3971): <TZM_LOG> -*- EngmodeExtension -*-: getFilesLastTime: aParamAarry = /data/usbmsc_mnt/logmanager/initlog/logcat*
01-23 12:40:45.646 I/Gecko   ( 3971): <TZM_LOG> -*- EngmodeExtension -*-: getFilesLastTime: aLength = 1
01-23 12:40:45.646 I/Gecko   ( 3971): <TZM_LOG> -*- EngmodeExtension -*-: svn: 0
01-23 12:40:45.656 I/Gecko   (  320): <TZM_LOG> -*- engmodeEx_service.jsm -*-: receiveMessage: EngmodeSrv:GetFilesLastTime
01-23 12:40:45.656 I/Gecko   (  320): <TZM_LOG> -*- engmodeEx_service.jsm -*-: _getFilesLastTime   aFilePathArray: /data/usbmsc_mnt/logmanager/initlog/logcat*
01-23 12:40:45.656 I/Gecko   (  320): <TZM_LOG> -*- engmodeEx_service.jsm -*-: {"logcat":{"time":0}}
01-23 12:40:45.656 I/Gecko   (  320): <TZM_LOG> -*- engmodeEx_service.jsm -*-: {"/data/usbmsc_mnt/logmanager/initlog/":["logcat*"]}
01-23 12:40:45.666 I/Gecko   ( 3971): <TZM_LOG> -*- EngmodeExtension -*-: svn: logcat
01-23 12:40:45.666 I/GeckoDump( 3971): <LM_LOG> -*- logmanager -*-: current persist.sys.initkeys.enable = logcat
01-23 12:40:45.676 I/GeckoDump( 3971): <LM_LOG> -*- logmanager -*-: fireEvent for LOG_TYPE_KEYS[4] = initlog
01-23 12:40:45.696 I/Gecko   ( 3971): <TZM_LOG> -*- EngmodeExtension -*-: receiveMessage: {"target":{},"name":"EngmodeSrv:GetFilesLastTime:Return","sync":false,"json":{"data":{"logcat":{"time":1579763016000,"location":"/data/usbmsc_mnt/logmanager/initlog/"}},"requestID":"id{f78dede5-f5d0-450f-8a57-6d25d5c67189}"},"data":{"data":{"logcat":{"time":1579763016000,"location":"/data/usbmsc_mnt/logmanager/initlog/"}},"requestID":"id{f78dede5-f5d0-450f-8a57-6d25d5c67189}"},"objects":{},"ports":{}}
01-23 12:40:45.696 I/Gecko   ( 3971): <TZM_LOG> -*- EngmodeExtension -*-: _filesLastTimeMsgHdlr send data: {"logcat":{"timeStr":"2020-01-23,12:33","location":"/data/usbmsc_mnt/logmanager/initlog/"}}
01-23 12:40:45.696 I/Gecko   ( 3971): <TZM_LOG> -*- EngmodeExtension -*-: receiveMessage: {"target":{},"name":"EngmodeSrv:GetFilesLastTime:Return","sync":false,"json":{"data":{"logcat":{"time":1579763016000,"location":"/data/usbmsc_mnt/logmanager/initlog/"}},"requestID":"id{f78dede5-f5d0-450f-8a57-6d25d5c67189}"},"data":{"data":{"logcat":{"time":1579763016000,"location":"/data/usbmsc_mnt/logmanager/initlog/"}},"requestID":"id{f78dede5-f5d0-450f-8a57-6d25d5c67189}"},"objects":{},"ports":{}}
01-23 12:40:45.696 I/Gecko   ( 3971): <TZM_LOG> -*- EngmodeExtension -*-: _filesLastTimeMsgHdlr send data: {"logcat":{"timeStr":"2020-01-23,12:33","location":"/data/usbmsc_mnt/logmanager/initlog/"}}
01-23 12:40:45.876 I/GeckoDump( 3971): <LM_LOG> -*- logmanager -*-: gaolu addfocuslist focusElements = [object NodeList]
01-23 12:40:45.876 I/GeckoDump( 3971): <LM_LOG> -*- logmanager -*-: gaolu addfocuslist 0 = home
01-23 12:40:45.876 I/FocusManager( 3971): << focus() called >>
01-23 12:40:45.876 I/FocusManager( 3971):    trying to set focus on, tag: DIV, id: home, class: back
01-23 12:40:45.876 I/FocusManager( 3971):    current focused element, tag: LI, id: initlog, class: contentBar last-child
01-23 12:40:45.876 I/FocusManager( 3971): <- blur on, tag: LI, id: initlog, class: contentBar last-child
01-23 12:40:45.876 I/FocusManager( 3971): -> focus is now on, tag: DIV, id: home, class: back
01-23 12:40:45.886 I/GeckoDump( 3971): <LM_LOG> -*- logmanager -*-: gaolu addfocuslist 1 = initlogRun
01-23 12:40:45.886 I/FocusManager( 3971): << focus() called >>
01-23 12:40:45.886 I/FocusManager( 3971):    trying to set focus on, tag: DIV, id: home, class: back
01-23 12:40:45.886 I/FocusManager( 3971): Warning: element is already focused.
01-23 12:40:45.886 I/GeckoDump( 3971): <LM_LOG> -*- logmanager -*-: gaolu addfocuslist 2 = 
01-23 12:40:45.886 I/FocusManager( 3971): << focus() called >>
01-23 12:40:45.886 I/FocusManager( 3971):    trying to set focus on, tag: DIV, id: home, class: back
01-23 12:40:45.886 I/FocusManager( 3971): Warning: element is already focused.
01-23 12:40:45.886 I/GeckoDump( 3971): <LM_LOG> -*- logmanager -*-: gaolu addfocuslist 3 = 
01-23 12:40:45.886 I/FocusManager( 3971): << focus() called >>
01-23 12:40:45.886 I/FocusManager( 3971):    trying to set focus on, tag: DIV, id: home, class: back
01-23 12:40:45.886 I/FocusManager( 3971): Warning: element is already focused.
01-23 12:40:45.886 I/GeckoDump( 3971): <LM_LOG> -*- logmanager -*-: gaolu addfocuslist 4 = 
01-23 12:40:45.886 I/FocusManager( 3971): << focus() called >>
01-23 12:40:45.886 I/FocusManager( 3971):    trying to set focus on, tag: DIV, id: home, class: back
01-23 12:40:45.886 I/FocusManager( 3971): Warning: element is already focused.
01-23 12:40:45.886 I/GeckoDump( 3971): <LM_LOG> -*- logmanager -*-: gaolu addfocuslist 5 = 
01-23 12:40:45.886 I/FocusManager( 3971): << focus() called >>
01-23 12:40:45.886 I/FocusManager( 3971):    trying to set focus on, tag: DIV, id: home, class: back
01-23 12:40:45.886 I/FocusManager( 3971): Warning: element is already focused.
01-23 12:40:46.176 E/sdcard  ( 2973): missing packages.list; retrying
01-23 12:40:49.176 E/sdcard  ( 2973): missing packages.list; retrying
01-23 12:40:50.036 D/ThermalEngine(  315): sensor_wait: case_therm Wait done.
01-23 12:40:50.046 D/ThermalEngine(  315): sensor_monitor: case_therm Reading 31000 .
01-23 12:40:50.046 I/ThermalEngine(  315): Sensor:case_therm:31000 mC
01-23 12:40:50.046 D/ThermalEngine(  315): update_active_thresh: case_therm Active(1), Hi(1) 40000, Lo(0) -2147483648, Interval(1) 5000
01-23 12:40:50.046 D/ThermalEngine(  315): sensor_monitor: case_therm Sensor wait.
01-23 12:40:50.046 D/ThermalEngine(  315): sensor_wait: case_therm Wait start. 5000ms
01-23 12:40:52.176 E/sdcard  ( 2973): missing packages.list; retrying
01-23 12:40:53.466 I/Gecko   (  320): [BrowserElement] event type: keydown, key: Enter, target: [object HTMLIFrameElement], src: app://logmanager.gaiamobile.org/index.html, id: browser4, class: browser
01-23 12:40:53.476 I/GeckoDump( 3971): <LM_LOG> -*- logmanager -*-: ConvertToCmd lmcmYes
01-23 12:40:53.476 I/GeckoDump( 3971): <LM_LOG> -*- logmanager -*-: gaolu logmanager e.key = Enter
01-23 12:40:53.476 I/GeckoDump( 3971): <LM_LOG> -*- logmanager -*-: gaolu 1 cmd = lmcmYes
01-23 12:40:53.476 I/GeckoDump( 3971): <LM_LOG> -*- logmanager -*-: gaolu logmanager el.name = home
01-23 12:40:53.476 I/GeckoDump( 3971): <LM_LOG> -*- logmanager -*-: addEventListener Enter
01-23 12:40:53.476 I/Gecko   ( 3971): [BrowserElement] event type: keydown, key: Enter, target: [object HTMLDivElement], id: home, class: back
01-23 12:40:53.576 I/Gecko   (  320): [BrowserElement] event type: keyup, key: Enter, target: [object HTMLIFrameElement], src: app://logmanager.gaiamobile.org/index.html, id: browser4, class: browser
01-23 12:40:53.586 I/Gecko   ( 3971): [BrowserElement] event type: keyup, key: Enter, target: [object HTMLDivElement], id: home, class: back
01-23 12:40:53.676 I/GeckoDump( 3971): <LM_LOG> -*- logmanager -*-: gaolu::document.mvalue id = home2 value = initlog
01-23 12:40:53.686 I/GeckoDump( 3971): <LM_LOG> -*- logmanager -*-: gaolu::::::::::::::::::::: document.activeElement home
01-23 12:40:53.686 I/FocusManager( 3971): << focus() called >>
01-23 12:40:53.686 I/FocusManager( 3971):    trying to set focus on, tag: LI, id: initlog, class: contentBar last-child
01-23 12:40:53.686 I/FocusManager( 3971):    current focused element, tag: DIV, id: home, class: back
01-23 12:40:53.686 I/FocusManager( 3971): -> focus is now on, tag: LI, id: initlog, class: contentBar last-child
01-23 12:40:53.696 I/GeckoDump( 3971): <LM_LOG> -*- logmanager -*-: gaolu after : document.activeElement home
01-23 12:40:53.716 I/Gecko   ( 3971): -*- SettingsManager: Received: inner-window-destroyed for valid innerWindowID=15032385542, cleanup.
01-23 12:40:54.776 I/Gecko   (  320): [BrowserElement] event type: keydown, key: ArrowUp, target: [object HTMLIFrameElement], src: app://logmanager.gaiamobile.org/index.html, id: browser4, class: browser
01-23 12:40:54.776 I/GeckoDump( 3971): <LM_LOG> -*- logmanager -*-: ConvertToCmd lmcmUp
01-23 12:40:54.776 I/GeckoDump( 3971): <LM_LOG> -*- logmanager -*-: gaolu logmanager e.key = ArrowUp
01-23 12:40:54.776 I/GeckoDump( 3971): <LM_LOG> -*- logmanager -*-: addEventListener ArrowUp
01-23 12:40:54.776 I/GeckoDump( 3971): <LM_LOG> -*- logmanager -*-: changefocus pre logcat is focus
01-23 12:40:54.776 I/GeckoDump( 3971): <LM_LOG> -*- logmanager -*-: changefocus tabIndex 1
01-23 12:40:54.776 I/FocusManager( 3971): << focus() called >>
01-23 12:40:54.776 I/FocusManager( 3971):    trying to set focus on, tag: LI, id: logcat, class: contentBar
01-23 12:40:54.786 I/FocusManager( 3971):    current focused element, tag: LI, id: initlog, class: contentBar last-child
01-23 12:40:54.786 I/FocusManager( 3971): <- blur on, tag: LI, id: initlog, class: contentBar last-child
01-23 12:40:54.786 I/FocusManager( 3971): -> focus is now on, tag: LI, id: logcat, class: contentBar
01-23 12:40:54.786 I/Gecko   ( 3971): [BrowserElement] event type: keydown, key: ArrowUp, target: [object HTMLLIElement], id: initlog, class: contentBar last-child
01-23 12:40:54.866 I/Gecko   (  320): [BrowserElement] event type: keyup, key: ArrowUp, target: [object HTMLIFrameElement], src: app://logmanager.gaiamobile.org/index.html, id: browser4, class: browser
01-23 12:40:54.876 I/Gecko   ( 3971): [BrowserElement] event type: keyup, key: ArrowUp, target: [object HTMLLIElement], id: logcat, class: contentBar
01-23 12:40:55.046 D/ThermalEngine(  315): sensor_wait: case_therm Wait done.
01-23 12:40:55.046 D/ThermalEngine(  315): sensor_monitor: case_therm Reading 31000 .
01-23 12:40:55.046 I/ThermalEngine(  315): Sensor:case_therm:31000 mC
01-23 12:40:55.046 D/ThermalEngine(  315): update_active_thresh: case_therm Active(1), Hi(1) 40000, Lo(0) -2147483648, Interval(1) 5000
01-23 12:40:55.046 D/ThermalEngine(  315): sensor_monitor: case_therm Sensor wait.
01-23 12:40:55.046 D/ThermalEngine(  315): sensor_wait: case_therm Wait start. 5000ms
01-23 12:40:55.176 E/sdcard  ( 2973): missing packages.list; retrying
01-23 12:40:56.456 I/WakeLock(  320): Release cpu wakelock
01-23 12:40:56.496 I/WakeLock(  320): Release cpu wakelock
01-23 12:40:58.176 E/sdcard  ( 2973): missing packages.list; retrying
01-23 12:41:00.046 D/ThermalEngine(  315): sensor_wait: case_therm Wait done.
01-23 12:41:00.046 D/ThermalEngine(  315): sensor_monitor: case_therm Reading 31000 .
01-23 12:41:00.046 I/ThermalEngine(  315): Sensor:case_therm:31000 mC
01-23 12:41:00.046 D/ThermalEngine(  315): update_active_thresh: case_therm Active(1), Hi(1) 40000, Lo(0) -2147483648, Interval(1) 5000
01-23 12:41:00.046 D/ThermalEngine(  315): sensor_monitor: case_therm Sensor wait.
01-23 12:41:00.046 D/ThermalEngine(  315): sensor_wait: case_therm Wait start. 5000ms
01-23 12:41:01.176 E/sdcard  ( 2973): missing packages.list; retrying
01-23 12:41:04.176 E/sdcard  ( 2973): missing packages.list; retrying
01-23 12:41:04.666 I/Gecko   (  320): [BrowserElement] event type: keydown, key: Enter, target: [object HTMLIFrameElement], src: app://logmanager.gaiamobile.org/index.html, id: browser4, class: browser
01-23 12:41:04.666 I/GeckoDump( 3971): <LM_LOG> -*- logmanager -*-: ConvertToCmd lmcmYes
01-23 12:41:04.666 I/GeckoDump( 3971): <LM_LOG> -*- logmanager -*-: gaolu logmanager e.key = Enter
01-23 12:41:04.666 I/GeckoDump( 3971): <LM_LOG> -*- logmanager -*-: gaolu 1 cmd = lmcmYes
01-23 12:41:04.666 I/GeckoDump( 3971): <LM_LOG> -*- logmanager -*-: changePageOrAlert
01-23 12:41:04.666 I/GeckoDump( 3971): <LM_LOG> -*- logmanager -*-: getPosition value : null
01-23 12:41:04.676 I/GeckoDump( 3971): <LM_LOG> -*- logmanager -*-: gaolu logmanager el.name = logcat
01-23 12:41:04.676 I/GeckoDump( 3971): <LM_LOG> -*- logmanager -*-: addEventListener Enter
01-23 12:41:04.676 I/Gecko   ( 3971): [BrowserElement] event type: keydown, key: Enter, target: [object HTMLLIElement], id: logcat, class: contentBar
01-23 12:41:04.746 I/Gecko   (  320): [BrowserElement] event type: keyup, key: Enter, target: [object HTMLIFrameElement], src: app://logmanager.gaiamobile.org/index.html, id: browser4, class: browser
01-23 12:41:04.776 I/Gecko   ( 3971): [BrowserElement] event type: keyup, key: Enter, target: [object HTMLLIElement], id: logcat, class: contentBar
01-23 12:41:04.826 I/Gecko   ( 3971): <TZM_LOG> -*- EngmodeExtension -*-: Initialized
01-23 12:41:04.846 I/GeckoDump( 3971): <LM_LOG> -*- logmanager -*-: getPosition value : null
01-23 12:41:04.846 I/GeckoDump( 3971): <LM_LOG> -*- logmanager -*-: getPosition value : null
01-23 12:41:04.846 I/GeckoDump( 3971): <LM_LOG> -*- logmanager -*-: Get the generated file time:/data/usbmsc_mnt/logmanager/logcat/logcat*
01-23 12:41:04.846 I/Gecko   ( 3971): <TZM_LOG> -*- EngmodeExtension -*-: getFilesLastTime: type = normal
01-23 12:41:04.846 I/Gecko   ( 3971): <TZM_LOG> -*- EngmodeExtension -*-: getFilesLastTime: aParamAarry = /data/usbmsc_mnt/logmanager/logcat/logcat*
01-23 12:41:04.846 I/Gecko   ( 3971): <TZM_LOG> -*- EngmodeExtension -*-: getFilesLastTime: aLength = 1
01-23 12:41:04.846 I/Gecko   (  320): <TZM_LOG> -*- engmodeEx_service.jsm -*-: receiveMessage: EngmodeSrv:GetFilesLastTime
01-23 12:41:04.846 I/Gecko   ( 3971): <TZM_LOG> -*- EngmodeExtension -*-: svn: 0
01-23 12:41:04.846 I/Gecko   (  320): <TZM_LOG> -*- engmodeEx_service.jsm -*-: _getFilesLastTime   aFilePathArray: /data/usbmsc_mnt/logmanager/logcat/logcat*
01-23 12:41:04.846 I/Gecko   (  320): <TZM_LOG> -*- engmodeEx_service.jsm -*-: {"logcat":{"time":0}}
01-23 12:41:04.846 I/Gecko   (  320): <TZM_LOG> -*- engmodeEx_service.jsm -*-: {"/data/usbmsc_mnt/logmanager/logcat/":["logcat*"]}
01-23 12:41:04.866 I/Gecko   ( 3971): <TZM_LOG> -*- EngmodeExtension -*-: svn: 
01-23 12:41:04.876 I/GeckoDump( 3971): <LM_LOG> -*- logmanager -*-: fireEvent for LOG_TYPE_KEYS[1] = logcat
01-23 12:41:04.896 I/Gecko   ( 3971): <TZM_LOG> -*- EngmodeExtension -*-: receiveMessage: {"target":{},"name":"EngmodeSrv:GetFilesLastTime:Return","sync":false,"json":{"data":{"logcat":{"time":0}},"requestID":"id{622ae7d7-561e-4de4-93b6-c220282ff20a}"},"data":{"data":{"logcat":{"time":0}},"requestID":"id{622ae7d7-561e-4de4-93b6-c220282ff20a}"},"objects":{},"ports":{}}
01-23 12:41:04.896 I/Gecko   ( 3971): <TZM_LOG> -*- EngmodeExtension -*-: _filesLastTimeMsgHdlr send data: {"logcat":{"timeStr":"","location":""}}
01-23 12:41:04.896 I/Gecko   ( 3971): <TZM_LOG> -*- EngmodeExtension -*-: receiveMessage: {"target":{},"name":"EngmodeSrv:GetFilesLastTime:Return","sync":false,"json":{"data":{"logcat":{"time":0}},"requestID":"id{622ae7d7-561e-4de4-93b6-c220282ff20a}"},"data":{"data":{"logcat":{"time":0}},"requestID":"id{622ae7d7-561e-4de4-93b6-c220282ff20a}"},"objects":{},"ports":{}}
01-23 12:41:04.896 I/Gecko   ( 3971): <TZM_LOG> -*- EngmodeExtension -*-: _filesLastTimeMsgHdlr send data: {"logcat":{"timeStr":"","location":""}}
01-23 12:41:04.946 I/Gecko   (  320): [SUB0] QCONTENT_HELPER Received observer notification: mozsettings-changed
01-23 12:41:05.026 I/Gecko   (  320): [SUB0] QCONTENT_HELPER Received observer notification: mozsettings-changed
01-23 12:41:05.046 D/ThermalEngine(  315): sensor_wait: case_therm Wait done.
01-23 12:41:05.046 D/ThermalEngine(  315): sensor_monitor: case_therm Reading 31000 .
01-23 12:41:05.046 I/ThermalEngine(  315): Sensor:case_therm:31000 mC
01-23 12:41:05.046 D/ThermalEngine(  315): update_active_thresh: case_therm Active(1), Hi(1) 40000, Lo(0) -2147483648, Interval(1) 5000
01-23 12:41:05.046 D/ThermalEngine(  315): sensor_monitor: case_therm Sensor wait.
01-23 12:41:05.046 D/ThermalEngine(  315): sensor_wait: case_therm Wait start. 5000ms
01-23 12:41:05.076 I/GeckoDump( 3971): <LM_LOG> -*- logmanager -*-: gaolu addfocuslist focusElements = [object NodeList]
01-23 12:41:05.076 I/GeckoDump( 3971): <LM_LOG> -*- logmanager -*-: gaolu addfocuslist 0 = home
01-23 12:41:05.076 I/FocusManager( 3971): << focus() called >>
01-23 12:41:05.076 I/FocusManager( 3971):    trying to set focus on, tag: DIV, id: home, class: back
01-23 12:41:05.076 I/FocusManager( 3971):    current focused element, tag: LI, id: logcat, class: contentBar
01-23 12:41:05.076 I/FocusManager( 3971): <- blur on, tag: LI, id: logcat, class: contentBar
01-23 12:41:05.086 I/FocusManager( 3971): -> focus is now on, tag: DIV, id: home, class: back
01-23 12:41:05.086 I/GeckoDump( 3971): <LM_LOG> -*- logmanager -*-: gaolu addfocuslist 1 = logcatRun
01-23 12:41:05.086 I/FocusManager( 3971): << focus() called >>
01-23 12:41:05.086 I/FocusManager( 3971):    trying to set focus on, tag: DIV, id: home, class: back
01-23 12:41:05.086 I/FocusManager( 3971): Warning: element is already focused.
01-23 12:41:05.086 I/GeckoDump( 3971): <LM_LOG> -*- logmanager -*-: gaolu addfocuslist 2 = 
01-23 12:41:05.086 I/FocusManager( 3971): << focus() called >>
01-23 12:41:05.086 I/FocusManager( 3971):    trying to set focus on, tag: DIV, id: home, class: back
01-23 12:41:05.086 I/FocusManager( 3971): Warning: element is already focused.
01-23 12:41:05.086 I/GeckoDump( 3971): <LM_LOG> -*- logmanager -*-: gaolu addfocuslist 3 = 
01-23 12:41:05.086 I/FocusManager( 3971): << focus() called >>
01-23 12:41:05.086 I/FocusManager( 3971):    trying to set focus on, tag: DIV, id: home, class: back
01-23 12:41:05.086 I/FocusManager( 3971): Warning: element is already focused.
01-23 12:41:06.756 I/Gecko   (  320): [BrowserElement] event type: keydown, key: ArrowDown, target: [object HTMLIFrameElement], src: app://logmanager.gaiamobile.org/index.html, id: browser4, class: browser
01-23 12:41:06.766 I/GeckoDump( 3971): <LM_LOG> -*- logmanager -*-: ConvertToCmd lmcmDn
01-23 12:41:06.766 I/GeckoDump( 3971): <LM_LOG> -*- logmanager -*-: gaolu logmanager e.key = ArrowDown
01-23 12:41:06.766 I/GeckoDump( 3971): <LM_LOG> -*- logmanager -*-: addEventListener ArrowDown
01-23 12:41:06.766 I/GeckoDump( 3971): <LM_LOG> -*- logmanager -*-: changefocus next  logcatRun is focus
01-23 12:41:06.766 I/GeckoDump( 3971): <LM_LOG> -*- logmanager -*-: changefocus tabIndex 1
01-23 12:41:06.766 I/FocusManager( 3971): << focus() called >>
01-23 12:41:06.766 I/FocusManager( 3971):    trying to set focus on, tag: DIV, id: logcatRun, class: button
01-23 12:41:06.766 I/FocusManager( 3971):    current focused element, tag: DIV, id: home, class: back
01-23 12:41:06.766 I/FocusManager( 3971): <- blur on, tag: DIV, id: home, class: back
01-23 12:41:06.776 I/FocusManager( 3971): -> focus is now on, tag: DIV, id: logcatRun, class: button
01-23 12:41:06.776 I/Gecko   ( 3971): [BrowserElement] event type: keydown, key: ArrowDown, target: [object HTMLDivElement], id: home, class: back
01-23 12:41:06.896 I/Gecko   (  320): [BrowserElement] event type: keyup, key: ArrowDown, target: [object HTMLIFrameElement], src: app://logmanager.gaiamobile.org/index.html, id: browser4, class: browser
01-23 12:41:06.906 I/Gecko   ( 3971): [BrowserElement] event type: keyup, key: ArrowDown, target: [object HTMLDivElement], id: logcatRun, class: button
01-23 12:41:07.176 E/sdcard  ( 2973): missing packages.list; retrying
01-23 12:41:07.1473 I/KERNEL  (    1): [  525.644731] init: Starting service 'lmlogcatservice'...
01-23 12:41:08.186 I/Gecko   (  320): [BrowserElement] event type: keydown, key: Enter, target: [object HTMLIFrameElement], src: app://logmanager.gaiamobile.org/index.html, id: browser4, class: browser
01-23 12:41:08.186 I/GeckoDump( 3971): <LM_LOG> -*- logmanager -*-: ConvertToCmd lmcmYes
01-23 12:41:08.186 I/GeckoDump( 3971): <LM_LOG> -*- logmanager -*-: gaolu logmanager e.key = Enter
01-23 12:41:08.186 I/GeckoDump( 3971): <LM_LOG> -*- logmanager -*-: gaolu 1 cmd = lmcmYes
01-23 12:41:08.186 I/GeckoDump( 3971): <LM_LOG> -*- logmanager -*-: getPosition value : null
01-23 12:41:08.186 I/Gecko   ( 3971): <TZM_LOG> -*- EngmodeExtension -*-: createnewDirorFile:  typestr: FILE path: /data/usbmsc_mnt/logmanager/logcat/logcat20200123_124108.log
01-23 12:41:08.196 I/Gecko   (  320): <TZM_LOG> -*- engmodeEx_service.jsm -*-: receiveMessage: EngmodeSrv:CreateDirOrFile
01-23 12:41:08.196 I/Gecko   (  320): <TZM_LOG> -*- engmodeEx_service.jsm -*-: _createGivenDirOrFile--path:/data/usbmsc_mnt/logmanager/logcat/logcat20200123_124108.log
01-23 12:41:08.196 I/Gecko   ( 3971): <TZM_LOG> -*- EngmodeExtension -*-: setKAIOSLogPara: tempkeys1 = path tempkeys2 = /data/usbmsc_mnt/logmanager/logcat/logcat20200123_124108.log
01-23 12:41:08.196 I/GeckoDump( 3971): <LM_LOG> -*- logmanager -*-: gaolu logmanager el.name = logcatRun
01-23 12:41:08.196 I/GeckoDump( 3971): <LM_LOG> -*- logmanager -*-: addEventListener Enter
01-23 12:41:08.196 I/Gecko   ( 3971): [BrowserElement] event type: keydown, key: Enter, target: [object HTMLDivElement], id: logcatRun, class: button
01-23 12:41:08.206 I/Gecko   (  320): <TZM_LOG> -*- engmodeEx_service.jsm -*-: receiveMessage: EngmodeSrv:UniversalCommand
01-23 12:41:08.206 I/Gecko   (  320): <TZM_LOG> -*- engmodeEx_service.jsm -*-: hwtest--args:-c,setprop persist.sys.kaioslogcat.path /data/usbmsc_mnt/logmanager/logcat/logcat20200123_124108.log
01-23 12:41:08.206 I/Gecko   (  320): <TZM_LOG> -*- engmodeEx_service.jsm -*-: hwtest--UniversalCommand: init finished
01-23 12:41:08.206 I/Gecko   ( 3971): <TZM_LOG> -*- EngmodeExtension -*-: receiveMessage: {"target":{},"name":"EngmodeSrv:CreateDirOrFile:Return","sync":false,"json":{"data":"CREATE_SUCCESS","requestID":"id{1cbd75f4-a4d4-4718-8eb6-61baa53e31a2}"},"data":{"data":"CREATE_SUCCESS","requestID":"id{1cbd75f4-a4d4-4718-8eb6-61baa53e31a2}"},"objects":{},"ports":{}}
01-23 12:41:08.216 I/Gecko   ( 3971): <TZM_LOG> -*- EngmodeExtension -*-: _createFileMsgHdlr{}
01-23 12:41:08.216 I/Gecko   ( 3971): <TZM_LOG> -*- EngmodeExtension -*-: receiveMessage: {"target":{},"name":"EngmodeSrv:CreateDirOrFile:Return","sync":false,"json":{"data":"CREATE_SUCCESS","requestID":"id{1cbd75f4-a4d4-4718-8eb6-61baa53e31a2}"},"data":{"data":"CREATE_SUCCESS","requestID":"id{1cbd75f4-a4d4-4718-8eb6-61baa53e31a2}"},"objects":{},"ports":{}}
01-23 12:41:08.216 I/Gecko   ( 3971): <TZM_LOG> -*- EngmodeExtension -*-: _createFileMsgHdlr{"id{1cbd75f4-a4d4-4718-8eb6-61baa53e31a2}":{"typestr":"FILE","path":"/data/usbmsc_mnt/logmanager/logcat/logcat20200123_124108.log","storeToDevice":"INTERNAL_SDCARD","type":"CREATE_SIGNAL"}}
01-23 12:41:08.216 I/Gecko   ( 3971): <TZM_LOG> -*- EngmodeExtension -*-: CREATE_SIGNAL
01-23 12:41:08.226 I/Gecko   (  320): <TZM_LOG> -*- engmodeEx_service.jsm -*-:            hwtest: _universalCommandProcess: null
01-23 12:41:08.236 I/Gecko   (  320): [BrowserElement] event type: keydown, key: ArrowUp, target: [object HTMLIFrameElement], src: app://logmanager.gaiamobile.org/index.html, id: browser4, class: browser
01-23 12:41:08.256 I/GeckoDump( 3971): <LM_LOG> -*- logmanager -*-: ConvertToCmd lmcmUp
01-23 12:41:08.256 I/GeckoDump( 3971): <LM_LOG> -*- logmanager -*-: gaolu logmanager e.key = ArrowUp
01-23 12:41:08.256 I/GeckoDump( 3971): <LM_LOG> -*- logmanager -*-: addEventListener ArrowUp
01-23 12:41:08.256 I/GeckoDump( 3971): <LM_LOG> -*- logmanager -*-: changefocus pre home is focus
01-23 12:41:08.256 I/GeckoDump( 3971): <LM_LOG> -*- logmanager -*-: changefocus tabIndex 1
01-23 12:41:08.256 I/FocusManager( 3971): << focus() called >>
01-23 12:41:08.256 I/FocusManager( 3971):    trying to set focus on, tag: DIV, id: home, class: back
01-23 12:41:08.256 I/FocusManager( 3971):    current focused element, tag: DIV, id: logcatRun, class: button
01-23 12:41:08.256 I/FocusManager( 3971): <- blur on, tag: DIV, id: logcatRun, class: button
01-23 12:41:08.256 I/FocusManager( 3971): -> focus is now on, tag: DIV, id: home, class: back
