--------- beginning of system
04-27 19:04:09.948   700   854 E storaged: getService package_native failed
04-27 19:04:09.949  1263  1263 I chatty  : uid=1000 system_server expire 58 lines
04-27 19:04:09.962   700   854 I storaged: storaged: Start
04-27 19:04:09.966  1263  1323 I chatty  : uid=1000(system) android.display expire 2 lines
04-27 19:04:10.074  1263  1354 I chatty  : uid=1000(system) CpuTracker expire 2 lines
04-27 19:04:11.382  1263  1263 I chatty  : uid=1000 system_server expire 66 lines
04-27 19:04:12.007  1080  1080 I imsrcsd : getAndroidPropValue : vendor.ims.modem.multisub.cap[2]
04-27 19:04:12.007  1080  1080 I imsrcsd : Uce Service HAL  detected modemVersion[2]
04-27 19:04:12.007  1080  1080 I imsrcsd : Uce Service HAL  loading lib-imsrcs-v2
04-27 19:04:12.108  1080  1080 I Diag_Lib: StartImsService
04-27 19:04:12.108  1080  1080 I imsrcsd : ImsServiceMain startService[1]
04-27 19:04:12.119  1080  1458 I ServiceManagement: Registered vendor.qti.ims.callinfo@1.0::IService/default (start delay of 5195ms)
04-27 19:04:12.125  1080  1458 I ServiceManagement: Registered vendor.qti.ims.factory@1.0::IImsFactory/default (start delay of 5201ms)
04-27 19:04:12.125  1080  1458 I imsrcsd : ImsServiceMain Running..
04-27 19:04:12.211  1263  1343 I chatty  : uid=1000(system) batterystats-wo expire 1 line
04-27 19:04:12.243  1080  1457 I Diag_Lib: OnServiceStatusReceived iStatus[0]
04-27 19:04:12.244  1080  1457 E Diag_Lib: Modem does not support UCE/IMS-CM, proceed to register HAL's
04-27 19:04:12.244  1080  1457 I Diag_Lib: Starting Service for First Time
04-27 19:04:12.247  1080  1457 I ServiceManagement: Registered com.qualcomm.qti.uceservice@2.2::IUceService/com.qualcomm.qti.uceservice (start delay of 5323ms)
04-27 19:04:12.247  1080  1457 I Diag_Lib: CM_IMSCONNECTIONMANAGER_CREATE_CONNECTION Before Registering Service
04-27 19:04:12.249  1080  1457 I ServiceManagement: Registered com.qualcomm.qti.imscmservice@2.2::IImsCmService/qti.ims.connectionmanagerservice (start delay of 5325ms)
04-27 19:04:12.249  1080  1457 I Diag_Lib: CM_IMSCONNECTIONMANAGER_CREATE_CONNECTION After Registering Service
04-27 19:04:12.312  1263  1469 I chatty  : uid=1000 system_server expire 4 lines
04-27 19:04:12.438  1263  1263 I chatty  : uid=1000 system_server expire 57 lines
04-27 19:04:12.471  1263  1323 I chatty  : uid=1000(system) android.display expire 1 line
04-27 19:04:12.605  1263  1480 I chatty  : uid=1000(system) NetworkWatchlis expire 2 lines
04-27 19:04:12.607  1263  1451 I chatty  : uid=1000 system_server expire 1 line
04-27 19:04:12.709  1263  1482 I chatty  : uid=1000(system) StorageManagerS expire 2 lines
04-27 19:04:12.770  1263  1263 I chatty  : uid=1000 system_server expire 177 lines
04-27 19:04:13.718  1263  1491 I chatty  : uid=1000(system) ConnectivitySer expire 1 line
04-27 19:04:13.776  1263  1357 I chatty  : uid=1000(system) PowerManagerSer expire 2 lines
04-27 19:04:13.780  1263  1343 I chatty  : uid=1000(system) batterystats-wo expire 1 line
04-27 19:04:13.814  1263  1263 I chatty  : uid=1000 system_server expire 44 lines
04-27 19:04:13.847  1263  1369 I chatty  : uid=1000(system) PackageManager expire 1 line
04-27 19:04:13.880  1263  1323 I chatty  : uid=1000(system) android.display expire 1 line
04-27 19:04:14.291  1263  1322 I chatty  : uid=1000(system) android.io expire 3 lines
04-27 19:04:14.331  1263  1337 I chatty  : uid=1000(system) ActivityManager expire 5 lines
04-27 19:04:14.439  1263  1482 I chatty  : uid=1000(system) StorageManagerS expire 1 line
04-27 19:04:14.463  1263  1500 I chatty  : uid=1000(system) AudioService expire 1 line
04-27 19:04:14.510   538   538 I android.hardware.wifi@1.0-service: Wifi HAL started
04-27 19:04:14.529  1263  1263 I chatty  : uid=1000 system_server expire 43 lines
04-27 19:04:14.556   538   538 I android.hardware.wifi@1.0-service: Adding interface handle for p2p0
04-27 19:04:14.556   538   538 I android.hardware.wifi@1.0-service: Adding interface handle for wlan0
04-27 19:04:14.556   538   538 W android.hardware.wifi@1.0-service: No active wlan interfaces in use! Using default
04-27 19:04:14.557   538   538 W android.hardware.wifi@1.0-service: No active wlan interfaces in use! Using default
04-27 19:04:14.562   538   538 I android.hardware.wifi@1.0-service: Configured chip in mode 0
04-27 19:04:14.562   538   538 W android.hardware.wifi@1.0-service: No active wlan interfaces in use! Using default
04-27 19:04:14.569  1263  1469 I chatty  : uid=1000 system_server expire 1 line
04-27 19:04:14.570  1263  1291 I chatty  : uid=1000(system) Binder:1263_2 expire 2 lines
04-27 19:04:14.600   703   703 I wificond: setting base_wiphy_index_ to 0
04-27 19:04:14.602   703   703 I wificond: create scanner for interface with index: 26
04-27 19:04:14.602   703   703 I wificond: subscribe scan result for interface with index: 26
04-27 19:04:14.605   703   703 E wificond: No Offload Service available
04-27 19:04:14.605   703   703 I wificond: Offload HAL not supported 
04-27 19:04:14.608  1263  1337 I chatty  : uid=1000(system) ActivityManager expire 1 line
04-27 19:04:14.614  1263  1485 I chatty  : uid=1000(system) NetworkPolicy expire 2 lines
04-27 19:04:14.672  1263  1343 I chatty  : uid=1000(system) batterystats-wo expire 1 line
04-27 19:04:14.725  1263  1491 I chatty  : uid=1000(system) ConnectivitySer expire 3 lines
04-27 19:04:14.728  1263  1335 I chatty  : uid=1000(system) android.bg expire 1 line
04-27 19:04:14.842  1263  1336 I chatty  : uid=1000(system) ActivityManager expire 9 lines
04-27 19:04:14.916  1263  1263 I chatty  : uid=1000 system_server expire 22 lines
04-27 19:04:14.916  1263  1335 I chatty  : uid=1000(system) android.bg expire 2 lines
04-27 19:04:14.978  1263  1319 I chatty  : uid=1000(system) android.fg expire 8 lines
04-27 19:04:14.997  1263  1291 I chatty  : uid=1000(system) Binder:1263_2 expire 1 line
04-27 19:04:15.012  1263  1343 I chatty  : uid=1000(system) batterystats-wo expire 1 line
04-27 19:04:15.034  1263  1337 I chatty  : uid=1000(system) ActivityManager expire 22 lines
04-27 19:04:15.158  1263  1322 I chatty  : uid=1000(system) android.io expire 1 line
04-27 19:04:15.883  1263  1320 I chatty  : uid=1000(system) android.ui expire 1 line
04-27 19:04:15.993  1263  1337 I chatty  : uid=1000(system) ActivityManager expire 14 lines
04-27 19:04:16.086  1263  1504 I chatty  : uid=1000(system) Binder:1263_3 expire 3 lines
04-27 19:04:16.157  1263  1263 I chatty  : uid=1000 system_server expire 35 lines
04-27 19:04:16.383  1263  1866 I chatty  : uid=1000(system) BluetoothRouteM expire 1 line
04-27 19:04:16.630  1263  1907 I chatty  : uid=1000(system) uteStateMachine expire 2 lines
04-27 19:04:16.704  1263  1917 I chatty  : uid=1000(system) CallAudioModeSt expire 1 line
04-27 19:04:16.784  1263  1323 I chatty  : uid=1000(system) android.display expire 1 line
04-27 19:04:17.167  1263  1322 I chatty  : uid=1000(system) android.io expire 5 lines
04-27 19:04:17.205  1263  1336 I chatty  : uid=1000(system) ActivityManager expire 4 lines
04-27 19:04:17.374  1263  1319 I chatty  : uid=1000(system) android.fg expire 1 line
04-27 19:04:17.377  1263  1497 I chatty  : uid=1000(system) onProviders.ECP expire 2 lines
04-27 19:04:17.397   387   387 D vold    : /system/bin/sgdisk
04-27 19:04:17.397   387   387 D vold    :     --android-dump
04-27 19:04:17.397   387   387 D vold    :     /dev/block/vold/disk:179,64
04-27 19:04:17.407  1263  1770 I chatty  : uid=1000(system) Binder:1263_5 expire 2 lines
04-27 19:04:17.428  1263  1263 I chatty  : uid=1000 system_server expire 3 lines
04-27 19:04:17.437  1263  1568 I chatty  : uid=1000(system) Binder:1263_4 expire 3 lines
04-27 19:04:17.439  1263  1290 I chatty  : uid=1000(system) Binder:1263_1 expire 21 lines
04-27 19:04:17.558  1797  1797 E SystemConfig: SystemConfig is being accessed by a process other than system_server.
04-27 19:04:17.591  1263  2029 I chatty  : uid=1000 system_server expire 1 line
04-27 19:04:17.612   387   387 D vold    : DISK mbr
04-27 19:04:17.612   387   387 D vold    : 
04-27 19:04:17.612   387   387 D vold    : PART 1 c
04-27 19:04:17.612   387   387 D vold    : 
04-27 19:04:17.616   387   387 D vold    : /system/bin/blkid
04-27 19:04:17.616   387   387 D vold    :     -c
04-27 19:04:17.616   387   387 D vold    :     /dev/null
04-27 19:04:17.616   387   387 D vold    :     -s
04-27 19:04:17.616   387   387 D vold    :     TYPE
04-27 19:04:17.616   387   387 D vold    :     -s
04-27 19:04:17.616   387   387 D vold    :     UUID
04-27 19:04:17.616   387   387 D vold    :     -s
04-27 19:04:17.616   387   387 D vold    :     LABEL
04-27 19:04:17.616   387   387 D vold    :     /dev/block/vold/public:179,65
04-27 19:04:17.764  1797  1797 W SystemConfig: No directory /product_services/etc/sysconfig, skipping
04-27 19:04:17.764  1797  1797 W SystemConfig: No directory /product_services/etc/permissions, skipping
04-27 19:04:17.768   387   387 D vold    : /dev/block/vold/public:179,65: UUID="4282-13FC" TYPE="vfat" 
04-27 19:04:17.768   387   387 D vold    : 
04-27 19:04:17.770   387   387 D vold    : /system/bin/fsck_msdos
04-27 19:04:17.770   387   387 D vold    :     -p
04-27 19:04:17.770   387   387 D vold    :     -f
04-27 19:04:17.770   387   387 D vold    :     -y
04-27 19:04:17.770   387   387 D vold    :     /dev/block/vold/public:179,65
04-27 19:04:17.808  1263  1491 I chatty  : uid=1000(system) ConnectivitySer expire 3 lines
04-27 19:04:17.919  1797  2043 E ActivityThread: Failed to find provider info for com.android.contacts
04-27 19:04:17.947  1263  1322 I chatty  : uid=1000(system) android.io expire 2 lines
04-27 19:04:17.998   387   387 D vold    : /dev/block/vold/public:179,65: 104 files, 1821216 free (56913 clusters)
04-27 19:04:17.998   387   387 D vold    : 
04-27 19:04:17.999   387   387 I vold    : Filesystem check completed OK
04-27 19:04:18.031   387   387 D vold    : Waiting for FUSE to spin up...
04-27 19:04:18.079  2047  2047 W sdcard  : Device explicitly enabled sdcardfs
04-27 19:04:18.081   387   387 D vold    : Waiting for FUSE to spin up...
04-27 19:04:18.088  1263  1337 I chatty  : uid=1000(system) ActivityManager expire 9 lines
04-27 19:04:18.299  1263  2015 I chatty  : uid=1000(system) Binder:1263_A expire 5 lines
04-27 19:04:18.338  1797  1797 I TelecomFramework: : onSubscriptionsChanged - update accounts
04-27 19:04:18.339  1797  1797 I TelecomFramework: TelecomAccountRegistry: setupAccounts: Found 1 phones.  Attempting to register.
04-27 19:04:18.339  1797  1797 I TelecomFramework: TelecomAccountRegistry: setupAccounts: Phone with subscription id: -1 slotId: 0 provisionStatus: 1
04-27 19:04:18.339  1797  1797 I TelecomFramework: TelecomAccountRegistry: setupAccounts: adding default
04-27 19:04:18.380  1797  1797 I TelecomFramework: AccountEntry: Registered phoneAccount: [[ ] PhoneAccount: ComponentInfo{com.android.phone/com.android.services.telephony.TelephonyConnectionService}, ***, UserHandle{0} Capabilities: CallProvider EmergOnly MultiUser PlaceEmerg SimSub  Audio Routes: BESW Schemes: tel voicemail  Extras: Bundle[{android.telecom.extra.SUPPORTS_VIDEO_CALLING_FALLBACK=true}] GroupId: ***] with handle: ComponentInfo{com.android.phone/com.android.services.telephony.TelephonyConnectionService}, ***, UserHandle{0}
04-27 19:04:18.383  1797  1797 I TelecomFramework: PstnIncomingCallNotifier: Registering: Handler (com.qualcomm.qti.internal.telephony.QtiGsmCdmaPhone) {ee9bdbb}
04-27 19:04:18.396  1549  2028 E ActivityThread: Failed to find provider info for com.android.contacts
04-27 19:04:18.712  1549  1836 E ActivityThread: Failed to find provider info for com.android.contacts
04-27 19:04:18.773  1549  1836 E ActivityThread: Failed to find provider info for com.android.contacts
04-27 19:04:18.816  1797  1797 I TelecomFramework: PstnPhoneCapabilitiesNotifier: handleVideoCapabilitesChanged. Video capability - false
04-27 19:04:19.122  1797  1797 D MccTable: updateMccMncConfiguration mccmnc='
04-27 19:04:19.532  1797  1797 I TelecomFramework: : onSubscriptionsChanged - update accounts
04-27 19:04:19.532  1797  1797 I TelecomFramework: PstnIncomingCallNotifier: Unregistering: Handler (com.qualcomm.qti.internal.telephony.QtiGsmCdmaPhone) {ee9bdbb}
04-27 19:04:19.538  1797  1797 I TelecomFramework: TelecomAccountRegistry: setupAccounts: Found 1 phones.  Attempting to register.
04-27 19:04:19.543  1797  1797 I TelecomFramework: TelecomAccountRegistry: setupAccounts: Phone with subscription id: 1 slotId: 0 provisionStatus: 1
04-27 19:04:19.586  1263  2023 I chatty  : uid=1000(system) Binder:1263_B expire 9 lines
04-27 19:04:19.592  2085  2085 E ActivityThread: Failed to find provider info for com.google.android.gsf.gservices
04-27 19:04:19.595  1797  1797 I TelecomFramework: AccountEntry: Registered phoneAccount: [[ ] PhoneAccount: ComponentInfo{com.android.phone/com.android.services.telephony.TelephonyConnectionService}, ***, UserHandle{0} Capabilities: CallProvider MultiUser PlaceEmerg SimSub  Audio Routes: BESW Schemes: tel voicemail  Extras: Bundle[{android.telecom.extra.SUPPORTS_VIDEO_CALLING_FALLBACK=true}] GroupId: ***] with handle: ComponentInfo{com.android.phone/com.android.services.telephony.TelephonyConnectionService}, ***, UserHandle{0}
04-27 19:04:19.595  1797  1797 I TelecomFramework: PstnIncomingCallNotifier: Registering: Handler (com.qualcomm.qti.internal.telephony.QtiGsmCdmaPhone) {ee9bdbb}
04-27 19:04:19.602  1797  1797 I TelecomFramework: TelecomAccountRegistry: Unregistering phone account ComponentInfo{com.android.phone/com.android.services.telephony.TelephonyConnectionService}, ***, UserHandle{0}.
04-27 19:04:19.630  2085  2085 E ActivityThread: Failed to find provider info for com.google.android.gsf.gservices
04-27 19:04:19.753  2085  2085 I chatty  : uid=10093 com.google.android.gms.persistent identical 83 lines
04-27 19:04:19.767  2085  2085 E ActivityThread: Failed to find provider info for com.google.android.gsf.gservices
04-27 19:04:19.796  1797  1797 D MccTable: updateMccMncConfiguration mccmnc='405861
04-27 19:04:19.796  1797  1797 D MccTable: updateMccMncConfiguration: mcc=405, mnc=861
04-27 19:04:19.797  1797  1797 D MccTable: updateMccMncConfiguration updateConfig config={0.0 405mcc861mnc ?localeList ?layoutDir ?swdp ?wdp ?hdp ?density ?lsize ?long ?ldr ?wideColorGamut ?orien ?uimode ?night ?touch ?keyb/?/? ?nav/? winConfig={ mBounds=Rect(0, 0 - 0, 0) mAppBounds=null mWindowingMode=undefined mDisplayWindowingMode=undefined mActivityType=undefined mAlwaysOnTop=undefined mRotation=undefined}}
04-27 19:04:19.914  2085  2085 E ActivityThread: Failed to find provider info for com.google.android.gsf.gservices
04-27 19:04:19.946  1797  1797 I TelecomFramework: PstnPhoneCapabilitiesNotifier: handleVideoCapabilitesChanged. Video capability - false
04-27 19:04:19.983  2085  2085 E ActivityThread: Failed to find provider info for com.google.android.gsf.gservices
04-27 19:04:19.997  2085  2085 E ActivityThread: Failed to find provider info for com.google.android.gsf.gservices
04-27 19:04:20.101  1797  1797 I TelecomFramework: : onSubscriptionsChanged - update accounts
04-27 19:04:20.101  1797  1797 I TelecomFramework: PstnIncomingCallNotifier: Unregistering: Handler (com.qualcomm.qti.internal.telephony.QtiGsmCdmaPhone) {ee9bdbb}
04-27 19:04:20.108  1797  1797 I TelecomFramework: TelecomAccountRegistry: setupAccounts: Found 1 phones.  Attempting to register.
04-27 19:04:20.108  1797  1797 I TelecomFramework: TelecomAccountRegistry: setupAccounts: Phone with subscription id: 1 slotId: 0 provisionStatus: 1
04-27 19:04:20.142  1797  1797 I TelecomFramework: AccountEntry: Registered phoneAccount: [[ ] PhoneAccount: ComponentInfo{com.android.phone/com.android.services.telephony.TelephonyConnectionService}, ***, UserHandle{0} Capabilities: CallProvider MultiUser PlaceEmerg SimSub  Audio Routes: BESW Schemes: tel voicemail  Extras: Bundle[{android.telecom.extra.SUPPORTS_VIDEO_CALLING_FALLBACK=true}] GroupId: ***] with handle: ComponentInfo{com.android.phone/com.android.services.telephony.TelephonyConnectionService}, ***, UserHandle{0}
04-27 19:04:20.142  1797  1797 I TelecomFramework: PstnIncomingCallNotifier: Registering: Handler (com.qualcomm.qti.internal.telephony.QtiGsmCdmaPhone) {ee9bdbb}
04-27 19:04:20.215  1797  1797 I TelecomFramework: : onSubscriptionsChanged - update accounts
04-27 19:04:20.215  1797  1797 I TelecomFramework: PstnIncomingCallNotifier: Unregistering: Handler (com.qualcomm.qti.internal.telephony.QtiGsmCdmaPhone) {ee9bdbb}
04-27 19:04:20.228  2085  2085 E ActivityThread: Failed to find provider info for com.google.android.gsf.gservices
04-27 19:04:20.230  1797  1797 I TelecomFramework: TelecomAccountRegistry: setupAccounts: Found 1 phones.  Attempting to register.
04-27 19:04:20.230  2085  2085 E ActivityThread: Failed to find provider info for com.google.android.gsf.gservices
04-27 19:04:20.232  1797  1797 I TelecomFramework: TelecomAccountRegistry: setupAccounts: Phone with subscription id: 1 slotId: 0 provisionStatus: 1
04-27 19:04:20.235  2085  2085 E ActivityThread: Failed to find provider info for com.google.android.gsf.gservices
04-27 19:04:20.255  2085  2085 E ActivityThread: Failed to find provider info for com.google.android.gsf.gservices
04-27 19:04:20.270  1797  1797 I TelecomFramework: AccountEntry: Registered phoneAccount: [[ ] PhoneAccount: ComponentInfo{com.android.phone/com.android.services.telephony.TelephonyConnectionService}, ***, UserHandle{0} Capabilities: CallProvider MultiUser PlaceEmerg SimSub  Audio Routes: BESW Schemes: tel voicemail  Extras: Bundle[{android.telecom.extra.SUPPORTS_VIDEO_CALLING_FALLBACK=true}] GroupId: ***] with handle: ComponentInfo{com.android.phone/com.android.services.telephony.TelephonyConnectionService}, ***, UserHandle{0}
04-27 19:04:20.270  1797  1797 I TelecomFramework: PstnIncomingCallNotifier: Registering: Handler (com.qualcomm.qti.internal.telephony.QtiGsmCdmaPhone) {ee9bdbb}
04-27 19:04:20.281  2085  2085 E ActivityThread: Failed to find provider info for com.google.android.gsf.gservices
04-27 19:04:20.334  2085  2085 E ActivityThread: Failed to find provider info for com.google.android.gsf.gservices
04-27 19:04:20.361  2085  2085 E ActivityThread: Failed to find provider info for com.google.android.gsf.gservices
04-27 19:04:20.371  2085  2085 E ActivityThread: Failed to find provider info for com.google.android.gsf.gservices
04-27 19:04:20.380  2085  2138 E ActivityThread: Failed to find provider info for com.google.android.gsf.gservices
04-27 19:04:20.381  2085  2085 E ActivityThread: Failed to find provider info for com.google.android.gsf.gservices
04-27 19:04:20.385  2085  2085 E ActivityThread: Failed to find provider info for com.google.android.gsf.gservices
04-27 19:04:20.386  2085  2138 E ActivityThread: Failed to find provider info for com.google.android.gsf.gservices
04-27 19:04:20.390  2085  2138 I chatty  : uid=10093 com.google.android.gms.persistent identical 5 lines
04-27 19:04:20.393  2085  2138 E ActivityThread: Failed to find provider info for com.google.android.gsf.gservices
04-27 19:04:20.396  2085  2085 E ActivityThread: Failed to find provider info for com.google.android.gsf.gservices
04-27 19:04:20.434  2085  2138 E ActivityThread: Failed to find provider info for com.google.android.gsf.gservices
04-27 19:04:20.445  2085  2138 E ActivityThread: Failed to find provider info for com.google.android.gsf.gservices
04-27 19:04:20.471  2085  2085 E ActivityThread: Failed to find provider info for com.google.android.gsf.gservices
04-27 19:04:20.499  2085  2085 E ActivityThread: Failed to find provider info for com.google.android.gsf.gservices
04-27 19:04:20.517  2085  2162 E ActivityThread: Failed to find provider info for com.google.android.gsf.gservices
04-27 19:04:20.519  2085  2162 E ActivityThread: Failed to find provider info for com.google.android.gsf.gservices
04-27 19:04:20.520  1549  1549 I PowerUI.Notification: show battery full warning: level=100 [1] 
04-27 19:04:20.534  2085  2085 E ActivityThread: Failed to find provider info for com.google.android.gsf.gservices
04-27 19:04:20.755  2085  2085 E ActivityThread: Failed to find provider info for com.google.android.gsf.gservices
04-27 19:04:20.758  2085  2163 E ActivityThread: Failed to find provider info for com.google.android.gsf.gservices
04-27 19:04:20.764  2085  2163 I chatty  : uid=10093 com.google.android.gms.persistent identical 2 lines
04-27 19:04:20.769  2085  2163 E ActivityThread: Failed to find provider info for com.google.android.gsf.gservices
04-27 19:04:20.790  2085  2085 E ActivityThread: Failed to find provider info for com.google.android.gsf.gservices
04-27 19:04:20.854  2085  2085 E ActivityThread: Failed to find provider info for com.google.android.gsf.gservices
04-27 19:04:20.937  1797  1797 I TelecomFramework: PstnPhoneCapabilitiesNotifier: handleVideoCapabilitesChanged. Video capability - false
04-27 19:04:20.944  1797  1797 I TelecomFramework: PstnPhoneCapabilitiesNotifier: handleVideoCapabilitesChanged. Video capability - false
04-27 19:04:20.970  2085  2085 E ActivityThread: Failed to find provider info for com.google.android.gsf.gservices
04-27 19:04:21.084  2085  2162 E ActivityThread: Failed to find provider info for com.google.android.gsf.gservices
04-27 19:04:21.085  2085  2162 E ActivityThread: Failed to find provider info for com.google.android.gsf.gservices
04-27 19:04:21.087  2085  2176 E ActivityThread: Failed to find provider info for com.google.android.gsf.gservices
04-27 19:04:21.089  2085  2162 E ActivityThread: Failed to find provider info for com.google.android.gsf.gservices
04-27 19:04:21.090  2085  2162 E ActivityThread: Failed to find provider info for com.google.android.gsf.gservices
04-27 19:04:21.096  2085  2085 E ActivityThread: Failed to find provider info for com.google.android.gsf.gservices
04-27 19:04:21.126  2085  2085 E ActivityThread: Failed to find provider info for com.google.android.gsf.gservices
04-27 19:04:21.130  1263  1323 I chatty  : uid=1000(system) android.display expire 19 lines
04-27 19:04:21.146  2085  2085 E ActivityThread: Failed to find provider info for com.google.android.gsf.gservices
04-27 19:04:21.166  1797  1797 I TelecomFramework: : onSubscriptionsChanged - update accounts
04-27 19:04:21.166  1797  1797 I TelecomFramework: PstnIncomingCallNotifier: Unregistering: Handler (com.qualcomm.qti.internal.telephony.QtiGsmCdmaPhone) {ee9bdbb}
04-27 19:04:21.169  2085  2085 E ActivityThread: Failed to find provider info for com.google.android.gsf.gservices
04-27 19:04:21.170  1797  1797 I TelecomFramework: TelecomAccountRegistry: setupAccounts: Found 1 phones.  Attempting to register.
04-27 19:04:21.170  1797  1797 I TelecomFramework: TelecomAccountRegistry: setupAccounts: Phone with subscription id: 1 slotId: 0 provisionStatus: 1
04-27 19:04:21.175  2085  2085 E ActivityThread: Failed to find provider info for com.google.android.gsf.gservices
04-27 19:04:21.229  2085  2085 E ActivityThread: Failed to find provider info for com.google.android.gsf.gservices
04-27 19:04:21.230  2085  2176 E ActivityThread: Failed to find provider info for com.google.android.gsf.gservices
04-27 19:04:21.233  2085  2085 E ActivityThread: Failed to find provider info for com.google.android.gsf.gservices
04-27 19:04:21.235  2085  2085 E ActivityThread: Failed to find provider info for com.google.android.gsf.gservices
04-27 19:04:21.236  2085  2085 E ActivityThread: Failed to find provider info for com.google.android.gsf.gservices
04-27 19:04:21.239  1797  1797 I TelecomFramework: AccountEntry: Registered phoneAccount: [[ ] PhoneAccount: ComponentInfo{com.android.phone/com.android.services.telephony.TelephonyConnectionService}, ***, UserHandle{0} Capabilities: CallProvider MultiUser PlaceEmerg SimSub  Audio Routes: BESW Schemes: tel voicemail  Extras: Bundle[{android.telecom.extra.SUPPORTS_VIDEO_CALLING_FALLBACK=true}] GroupId: ***] with handle: ComponentInfo{com.android.phone/com.android.services.telephony.TelephonyConnectionService}, ***, UserHandle{0}
04-27 19:04:21.239  1797  1797 I TelecomFramework: PstnIncomingCallNotifier: Registering: Handler (com.qualcomm.qti.internal.telephony.QtiGsmCdmaPhone) {ee9bdbb}
04-27 19:04:21.289  2085  2085 E ActivityThread: Failed to find provider info for com.google.android.gsf.gservices
04-27 19:04:21.318  1797  1797 I TelecomFramework: PstnIncomingCallNotifier: Unregistering: Handler (com.qualcomm.qti.internal.telephony.QtiGsmCdmaPhone) {ee9bdbb}
04-27 19:04:21.324  2085  2085 E ActivityThread: Failed to find provider info for com.google.android.gsf.gservices
04-27 19:04:21.324  1797  1797 I TelecomFramework: TelecomAccountRegistry: setupAccounts: Found 1 phones.  Attempting to register.
04-27 19:04:21.326  1797  1797 I TelecomFramework: TelecomAccountRegistry: setupAccounts: Phone with subscription id: 1 slotId: 0 provisionStatus: 1
04-27 19:04:21.339  2085  2085 E ActivityThread: Failed to find provider info for com.google.android.gsf.gservices
04-27 19:04:21.390  2085  2085 E ActivityThread: Failed to find provider info for com.google.android.gsf.gservices
04-27 19:04:21.455  1797  1797 I TelecomFramework: AccountEntry: Registered phoneAccount: [[ ] PhoneAccount: ComponentInfo{com.android.phone/com.android.services.telephony.TelephonyConnectionService}, ***, UserHandle{0} Capabilities: CallProvider MultiUser PlaceEmerg SimSub  Audio Routes: BESW Schemes: tel voicemail  Extras: Bundle[{android.telecom.extra.SUPPORTS_VIDEO_CALLING_FALLBACK=true}] GroupId: ***] with handle: ComponentInfo{com.android.phone/com.android.services.telephony.TelephonyConnectionService}, ***, UserHandle{0}
04-27 19:04:21.455  1797  1797 I TelecomFramework: PstnIncomingCallNotifier: Registering: Handler (com.qualcomm.qti.internal.telephony.QtiGsmCdmaPhone) {ee9bdbb}
04-27 19:04:21.463  2085  2085 E ActivityThread: Failed to find provider info for com.google.android.gsf.gservices
04-27 19:04:21.469  2085  2085 E ActivityThread: Failed to find provider info for com.google.android.gsf.gservices
04-27 19:04:21.547  2085  2085 E ActivityThread: Failed to find provider info for com.google.android.gsf.gservices
04-27 19:04:21.570  2085  2176 E ActivityThread: Failed to find provider info for com.google.android.gsf.gservices
04-27 19:04:21.571  2085  2176 E ActivityThread: Failed to find provider info for com.google.android.gsf.gservices
04-27 19:04:21.580  2085  2085 E ActivityThread: Failed to find provider info for com.google.android.gsf.gservices
04-27 19:04:21.584  2085  2085 E ActivityThread: Failed to find provider info for com.google.android.gsf.gservices
04-27 19:04:21.631  1797  1797 I TelecomFramework: PstnPhoneCapabilitiesNotifier: handleVideoCapabilitesChanged. Video capability - false
04-27 19:04:21.642  2085  2085 E ActivityThread: Failed to find provider info for com.google.android.gsf.gservices
04-27 19:04:21.658  2085  2085 I chatty  : uid=10093 com.google.android.gms.persistent identical 3 lines
04-27 19:04:21.665  2085  2085 E ActivityThread: Failed to find provider info for com.google.android.gsf.gservices
04-27 19:04:21.694  1797  1797 I TelecomFramework: PstnPhoneCapabilitiesNotifier: handleVideoCapabilitesChanged. Video capability - false
04-27 19:04:21.696  2085  2085 E ActivityThread: Failed to find provider info for com.google.android.gsf.gservices
04-27 19:04:21.697  2085  2085 E ActivityThread: Failed to find provider info for com.google.android.gsf.gservices
04-27 19:04:21.758  2085  2176 E ActivityThread: Failed to find provider info for com.google.android.gsf.gservices
04-27 19:04:21.780  2085  2176 I chatty  : uid=10093(com.google.android.gms) GoogleApiHandle identical 12 lines
04-27 19:04:21.783  2085  2176 E ActivityThread: Failed to find provider info for com.google.android.gsf.gservices
04-27 19:04:21.791  1263  1568 I chatty  : uid=1000(system) Binder:1263_4 expire 7 lines
04-27 19:04:21.804  2085  2176 E ActivityThread: Failed to find provider info for com.google.android.gsf.gservices
04-27 19:04:21.885  2085  2176 E ActivityThread: Failed to find provider info for com.google.android.gsf.gservices
04-27 19:04:21.931  2085  2176 E ActivityThread: Failed to find provider info for com.google.android.gsf.gservices
04-27 19:04:21.966  1797  1797 D MccTable: updateMccMncConfiguration mccmnc='405861
04-27 19:04:21.966  1797  1797 D MccTable: updateMccMncConfiguration: mcc=405, mnc=861
04-27 19:04:21.966  1797  1797 D MccTable: updateMccMncConfiguration updateConfig config={0.0 405mcc861mnc ?localeList ?layoutDir ?swdp ?wdp ?hdp ?density ?lsize ?long ?ldr ?wideColorGamut ?orien ?uimode ?night ?touch ?keyb/?/? ?nav/? winConfig={ mBounds=Rect(0, 0 - 0, 0) mAppBounds=null mWindowingMode=undefined mDisplayWindowingMode=undefined mActivityType=undefined mAlwaysOnTop=undefined mRotation=undefined}}
04-27 19:04:21.988  2085  2176 E ActivityThread: Failed to find provider info for com.google.android.gsf.gservices
04-27 19:04:22.003  1263  2023 I chatty  : uid=1000(system) Binder:1263_B expire 3 lines
04-27 19:04:22.084  2085  2176 E ActivityThread: Failed to find provider info for com.google.android.gsf.gservices
04-27 19:04:22.124  2085  2176 E ActivityThread: Failed to find provider info for com.google.android.gsf.gservices
04-27 19:04:22.214  2085  2176 E ActivityThread: Failed to find provider info for com.google.android.gsf.gservices
04-27 19:04:22.238  2085  2176 E ActivityThread: Failed to find provider info for com.google.android.gsf.gservices
04-27 19:04:22.257  2085  2176 E ActivityThread: Failed to find provider info for com.google.android.gsf.gservices
04-27 19:04:22.265  1797  1797 E SystemConfig: SystemConfig is being accessed by a process other than system_server.
04-27 19:04:22.274  2085  2176 E ActivityThread: Failed to find provider info for com.google.android.gsf.gservices
04-27 19:04:22.318  1263  2231 I chatty  : uid=1000 system_server expire 1 line
04-27 19:04:22.346  2085  2233 E ActivityThread: Failed to find provider info for com.google.android.gsf.gservices
04-27 19:04:22.428  2085  2233 I chatty  : uid=10093 com.google.android.gms.persistent identical 16 lines
04-27 19:04:22.432  2085  2233 E ActivityThread: Failed to find provider info for com.google.android.gsf.gservices
04-27 19:04:22.456  2085  2102 E ActivityThread: Failed to find provider info for com.google.android.gsf.gservices
04-27 19:04:22.467  1797  1797 I TelecomFramework: : onSubscriptionsChanged - update accounts
04-27 19:04:22.467  1797  1797 I TelecomFramework: PstnIncomingCallNotifier: Unregistering: Handler (com.qualcomm.qti.internal.telephony.QtiGsmCdmaPhone) {ee9bdbb}
04-27 19:04:22.470  1797  1797 I TelecomFramework: TelecomAccountRegistry: setupAccounts: Found 1 phones.  Attempting to register.
04-27 19:04:22.471  1797  1797 I TelecomFramework: TelecomAccountRegistry: setupAccounts: Phone with subscription id: 1 slotId: 0 provisionStatus: 1
04-27 19:04:22.481  2085  2233 E ActivityThread: Failed to find provider info for com.google.android.gsf.gservices
04-27 19:04:22.489  2141  2211 E ActivityThread: Failed to find provider info for com.google.android.gsf.gservices
04-27 19:04:22.495  2085  2233 E ActivityThread: Failed to find provider info for com.google.android.gsf.gservices
04-27 19:04:22.498  2085  2233 E ActivityThread: Failed to find provider info for com.google.android.gsf.gservices
04-27 19:04:22.510  1797  1797 I TelecomFramework: AccountEntry: Registered phoneAccount: [[ ] PhoneAccount: ComponentInfo{com.android.phone/com.android.services.telephony.TelephonyConnectionService}, ***, UserHandle{0} Capabilities: CallProvider MultiUser PlaceEmerg SimSub  Audio Routes: BESW Schemes: tel voicemail  Extras: Bundle[{android.telecom.extra.SUPPORTS_VIDEO_CALLING_FALLBACK=true}] GroupId: ***] with handle: ComponentInfo{com.android.phone/com.android.services.telephony.TelephonyConnectionService}, ***, UserHandle{0}
04-27 19:04:22.510  1797  1797 I TelecomFramework: PstnIncomingCallNotifier: Registering: Handler (com.qualcomm.qti.internal.telephony.QtiGsmCdmaPhone) {ee9bdbb}
04-27 19:04:22.535  1797  1797 I TelecomFramework: : onSubscriptionsChanged - update accounts
04-27 19:04:22.535  1797  1797 I TelecomFramework: PstnIncomingCallNotifier: Unregistering: Handler (com.qualcomm.qti.internal.telephony.QtiGsmCdmaPhone) {ee9bdbb}
04-27 19:04:22.538  1797  1797 I TelecomFramework: TelecomAccountRegistry: setupAccounts: Found 1 phones.  Attempting to register.
04-27 19:04:22.539  1797  1797 I TelecomFramework: TelecomAccountRegistry: setupAccounts: Phone with subscription id: 1 slotId: 0 provisionStatus: 1
04-27 19:04:22.557  2085  2233 E ActivityThread: Failed to find provider info for com.google.android.gsf.gservices
04-27 19:04:22.566  2085  2233 E ActivityThread: Failed to find provider info for com.google.android.gsf.gservices
04-27 19:04:22.570  1263  2015 I chatty  : uid=1000(system) Binder:1263_A expire 5 lines
04-27 19:04:22.573  2085  2233 E ActivityThread: Failed to find provider info for com.google.android.gsf.gservices
04-27 19:04:22.573  1797  1797 I TelecomFramework: AccountEntry: Registered phoneAccount: [[ ] PhoneAccount: ComponentInfo{com.android.phone/com.android.services.telephony.TelephonyConnectionService}, ***, UserHandle{0} Capabilities: CallProvider MultiUser PlaceEmerg SimSub  Audio Routes: BESW Schemes: tel voicemail  Extras: Bundle[{android.telecom.extra.SUPPORTS_VIDEO_CALLING_FALLBACK=true}] GroupId: ***] with handle: ComponentInfo{com.android.phone/com.android.services.telephony.TelephonyConnectionService}, ***, UserHandle{0}
04-27 19:04:22.573  1797  1797 I TelecomFramework: PstnIncomingCallNotifier: Registering: Handler (com.qualcomm.qti.internal.telephony.QtiGsmCdmaPhone) {ee9bdbb}
04-27 19:04:22.655  1797  1797 I TelecomFramework: : onSubscriptionsChanged - update accounts
04-27 19:04:22.656  1797  1797 I TelecomFramework: PstnIncomingCallNotifier: Unregistering: Handler (com.qualcomm.qti.internal.telephony.QtiGsmCdmaPhone) {ee9bdbb}
04-27 19:04:22.658  1797  1797 I TelecomFramework: TelecomAccountRegistry: setupAccounts: Found 1 phones.  Attempting to register.
04-27 19:04:22.658  1797  1797 I TelecomFramework: TelecomAccountRegistry: setupAccounts: Phone with subscription id: 1 slotId: 0 provisionStatus: 1
04-27 19:04:22.659  2085  2233 E ActivityThread: Failed to find provider info for com.google.android.gsf.gservices
04-27 19:04:22.660  2141  2211 E ActivityThread: Failed to find provider info for com.google.android.gsf.gservices
04-27 19:04:22.687  2085  2103 E ActivityThread: Failed to find provider info for com.google.android.gsf.gservices
04-27 19:04:22.696  2085  2233 E ActivityThread: Failed to find provider info for com.google.android.gsf.gservices
04-27 19:04:22.708  2085  2233 E ActivityThread: Failed to find provider info for com.google.android.gsf.gservices
04-27 19:04:22.732  1797  1797 I TelecomFramework: AccountEntry: Registered phoneAccount: [[ ] PhoneAccount: ComponentInfo{com.android.phone/com.android.services.telephony.TelephonyConnectionService}, ***, UserHandle{0} Capabilities: CallProvider MultiUser PlaceEmerg SimSub  Audio Routes: BESW Schemes: tel voicemail  Extras: Bundle[{android.telecom.extra.SUPPORTS_VIDEO_CALLING_FALLBACK=true}] GroupId: ***] with handle: ComponentInfo{com.android.phone/com.android.services.telephony.TelephonyConnectionService}, ***, UserHandle{0}
04-27 19:04:22.732  1797  1797 I TelecomFramework: PstnIncomingCallNotifier: Registering: Handler (com.qualcomm.qti.internal.telephony.QtiGsmCdmaPhone) {ee9bdbb}
04-27 19:04:22.770  1797  1797 I TelecomFramework: : onSubscriptionsChanged - update accounts
04-27 19:04:22.771  1797  1797 I TelecomFramework: PstnIncomingCallNotifier: Unregistering: Handler (com.qualcomm.qti.internal.telephony.QtiGsmCdmaPhone) {ee9bdbb}
04-27 19:04:22.773  1797  1797 I TelecomFramework: TelecomAccountRegistry: setupAccounts: Found 1 phones.  Attempting to register.
04-27 19:04:22.774  1797  1797 I TelecomFramework: TelecomAccountRegistry: setupAccounts: Phone with subscription id: 1 slotId: 0 provisionStatus: 1
04-27 19:04:22.816  2085  2233 E ActivityThread: Failed to find provider info for com.google.android.gsf.gservices
04-27 19:04:22.817  1263  1886 I chatty  : uid=1000(system) Binder:1263_9 expire 2 lines
04-27 19:04:22.818  2085  2233 E ActivityThread: Failed to find provider info for com.google.android.gsf.gservices
04-27 19:04:22.820  1797  1797 I TelecomFramework: AccountEntry: Registered phoneAccount: [[ ] PhoneAccount: ComponentInfo{com.android.phone/com.android.services.telephony.TelephonyConnectionService}, ***, UserHandle{0} Capabilities: CallProvider MultiUser PlaceEmerg SimSub  Audio Routes: BESW Schemes: tel voicemail  Extras: Bundle[{android.telecom.extra.SUPPORTS_VIDEO_CALLING_FALLBACK=true}] GroupId: ***] with handle: ComponentInfo{com.android.phone/com.android.services.telephony.TelephonyConnectionService}, ***, UserHandle{0}
04-27 19:04:22.820  1797  1797 I TelecomFramework: PstnIncomingCallNotifier: Registering: Handler (com.qualcomm.qti.internal.telephony.QtiGsmCdmaPhone) {ee9bdbb}
04-27 19:04:22.821  2085  2233 E ActivityThread: Failed to find provider info for com.google.android.gsf.gservices
04-27 19:04:22.829  2085  2233 E ActivityThread: Failed to find provider info for com.google.android.gsf.gservices
04-27 19:04:22.860  2085  2233 E ActivityThread: Failed to find provider info for com.google.android.gsf.gservices
04-27 19:04:22.866  1263  1357 I chatty  : uid=1000(system) PowerManagerSer expire 1 line
04-27 19:04:22.869  1263  1482 I chatty  : uid=1000(system) StorageManagerS expire 2 lines
04-27 19:04:22.870  2085  2233 E ActivityThread: Failed to find provider info for com.google.android.gsf.gservices
04-27 19:04:22.871  1263  1336 I chatty  : uid=1000(system) ActivityManager expire 1 line
04-27 19:04:22.872  2085  2233 E ActivityThread: Failed to find provider info for com.google.android.gsf.gservices
04-27 19:04:22.874  1263  1290 I chatty  : uid=1000(system) Binder:1263_1 expire 3 lines
04-27 19:04:22.880  2085  2233 E ActivityThread: Failed to find provider info for com.google.android.gsf.gservices
04-27 19:04:22.889  2085  2233 E ActivityThread: Failed to find provider info for com.google.android.gsf.gservices
04-27 19:04:22.907   387  2013 D vold    : fscrypt_unlock_user_key 0 serial=0 token_present=0
04-27 19:04:22.908   387  2013 D vold    : Skipping non-key .
04-27 19:04:22.908   387  2013 D vold    : Skipping non-key ..
04-27 19:04:22.908   387  2013 D vold    : Trying user CE key /data/misc/vold/user_keys/ce/0/current
04-27 19:04:22.926   387  2013 I vold    : List of Keymaster HALs found:
04-27 19:04:22.936   387  2013 I vold    : Keymaster HAL #1: Keymaster HAL: 4 from QTI SecurityLevel: TRUSTED_ENVIRONMENT HAL: android.hardware.keymaster@4.0::IKeymasterDevice/default
04-27 19:04:22.936   387  2013 I vold    : Using Keymaster HAL: 4 from QTI for encryption.  Security level: TRUSTED_ENVIRONMENT, HAL: android.hardware.keymaster@4.0::IKeymasterDevice/default
04-27 19:04:22.948   387  2013 D vold    : Successfully retrieved key
04-27 19:04:22.957   387  2013 E vold    : Inserting using old mechanism  Error 19: No such device
04-27 19:04:22.957   387  2013 D vold    : Added key 510734388 (ext4:a580b261026b025b) to keyring 188380756 in process 387key size64
04-27 19:04:22.957   387  2013 E vold    : Inserting using old mechanism  Error 19: No such device
04-27 19:04:22.957   387  2013 D vold    : Added key 995705508 (f2fs:a580b261026b025b) to keyring 188380756 in process 387key size64
04-27 19:04:22.957   387  2013 E vold    : Inserting using old mechanism  Error 19: No such device
04-27 19:04:22.958   387  2013 D vold    : Added key 80356177 (fscrypt:a580b261026b025b) to keyring 188380756 in process 387key size64
04-27 19:04:22.958   387  2013 D vold    : Installed ce key for user 0
04-27 19:04:22.959   387   404 D vold    : fscrypt_prepare_user_storage for volume null, user 0, serial 0, flags 2
04-27 19:04:22.959   387   404 D vold    : Preparing: /data/system_ce/0
04-27 19:04:22.959   387   404 D vold    : Preparing: /data/misc_ce/0
04-27 19:04:22.959   387   404 D vold    : Preparing: /data/vendor_ce/0
04-27 19:04:22.962   387   404 D vold    : Preparing: /data/media/0
04-27 19:04:22.963   387   404 D vold    : Preparing: /data/data
04-27 19:04:22.964   387   404 I vold    : Found policy a580b261026b025b at /data/system_ce/0 which matches expected value
04-27 19:04:22.964   387   404 I vold    : Found policy a580b261026b025b at /data/misc_ce/0 which matches expected value
04-27 19:04:22.964   387   404 I vold    : Found policy a580b261026b025b at /data/vendor_ce/0 which matches expected value
04-27 19:04:22.965   387   404 I vold    : Found policy a580b261026b025b at /data/media/0 which matches expected value
04-27 19:04:22.966   387   404 I vold    : Found policy a580b261026b025b at /data/data which matches expected value
04-27 19:04:22.966   387   404 D vold    : Starting restorecon of /data/system_ce/0
04-27 19:04:22.974  1263  1491 I chatty  : uid=1000(system) ConnectivitySer expire 3 lines
04-27 19:04:22.975  2085  2233 E ActivityThread: Failed to find provider info for com.google.android.gsf.gservices
04-27 19:04:22.976  1797  1797 I TelecomFramework: : onSubscriptionsChanged - update accounts
04-27 19:04:22.977  1797  1797 I TelecomFramework: PstnIncomingCallNotifier: Unregistering: Handler (com.qualcomm.qti.internal.telephony.QtiGsmCdmaPhone) {ee9bdbb}
04-27 19:04:22.982  1797  1797 I TelecomFramework: TelecomAccountRegistry: setupAccounts: Found 1 phones.  Attempting to register.
04-27 19:04:22.983  1797  1797 I TelecomFramework: TelecomAccountRegistry: setupAccounts: Phone with subscription id: 1 slotId: 0 provisionStatus: 1
04-27 19:04:22.997  1263  1337 I chatty  : uid=1000(system) ActivityManager expire 13 lines
04-27 19:04:23.000  2085  2233 E ActivityThread: Failed to find provider info for com.google.android.gsf.gservices
04-27 19:04:23.023   387   404 D vold    : Finished restorecon of /data/system_ce/0
04-27 19:04:23.023   387   404 D vold    : Starting restorecon of /data/vendor_ce/0
04-27 19:04:23.051  1263  1504 I chatty  : uid=1000(system) Binder:1263_3 expire 3 lines
04-27 19:04:23.056  1797  1797 I TelecomFramework: AccountEntry: Registered phoneAccount: [[ ] PhoneAccount: ComponentInfo{com.android.phone/com.android.services.telephony.TelephonyConnectionService}, ***, UserHandle{0} Capabilities: CallProvider MultiUser PlaceEmerg SimSub  Audio Routes: BESW Schemes: tel voicemail  Extras: Bundle[{android.telecom.extra.SUPPORTS_VIDEO_CALLING_FALLBACK=true}] GroupId: ***] with handle: ComponentInfo{com.android.phone/com.android.services.telephony.TelephonyConnectionService}, ***, UserHandle{0}
04-27 19:04:23.056  1797  1797 I TelecomFramework: PstnIncomingCallNotifier: Registering: Handler (com.qualcomm.qti.internal.telephony.QtiGsmCdmaPhone) {ee9bdbb}
04-27 19:04:23.111  2085  2233 E ActivityThread: Failed to find provider info for com.google.android.gsf.gservices
04-27 19:04:23.126  2085  2233 E ActivityThread: Failed to find provider info for com.google.android.gsf.gservices
04-27 19:04:23.154  1797  1797 I TelecomFramework: : onSubscriptionsChanged - update accounts
04-27 19:04:23.155  1797  1797 I TelecomFramework: PstnIncomingCallNotifier: Unregistering: Handler (com.qualcomm.qti.internal.telephony.QtiGsmCdmaPhone) {ee9bdbb}
04-27 19:04:23.165  1797  1797 I TelecomFramework: TelecomAccountRegistry: setupAccounts: Found 1 phones.  Attempting to register.
04-27 19:04:23.165  1797  1797 I TelecomFramework: TelecomAccountRegistry: setupAccounts: Phone with subscription id: 1 slotId: 0 provisionStatus: 1
04-27 19:04:23.209  1263  1291 I chatty  : uid=1000(system) Binder:1263_2 expire 2 lines
04-27 19:04:23.229  1797  1797 I TelecomFramework: AccountEntry: Registered phoneAccount: [[ ] PhoneAccount: ComponentInfo{com.android.phone/com.android.services.telephony.TelephonyConnectionService}, ***, UserHandle{0} Capabilities: CallProvider MultiUser PlaceEmerg SimSub  Audio Routes: BESW Schemes: tel voicemail  Extras: Bundle[{android.telecom.extra.SUPPORTS_VIDEO_CALLING_FALLBACK=true}] GroupId: ***] with handle: ComponentInfo{com.android.phone/com.android.services.telephony.TelephonyConnectionService}, ***, UserHandle{0}
04-27 19:04:23.229  1797  1797 I TelecomFramework: PstnIncomingCallNotifier: Registering: Handler (com.qualcomm.qti.internal.telephony.QtiGsmCdmaPhone) {ee9bdbb}
04-27 19:04:23.269  1797  1797 I TelecomFramework: PstnPhoneCapabilitiesNotifier: handleVideoCapabilitesChanged. Video capability - false
04-27 19:04:23.307  1797  1797 I chatty  : uid=1001(radio) com.android.phone identical 2 lines
04-27 19:04:23.321  1797  1797 I TelecomFramework: PstnPhoneCapabilitiesNotifier: handleVideoCapabilitesChanged. Video capability - false
04-27 19:04:23.325   387   404 D vold    : Finished restorecon of /data/vendor_ce/0
04-27 19:04:23.325   387   404 D vold    : Starting restorecon of /data/misc_ce/0
04-27 19:04:23.393   387   404 D vold    : Finished restorecon of /data/misc_ce/0
04-27 19:04:23.393   387   404 D vold    : /system/bin/vold_prepare_subdirs
04-27 19:04:23.393   387   404 D vold    :     prepare
04-27 19:04:23.393   387   404 D vold    :     
04-27 19:04:23.393   387   404 D vold    :     0
04-27 19:04:23.393   387   404 D vold    :     2
04-27 19:04:23.444  1797  1797 I TelecomFramework: PstnPhoneCapabilitiesNotifier: handleVideoCapabilitesChanged. Video capability - false
04-27 19:04:23.455  1797  1797 I TelecomFramework: PstnPhoneCapabilitiesNotifier: handleVideoCapabilitesChanged. Video capability - false
04-27 19:04:23.548  1263  1319 I chatty  : uid=1000(system) android.fg expire 4 lines
04-27 19:04:23.654  1797  1797 I TelecomFramework: PstnPhoneCapabilitiesNotifier: handleVideoCapabilitesChanged. Video capability - true
04-27 19:04:23.695  1263  1263 I chatty  : uid=1000 system_server expire 8 lines
04-27 19:04:23.739  2085  2233 E ActivityThread: Failed to find provider info for com.google.android.gsf.gservices
04-27 19:04:23.758  2085  2233 E ActivityThread: Failed to find provider info for com.google.android.gsf.gservices
04-27 19:04:23.833  1263  1504 I chatty  : uid=1000(system) Binder:1263_3 expire 3 lines
04-27 19:04:23.948  1797  1797 I TelecomFramework: : Carrier-config changed, checking for phone account updates.
04-27 19:04:24.063  1797  1797 I TelecomFramework: AccountEntry: reRegisterPstnPhoneAccount: subId: 1 - no change
04-27 19:04:24.145   387   387 W vold    : Failed to open /proc/1718/fd: No such file or directory
04-27 19:04:24.307  2085  2233 E ActivityThread: Failed to find provider info for com.google.android.gsf.gservices
04-27 19:04:24.340  2085  2233 I chatty  : uid=10093 com.google.android.gms.persistent identical 7 lines
04-27 19:04:24.351  2085  2233 E ActivityThread: Failed to find provider info for com.google.android.gsf.gservices
04-27 19:04:24.674  2251  2298 E ActivityThread: Failed to find provider info for com.google.android.gsf.gservices
04-27 19:04:24.742   387   387 W vold    : Failed to open /proc/2249/fd: No such file or directory
04-27 19:04:24.748  2085  2233 E ActivityThread: Failed to find provider info for com.google.android.gsf.gservices
04-27 19:04:24.781  2085  2233 E ActivityThread: Failed to find provider info for com.google.android.gsf.gservices
04-27 19:04:24.784   387   387 W vold    : Failed to open /proc/2257/fd: No such file or directory
04-27 19:04:24.794  2085  2233 E ActivityThread: Failed to find provider info for com.google.android.gsf.gservices
04-27 19:04:24.861  2085  2233 E ActivityThread: Failed to find provider info for com.google.android.gsf.gservices
04-27 19:04:24.932  1263  1291 I chatty  : uid=1000(system) Binder:1263_2 expire 1 line
04-27 19:04:25.048   387   387 D vold    : /system/bin/sgdisk
04-27 19:04:25.048   387   387 D vold    :     --android-dump
04-27 19:04:25.048   387   387 D vold    :     /dev/block/vold/disk:179,64
04-27 19:04:25.166  1263  1319 I chatty  : uid=1000(system) android.fg expire 8 lines
04-27 19:04:25.166  1263  1336 I chatty  : uid=1000(system) ActivityManager expire 10 lines
04-27 19:04:25.184  1263  1322 I chatty  : uid=1000(system) android.io expire 1 line
04-27 19:04:25.238  1263  1337 I chatty  : uid=1000(system) ActivityManager expire 27 lines
04-27 19:04:25.285   387   387 D vold    : DISK mbr
04-27 19:04:25.285   387   387 D vold    : 
04-27 19:04:25.285   387   387 D vold    : PART 1 c
04-27 19:04:25.285   387   387 D vold    : 
04-27 19:04:25.296   387   405 D vold    : Waiting for FUSE to spin up...
04-27 19:04:25.347   387   405 D vold    : Waiting for FUSE to spin up...
04-27 19:04:25.361  1263  1507 I chatty  : uid=1000(system) backup expire 3 lines
04-27 19:04:25.365  2404  2404 W sdcard  : Device explicitly enabled sdcardfs
04-27 19:04:25.399   387   405 D vold    : Linking /storage/emulated/0 to /mnt/user/0/primary
04-27 19:04:25.475   387   405 D vold    : /system/bin/blkid
04-27 19:04:25.475   387   405 D vold    :     -c
04-27 19:04:25.475   387   405 D vold    :     /dev/null
04-27 19:04:25.475   387   405 D vold    :     -s
04-27 19:04:25.475   387   405 D vold    :     TYPE
04-27 19:04:25.475   387   405 D vold    :     -s
04-27 19:04:25.475   387   405 D vold    :     UUID
04-27 19:04:25.475   387   405 D vold    :     -s
04-27 19:04:25.475   387   405 D vold    :     LABEL
04-27 19:04:25.476   387   405 D vold    :     /dev/block/vold/public:179,65
04-27 19:04:25.580  1263  1778 I chatty  : uid=1000(system) Binder:1263_6 expire 2 lines
04-27 19:04:25.678   387   405 D vold    : /dev/block/vold/public:179,65: UUID="4282-13FC" TYPE="vfat" 
04-27 19:04:25.679   387   405 D vold    : 
04-27 19:04:25.679   387   405 D vold    : /system/bin/fsck_msdos
04-27 19:04:25.679   387   405 D vold    :     -p
04-27 19:04:25.679   387   405 D vold    :     -f
04-27 19:04:25.679   387   405 D vold    :     -y
