04-27 19:14:09.596  1192  1196 E wpa_supplicant: eap_proxy: Eap_proxy initialized successfully tid is 1196 
04-27 19:14:09.598   449   835 I netd    : interfaceGetCfg("wlan0") <0.56ms>
04-27 19:14:09.600   449   835 I netd    : interfaceClearAddrs("wlan0") <0.49ms>
04-27 19:14:09.601   449   835 I netd    : interfaceSetIPv6PrivacyExtensions("wlan0", "true") <0.21ms>
04-27 19:14:09.601   449   835 I netd    : interfaceSetEnableIPv6("wlan0", "false") <0.20ms>
04-27 19:14:09.617   449   835 I netd    : interfaceGetCfg("wlan0") <0.30ms>
04-27 19:14:09.624  1263  1336 W BroadcastQueue: Background execution not allowed: receiving Intent { act=android.net.wifi.WIFI_STATE_CHANGED flg=0x4000010 (has extras) } to com.jio.myjio/.jionet.receiver.WifiScanReceiver
04-27 19:14:09.625  1263  1336 W BroadcastQueue: Background execution not allowed: receiving Intent { act=android.net.wifi.WIFI_STATE_CHANGED flg=0x4000010 (has extras) } to com.jio.myjio/com.bb.lib.receiver.NetworkChangeReceiver
04-27 19:14:09.638  1192  1192 I wpa_supplicant: wlan0: CTRL-EVENT-REGDOM-CHANGE init=USER type=COUNTRY alpha2=IN
04-27 19:14:09.643   538   538 E WifiHAL : wifi_start_pkt_fate_monitoring: packet fate logging feature not supported 0
04-27 19:14:09.648   538   538 E WifiHAL : wifi_get_ring_buffers_status: Ring buffer logging feature not supported 0
04-27 19:14:09.654   449   835 I netd    : interfaceSetEnableIPv6("wlan0", "false") <0.13ms>
04-27 19:14:09.655   449   835 I netd    : interfaceClearAddrs("wlan0") <0.48ms>
04-27 19:14:09.701  1180  1180 I chatty  : uid=2000(shell) app_process expire 15 lines
04-27 19:14:10.209   524  1503 D audio_hw_primary: disable_audio_route: reset and update mixer path: low-latency-playback
04-27 19:14:10.210   524  1503 D msm8916_platform: platform_split_snd_device: snd_device(2) num devices(0) new_snd_devices(0)
04-27 19:14:10.210   524  1503 I msm8916_platform: platform_get_custom_mtmx_params: no matching param with id 0 ip_ch 2 op_ch 1 uc_id 1 snd_dev 2
04-27 19:14:10.210   524  1503 D hardware_info: hw_info_append_hw_type : device_name = speaker
04-27 19:14:10.210   524  1503 D audio_hw_primary: disable_snd_device: snd_device(2: speaker)
04-27 19:14:10.210   524  1503 D msm8916_platform: platform_split_snd_device: snd_device(2) num devices(0) new_snd_devices(0)
04-27 19:14:10.214   524  1503 D audio_hw_primary: out_standby: exit
04-27 19:14:10.294  1263  1540 I chatty  : uid=1000(system) Binder:1263_16 expire 1 line
04-27 19:14:10.299  1263  1336 W BroadcastQueue: Background execution not allowed: receiving Intent { act=android.net.wifi.SCAN_RESULTS flg=0x4000010 (has extras) } to com.jio.myjio/.jionet.receiver.WifiScanReceiver
04-27 19:14:10.300  1263  1336 I ActivityManager: Killing 370:com.google.process.gservices/u0a93 (adj 900): cached #1
04-27 19:14:10.308   377   377 I hwservicemanager: getTransport: Cannot find entry vendor.qti.hardware.iop@2.0::IIop/default in either framework or device manifest.
04-27 19:14:10.334  2085  2377 I ChimeraSrvcProxy: NullBinder for android.net.action.RECOMMEND_NETWORKS triggering remote TransactionTooLargeException due to Service without Chimera impl
04-27 19:14:10.341   531   531 I chatty  : uid=1000(system) composer@2.1-se expire 4 lines
04-27 19:14:10.352   450   450 I Zygote  : Process 370 exited due to signal 9 (Killed)
04-27 19:14:10.352   377   377 I hwservicemanager: getTransport: Cannot find entry vendor.qti.hardware.iop@2.0::IIop/default in either framework or device manifest.
04-27 19:14:10.354   541   578 I /vendor/bin/hw/vendor.qti.hardware.servicetracker@1.1-service: killProcess is called for pid : 370
04-27 19:14:10.391  1263  1339 I chatty  : uid=1000(system) ActivityManager expire 1 line
04-27 19:14:10.922  1222  1222 I chatty  : uid=2000(shell) app_process expire 12 lines
04-27 19:14:10.929  1222  1222 W app_process: type=1400 audit(0.0:1344): avc: denied { read } for name="u:object_r:device_config_runtime_native_boot_prop:s0" dev="tmpfs" ino=13331 scontext=u:r:shell:s0 tcontext=u:object_r:device_config_runtime_native_boot_prop:s0 tclass=file permissive=0
04-27 19:14:10.929  1222  1222 W app_process: type=1400 audit(0.0:1345): avc: denied { read } for name="u:object_r:device_config_runtime_native_boot_prop:s0" dev="tmpfs" ino=13331 scontext=u:r:shell:s0 tcontext=u:object_r:device_config_runtime_native_boot_prop:s0 tclass=file permissive=0
04-27 19:14:10.929  1222  1222 W app_process: type=1400 audit(0.0:1346): avc: denied { read } for name="u:object_r:device_config_runtime_native_boot_prop:s0" dev="tmpfs" ino=13331 scontext=u:r:shell:s0 tcontext=u:object_r:device_config_runtime_native_boot_prop:s0 tclass=file permissive=0
04-27 19:14:11.296   623   657 D ThermalEngine: zone:1 sensor:xo-therm-buf-adc temp:41144 trip:0 event:0
04-27 19:14:11.305   623   657 D ThermalEngine: zone:2 sensor:pa-therm0-adc temp:38626 trip:0 event:0
04-27 19:14:11.306   623   657 D ThermalEngine: zone:20 sensor:skin-therm-adc temp:24859 trip:0 event:0
04-27 19:14:11.330  1263  1540 E WifiService: Permission violation - getScanResults not allowed for uid=10056, packageName=com.jio.myjio, reason=java.lang.SecurityException: UID 10056 has no location permission
04-27 19:14:11.903  1243  1243 I chatty  : uid=2000(shell) app_process expire 15 lines
04-27 19:14:12.181  1263  1487 I chatty  : uid=1000(system) WifiService expire 1 line
04-27 19:14:12.183  1263  1336 W BroadcastQueue: Background execution not allowed: receiving Intent { act=android.net.wifi.WIFI_STATE_CHANGED flg=0x4000010 (has extras) } to com.jio.myjio/.jionet.receiver.WifiScanReceiver
04-27 19:14:12.183  1263  1336 W BroadcastQueue: Background execution not allowed: receiving Intent { act=android.net.wifi.WIFI_STATE_CHANGED flg=0x4000010 (has extras) } to com.jio.myjio/com.bb.lib.receiver.NetworkChangeReceiver
04-27 19:14:12.184   703   703 W wificond: No pno scan started
04-27 19:14:12.184  1752  2876 D QCNEJ/WlanStaInfoRelay: onChange for uri = content://settings/global/wifi_on
04-27 19:14:12.184   703   703 W wificond: Scheduled scan is not running!
04-27 19:14:12.188   703   703 W wificond: No pno scan started
04-27 19:14:12.188   703   703 W wificond: Scheduled scan is not running!
04-27 19:14:12.191   538   538 W android.hardware.wifi@1.0-service: No active wlan interfaces in use! Using default
04-27 19:14:12.192  1243  1264 I chatty  : uid=2000(shell) app_process expire 2 lines
04-27 19:14:12.203  1192  1192 I wpa_supplicant: wlan0: Do not deauthenticate as part of interface deinit since WoWLAN is enabled
04-27 19:14:12.227  1192  1192 E wpa_supplicant: eap_proxy: pthread_join on eap_proxy=0x7fd9b11c
04-27 19:14:12.227  1192  1192 E wpa_supplicant: eap_proxy: session not started for client = 1
04-27 19:14:12.228  1192  1192 E wpa_supplicant: eap_proxy: Released QMI UIM service client
04-27 19:14:12.228  1192  1192 E wpa_supplicant: eap_proxy: Released QMI EAP service client
04-27 19:14:12.228  1192  1192 E wpa_supplicant: eap_proxy: session not started for client = 2
04-27 19:14:12.229  1192  1192 E wpa_supplicant: eap_proxy: Released QMI UIM service client
04-27 19:14:12.230  1192  1192 E wpa_supplicant: eap_proxy: Released QMI EAP service client
04-27 19:14:12.230  1192  1192 I wpa_supplicant: eap_proxy: eap_proxy Deinitialzed
04-27 19:14:12.275  1192  1192 I wpa_supplicant: nl80211: deinit ifname=wlan0 disabled_11b_rates=0
04-27 19:14:12.294  1192  1192 I wpa_supplicant: Try to unregister vendor interface
04-27 19:14:12.297   703   703 I wificond: Unsubscribe scan result for interface with index: 32
04-27 19:14:12.322  1192  1192 I wpa_supplicant: Terminating...
04-27 19:14:12.355   538   538 W wifi@1.0-servic: type=1400 audit(0.0:1350): avc: denied { search } for name="tombstones" dev="mmcblk0p53" ino=82 scontext=u:r:hal_wifi_default:s0 tcontext=u:object_r:vendor_tombstone_data_file:s0 tclass=dir permissive=0
04-27 19:14:12.358  1263  2442 I chatty  : uid=1000(system) HwBinder:1263_5 expire 1 line
04-27 19:14:12.359   538   538 W wifi@1.0-servic: type=1400 audit(0.0:1351): avc: denied { write } for name="tcp_limit_output_bytes" dev="proc" ino=65167 scontext=u:r:hal_wifi_default:s0 tcontext=u:object_r:proc_net:s0 tclass=file permissive=0
04-27 19:14:12.359   538   538 W wifi@1.0-servic: type=1400 audit(0.0:1352): avc: denied { write } for name="tcp_use_userconfig" dev="proc" ino=65168 scontext=u:r:hal_wifi_default:s0 tcontext=u:object_r:proc_net:s0 tclass=file permissive=0
04-27 19:14:12.359   538   538 W wifi@1.0-servic: type=1400 audit(0.0:1353): avc: denied { write } for name="tcp_adv_win_scale" dev="proc" ino=65169 scontext=u:r:hal_wifi_default:s0 tcontext=u:object_r:proc_net:s0 tclass=file permissive=0
04-27 19:14:12.359   538   538 W wifi@1.0-servic: type=1400 audit(0.0:1354): avc: denied { read } for name="u:object_r:powerctl_prop:s0" dev="tmpfs" ino=13402 scontext=u:r:hal_wifi_default:s0 tcontext=u:object_r:powerctl_prop:s0 tclass=file permissive=0
04-27 19:14:12.359  1263  1334 I chatty  : uid=1000(system) HwBinder:1263_1 expire 1 line
04-27 19:14:12.359   538   538 E android.hardware.wifi@1.0-service: Failed to open directory: Permission denied
04-27 19:14:12.359   538   538 E android.hardware.wifi@1.0-service: Error occurred while deleting old tombstone files
04-27 19:14:12.360   538   538 E android.hardware.wifi@1.0-service: Error writing files to flash
04-27 19:14:12.360   538   538 I WifiHAL : Sent msg on exit sock to unblock poll()
04-27 19:14:12.360   538  1195 I WifiHAL : exit_event_handler, buf=E
04-27 19:14:12.361   538  1195 E WifiHAL : wlan_service_update_sys_param: unable to open /proc/sys/net/ipv4/tcp_limit_output_bytes
04-27 19:14:12.361   538  1195 E WifiHAL : wlan_service_update_sys_param: unable to open /proc/sys/net/ipv4/tcp_use_userconfig
04-27 19:14:12.361   538  1195 E WifiHAL : wlan_service_update_sys_param: unable to open /proc/sys/net/ipv4/tcp_adv_win_scale
04-27 19:14:12.361   538  1195 I android.hardware.wifi@1.0-service: Legacy HAL stop complete callback received
04-27 19:14:12.361   538  1195 I WifiHAL : wifi_event_loop() exits success
04-27 19:14:12.362   538   538 E libc    : Access denied finding property "sys.powerctl"
04-27 19:14:12.545  1263  3806 I chatty  : uid=1000(system) Binder:1263_1F expire 1 line
04-27 19:14:12.901  1266  1266 I chatty  : uid=2000(shell) app_process expire 13 lines
04-27 19:14:13.158   538   538 I android.hardware.wifi@1.0-service: Wifi HAL stopped
04-27 19:14:13.162  1263  1336 W BroadcastQueue: Background execution not allowed: receiving Intent { act=android.net.wifi.STATE_CHANGE flg=0x4000010 (has extras) } to com.jio.myjio/.jionet.receiver.WifiScanReceiver
04-27 19:14:13.163  1752  2876 D QCNEJ/WlanStaInfoRelay: Received action: android.net.wifi.STATE_CHANGE
04-27 19:14:13.163  1752  2876 D QCNEJ/WlanStaInfoRelay: reset CountryCodeRetriever
04-27 19:14:13.166  2085  2887 I NearbyDiscovery: FastPairHandler: Received action android.net.wifi.STATE_CHANGE [CONTEXT service_id=49 ]
04-27 19:14:13.166  1263  1336 W BroadcastQueue: Background execution not allowed: receiving Intent { act=android.net.wifi.WIFI_STATE_CHANGED flg=0x4000010 (has extras) } to com.jio.myjio/.jionet.receiver.WifiScanReceiver
04-27 19:14:13.167  1263  1336 W BroadcastQueue: Background execution not allowed: receiving Intent { act=android.net.wifi.WIFI_STATE_CHANGED flg=0x4000010 (has extras) } to com.jio.myjio/com.bb.lib.receiver.NetworkChangeReceiver
04-27 19:14:13.171  2085  2812 W Settings: Setting airplane_mode_on has moved from android.provider.Settings.System to android.provider.Settings.Global, returning read-only value.
04-27 19:14:13.818   703   703 I wificond: Regulatory domain changed
04-27 19:14:13.818   703   703 E wificond: Failed to find expected wiphy info from NL80211_CMD_GET_WIPHY responses
04-27 19:14:13.818   703   703 I wificond: 2.4Ghz frequencies:
04-27 19:14:13.818   703   703 I wificond: 5Ghz non-DFS frequencies:
04-27 19:14:13.818   703   703 I wificond: 5Ghz DFS frequencies:
04-27 19:14:13.818   703   703 I wificond: Regulatory domain changed
04-27 19:14:13.829   703   703 E wificond: Failed to find expected wiphy info from NL80211_CMD_GET_WIPHY responses
04-27 19:14:13.829   703   703 I wificond: 2.4Ghz frequencies:
04-27 19:14:13.829   703   703 I wificond: 5Ghz non-DFS frequencies:
04-27 19:14:13.829   703   703 I wificond: 5Ghz DFS frequencies:
04-27 19:14:13.829   703   703 I wificond: Regulatory domain changed
04-27 19:14:13.829   703   703 E wificond: Failed to find expected wiphy info from NL80211_CMD_GET_WIPHY responses
04-27 19:14:13.829   703   703 I wificond: 2.4Ghz frequencies:
04-27 19:14:13.829   703   703 I wificond: 5Ghz non-DFS frequencies:
04-27 19:14:13.829   703   703 I wificond: 5Ghz DFS frequencies:
04-27 19:14:13.829   703   703 I wificond: Regulatory domain changed
04-27 19:14:13.829   703   703 E wificond: Failed to find expected wiphy info from NL80211_CMD_GET_WIPHY responses
04-27 19:14:13.829   703   703 I wificond: 2.4Ghz frequencies:
04-27 19:14:13.829   703   703 I wificond: 5Ghz non-DFS frequencies:
04-27 19:14:13.829   703   703 I wificond: 5Ghz DFS frequencies:
04-27 19:14:13.832   538   538 I android.hardware.wifi@1.0-service: Wifi HAL started
04-27 19:14:13.861   538   538 I WifiHAL : Initializing wifi
04-27 19:14:13.863   538   538 E CLD80211: /vendor/bin/hw/android.hardware.wifi@1.0-service: Could not resolve cld80211 familty id
04-27 19:14:13.865   538   538 E WifiHAL : acquire_driver_supported_features: requestResponse Error:-3
04-27 19:14:13.865   538   538 I WifiHAL : Failed to get vendor feature set : -1
04-27 19:14:13.866   538   538 E WifiHAL : get_firmware_bus_max_size_supported: requestResponse Error:-3
04-27 19:14:13.866   538   538 E WifiHAL : Failed to get supported bus size, error : -3
04-27 19:14:13.866   538   538 E WifiHAL : wifi_logger_ring_buffers_init: Ring buffer logging feature not supported 0
04-27 19:14:13.866   538   538 E WifiHAL : Wifi Logger Ring Initialization Failed
04-27 19:14:13.867   538   538 E WifiHAL : wifiParseCapabilities: QCA_WLAN_VENDOR_ATTR_GSCAN_RESULTS_CAPABILITIES_MAX_NUM_EPNO_NETS not found. Set to 0.
04-27 19:14:13.867   538   538 E WifiHAL : wifiParseCapabilities: QCA_WLAN_VENDOR_ATTR_GSCAN_RESULTS_CAPABILITIES_MAX_NUM_EPNO_NETS_BY_SSID not found. Set to 0.
04-27 19:14:13.867   538   538 E WifiHAL : wifiParseCapabilities: QCA_WLAN_VENDOR_ATTR_GSCAN_RESULTS_CAPABILITIES_MAX_NUM_WHITELISTED_SSID not found. Set to 0.
04-27 19:14:13.867   538   538 E WifiHAL : wifiParseCapabilities: QCA_WLAN_VENDOR_ATTR_GSCAN_RESULTS_CAPABILITIES_MAX_NUM_BLACKLIST_BSSID not found. Set to 0.
04-27 19:14:13.868   538   538 D WifiHAL : wlan_service_read_sys_param: /proc/sys/net/ipv4/tcp_limit_output_bytes 262144
04-27 19:14:13.868   538   538 D WifiHAL : wlan_service_read_sys_param: /proc/sys/net/ipv4/tcp_adv_win_scale 1
04-27 19:14:13.870   538   538 I android.hardware.wifi@1.0-service: Adding interface handle for p2p0
04-27 19:14:13.870   538   538 I android.hardware.wifi@1.0-service: Adding interface handle for wlan0
04-27 19:14:13.870   538   538 W android.hardware.wifi@1.0-service: No active wlan interfaces in use! Using default
04-27 19:14:13.870   538   538 W android.hardware.wifi@1.0-service: No active wlan interfaces in use! Using default
04-27 19:14:13.876   538   538 I android.hardware.wifi@1.0-service: Configured chip in mode 0
04-27 19:14:13.876   538   538 W android.hardware.wifi@1.0-service: No active wlan interfaces in use! Using default
04-27 19:14:13.895   538   538 I WifiHAL : mpdu_size_threshold : 128, aggressive_statistics_gathering : 0
04-27 19:14:13.897   703   703 I wificond: setting base_wiphy_index_ to 4
04-27 19:14:13.899   703   703 I wificond: create scanner for interface with index: 34
04-27 19:14:13.899   703   703 I wificond: subscribe scan result for interface with index: 34
04-27 19:14:13.900   377   377 I hwservicemanager: getTransport: Cannot find entry android.hardware.wifi.offload@1.0::IOffload/default in either framework or device manifest.
04-27 19:14:13.900   703   703 E wificond: No Offload Service available
04-27 19:14:13.900   703   703 I wificond: Offload HAL not supported 
04-27 19:14:13.903   449   835 I netd    : interfaceGetCfg("wlan0") <0.52ms>
04-27 19:14:13.914   449   835 I netd    : interfaceGetCfg("wlan0") <0.30ms>
04-27 19:14:13.961  1302  1302 I chatty  : uid=2000(shell) app_process expire 15 lines
04-27 19:14:16.415   623   657 D ThermalEngine: zone:20 sensor:skin-therm-adc temp:16869 trip:0 event:0
04-27 19:14:16.417   623   657 D ThermalEngine: zone:2 sensor:pa-therm0-adc temp:38846 trip:0 event:0
04-27 19:14:16.419   623   657 D ThermalEngine: zone:1 sensor:xo-therm-buf-adc temp:41385 trip:0 event:0
04-27 19:14:18.335   623   657 D ThermalEngine: zone:0 sensor:xo-therm-adc temp:41566 trip:0 event:0
04-27 19:14:18.336   623   670 D ThermalEngine: sensor_monitor: xo-therm-adc Reading 41566 .
04-27 19:14:18.336   623   670 I ThermalEngine: Sensor:xo-therm-adc:41566 mC
04-27 19:14:18.336   623   670 D ThermalEngine: update_active_thresh: xo-therm-adc Active(1), Hi(1) 43000, Lo(1) 39000, desc(0) Interval(1) 2000
04-27 19:14:18.336   623   670 D ThermalEngine: sensor_monitor: xo-therm-adc Sensor wait.
04-27 19:14:19.812  1263  3053 I chatty  : uid=1000(system) Binder:1263_1C expire 2 lines
04-27 19:14:19.823  1549  1894 I vol.Events: writeEvent active_stream_changed STREAM_MUSIC
04-27 19:14:19.829  1549  1894 I vol.Events: writeEvent key STREAM_MUSIC 5
04-27 19:14:19.906  1549  1549 I vol.Events: writeEvent show_dialog volume_changed keyguard=false
04-27 19:14:19.907  1263  2243 I chatty  : uid=1000(system) Binder:1263_C expire 10 lines
04-27 19:14:19.935  1263  1324 I chatty  : uid=1000(system) android.anim expire 1 line
04-27 19:14:19.948   551   551 E SurfaceFlinger: [VolumeDialogImpl#0] rejecting buffer: bufWidth=118, bufHeight=543, front.active_legacy.{w=118, h=453}
04-27 19:14:20.287  1549  1894 I vol.Events: writeEvent level_changed STREAM_MUSIC 6
04-27 19:14:20.313  1549  1549 I vol.Events: writeEvent show_dialog volume_changed keyguard=false
04-27 19:14:20.362   636   636 W vm_bms  : type=1400 audit(0.0:1361): avc: denied { read } for name="u:object_r:default_prop:s0" dev="tmpfs" ino=13324 scontext=u:r:vm_bms:s0 tcontext=u:object_r:default_prop:s0 tclass=file permissive=0
04-27 19:14:20.362   636   636 W vm_bms  : type=1400 audit(0.0:1362): avc: denied { read } for name="u:object_r:default_prop:s0" dev="tmpfs" ino=13324 scontext=u:r:vm_bms:s0 tcontext=u:object_r:default_prop:s0 tclass=file permissive=0
04-27 19:14:20.362   636   636 I chatty  : uid=0(root) /vendor/bin/vm_bms identical 37 lines
04-27 19:14:20.362   636   636 W vm_bms  : type=1400 audit(0.0:1364): avc: denied { read } for name="u:object_r:default_prop:s0" dev="tmpfs" ino=13324 scontext=u:r:vm_bms:s0 tcontext=u:object_r:default_prop:s0 tclass=file permissive=0
04-27 19:14:20.365   636   636 E libc    : Access denied finding property "vbms.log.enable"
04-27 19:14:20.366   636   636 E libc    : Access denied finding property "vbms.log.enable"
04-27 19:14:20.369   636   636 W vm_bms  : type=1400 audit(0.0:1365): avc: denied { read } for name="u:object_r:default_prop:s0" dev="tmpfs" ino=13324 scontext=u:r:vm_bms:s0 tcontext=u:object_r:default_prop:s0 tclass=file permissive=0
04-27 19:14:20.369   636   636 W vm_bms  : type=1400 audit(0.0:1367): avc: denied { read } for name="u:object_r:default_prop:s0" dev="tmpfs" ino=13324 scontext=u:r:vm_bms:s0 tcontext=u:object_r:default_prop:s0 tclass=file permissive=0
04-27 19:14:20.371   636   636 E libc    : Access denied finding property "vbms.log.enable"
04-27 19:14:20.374   636   636 E libc    : Access denied finding property "vbms.log.enable"
04-27 19:14:20.374   636   636 I VM_BMS  : power_supply_update: ocv_uv=4173483 ibatt=183418 soc=99 seq_num=12
04-27 19:14:20.374   636   636 E libc    : Access denied finding property "vbms.log.enable"
04-27 19:14:20.374   636   636 E libc    : Access denied finding property "vbms.log.enable"
04-27 19:14:20.416  1549  1549 D KeyguardUpdateMonitor: received broadcast android.intent.action.BATTERY_CHANGED
04-27 19:14:20.422  1549  1549 D KeyguardUpdateMonitor: handleBatteryUpdate
04-27 19:14:20.439  1549  1549 D KeyguardUpdateMonitor: received broadcast android.intent.action.BATTERY_CHANGED
04-27 19:14:20.469  1549  1549 D KeyguardUpdateMonitor: handleBatteryUpdate
04-27 19:14:20.543  1378  1378 I chatty  : uid=2000(shell) expire 12 lines
04-27 19:14:20.633   531   584 I chatty  : uid=1000(system) HwBinder:531_1 expire 6 lines
04-27 19:14:20.783  1549  1894 I vol.Events: writeEvent level_changed STREAM_MUSIC 7
04-27 19:14:20.786  1549  1894 I vol.Events: writeEvent key STREAM_MUSIC 7
04-27 19:14:20.810  1549  1549 I vol.Events: writeEvent show_dialog volume_changed keyguard=false
04-27 19:14:20.971  2085  1410 E memtrack: Couldn't load memtrack module
04-27 19:14:20.971  2085  1410 W android.os.Debug: failed to get memory consumption info: -1
04-27 19:14:21.536   623   657 D ThermalEngine: zone:1 sensor:xo-therm-buf-adc temp:41325 trip:0 event:0
04-27 19:14:21.538   623   657 D ThermalEngine: zone:2 sensor:pa-therm0-adc temp:38901 trip:0 event:0
04-27 19:14:21.539   623   657 D ThermalEngine: zone:20 sensor:skin-therm-adc temp:23738 trip:0 event:0
04-27 19:14:21.584  1413  1413 I chatty  : uid=2000(shell) app_process expire 15 lines
04-27 19:14:22.727  1443  1443 I chatty  : uid=2000(shell) app_process expire 15 lines
04-27 19:14:22.884   449   835 I netd    : firewallEnableChildChain(2, "false") <0.05ms>
04-27 19:14:23.147  1549  1549 I vol.Events: writeEvent touch_level_changed STREAM_MUSIC 9
04-27 19:14:23.166  1549  1894 I vol.Events: writeEvent level_changed STREAM_MUSIC 9
04-27 19:14:23.224  1549  1549 I vol.Events: writeEvent touch_level_changed STREAM_MUSIC 10
04-27 19:14:23.238  1549  1894 I vol.Events: writeEvent level_changed STREAM_MUSIC 10
04-27 19:14:23.241  1549  1549 I vol.Events: writeEvent touch_level_changed STREAM_MUSIC 11
04-27 19:14:23.250  1549  1894 I vol.Events: writeEvent level_changed STREAM_MUSIC 11
04-27 19:14:23.257  1549  1549 I vol.Events: writeEvent touch_level_changed STREAM_MUSIC 12
04-27 19:14:23.273  1549  1549 I vol.Events: writeEvent touch_level_changed STREAM_MUSIC 14
04-27 19:14:23.274  1549  1894 I vol.Events: writeEvent level_changed STREAM_MUSIC 12
04-27 19:14:23.288  1549  1894 I vol.Events: writeEvent level_changed STREAM_MUSIC 14
04-27 19:14:23.290  1549  1549 I vol.Events: writeEvent touch_level_changed STREAM_MUSIC 15
04-27 19:14:23.304  1549  1894 I vol.Events: writeEvent level_changed STREAM_MUSIC 15
04-27 19:14:23.443  1549  1549 I vol.Events: writeEvent touch_level_done STREAM_MUSIC 15
04-27 19:14:23.708   531   584 W SDM     : HWPrimary::PopulateDisplayAttributes: Driver doesn't report panel physical width and height - defaulting to 320dpi
04-27 19:14:23.808  1479  1479 I chatty  : uid=2000(shell) app_process expire 15 lines
04-27 19:14:24.767  1534  1534 I chatty  : uid=2000(shell) app_process expire 15 lines
04-27 19:14:25.308  1263  3053 I chatty  : uid=1000(system) Binder:1263_1C expire 12 lines
04-27 19:14:25.326  1549  1894 I vol.Events: writeEvent level_changed STREAM_MUSIC 14
04-27 19:14:25.328   531   584 W SDM     : HWPrimary::PopulateDisplayAttributes: Driver doesn't report panel physical width and height - defaulting to 320dpi
04-27 19:14:25.334  1549  1894 I vol.Events: writeEvent key STREAM_MUSIC 14
04-27 19:14:25.348  1549  1549 I vol.Events: writeEvent show_dialog volume_changed keyguard=false
04-27 19:14:25.529   531   584 W SDM     : HWPrimary::PopulateDisplayAttributes: Driver doesn't report panel physical width and height - defaulting to 320dpi
04-27 19:14:25.569  1549  1894 I vol.Events: writeEvent level_changed STREAM_MUSIC 13
04-27 19:14:25.571  1549  1894 I vol.Events: writeEvent key STREAM_MUSIC 13
04-27 19:14:25.587  1549  1549 I vol.Events: writeEvent show_dialog volume_changed keyguard=false
04-27 19:14:25.596   531   584 W SDM     : HWPrimary::PopulateDisplayAttributes: Driver doesn't report panel physical width and height - defaulting to 320dpi
04-27 19:14:25.608  1263  2243 I chatty  : uid=1000(system) Binder:1263_C expire 12 lines
04-27 19:14:25.623  1549  1894 I vol.Events: writeEvent level_changed STREAM_MUSIC 12
04-27 19:14:25.623  1549  1894 I vol.Events: writeEvent key STREAM_MUSIC 12
04-27 19:14:25.638  1549  1549 I vol.Events: writeEvent show_dialog volume_changed keyguard=false
04-27 19:14:25.674  1549  1894 I vol.Events: writeEvent level_changed STREAM_MUSIC 11
04-27 19:14:25.675  1549  1894 I vol.Events: writeEvent key STREAM_MUSIC 11
04-27 19:14:25.688  1549  1549 I vol.Events: writeEvent show_dialog volume_changed keyguard=false
04-27 19:14:25.722  1549  1894 I vol.Events: writeEvent level_changed STREAM_MUSIC 10
04-27 19:14:25.738  1549  1549 I vol.Events: writeEvent show_dialog volume_changed keyguard=false
04-27 19:14:25.776  1549  1894 I vol.Events: writeEvent level_changed STREAM_MUSIC 9
04-27 19:14:25.776  1549  1894 I vol.Events: writeEvent key STREAM_MUSIC 9
04-27 19:14:25.789  1549  1549 I vol.Events: writeEvent show_dialog volume_changed keyguard=false
04-27 19:14:25.825  1552  1552 I chatty  : uid=2000(shell) app_process expire 13 lines
04-27 19:14:25.827  1549  1894 I vol.Events: writeEvent level_changed STREAM_MUSIC 8
04-27 19:14:25.829  1549  1894 I vol.Events: writeEvent key STREAM_MUSIC 8
04-27 19:14:25.837  1549  1549 I vol.Events: writeEvent show_dialog volume_changed keyguard=false
04-27 19:14:25.882  1549  1894 I vol.Events: writeEvent level_changed STREAM_MUSIC 7
04-27 19:14:25.885  1549  1894 I vol.Events: writeEvent key STREAM_MUSIC 7
04-27 19:14:25.893  1549  1549 I vol.Events: writeEvent show_dialog volume_changed keyguard=false
04-27 19:14:25.932  1549  1894 I vol.Events: writeEvent level_changed STREAM_MUSIC 6
04-27 19:14:25.933  1549  1894 I vol.Events: writeEvent key STREAM_MUSIC 6
04-27 19:14:25.938  1549  1549 I vol.Events: writeEvent show_dialog volume_changed keyguard=false
04-27 19:14:25.978  1549  1894 I vol.Events: writeEvent level_changed STREAM_MUSIC 5
04-27 19:14:25.979  1549  1894 I vol.Events: writeEvent key STREAM_MUSIC 5
04-27 19:14:25.989  1549  1549 I vol.Events: writeEvent show_dialog volume_changed keyguard=false
04-27 19:14:26.024  1549  1894 I vol.Events: writeEvent level_changed STREAM_MUSIC 4
04-27 19:14:26.039  1549  1549 I vol.Events: writeEvent show_dialog volume_changed keyguard=false
04-27 19:14:26.068  1263  1540 I chatty  : uid=1000(system) Binder:1263_16 expire 6 lines
04-27 19:14:26.075  1549  1894 I vol.Events: writeEvent level_changed STREAM_MUSIC 3
04-27 19:14:26.100  1549  1549 I vol.Events: writeEvent show_dialog volume_changed keyguard=false
04-27 19:14:26.128  1549  1894 I vol.Events: writeEvent level_changed STREAM_MUSIC 2
04-27 19:14:26.140  1552  1552 D AndroidRuntime: Calling main entry com.android.commands.svc.Svc
04-27 19:14:26.144  1552  1552 D AndroidRuntime: Shutting down VM
04-27 19:14:26.150  1549  1549 I vol.Events: writeEvent show_dialog volume_changed keyguard=false
04-27 19:14:26.184  1549  1894 I vol.Events: writeEvent level_changed STREAM_MUSIC 1
04-27 19:14:26.185  1549  1894 I vol.Events: writeEvent key STREAM_MUSIC 1
04-27 19:14:26.189  1549  1549 I vol.Events: writeEvent show_dialog volume_changed keyguard=false
04-27 19:14:26.240  1549  1894 I vol.Events: writeEvent level_changed STREAM_MUSIC 0
04-27 19:14:26.241  1549  1894 I vol.Events: writeEvent key STREAM_MUSIC 0
04-27 19:14:26.257  1549  1549 I vol.Events: writeEvent show_dialog volume_changed keyguard=false
04-27 19:14:26.271  1263  1540 D MediaSessionService: dispatchVolumeKeyEvent, pkg=com.android.systemui, opPkg=com.android.systemui, pid=1549, uid=10088, asSystem=true, event=KeyEvent { action=ACTION_DOWN, keyCode=KEYCODE_VOLUME_DOWN, scanCode=114, metaState=0, flags=0x8, repeatCount=15, eventTime=634976, downTime=633862, deviceId=3, source=0x101, displayId=-1 }, stream=-2147483648, musicOnly=false
04-27 19:14:26.272  1263  1540 D MediaSessionService: Adjusting null by -1. flags=4113, suggestedStream=-2147483648, preferSuggestedStream=false
04-27 19:14:26.279  1549  1549 I vol.Events: writeEvent show_dialog volume_changed keyguard=false
04-27 19:14:26.300  1263  1540 D MediaSessionService: dispatchVolumeKeyEvent, pkg=com.android.systemui, opPkg=com.android.systemui, pid=1549, uid=10088, asSystem=true, event=KeyEvent { action=ACTION_UP, keyCode=KEYCODE_VOLUME_DOWN, scanCode=114, metaState=0, flags=0x8, repeatCount=0, eventTime=635003, downTime=633862, deviceId=3, source=0x101, displayId=-1 }, stream=-2147483648, musicOnly=false
04-27 19:14:26.300  1263  1540 D MediaSessionService: Adjusting null by 0. flags=4116, suggestedStream=-2147483648, preferSuggestedStream=false
04-27 19:14:26.448   531   584 W SDM     : HWPrimary::PopulateDisplayAttributes: Driver doesn't report panel physical width and height - defaulting to 320dpi
04-27 19:14:26.656   623   657 D ThermalEngine: zone:20 sensor:skin-therm-adc temp:20700 trip:0 event:0
04-27 19:14:26.665   623   657 D ThermalEngine: zone:2 sensor:pa-therm0-adc temp:39010 trip:0 event:0
04-27 19:14:26.666   623   657 D ThermalEngine: zone:1 sensor:xo-therm-buf-adc temp:41867 trip:0 event:0
04-27 19:14:27.042  1549  1549 I vol.Events: writeEvent touch_level_changed STREAM_MUSIC 2
04-27 19:14:27.049   531   584 W SDM     : HWPrimary::PopulateDisplayAttributes: Driver doesn't report panel physical width and height - defaulting to 320dpi
04-27 19:14:27.053  1549  1894 I vol.Events: writeEvent level_changed STREAM_MUSIC 2
04-27 19:14:27.100  1549  1549 I vol.Events: writeEvent touch_level_changed STREAM_MUSIC 3
04-27 19:14:27.115  1549  1894 I vol.Events: writeEvent level_changed STREAM_MUSIC 3
04-27 19:14:27.134  1549  1549 I vol.Events: writeEvent touch_level_changed STREAM_MUSIC 5
04-27 19:14:27.147  1549  1894 I vol.Events: writeEvent level_changed STREAM_MUSIC 5
04-27 19:14:27.151  1549  1549 I vol.Events: writeEvent touch_level_changed STREAM_MUSIC 7
04-27 19:14:27.161  1549  1894 I vol.Events: writeEvent level_changed STREAM_MUSIC 7
04-27 19:14:27.166  1549  1549 I vol.Events: writeEvent touch_level_changed STREAM_MUSIC 8
04-27 19:14:27.182  1549  1894 I vol.Events: writeEvent level_changed STREAM_MUSIC 8
04-27 19:14:27.183  1549  1549 I vol.Events: writeEvent touch_level_changed STREAM_MUSIC 10
04-27 19:14:27.195  1549  1894 I vol.Events: writeEvent level_changed STREAM_MUSIC 10
04-27 19:14:27.216  1549  1549 I vol.Events: writeEvent touch_level_changed STREAM_MUSIC 11
04-27 19:14:27.229  1549  1894 I vol.Events: writeEvent level_changed STREAM_MUSIC 11
04-27 19:14:27.233  1549  1549 I vol.Events: writeEvent touch_level_changed STREAM_MUSIC 12
04-27 19:14:27.244  1549  1894 I vol.Events: writeEvent level_changed STREAM_MUSIC 12
04-27 19:14:27.250  1549  1549 I vol.Events: writeEvent touch_level_changed STREAM_MUSIC 13
04-27 19:14:27.264  1549  1894 I vol.Events: writeEvent level_changed STREAM_MUSIC 13
04-27 19:14:27.273  1549  1549 I vol.Events: writeEvent touch_level_changed STREAM_MUSIC 14
04-27 19:14:27.281  1549  1894 I vol.Events: writeEvent level_changed STREAM_MUSIC 14
04-27 19:14:27.290  1549  1549 I vol.Events: writeEvent touch_level_changed STREAM_MUSIC 15
04-27 19:14:27.308  1549  1894 I vol.Events: writeEvent level_changed STREAM_MUSIC 15
04-27 19:14:27.568  1549  1549 I vol.Events: writeEvent touch_level_done STREAM_MUSIC 15
04-27 19:14:27.835   531   531 W SDM     : HWPrimary::PopulateDisplayAttributes: Driver doesn't report panel physical width and height - defaulting to 320dpi
04-27 19:14:28.362   623   657 D ThermalEngine: zone:0 sensor:xo-therm-adc temp:42228 trip:0 event:0
04-27 19:14:28.362   623   670 D ThermalEngine: sensor_monitor: xo-therm-adc Reading 42228 .
04-27 19:14:28.362   623   670 I ThermalEngine: Sensor:xo-therm-adc:42228 mC
04-27 19:14:28.362   623   670 D ThermalEngine: update_active_thresh: xo-therm-adc Active(1), Hi(1) 43000, Lo(1) 39000, desc(0) Interval(1) 2000
04-27 19:14:28.363   623   670 D ThermalEngine: sensor_monitor: xo-therm-adc Sensor wait.
04-27 19:14:30.571  1549  1549 I vol.Events: writeEvent dismiss_dialog timeout
04-27 19:14:30.574  1549  1894 I vol.Events: writeEvent active_stream_changed UNKNOWN_STREAM_-1
04-27 19:14:30.609   531   531 W SDM     : HWPrimary::PopulateDisplayAttributes: Driver doesn't report panel physical width and height - defaulting to 320dpi
04-27 19:14:31.011   531   531 W SDM     : HWPrimary::PopulateDisplayAttributes: Driver doesn't report panel physical width and height - defaulting to 320dpi
04-27 19:14:31.778   623   657 D ThermalEngine: zone:1 sensor:xo-therm-buf-adc temp:42108 trip:0 event:0
04-27 19:14:31.780   623   657 D ThermalEngine: zone:2 sensor:pa-therm0-adc temp:39175 trip:0 event:0
04-27 19:14:31.782   623   657 D ThermalEngine: zone:20 sensor:skin-therm-adc temp:5154 trip:0 event:0
04-27 19:14:32.208  1592  1592 D AndroidRuntime: >>>>>> START com.android.internal.os.RuntimeInit uid 2000 <<<<<<
04-27 19:14:32.212  1592  1592 W app_process: type=1400 audit(0.0:1420): avc: denied { read } for name="u:object_r:device_config_runtime_native_boot_prop:s0" dev="tmpfs" ino=13331 scontext=u:r:shell:s0 tcontext=u:object_r:device_config_runtime_native_boot_prop:s0 tclass=file permissive=0
04-27 19:14:32.212  1592  1592 I chatty  : uid=2000(shell) app_process identical 1 line
04-27 19:14:32.215  1592  1592 W app_process: type=1400 audit(0.0:1422): avc: denied { read } for name="u:object_r:device_config_runtime_native_boot_prop:s0" dev="tmpfs" ino=13331 scontext=u:r:shell:s0 tcontext=u:object_r:device_config_runtime_native_boot_prop:s0 tclass=file permissive=0
04-27 19:14:32.216  1592  1592 E libc    : Access denied finding property "persist.device_config.runtime_native_boot.enable_apex_image"
04-27 19:14:32.216  1592  1592 I AndroidRuntime: Using default boot image
04-27 19:14:32.216  1592  1592 E libc    : Access denied finding property "persist.device_config.runtime_native_boot.disable_lock_profiling"
04-27 19:14:32.216  1592  1592 I AndroidRuntime: Leaving lock profiling enabled
04-27 19:14:32.217  1592  1592 E libc    : Access denied finding property "persist.device_config.runtime_native_boot.enable_generational_cc"
04-27 19:14:32.226  1592  1592 W app_process: Could not reserve sentinel fault page
04-27 19:14:32.326   541   578 I /vendor/bin/hw/vendor.qti.hardware.servicetracker@1.1-service: bindService is called for service : com.google.android.gms/.chimera.PersistentDirectBootAwareApiService and for client com.google.android.gms.persistent
04-27 19:14:32.327   541   578 I /vendor/bin/hw/vendor.qti.hardware.servicetracker@1.1-service: total connections for service : com.google.android.gms/.chimera.PersistentDirectBootAwareApiServiceare :1
04-27 19:14:32.327   541   578 I /vendor/bin/hw/vendor.qti.hardware.servicetracker@1.1-service: total connections for client : com.google.android.gms.persistentare :5
04-27 19:14:32.402  1592  1592 D ICU     : Time zone APEX file found: /apex/com.android.tzdata/etc/icu/icu_tzdata.dat
04-27 19:14:32.428  1592  1592 I app_process: The ClassLoaderContext is a special shared library.
04-27 19:14:32.473  1592  1592 W app_process: JNI RegisterNativeMethods: attempt to register 0 native methods for android.media.AudioAttributes
04-27 19:14:32.493  1592  1592 D AndroidRuntime: Calling main entry com.android.commands.input.Input
04-27 19:14:32.500  1592  1592 D AndroidRuntime: Shutting down VM
04-27 19:14:32.620  2085  2092 I .gms.persisten: JIT allocated 60KB for compiled code of bof bof.b(int)
04-27 19:14:33.056  1263  2243 D WificondControl: Scan result ready event
04-27 19:14:33.065  1263  1488 D WifiClientModeImpl: onResults: total 2 results
04-27 19:14:26.239  1263  1263 I chatty  : uid=1000 system_server identical 6 lines
04-27 19:14:33.066  1263  1336 W BroadcastQueue: Background execution not allowed: receiving Intent { act=android.net.wifi.SCAN_RESULTS flg=0x4000010 (has extras) } to com.jio.myjio/.jionet.receiver.WifiScanReceiver
04-27 19:14:33.235  1611  1611 D AndroidRuntime: >>>>>> START com.android.internal.os.RuntimeInit uid 2000 <<<<<<
04-27 19:14:33.239  1611  1611 W app_process: type=1400 audit(0.0:1423): avc: denied { read } for name="u:object_r:device_config_runtime_native_boot_prop:s0" dev="tmpfs" ino=13331 scontext=u:r:shell:s0 tcontext=u:object_r:device_config_runtime_native_boot_prop:s0 tclass=file permissive=0
04-27 19:14:33.239  1611  1611 W app_process: type=1400 audit(0.0:1424): avc: denied { read } for name="u:object_r:device_config_runtime_native_boot_prop:s0" dev="tmpfs" ino=13331 scontext=u:r:shell:s0 tcontext=u:object_r:device_config_runtime_native_boot_prop:s0 tclass=file permissive=0
04-27 19:14:33.239  1611  1611 W app_process: type=1400 audit(0.0:1425): avc: denied { read } for name="u:object_r:device_config_runtime_native_boot_prop:s0" dev="tmpfs" ino=13331 scontext=u:r:shell:s0 tcontext=u:object_r:device_config_runtime_native_boot_prop:s0 tclass=file permissive=0
04-27 19:14:33.242  1611  1611 E libc    : Access denied finding property "persist.device_config.runtime_native_boot.enable_apex_image"
04-27 19:14:33.242  1611  1611 I AndroidRuntime: Using default boot image
04-27 19:14:33.243  1611  1611 E libc    : Access denied finding property "persist.device_config.runtime_native_boot.disable_lock_profiling"
04-27 19:14:33.243  1611  1611 I AndroidRuntime: Leaving lock profiling enabled
04-27 19:14:33.243  1611  1611 E libc    : Access denied finding property "persist.device_config.runtime_native_boot.enable_generational_cc"
04-27 19:14:33.253  1611  1611 W app_process: Could not reserve sentinel fault page
04-27 19:14:33.417  1611  1611 D ICU     : Time zone APEX file found: /apex/com.android.tzdata/etc/icu/icu_tzdata.dat
04-27 19:14:33.439  1611  1611 I app_process: The ClassLoaderContext is a special shared library.
04-27 19:14:33.481  1611  1611 W app_process: JNI RegisterNativeMethods: attempt to register 0 native methods for android.media.AudioAttributes
04-27 19:14:33.498  1611  1611 D AndroidRuntime: Calling main entry com.android.commands.input.Input
04-27 19:14:33.504  1611  1611 D AndroidRuntime: Shutting down VM
04-27 19:14:34.111  1263  2243 E WifiService: Permission violation - getScanResults not allowed for uid=10056, packageName=com.jio.myjio, reason=java.lang.SecurityException: UID 10056 has no location permission
04-27 19:14:34.362  1633  1633 D AndroidRuntime: >>>>>> START com.android.internal.os.RuntimeInit uid 2000 <<<<<<
04-27 19:14:34.369  1633  1633 W app_process: type=1400 audit(0.0:1426): avc: denied { read } for name="u:object_r:device_config_runtime_native_boot_prop:s0" dev="tmpfs" ino=13331 scontext=u:r:shell:s0 tcontext=u:object_r:device_config_runtime_native_boot_prop:s0 tclass=file permissive=0
04-27 19:14:34.369  1633  1633 W app_process: type=1400 audit(0.0:1427): avc: denied { read } for name="u:object_r:device_config_runtime_native_boot_prop:s0" dev="tmpfs" ino=13331 scontext=u:r:shell:s0 tcontext=u:object_r:device_config_runtime_native_boot_prop:s0 tclass=file permissive=0
04-27 19:14:34.369  1633  1633 W app_process: type=1400 audit(0.0:1428): avc: denied { read } for name="u:object_r:device_config_runtime_native_boot_prop:s0" dev="tmpfs" ino=13331 scontext=u:r:shell:s0 tcontext=u:object_r:device_config_runtime_native_boot_prop:s0 tclass=file permissive=0
04-27 19:14:34.370  1633  1633 E libc    : Access denied finding property "persist.device_config.runtime_native_boot.enable_apex_image"
04-27 19:14:34.370  1633  1633 I AndroidRuntime: Using default boot image
04-27 19:14:34.371  1633  1633 E libc    : Access denied finding property "persist.device_config.runtime_native_boot.disable_lock_profiling"
04-27 19:14:34.371  1633  1633 I AndroidRuntime: Leaving lock profiling enabled
04-27 19:14:34.371  1633  1633 E libc    : Access denied finding property "persist.device_config.runtime_native_boot.enable_generational_cc"
04-27 19:14:34.381  1633  1633 W app_process: Could not reserve sentinel fault page
04-27 19:14:34.545  1633  1633 D ICU     : Time zone APEX file found: /apex/com.android.tzdata/etc/icu/icu_tzdata.dat
04-27 19:14:34.567  1633  1633 I app_process: The ClassLoaderContext is a special shared library.
04-27 19:14:34.609  1633  1633 W app_process: JNI RegisterNativeMethods: attempt to register 0 native methods for android.media.AudioAttributes
04-27 19:14:34.627  1633  1633 D AndroidRuntime: Calling main entry com.android.commands.input.Input
04-27 19:14:34.632  1633  1633 D AndroidRuntime: Shutting down VM
04-27 19:14:35.422  1650  1650 D AndroidRuntime: >>>>>> START com.android.internal.os.RuntimeInit uid 2000 <<<<<<
04-27 19:14:35.429  1650  1650 W app_process: type=1400 audit(0.0:1429): avc: denied { read } for name="u:object_r:device_config_runtime_native_boot_prop:s0" dev="tmpfs" ino=13331 scontext=u:r:shell:s0 tcontext=u:object_r:device_config_runtime_native_boot_prop:s0 tclass=file permissive=0
04-27 19:14:35.429  1650  1650 W app_process: type=1400 audit(0.0:1430): avc: denied { read } for name="u:object_r:device_config_runtime_native_boot_prop:s0" dev="tmpfs" ino=13331 scontext=u:r:shell:s0 tcontext=u:object_r:device_config_runtime_native_boot_prop:s0 tclass=file permissive=0
04-27 19:14:35.429  1650  1650 W app_process: type=1400 audit(0.0:1431): avc: denied { read } for name="u:object_r:device_config_runtime_native_boot_prop:s0" dev="tmpfs" ino=13331 scontext=u:r:shell:s0 tcontext=u:object_r:device_config_runtime_native_boot_prop:s0 tclass=file permissive=0
04-27 19:14:35.430  1650  1650 E libc    : Access denied finding property "persist.device_config.runtime_native_boot.enable_apex_image"
04-27 19:14:35.430  1650  1650 I AndroidRuntime: Using default boot image
04-27 19:14:35.431  1650  1650 E libc    : Access denied finding property "persist.device_config.runtime_native_boot.disable_lock_profiling"
04-27 19:14:35.431  1650  1650 I AndroidRuntime: Leaving lock profiling enabled
04-27 19:14:35.431  1650  1650 E libc    : Access denied finding property "persist.device_config.runtime_native_boot.enable_generational_cc"
04-27 19:14:35.441  1650  1650 W app_process: Could not reserve sentinel fault page
04-27 19:14:35.604  1650  1650 D ICU     : Time zone APEX file found: /apex/com.android.tzdata/etc/icu/icu_tzdata.dat
04-27 19:14:35.627  1650  1650 I app_process: The ClassLoaderContext is a special shared library.
04-27 19:14:35.669  1650  1650 W app_process: JNI RegisterNativeMethods: attempt to register 0 native methods for android.media.AudioAttributes
04-27 19:14:35.686  1650  1650 D AndroidRuntime: Calling main entry com.android.commands.input.Input
04-27 19:14:35.691  1650  1650 D AndroidRuntime: Shutting down VM
04-27 19:14:36.895   623   657 D ThermalEngine: zone:20 sensor:skin-therm-adc temp:4831 trip:0 event:0
04-27 19:14:36.905   623   657 D ThermalEngine: zone:2 sensor:pa-therm0-adc temp:39230 trip:0 event:0
04-27 19:14:36.906   623   657 D ThermalEngine: zone:1 sensor:xo-therm-buf-adc temp:42289 trip:0 event:0
04-27 19:14:38.389   623   657 D ThermalEngine: zone:0 sensor:xo-therm-adc temp:42530 trip:0 event:0
04-27 19:14:38.389   623   670 D ThermalEngine: sensor_monitor: xo-therm-adc Reading 42530 .
04-27 19:14:38.389   623   670 I ThermalEngine: Sensor:xo-therm-adc:42530 mC
04-27 19:14:38.389   623   670 D ThermalEngine: update_active_thresh: xo-therm-adc Active(1), Hi(1) 43000, Lo(1) 39000, desc(0) Interval(1) 2000
04-27 19:14:38.389   623   670 D ThermalEngine: sensor_monitor: xo-therm-adc Sensor wait.
