04-27 19:04:25.679   387   405 D vold    :     /dev/block/vold/public:179,65
04-27 19:04:25.966   387   405 D vold    : /dev/block/vold/public:179,65: 104 files, 1821216 free (56913 clusters)
04-27 19:04:25.966   387   405 D vold    : 
04-27 19:04:25.970   387   405 I vold    : Filesystem check completed OK
04-27 19:04:26.032   387   405 D vold    : Waiting for FUSE to spin up...
04-27 19:04:26.069  1263  1337 I chatty  : uid=1000(system) ActivityManager expire 17 lines
04-27 19:04:26.081  1263  1323 I chatty  : uid=1000(system) android.display expire 3 lines
04-27 19:04:26.082   387   405 D vold    : Waiting for FUSE to spin up...
04-27 19:04:26.121  1263  1507 I chatty  : uid=1000(system) backup expire 4 lines
04-27 19:04:26.128  2470  2470 W sdcard  : Device explicitly enabled sdcardfs
04-27 19:04:26.374  2409  2409 E LoadedApk: Unable to instantiate appComponentFactory
04-27 19:04:26.374  2409  2409 E LoadedApk: java.lang.ClassNotFoundException: Didn't find class "android.support.v4.app.CoreComponentFactory" on path: DexPathList[[zip file "/system/priv-app/redbend_client/redbend_client.apk"],nativeLibraryDirectories=[/system/priv-app/redbend_client/lib/arm, /system/priv-app/redbend_client/redbend_client.apk!/lib/armeabi-v7a, /system/lib, /product/lib, /system/lib, /product/lib]]
04-27 19:04:26.374  2409  2409 E LoadedApk: 	at dalvik.system.BaseDexClassLoader.findClass(BaseDexClassLoader.java:196)
04-27 19:04:26.374  2409  2409 E LoadedApk: 	at java.lang.ClassLoader.loadClass(ClassLoader.java:379)
04-27 19:04:26.374  2409  2409 E LoadedApk: 	at java.lang.ClassLoader.loadClass(ClassLoader.java:312)
04-27 19:04:26.374  2409  2409 E LoadedApk: 	at android.app.LoadedApk.createAppFactory(LoadedApk.java:256)
04-27 19:04:26.374  2409  2409 E LoadedApk: 	at android.app.LoadedApk.createOrUpdateClassLoaderLocked(LoadedApk.java:855)
04-27 19:04:26.374  2409  2409 E LoadedApk: 	at android.app.LoadedApk.getClassLoader(LoadedApk.java:950)
04-27 19:04:26.374  2409  2409 E LoadedApk: 	at android.app.LoadedApk.getResources(LoadedApk.java:1188)
04-27 19:04:26.374  2409  2409 E LoadedApk: 	at android.app.ContextImpl.createAppContext(ContextImpl.java:2462)
04-27 19:04:26.374  2409  2409 E LoadedApk: 	at android.app.ContextImpl.createAppContext(ContextImpl.java:2454)
04-27 19:04:26.374  2409  2409 E LoadedApk: 	at android.app.ActivityThread.handleBindApplication(ActivityThread.java:6353)
04-27 19:04:26.374  2409  2409 E LoadedApk: 	at android.app.ActivityThread.access$1300(ActivityThread.java:220)
04-27 19:04:26.374  2409  2409 E LoadedApk: 	at android.app.ActivityThread$H.handleMessage(ActivityThread.java:1860)
04-27 19:04:26.374  2409  2409 E LoadedApk: 	at android.os.Handler.dispatchMessage(Handler.java:107)
04-27 19:04:26.374  2409  2409 E LoadedApk: 	at android.os.Looper.loop(Looper.java:214)
04-27 19:04:26.374  2409  2409 E LoadedApk: 	at android.app.ActivityThread.main(ActivityThread.java:7397)
04-27 19:04:26.374  2409  2409 E LoadedApk: 	at java.lang.reflect.Method.invoke(Native Method)
04-27 19:04:26.374  2409  2409 E LoadedApk: 	at com.android.internal.os.RuntimeInit$MethodAndArgsCaller.run(RuntimeInit.java:492)
04-27 19:04:26.374  2409  2409 E LoadedApk: 	at com.android.internal.os.ZygoteInit.main(ZygoteInit.java:935)
04-27 19:04:26.539  1263  1291 I chatty  : uid=1000(system) Binder:1263_2 expire 8 lines
04-27 19:04:26.744  1263  2429 I chatty  : uid=1000(system) backup-0 expire 10 lines
04-27 19:04:27.036  1263  1482 I chatty  : uid=1000(system) StorageManagerS expire 2 lines
04-27 19:04:27.208  1263  1263 I chatty  : uid=1000 system_server expire 4 lines
04-27 19:04:27.483  1263  1521 I chatty  : uid=1000(system) SyncManager expire 1 line
04-27 19:04:27.605  1263  1319 I chatty  : uid=1000(system) android.fg expire 4 lines
04-27 19:04:27.838  1263  2243 I chatty  : uid=1000(system) Binder:1263_C expire 1 line
04-27 19:04:28.125  1263  1886 I chatty  : uid=1000(system) Binder:1263_9 expire 1 line
04-27 19:04:28.270  1263  2378 I chatty  : uid=1000(system) Binder:1263_D expire 2 lines
04-27 19:04:29.303  1263  1568 I chatty  : uid=1000(system) Binder:1263_4 expire 1 line
04-27 19:04:29.841  1263  2637 I chatty  : uid=1000(system) Binder:1263_E expire 5 lines
04-27 19:04:29.920  1263  1337 I chatty  : uid=1000(system) ActivityManager expire 18 lines
04-27 19:04:30.347  1263  1263 I chatty  : uid=1000 system_server expire 3 lines
04-27 19:04:30.406  1263  2429 I chatty  : uid=1000(system) backup-0 expire 83 lines
04-27 19:04:30.475  1263  2015 I chatty  : uid=1000(system) Binder:1263_A expire 4 lines
04-27 19:04:30.605  1263  1323 I chatty  : uid=1000(system) android.display expire 1 line
04-27 19:04:31.853  1263  1568 I chatty  : uid=1000(system) Binder:1263_4 expire 1 line
04-27 19:04:32.111  1263  2815 I chatty  : uid=1000(system) Binder:1263_10 expire 3 lines
04-27 19:04:32.271  1263  1322 I chatty  : uid=1000(system) android.io expire 1 line
04-27 19:04:32.294  1263  1290 I chatty  : uid=1000(system) Binder:1263_1 expire 2 lines
04-27 19:04:32.341  1263  2023 I chatty  : uid=1000(system) Binder:1263_B expire 2 lines
04-27 19:04:33.440  2670  2821 W PackageParser: Unknown element under <manifest>: queries at /data/user_de/0/com.google.android.gms/app_chimera/m/00000000/AdsDynamite.apk Binary XML file line #5
04-27 19:04:33.564  1263  1336 I chatty  : uid=1000(system) ActivityManager expire 1 line
04-27 19:04:33.782  1263  1491 I chatty  : uid=1000(system) ConnectivitySer expire 10 lines
04-27 19:04:35.009  2670  2945 W PackageParser: Unknown element under <manifest>: queries at /data/user_de/0/com.google.android.gms/app_chimera/m/00000000/AdsDynamite.apk Binary XML file line #5
04-27 19:04:35.226  1263  2015 I chatty  : uid=1000(system) Binder:1263_A expire 2 lines
04-27 19:04:35.311  1263  1886 I chatty  : uid=1000(system) Binder:1263_9 expire 9 lines
04-27 19:04:35.793  2670  2945 W PackageParser: Unknown element under <manifest>: queries at /data/user_de/0/com.google.android.gms/app_chimera/m/00000000/AdsDynamite.apk Binary XML file line #5
04-27 19:04:37.388  1263  2023 I chatty  : uid=1000(system) Binder:1263_B expire 2 lines
04-27 19:04:37.442  1263  1337 I chatty  : uid=1000(system) ActivityManager expire 19 lines
04-27 19:04:37.554  1263  1291 I chatty  : uid=1000(system) Binder:1263_2 expire 9 lines
04-27 19:04:39.455  1263  1323 I chatty  : uid=1000(system) android.display expire 2 lines
04-27 19:04:39.653  1263  1335 I chatty  : uid=1000(system) android.bg expire 2 lines
04-27 19:04:39.726  1263  3192 I chatty  : uid=1000(system) Binder:1263_12 expire 1 line
04-27 19:04:40.601  1263  1869 I chatty  : uid=1000(system) Binder:1263_7 expire 3 lines
04-27 19:04:41.679  1263  1568 I chatty  : uid=1000(system) Binder:1263_4 expire 3 lines
04-27 19:04:42.886  1263  1504 I chatty  : uid=1000(system) Binder:1263_3 expire 1 line
04-27 19:04:44.151  2409  2409 W ContextImpl: Calling a method in the system process without a qualified user: android.app.ContextImpl.startService:1570 android.content.ContextWrapper.startService:669 android.content.ContextWrapper.startService:669 androidx.legacy.content.WakefulBroadcastReceiver.startWakefulService:102 com.redbend.app.SmmClient.sendData:46 
04-27 19:04:44.185  2409  2409 W ContextImpl: Calling a method in the system process without a qualified user: android.app.ContextImpl.startService:1570 android.content.ContextWrapper.startService:669 android.content.ContextWrapper.startService:669 androidx.legacy.content.WakefulBroadcastReceiver.startWakefulService:102 com.redbend.app.SmmClient.sendData:46 
04-27 19:04:44.217  1263  2815 I chatty  : uid=1000(system) Binder:1263_10 expire 7 lines
04-27 19:04:44.550  2409  2409 W ContextImpl: Calling a method in the system process without a qualified user: android.app.ContextImpl.startService:1570 android.content.ContextWrapper.startService:669 com.redbend.app.SmmService.sendIntentEvent:373 com.redbend.client.ClientService.sendEvent:586 com.redbend.client.ClientService.sendProductTypeEvent:198 
04-27 19:04:44.815  2409  2409 W ContextImpl: Calling a method in the system process without a qualified user: android.app.ContextImpl.startService:1570 android.content.ContextWrapper.startService:669 com.redbend.app.SmmService.sendIntentEvent:373 com.redbend.client.ClientService.sendEvent:586 com.redbend.app.SmmService.onStartCommand:484 
04-27 19:04:44.874  2409  2409 W ContextImpl: Calling a method in the system process without a qualified user: android.app.ContextImpl.startService:1570 android.content.ContextWrapper.startService:669 androidx.legacy.content.WakefulBroadcastReceiver.startWakefulService:102 com.redbend.app.SmmClient.sendData:46 com.redbend.app.SmmClient.sendEventToSmmService:23 
04-27 19:04:44.893  1263  1886 I chatty  : uid=1000(system) Binder:1263_9 expire 7 lines
04-27 19:04:44.943  1263  1337 I chatty  : uid=1000(system) ActivityManager expire 15 lines
04-27 19:04:44.973  2409  2409 W ContextImpl: Calling a method in the system process without a qualified user: android.app.ContextImpl.startService:1570 android.content.ContextWrapper.startService:669 com.redbend.client.BasicService.onCreate:320 android.app.ActivityThread.handleCreateService:3954 android.app.ActivityThread.access$1500:220 
04-27 19:04:45.147  1263  1869 I chatty  : uid=1000(system) Binder:1263_7 expire 2 lines
04-27 19:04:45.371  1263  1263 I chatty  : uid=1000 system_server expire 1 line
04-27 19:04:45.404   703   703 I wificond: wifi generation capability mask: 5
04-27 19:04:45.481  1263  1319 I chatty  : uid=1000(system) android.fg expire 1 line
04-27 19:04:45.505  1797  1797 I TelecomFramework: : Carrier-config changed, checking for phone account updates.
04-27 19:04:45.580  1797  1797 I TelecomFramework: AccountEntry: reRegisterPstnPhoneAccount: subId: 1 - no change
04-27 19:04:46.294  1263  2637 I chatty  : uid=1000(system) Binder:1263_E expire 5 lines
04-27 19:04:46.676  1263  1875 I chatty  : uid=1000(system) Binder:1263_8 expire 4 lines
04-27 19:04:47.050  1263  1336 I chatty  : uid=1000(system) ActivityManager expire 4 lines
04-27 19:04:47.139  1263  1491 I chatty  : uid=1000(system) ConnectivitySer expire 3 lines
04-27 19:04:47.488  1263  1568 I chatty  : uid=1000(system) Binder:1263_4 expire 3 lines
04-27 19:04:48.865  1263  2243 I chatty  : uid=1000(system) Binder:1263_C expire 4 lines
04-27 19:04:50.196  1263  4009 I chatty  : uid=1000(system) Binder:1263_13 expire 1 line
04-27 19:04:50.353  1263  1504 I chatty  : uid=1000(system) Binder:1263_3 expire 1 line
04-27 19:04:50.467  1263  1778 I chatty  : uid=1000(system) Binder:1263_6 expire 1 line
04-27 19:04:50.785  1263  4009 I chatty  : uid=1000(system) Binder:1263_13 expire 3 lines
04-27 19:04:51.103  2085  2365 E ActivityThread: Failed to find provider info for instantapp-dev-manager
04-27 19:04:51.933  1263  1504 I chatty  : uid=1000(system) Binder:1263_3 expire 1 line
04-27 19:04:52.043  1263  1770 I chatty  : uid=1000(system) Binder:1263_5 expire 3 lines
04-27 19:04:53.665  1263  2015 I chatty  : uid=1000(system) Binder:1263_A expire 1 line
04-27 19:04:53.665  1263  1491 I chatty  : uid=1000(system) ConnectivitySer expire 3 lines
04-27 19:04:54.537  1263  2243 I chatty  : uid=1000(system) Binder:1263_C expire 1 line
04-27 19:04:54.539  1263  1336 I chatty  : uid=1000(system) ActivityManager expire 6 lines
04-27 19:04:54.914  1263  1337 I chatty  : uid=1000(system) ActivityManager expire 4 lines
04-27 19:04:55.104  1263  2815 I chatty  : uid=1000(system) Binder:1263_10 expire 3 lines
04-27 19:04:55.496  1263  1875 I chatty  : uid=1000(system) Binder:1263_8 expire 3 lines
04-27 19:04:57.041  1263  2023 I chatty  : uid=1000(system) Binder:1263_B expire 2 lines
04-27 19:04:57.143  1263  3132 I chatty  : uid=1000(system) Binder:1263_11 expire 1 line
04-27 19:04:57.782  2409  2409 W ContextImpl: Calling a method in the system process without a qualified user: android.app.ContextImpl.startService:1570 android.content.ContextWrapper.startService:669 com.redbend.app.SmmService.sendIntentEvent:373 com.redbend.client.ClientService.sendEvent:586 com.redbend.client.ClientService$2.onReceive:467 
04-27 19:04:57.792  2409  2409 W ContextImpl: Calling a method in the system process without a qualified user: android.app.ContextImpl.startService:1570 android.content.ContextWrapper.startService:669 com.redbend.app.SmmService.sendIntentEvent:373 com.redbend.client.ClientService.sendEvent:586 com.redbend.app.SmmService.onStartCommand:484 
04-27 19:04:58.375  1263  2378 I chatty  : uid=1000(system) Binder:1263_D expire 1 line
04-27 19:04:58.428  1263   929 I chatty  : uid=1000(system) Binder:1263_14 expire 2 lines
04-27 19:04:59.397  1263  1263 I chatty  : uid=1000 system_server expire 6 lines
04-27 19:04:59.415  1263  1335 I chatty  : uid=1000(system) android.bg expire 3 lines
04-27 19:05:02.799  2409  1062 W ContextImpl: Calling a method in the system process without a qualified user: android.app.ContextImpl.startService:1570 android.content.ContextWrapper.startService:669 com.redbend.app.EventIntentService.recvEvent:135 com.redbend.client.BasicService.recvEvent:232 <bottom of call stack> 
04-27 19:05:02.861  2409  1062 W ContextImpl: Calling a method in the system process without a qualified user: android.app.ContextImpl.startService:1570 android.content.ContextWrapper.startService:669 com.redbend.app.EventIntentService.recvEvent:135 com.redbend.client.BasicService.recvEvent:232 <bottom of call stack> 
04-27 19:05:02.871  2409  3534 W ContextImpl: Calling a method in the system process without a qualified user: android.app.ContextImpl.sendBroadcast:1045 android.content.ContextWrapper.sendBroadcast:448 com.redbend.swm_common.GcmHandler.genericHandler:84 com.redbend.app.EventHandler.handle:70 com.redbend.app.FlowManager.handle:412 
04-27 19:05:02.899  2409  2409 W ContextImpl: Calling a method in the system process without a qualified user: android.app.ContextImpl.startService:1570 android.content.ContextWrapper.startService:669 android.content.ContextWrapper.startService:669 androidx.legacy.content.WakefulBroadcastReceiver.startWakefulService:102 com.redbend.app.SmmClient.sendData:46 
04-27 19:05:02.907  2409  2409 W ContextImpl: Calling a method in the system process without a qualified user: android.app.ContextImpl.startService:1570 android.content.ContextWrapper.startService:669 com.redbend.app.SmmService.sendIntentEvent:373 com.redbend.client.ClientService.sendEvent:586 com.redbend.app.SmmService.onStartCommand:484 
04-27 19:05:03.080  2409  1062 W ContextImpl: Calling a method in the system process without a qualified user: android.app.ContextImpl.startService:1570 android.content.ContextWrapper.startService:669 com.redbend.app.EventIntentService.recvEvent:135 com.redbend.client.BasicService.recvEvent:232 <bottom of call stack> 
04-27 19:05:09.197  1263  1473 I chatty  : uid=1000(system) AlarmManager expire 2 lines
04-27 19:05:17.133  1263  3192 I chatty  : uid=1000(system) Binder:1263_12 expire 1 line
04-27 19:05:18.542  1263  1357 I chatty  : uid=1000(system) PowerManagerSer expire 8 lines
04-27 19:05:26.243  1263  1869 I chatty  : uid=1000(system) Binder:1263_7 expire 1 line
04-27 19:05:28.416  1263  1319 I chatty  : uid=1000(system) android.fg expire 1 line
04-27 19:05:28.580  1263  1343 I chatty  : uid=1000(system) batterystats-wo expire 3 lines
04-27 19:05:28.605  1263  1323 I chatty  : uid=1000(system) android.display expire 3 lines
04-27 19:05:36.919  1263  1478 I chatty  : uid=1000(system) InputReader expire 1 line
04-27 19:05:36.921  1263  1263 I chatty  : uid=1000 system_server expire 2 lines
04-27 19:05:36.961  1263  1357 I chatty  : uid=1000(system) PowerManagerSer expire 13 lines
04-27 19:05:37.016  1263  1336 I chatty  : uid=1000(system) ActivityManager expire 6 lines
04-27 19:05:37.118  1263  2815 I chatty  : uid=1000(system) Binder:1263_10 expire 3 lines
04-27 19:05:37.621  1263  1319 I chatty  : uid=1000(system) android.fg expire 4 lines
04-27 19:05:37.955  1263  1322 I chatty  : uid=1000(system) android.io expire 1 line
04-27 19:05:39.963  1263  1869 I chatty  : uid=1000(system) Binder:1263_7 expire 1 line
04-27 19:05:59.477  1263  1473 I chatty  : uid=1000(system) AlarmManager expire 1 line
04-27 19:06:01.482  1263  1778 I chatty  : uid=1000(system) Binder:1263_6 expire 1 line
04-27 19:06:08.360  1263  1337 I chatty  : uid=1000(system) ActivityManager expire 6 lines
04-27 19:06:08.495  1263  1770 I chatty  : uid=1000(system) Binder:1263_5 expire 4 lines
04-27 19:06:20.793  1263  2378 I chatty  : uid=1000(system) Binder:1263_D expire 1 line
04-27 19:06:20.808  1263  2637 I chatty  : uid=1000(system) Binder:1263_E expire 1 line
04-27 19:06:27.866  1263  1875 I chatty  : uid=1000(system) Binder:1263_8 expire 3 lines
04-27 19:06:44.003  1263  3192 I chatty  : uid=1000(system) Binder:1263_12 expire 10 lines
04-27 19:06:48.618  1263  2815 I chatty  : uid=1000(system) Binder:1263_10 expire 6 lines
04-27 19:06:52.681  1263  1337 I chatty  : uid=1000(system) ActivityManager expire 8 lines
04-27 19:07:00.573  1263  1336 I chatty  : uid=1000(system) ActivityManager expire 7 lines
04-27 19:07:18.892  1263  2246 I chatty  : uid=1000(system) AdbDebuggingMan expire 1 line
04-27 19:07:18.899  1263  1319 I chatty  : uid=1000(system) android.fg expire 7 lines
04-27 19:07:55.294  1263  1478 I chatty  : uid=1000(system) InputReader expire 1 line
04-27 19:07:55.295  1263  1263 I chatty  : uid=1000 system_server expire 7 lines
04-27 19:07:55.296  1263  1357 I chatty  : uid=1000(system) PowerManagerSer expire 5 lines
04-27 19:07:55.302  1263  1343 I chatty  : uid=1000(system) batterystats-wo expire 1 line
04-27 19:07:55.326  1263  1323 I chatty  : uid=1000(system) android.display expire 1 line
04-27 19:07:55.536  1263  1220 I chatty  : uid=1000(system) Binder:1263_15 expire 3 lines
04-27 19:07:55.727  1263  1671 I chatty  : uid=1000(system) Binder:1263_18 expire 1 line
04-27 19:07:56.935  1263  1322 I chatty  : uid=1000(system) android.io expire 1 line
04-27 19:07:57.322  1263  2243 I chatty  : uid=1000(system) Binder:1263_C expire 5 lines
04-27 19:08:12.300  1263  1898 I chatty  : uid=1000(system) Binder:1263_19 expire 9 lines
04-27 19:08:15.074  1263  1337 I chatty  : uid=1000(system) ActivityManager expire 7 lines
04-27 19:08:15.185  1263  1770 I chatty  : uid=1000(system) Binder:1263_5 expire 1 line
04-27 19:08:27.424  1263  1263 I chatty  : uid=1000 system_server expire 4 lines
04-27 19:08:27.432   703   703 W wificond: No pno scan started
04-27 19:08:27.432   703   703 W wificond: Scheduled scan is not running!
04-27 19:08:27.452   703   703 W wificond: No pno scan started
04-27 19:08:27.452   703   703 W wificond: Scheduled scan is not running!
04-27 19:08:27.489   538   538 W android.hardware.wifi@1.0-service: No active wlan interfaces in use! Using default
04-27 19:08:27.494   703   703 I wificond: Unsubscribe scan result for interface with index: 26
04-27 19:08:27.523   538   538 E android.hardware.wifi@1.0-service: Failed to open directory: Permission denied
04-27 19:08:27.523   538   538 E android.hardware.wifi@1.0-service: Error occurred while deleting old tombstone files
04-27 19:08:27.523   538   538 E android.hardware.wifi@1.0-service: Error writing files to flash
04-27 19:08:27.526   538  1571 I android.hardware.wifi@1.0-service: Legacy HAL stop complete callback received
04-27 19:08:28.339   538   538 I android.hardware.wifi@1.0-service: Wifi HAL stopped
04-27 19:08:28.350  1263  1336 I chatty  : uid=1000(system) ActivityManager expire 12 lines
04-27 19:08:29.055   703   703 I wificond: Regulatory domain changed
04-27 19:08:29.055   703   703 E wificond: Failed to find expected wiphy info from NL80211_CMD_GET_WIPHY responses
04-27 19:08:29.055   703   703 I wificond: 2.4Ghz frequencies:
04-27 19:08:29.055   703   703 I wificond: 5Ghz non-DFS frequencies:
04-27 19:08:29.055   703   703 I wificond: 5Ghz DFS frequencies:
04-27 19:08:29.076   538   538 I android.hardware.wifi@1.0-service: Wifi HAL started
04-27 19:08:29.432   538   538 I android.hardware.wifi@1.0-service: Adding interface handle for p2p0
04-27 19:08:29.432   538   538 I android.hardware.wifi@1.0-service: Adding interface handle for wlan0
04-27 19:08:29.432   538   538 W android.hardware.wifi@1.0-service: No active wlan interfaces in use! Using default
04-27 19:08:29.433   538   538 W android.hardware.wifi@1.0-service: No active wlan interfaces in use! Using default
04-27 19:08:29.439   538   538 I android.hardware.wifi@1.0-service: Configured chip in mode 0
04-27 19:08:29.439   538   538 W android.hardware.wifi@1.0-service: No active wlan interfaces in use! Using default
04-27 19:08:29.460   703   703 I wificond: setting base_wiphy_index_ to 1
04-27 19:08:29.462   703   703 I wificond: create scanner for interface with index: 28
04-27 19:08:29.462   703   703 I wificond: subscribe scan result for interface with index: 28
04-27 19:08:29.467   703   703 E wificond: No Offload Service available
04-27 19:08:29.467   703   703 I wificond: Offload HAL not supported 
04-27 19:08:29.989   703   703 I wificond: Regulatory domain changed to country: IN
04-27 19:08:29.990   703   703 I wificond: 2.4Ghz frequencies: 2412 2417 2422 2427 2432 2437 2442 2447 2452 2457 2462 2467 2472
04-27 19:08:29.991   703   703 I wificond: 5Ghz non-DFS frequencies:
04-27 19:08:29.991   703   703 I wificond: 5Ghz DFS frequencies:
04-27 19:08:29.991   703   703 I wificond: Regulatory domain changed to country: IN
04-27 19:08:29.992   703   703 I wificond: 2.4Ghz frequencies: 2412 2417 2422 2427 2432 2437 2442 2447 2452 2457 2462 2467 2472
04-27 19:08:29.992   703   703 I wificond: 5Ghz non-DFS frequencies:
04-27 19:08:29.992   703   703 I wificond: 5Ghz DFS frequencies:
04-27 19:08:31.649   703   703 W wificond: No pno scan started
04-27 19:08:31.650   703   703 W wificond: Scheduled scan is not running!
04-27 19:08:31.662  1263  3192 I chatty  : uid=1000(system) Binder:1263_12 expire 1 line
04-27 19:08:31.663   703   703 W wificond: No pno scan started
04-27 19:08:31.663   703   703 W wificond: Scheduled scan is not running!
04-27 19:08:31.665   538   538 W android.hardware.wifi@1.0-service: No active wlan interfaces in use! Using default
04-27 19:08:31.759   703   703 I wificond: Unsubscribe scan result for interface with index: 28
04-27 19:08:31.816   538   538 E android.hardware.wifi@1.0-service: Failed to open directory: Permission denied
04-27 19:08:31.816   538   538 E android.hardware.wifi@1.0-service: Error occurred while deleting old tombstone files
04-27 19:08:31.816   538   538 E android.hardware.wifi@1.0-service: Error writing files to flash
04-27 19:08:31.819   538  2386 I android.hardware.wifi@1.0-service: Legacy HAL stop complete callback received
04-27 19:08:32.605   538   538 I android.hardware.wifi@1.0-service: Wifi HAL stopped
04-27 19:08:33.292   703   703 I wificond: Regulatory domain changed
04-27 19:08:33.292   703   703 E wificond: Failed to find expected wiphy info from NL80211_CMD_GET_WIPHY responses
04-27 19:08:33.292   703   703 I wificond: 2.4Ghz frequencies:
04-27 19:08:33.292   703   703 I wificond: 5Ghz non-DFS frequencies:
04-27 19:08:33.292   703   703 I wificond: 5Ghz DFS frequencies:
04-27 19:08:33.292   703   703 I wificond: Regulatory domain changed
04-27 19:08:33.293   703   703 E wificond: Failed to find expected wiphy info from NL80211_CMD_GET_WIPHY responses
04-27 19:08:33.293   703   703 I wificond: 2.4Ghz frequencies:
04-27 19:08:33.293   703   703 I wificond: 5Ghz non-DFS frequencies:
04-27 19:08:33.293   703   703 I wificond: 5Ghz DFS frequencies:
04-27 19:08:33.304   538   538 I android.hardware.wifi@1.0-service: Wifi HAL started
04-27 19:08:33.343   538   538 I android.hardware.wifi@1.0-service: Adding interface handle for p2p0
04-27 19:08:33.343   538   538 I android.hardware.wifi@1.0-service: Adding interface handle for wlan0
04-27 19:08:33.343   538   538 W android.hardware.wifi@1.0-service: No active wlan interfaces in use! Using default
04-27 19:08:33.343   538   538 W android.hardware.wifi@1.0-service: No active wlan interfaces in use! Using default
04-27 19:08:33.347   538   538 I android.hardware.wifi@1.0-service: Configured chip in mode 0
04-27 19:08:33.347   538   538 W android.hardware.wifi@1.0-service: No active wlan interfaces in use! Using default
04-27 19:08:33.367   703   703 I wificond: setting base_wiphy_index_ to 2
04-27 19:08:33.369   703   703 I wificond: create scanner for interface with index: 30
04-27 19:08:33.369   703   703 I wificond: subscribe scan result for interface with index: 30
04-27 19:08:33.370   703   703 E wificond: No Offload Service available
04-27 19:08:33.370   703   703 I wificond: Offload HAL not supported 
04-27 19:08:42.928  1549  1549 I PowerUI.Notification: show battery full warning: level=100 [1] 
04-27 19:08:42.959  1549  1549 I chatty  : uid=10088(com.android.systemui) identical 1 line
04-27 19:08:42.992  1549  1549 I PowerUI.Notification: show battery full warning: level=100 [1] 
04-27 19:08:49.790  1263  1357 I chatty  : uid=1000(system) PowerManagerSer expire 13 lines
04-27 19:08:56.090  1263  1336 I chatty  : uid=1000(system) ActivityManager expire 5 lines
04-27 19:08:56.796  1263  1343 I chatty  : uid=1000(system) batterystats-wo expire 2 lines
04-27 19:08:56.811  1263  1323 I chatty  : uid=1000(system) android.display expire 2 lines
04-27 19:08:57.776  1263  1319 I chatty  : uid=1000(system) android.fg expire 2 lines
04-27 19:08:58.860  1263  2243 I chatty  : uid=1000(system) Binder:1263_C expire 2 lines
04-27 19:08:59.718  1263  1290 I chatty  : uid=1000(system) Binder:1263_1 expire 2 lines
04-27 19:09:01.332  1263  2637 I chatty  : uid=1000(system) Binder:1263_E expire 1 line
04-27 19:09:01.538  1549  1549 I PowerUI.Notification: show battery full warning: level=100 [1] 
04-27 19:09:01.652  1263  1770 I chatty  : uid=1000(system) Binder:1263_5 expire 2 lines
04-27 19:09:01.652  1263  1319 I chatty  : uid=1000(system) android.fg expire 4 lines
04-27 19:09:02.384  1263  1322 I chatty  : uid=1000(system) android.io expire 1 line
04-27 19:09:03.118  1263  1336 I chatty  : uid=1000(system) ActivityManager expire 6 lines
04-27 19:09:04.163  1263  1540 I chatty  : uid=1000(system) Binder:1263_16 expire 6 lines
04-27 19:09:09.216  1263  2243 I chatty  : uid=1000(system) Binder:1263_C expire 1 line
04-27 19:09:17.086  1263  1337 I chatty  : uid=1000(system) ActivityManager expire 7 lines
04-27 19:09:24.791  1263  1220 I chatty  : uid=1000(system) Binder:1263_15 expire 4 lines
04-27 19:09:55.408  1263  3053 I chatty  : uid=1000(system) Binder:1263_1C expire 1 line
04-27 19:09:57.129  1263  1778 I chatty  : uid=1000(system) Binder:1263_6 expire 1 line
04-27 19:09:58.840  1263  1357 I chatty  : uid=1000(system) PowerManagerSer expire 10 lines
04-27 19:10:05.843  1263  1263 I chatty  : uid=1000 system_server expire 2 lines
04-27 19:10:05.848  1263  1343 I chatty  : uid=1000(system) batterystats-wo expire 3 lines
04-27 19:10:05.919  1263  1323 I chatty  : uid=1000(system) android.display expire 2 lines
04-27 19:10:08.002  1263  2908 I chatty  : uid=1000(system) Binder:1263_1B expire 1 line
04-27 19:10:12.727  1263  3178 I chatty  : uid=1000(system) Binder:1263_1D expire 7 lines
04-27 19:10:17.499  1263  1869 I chatty  : uid=1000(system) Binder:1263_7 expire 2 lines
04-27 19:10:19.424  1549  1549 I PowerUI.Notification: show battery full warning: level=100 [1] 
04-27 19:10:19.449  1549  1549 I chatty  : uid=10088(com.android.systemui) identical 1 line
04-27 19:10:19.480  1549  1549 I PowerUI.Notification: show battery full warning: level=100 [1] 
04-27 19:10:19.721  1263  1886 I chatty  : uid=1000(system) Binder:1263_9 expire 3 lines
04-27 19:10:19.724  1263  1319 I chatty  : uid=1000(system) android.fg expire 2 lines
04-27 19:10:19.725  1263  1337 I chatty  : uid=1000(system) ActivityManager expire 12 lines
04-27 19:10:19.819  1263  1357 I chatty  : uid=1000(system) PowerManagerSer expire 10 lines
04-27 19:10:19.872  1263  1770 I chatty  : uid=1000(system) Binder:1263_5 expire 2 lines
04-27 19:10:21.023  1263  1322 I chatty  : uid=1000(system) android.io expire 1 line
04-27 19:10:21.768  1263  1336 I chatty  : uid=1000(system) ActivityManager expire 7 lines
04-27 19:10:27.115  1263  1290 I chatty  : uid=1000(system) Binder:1263_1 expire 1 line
04-27 19:10:57.175  1263  2908 I chatty  : uid=1000(system) Binder:1263_1B expire 11 lines
04-27 19:11:00.314  1263  2015 I chatty  : uid=1000(system) Binder:1263_A expire 1 line
04-27 19:11:01.243  1549  1549 I PowerUI.Notification: show battery full warning: level=100 [1] 
04-27 19:11:24.571  1263  1263 I chatty  : uid=1000 system_server expire 2 lines
04-27 19:11:24.580  1263  1343 I chatty  : uid=1000(system) batterystats-wo expire 2 lines
04-27 19:11:24.602  1263  1323 I chatty  : uid=1000(system) android.display expire 2 lines
04-27 19:11:32.187  1263  4009 I chatty  : uid=1000(system) Binder:1263_13 expire 3 lines
04-27 19:11:55.827  1549  1549 I PowerUI.Notification: show battery full warning: level=100 [1] 
04-27 19:11:55.850  1549  1549 I chatty  : uid=10088(com.android.systemui) identical 1 line
04-27 19:11:55.869  1549  1549 I PowerUI.Notification: show battery full warning: level=100 [1] 
04-27 19:11:55.976  1263  1603 I chatty  : uid=1000(system) Binder:1263_17 expire 1 line
04-27 19:11:55.991  1263  1357 I chatty  : uid=1000(system) PowerManagerSer expire 2 lines
04-27 19:11:56.076  1263  3409 I chatty  : uid=1000(system) Binder:1263_1E expire 1 line
04-27 19:11:56.127  1263  1337 I chatty  : uid=1000(system) ActivityManager expire 1 line
04-27 19:11:56.148  1263  1603 I DreamManagerService: Leaving dreamland.
04-27 19:11:56.148  1263  1319 I DreamManagerService: Performing gentle wake from dream.
04-27 19:11:56.148  1263  1319 I DreamController: Stopping dream: name=ComponentInfo{com.android.systemui/com.android.systemui.doze.DozeService}, isTest=false, canDoze=true, userId=0
04-27 19:11:56.337  1263  1357 I DisplayPowerController: Unblocked screen on after 346 ms
04-27 19:11:56.338  1263  1357 W PowerManagerService: Screen on took 362 ms
04-27 19:11:56.422  1263  1337 I ActivityManager: Start proc 3743:com.google.process.gservices/u0a93 for content provider {com.google.android.gsf/com.google.android.gsf.gservices.GservicesProvider}
04-27 19:11:57.136  1263  2243 E WifiService: Permission violation - getScanResults not allowed for uid=10056, packageName=com.jio.myjio, reason=java.lang.SecurityException: UID 10056 has no location permission
04-27 19:11:57.506  1263  1322 D BluetoothManagerService: MESSAGE_REGISTER_ADAPTER
04-27 19:11:58.252  1263  1336 W BroadcastQueue: Background execution not allowed: receiving Intent { act=android.net.wifi.SCAN_RESULTS flg=0x4000010 (has extras) } to com.jio.myjio/.jionet.receiver.WifiScanReceiver
04-27 19:11:59.271  1263  3409 E WifiService: Permission violation - getScanResults not allowed for uid=10056, packageName=com.jio.myjio, reason=java.lang.SecurityException: UID 10056 has no location permission
04-27 19:12:01.246  1549  1549 I PowerUI.Notification: show battery full warning: level=100 [1] 
04-27 19:12:04.357  1263  1568 I ActivityManager: Killing 3717:com.google.android.gms/u0a93 (adj 900): cached #1
04-27 19:12:12.206  1263  1337 I ActivityManager: Start proc 3809:com.google.android.gms/u0a93 for service {com.google.android.gms/com.google.android.gms.chimera.GmsIntentOperationService}
04-27 19:12:19.865  1263  1671 I ActivityManager: Killing 3809:com.google.android.gms/u0a93 (adj 900): cached #1
04-27 19:12:48.998  1263  1337 I ActivityManager: Start proc 3864:com.android.cellbroadcastreceiver/u0a54 for broadcast {com.android.cellbroadcastreceiver/com.android.cellbroadcastreceiver.CellBroadcastReceiver}
04-27 19:12:49.047  1263  1290 I ActivityManager: Killing 3743:com.google.process.gservices/u0a93 (adj 900): cached #1
04-27 19:12:49.108  1263  3806 I ActivityManager: Killing 3864:com.android.cellbroadcastreceiver/u0a54 (adj 900): cached #1
04-27 19:12:56.732  1263  1336 W BroadcastQueue: Background execution not allowed: receiving Intent { act=android.net.wifi.SCAN_RESULTS flg=0x4000010 (has extras) } to com.jio.myjio/.jionet.receiver.WifiScanReceiver
04-27 19:12:57.779  1263  3806 E WifiService: Permission violation - getScanResults not allowed for uid=10056, packageName=com.jio.myjio, reason=java.lang.SecurityException: UID 10056 has no location permission
04-27 19:13:00.984  1263  1357 I PowerManagerService: Going to sleep due to timeout (uid 1000)...
04-27 19:13:00.985  1263  1357 I DisplayPowerController: Blocking screen off
04-27 19:13:00.985  1263  1357 I DisplayPowerController: Unblocked screen off after 0 ms
04-27 19:13:00.985  1263  1357 D ActivityTaskManager: Top Process State changed to PROCESS_STATE_TOP_SLEEPING
04-27 19:13:00.986  1263  1263 W UsageStatsService: Event reported without a package name, eventType:16
04-27 19:13:00.990  1263  1343 E KernelCpuSpeedReader: Failed to read cpu-freq: /sys/devices/system/cpu/cpu0/cpufreq/stats/time_in_state: open failed: ENOENT (No such file or directory)
04-27 19:13:01.010  1263  1323 I DisplayManagerService: Display device changed state: "Built-in Screen", OFF
04-27 19:13:02.039  1263  1357 I DreamManagerService: Entering dreamland.
04-27 19:13:02.039  1263  1357 I PowerManagerService: Dozing...
04-27 19:13:02.041  1263  1319 I DreamController: Starting dream: name=ComponentInfo{com.android.systemui/com.android.systemui.doze.DozeService}, isTest=false, canDoze=true, userId=0
04-27 19:13:02.255  1263  1337 I ActivityManager: Start proc 3899:com.google.android.gms/u0a93 for service {com.google.android.gms/com.google.android.gms.ads.identifier.service.AdvertisingIdService}
04-27 19:13:02.484  1263  1337 I ActivityManager: Start proc 3926:com.google.process.gservices/u0a93 for content provider {com.google.android.gsf/com.google.android.gsf.gservices.GservicesProvider}
04-27 19:13:03.036  1263  1875 I ActivityManager: Killing 3899:com.google.android.gms/u0a93 (adj 900): cached #1
04-27 19:13:03.046  1263  1875 I ActivityManager: Killing 3926:com.google.process.gservices/u0a93 (adj 900): cached #2
04-27 19:13:03.096  1263  1875 W ProcessStats: Tracking association SourceState{3950782 com.jio.myjio/10056 ImpBg #4112} whose proc state 3 is better than process ProcessState{f49fe93 com.google.android.gms/10093 pkg=com.google.android.gms} proc state 11 (0 skipped)
04-27 19:13:03.098  1263  1875 W ActivityManager: Application dead when creating service ServiceRecord{8bd862 u0 com.google.android.gms/.ads.identifier.service.AdvertisingIdService}
04-27 19:13:03.101  1263  1875 W ActivityManager: Scheduling restart of crashed service com.google.android.gms/.ads.identifier.service.AdvertisingIdService in 1000ms
04-27 19:13:03.104  1263  1875 W ActivityManager: Scheduling restart of crashed service com.google.android.gms/.ads.identifier.service.AdvertisingIdService in 4000ms
04-27 19:13:03.104  1263  1875 W ActivityManager: Exception when starting service com.google.android.gms/.ads.identifier.service.AdvertisingIdService
04-27 19:13:03.104  1263  1875 W ActivityManager: android.os.DeadObjectException
04-27 19:13:03.104  1263  1875 W ActivityManager: 	at android.os.BinderProxy.transactNative(Native Method)
04-27 19:13:03.104  1263  1875 W ActivityManager: 	at android.os.BinderProxy.transact(BinderProxy.java:511)
04-27 19:13:03.104  1263  1875 W ActivityManager: 	at android.app.IApplicationThread$Stub$Proxy.scheduleCreateService(IApplicationThread.java:1374)
04-27 19:13:03.104  1263  1875 W ActivityManager: 	at com.android.server.am.ActiveServices.realStartServiceLocked(ActiveServices.java:2839)
04-27 19:13:03.104  1263  1875 W ActivityManager: 	at com.android.server.am.ActiveServices.bringUpServiceLocked(ActiveServices.java:2716)
04-27 19:13:03.104  1263  1875 W ActivityManager: 	at com.android.server.am.ActiveServices.bindServiceLocked(ActiveServices.java:1848)
04-27 19:13:03.104  1263  1875 W ActivityManager: 	at com.android.server.am.ActivityManagerService.bindIsolatedService(ActivityManagerService.java:14141)
04-27 19:13:03.104  1263  1875 W ActivityManager: 	at android.app.IActivityManager$Stub.onTransact(IActivityManager.java:2242)
04-27 19:13:03.104  1263  1875 W ActivityManager: 	at com.android.server.am.ActivityManagerService.onTransact(ActivityManagerService.java:2763)
04-27 19:13:03.104  1263  1875 W ActivityManager: 	at android.os.Binder.execTransactInternal(Binder.java:1021)
04-27 19:13:03.104  1263  1875 W ActivityManager: 	at android.os.Binder.execTransact(Binder.java:994)
04-27 19:13:07.124  1263  1337 I ActivityManager: Start proc 3966:com.google.android.gms/u0a93 for service {com.google.android.gms/com.google.android.gms.ads.identifier.service.AdvertisingIdService}
04-27 19:13:07.295  1263  1337 I ActivityManager: Start proc 3988:com.google.process.gservices/u0a93 for content provider {com.google.android.gsf/com.google.android.gsf.gservices.GservicesProvider}
04-27 19:13:07.810  1263  1671 I ActivityManager: Killing 3966:com.google.android.gms/u0a93 (adj 900): cached #1
04-27 19:13:07.814  1263  1671 I ActivityManager: Killing 3988:com.google.process.gservices/u0a93 (adj 900): cached #2
04-27 19:13:07.845  1263  1671 W ActivityManager: Application dead when creating service ServiceRecord{dca937 u0 com.google.android.gms/.ads.identifier.service.AdvertisingIdService}
04-27 19:13:07.848  1263  1671 W ActivityManager: Scheduling restart of crashed service com.google.android.gms/.ads.identifier.service.AdvertisingIdService in 1000ms
04-27 19:13:07.849  1263  1671 W ActivityManager: Scheduling restart of crashed service com.google.android.gms/.ads.identifier.service.AdvertisingIdService in 4000ms
04-27 19:13:07.850  1263  1671 W ActivityManager: Exception when starting service com.google.android.gms/.ads.identifier.service.AdvertisingIdService
04-27 19:13:07.850  1263  1671 W ActivityManager: android.os.DeadObjectException
04-27 19:13:07.850  1263  1671 W ActivityManager: 	at android.os.BinderProxy.transactNative(Native Method)
04-27 19:13:07.850  1263  1671 W ActivityManager: 	at android.os.BinderProxy.transact(BinderProxy.java:511)
04-27 19:13:07.850  1263  1671 W ActivityManager: 	at android.app.IApplicationThread$Stub$Proxy.scheduleCreateService(IApplicationThread.java:1374)
04-27 19:13:07.850  1263  1671 W ActivityManager: 	at com.android.server.am.ActiveServices.realStartServiceLocked(ActiveServices.java:2839)
04-27 19:13:07.850  1263  1671 W ActivityManager: 	at com.android.server.am.ActiveServices.bringUpServiceLocked(ActiveServices.java:2716)
04-27 19:13:07.850  1263  1671 W ActivityManager: 	at com.android.server.am.ActiveServices.bindServiceLocked(ActiveServices.java:1848)
04-27 19:13:07.850  1263  1671 W ActivityManager: 	at com.android.server.am.ActivityManagerService.bindIsolatedService(ActivityManagerService.java:14141)
04-27 19:13:07.850  1263  1671 W ActivityManager: 	at android.app.IActivityManager$Stub.onTransact(IActivityManager.java:2242)
04-27 19:13:07.850  1263  1671 W ActivityManager: 	at com.android.server.am.ActivityManagerService.onTransact(ActivityManagerService.java:2763)
04-27 19:13:07.850  1263  1671 W ActivityManager: 	at android.os.Binder.execTransactInternal(Binder.java:1021)
04-27 19:13:07.850  1263  1671 W ActivityManager: 	at android.os.Binder.execTransact(Binder.java:994)
--------- beginning of main
04-27 19:13:07.898  1263  1339 I chatty  : uid=1000(system) ActivityManager expire 7 lines
04-27 19:13:08.808  3889  3889 I /vendor/bin/hw/android.hardware.light@2.0-service-lazy: Process has 0 (of 1 available) client(s) in use after notification android.hardware.light@2.0::ILight has clients: 0
04-27 19:13:08.808  3889  3889 I /vendor/bin/hw/android.hardware.light@2.0-service-lazy: Trying to exit HAL. No clients in use for any service in process.
04-27 19:13:08.809  3889  3889 I /vendor/bin/hw/android.hardware.light@2.0-service-lazy: Unregistered all clients and exiting
04-27 19:13:09.429   623   657 D ThermalEngine: zone:20 sensor:skin-therm-adc temp:12163 trip:0 event:0
04-27 19:13:09.481  2471  2471 W JobInfo : Requested backoff +5s0ms for job 1001 is too small; raising to +10s0ms
04-27 19:13:09.485  1263  2838 I chatty  : uid=1000(system) Binder:1263_1A expire 6 lines
04-27 19:13:09.861   623   657 D ThermalEngine: zone:1 sensor:xo-therm-buf-adc temp:40722 trip:0 event:0
04-27 19:13:09.864   623   657 D ThermalEngine: zone:2 sensor:pa-therm0-adc temp:38406 trip:0 event:0
04-27 19:13:11.869   450   450 D Zygote  : Forked child process 4020
04-27 19:13:11.876  1263  1337 I ActivityManager: Start proc 4020:com.google.android.gms/u0a93 for service {com.google.android.gms/com.google.android.gms.ads.identifier.service.AdvertisingIdService}
04-27 19:13:11.889  4020  4020 I chatty  : uid=10093(com.google.android.gms) expire 16 lines
04-27 19:13:11.904  1263  3192 I chatty  : uid=1000(system) Binder:1263_12 expire 6 lines
04-27 19:13:11.919   541   578 I chatty  : uid=1000(system) HwBinder:541_1 expire 11 lines
04-27 19:13:12.035   450   450 D Zygote  : Forked child process 4042
04-27 19:13:12.048  1263  1337 I ActivityManager: Start proc 4042:com.google.process.gservices/u0a93 for content provider {com.google.android.gsf/com.google.android.gsf.gservices.GservicesProvider}
04-27 19:13:12.050  4042  4042 I chatty  : uid=10093(com.google.android.gms) expire 4 lines
04-27 19:13:12.220   689   689 E ANDR-IOP: IIop:: Iop HAL Service is not available.
04-27 19:13:12.495   689   689 E ANDR-IOP: IIop:: Iop HAL Service is not available.
04-27 19:13:12.577  1263  2838 I ActivityManager: Killing 4020:com.google.android.gms/u0a93 (adj 900): cached #1
04-27 19:13:12.581  1263  2838 I ActivityManager: Killing 4042:com.google.process.gservices/u0a93 (adj 900): cached #2
04-27 19:13:12.634   450   450 I Zygote  : Process 4020 exited due to signal 9 (Killed)
04-27 19:13:12.634   450   450 I Zygote  : Process 4042 exited due to signal 9 (Killed)
04-27 19:13:12.636  2085  2098 I chatty  : uid=10093(com.google.android.gms) HeapTaskDaemon expire 1 line
04-27 19:13:14.976   623   657 D ThermalEngine: zone:20 sensor:skin-therm-adc temp:3764 trip:0 event:0
04-27 19:13:14.979   623   657 D ThermalEngine: zone:2 sensor:pa-therm0-adc temp:38461 trip:0 event:0
04-27 19:13:14.981   623   657 D ThermalEngine: zone:1 sensor:xo-therm-buf-adc temp:40662 trip:0 event:0
04-27 19:13:17.284   623   657 D ThermalEngine: zone:0 sensor:xo-therm-adc temp:40843 trip:0 event:0
04-27 19:13:17.285   623   670 D ThermalEngine: sensor_monitor: xo-therm-adc Reading 40843 .
04-27 19:13:17.285   623   670 I ThermalEngine: Sensor:xo-therm-adc:40843 mC
04-27 19:13:17.285   623   670 D ThermalEngine: update_active_thresh: xo-therm-adc Active(1), Hi(1) 43000, Lo(1) 39000, desc(0) Interval(1) 2000
04-27 19:13:17.285   623   670 D ThermalEngine: sensor_monitor: xo-therm-adc Sensor wait.
04-27 19:13:20.097   623   657 D ThermalEngine: zone:1 sensor:xo-therm-buf-adc temp:40542 trip:0 event:0
04-27 19:13:20.099   623   657 D ThermalEngine: zone:2 sensor:pa-therm0-adc temp:38406 trip:0 event:0
04-27 19:13:20.101   623   657 D ThermalEngine: zone:20 sensor:skin-therm-adc temp:22476 trip:0 event:0
04-27 19:13:25.217   623   657 D ThermalEngine: zone:20 sensor:skin-therm-adc temp:5463 trip:0 event:0
04-27 19:13:25.225   623   657 D ThermalEngine: zone:2 sensor:pa-therm0-adc temp:38351 trip:0 event:0
04-27 19:13:25.226   623   657 D ThermalEngine: zone:1 sensor:xo-therm-buf-adc temp:40421 trip:0 event:0
04-27 19:13:28.005   623   657 D ThermalEngine: zone:0 sensor:xo-therm-adc temp:40602 trip:0 event:0
04-27 19:13:28.005   623   670 D ThermalEngine: sensor_monitor: xo-therm-adc Reading 40602 .
04-27 19:13:28.005   623   670 I ThermalEngine: Sensor:xo-therm-adc:40602 mC
04-27 19:13:28.005   623   670 D ThermalEngine: update_active_thresh: xo-therm-adc Active(1), Hi(1) 43000, Lo(1) 39000, desc(0) Interval(1) 2000
04-27 19:13:28.006   623   670 D ThermalEngine: sensor_monitor: xo-therm-adc Sensor wait.
04-27 19:13:30.337   623   657 D ThermalEngine: zone:1 sensor:xo-therm-buf-adc temp:40361 trip:0 event:0
04-27 19:13:30.339   623   657 D ThermalEngine: zone:2 sensor:pa-therm0-adc temp:38351 trip:0 event:0
04-27 19:13:30.341   623   657 D ThermalEngine: zone:20 sensor:skin-therm-adc temp:22336 trip:0 event:0
04-27 19:13:32.149   636   636 W vm_bms  : type=1400 audit(0.0:1262): avc: denied { read } for name="u:object_r:default_prop:s0" dev="tmpfs" ino=13324 scontext=u:r:vm_bms:s0 tcontext=u:object_r:default_prop:s0 tclass=file permissive=0
04-27 19:13:32.149   636   636 I chatty  : uid=0(root) /vendor/bin/vm_bms identical 46 lines
04-27 19:13:32.202  1549  1549 I chatty  : uid=10088(com.android.systemui) expire 24 lines
04-27 19:13:32.207  1549  1549 I PowerUI.Notification: show battery full warning: level=100 [1] 
04-27 19:13:32.226  1549  4076 I chatty  : uid=10088(com.android.systemui) Thread-7 expire 3 lines
04-27 19:13:32.250  1549  1549 I chatty  : uid=10088(com.android.systemui) identical 1 line
04-27 19:13:32.269  1549  1549 I PowerUI.Notification: show battery full warning: level=100 [1] 
04-27 19:13:32.357   535   535 I chatty  : uid=1000(system) sensors@1.0-ser expire 26 lines
04-27 19:13:32.358  1263  1770 I PowerManagerService: Waking up from Dozing (uid=10088, reason=WAKE_REASON_APPLICATION, details=DozeTriggers)...
04-27 19:13:32.360  1263  1263 W UsageStatsService: Event reported without a package name, eventType:15
04-27 19:13:32.371  1263  1357 I DisplayPowerController: Blocking screen on until initial contents have been drawn.
04-27 19:13:32.381  1263  1343 E KernelCpuSpeedReader: Failed to read cpu-freq: /sys/devices/system/cpu/cpu0/cpufreq/stats/time_in_state: open failed: ENOENT (No such file or directory)
04-27 19:13:32.407   534   534 I QTI PowerHAL: Got set_interactive hint
04-27 19:13:32.407   534   534 I QTI PowerHAL: Got set_interactive hint on= 1, count= 13
04-27 19:13:32.407   534   534 E QTI PowerHAL: Error opening /sys/kernel/hbtp/display_pwr: No such file or directory
04-27 19:13:32.408  1263  1323 I DisplayManagerService: Display device changed state: "Built-in Screen", ON
04-27 19:13:32.409   551   551 D SurfaceFlinger: Setting power mode 2 on display 0
04-27 19:13:32.422   524  1503 D audio_hw_primary: adev_set_parameters: enter: screen_state=on
04-27 19:13:32.423  1263  1336 W BroadcastQueue: Background execution not allowed: receiving Intent { act=android.intent.action.USER_PRESENT flg=0x24200010 } to com.android.chrome/org.chromium.chrome.browser.sharing.click_to_call.ClickToCallMessageHandler$PhoneUnlockedReceiver
04-27 19:13:32.432  1263  1336 W BroadcastQueue: Background execution not allowed: receiving Intent { act=android.intent.action.USER_PRESENT flg=0x24200010 } to com.google.android.gms/.auth.setup.devicesignals.LockScreenReceiver
04-27 19:13:32.441  1263  1336 W BroadcastQueue: Background execution not allowed: receiving Intent { act=android.intent.action.USER_PRESENT flg=0x24200010 } to com.google.android.gms/.trustagent.UserPresentBroadcastReceiver
04-27 19:13:32.442  1263  1336 W BroadcastQueue: Background execution not allowed: receiving Intent { act=android.intent.action.USER_PRESENT flg=0x24200010 } to com.google.android.gms/.chimera.GmsIntentOperationService$PersistentTrustedReceiver
04-27 19:13:32.450  1919  1919 I DeviceStatusMonitor: DeviceStatusMonitor$1.onReceive():57 onReceive() : Action = android.intent.action.SCREEN_ON
04-27 19:13:32.450  1919  1919 I DeviceStatusMonitor: DeviceStatusMonitor.updateCountryInfo():117 updateCountryInfo(), notifyAnyway = false
04-27 19:13:32.453  1263  2637 I chatty  : uid=1000(system) Binder:1263_E expire 4 lines
04-27 19:13:32.455   541   578 I chatty  : uid=1000(system) HwBinder:541_1 expire 37 lines
04-27 19:13:32.461  2085  2573 I chatty  : uid=10093(com.google.android.gms) highpool[0] expire 10 lines
04-27 19:13:32.475   535   535 D SyntiantSensorHub: Proximity sensor disabled
04-27 19:13:32.476  1263   929 D ActivityTaskManager: Top Process State changed to PROCESS_STATE_TOP
04-27 19:13:32.494   535   535 D SyntiantSensorHub: PLSensor:set_enable enabled=0x0
04-27 19:13:32.501  1263  1898 I DreamManagerService: Leaving dreamland.
04-27 19:13:32.501  1263  1319 I DreamManagerService: Performing gentle wake from dream.
04-27 19:13:32.502  1263  1319 I DreamController: Stopping dream: name=ComponentInfo{com.android.systemui/com.android.systemui.doze.DozeService}, isTest=false, canDoze=true, userId=0
04-27 19:13:32.515   377   377 I chatty  : uid=1000(system) hwservicemanage expire 10 lines
04-27 19:13:32.516  1263  2333 I chatty  : uid=1000(system) AsyncTask #2 expire 1 line
04-27 19:13:32.524  1263  1337 I ActivityManager: Start proc 4082:com.google.android.gms/u0a93 for service {com.google.android.gms/com.google.android.gms.ads.identifier.service.AdvertisingIdService}
04-27 19:13:32.535  1263  1337 W ActivityManager: Slow operation: 52ms so far, now at startProcess: done updating pids map
04-27 19:13:32.567   535   535 D SyntiantSensorHub: poll__batch handle=1, flags=0, sampling_period_ns=20000000,max_report_latency_ns=0
04-27 19:13:32.567   535   535 D SyntiantSensorHub: poll__set_delay handle=1, drv=0
04-27 19:13:32.568   535   535 D SyntiantSensorHub: set_delay: delay was set to 0 seconds and 500000000 nano seconds
04-27 19:13:32.578  4082  4082 I chatty  : uid=10093(com.google.android.gms) expire 5 lines
04-27 19:13:32.579   535   535 D SyntiantSensorHub: set_delay: PLS delay time is set to: 500 ms for handle 1
04-27 19:13:32.579   535   535 D SyntiantSensorHub: poll__activate: handle=1, drv=0
04-27 19:13:32.579   535   535 D SyntiantSensorHub: PlsSensor:set_enable en=1; new_state=1; what=1; enabled=0
04-27 19:13:32.579   535   535 D SyntiantSensorHub: Proximity sensor enabled
04-27 19:13:32.583   535   535 D SyntiantSensorHub: PLSensor:set_enable enabled=0x2
04-27 19:13:32.590  2085  4089 I chatty  : uid=10093 com.google.android.gms.persistent expire 1 line
