04-27 19:13:32.596   551   551 D SurfaceFlinger: Finished setting power mode 2 on display 0
04-27 19:13:32.604  1919  1919 I GoogleInputMethodService: GoogleInputMethodService.onFinishInput():3308 
04-27 19:13:32.605  1919  1919 I GoogleInputMethodService: GoogleInputMethodService.onStartInput():1887 
04-27 19:13:32.674  1263  1357 I DisplayPowerController: Unblocked screen on after 303 ms
04-27 19:13:32.674  1263  1357 W PowerManagerService: Screen on took 317 ms
04-27 19:13:32.675  1549  1915 I chatty  : uid=10088(com.android.systemui) Binder:1549_4 expire 1 line
04-27 19:13:32.737   365   365 I chatty  : uid=1000(system) expire 11 lines
04-27 19:13:32.750   365   365 I         : Registration complete for android.hardware.light@2.0::ILight/default.
04-27 19:13:32.770  2085  2887 I chatty  : uid=10093(com.google.android.gms) NearbyDiscovery expire 3 lines
04-27 19:13:32.792  2423  2423 D QSLMJ   : SLM received action android.intent.action.SCREEN_ON
04-27 19:13:32.815  2085  2573 I NearbySharing: Stopping discovery because Bluetooth is disabled. [CONTEXT service_id=194 ]
04-27 19:13:32.816  2085  2573 I NearbySharing: Can't stop advertising FastInitiation. Not advertising. [CONTEXT service_id=194 ]
04-27 19:13:32.816  2085  2573 I NearbySharing: Stopping Fast Init advertisement because Bluetooth is off. [CONTEXT service_id=194 ]
04-27 19:13:32.816  2085  2573 I NearbySharing: Failed to stop advertising because we weren't advertising. [CONTEXT service_id=194 ]
04-27 19:13:32.827  1263  1337 W ActivityManager: Slow operation: 52ms so far, now at startProcess: done updating battery stats
04-27 19:13:32.827  1263  1337 W ActivityManager: Slow operation: 52ms so far, now at startProcess: building log message
04-27 19:13:32.827  1263  1337 I ActivityManager: Start proc 370:com.google.process.gservices/u0a93 for content provider {com.google.android.gsf/com.google.android.gsf.gservices.GservicesProvider}
04-27 19:13:32.827  1263  1337 W ActivityManager: Slow operation: 52ms so far, now at startProcess: starting to update pids map
04-27 19:13:32.828  1263  1337 W ActivityManager: Slow operation: 53ms so far, now at startProcess: done updating pids map
04-27 19:13:32.829   370   370 E ocess.gservice: Not starting debugger since process cannot load the jdwp agent.
04-27 19:13:32.845  2085  2573 I NearbySharing: Stopping advertising because Bluetooth is disabled. [CONTEXT service_id=194 ]
04-27 19:13:32.851  2085  2176 I BeaconBle: Client requested scan, settings=BleSettings [scanMode=LOW_LATENCY, callbackType=ALL_MATCHES, reportDelayMillis=0, 5 filters, 1 clients, callingClientName=Nearby] [CONTEXT service_id=111 ]
04-27 19:13:32.853  2085  2573 I NearbySharing: Failed to scan for FastInitiation. Scanning is not supported on this device. [CONTEXT service_id=194 ]
04-27 19:13:32.870  1263  1504 I chatty  : uid=1000(system) Binder:1263_3 expire 9 lines
04-27 19:13:32.888  1263  1336 W BroadcastQueue: Background execution not allowed: receiving Intent { act=android.net.wifi.SCAN_RESULTS flg=0x4000010 (has extras) } to com.jio.myjio/.jionet.receiver.WifiScanReceiver
04-27 19:13:32.920   370   370 I ocess.gservice: The ClassLoaderContext is a special shared library.
04-27 19:13:32.939  2085  2085 D BoundBrokerSvc: onRebind: Intent { act=com.google.android.gms.clearcut.bootcount.service.START cmp=com.google.android.gms/.chimera.PersistentBoundBrokerService }
04-27 19:13:32.943   370   370 I Perf    : Connecting to perf service.
04-27 19:13:32.963   370   370 I GservicesProvider: Gservices pushing to system: true; secure/global: true
04-27 19:13:33.100   689   689 E ANDR-IOP: IIop:: Iop HAL Service is not available.
04-27 19:13:33.218  4082  4082 W ProviderHelper: Unknown dynamite feature providerinstaller.dynamite
04-27 19:13:33.220  4082  4082 I DynamiteModule: Considering local module com.google.android.gms.providerinstaller.dynamite:1 and remote module com.google.android.gms.providerinstaller.dynamite:0
04-27 19:13:33.220  4082  4082 I DynamiteModule: Selected local version of com.google.android.gms.providerinstaller.dynamite
04-27 19:13:33.270  4082  4082 D NetworkSecurityConfig: Using Network Security Config from resource network_security_config debugBuild: false
04-27 19:13:33.273  4082  4082 I ProviderInstaller: Installed default security provider GmsCore_OpenSSL
04-27 19:13:33.273  4082  4082 I Safeboot: Checking safeboot...
04-27 19:13:33.273  4082  4082 I Safeboot: Not entering safeboot; wrong process.
04-27 19:13:33.324  4082  4082 I Watchcat: Started
04-27 19:13:33.369  4082  4082 I GMS_MM_Logger: Started.
04-27 19:13:33.371  4082  4082 I baqz    : Primes not initialized, returning default (no-op) Primes instance which will ignore all calls. Please call Primes.initialize(...) before using any Primes API.
04-27 19:13:33.374   689   689 E ANDR-IOP: IIop:: Iop HAL Service is not available.
04-27 19:13:33.532  1263  1898 I chatty  : uid=1000(system) Binder:1263_19 expire 4 lines
04-27 19:13:33.553  1549  1749 I chatty  : uid=10088(com.android.systemui) ImageWallpaper expire 1 line
04-27 19:13:33.562   541  3948 I chatty  : uid=1000(system) HwBinder:541_3 expire 26 lines
04-27 19:13:33.590  4082  4082 D BoundBrokerSvc: onBind: Intent { act=com.google.android.gms.auth.cryptauth.cryptauthservice.START cmp=com.google.android.gms/.chimera.GmsBoundBrokerService }
04-27 19:13:33.590  4082  4082 D BoundBrokerSvc: Loading bound service for intent: Intent { act=com.google.android.gms.auth.cryptauth.cryptauthservice.START cmp=com.google.android.gms/.chimera.GmsBoundBrokerService }
04-27 19:13:33.594  4082  4082 W ModuleManager: Unable to get current module's fulfilled APIs in ModuleManager created with non-module Context
04-27 19:13:33.601  4082  4082 D BoundBrokerSvc: onBind: Intent { act=com.google.android.gms.cast.firstparty.START cmp=com.google.android.gms/.chimera.GmsBoundBrokerService }
04-27 19:13:33.601  4082  4082 D BoundBrokerSvc: Loading bound service for intent: Intent { act=com.google.android.gms.cast.firstparty.START cmp=com.google.android.gms/.chimera.GmsBoundBrokerService }
04-27 19:13:33.636  4082  4082 I MediaRouter: Found default route: MediaRouter.RouteInfo{ uniqueId=android/ara:DEFAULT_ROUTE, name=Phone, description=null, iconUri=null, enabled=true, connectionState=0, canDisconnect=false, playbackType=0, playbackStream=3, deviceType=0, volumeHandling=1, volume=5, volumeMax=15, presentationDisplayId=-1, extras=null, settingsIntent=null, providerPackageName=android }
04-27 19:13:33.636  4082  4082 I MediaRouter: Unselecting the current route because it is no longer selectable: null
04-27 19:13:33.697  4082   476 I CastDatabase: Opening the database
04-27 19:13:33.712  4082   476 I SQLiteCastStore: 0 CastNetworkInfo instances loaded, 0 CastDeviceInfo instances loaded, 0 paired guest mode devices loaded.
04-27 19:13:33.807   365   365 I /vendor/bin/hw/android.hardware.light@2.0-service-lazy: Process has 1 (of 1 available) client(s) in use after notification android.hardware.light@2.0::ILight has clients: 1
04-27 19:13:33.814  4082   469 I DiscoveryManager: WifiGuestModeDeviceScanner enabled.
04-27 19:13:33.815  1263  1322 D BluetoothManagerService: MESSAGE_REGISTER_ADAPTER
04-27 19:13:33.822  4082   469 I CastSocket: 29 >= 18. Adding new CastClientAuthKeyManager. [CONTEXT service_id=161 ]
04-27 19:13:33.897  1263  1898 E WifiService: Permission violation - getScanResults not allowed for uid=10056, packageName=com.jio.myjio, reason=java.lang.SecurityException: UID 10056 has no location permission
04-27 19:13:34.541  1263  1336 W BroadcastQueue: Background execution not allowed: receiving Intent { act=android.net.wifi.SCAN_RESULTS flg=0x4000010 (has extras) } to com.jio.myjio/.jionet.receiver.WifiScanReceiver
04-27 19:13:35.586  1263  1898 E WifiService: Permission violation - getScanResults not allowed for uid=10056, packageName=com.jio.myjio, reason=java.lang.SecurityException: UID 10056 has no location permission
04-27 19:13:37.711  4082   332 I gle.android.gm: Waiting for a blocking GC ProfileSaver
04-27 19:13:37.717  4082   332 I gle.android.gm: WaitForGcToComplete blocked ProfileSaver on ClassLinker for 5.900ms
04-27 19:13:38.808   365   365 I /vendor/bin/hw/android.hardware.light@2.0-service-lazy: Process has 0 (of 1 available) client(s) in use after notification android.hardware.light@2.0::ILight has clients: 0
04-27 19:13:38.808   365   365 I /vendor/bin/hw/android.hardware.light@2.0-service-lazy: Trying to exit HAL. No clients in use for any service in process.
04-27 19:13:38.809   365   365 I /vendor/bin/hw/android.hardware.light@2.0-service-lazy: Unregistered all clients and exiting
04-27 19:13:38.846  2085  2176 I BeaconBle: Client requested scan, settings=BleSettings [scanMode=ZERO_POWER, callbackType=ALL_MATCHES, reportDelayMillis=0, 5 filters, 1 clients, callingClientName=Nearby] [CONTEXT service_id=111 ]
04-27 19:13:39.210  2085   485 E WakeLock: GCM_HB_ALARM release without a matched acquire!
04-27 19:13:39.210  2085   485 W WakeLock: GCM_HB_ALARM counter does not exist
04-27 19:13:40.638  1263  2838 I ActivityManager: Killing 4082:com.google.android.gms/u0a93 (adj 900): cached #1
04-27 19:13:47.972  2085  2085 D BoundBrokerSvc: onUnbind: Intent { act=com.google.android.gms.clearcut.bootcount.service.START cmp=com.google.android.gms/.chimera.PersistentBoundBrokerService }
04-27 19:13:48.257   623   670 D ThermalEngine: sensor_monitor: xo-therm-adc Reading 40421 .
04-27 19:13:48.257   623   670 I ThermalEngine: Sensor:xo-therm-adc:40421 mC
04-27 19:13:48.257   623   670 D ThermalEngine: update_active_thresh: xo-therm-adc Active(1), Hi(1) 43000, Lo(1) 39000, desc(0) Interval(1) 2000
04-27 19:13:48.258   623   670 D ThermalEngine: sensor_monitor: xo-therm-adc Sensor wait.
04-27 19:13:48.547   450   450 D Zygote  : Forked child process 491
04-27 19:13:48.551  1263  1337 I ActivityManager: Start proc 491:com.google.android.gms/u0a93 for service {com.google.android.gms/com.google.android.gms.chimera.GmsIntentOperationService}
04-27 19:13:48.568   491   491 E gle.android.gm: Not starting debugger since process cannot load the jdwp agent.
04-27 19:13:48.610   491   491 I gle.android.gm: The ClassLoaderContext is a special shared library.
04-27 19:13:48.615   491   491 I chatty  : uid=10093(com.google.android.gms) identical 14 lines
04-27 19:13:48.959   689   689 E ANDR-IOP: IIop:: Iop HAL Service is not available.
04-27 19:13:49.022   491   577 I chatty  : uid=10093(com.google.android.gms) expire 3 lines
04-27 19:13:50.455   626   626 D AndroidRuntime: >>>>>> START com.android.internal.os.RuntimeInit uid 2000 <<<<<<
04-27 19:13:50.459   626   626 W app_process: type=1400 audit(0.0:1303): avc: denied { read } for name="u:object_r:device_config_runtime_native_boot_prop:s0" dev="tmpfs" ino=13331 scontext=u:r:shell:s0 tcontext=u:object_r:device_config_runtime_native_boot_prop:s0 tclass=file permissive=0
04-27 19:13:50.459   626   626 W app_process: type=1400 audit(0.0:1304): avc: denied { read } for name="u:object_r:device_config_runtime_native_boot_prop:s0" dev="tmpfs" ino=13331 scontext=u:r:shell:s0 tcontext=u:object_r:device_config_runtime_native_boot_prop:s0 tclass=file permissive=0
04-27 19:13:50.459   626   626 W app_process: type=1400 audit(0.0:1305): avc: denied { read } for name="u:object_r:device_config_runtime_native_boot_prop:s0" dev="tmpfs" ino=13331 scontext=u:r:shell:s0 tcontext=u:object_r:device_config_runtime_native_boot_prop:s0 tclass=file permissive=0
04-27 19:13:50.462   626   626 E libc    : Access denied finding property "persist.device_config.runtime_native_boot.enable_apex_image"
04-27 19:13:50.462   626   626 I AndroidRuntime: Using default boot image
04-27 19:13:50.462   626   626 E libc    : Access denied finding property "persist.device_config.runtime_native_boot.disable_lock_profiling"
04-27 19:13:50.463   626   626 I AndroidRuntime: Leaving lock profiling enabled
04-27 19:13:50.463   626   626 E libc    : Access denied finding property "persist.device_config.runtime_native_boot.enable_generational_cc"
04-27 19:13:50.473   626   626 W app_process: Could not reserve sentinel fault page
04-27 19:13:50.635   626   626 D ICU     : Time zone APEX file found: /apex/com.android.tzdata/etc/icu/icu_tzdata.dat
04-27 19:13:50.658   626   626 I app_process: The ClassLoaderContext is a special shared library.
04-27 19:13:50.700   626   626 W app_process: JNI RegisterNativeMethods: attempt to register 0 native methods for android.media.AudioAttributes
04-27 19:13:50.717   626   626 D AndroidRuntime: Calling main entry com.android.commands.input.Input
04-27 19:13:50.723   626   626 D AndroidRuntime: Shutting down VM
04-27 19:13:50.817   623   657 D ThermalEngine: zone:1 sensor:xo-therm-buf-adc temp:40180 trip:0 event:0
04-27 19:13:50.825   623   657 D ThermalEngine: zone:2 sensor:pa-therm0-adc temp:38296 trip:0 event:0
04-27 19:13:50.826   623   657 D ThermalEngine: zone:20 sensor:skin-therm-adc temp:23644 trip:0 event:0
04-27 19:13:50.886  1263  1263 D BluetoothManagerService: Bluetooth persisted state: 0
04-27 19:13:50.887  1263  1263 D BluetoothManagerService: Airplane Mode change - current state:  OFF, isAirplaneModeOn()=true, mEnableExternal: false
04-27 19:13:50.906   450   450 D Zygote  : Forked child process 706
04-27 19:13:50.912  1263  1337 I ActivityManager: Start proc 706:com.android.carrierdefaultapp/u0a64 for broadcast {com.android.carrierdefaultapp/com.android.carrierdefaultapp.CarrierDefaultBroadcastReceiver}
04-27 19:13:50.924   706   706 E rrierdefaultap: Not starting debugger since process cannot load the jdwp agent.
04-27 19:13:50.938  1263   487 I chatty  : uid=1000(system) Binder:1263_20 expire 6 lines
04-27 19:13:50.963   706   706 I Perf    : Connecting to perf service.
04-27 19:13:50.979   689   689 E ANDR-IOP: IIop:: Iop HAL Service is not available.
04-27 19:13:50.982   706   706 D CarrierDefaultBroadcastReceiver: onReceive intent: com.android.internal.telephony.CARRIER_SIGNAL_RESET
04-27 19:13:50.994   706   706 D CarrierDefaultBroadcastReceiver: apply carrier action idx: 6
04-27 19:13:50.994   706   706 D CarrierActionUtils: onCancelAllNotifications
04-27 19:13:50.995   706   706 D CarrierDefaultBroadcastReceiver: apply carrier action idx: 8
04-27 19:13:50.995   706   706 D CarrierActionUtils: onDisableDefaultURLHandler
04-27 19:13:50.999  1263   487 I ActivityManager: Killing 706:com.android.carrierdefaultapp/u0a64 (adj 900): cached #1
04-27 19:13:51.002   377   377 I chatty  : uid=1000(system) hwservicemanage expire 4 lines
04-27 19:13:51.029  1263   487 W ActivityManager: Permission Denial: not allowed to send broadcast android.intent.action.AIRPLANE_MODE from pid=754, uid=2000
04-27 19:13:51.056   450   450 I Zygote  : Process 706 exited due to signal 9 (Killed)
04-27 19:13:51.676   763   763 D AndroidRuntime: >>>>>> START com.android.internal.os.RuntimeInit uid 2000 <<<<<<
04-27 19:13:51.679   763   763 W app_process: type=1400 audit(0.0:1306): avc: denied { read } for name="u:object_r:device_config_runtime_native_boot_prop:s0" dev="tmpfs" ino=13331 scontext=u:r:shell:s0 tcontext=u:object_r:device_config_runtime_native_boot_prop:s0 tclass=file permissive=0
04-27 19:13:51.682   763   763 W app_process: type=1400 audit(0.0:1307): avc: denied { read } for name="u:object_r:device_config_runtime_native_boot_prop:s0" dev="tmpfs" ino=13331 scontext=u:r:shell:s0 tcontext=u:object_r:device_config_runtime_native_boot_prop:s0 tclass=file permissive=0
04-27 19:13:51.682   763   763 W app_process: type=1400 audit(0.0:1308): avc: denied { read } for name="u:object_r:device_config_runtime_native_boot_prop:s0" dev="tmpfs" ino=13331 scontext=u:r:shell:s0 tcontext=u:object_r:device_config_runtime_native_boot_prop:s0 tclass=file permissive=0
04-27 19:13:51.683   763   763 E libc    : Access denied finding property "persist.device_config.runtime_native_boot.enable_apex_image"
04-27 19:13:51.684   763   763 I AndroidRuntime: Using default boot image
04-27 19:13:51.684   763   763 E libc    : Access denied finding property "persist.device_config.runtime_native_boot.disable_lock_profiling"
04-27 19:13:51.684   763   763 I AndroidRuntime: Leaving lock profiling enabled
04-27 19:13:51.684   763   763 E libc    : Access denied finding property "persist.device_config.runtime_native_boot.enable_generational_cc"
04-27 19:13:51.694   763   763 W app_process: Could not reserve sentinel fault page
04-27 19:13:51.856   763   763 D ICU     : Time zone APEX file found: /apex/com.android.tzdata/etc/icu/icu_tzdata.dat
04-27 19:13:51.879   763   763 I app_process: The ClassLoaderContext is a special shared library.
04-27 19:13:51.921   763   763 W app_process: JNI RegisterNativeMethods: attempt to register 0 native methods for android.media.AudioAttributes
04-27 19:13:51.938   763   763 D AndroidRuntime: Calling main entry com.android.commands.input.Input
04-27 19:13:51.944   763   763 D AndroidRuntime: Shutting down VM
04-27 19:13:52.240  1263   487 W ActivityManager: Permission Denial: not allowed to send broadcast android.intent.action.AIRPLANE_MODE from pid=814, uid=2000
04-27 19:13:53.018   825   825 D AndroidRuntime: >>>>>> START com.android.internal.os.RuntimeInit uid 2000 <<<<<<
04-27 19:13:53.022   825   825 W app_process: type=1400 audit(0.0:1309): avc: denied { read } for name="u:object_r:device_config_runtime_native_boot_prop:s0" dev="tmpfs" ino=13331 scontext=u:r:shell:s0 tcontext=u:object_r:device_config_runtime_native_boot_prop:s0 tclass=file permissive=0
04-27 19:13:53.022   825   825 I chatty  : uid=2000(shell) app_process identical 13 lines
04-27 19:13:53.458  1263  1263 D BluetoothManagerService: Bluetooth persisted state: 0
04-27 19:13:53.458  1263  1263 D BluetoothManagerService: Airplane Mode change - current state:  OFF, isAirplaneModeOn()=false, mEnableExternal: false
04-27 19:13:53.589  1263  1898 W ActivityManager: Permission Denial: not allowed to send broadcast android.intent.action.AIRPLANE_MODE from pid=870, uid=2000
04-27 19:13:53.598   531   531 I chatty  : uid=1000(system) composer@2.1-se expire 8 lines
04-27 19:13:53.659   491   521 I chatty  : uid=10093(com.google.android.gms) expire 2 lines
04-27 19:13:54.234   876   876 I chatty  : uid=2000(shell) app_process expire 15 lines
04-27 19:13:54.795  1263  1603 W ActivityManager: Permission Denial: not allowed to send broadcast android.intent.action.AIRPLANE_MODE from pid=931, uid=2000
04-27 19:13:55.936   623   657 D ThermalEngine: zone:20 sensor:skin-therm-adc temp:5309 trip:0 event:0
04-27 19:13:55.945   623   657 D ThermalEngine: zone:2 sensor:pa-therm0-adc temp:38351 trip:0 event:0
04-27 19:13:55.946   623   657 D ThermalEngine: zone:1 sensor:xo-therm-buf-adc temp:40421 trip:0 event:0
04-27 19:13:56.138   541   578 I chatty  : uid=1000(system) HwBinder:541_1 expire 2 lines
04-27 19:13:56.145  1263  1603 I ActivityManager: Killing 491:com.google.android.gms/u0a93 (adj 900): cached #1
04-27 19:13:56.198   541   578 I /vendor/bin/hw/vendor.qti.hardware.servicetracker@1.1-service: process with pid 491 is client
04-27 19:13:56.198   541   578 I /vendor/bin/hw/vendor.qti.hardware.servicetracker@1.1-service: size of service connections for service: com.google.android.gms/.chimera.PersistentDirectBootAwareApiServiceafter removal is 1
04-27 19:13:56.198   541   578 I /vendor/bin/hw/vendor.qti.hardware.servicetracker@1.1-service: removing client with pid 491process namecom.google.android.gms
04-27 19:13:56.199   450   450 I Zygote  : Process 491 exited due to signal 9 (Killed)
04-27 19:13:58.283   623   657 D ThermalEngine: zone:0 sensor:xo-therm-adc temp:40662 trip:0 event:0
04-27 19:13:58.283   623   670 D ThermalEngine: sensor_monitor: xo-therm-adc Reading 40662 .
04-27 19:13:58.283   623   670 I ThermalEngine: Sensor:xo-therm-adc:40662 mC
04-27 19:13:58.283   623   670 D ThermalEngine: update_active_thresh: xo-therm-adc Active(1), Hi(1) 43000, Lo(1) 39000, desc(0) Interval(1) 2000
04-27 19:13:58.283   623   670 D ThermalEngine: sensor_monitor: xo-therm-adc Sensor wait.
04-27 19:14:00.558   864   864 I QTI_SDM_INFO: [qti_rmnet_modem.c:1287] qti_rmnet_modem_recv_msg():Read 34 data from modem device file
04-27 19:14:00.558   864   864 I QTI_SDM_INFO: [qti_rmnet_qmi.c:650] qti_rmnet_process_qmi_rx_from_modem():Received QMI message of service type 3
04-27 19:14:00.558   864   864 I QTI_SDM_INFO: [qti_rmnet_peripheral.c:948] qti_rmnet_ph_send_msg():Successfully sent message to host size 34 on fd 5
04-27 19:14:00.562   864   864 I QTI_SDM_INFO: [qti_rmnet_peripheral.c:593] qti_rmnet_ph_recv_msg():Read 20 data from peripheral device file
04-27 19:14:00.562   864   864 I QTI_SDM_INFO: [qti_rmnet_qmi.c:535] qti_rmnet_process_qmi_tx_to_modem():Received QMI message of service type 3 message id 68
04-27 19:14:00.562   864   864 I QTI_SDM_INFO: [qti_rmnet_modem.c:1207] qti_rmnet_modem_send_msg():Will send QMI message of size 20 to modem
04-27 19:14:00.562   864   864 I QTI_SDM_INFO: [qti_rmnet_modem.c:1232] qti_rmnet_modem_send_msg():Successfully sent message to modem size 20 on fd 15
04-27 19:14:00.563   864   864 I QTI_SDM_INFO: [qti_rmnet_modem.c:1287] qti_rmnet_modem_recv_msg():Read 72 data from modem device file
04-27 19:14:00.563   864   864 I QTI_SDM_INFO: [qti_rmnet_qmi.c:650] qti_rmnet_process_qmi_rx_from_modem():Received QMI message of service type 3
04-27 19:14:00.563   864   864 I QTI_SDM_INFO: [qti_rmnet_peripheral.c:948] qti_rmnet_ph_send_msg():Successfully sent message to host size 72 on fd 5
04-27 19:14:00.642  1752  2876 D QCNEJ/WwanInfoRelay: onServiceStateChanged: dataState: 0 DDS:1 Notify service state update
04-27 19:14:00.648  1797  1797 D ServiceStateProvider: subId=1
04-27 19:14:00.650  1549  1549 I chatty  : uid=10088(com.android.systemui) expire 11 lines
04-27 19:14:00.668  1549  1549 D CarrierTextController: updateCarrierText(): 1
04-27 19:14:00.668  1549  1549 D CarrierTextController: updateCarrierText(): 1
04-27 19:14:00.669  1549  1549 D CarrierTextController: Handling (subId=1): READY Jio 4G
04-27 19:14:00.669   450   450 D Zygote  : Forked child process 954
04-27 19:14:00.670  1549  1549 D CarrierTextController: SIM ready and in service: subId=1, ss={mVoiceRegState=0(IN_SERVICE), mDataRegState=0(IN_SERVICE), mChannelNumber=38750, duplexMode()=2, mCellBandwidths=[], mVoiceOperatorAlphaLong=Jio 4G, mVoiceOperatorAlphaShort=Jio 4G, mDataOperatorAlphaLong=Jio 4G, mDataOperatorAlphaShort=Jio 4G, isManualNetworkSelection=false(automatic), getRilVoiceRadioTechnology=14(LTE), getRilDataRadioTechnology=14(LTE), mCssIndicator=supported, mNetworkId=-1, mSystemId=-1, mCdmaRoamingIndicator=-1, mCdmaDefaultRoamingIndicator=-1, mIsEmergencyOnly=false, isUsingCarrierAggregation=false, mLteEarfcnRsrpBoost=0, mNetworkRegistrationInfos=[NetworkRegistrationInfo{ domain=CS transportType=WWAN registrationState=HOME roamingType=NOT_ROAMING accessNetworkTechnology=LTE rejectCause=0 emergencyEnabled=false availableServices=[VOICE,SMS,VIDEO] cellIdentity=CellIdentityLte:{ mCi=8726 mPci=221 mTac=120 mEarfcn=38750 mBandwidth=2147483647 mMcc=405 mMnc=854 mAlphaLong=Jio 4G mAlphaShort=Jio 4G} voiceSpecificInfo=VoiceSpecificRegistrationInfo { mCssSupported=true mRoamingIndicator=1 mSystemIsInPrl=-1 mDefaultRoamingIndicator=-1} dataSpecificInfo=null nrState=NONE}, NetworkRegistrationInfo{ domain=PS transportType=WWAN registrationState=HOME roamingType=NOT_ROAMING accessNetworkTechnology=LTE rejectCause=0 emergencyEnabled=false availableServices=[DATA] cellIdentity=CellIdentityLte:{ mCi=8726 mPci=221 mTac=120 mEarfcn=38750 mBandwidth=2147483647 mMcc=405 mMnc=854 mAlphaLong=Jio 4G mAlphaShort=Jio 4G} voiceSpecificInfo=null dataSpecificInfo=android.telephony.DataSpecificRegistrationInfo :{ maxDataCalls = 20 isDcNrRestricted = false isNrAvailable = false isEnDcAvailable = false LteVopsSupportInfo :  mVopsSupport = 2 mEmcBearerSupport = 2 mIsUsingCarrierAggregation = false } nrState=NONE}], mNrFrequencyRange=-1, mOperatorAlphaLongRaw=Jio 4G, mOperatorAlphaShortRaw=Jio 4G, mIsIwlanPreferred=false}
04-27 19:14:00.671  1263  1337 I ActivityManager: Start proc 954:com.android.cellbroadcastreceiver/u0a54 for broadcast {com.android.cellbroadcastreceiver/com.android.cellbroadcastreceiver.CellBroadcastReceiver}
04-27 19:14:00.688   954   954 E oadcastreceive: Not starting debugger since process cannot load the jdwp agent.
04-27 19:14:00.702  1263  2243 I chatty  : uid=1000(system) Binder:1263_C expire 6 lines
04-27 19:14:00.740   954   954 I Perf    : Connecting to perf service.
04-27 19:14:00.756   377   377 I hwservicemanager: getTransport: Cannot find entry vendor.qti.hardware.iop@2.0::IIop/default in either framework or device manifest.
04-27 19:14:00.756   689   689 E ANDR-IOP: IIop:: Iop HAL Service is not available.
04-27 19:14:00.758   954   954 D CellBroadcastReceiver: onReceive Intent { act=android.intent.action.SERVICE_STATE flg=0x1000010 cmp=com.android.cellbroadcastreceiver/.CellBroadcastReceiver (has extras) }
04-27 19:14:00.763  1263  2243 I ActivityManager: Killing 954:com.android.cellbroadcastreceiver/u0a54 (adj 900): cached #1
04-27 19:14:00.765   377   377 I hwservicemanager: getTransport: Cannot find entry vendor.qti.hardware.iop@2.0::IIop/default in either framework or device manifest.
04-27 19:14:00.795   450   450 I Zygote  : Process 954 exited due to signal 9 (Killed)
04-27 19:14:00.795   377   377 I hwservicemanager: getTransport: Cannot find entry vendor.qti.hardware.iop@2.0::IIop/default in either framework or device manifest.
04-27 19:14:00.797   541   578 I /vendor/bin/hw/vendor.qti.hardware.servicetracker@1.1-service: killProcess is called for pid : 954
04-27 19:14:00.976   950   950 I chatty  : uid=2000(shell) app_process expire 15 lines
04-27 19:14:01.057   623   657 D ThermalEngine: zone:1 sensor:xo-therm-buf-adc temp:40421 trip:0 event:0
04-27 19:14:01.059   623   657 D ThermalEngine: zone:2 sensor:pa-therm0-adc temp:38406 trip:0 event:0
04-27 19:14:01.061   623   657 D ThermalEngine: zone:20 sensor:skin-therm-adc temp:6185 trip:0 event:0
04-27 19:14:01.240  1549  1549 D KeyguardUpdateMonitor: received broadcast android.intent.action.BATTERY_CHANGED
04-27 19:14:01.242  1549  1549 I PowerUI.Notification: show battery full warning: level=100 [1] 
04-27 19:14:01.244  1549  1549 D KeyguardUpdateMonitor: handleBatteryUpdate
04-27 19:14:01.417  1263  1540 W BluetoothManagerService: checkPackage(): called with null packageName from 2000
04-27 19:14:01.435   842   903 D QC-time-services: Lib:time_genoff_operation: pargs->base = 12
04-27 19:14:01.435   842   903 D QC-time-services: Lib:time_genoff_operation: pargs->operation = 0
04-27 19:14:01.435   842   903 D QC-time-services: Lib:time_genoff_operation: pargs->ts_val = 1619531042533
04-27 19:14:01.435   842   903 D QC-time-services: Lib:time_genoff_operation: Send to server  passed!!
04-27 19:14:01.436   446  1023 I chatty  : uid=1000(system) /vendor/bin/time_daemon expire 10 lines
04-27 19:14:01.439  1263  1540 I chatty  : uid=1000(system) Binder:1263_16 expire 1 line
04-27 19:14:01.441   842   903 E QC-time-services: Receive Passed == base = 12, unit = 1, operation = 0, result = 0
04-27 19:14:01.441   842   903 D QC-time-services: Lib:time_genoff_operation: pargs->base = 13
04-27 19:14:01.441   842   903 D QC-time-services: Lib:time_genoff_operation: pargs->operation = 0
04-27 19:14:01.441   842   903 D QC-time-services: Lib:time_genoff_operation: pargs->ts_val = 1619531042533
04-27 19:14:01.442   842   903 D QC-time-services: Lib:time_genoff_operation: Send to server  passed!!
04-27 19:14:01.442   446  1024 I chatty  : uid=1000(system) /vendor/bin/time_daemon expire 3 lines
04-27 19:14:01.442   446  1024 D QC-time-services: Daemon:Value read from RTC mseconds on boot = 98999000
04-27 19:14:01.442   446  1024 D QC-time-services: Daemon:Delta read on boot mseconds = 98986566
04-27 19:14:01.442   446  1024 D QC-time-services: Daemon:new time 1619531042533 
04-27 19:14:01.442   446  1024 D QC-time-services: Daemon: delta 1619431442089 genoff 1619431442089 
04-27 19:14:01.442   446  1024 D QC-time-services: Daemon:genoff_persistent_update: Writing genoff = 1619431442089 to memory
04-27 19:14:01.442   446  1024 D QC-time-services: Daemon:Opening File: /mnt/vendor/persist/time/ats_13 /data/vendor/time/ats_13
04-27 19:14:01.442   446  1024 D QC-time-services: Daemon:time_persistent_memory_opr:Genoff write operation 
04-27 19:14:01.449   842   903 E QC-time-services: Receive Passed == base = 13, unit = 1, operation = 0, result = 0
04-27 19:14:01.449   446   459 E QC-time-services: Daemon: Time-services: Waiting to acceptconnection
04-27 19:14:02.068  1025  1025 I chatty  : uid=2000(shell) app_process expire 15 lines
04-27 19:14:03.331  1055  1055 I chatty  : uid=2000(shell) app_process expire 15 lines
04-27 19:14:03.770  1263  1540 I chatty  : uid=1000(system) Binder:1263_16 identical 2 lines
04-27 19:14:04.449  1094  1094 I chatty  : uid=2000(shell) app_process expire 12 lines
04-27 19:14:04.452  1094  1094 W app_process: type=1400 audit(0.0:1324): avc: denied { read } for name="u:object_r:device_config_runtime_native_boot_prop:s0" dev="tmpfs" ino=13331 scontext=u:r:shell:s0 tcontext=u:object_r:device_config_runtime_native_boot_prop:s0 tclass=file permissive=0
04-27 19:14:04.455  1094  1094 W app_process: type=1400 audit(0.0:1325): avc: denied { read } for name="u:object_r:device_config_runtime_native_boot_prop:s0" dev="tmpfs" ino=13331 scontext=u:r:shell:s0 tcontext=u:object_r:device_config_runtime_native_boot_prop:s0 tclass=file permissive=0
04-27 19:14:04.455  1094  1094 W app_process: type=1400 audit(0.0:1326): avc: denied { read } for name="u:object_r:device_config_runtime_native_boot_prop:s0" dev="tmpfs" ino=13331 scontext=u:r:shell:s0 tcontext=u:object_r:device_config_runtime_native_boot_prop:s0 tclass=file permissive=0
04-27 19:14:04.534  1549  1549 D StatusBar: disable<e i a s b h r c s > disable2<q i n >
04-27 19:14:04.580  1549  1096 W RingtonePlayer: STOP command without a player
04-27 19:14:04.610  1549  1549 D StatusBar: disable<e i a s b h r c s > disable2<q i n >
04-27 19:14:04.934  1263  1540 W BluetoothManagerService: checkPackage(): called with null packageName from 2000
04-27 19:14:06.152  1125  1125 I chatty  : uid=2000(shell) app_process expire 15 lines
04-27 19:14:06.176   623   657 D ThermalEngine: zone:20 sensor:skin-therm-adc temp:6340 trip:0 event:0
04-27 19:14:06.178   623   657 D ThermalEngine: zone:2 sensor:pa-therm0-adc temp:38461 trip:0 event:0
04-27 19:14:06.182   623   657 D ThermalEngine: zone:1 sensor:xo-therm-buf-adc temp:40602 trip:0 event:0
04-27 19:14:06.281   531   584 W SDM     : HWPrimary::PopulateDisplayAttributes: Driver doesn't report panel physical width and height - defaulting to 320dpi
04-27 19:14:06.945   524  1889 D audio_hw_primary: start_output_stream: enter: stream(0xa7564000)usecase(1: low-latency-playback) devices(0x2)
04-27 19:14:06.946   524  1889 D audio_hw_primary: select_devices for use case (low-latency-playback)
04-27 19:14:06.947   524  1889 D audio_hw_primary: select_devices: out_snd_device(2: speaker) in_snd_device(0: )
04-27 19:14:06.947   524  1889 I msm8916_platform: platform_check_and_set_codec_backend_cfg:becf: afe: bitwidth 16, samplerate 48000 channels 2, backend_idx 0 usecase = 1 device (speaker)
04-27 19:14:06.947   524  1889 D msm8916_platform: platform_split_snd_device: snd_device(2) num devices(1) new_snd_devices(0)
04-27 19:14:06.947   524  1889 I msm8916_platform: platform_check_and_set_codec_backend_cfg: becf: new_snd_devices[0] is speaker
04-27 19:14:06.947   524  1889 I msm8916_platform: platform_check_codec_backend_cfg:becf: afe: Codec selected backend: 0 current bit width: 16 sample rate: 48000 channels: 2 usecase 1 device (speaker)
04-27 19:14:06.947   524  1889 D msm8916_platform: platform_check_codec_backend_cfg:becf: afe: playback on codec device not supporting native playback set default Sample Rate(48k)
04-27 19:14:06.947   524  1889 D msm8916_platform: platform_check_codec_backend_cfg:becf: afe: only 48KHZ sample rate is supported Configure afe to default Sample Rate(48k)
04-27 19:14:06.947   524  1889 I msm8916_platform: platform_check_codec_backend_cfg:becf: afe: Codec selected backend: 0 updated bit width: 16 sample rate: 48000 channels: 2
04-27 19:14:06.947   524  1889 D audio_hw_primary: check_usecases_codec_backend:becf: force routing 0
04-27 19:14:06.947   524  1889 E msm8916_platform: platform_check_backends_match: Invalid snd_device = 
04-27 19:14:06.947   524  1889 D audio_hw_primary: check_usecases_codec_backend:becf: (63) check_usecases curr device: speaker, usecase device: backends match 0
04-27 19:14:06.947   524  1889 D audio_hw_primary: check_usecases_codec_backend:becf: check_usecases num.of Usecases to switch 0
04-27 19:14:06.947   524  1889 D hardware_info: hw_info_append_hw_type : device_name = speaker
04-27 19:14:06.947   524  1889 D msm8916_platform: platform_split_snd_device: snd_device(2) num devices(0) new_snd_devices(0)
04-27 19:14:06.947   524  1889 D audio_hw_primary: enable_snd_device: snd_device(2: speaker)
04-27 19:14:06.947   524  1889 D audio_route: Apply path: speaker
04-27 19:14:06.949   531   584 W SDM     : HWPrimary::PopulateDisplayAttributes: Driver doesn't report panel physical width and height - defaulting to 320dpi
04-27 19:14:06.954   524  1889 D audio_hw_utils: audio_extn_utils_send_app_type_cfg: usecase->out_snd_device speaker
04-27 19:14:06.954   524  1889 D msm8916_platform: platform_split_snd_device: snd_device(2) num devices(0) new_snd_devices(0)
04-27 19:14:06.954   524  1889 D audio_hw_utils: audio_extn_btsco_get_sample_rate:Not a BT SCO device, need not update sampling rate
04-27 19:14:06.954   524  1889 I audio_hw_utils: send_app_type_cfg_for_device PLAYBACK app_type 69937, acdb_dev_id 14, sample_rate 48000, snd_device_be_idx 43
04-27 19:14:06.954   524  1889 D msm8916_platform: platform_split_snd_device: snd_device(2) num devices(1) new_snd_devices(0)
04-27 19:14:06.955   524  1889 D audio_hw_utils: audio_extn_btsco_get_sample_rate:Not a BT SCO device, need not update sampling rate
04-27 19:14:06.955   524  1889 D ACDB-LOADER: ACDB -> send_audio_cal, acdb_id = 14, path = 0, app id = 0x11131, sample rate = 48000, afe_sample_rate = 48000
04-27 19:14:06.955   524  1889 D ACDB-LOADER: ACDB -> send_asm_topology
04-27 19:14:06.955   524  1889 D ACDB-LOADER: ACDB -> ACDB_CMD_GET_AUDPROC_STREAM_TOPOLOGY_ID
04-27 19:14:06.955   524  1889 D ACDB-LOADER: ACDB -> send_adm_topology
04-27 19:14:06.955   524  1889 D ACDB-LOADER: ACDB -> ACDB_CMD_GET_AUDPROC_COMMON_TOPOLOGY_ID
04-27 19:14:06.955   524  1889 D ACDB-LOADER: ACDB -> send_audtable
04-27 19:14:06.955   524  1889 D ACDB-LOADER: ACDB -> ACDB_CMD_GET_AUDPROC_COMMON_TABLE_SIZE
04-27 19:14:06.955   524  1889 D ACDB-LOADER: ACDB -> ACDB_CMD_GET_AUDPROC_COMMON_TABLE
04-27 19:14:06.955   524  1889 D ACDB-LOADER: ACDB -> AUDIO_SET_AUDPROC_CAL cal_type[11] acdb_id[14] app_type[69937]
04-27 19:14:06.955   524  1889 D ACDB-LOADER: ACDB -> send_audvoltable
04-27 19:14:06.955   524  1889 D ACDB-LOADER: ACDB -> ACDB_CMD_GET_AUDPROC_GAIN_DEP_STEP_TABLE_SIZE
04-27 19:14:06.955   524  1889 D ACDB-LOADER: ACDB -> ACDB_CMD_GET_AUDPROC_GAIN_DEP_STEP_TABLE, vol index 0
04-27 19:14:06.955   524  1889 D ACDB-LOADER: ACDB -> AUDIO_SET_VOL_CAL cal type = 12
04-27 19:14:06.955   524  1889 D ACDB-LOADER: ACDB -> ACDB_CMD_GET_AUDPROC_STREAM_TABLE_SIZE
04-27 19:14:06.955   524  1889 D ACDB-LOADER: ACDB -> send_audstrmtable
04-27 19:14:06.955   524  1889 D ACDB-LOADER: ACDB -> ACDB_CMD_GET_AUDPROC_STREAM_TABLE_V2
04-27 19:14:06.955   524  1889 D ACDB-LOADER: ACDB -> audstrm_cal->cal_type.cal_data.cal_size = 16
04-27 19:14:06.955   524  1889 D ACDB-LOADER: ACDB -> send_afe_topology
04-27 19:14:06.955   524  1889 D ACDB-LOADER: ACDB -> ACDB_CMD_GET_AFE_TOPOLOGY_ID
04-27 19:14:06.955   524  1889 D ACDB-LOADER: ACDB -> GET_AFE_TOPOLOGY_ID for adcd_id 14, Topology Id 1000fc01
04-27 19:14:06.955   524  1889 D ACDB-LOADER: ACDB -> send_afe_cal
04-27 19:14:06.955   524  1889 D ACDB-LOADER: ACDB -> ACDB_CMD_GET_AFE_COMMON_TABLE_SIZE
04-27 19:14:06.955   524  1889 D ACDB-LOADER: ACDB -> ACDB_CMD_GET_AFE_COMMON_TABLE
04-27 19:14:06.955   524  1889 D ACDB-LOADER: ACDB -> AUDIO_SET_AFE_CAL cal_type[16] acdb_id[14]
04-27 19:14:06.955   524  1889 D ACDB-LOADER: ACDB -> send_hw_delay : acdb_id = 14 path = 0
04-27 19:14:06.955   524  1889 D ACDB-LOADER: ACDB -> ACDB_AVSYNC_INFO: ACDB_CMD_GET_DEVICE_PROPERTY
04-27 19:14:06.955   524  1889 D msm8916_platform: platform_split_snd_device: snd_device(2) num devices(0) new_snd_devices(0)
04-27 19:14:06.955   524  1889 I msm8916_platform: platform_get_custom_mtmx_params: no matching param with id 0 ip_ch 2 op_ch 1 uc_id 1 snd_dev 2
04-27 19:14:06.955   524  1889 D audio_hw_primary: enable_audio_route: apply mixer and update path: low-latency-playback
04-27 19:14:06.955   524  1889 D audio_route: Apply path: low-latency-playback
04-27 19:14:06.957   524  1889 D audio_hw_primary: select_devices: done
04-27 19:14:06.959   524  1889 D msm8916_platform: platform_set_channel_map mixer_ctl_name:Playback Channel Map12
04-27 19:14:06.959   524  1889 D msm8916_platform: platform_set_channel_map: set mapping(1 2 0 0 0 0 0 0) for channel:2
04-27 19:14:07.003   524  1889 D audio_hw_primary: start_output_stream: exit
04-27 19:14:07.003   524  1889 D msm8916_platform: platform_split_snd_device: snd_device(2) num devices(0) new_snd_devices(0)
04-27 19:14:07.003   524  1889 I msm8916_platform: platform_get_custom_mtmx_params: no matching param with id 0 ip_ch 2 op_ch 1 uc_id 1 snd_dev 2
04-27 19:14:07.167   524  1503 I chatty  : uid=1041(audioserver) HwBinder:524_5 identical 8 lines
04-27 19:14:07.288  1146  1146 I chatty  : uid=2000(shell) app_process expire 15 lines
04-27 19:14:07.626  1263  1487 I chatty  : uid=1000(system) WifiService expire 1 line
04-27 19:14:07.626  1752  2876 D QCNEJ/WlanStaInfoRelay: onChange for uri = content://settings/global/wifi_on
04-27 19:14:07.629   703   703 W wificond: No pno scan started
04-27 19:14:07.629   703   703 W wificond: Scheduled scan is not running!
04-27 19:14:07.630  1263  1490 I chatty  : uid=1000(system) WifiScanningSer expire 4 lines
04-27 19:14:07.631   703   703 W wificond: No pno scan started
04-27 19:14:07.631   703   703 W wificond: Scheduled scan is not running!
04-27 19:14:07.633   538   538 W android.hardware.wifi@1.0-service: No active wlan interfaces in use! Using default
04-27 19:14:07.638  1146  1163 I chatty  : uid=2000(shell) app_process expire 2 lines
04-27 19:14:07.638   703   703 I wificond: Unsubscribe scan result for interface with index: 30
04-27 19:14:07.655   538   538 I chatty  : uid=1010 wifi@1.0-servic expire 22 lines
04-27 19:14:07.656  1263  1319 I chatty  : uid=1000(system) android.fg expire 10 lines
04-27 19:14:07.659   538   538 E android.hardware.wifi@1.0-service: Failed to open directory: Permission denied
04-27 19:14:07.659   538   538 E android.hardware.wifi@1.0-service: Error occurred while deleting old tombstone files
04-27 19:14:07.659   538   538 E android.hardware.wifi@1.0-service: Error writing files to flash
04-27 19:14:07.661   538  2479 I chatty  : uid=1010 wifi@1.0-servic expire 5 lines
04-27 19:14:07.662   538  2479 I android.hardware.wifi@1.0-service: Legacy HAL stop complete callback received
04-27 19:14:07.801   531   584 I chatty  : uid=1000(system) HwBinder:531_1 expire 2 lines
04-27 19:14:07.864  1263  1516 I chatty  : uid=1000(system) EthernetService expire 8 lines
04-27 19:14:08.308   623   657 D ThermalEngine: zone:0 sensor:xo-therm-adc temp:41024 trip:0 event:0
04-27 19:14:08.308   623   670 D ThermalEngine: sensor_monitor: xo-therm-adc Reading 41024 .
04-27 19:14:08.308   623   670 I ThermalEngine: Sensor:xo-therm-adc:41024 mC
04-27 19:14:08.308   623   670 D ThermalEngine: update_active_thresh: xo-therm-adc Active(1), Hi(1) 43000, Lo(1) 39000, desc(0) Interval(1) 2000
04-27 19:14:08.309   623   670 D ThermalEngine: sensor_monitor: xo-therm-adc Sensor wait.
04-27 19:14:08.375  1165  1165 I chatty  : uid=2000(shell) expire 12 lines
04-27 19:14:08.478   538   538 I android.hardware.wifi@1.0-service: Wifi HAL stopped
04-27 19:14:08.480  1263  1489 I chatty  : uid=1000(system) WifiP2pService expire 12 lines
04-27 19:14:08.484  1263  1336 W BroadcastQueue: Background execution not allowed: receiving Intent { act=android.net.wifi.WIFI_STATE_CHANGED flg=0x4000010 (has extras) } to com.jio.myjio/.jionet.receiver.WifiScanReceiver
04-27 19:14:08.484  1263  1336 W BroadcastQueue: Background execution not allowed: receiving Intent { act=android.net.wifi.WIFI_STATE_CHANGED flg=0x4000010 (has extras) } to com.jio.myjio/com.bb.lib.receiver.NetworkChangeReceiver
04-27 19:14:08.486  1263  1263 I chatty  : uid=1000 system_server expire 5 lines
04-27 19:14:09.214   703   703 I wificond: Regulatory domain changed
04-27 19:14:09.226   703   703 E wificond: Failed to find expected wiphy info from NL80211_CMD_GET_WIPHY responses
04-27 19:14:09.226   703   703 I wificond: 2.4Ghz frequencies:
04-27 19:14:09.226   703   703 I wificond: 5Ghz non-DFS frequencies:
04-27 19:14:09.226   703   703 I wificond: 5Ghz DFS frequencies:
04-27 19:14:09.226   703   703 I wificond: Regulatory domain changed
04-27 19:14:09.226   703   703 E wificond: Failed to find expected wiphy info from NL80211_CMD_GET_WIPHY responses
04-27 19:14:09.226   703   703 I wificond: 2.4Ghz frequencies:
04-27 19:14:09.226   703   703 I wificond: 5Ghz non-DFS frequencies:
04-27 19:14:09.226   703   703 I wificond: 5Ghz DFS frequencies:
04-27 19:14:09.226   703   703 I wificond: Regulatory domain changed
04-27 19:14:09.226   703   703 E wificond: Failed to find expected wiphy info from NL80211_CMD_GET_WIPHY responses
04-27 19:14:09.226   703   703 I wificond: 2.4Ghz frequencies:
04-27 19:14:09.227   703   703 I wificond: 5Ghz non-DFS frequencies:
04-27 19:14:09.227   703   703 I wificond: 5Ghz DFS frequencies:
04-27 19:14:09.229   538   538 I android.hardware.wifi@1.0-service: Wifi HAL started
04-27 19:14:09.371  1192  1192 I chatty  : uid=1010(wifi) expire 137 lines
04-27 19:14:09.381  1263  1514 I chatty  : uid=1000(system) HwBinder:1263_3 expire 5 lines
04-27 19:14:09.476   538   538 I android.hardware.wifi@1.0-service: Adding interface handle for p2p0
04-27 19:14:09.476   538   538 I android.hardware.wifi@1.0-service: Adding interface handle for wlan0
04-27 19:14:09.476   538   538 W android.hardware.wifi@1.0-service: No active wlan interfaces in use! Using default
04-27 19:14:09.477   538   538 W android.hardware.wifi@1.0-service: No active wlan interfaces in use! Using default
04-27 19:14:09.482   538   538 I android.hardware.wifi@1.0-service: Configured chip in mode 0
04-27 19:14:09.482   538   538 W android.hardware.wifi@1.0-service: No active wlan interfaces in use! Using default
04-27 19:14:09.485  1263  1488 I chatty  : uid=1000(system) ClientModeImpl expire 92 lines
04-27 19:14:09.509   703   703 I wificond: setting base_wiphy_index_ to 3
04-27 19:14:09.511   703   703 I wificond: create scanner for interface with index: 32
04-27 19:14:09.512   703   703 I wificond: subscribe scan result for interface with index: 32
04-27 19:14:09.513   377   377 I hwservicemanager: getTransport: Cannot find entry android.hardware.wifi.offload@1.0::IOffload/default in either framework or device manifest.
04-27 19:14:09.513   703   703 E wificond: No Offload Service available
04-27 19:14:09.513   703   703 I wificond: Offload HAL not supported 
04-27 19:14:09.558  1192  1192 D wpa_supplicant: wpa_driver_nl80211_set_key: ifindex=32 (wlan0) alg=0 addr=0x0 key_idx=0 set_tx=0 seq_len=0 key_len=0
04-27 19:14:09.559  1192  1192 D wpa_supplicant: wpa_driver_nl80211_set_key: ifindex=32 (wlan0) alg=0 addr=0x0 key_idx=1 set_tx=0 seq_len=0 key_len=0
04-27 19:14:09.559  1192  1192 D wpa_supplicant: wpa_driver_nl80211_set_key: ifindex=32 (wlan0) alg=0 addr=0x0 key_idx=2 set_tx=0 seq_len=0 key_len=0
04-27 19:14:09.560  1192  1192 D wpa_supplicant: wpa_driver_nl80211_set_key: ifindex=32 (wlan0) alg=0 addr=0x0 key_idx=3 set_tx=0 seq_len=0 key_len=0
04-27 19:14:09.560  1192  1192 D wpa_supplicant: wpa_driver_nl80211_set_key: ifindex=32 (wlan0) alg=0 addr=0x0 key_idx=4 set_tx=0 seq_len=0 key_len=0
04-27 19:14:09.561  1192  1192 D wpa_supplicant: wpa_driver_nl80211_set_key: ifindex=32 (wlan0) alg=0 addr=0x0 key_idx=5 set_tx=0 seq_len=0 key_len=0
04-27 19:14:09.561  1192  1192 D wpa_supplicant: wlan0: RSN: flushing PMKID list in the driver
04-27 19:14:09.561  1192  1192 D wpa_supplicant: nl80211: Flush PMKIDs
04-27 19:14:09.561  1192  1192 D wpa_supplicant: wlan0: State: DISCONNECTED -> INACTIVE
04-27 19:14:09.561  1192  1192 D wpa_supplicant: Notifying state change event to hidl control: 2
04-27 19:14:09.577  1192  1192 D wpa_supplicant: TDLS: TDLS operation supported by driver
04-27 19:14:09.577  1192  1192 D wpa_supplicant: TDLS: Driver uses external link setup
04-27 19:14:09.577  1192  1192 D wpa_supplicant: TDLS: Driver does not support TDLS channel switching
04-27 19:14:09.577  1192  1192 D wpa_supplicant: wlan0: WPS: UUID based on MAC address: e1249385-aadd-515a-9c15-1d9cdd02b282
04-27 19:14:09.578  1192  1192 E wpa_supplicant: eap_proxy: eap_proxy_init
04-27 19:14:09.578  1192  1192 D wpa_supplicant: EAPOL: SUPP_PAE entering state DISCONNECTED
04-27 19:14:09.579  1192  1192 D wpa_supplicant: EAPOL: Supplicant port status: Unauthorized
04-27 19:14:09.579  1192  1192 D wpa_supplicant: nl80211: Skip set_supp_port(unauthorized) while not associated
04-27 19:14:09.579  1192  1192 D wpa_supplicant: EAPOL: KEY_RX entering state NO_KEY_RECEIVE
04-27 19:14:09.579  1192  1192 D wpa_supplicant: EAPOL: SUPP_BE entering state INITIALIZE
04-27 19:14:09.579  1192  1192 D wpa_supplicant: EAP: EAP entering state DISABLED
04-27 19:14:09.579  1192  1192 D wpa_supplicant: nl80211: Setting wowlan
04-27 19:14:09.580  1192  1192 E wpa_supplicant: eap_proxy:eap_proxy_get_imsi: Not initialized
04-27 19:14:09.580  1192  1192 D wpa_supplicant: eap_proxy: IMSI not available
04-27 19:14:09.580  1192  1192 D wpa_supplicant: MBO: Update non-preferred channels, non_pref_chan=N/A
04-27 19:14:09.580  1192  1192 D wpa_supplicant: nl80211: Scan default IEs - hexdump(len=21): 7f 0a 00 00 0a 02 00 40 00 00 00 01 dd 07 50 6f 9a 16 03 01 03
04-27 19:14:09.580  1192  1192 E wpa_supplicant: nl80211: Set scan default IEs failed: ret=-524 (Unknown error 524)
04-27 19:14:09.580  1192  1192 D wpa_supplicant: Registering interface to hidl control: wlan0
04-27 19:14:09.580  1192  1192 I wpa_supplicant: Mapping to vendor sta iface
04-27 19:14:09.580  1192  1192 D wpa_supplicant: wlan0: Added interface wlan0
04-27 19:14:09.580  1192  1192 D wpa_supplicant: wlan0: State: INACTIVE -> DISCONNECTED
04-27 19:14:09.580  1192  1192 D wpa_supplicant: nl80211: Set wlan0 operstate 0->0 (DORMANT)
04-27 19:14:09.580  1192  1192 D wpa_supplicant: netlink: Operstate: ifindex=32 linkmode=-1 (no change), operstate=5 (IF_OPER_DORMANT)
04-27 19:14:09.580  1192  1192 D wpa_supplicant: Notifying state change event to hidl control: 0
04-27 19:14:09.580  1192  1192 E wpa_supplicant: No VendorStaIfaceCallback is register
04-27 19:14:09.581  1192  1192 D wpa_supplicant: RTM_NEWLINK: ifi_index=32 ifname=wlan0 operstate=2 linkmode=1 ifi_family=0 ifi_flags=0x1003 ([UP])
04-27 19:14:09.584  1192  1196 E wpa_supplicant: eap_proxy: num_modems = 1
04-27 19:14:09.584  1192  1196 E wpa_supplicant: eap_proxy: eap_proxy Initializing for DUAL SIM build 2 tid 1196
04-27 19:14:09.585  1192  1196 E QMI_FW  : QMUXD: WARNING qmi_qmux_if_pwr_up_init failed! rc=-6
04-27 19:14:09.589  1192  1196 E wpa_supplicant: eap_proxy: QMI_UIM_EVENT_REG_REQ_V01, qmi_err_code: 0x0 wpa_uim[0].qmi_uim_svc_client_ptr =0x1Error=0x0
04-27 19:14:09.589  1192  1196 E wpa_supplicant: eap_proxy: event_resp_msg.event=1,
04-27 19:14:09.589  1192  1196 E wpa_supplicant: eap_proxy: reading card 1 values
04-27 19:14:09.591  1192  1196 E wpa_supplicant: eap_proxy: card_info[i].card_state: 0x1
04-27 19:14:09.591  1192  1196 E wpa_supplicant: eap_proxy: card_info[i].error_code: 0x0
04-27 19:14:09.591  1192  1196 E wpa_supplicant: eap_proxy: read_card_status: prime slot = 0
04-27 19:14:09.591  1192  1196 E wpa_supplicant: eap_proxy: card READY
04-27 19:14:09.591  1192  1196 E wpa_supplicant: eap_proxy: card_info[i].app_type: 0x2
04-27 19:14:09.591  1192  1196 E wpa_supplicant: eap_proxy: card_info[i].app_state : 0x7
04-27 19:14:09.591  1192  1196 E wpa_supplicant: eap_proxy: card found for SIM = 1
04-27 19:14:09.591  1192  1196 E wpa_supplicant: eap_proxy: SIM/USIM ready
04-27 19:14:09.592  1192  1196 E wpa_supplicant: eap_proxy: QMI uim service client initialized with success tid is 1196 0x1 0
04-27 19:14:09.592  1192  1196 E wpa_supplicant: eap_proxy: QMI auth service client initialized with success tid is 1196  0x2 eapol_proxy=0x7fd9b11c
04-27 19:14:09.592  1192  1196 E wpa_supplicant: registering for notification codes
04-27 19:14:09.593  1192  1192 I wpa_supplicant: get vendor sta iface object
04-27 19:14:09.593  1192  1196 E wpa_supplicant: eap_proxy: QMI_UIM_EVENT_REG_REQ_V01, qmi_err_code: 0x0 wpa_uim[1].qmi_uim_svc_client_ptr =0x3Error=0x0
04-27 19:14:09.593  1192  1196 E wpa_supplicant: eap_proxy: event_resp_msg.event=1,
04-27 19:14:09.593  1192  1196 E wpa_supplicant: eap_proxy: reading card 2 values
04-27 19:14:09.594  1192  1196 E wpa_supplicant: eap_proxy: SIM/USIM not ready card_found=0
04-27 19:14:09.594  1192  1196 E wpa_supplicant: eap_proxy: Error while reading SIM card status
04-27 19:14:09.595  1192  1196 E wpa_supplicant: eap_proxy: QMI uim service client initialized with success tid is 1196 0x3 0
04-27 19:14:09.595  1192  1196 E wpa_supplicant: eap_proxy: QMI auth service client initialized with success tid is 1196  0x4 eapol_proxy=0x7fd9b11c
04-27 19:14:09.595  1192  1196 E wpa_supplicant: registering for notification codes
