04-30 20:00:18.278  2806  2806 I Telephony: GsmConnection: isAddParticipantCapable: isCapable = false: (SBC.oSC)->CS.crCo->H.CS.crCo->H.CS.crCo.pICR@E-BJk
04-30 20:00:18.308  1063  1320 I chatty  : uid=1000(system) android.display expire 2 lines
04-30 20:00:18.331  2806  2806 I Telephony: GsmConnection: isAddParticipantCapable: isCapable = false: (SBC.oSC)->CS.crCo->H.CS.crCo->H.CS.crCo.pICR@E-BJk
04-30 20:00:18.333  1063  3460 I chatty  : uid=1000(system) Binder:1063_10 expire 13 lines
04-30 20:00:18.337  1063  2860 I chatty  : uid=1000(system) CallAudioModeSt expire 2 lines
04-30 20:00:18.349  1063  3460 I chatty  : uid=1000(system) Binder:1063_10 expire 22 lines
04-30 20:00:18.362  2806  2806 I Telephony: GsmConnection: isAddParticipantCapable: isCapable = false
04-30 20:00:18.374  2806  2806 I Telephony: GsmConnection: isAddParticipantCapable: isCapable = false
04-30 20:00:18.375  1063  1328 I chatty  : uid=1000(system) ActivityManager expire 6 lines
04-30 20:00:18.378  2806  2806 I Telephony: GsmConnection: isAddParticipantCapable: isCapable = false
04-30 20:00:18.386  1063  2859 I chatty  : uid=1000(system) uteStateMachine expire 5 lines
04-30 20:00:18.402  3293  3293 W ContextImpl: Calling a method in the system process without a qualified user: android.app.ContextImpl.startService:1570 android.content.ContextWrapper.startService:669 com.redbend.app.SmmService.sendIntentEvent:373 com.redbend.client.ClientService.sendEvent:586 com.redbend.client.ClientService$DilPhoneStateListener.sendVoiceCallUpdate:1737 
04-30 20:00:18.462  1063  1329 I chatty  : uid=1000(system) ActivityManager expire 6 lines
04-30 20:00:18.470  2806  2806 I Telephony: TelephonyConnectionService: notifyCreateConnectionComplete TC@7_1: (...->CSW.hCCC)->CS.crCoC->H.CS.crCoC@E-E-E-BJk
04-30 20:00:18.472  2806  2806 I Telephony: TelephonyConnectionService: updatePhoneAccount setPhoneAccountHandle, account = ComponentInfo{com.android.phone/com.android.services.telephony.TelephonyConnectionService}, ***, UserHandle{0}: (...->CSW.hCCC)->CS.crCoC->H.CS.crCoC@E-E-E-BJk
04-30 20:00:18.568  1063  1551 I chatty  : uid=1000(system) InputReader expire 1 line
04-30 20:00:18.571  1063  1063 I chatty  : uid=1000 system_server expire 1 line
04-30 20:00:18.595  1063  1344 I chatty  : uid=1000(system) PowerManagerSer expire 5 lines
04-30 20:00:18.663  1063  2295 I chatty  : uid=1000(system) Binder:1063_1C expire 10 lines
04-30 20:00:18.668  1063  1333 I chatty  : uid=1000(system) batterystats-wo expire 1 line
04-30 20:00:18.711  1063  1320 I chatty  : uid=1000(system) android.display expire 1 line
04-30 20:00:19.215  2806  2806 I Telephony: GsmConnection: isAddParticipantCapable: isCapable = false
04-30 20:00:19.229  1063  1223 I chatty  : uid=1000(system) Binder:1063_2 expire 5 lines
04-30 20:00:19.247  1063  2860 I chatty  : uid=1000(system) CallAudioModeSt expire 2 lines
04-30 20:00:19.257  1063  2852 I chatty  : uid=1000(system) BluetoothRouteM expire 1 line
04-30 20:00:19.287  1063  1317 I chatty  : uid=1000(system) android.fg expire 3 lines
04-30 20:00:19.433  1063  3952 I chatty  : uid=1000 system_server expire 1 line
04-30 20:00:19.545  1063  3774 I chatty  : uid=1000(system) Binder:1063_20 expire 3 lines
04-30 20:00:20.835  1063  1319 I chatty  : uid=1000(system) android.io expire 3 lines
04-30 20:00:21.335  3917  3989 E ActivityThread: Failed to find provider info for com.google.android.apps.messaging.shared.datamodel.provider.sharedstorage.SharedStorageProvider
04-30 20:00:21.516  1063  1563 I chatty  : uid=1000(system) Binder:1063_19 expire 1 line
04-30 20:00:22.371  2806  2806 I Telephony: GsmConnection: isAddParticipantCapable: isCapable = false
04-30 20:00:22.459  2806  2806 I Telephony: GsmConnection: isAddParticipantCapable: isCapable = false
04-30 20:00:22.477  1063  3450 I chatty  : uid=1000(system) Binder:1063_F expire 15 lines
04-30 20:00:22.490  1063  2860 I chatty  : uid=1000(system) CallAudioModeSt expire 1 line
04-30 20:00:22.504  2806  2806 I Telephony: GsmConnection: isAddParticipantCapable: isCapable = true
04-30 20:00:22.507  1063  1563 I chatty  : uid=1000(system) Binder:1063_19 expire 5 lines
04-30 20:00:22.516  2806  2806 I Telephony: GsmConnection: isAddParticipantCapable: isCapable = true
04-30 20:00:22.779  1063  2779 I chatty  : uid=1000(system) Binder:1063_9 expire 2 lines
04-30 20:00:23.693  1063  1329 I chatty  : uid=1000(system) ActivityManager expire 11 lines
04-30 20:00:23.751  1063  1328 I chatty  : uid=1000(system) ActivityManager expire 21 lines
04-30 20:00:23.817  1063  1329 I chatty  : uid=1000(system) ActivityManager expire 2 lines
04-30 20:00:23.971  1063  3450 I chatty  : uid=1000(system) Binder:1063_F expire 2 lines
04-30 20:00:24.044  1063  1563 I chatty  : uid=1000(system) Binder:1063_19 expire 1 line
04-30 20:00:24.073  1063  1318 I chatty  : uid=1000(system) android.ui expire 1 line
04-30 20:00:25.979  1063  3774 I chatty  : uid=1000(system) Binder:1063_20 expire 1 line
04-30 20:00:26.085  1063  2395 I chatty  : uid=1000(system) ConnectivitySer expire 1 line
04-30 20:00:26.705  1063  3460 I chatty  : uid=1000(system) Binder:1063_10 expire 3 lines
04-30 20:00:26.775  1063  1319 I chatty  : uid=1000(system) android.io expire 1 line
04-30 20:00:26.854  1063  1259 I chatty  : uid=1000(system) Binder:1063_18 expire 2 lines
04-30 20:00:35.869  1063  1333 I chatty  : uid=1000(system) batterystats-wo expire 2 lines
04-30 20:00:37.218  1063  1918 I chatty  : uid=1000(system) Binder:1063_1A expire 1 line
04-30 20:00:41.554  1063  2896 I chatty  : uid=1000(system) Binder:1063_A expire 5 lines
04-30 20:00:41.578  2806  2806 I Telephony: GsmConnection: isAddParticipantCapable: isCapable = false
04-30 20:00:41.583  1063  3930 I chatty  : uid=1000(system) Binder:1063_16 expire 20 lines
04-30 20:00:41.604  2806  2806 I Telephony: GsmConnection: isAddParticipantCapable: isCapable = false
04-30 20:00:41.689  1063  2896 I chatty  : uid=1000(system) Binder:1063_A expire 1 line
04-30 20:00:41.697  1063  1918 I chatty  : uid=1000(system) Binder:1063_1A expire 2 lines
04-30 20:00:41.702  2806  2806 I Telephony: GsmConnection: isAddParticipantCapable: isCapable = false
04-30 20:00:41.715  2806  3912 I Telephony: : onDisconnect: callId=TC@7_1, cause=LOCAL
04-30 20:00:41.749  2806  2806 I Telephony: GsmConnection: isAddParticipantCapable: isCapable = false
04-30 20:00:41.751  2806  2806 I Telephony: GsmConnection: isAddParticipantCapable: isCapable = false
04-30 20:00:41.768  3293  3293 W ContextImpl: Calling a method in the system process without a qualified user: android.app.ContextImpl.startService:1570 android.content.ContextWrapper.startService:669 com.redbend.app.SmmService.sendIntentEvent:373 com.redbend.client.ClientService.sendEvent:586 com.redbend.client.ClientService$DilPhoneStateListener.sendVoiceCallUpdate:1737 
04-30 20:00:41.777  1063  1328 I chatty  : uid=1000(system) ActivityManager expire 6 lines
04-30 20:00:41.837  1063  1329 I chatty  : uid=1000(system) ActivityManager expire 2 lines
04-30 20:00:41.846  1063  2859 I chatty  : uid=1000(system) uteStateMachine expire 3 lines
04-30 20:00:41.878  1063  2860 I chatty  : uid=1000(system) CallAudioModeSt expire 3 lines
04-30 20:00:41.911  1063  1063 I chatty  : uid=1000 system_server expire 12 lines
04-30 20:00:41.934  1063  2859 I chatty  : uid=1000(system) uteStateMachine expire 11 lines
04-30 20:00:41.954  1063  2852 I chatty  : uid=1000(system) BluetoothRouteM expire 1 line
04-30 20:00:41.962  1063   811 I chatty  : uid=1000 system_server expire 1 line
04-30 20:00:43.304  1063  2860 I chatty  : uid=1000(system) CallAudioModeSt expire 2 lines
04-30 20:00:43.798  1063  3460 I chatty  : uid=1000(system) Binder:1063_10 expire 3 lines
04-30 20:00:43.901   799   933 E ActivityThread: Failed to find provider info for com.google.android.apps.messaging.shared.datamodel.provider.sharedstorage.SharedStorageProvider
04-30 20:00:44.723  1063  1328 I chatty  : uid=1000(system) ActivityManager expire 14 lines
04-30 20:00:44.733  1063  1329 I chatty  : uid=1000(system) ActivityManager expire 3 lines
04-30 20:00:44.796  1063  2896 I chatty  : uid=1000(system) Binder:1063_A expire 2 lines
04-30 20:00:44.796  1063  2395 I chatty  : uid=1000(system) ConnectivitySer expire 2 lines
04-30 20:00:44.831  1063  3930 I chatty  : uid=1000(system) Binder:1063_16 expire 1 line
04-30 20:00:44.907  1063  3774 I chatty  : uid=1000(system) Binder:1063_20 expire 1 line
04-30 20:00:45.562  1063  1320 I chatty  : uid=1000(system) android.display expire 1 line
04-30 20:00:45.730  1063  1318 I chatty  : uid=1000(system) android.ui expire 1 line
04-30 20:00:49.463  1063  2132 I chatty  : uid=1000(system) Binder:1063_1B expire 3 lines
04-30 20:00:49.721  1063  1329 I ActivityManager: Start proc 1438:com.android.calllogbackup/u0a38 for broadcast {com.android.calllogbackup/com.android.calllogbackup.CallLogChangeReceiver}
04-30 20:00:49.941  1063  3508 I ActivityManager: Killing 3760:org.codeaurora.dialer/u0a96 (adj 940): cached #5
04-30 20:00:50.076  1063  1320 W ActivityManager: setHasOverlayUi called on unknown pid: 3760
04-30 20:00:50.685  1063  3508 I ActivityManager: Killing 1094:com.jio.myjio/u0a54 (adj 940): cached #5
04-30 20:01:12.942  1063  1329 I ActivityManager: Start proc 1519:com.android.vending/u0a83 for service {com.android.vending/com.google.android.finsky.scheduler.JobSchedulerEngine$PhoneskyJobSchedulerJobService}
04-30 20:01:13.289  1063  2132 I ActivityManager: Killing 1438:com.android.calllogbackup/u0a38 (adj 940): cached #5
04-30 20:01:13.304  1063  2132 I ActivityManager: Killing 1914:android.process.acore/u0a38 (adj 950): cached #6
04-30 20:01:14.513  1063  1528 D ConnectivityService: requestNetwork for uid/pid:10083/1519 NetworkRequest [ TRACK_DEFAULT id=163, [ Capabilities: INTERNET&NOT_RESTRICTED&TRUSTED Uid: 10083] ]
04-30 20:01:25.262  1063  1329 I ActivityManager: Start proc 1653:com.android.vending:download_service/u0a83 for service {com.android.vending/com.google.android.finsky.downloadservice.DownloadService}
04-30 20:01:25.846  1063  1223 D ConnectivityService: requestNetwork for uid/pid:10083/1653 NetworkRequest [ TRACK_DEFAULT id=165, [ Capabilities: INTERNET&NOT_RESTRICTED&TRUSTED Uid: 10083] ]
04-30 20:01:25.856  1063  1223 I ActivityManager: Killing 1346:com.google.android.gms/u0a91 (adj 940): cached #5
04-30 20:01:50.299  1063  2778 I ActivityManager: Killing 669:com.google.process.gservices/u0a91 (adj 940): cached #5
04-30 20:01:56.102  1063  1546 I DropBoxManagerService: add tag=system_server_wtf isTagEnabled=true flags=0x2
04-30 20:01:57.566  1063  1329 W ActivityManager: Slow operation: 104ms so far, now at startProcess: returned from zygote!
04-30 20:01:57.567  1063  1329 W ActivityManager: Slow operation: 105ms so far, now at startProcess: done updating battery stats
04-30 20:01:57.567  1063  1329 W ActivityManager: Slow operation: 105ms so far, now at startProcess: building log message
04-30 20:01:57.567  1063  1329 I ActivityManager: Start proc 1695:com.android.cellbroadcastreceiver/u0a50 for broadcast {com.android.cellbroadcastreceiver/com.android.cellbroadcastreceiver.CellBroadcastReceiver}
04-30 20:01:57.567  1063  1329 W ActivityManager: Slow operation: 105ms so far, now at startProcess: starting to update pids map
04-30 20:01:57.568  1063  1329 W ActivityManager: Slow operation: 106ms so far, now at startProcess: done updating pids map
04-30 20:01:57.863  1063  2778 I ActivityManager: Killing 1653:com.android.vending:download_service/u0a83 (adj 940): cached #5
04-30 20:01:57.925  1063  1047 D ConnectivityService: ConnectivityService NetworkRequestInfo binderDied(NetworkRequest [ TRACK_DEFAULT id=165, [ Capabilities: INTERNET&NOT_RESTRICTED&TRUSTED Uid: 10083] ], android.os.BinderProxy@777b5d9)
04-30 20:01:57.926  1063  2395 D ConnectivityService: releasing NetworkRequest [ TRACK_DEFAULT id=165, [ Capabilities: INTERNET&NOT_RESTRICTED&TRUSTED Uid: 10083] ] (release request)
04-30 20:01:58.118  1063  1328 W BroadcastQueue: Background execution not allowed: receiving Intent { act=android.intent.action.DROPBOX_ENTRY_ADDED flg=0x10 (has extras) } to com.google.android.gms/.stats.service.DropBoxEntryAddedReceiver
04-30 20:01:58.119  1063  1328 W BroadcastQueue: Background execution not allowed: receiving Intent { act=android.intent.action.DROPBOX_ENTRY_ADDED flg=0x10 (has extras) } to com.google.android.gms/.chimera.GmsIntentOperationService$PersistentTrustedReceiver
04-30 20:01:58.222  1063  1329 I ActivityManager: Start proc 1722:com.google.android.gms/u0a91 for service {com.google.android.gms/com.google.android.gms.chimera.GmsIntentOperationService}
04-30 20:01:58.716  1063  1329 I ActivityManager: Start proc 1748:com.google.process.gservices/u0a91 for content provider {com.google.android.gsf/com.google.android.gsf.gservices.GservicesProvider}
04-30 20:02:07.060  1063  2778 I ActivityManager: Killing 1519:com.android.vending/u0a83 (adj 940): cached #5
04-30 20:02:07.151  1063  2132 D ConnectivityService: ConnectivityService NetworkRequestInfo binderDied(NetworkRequest [ TRACK_DEFAULT id=163, [ Capabilities: INTERNET&NOT_RESTRICTED&TRUSTED Uid: 10083] ], android.os.BinderProxy@8286cd)
04-30 20:02:07.151  1063  1918 D ConnectivityService: ConnectivityService NetworkRequestInfo binderDied(NetworkRequest [ LISTEN id=164, [ Capabilities: INTERNET&NOT_RESTRICTED&TRUSTED Uid: 10083] ], android.os.BinderProxy@c340b82)
04-30 20:02:07.153  1063  2395 D ConnectivityService: releasing NetworkRequest [ TRACK_DEFAULT id=163, [ Capabilities: INTERNET&NOT_RESTRICTED&TRUSTED Uid: 10083] ] (release request)
04-30 20:02:18.150  1063  1317 D AutofillManagerService: Close system dialogs
04-30 20:02:18.152  1063  1318 I ActivityTaskManager: START u0 {act=android.intent.action.MAIN cat=[android.intent.category.HOME] flg=0x10000100 cmp=com.android.launcher3/.Launcher (has extras)} from uid 0
04-30 20:02:18.251  1063  1318 I ActivityTaskManager: START u0 {act=android.intent.action.MAIN cat=[android.intent.category.HOME] flg=0x10000100 cmp=com.android.launcher3/.Launcher (has extras)} from uid 0
04-30 20:02:18.252  1063  1317 D AutofillManagerService: Close system dialogs
04-30 20:02:18.306  2669  2669 E ActivityThread: Failed to find provider info for com.jio.os.content.ContentFeedProvider
04-30 20:02:18.316  2669  2669 E ActivityThread: Failed to find provider info for com.jio.os.content.ContentFeedProvider
04-30 20:02:18.688  1063  1320 W ActivityTaskManager: Activity pause timeout for ActivityRecord{460bce7 u0 com.android.camera2/com.android.camera.CaptureActivity t11}
04-30 20:02:19.073  1063  1223 I ActivityManager: Killing 1695:com.android.cellbroadcastreceiver/u0a50 (adj 930): cached #5
04-30 20:02:19.871  1063  1918 I ActivityTaskManager: START u0 {flg=0x10000000 cmp=com.caf.fmradio/.FMRadio} from uid 2000
04-30 20:02:19.983  1063  1329 I ActivityManager: Start proc 1930:com.caf.fmradio/1000 for activity {com.caf.fmradio/com.caf.fmradio.FMRadio}
04-30 20:02:20.005  1063  1343 W ProcessCpuTracker: Failed to stat(/proc/1922): android.system.ErrnoException: stat failed: ENOENT (No such file or directory)
04-30 20:02:20.005  1063  1343 W ProcessCpuTracker: Skipping unknown process pid 1922
04-30 20:02:20.747  1930  1930 W ContextImpl: Calling a method in the system process without a qualified user: android.app.ContextImpl.startService:1570 android.content.ContextWrapper.startService:669 com.caf.fmradio.FMRadio.bindToService:2923 com.caf.fmradio.FMRadio.onStart:473 android.app.Instrumentation.callActivityOnStart:1433 
04-30 20:02:20.753  1930  1930 W ContextImpl: Calling a method in the system process without a qualified user: android.app.ContextImpl.bindService:1649 android.content.ContextWrapper.bindService:705 com.caf.fmradio.FMRadio.bindToService:2926 com.caf.fmradio.FMRadio.onStart:473 android.app.Instrumentation.callActivityOnStart:1433 
04-30 20:02:20.799  1063  1319 D BluetoothManagerService: MESSAGE_REGISTER_ADAPTER
04-30 20:02:21.413  1063  1320 I ActivityManager: Killing 1722:com.google.android.gms/u0a91 (adj 930): cached #5
04-30 20:02:24.255  1063  1319 I DropBoxManagerService: add tag=system_app_strictmode isTagEnabled=true flags=0x2
04-30 20:02:26.263  1063  1328 W BroadcastQueue: Background execution not allowed: receiving Intent { act=android.intent.action.DROPBOX_ENTRY_ADDED flg=0x10 (has extras) } to com.google.android.gms/.stats.service.DropBoxEntryAddedReceiver
04-30 20:02:26.264  1063  1328 W BroadcastQueue: Background execution not allowed: receiving Intent { act=android.intent.action.DROPBOX_ENTRY_ADDED flg=0x10 (has extras) } to com.google.android.gms/.chimera.GmsIntentOperationService$PersistentTrustedReceiver
04-30 20:02:26.326  1063  1329 I ActivityManager: Start proc 1971:com.google.android.gms/u0a91 for service {com.google.android.gms/com.google.android.gms.chimera.GmsIntentOperationService}
04-30 20:03:14.790  1063  1329 I ActivityManager: Start proc 2022:com.jio.media.ondemand/u0a67 for service {com.jio.media.ondemand/com.madme.mobile.sdk.service.LSJobService2}
04-30 20:03:14.852  1063  2295 I ActivityManager: Killing 1971:com.google.android.gms/u0a91 (adj 930): cached #5
04-30 20:03:15.582  1063  2132 W ActivityManager: Unable to start service Intent { cmp=com.jio.media.ondemand/com.jio.media.framework.services.external.mediamanager.JioMediaDownloaderService } U=0: not found
04-30 20:03:15.850  1063  1329 I ActivityManager: Start proc 2075:com.google.android.gms/u0a91 for service {com.google.android.gms/com.google.android.gms.ads.identifier.service.AdvertisingIdService}
04-30 20:03:17.244  1063  2778 I ActivityManager: Killing 1748:com.google.process.gservices/u0a91 (adj 920): cached #5
04-30 20:03:17.261  1063  2162 I DropBoxManagerService: add tag=system_app_wtf isTagEnabled=true flags=0x2
04-30 20:03:17.302  1063  1329 I ActivityManager: Start proc 2164:com.jio.jioplay.tv/u0a74 for service {com.jio.jioplay.tv/com.madme.mobile.sdk.service.LSJobService2}
04-30 20:03:17.455  2075  2075 I ActivityThread: Removing dead content provider:android.content.ContentProviderProxy@79ddc06
04-30 20:03:17.923  1063  2778 W ActivityManager: Permission Denial: opening provider o.aeG from ProcessRecord{8e4f6df 2164:com.jio.jioplay.tv/u0a74} (pid=2164, uid=10074) that is not exported from UID 10068
04-30 20:03:18.016  1063  1640 W ActivityManager: Permission Denial: opening provider o.aeG from ProcessRecord{8e4f6df 2164:com.jio.jioplay.tv/u0a74} (pid=2164, uid=10074) that is not exported from UID 10068
04-30 20:03:18.330  1063  1329 I ActivityManager: Start proc 2208:com.google.process.gservices/u0a91 for content provider {com.google.android.gsf/com.google.android.gsf.gservices.GservicesProvider}
04-30 20:03:18.811  1063  1344 I PowerManagerService: Going to sleep due to timeout (uid 1000)...
04-30 20:03:18.812  1063  1063 W UsageStatsService: Event reported without a package name, eventType:16
04-30 20:03:18.812  1063  1344 I DisplayPowerController: Blocking screen off
04-30 20:03:18.838  1063  1344 I DisplayPowerController: Unblocked screen off after 25 ms
04-30 20:03:18.853  1063  1344 D ActivityTaskManager: Top Process State changed to PROCESS_STATE_TOP_SLEEPING
04-30 20:03:18.876  1063  1333 E KernelCpuSpeedReader: Failed to read cpu-freq: /sys/devices/system/cpu/cpu0/cpufreq/stats/time_in_state: open failed: ENOENT (No such file or directory)
04-30 20:03:18.921  1063  1320 I DisplayManagerService: Display device changed state: "Built-in Screen", OFF
04-30 20:03:19.266  1063  1328 W BroadcastQueue: Background execution not allowed: receiving Intent { act=android.intent.action.DROPBOX_ENTRY_ADDED flg=0x10 (has extras) } to com.google.android.gms/.stats.service.DropBoxEntryAddedReceiver
04-30 20:03:19.267  1063  1328 W BroadcastQueue: Background execution not allowed: receiving Intent { act=android.intent.action.DROPBOX_ENTRY_ADDED flg=0x10 (has extras) } to com.google.android.gms/.chimera.GmsIntentOperationService$PersistentTrustedReceiver
04-30 20:03:20.202  1063  1344 I DreamManagerService: Entering dreamland.
04-30 20:03:20.203  1063  1344 I PowerManagerService: Dozing...
04-30 20:03:20.205  1063  1317 I DreamController: Starting dream: name=ComponentInfo{com.android.systemui/com.android.systemui.doze.DozeService}, isTest=false, canDoze=true, userId=0
04-30 20:03:20.228  1063  1317 D AutofillManagerService: Close system dialogs
04-30 20:03:24.415  1063  1329 I ActivityManager: Start proc 2277:com.android.cellbroadcastreceiver/u0a50 for broadcast {com.android.cellbroadcastreceiver/com.android.cellbroadcastreceiver.CellBroadcastReceiver}
04-30 20:03:24.594  1063  2572 I ActivityManager: Killing 2164:com.jio.jioplay.tv/u0a74 (adj 930): cached #5
04-30 20:03:25.176  1063  1063 W JobServiceContext: No response from client for onStartJob 17e756a #u0a67/1011 com.jio.media.ondemand/com.jio.media.analytics.AnalyticsService
04-30 20:03:25.188  1063  2132 I ActivityManager: Killing 2277:com.android.cellbroadcastreceiver/u0a50 (adj 930): cached #5
04-30 20:03:26.452  1063  1259 I ActivityManager: Killing 2075:com.google.android.gms/u0a91 (adj 930): cached #5
04-30 20:03:28.243  1063  1329 I ActivityManager: Start proc 2306:com.android.cellbroadcastreceiver/u0a50 for broadcast {com.android.cellbroadcastreceiver/com.android.cellbroadcastreceiver.CellBroadcastReceiver}
04-30 20:03:28.374  1063  3508 I ActivityManager: Killing 2022:com.jio.media.ondemand/u0a67 (adj 930): cached #5
04-30 20:03:41.025  1063  3450 I ActivityManager: Killing 2208:com.google.process.gservices/u0a91 (adj 930): cached #5
04-30 20:04:23.334  2463  2463 I PowerUI.Notification: show battery full warning: level=100 [1] 
04-30 20:04:23.371  2463  2463 I chatty  : uid=10095(com.android.systemui) identical 1 line
04-30 20:04:23.384  2463  2463 I PowerUI.Notification: show battery full warning: level=100 [1] 
04-30 20:04:23.461  1063  1640 I PowerManagerService: Waking up from Dozing (uid=10095, reason=WAKE_REASON_APPLICATION, details=DozeTriggers)...
04-30 20:04:23.462  1063  1063 W UsageStatsService: Event reported without a package name, eventType:15
04-30 20:04:23.464  1063  1344 I DisplayPowerController: Blocking screen on until initial contents have been drawn.
04-30 20:04:23.475  1063  1333 E KernelCpuSpeedReader: Failed to read cpu-freq: /sys/devices/system/cpu/cpu0/cpufreq/stats/time_in_state: open failed: ENOENT (No such file or directory)
04-30 20:04:23.498  1063  1320 I DisplayManagerService: Display device changed state: "Built-in Screen", ON
04-30 20:04:23.525  1063  1328 W BroadcastQueue: Background execution not allowed: receiving Intent { act=android.intent.action.USER_PRESENT flg=0x24200010 } to com.android.chrome/org.chromium.chrome.browser.sharing.click_to_call.ClickToCallMessageHandler$PhoneUnlockedReceiver
04-30 20:04:23.525  1063  1328 W BroadcastQueue: Background execution not allowed: receiving Intent { act=android.intent.action.USER_PRESENT flg=0x24200010 } to com.facebook.lite/com.facebook.rti.push.service.MqttSystemBroadcastReceiver
04-30 20:04:23.525  1063  1328 W BroadcastQueue: Background execution not allowed: receiving Intent { act=android.intent.action.USER_PRESENT flg=0x24200010 } to com.google.android.gms/.auth.setup.devicesignals.LockScreenReceiver
04-30 20:04:23.525  1063  1328 W BroadcastQueue: Background execution not allowed: receiving Intent { act=android.intent.action.USER_PRESENT flg=0x24200010 } to com.google.android.gms/.trustagent.UserPresentBroadcastReceiver
04-30 20:04:23.527  1063  1328 W BroadcastQueue: Background execution not allowed: receiving Intent { act=android.intent.action.USER_PRESENT flg=0x24200010 } to com.google.android.gms/.chimera.GmsIntentOperationService$PersistentTrustedReceiver
04-30 20:04:23.544  1063  3450 D ActivityTaskManager: Top Process State changed to PROCESS_STATE_TOP
04-30 20:04:23.639  1063  1329 W ActivityManager: Slow operation: 60ms so far, now at startProcess: returned from zygote!
04-30 20:04:23.639  1063  1329 W ActivityManager: Slow operation: 60ms so far, now at startProcess: done updating battery stats
04-30 20:04:23.639  1063  1329 W ActivityManager: Slow operation: 60ms so far, now at startProcess: building log message
04-30 20:04:23.639  1063  1329 I ActivityManager: Start proc 2352:com.google.android.gms/u0a91 for service {com.google.android.gms/com.google.android.gms.chimera.GmsIntentOperationService}
04-30 20:04:23.639  1063  1329 W ActivityManager: Slow operation: 60ms so far, now at startProcess: starting to update pids map
04-30 20:04:23.640  1063  1329 W ActivityManager: Slow operation: 61ms so far, now at startProcess: done updating pids map
04-30 20:04:23.732  1063  2572 I DreamManagerService: Leaving dreamland.
04-30 20:04:23.732  1063  1317 I DreamManagerService: Performing gentle wake from dream.
04-30 20:04:23.732  1063  1317 I DreamController: Stopping dream: name=ComponentInfo{com.android.systemui/com.android.systemui.doze.DozeService}, isTest=false, canDoze=true, userId=0
04-30 20:04:23.845  1063  1344 I DisplayPowerController: Unblocked screen on after 381 ms
04-30 20:04:23.846  1063  1344 W PowerManagerService: Screen on took 386 ms
04-30 20:04:23.847  1063  1317 W Looper  : Slow dispatch took 115ms android.fg h=com.android.server.dreams.DreamManagerService$DreamHandler c=com.android.server.dreams.DreamManagerService$3@a93f058 m=0
04-30 20:04:24.144  1063  1329 W ActivityManager: Slow operation: 90ms so far, now at startProcess: returned from zygote!
04-30 20:04:24.144  1063  1329 W ActivityManager: Slow operation: 90ms so far, now at startProcess: done updating battery stats
04-30 20:04:24.144  1063  1329 W ActivityManager: Slow operation: 90ms so far, now at startProcess: building log message
04-30 20:04:24.144  1063  1329 I ActivityManager: Start proc 2435:com.google.process.gservices/u0a91 for content provider {com.google.android.gsf/com.google.android.gsf.gservices.GservicesProvider}
04-30 20:04:24.144  1063  1329 W ActivityManager: Slow operation: 90ms so far, now at startProcess: starting to update pids map
04-30 20:04:24.145  1063  1329 W ActivityManager: Slow operation: 91ms so far, now at startProcess: done updating pids map
04-30 20:04:25.154  1063  1328 W BroadcastQueue: Background execution not allowed: receiving Intent { act=android.net.wifi.SCAN_RESULTS flg=0x4000010 (has extras) } to com.jio.myjio/.jionet.receiver.WifiScanReceiver
04-30 20:04:25.174  1063  1319 D BluetoothManagerService: MESSAGE_REGISTER_ADAPTER
04-30 20:04:32.000  1063  1528 I ActivityManager: Killing 2306:com.android.cellbroadcastreceiver/u0a50 (adj 930): cached #5
04-30 20:04:32.672  2463  2463 I PowerUI.Notification: show battery full warning: level=100 [1] 
04-30 20:04:47.339  2463  2463 I PowerUI.Notification: show battery full warning: level=100 [1] 
04-30 20:05:03.028  1063  2572 I ActivityManager: Killing 2435:com.google.process.gservices/u0a91 (adj 930): cached #5
04-30 20:05:28.475  1063  1344 I PowerManagerService: Going to sleep due to timeout (uid 1000)...
04-30 20:05:28.476  1063  1063 W UsageStatsService: Event reported without a package name, eventType:16
04-30 20:05:28.476  1063  1344 I DisplayPowerController: Blocking screen off
04-30 20:05:28.476  1063  1344 I DisplayPowerController: Unblocked screen off after 0 ms
04-30 20:05:28.478  1063  1344 D ActivityTaskManager: Top Process State changed to PROCESS_STATE_TOP_SLEEPING
04-30 20:05:28.488  1063  1333 E KernelCpuSpeedReader: Failed to read cpu-freq: /sys/devices/system/cpu/cpu0/cpufreq/stats/time_in_state: open failed: ENOENT (No such file or directory)
04-30 20:05:28.532  1063  1320 I DisplayManagerService: Display device changed state: "Built-in Screen", OFF
04-30 20:05:29.903  1063  1344 I DreamManagerService: Entering dreamland.
04-30 20:05:29.904  1063  1344 I PowerManagerService: Dozing...
04-30 20:05:29.905  1063  1317 I DreamController: Starting dream: name=ComponentInfo{com.android.systemui/com.android.systemui.doze.DozeService}, isTest=false, canDoze=true, userId=0
04-30 20:05:29.919  1063  1317 D AutofillManagerService: Close system dialogs
04-30 20:05:59.745  2463  2463 I PowerUI.Notification: show battery full warning: level=100 [1] 
04-30 20:05:59.824  2463  2463 I chatty  : uid=10095(com.android.systemui) identical 1 line
04-30 20:05:59.834  2463  2463 I PowerUI.Notification: show battery full warning: level=100 [1] 
04-30 20:05:59.906  1063  1640 I PowerManagerService: Waking up from Dozing (uid=10095, reason=WAKE_REASON_APPLICATION, details=DozeTriggers)...
04-30 20:05:59.907  1063  1063 W UsageStatsService: Event reported without a package name, eventType:15
04-30 20:05:59.910  1063  1344 I DisplayPowerController: Blocking screen on until initial contents have been drawn.
04-30 20:05:59.920  1063  1320 I DisplayManagerService: Display device changed state: "Built-in Screen", ON
04-30 20:05:59.932  1063  1328 W BroadcastQueue: Background execution not allowed: receiving Intent { act=android.intent.action.USER_PRESENT flg=0x24200010 } to com.android.chrome/org.chromium.chrome.browser.sharing.click_to_call.ClickToCallMessageHandler$PhoneUnlockedReceiver
04-30 20:05:59.932  1063  1328 W BroadcastQueue: Background execution not allowed: receiving Intent { act=android.intent.action.USER_PRESENT flg=0x24200010 } to com.facebook.lite/com.facebook.rti.push.service.MqttSystemBroadcastReceiver
04-30 20:05:59.932  1063  1328 W BroadcastQueue: Background execution not allowed: receiving Intent { act=android.intent.action.USER_PRESENT flg=0x24200010 } to com.google.android.gms/.auth.setup.devicesignals.LockScreenReceiver
04-30 20:05:59.934  1063  1328 W BroadcastQueue: Background execution not allowed: receiving Intent { act=android.intent.action.USER_PRESENT flg=0x24200010 } to com.google.android.gms/.trustagent.UserPresentBroadcastReceiver
04-30 20:05:59.935  1063  1328 W BroadcastQueue: Background execution not allowed: receiving Intent { act=android.intent.action.USER_PRESENT flg=0x24200010 } to com.google.android.gms/.chimera.GmsIntentOperationService$PersistentTrustedReceiver
04-30 20:05:59.940  1063  1333 E KernelCpuSpeedReader: Failed to read cpu-freq: /sys/devices/system/cpu/cpu0/cpufreq/stats/time_in_state: open failed: ENOENT (No such file or directory)
04-30 20:05:59.975  1063  2572 D ActivityTaskManager: Top Process State changed to PROCESS_STATE_TOP
04-30 20:06:00.097  1063  1344 I DisplayPowerController: Unblocked screen on after 187 ms
04-30 20:06:00.205  1063  1328 W BroadcastQueue: Background execution not allowed: receiving Intent { act=android.net.wifi.SCAN_RESULTS flg=0x4000010 (has extras) } to com.jio.myjio/.jionet.receiver.WifiScanReceiver
04-30 20:06:00.265  1063  1344 W PowerManagerService: Screen on took 360 ms
04-30 20:06:00.266  1063  1344 I DreamManagerService: Gently waking up from dream.
04-30 20:06:00.267  1063  1317 I DreamManagerService: Performing gentle wake from dream.
04-30 20:06:00.269  1063  2928 I DreamManagerService: Leaving dreamland.
04-30 20:06:00.270  1063  1317 I DreamManagerService: Performing gentle wake from dream.
04-30 20:06:00.271  1063  1317 I DreamController: Stopping dream: name=ComponentInfo{com.android.systemui/com.android.systemui.doze.DozeService}, isTest=false, canDoze=true, userId=0
04-30 20:06:17.224  1063  1329 I ActivityManager: Start proc 2622:com.android.cellbroadcastreceiver/u0a50 for broadcast {com.android.cellbroadcastreceiver/com.android.cellbroadcastreceiver.CellBroadcastReceiver}
04-30 20:06:22.218  1063  3507 I ActivityManager: Killing 2352:com.google.android.gms/u0a91 (adj 930): cached #5
04-30 20:06:47.339  2463  2463 I PowerUI.Notification: show battery full warning: level=100 [1] 
04-30 20:06:47.915  2463  2463 I chatty  : uid=10095(com.android.systemui) identical 1 line
04-30 20:06:47.936  2463  2463 I PowerUI.Notification: show battery full warning: level=100 [1] 
04-30 20:07:04.920  1063  1344 I PowerManagerService: Going to sleep due to timeout (uid 1000)...
04-30 20:07:04.921  1063  1344 I DisplayPowerController: Blocking screen off
04-30 20:07:04.922  1063  1344 I DisplayPowerController: Unblocked screen off after 1 ms
04-30 20:07:04.922  1063  1344 D ActivityTaskManager: Top Process State changed to PROCESS_STATE_TOP_SLEEPING
04-30 20:07:04.922  1063  1063 W UsageStatsService: Event reported without a package name, eventType:16
04-30 20:07:04.931  1063  1333 E KernelCpuSpeedReader: Failed to read cpu-freq: /sys/devices/system/cpu/cpu0/cpufreq/stats/time_in_state: open failed: ENOENT (No such file or directory)
04-30 20:07:04.966  1063  1320 I DisplayManagerService: Display device changed state: "Built-in Screen", OFF
04-30 20:07:06.320  1063  1344 I DreamManagerService: Entering dreamland.
04-30 20:07:06.321  1063  1344 I PowerManagerService: Dozing...
04-30 20:07:06.323  1063  1317 I DreamController: Starting dream: name=ComponentInfo{com.android.systemui/com.android.systemui.doze.DozeService}, isTest=false, canDoze=true, userId=0
04-30 20:07:06.338  1063  1317 D AutofillManagerService: Close system dialogs
04-30 20:08:20.807  1063  1329 I ActivityManager: Start proc 2729:com.jio.media.ondemand/u0a67 for service {com.jio.media.ondemand/com.madme.mobile.sdk.service.LSJobService}
04-30 20:08:20.881  1063  1329 I ActivityManager: Start proc 2752:com.google.android.gms/u0a91 for service {com.google.android.gms/com.google.android.gms.checkin.EventLogService}
04-30 20:08:21.241  1063  1329 I ActivityManager: Start proc 2821:com.google.process.gservices/u0a91 for content provider {com.google.android.gsf/com.google.android.gsf.gservices.GservicesProvider}
04-30 20:08:21.389  1063  2928 W ActivityManager: Unable to start service Intent { cmp=com.jio.media.ondemand/com.jio.media.framework.services.external.mediamanager.JioMediaDownloaderService } U=0: not found
04-30 20:08:23.110  1063  1329 I ActivityManager: Start proc 2986:com.jio.jioplay.tv/u0a74 for service {com.jio.jioplay.tv/com.madme.mobile.sdk.service.LSJobService}
04-30 20:08:23.135  1063  3009 I DropBoxManagerService: add tag=system_app_wtf isTagEnabled=true flags=0x2
04-30 20:08:23.193  1063  2928 I DropBoxManagerService: add tag=event_log isTagEnabled=true flags=0x2
04-30 20:08:23.197  1063  2928 I DropBoxManagerService: add tag=event_data isTagEnabled=true flags=0x2
04-30 20:08:23.200  1063  1328 W BroadcastQueue: Background execution not allowed: receiving Intent { act=android.intent.action.DROPBOX_ENTRY_ADDED flg=0x10 (has extras) } to com.google.android.gms/.stats.service.DropBoxEntryAddedReceiver
04-30 20:08:23.201  1063  1328 W BroadcastQueue: Background execution not allowed: receiving Intent { act=android.intent.action.DROPBOX_ENTRY_ADDED flg=0x10 (has extras) } to com.google.android.gms/.chimera.GmsIntentOperationService$PersistentTrustedReceiver
04-30 20:08:23.213  1063  1328 W BroadcastQueue: Background execution not allowed: receiving Intent { act=android.intent.action.DROPBOX_ENTRY_ADDED flg=0x10 (has extras) } to com.google.android.gms/.stats.service.DropBoxEntryAddedReceiver
04-30 20:08:23.214  1063  1328 W BroadcastQueue: Background execution not allowed: receiving Intent { act=android.intent.action.DROPBOX_ENTRY_ADDED flg=0x10 (has extras) } to com.google.android.gms/.chimera.GmsIntentOperationService$PersistentTrustedReceiver
04-30 20:08:23.624  1063  1871 W ActivityManager: Permission Denial: opening provider o.aeG from ProcessRecord{b986ebf 2986:com.jio.jioplay.tv/u0a74} (pid=2986, uid=10074) that is not exported from UID 10068
04-30 20:08:23.694  1063  1223 W ActivityManager: Permission Denial: opening provider o.aeG from ProcessRecord{b986ebf 2986:com.jio.jioplay.tv/u0a74} (pid=2986, uid=10074) that is not exported from UID 10068
--------- beginning of main
04-30 20:08:23.697  2986  2986 W System.err: 	at com.android.internal.os.ZygoteInit.main(ZygoteInit.java:935)
04-30 20:08:23.775   665  3873 E ANDR-IOP: IIop:: Iop HAL Service is not available.
04-30 20:08:23.815  2986  2986 W RoamingAdTrigger: Null network info object
04-30 20:08:23.818  2986  2986 W JobInfo : Requested backoff +5s0ms for job 1001 is too small; raising to +10s0ms
04-30 20:08:23.838  2752  2960 I DynamiteModule: Considering local module com.google.android.gms.googlecertificates:6 and remote module com.google.android.gms.googlecertificates:6
04-30 20:08:23.838  2752  2960 I DynamiteModule: Selected local version of com.google.android.gms.googlecertificates
04-30 20:08:23.874  1063  1223 I ActivityManager: Killing 2622:com.android.cellbroadcastreceiver/u0a50 (adj 930): cached #5
04-30 20:08:23.921  2752  3062 I FA-SVC  : App measurement initialized, version: 203315
04-30 20:08:24.007  1063  1328 I chatty  : uid=1000(system) ActivityManager expire 15 lines
04-30 20:08:24.336   606   606 I chatty  : uid=0(root) /vendor/bin/vm_bms expire 47 lines
04-30 20:08:24.397   490   571 I LocSvc_BatteryListener: operator():153] healthInfo cb thread: cb CHARGING
04-30 20:08:24.464  2463  2463 I PowerUI.Notification: show battery full warning: level=100 [1] 
04-30 20:08:24.498  2463  2463 I chatty  : uid=10095(com.android.systemui) identical 1 line
04-30 20:08:24.503  2463  2463 I PowerUI.Notification: show battery full warning: level=100 [1] 
04-30 20:08:24.512  2463  2463 I FalsingManagerPlugin: com.android.systemui.classifier.brightline.TypeClassifier: true
04-30 20:08:24.548  2463  3065 W RingtonePlayer: error loading sound for file:///product/media/audio/ui/LowBattery.ogg
04-30 20:08:24.548  2463  3065 W RingtonePlayer: java.io.FileNotFoundException: /product/media/audio/ui/LowBattery.ogg: open failed: ENOENT (No such file or directory)
04-30 20:08:24.548  2463  3065 W RingtonePlayer: 	at libcore.io.IoBridge.open(IoBridge.java:496)
04-30 20:08:24.548  2463  3065 W RingtonePlayer: 	at java.io.FileInputStream.<init>(FileInputStream.java:159)
04-30 20:08:24.548  2463  3065 W RingtonePlayer: 	at android.media.MediaPlayer.setDataSource(MediaPlayer.java:1182)
04-30 20:08:24.548  2463  3065 W RingtonePlayer: 	at android.media.MediaPlayer.setDataSource(MediaPlayer.java:1160)
04-30 20:08:24.548  2463  3065 W RingtonePlayer: 	at android.media.MediaPlayer.setDataSource(MediaPlayer.java:1125)
04-30 20:08:24.548  2463  3065 W RingtonePlayer: 	at android.media.MediaPlayer.setDataSource(MediaPlayer.java:1055)
04-30 20:08:24.548  2463  3065 W RingtonePlayer: 	at android.media.MediaPlayer.setDataSource(MediaPlayer.java:1001)
04-30 20:08:24.548  2463  3065 W RingtonePlayer: 	at com.android.systemui.media.NotificationPlayer$CreationAndCompletionThread.run(NotificationPlayer.java:103)
04-30 20:08:24.548  2463  3065 W RingtonePlayer: Caused by: android.system.ErrnoException: open failed: ENOENT (No such file or directory)
04-30 20:08:24.548  2463  3065 W RingtonePlayer: 	at libcore.io.Linux.open(Native Method)
04-30 20:08:24.548  2463  3065 W RingtonePlayer: 	at libcore.io.ForwardingOs.open(ForwardingOs.java:167)
04-30 20:08:24.548  2463  3065 W RingtonePlayer: 	at libcore.io.BlockGuardOs.open(BlockGuardOs.java:252)
04-30 20:08:24.548  2463  3065 W RingtonePlayer: 	at libcore.io.ForwardingOs.open(ForwardingOs.java:167)
04-30 20:08:24.548  2463  3065 W RingtonePlayer: 	at android.app.ActivityThread$AndroidOs.open(ActivityThread.java:7296)
04-30 20:08:24.548  2463  3065 W RingtonePlayer: 	at libcore.io.IoBridge.open(IoBridge.java:482)
04-30 20:08:24.548  2463  3065 W RingtonePlayer: 	... 7 more
04-30 20:08:24.626   592   634 I chatty  : uid=0(root) /system/vendor/bin/thermal-engine expire 22 lines
04-30 20:08:24.675  2463  2463 D StatusBarNotificationPresenter: calling update notifications on Panel
04-30 20:08:24.682  1063  1223 I PowerManagerService: Waking up from Dozing (uid=10095, reason=WAKE_REASON_APPLICATION, details=DozeTriggers)...
04-30 20:08:24.684  1063  1063 W UsageStatsService: Event reported without a package name, eventType:15
04-30 20:08:24.693  1063  1344 I DisplayPowerController: Blocking screen on until initial contents have been drawn.
04-30 20:08:24.700   496   496 I QTI PowerHAL: Got set_interactive hint
04-30 20:08:24.700   496   496 I QTI PowerHAL: Got set_interactive hint on= 1, count= 25
04-30 20:08:24.700   496   496 E QTI PowerHAL: Error opening /sys/kernel/hbtp/display_pwr: No such file or directory
04-30 20:08:24.701   512   512 D SurfaceFlinger: Setting power mode 2 on display 0
04-30 20:08:24.701  1063  1320 I DisplayManagerService: Display device changed state: "Built-in Screen", ON
04-30 20:08:24.722  2463  2463 D StatusBarNotificationPresenter: calling update notifications on Panel
04-30 20:08:24.739  1063  1328 W BroadcastQueue: Background execution not allowed: receiving Intent { act=android.intent.action.USER_PRESENT flg=0x24200010 } to com.android.chrome/org.chromium.chrome.browser.sharing.click_to_call.ClickToCallMessageHandler$PhoneUnlockedReceiver
04-30 20:08:24.739  1063  1328 W BroadcastQueue: Background execution not allowed: receiving Intent { act=android.intent.action.USER_PRESENT flg=0x24200010 } to com.facebook.lite/com.facebook.rti.push.service.MqttSystemBroadcastReceiver
04-30 20:08:24.739  1063  1328 W BroadcastQueue: Background execution not allowed: receiving Intent { act=android.intent.action.USER_PRESENT flg=0x24200010 } to com.google.android.gms/.auth.setup.devicesignals.LockScreenReceiver
04-30 20:08:24.740  1063  1328 W BroadcastQueue: Background execution not allowed: receiving Intent { act=android.intent.action.USER_PRESENT flg=0x24200010 } to com.google.android.gms/.trustagent.UserPresentBroadcastReceiver
04-30 20:08:24.741  1063  1328 W BroadcastQueue: Background execution not allowed: receiving Intent { act=android.intent.action.USER_PRESENT flg=0x24200010 } to com.google.android.gms/.chimera.GmsIntentOperationService$PersistentTrustedReceiver
04-30 20:08:24.781  1063  1333 E KernelCpuSpeedReader: Failed to read cpu-freq: /sys/devices/system/cpu/cpu0/cpufreq/stats/time_in_state: open failed: ENOENT (No such file or directory)
04-30 20:08:24.817   486   486 D audio_hw_primary: adev_set_parameters: enter: screen_state=on
04-30 20:08:24.875  1063  1217 I chatty  : uid=1000(system) HeapTaskDaemon expire 1 line
04-30 20:08:24.897  2463  2463 I FalsingManagerPlugin: com.android.systemui.classifier.brightline.TypeClassifier: true
04-30 20:08:24.901  2463  2463 D KeyguardClockSwitch: Updating clock: 808
04-30 20:08:24.923  2903  3675 I NearbySharing: Screen is unlocked [CONTEXT service_id=194 ]
04-30 20:08:24.929  2903  3675 I NearbySharing: Failed to stop scanning because weren't scanning. [CONTEXT service_id=194 ]
04-30 20:08:24.929  2903  3675 I NearbySharing: Stopping discovery because Bluetooth is disabled. [CONTEXT service_id=194 ]
04-30 20:08:24.929  2903  3675 I NearbySharing: Can't stop advertising FastInitiation. Not advertising. [CONTEXT service_id=194 ]
04-30 20:08:24.930  2903  3675 I NearbySharing: Stopping Fast Init advertisement because Bluetooth is off. [CONTEXT service_id=194 ]
04-30 20:08:24.930  2903  3675 I NearbySharing: Failed to stop advertising because we weren't advertising. [CONTEXT service_id=194 ]
04-30 20:08:24.930  2903  3675 I NearbySharing: Stopping advertising because Bluetooth is disabled. [CONTEXT service_id=194 ]
04-30 20:08:24.932  2903  3675 I NearbySharing: Can't stop scanning for FastInitiation. Not scanning. [CONTEXT service_id=194 ]
04-30 20:08:24.935  2463  2463 D StatusBarNotificationPresenter: calling update notifications on Panel
04-30 20:08:24.940  2903  3675 I NearbySharing: Fast Initiation Scanning has stopped [CONTEXT service_id=194 ]
04-30 20:08:24.940  2903  3675 I NearbySharing: Stopping Fast Init because Bluetooth is disabled. [CONTEXT service_id=194 ]
04-30 20:08:24.945  2463  2463 D StatusBar: updateQsExpansionEnabled - QS Expand enabled: true
04-30 20:08:24.949  2463  2463 D StatusBarNotificationPresenter: calling update notifications on Panel
04-30 20:08:24.969  2463  2463 I FalsingManagerPlugin: com.android.systemui.classifier.brightline.TypeClassifier: true
04-30 20:08:24.971  2463  2463 D StatusBar: updateQsExpansionEnabled - QS Expand enabled: true
04-30 20:08:24.982  2463  2463 D StatusBar: updateQsExpansionEnabled - QS Expand enabled: true
04-30 20:08:24.985  2463  2463 D StatusBarNotificationPresenter: calling update notifications on Panel
04-30 20:08:24.986  2463  2463 I FalsingManagerPlugin: com.android.systemui.classifier.brightline.TypeClassifier: true
04-30 20:08:24.996  2463  2463 D StatusBarNotificationPresenter: calling update notifications on Panel
04-30 20:08:24.998  2463  2463 D StatusBar: disable<e i a s b h r c s > disable2<q i n >
04-30 20:08:25.029   512   512 D SurfaceFlinger: Finished setting power mode 2 on display 0
04-30 20:08:25.030  1063  1259 I chatty  : uid=1000(system) Binder:1063_18 expire 4 lines
04-30 20:08:25.038   492   492 I chatty  : uid=1000(system) composer@2.1-se expire 2 lines
04-30 20:08:25.039  1063  1871 D ActivityTaskManager: Top Process State changed to PROCESS_STATE_TOP
04-30 20:08:25.074  1930  1930 D FMRadio : FMRadio: onRestart
04-30 20:08:25.088  1930  1930 D FMRadio : FMRadio: onStart
04-30 20:08:25.088  1930  1930 D FMRadio : onStart: Start Service completed successfully
04-30 20:08:25.088  1930  1930 D FmSharedPreferences: Load preferences 
04-30 20:08:25.088  1930  1930 D FmSharedPreferences: =====================================================
04-30 20:08:25.088  1930  1930 D FmSharedPreferences: Country     :0
04-30 20:08:25.088  1930  1930 D FmSharedPreferences: RadioBand   :0
04-30 20:08:25.088  1930  1930 D FmSharedPreferences: Emphasis    :0
04-30 20:08:25.088  1930  1930 D FmSharedPreferences: ChSpacing   :0
04-30 20:08:25.088  1930  1930 D FmSharedPreferences: RdsStd      :0
04-30 20:08:25.088  1930  1930 D FmSharedPreferences: LowerLimit  :87500
04-30 20:08:25.089  1930  1930 D FmSharedPreferences: UpperLimit  :107900
04-30 20:08:25.089  1930  1930 D FmSharedPreferences: =====================================================
04-30 20:08:25.089  1930  1930 D HorizontalNumberPicker: mSelectorTextGapWidth :46
04-30 20:08:25.090  1930  1930 D FMRadio : FMRadio: onResume
04-30 20:08:25.104  1063  1640 I chatty  : uid=1000(system) Binder:1063_1E expire 3 lines
04-30 20:08:25.197  1063  1328 W BroadcastQueue: Background execution not allowed: receiving Intent { act=android.intent.action.DROPBOX_ENTRY_ADDED flg=0x10 (has extras) } to com.google.android.gms/.stats.service.DropBoxEntryAddedReceiver
04-30 20:08:25.198  1063  1328 W BroadcastQueue: Background execution not allowed: receiving Intent { act=android.intent.action.DROPBOX_ENTRY_ADDED flg=0x10 (has extras) } to com.google.android.gms/.chimera.GmsIntentOperationService$PersistentTrustedReceiver
04-30 20:08:25.237  1063  1344 I DisplayPowerController: Unblocked screen on after 544 ms
04-30 20:08:25.238  1063  1344 W PowerManagerService: Screen on took 556 ms
04-30 20:08:25.240  1063  1344 I DreamManagerService: Gently waking up from dream.
04-30 20:08:25.242  1063  1317 I DreamManagerService: Performing gentle wake from dream.
04-30 20:08:25.245  1063  3930 I chatty  : uid=1000(system) Binder:1063_16 expire 12 lines
04-30 20:08:25.255  1063  1063 W Looper  : Slow dispatch took 128ms main h=com.android.server.job.JobSchedulerService$JobHandler c=null m=4
04-30 20:08:25.270  1063  2424 I chatty  : uid=1000(system) PhotonicModulat expire 5 lines
04-30 20:08:25.276  1063  1640 I DreamManagerService: Leaving dreamland.
04-30 20:08:25.277  1063  1317 I DreamManagerService: Performing gentle wake from dream.
04-30 20:08:25.277  1063  1317 I DreamController: Stopping dream: name=ComponentInfo{com.android.systemui/com.android.systemui.doze.DozeService}, isTest=false, canDoze=true, userId=0
04-30 20:08:25.306  1063  1063 I chatty  : uid=1000 system_server expire 1 line
04-30 20:08:25.312  2463  2463 D StatusBar: disable<e i a s b h r c s > disable2<q i n >
04-30 20:08:25.462  2463  2463 D KeyguardClockSwitch: Updating clock: 808
04-30 20:08:25.504  2978  2978 I DeviceStatusMonitor: onReceive() : Action = android.intent.action.SCREEN_ON
04-30 20:08:25.556  1930  1930 D FMService: onDataActivity - 4
04-30 20:08:25.614  1063  2295 I chatty  : uid=1000(system) Binder:1063_1C expire 7 lines
04-30 20:08:25.651  1930  1930 D FMService: onDataActivity - 4
04-30 20:08:25.682  3074  3074 I chatty  : uid=1000(system) expire 9 lines
04-30 20:08:25.703  3074  3074 I ServiceManagement: Registered android.hardware.light@2.0::ILight/default (start delay of 419ms)
04-30 20:08:25.703  3074  3074 I ServiceManagement: Removing namespace from process name android.hardware.light@2.0-service-lazy to light@2.0-service-lazy.
04-30 20:08:25.710  3074  3074 I         : Registration complete for android.hardware.light@2.0::ILight/default.
04-30 20:08:25.748  2903  3675 I NearbySharing: Screen is unlocked [CONTEXT service_id=194 ]
04-30 20:08:25.748  2903  3675 I NearbySharing: Failed to stop scanning because weren't scanning. [CONTEXT service_id=194 ]
04-30 20:08:25.749  2903  3675 I NearbySharing: Stopping discovery because Bluetooth is disabled. [CONTEXT service_id=194 ]
04-30 20:08:25.749  2903  3675 I NearbySharing: Can't stop advertising FastInitiation. Not advertising. [CONTEXT service_id=194 ]
04-30 20:08:25.749  2903  3675 I NearbySharing: Stopping Fast Init advertisement because Bluetooth is off. [CONTEXT service_id=194 ]
04-30 20:08:25.749  2903  3675 I NearbySharing: Failed to stop advertising because we weren't advertising. [CONTEXT service_id=194 ]
04-30 20:08:25.749  2903  3675 I NearbySharing: Stopping advertising because Bluetooth is disabled. [CONTEXT service_id=194 ]
04-30 20:08:25.753  3305  3305 D QSLMJ   : SLM received action android.intent.action.SCREEN_ON
04-30 20:08:25.762  1930  1930 D FMService: ACTION_SCREEN_ON Intent received
04-30 20:08:25.766  2752  2752 W ModuleManager: Unable to get current module's fulfilled APIs in ModuleManager created with non-module Context
04-30 20:08:25.796  2903  3675 I NearbySharing: Can't stop scanning for FastInitiation. Not scanning. [CONTEXT service_id=194 ]
