04-30 20:10:01.041  2903  3675 I NearbySharing: Fast Initiation Scanning has stopped [CONTEXT service_id=194 ]
04-30 20:10:01.042  2903  3675 I NearbySharing: Stopping Fast Init because Bluetooth is disabled. [CONTEXT service_id=194 ]
04-30 20:10:01.048  2463  2463 D StatusBar: updateQsExpansionEnabled - QS Expand enabled: true
04-30 20:10:01.050  2463  2463 D StatusBarNotificationPresenter: calling update notifications on Panel
04-30 20:10:01.051  2463  2463 I FalsingManagerPlugin: com.android.systemui.classifier.brightline.TypeClassifier: true
04-30 20:10:01.064  1063  2392 I chatty  : uid=1000(system) ClientModeImpl expire 1 line
04-30 20:10:01.064  2463  2463 D StatusBarNotificationPresenter: calling update notifications on Panel
04-30 20:10:01.065  2463  2463 D StatusBar: disable<e i a s b h r c s > disable2<q i n >
04-30 20:10:01.075   486   486 D audio_hw_primary: adev_set_parameters: enter: screen_state=on
04-30 20:10:01.076  2669  2669 E ActivityThread: Failed to find provider info for com.jio.os.content.ContentFeedProvider
04-30 20:10:01.086  1063  2409 I chatty  : uid=1000(system) AsyncTask #11 expire 1 line
04-30 20:10:01.128   414   414 D Zygote  : Forked child process 3202
04-30 20:10:01.151  1063  1329 W ActivityManager: Slow operation: 51ms so far, now at startProcess: done updating battery stats
04-30 20:10:01.151  1063  1329 W ActivityManager: Slow operation: 51ms so far, now at startProcess: building log message
04-30 20:10:01.151  1063  1329 I ActivityManager: Start proc 3202:com.google.android.gms/u0a91 for service {com.google.android.gms/com.google.android.gms.chimera.GmsIntentOperationService}
04-30 20:10:01.151  1063  1329 W ActivityManager: Slow operation: 51ms so far, now at startProcess: starting to update pids map
04-30 20:10:01.152  1063  1329 W ActivityManager: Slow operation: 52ms so far, now at startProcess: done updating pids map
04-30 20:10:01.197  1063  2779 I chatty  : uid=1000(system) Binder:1063_9 expire 7 lines
04-30 20:10:01.197  1063  1344 I DisplayPowerController: Unblocked screen on after 218 ms
04-30 20:10:01.210  2463  2463 D StatusBar: disable<e i a s b h r c s > disable2<q i n >
04-30 20:10:01.233  3202  3202 I gle.android.gm: The ClassLoaderContext is a special shared library.
04-30 20:10:01.241  3202  3202 I chatty  : uid=10091(com.google.android.gms) identical 4 lines
04-30 20:10:01.327   512   512 D SurfaceFlinger: Finished setting power mode 2 on display 0
04-30 20:10:01.328  1063  2424 I chatty  : uid=1000(system) PhotonicModulat expire 3 lines
04-30 20:10:01.329  1063  1344 W PowerManagerService: Screen on took 352 ms
04-30 20:10:01.329  1063  1344 I DreamManagerService: Gently waking up from dream.
04-30 20:10:01.331  1063  1317 I DreamManagerService: Performing gentle wake from dream.
04-30 20:10:01.338  1063  1259 I DreamManagerService: Leaving dreamland.
04-30 20:10:01.339  1063  1317 I DreamManagerService: Performing gentle wake from dream.
04-30 20:10:01.339  1063  1317 I DreamController: Stopping dream: name=ComponentInfo{com.android.systemui/com.android.systemui.doze.DozeService}, isTest=false, canDoze=true, userId=0
04-30 20:10:01.346  2463  2463 D ImageWallpaper: wallpaper visibility changes to: true
04-30 20:10:01.352  2463  2463 D KeyguardClockSwitch: Updating clock: 810
04-30 20:10:01.353  2463  2463 D KeyguardClockSwitch: Updating clock: 810
04-30 20:10:01.405  1063  1063 I chatty  : uid=1000 system_server expire 1 line
04-30 20:10:01.411  3251  3251 I chatty  : uid=1000(system) expire 10 lines
04-30 20:10:01.418  3251  3251 I ServiceManagement: Removing namespace from process name android.hardware.light@2.0-service-lazy to light@2.0-service-lazy.
04-30 20:10:01.420  3251  3251 I         : Registration complete for android.hardware.light@2.0::ILight/default.
04-30 20:10:01.441  2978  2978 I DeviceStatusMonitor: onReceive() : Action = android.intent.action.SCREEN_ON
04-30 20:10:01.464  1930  1930 D FMService: onDataActivity - 4
04-30 20:10:01.469  1930  1930 D FMService: onDataActivity - 4
04-30 20:10:01.510  3315  3178 I chatty  : uid=10045(com.jio.adc.embedded) pool-1-thread-3 expire 1 line
04-30 20:10:01.520  3305  3305 D QSLMJ   : SLM received action android.intent.action.SCREEN_ON
04-30 20:10:01.522  3315  3179 I chatty  : uid=10045(com.jio.adc.embedded) pool-8-thread-2 expire 1 line
04-30 20:10:01.524  2903  3675 I chatty  : uid=10091(com.google.android.gms) highpool[0] expire 10 lines
04-30 20:10:01.525  3315  3180 I chatty  : uid=10045(com.jio.adc.embedded) pool-7-thread-2 expire 1 line
04-30 20:10:01.525  3315  3181 I chatty  : uid=10045(com.jio.adc.embedded) pool-9-thread-2 expire 1 line
04-30 20:10:01.529  3315  3182 D [473   ] ANH-EX_S: c.j.a.core.module.exs.EEP$b call> bitField: 8
04-30 20:10:01.543  3315  3186 D [476   ] ANH-EX_NM: c.j.a.core.module.exnm.EEP$b call> bitField: 0
04-30 20:10:01.543  3315  3185 D [475   ] ANH-EX_NA: c.j.a.core.module.exna.EEP$a call> bitField: 0
04-30 20:10:01.544  3315  3187 D [477   ] ANH-EX_DE: c.j.a.core.module.exde.EEP$a call> bitField: 32
04-30 20:10:01.573  1930  1930 D FMService: ACTION_SCREEN_ON Intent received
04-30 20:10:01.673   414   414 D Zygote  : Forked child process 3258
04-30 20:10:01.679  1063  1329 I ActivityManager: Start proc 3258:com.google.process.gservices/u0a91 for content provider {com.google.android.gsf/com.google.android.gsf.gservices.GservicesProvider}
04-30 20:10:01.712  1063  2779 I chatty  : uid=1000(system) Binder:1063_9 expire 2 lines
04-30 20:10:01.738  3258  3258 I chatty  : uid=10091(com.google.android.gms) com.google.process.gservices expire 1 line
04-30 20:10:01.738  3315  3178 D [469   ] ANH-ADC: com.jio.adc.core. > Captured: DE23
04-30 20:10:01.774  3258  3258 I Perf    : Connecting to perf service.
04-30 20:10:01.786   492   541 W SDM     : HWPrimary::PopulateDisplayAttributes: Driver doesn't report panel physical width and height - defaulting to 320dpi
04-30 20:10:01.787  3258  3258 W ocess.gservice: Couldn't clamp region space as there are regions in use beyond growth limit.
04-30 20:10:01.793  3258  3258 I GservicesProvider: Gservices pushing to system: true; secure/global: true
04-30 20:10:01.898   592   634 D ThermalEngine: zone:20 sensor:skin-therm-adc temp:10865 trip:0 event:0
04-30 20:10:01.900   592   634 D ThermalEngine: zone:2 sensor:pa-therm0-adc temp:38846 trip:0 event:0
04-30 20:10:01.902   592   634 D ThermalEngine: zone:1 sensor:xo-therm-buf-adc temp:40903 trip:0 event:0
04-30 20:10:01.981   665  3873 E ANDR-IOP: IIop:: Iop HAL Service is not available.
04-30 20:10:02.066  2463  2547 D ImageWallpaper: finishRendering, preserve=false
04-30 20:10:02.109  3202  3202 W ProviderHelper: Unknown dynamite feature providerinstaller
04-30 20:10:02.111  3202  3202 I DynamiteModule: Considering local module com.google.android.gms.providerinstaller:1 and remote module com.google.android.gms.providerinstaller:0
04-30 20:10:02.111  3202  3202 I DynamiteModule: Selected local version of com.google.android.gms.providerinstaller
04-30 20:10:02.192  3202  3202 D NetworkSecurityConfig: Using Network Security Config from resource network_security_config debugBuild: false
04-30 20:10:02.197  3202  3202 I ProviderInstaller: Installed default security provider GmsCore_OpenSSL
04-30 20:10:02.197  3202  3202 I Safeboot: Checking safeboot...
04-30 20:10:02.198  3202  3202 I Safeboot: Not entering safeboot; wrong process.
04-30 20:10:02.243  3202  3202 I Watchcat: Started
04-30 20:10:02.248  3202  3202 I azqi    : Primes not initialized, returning default (no-op) Primes instance which will ignore all calls. Please call Primes.initialize(...) before using any Primes API.
04-30 20:10:02.250   339   339 I chatty  : uid=1000(system) hwservicemanage expire 12 lines
04-30 20:10:02.251   665  3873 E ANDR-IOP: IIop:: Iop HAL Service is not available.
04-30 20:10:02.432  1063  1259 I chatty  : uid=1000(system) Binder:1063_18 expire 3 lines
04-30 20:10:02.464  3202  3202 W ModuleManager: Unable to get current module's fulfilled APIs in ModuleManager created with non-module Context
04-30 20:10:02.506  3202  3202 I MediaRouter: Found default route: MediaRouter.RouteInfo{ uniqueId=android/apy:DEFAULT_ROUTE, name=Phone, description=null, iconUri=null, enabled=true, connectionState=0, canDisconnect=false, playbackType=0, playbackStream=3, deviceType=0, volumeHandling=1, volume=0, volumeMax=15, presentationDisplayId=-1, extras=null, settingsIntent=null, providerPackageName=android }
04-30 20:10:02.506  3202  3202 I MediaRouter: Unselecting the current route because it is no longer selectable: null
04-30 20:10:02.562  3202  3309 I CastDatabase: Opening the database
04-30 20:10:02.584  3202  3309 I SQLiteCastStore: 0 CastNetworkInfo instances loaded, 0 CastDeviceInfo instances loaded, 0 paired guest mode devices loaded.
04-30 20:10:02.673  3202  3304 I CastSocket: 29 >= 18. Adding new CastClientAuthKeyManager. [CONTEXT service_id=161 ]
04-30 20:10:02.689  1063  2779 I chatty  : uid=1000(system) Binder:1063_9 expire 1 line
04-30 20:10:02.691  1063  2392 I chatty  : uid=1000(system) ClientModeImpl expire 1 line
04-30 20:10:02.692  1063  1328 W BroadcastQueue: Background execution not allowed: receiving Intent { act=android.net.wifi.SCAN_RESULTS flg=0x4000010 (has extras) } to com.jio.myjio/.jionet.receiver.WifiScanReceiver
04-30 20:10:02.712  3202  3304 I DiscoveryManager: WifiGuestModeDeviceScanner enabled.
04-30 20:10:02.714  1063  1319 D BluetoothManagerService: MESSAGE_REGISTER_ADAPTER
04-30 20:10:04.151  3251  3251 I /vendor/bin/hw/android.hardware.light@2.0-service-lazy: Process has 1 (of 1 available) client(s) in use after notification android.hardware.light@2.0::ILight has clients: 1
04-30 20:10:07.019   592   634 D ThermalEngine: zone:1 sensor:xo-therm-buf-adc temp:40963 trip:0 event:0
04-30 20:10:07.027   592   634 D ThermalEngine: zone:2 sensor:pa-therm0-adc temp:38846 trip:0 event:0
04-30 20:10:07.028   592   634 D ThermalEngine: zone:20 sensor:skin-therm-adc temp:24439 trip:0 event:0
04-30 20:10:09.152  3251  3251 I /vendor/bin/hw/android.hardware.light@2.0-service-lazy: Process has 0 (of 1 available) client(s) in use after notification android.hardware.light@2.0::ILight has clients: 0
04-30 20:10:09.152  3251  3251 I /vendor/bin/hw/android.hardware.light@2.0-service-lazy: Trying to exit HAL. No clients in use for any service in process.
04-30 20:10:09.154  3251  3251 I /vendor/bin/hw/android.hardware.light@2.0-service-lazy: Unregistered all clients and exiting
04-30 20:10:09.569  1063  2779 I ActivityManager: Killing 3128:com.android.cellbroadcastreceiver/u0a50 (adj 940): cached #5
04-30 20:10:09.612   339   339 I hwservicemanager: getTransport: Cannot find entry vendor.qti.hardware.servicetracker@1.0::IServicetracker/default in either framework or device manifest.
04-30 20:10:09.617   414   414 I Zygote  : Process 3128 exited due to signal 9 (Killed)
04-30 20:10:09.636  1063  1330 I libprocessgroup: Successfully killed process cgroup uid 10050 pid 3128 in 64ms
04-30 20:10:10.860   592   634 D ThermalEngine: zone:0 sensor:xo-therm-adc temp:41084 trip:0 event:0
04-30 20:10:10.860   592   649 D ThermalEngine: sensor_monitor: xo-therm-adc Reading 41084 .
04-30 20:10:10.860   592   649 I ThermalEngine: Sensor:xo-therm-adc:41084 mC
04-30 20:10:10.860   592   649 D ThermalEngine: update_active_thresh: xo-therm-adc Active(1), Hi(1) 43000, Lo(1) 39000, desc(0) Interval(1) 2000
04-30 20:10:10.860   592   649 D ThermalEngine: sensor_monitor: xo-therm-adc Sensor wait.
04-30 20:10:10.920  2463  2463 D StatusBarNotificationPresenter: calling update notifications on Panel
04-30 20:10:10.960   492   541 W SDM     : HWPrimary::PopulateDisplayAttributes: Driver doesn't report panel physical width and height - defaulting to 320dpi
04-30 20:10:11.044   492   541 W SDM     : HWPrimary::PopulateDisplayAttributes: Driver doesn't report panel physical width and height - defaulting to 320dpi
04-30 20:10:12.139   592   634 D ThermalEngine: zone:20 sensor:skin-therm-adc temp:11634 trip:0 event:0
04-30 20:10:12.148   592   634 D ThermalEngine: zone:2 sensor:pa-therm0-adc temp:38791 trip:0 event:0
04-30 20:10:12.152   592   634 D ThermalEngine: zone:1 sensor:xo-therm-buf-adc temp:40783 trip:0 event:0
04-30 20:10:16.219   339   339 I hwservicemanager: getTransport: Cannot find entry vendor.qti.hardware.servicetracker@1.0::IServicetracker/default in either framework or device manifest.
04-30 20:10:17.260   592   634 D ThermalEngine: zone:1 sensor:xo-therm-buf-adc temp:40722 trip:0 event:0
04-30 20:10:17.268   592   634 D ThermalEngine: zone:2 sensor:pa-therm0-adc temp:38791 trip:0 event:0
04-30 20:10:17.270   592   634 D ThermalEngine: zone:20 sensor:skin-therm-adc temp:23504 trip:0 event:0
04-30 20:10:17.419  1063  1546 D CompatibilityInfo: mCompatibilityFlags - 0
04-30 20:10:17.419  1063  1546 D CompatibilityInfo: applicationDensity - 216
04-30 20:10:17.419  1063  1546 D CompatibilityInfo: applicationScale - 1.0
04-30 20:10:17.421   339   339 I hwservicemanager: getTransport: Cannot find entry vendor.qti.hardware.servicetracker@1.0::IServicetracker/default in either framework or device manifest.
04-30 20:10:17.596  3202  3319 E GmsRequestQueue: Tried to stop global GMSCore RequestQueue. This is likely unintended, so ignoring.
04-30 20:10:17.616   339   339 I hwservicemanager: getTransport: Cannot find entry vendor.qti.hardware.servicetracker@1.0::IServicetracker/default in either framework or device manifest.
04-30 20:10:17.758   339   339 I chatty  : uid=1000(system) hwservicemanage identical 2 lines
04-30 20:10:17.760   339   339 I hwservicemanager: getTransport: Cannot find entry vendor.qti.hardware.servicetracker@1.0::IServicetracker/default in either framework or device manifest.
04-30 20:10:19.439  2463  2463 D StatusBar: disable<e i a s b h r c s > disable2<q i n >
04-30 20:10:19.446   492   541 W SDM     : HWPrimary::PopulateDisplayAttributes: Driver doesn't report panel physical width and height - defaulting to 320dpi
04-30 20:10:19.650  2463  2463 D StatusBar: disable<e i a s b h r c s > disable2<q i n >
04-30 20:10:19.678  2463  3341 W RingtonePlayer: STOP command without a player
04-30 20:10:19.998   492   541 W SDM     : HWPrimary::PopulateDisplayAttributes: Driver doesn't report panel physical width and height - defaulting to 320dpi
04-30 20:10:20.696  3346  3346 D AndroidRuntime: >>>>>> START com.android.internal.os.RuntimeInit uid 2000 <<<<<<
04-30 20:10:20.720  3346  3346 W app_process: type=1400 audit(0.0:2571): avc: denied { read } for name="u:object_r:device_config_runtime_native_boot_prop:s0" dev="tmpfs" ino=11636 scontext=u:r:shell:s0 tcontext=u:object_r:device_config_runtime_native_boot_prop:s0 tclass=file permissive=0
04-30 20:10:20.720  3346  3346 W app_process: type=1400 audit(0.0:2572): avc: denied { read } for name="u:object_r:device_config_runtime_native_boot_prop:s0" dev="tmpfs" ino=11636 scontext=u:r:shell:s0 tcontext=u:object_r:device_config_runtime_native_boot_prop:s0 tclass=file permissive=0
04-30 20:10:20.720  3346  3346 W app_process: type=1400 audit(0.0:2573): avc: denied { read } for name="u:object_r:device_config_runtime_native_boot_prop:s0" dev="tmpfs" ino=11636 scontext=u:r:shell:s0 tcontext=u:object_r:device_config_runtime_native_boot_prop:s0 tclass=file permissive=0
04-30 20:10:20.722  3346  3346 E libc    : Access denied finding property "persist.device_config.runtime_native_boot.enable_apex_image"
04-30 20:10:20.722  3346  3346 I AndroidRuntime: Using default boot image
04-30 20:10:20.722  3346  3346 E libc    : Access denied finding property "persist.device_config.runtime_native_boot.disable_lock_profiling"
04-30 20:10:20.722  3346  3346 I AndroidRuntime: Leaving lock profiling enabled
04-30 20:10:20.723  3346  3346 E libc    : Access denied finding property "persist.device_config.runtime_native_boot.enable_generational_cc"
04-30 20:10:20.738  3346  3346 W app_process: Could not reserve sentinel fault page
04-30 20:10:20.739  3346  3346 I app_process: Core platform API reporting enabled, enforcing=false
04-30 20:10:20.889   592   634 D ThermalEngine: zone:0 sensor:xo-therm-adc temp:40963 trip:0 event:0
04-30 20:10:20.889   592   649 D ThermalEngine: sensor_monitor: xo-therm-adc Reading 40963 .
04-30 20:10:20.889   592   649 I ThermalEngine: Sensor:xo-therm-adc:40963 mC
04-30 20:10:20.889   592   649 D ThermalEngine: update_active_thresh: xo-therm-adc Active(1), Hi(1) 43000, Lo(1) 39000, desc(0) Interval(1) 2000
04-30 20:10:20.890   592   649 D ThermalEngine: sensor_monitor: xo-therm-adc Sensor wait.
04-30 20:10:20.924   411   411 I netd    : trafficSwapActiveStatsMap() <9.10ms>
04-30 20:10:20.927   411   411 I netd    : tetherGetStats() <2.11ms>
04-30 20:10:20.936   411   411 I netd    : bandwidthSetGlobalAlert(2097152) <0.49ms>
04-30 20:10:21.150  3346  3346 D ICU     : Time zone APEX file found: /apex/com.android.tzdata/etc/icu/icu_tzdata.dat
04-30 20:10:21.190  3346  3346 I app_process: The ClassLoaderContext is a special shared library.
04-30 20:10:21.245  3346  3346 W app_process: JNI RegisterNativeMethods: attempt to register 0 native methods for android.media.AudioAttributes
04-30 20:10:21.270  3346  3346 D AndroidRuntime: Calling main entry com.android.commands.input.Input
04-30 20:10:21.277  3346  3346 D AndroidRuntime: Shutting down VM
04-30 20:10:21.453  1063  1063 D BluetoothManagerService: Bluetooth persisted state: 0
04-30 20:10:21.454  1063  1063 D BluetoothManagerService: Airplane Mode change - current state:  OFF, isAirplaneModeOn()=true, mEnableExternal: false
04-30 20:10:21.454  1063  3720 E OsAgent :  Wifi Scan Always Available: 0
04-30 20:10:21.480   414   414 D Zygote  : Forked child process 3393
04-30 20:10:21.490  1063  1329 I ActivityManager: Start proc 3393:com.android.carrierdefaultapp/u0a62 for broadcast {com.android.carrierdefaultapp/com.android.carrierdefaultapp.CarrierDefaultBroadcastReceiver}
04-30 20:10:21.520  1063  3720 E OsAgent :  Wifi Scan Always Available: 0
04-30 20:10:21.522   492   541 W SDM     : HWPrimary::PopulateDisplayAttributes: Driver doesn't report panel physical width and height - defaulting to 320dpi
04-30 20:10:21.576  1063  3411 D CompatibilityInfo: mCompatibilityFlags - 0
04-30 20:10:21.576  1063  3411 D CompatibilityInfo: applicationDensity - 216
04-30 20:10:21.576  1063  3411 D CompatibilityInfo: applicationScale - 1.0
04-30 20:10:21.581  1063  3411 D CompatibilityInfo: mCompatibilityFlags - 0
04-30 20:10:21.581  1063  3411 D CompatibilityInfo: applicationDensity - 216
04-30 20:10:21.581  1063  3411 D CompatibilityInfo: applicationScale - 1.0
04-30 20:10:21.604  1063  3411 W ActivityManager: Permission Denial: not allowed to send broadcast android.intent.action.AIRPLANE_MODE from pid=3425, uid=2000
04-30 20:10:21.642  3393  3393 I Perf    : Connecting to perf service.
04-30 20:10:21.664  3393  3393 W rrierdefaultap: Couldn't clamp region space as there are regions in use beyond growth limit.
04-30 20:10:21.668   339   339 I hwservicemanager: getTransport: Cannot find entry vendor.qti.hardware.iop@2.0::IIop/default in either framework or device manifest.
04-30 20:10:21.668   665  3873 E ANDR-IOP: IIop:: Iop HAL Service is not available.
04-30 20:10:21.671  3393  3393 D CarrierDefaultBroadcastReceiver: onReceive intent: com.android.internal.telephony.CARRIER_SIGNAL_RESET
04-30 20:10:21.690  3393  3393 D CarrierDefaultBroadcastReceiver: apply carrier action idx: 6
04-30 20:10:21.691  3393  3393 D CarrierActionUtils: onCancelAllNotifications
04-30 20:10:21.692  3393  3393 D CarrierDefaultBroadcastReceiver: apply carrier action idx: 8
04-30 20:10:21.692  3393  3393 D CarrierActionUtils: onDisableDefaultURLHandler
04-30 20:10:21.955   492   535 W SDM     : HWPrimary::PopulateDisplayAttributes: Driver doesn't report panel physical width and height - defaulting to 320dpi
04-30 20:10:22.352  3441  3441 D AndroidRuntime: >>>>>> START com.android.internal.os.RuntimeInit uid 2000 <<<<<<
04-30 20:10:22.360  3441  3441 W app_process: type=1400 audit(0.0:2574): avc: denied { read } for name="u:object_r:device_config_runtime_native_boot_prop:s0" dev="tmpfs" ino=11636 scontext=u:r:shell:s0 tcontext=u:object_r:device_config_runtime_native_boot_prop:s0 tclass=file permissive=0
04-30 20:10:22.360  3441  3441 W app_process: type=1400 audit(0.0:2575): avc: denied { read } for name="u:object_r:device_config_runtime_native_boot_prop:s0" dev="tmpfs" ino=11636 scontext=u:r:shell:s0 tcontext=u:object_r:device_config_runtime_native_boot_prop:s0 tclass=file permissive=0
04-30 20:10:22.360  3441  3441 W app_process: type=1400 audit(0.0:2576): avc: denied { read } for name="u:object_r:device_config_runtime_native_boot_prop:s0" dev="tmpfs" ino=11636 scontext=u:r:shell:s0 tcontext=u:object_r:device_config_runtime_native_boot_prop:s0 tclass=file permissive=0
04-30 20:10:22.361  3441  3441 E libc    : Access denied finding property "persist.device_config.runtime_native_boot.enable_apex_image"
04-30 20:10:22.361  3441  3441 I AndroidRuntime: Using default boot image
04-30 20:10:22.361  3441  3441 E libc    : Access denied finding property "persist.device_config.runtime_native_boot.disable_lock_profiling"
04-30 20:10:22.361  3441  3441 I AndroidRuntime: Leaving lock profiling enabled
04-30 20:10:22.362  3441  3441 E libc    : Access denied finding property "persist.device_config.runtime_native_boot.enable_generational_cc"
04-30 20:10:22.372  3441  3441 W app_process: Could not reserve sentinel fault page
04-30 20:10:22.372  3441  3441 I app_process: Core platform API reporting enabled, enforcing=false
04-30 20:10:22.378   592   634 D ThermalEngine: zone:20 sensor:skin-therm-adc temp:11250 trip:0 event:0
04-30 20:10:22.385   592   634 D ThermalEngine: zone:2 sensor:pa-therm0-adc temp:38791 trip:0 event:0
04-30 20:10:22.386   592   634 D ThermalEngine: zone:1 sensor:xo-therm-buf-adc temp:40843 trip:0 event:0
04-30 20:10:22.583  3441  3441 D ICU     : Time zone APEX file found: /apex/com.android.tzdata/etc/icu/icu_tzdata.dat
04-30 20:10:22.610  3441  3441 I app_process: The ClassLoaderContext is a special shared library.
04-30 20:10:22.667  3441  3441 W app_process: JNI RegisterNativeMethods: attempt to register 0 native methods for android.media.AudioAttributes
04-30 20:10:22.689  3441  3441 D AndroidRuntime: Calling main entry com.android.commands.input.Input
04-30 20:10:22.694  3441  3441 D AndroidRuntime: Shutting down VM
04-30 20:10:23.035  1063  3411 W ActivityManager: Permission Denial: not allowed to send broadcast android.intent.action.AIRPLANE_MODE from pid=3470, uid=2000
04-30 20:10:23.869  3483  3483 D AndroidRuntime: >>>>>> START com.android.internal.os.RuntimeInit uid 2000 <<<<<<
04-30 20:10:23.876  3483  3483 W app_process: type=1400 audit(0.0:2577): avc: denied { read } for name="u:object_r:device_config_runtime_native_boot_prop:s0" dev="tmpfs" ino=11636 scontext=u:r:shell:s0 tcontext=u:object_r:device_config_runtime_native_boot_prop:s0 tclass=file permissive=0
04-30 20:10:23.876  3483  3483 W app_process: type=1400 audit(0.0:2578): avc: denied { read } for name="u:object_r:device_config_runtime_native_boot_prop:s0" dev="tmpfs" ino=11636 scontext=u:r:shell:s0 tcontext=u:object_r:device_config_runtime_native_boot_prop:s0 tclass=file permissive=0
04-30 20:10:23.876  3483  3483 W app_process: type=1400 audit(0.0:2579): avc: denied { read } for name="u:object_r:device_config_runtime_native_boot_prop:s0" dev="tmpfs" ino=11636 scontext=u:r:shell:s0 tcontext=u:object_r:device_config_runtime_native_boot_prop:s0 tclass=file permissive=0
04-30 20:10:23.878  3483  3483 E libc    : Access denied finding property "persist.device_config.runtime_native_boot.enable_apex_image"
04-30 20:10:23.878  3483  3483 I AndroidRuntime: Using default boot image
04-30 20:10:23.878  3483  3483 E libc    : Access denied finding property "persist.device_config.runtime_native_boot.disable_lock_profiling"
04-30 20:10:23.878  3483  3483 I AndroidRuntime: Leaving lock profiling enabled
04-30 20:10:23.879  3483  3483 E libc    : Access denied finding property "persist.device_config.runtime_native_boot.enable_generational_cc"
04-30 20:10:23.889  3483  3483 W app_process: Could not reserve sentinel fault page
04-30 20:10:23.890  3483  3483 I app_process: Core platform API reporting enabled, enforcing=false
04-30 20:10:24.082  3483  3483 D ICU     : Time zone APEX file found: /apex/com.android.tzdata/etc/icu/icu_tzdata.dat
04-30 20:10:24.106  3483  3483 I app_process: The ClassLoaderContext is a special shared library.
04-30 20:10:24.151  3483  3483 W app_process: JNI RegisterNativeMethods: attempt to register 0 native methods for android.media.AudioAttributes
04-30 20:10:24.170  3483  3483 D AndroidRuntime: Calling main entry com.android.commands.input.Input
04-30 20:10:24.176  3483  3483 D AndroidRuntime: Shutting down VM
04-30 20:10:24.354  1063  1063 D BluetoothManagerService: Bluetooth persisted state: 0
04-30 20:10:24.354  1063  1063 D BluetoothManagerService: Airplane Mode change - current state:  OFF, isAirplaneModeOn()=false, mEnableExternal: false
04-30 20:10:24.356  1063  3720 E OsAgent :  Wifi Scan Always Available: 0
04-30 20:10:24.357  1063  3720 E OsAgent :  Wifi Scan Always Available: 0
04-30 20:10:24.395   492   535 W SDM     : HWPrimary::PopulateDisplayAttributes: Driver doesn't report panel physical width and height - defaulting to 320dpi
04-30 20:10:24.507  1063  3411 W ActivityManager: Permission Denial: not allowed to send broadcast android.intent.action.AIRPLANE_MODE from pid=3521, uid=2000
04-30 20:10:24.683   339   339 I hwservicemanager: getTransport: Cannot find entry vendor.qti.hardware.servicetracker@1.0::IServicetracker/default in either framework or device manifest.
04-30 20:10:24.695  1063  3411 I ActivityManager: Killing 3202:com.google.android.gms/u0a91 (adj 940): cached #5
04-30 20:10:24.708   339   339 I hwservicemanager: getTransport: Cannot find entry vendor.qti.hardware.iop@2.0::IIop/default in either framework or device manifest.
04-30 20:10:24.763   339   339 I hwservicemanager: getTransport: Cannot find entry vendor.qti.hardware.iop@2.0::IIop/default in either framework or device manifest.
04-30 20:10:24.764   414   414 I Zygote  : Process 3202 exited due to signal 9 (Killed)
04-30 20:10:24.766   339   339 I hwservicemanager: getTransport: Cannot find entry vendor.qti.hardware.servicetracker@1.0::IServicetracker/default in either framework or device manifest.
04-30 20:10:24.780  1063  1330 I libprocessgroup: Successfully killed process cgroup uid 10091 pid 3202 in 78ms
04-30 20:10:24.846   492   535 W SDM     : HWPrimary::PopulateDisplayAttributes: Driver doesn't report panel physical width and height - defaulting to 320dpi
04-30 20:10:25.257  3524  3524 D AndroidRuntime: >>>>>> START com.android.internal.os.RuntimeInit uid 2000 <<<<<<
04-30 20:10:25.263  3524  3524 W app_process: type=1400 audit(0.0:2580): avc: denied { read } for name="u:object_r:device_config_runtime_native_boot_prop:s0" dev="tmpfs" ino=11636 scontext=u:r:shell:s0 tcontext=u:object_r:device_config_runtime_native_boot_prop:s0 tclass=file permissive=0
04-30 20:10:25.263  3524  3524 W app_process: type=1400 audit(0.0:2581): avc: denied { read } for name="u:object_r:device_config_runtime_native_boot_prop:s0" dev="tmpfs" ino=11636 scontext=u:r:shell:s0 tcontext=u:object_r:device_config_runtime_native_boot_prop:s0 tclass=file permissive=0
04-30 20:10:25.266  3524  3524 W app_process: type=1400 audit(0.0:2582): avc: denied { read } for name="u:object_r:device_config_runtime_native_boot_prop:s0" dev="tmpfs" ino=11636 scontext=u:r:shell:s0 tcontext=u:object_r:device_config_runtime_native_boot_prop:s0 tclass=file permissive=0
04-30 20:10:25.266  3524  3524 E libc    : Access denied finding property "persist.device_config.runtime_native_boot.enable_apex_image"
04-30 20:10:25.266  3524  3524 I AndroidRuntime: Using default boot image
04-30 20:10:25.266  3524  3524 E libc    : Access denied finding property "persist.device_config.runtime_native_boot.disable_lock_profiling"
04-30 20:10:25.266  3524  3524 I AndroidRuntime: Leaving lock profiling enabled
04-30 20:10:25.267  3524  3524 E libc    : Access denied finding property "persist.device_config.runtime_native_boot.enable_generational_cc"
04-30 20:10:25.277  3524  3524 W app_process: Could not reserve sentinel fault page
04-30 20:10:25.277  3524  3524 I app_process: Core platform API reporting enabled, enforcing=false
04-30 20:10:25.464  3524  3524 D ICU     : Time zone APEX file found: /apex/com.android.tzdata/etc/icu/icu_tzdata.dat
04-30 20:10:25.490  3524  3524 I app_process: The ClassLoaderContext is a special shared library.
04-30 20:10:25.534  3524  3524 W app_process: JNI RegisterNativeMethods: attempt to register 0 native methods for android.media.AudioAttributes
04-30 20:10:25.553  3524  3524 D AndroidRuntime: Calling main entry com.android.commands.input.Input
04-30 20:10:25.560  3524  3524 D AndroidRuntime: Shutting down VM
04-30 20:10:25.934  1063  2779 W ActivityManager: Permission Denial: not allowed to send broadcast android.intent.action.AIRPLANE_MODE from pid=3549, uid=2000
04-30 20:10:27.499   592   634 D ThermalEngine: zone:1 sensor:xo-therm-buf-adc temp:41084 trip:0 event:0
04-30 20:10:27.503   592   634 D ThermalEngine: zone:2 sensor:pa-therm0-adc temp:38846 trip:0 event:0
04-30 20:10:27.505   592   634 D ThermalEngine: zone:20 sensor:skin-therm-adc temp:24018 trip:0 event:0
04-30 20:10:30.913   592   634 D ThermalEngine: zone:0 sensor:xo-therm-adc temp:41325 trip:0 event:0
04-30 20:10:30.913   592   649 D ThermalEngine: sensor_monitor: xo-therm-adc Reading 41325 .
04-30 20:10:30.913   592   649 I ThermalEngine: Sensor:xo-therm-adc:41325 mC
04-30 20:10:30.913   592   649 D ThermalEngine: update_active_thresh: xo-therm-adc Active(1), Hi(1) 43000, Lo(1) 39000, desc(0) Interval(1) 2000
04-30 20:10:30.914   592   649 D ThermalEngine: sensor_monitor: xo-therm-adc Sensor wait.
