04-30 20:08:25.811  2903  3675 I NearbySharing: Fast Initiation Scanning has stopped [CONTEXT service_id=194 ]
04-30 20:08:25.811  2903  3675 I NearbySharing: Stopping Fast Init because Bluetooth is disabled. [CONTEXT service_id=194 ]
04-30 20:08:25.816  3315  3078 I chatty  : uid=10045(com.jio.adc.embedded) expire 4 lines
04-30 20:08:25.826  3315  3079 I chatty  : uid=10045(com.jio.adc.embedded) expire 2 lines
04-30 20:08:25.826  3315  3080 I chatty  : uid=10045(com.jio.adc.embedded) expire 1 line
04-30 20:08:25.848  2752  2752 I MediaRouter: Found default route: MediaRouter.RouteInfo{ uniqueId=android/apy:DEFAULT_ROUTE, name=Phone, description=null, iconUri=null, enabled=true, connectionState=0, canDisconnect=false, playbackType=0, playbackStream=3, deviceType=0, volumeHandling=1, volume=0, volumeMax=15, presentationDisplayId=-1, extras=null, settingsIntent=null, providerPackageName=android }
04-30 20:08:25.849  2752  2752 I MediaRouter: Unselecting the current route because it is no longer selectable: null
04-30 20:08:25.852  3315  3086 I chatty  : uid=10045(com.jio.adc.embedded) expire 7 lines
04-30 20:08:25.855  3315  3081 I chatty  : uid=10045(com.jio.adc.embedded) expire 6 lines
04-30 20:08:25.862  3315  3085 I chatty  : uid=10045(com.jio.adc.embedded) expire 7 lines
04-30 20:08:25.887   492   535 I chatty  : uid=1000(system) HwBinder:492_1 expire 10 lines
04-30 20:08:25.894  3315  3084 I chatty  : uid=10045(com.jio.adc.embedded) expire 7 lines
04-30 20:08:25.902  3315  3082 I chatty  : uid=10045(com.jio.adc.embedded) expire 2 lines
04-30 20:08:25.908  2463  2486 I ndroid.systemu: Background young concurrent copying GC freed 378867(15MB) AllocSpace objects, 4(80KB) LOS objects, 66% free, 7905KB/23MB, paused 447us total 619.428ms
04-30 20:08:25.908  2463  2486 W ndroid.systemu: Reducing the number of considered missed Gc histogram windows from 111 to 100
04-30 20:08:25.910  1063  1528 I chatty  : uid=1000(system) Binder:1063_4 expire 2 lines
04-30 20:08:25.930  3315  3083 I chatty  : uid=10045(com.jio.adc.embedded) expire 7 lines
04-30 20:08:25.950  2752  2952 I CastDatabase: Opening the database
04-30 20:08:25.999  2463  2547 D ImageWallpaper: finishRendering, preserve=false
04-30 20:08:26.082  2752  2952 I SQLiteCastStore: 0 CastNetworkInfo instances loaded, 0 CastDeviceInfo instances loaded, 0 paired guest mode devices loaded.
04-30 20:08:26.156  2752  2811 I gle.android.gm: Waiting for a blocking GC ProfileSaver
04-30 20:08:26.305  2752  2971 I CastSocket: 29 >= 18. Adding new CastClientAuthKeyManager. [CONTEXT service_id=161 ]
04-30 20:08:26.323  1063  2392 I chatty  : uid=1000(system) ClientModeImpl expire 2 lines
04-30 20:08:26.325  1063  1328 W BroadcastQueue: Background execution not allowed: receiving Intent { act=android.net.wifi.SCAN_RESULTS flg=0x4000010 (has extras) } to com.jio.myjio/.jionet.receiver.WifiScanReceiver
04-30 20:08:26.345  2752  2971 I DiscoveryManager: WifiGuestModeDeviceScanner enabled.
04-30 20:08:26.346  1063  1319 D BluetoothManagerService: MESSAGE_REGISTER_ADAPTER
04-30 20:08:28.242  2986  3024 W System  : A resource failed to call close. 
04-30 20:08:28.248  2986  3024 I chatty  : uid=10074(com.jio.jioplay.tv) identical 5 lines
04-30 20:08:28.249  2986  3024 W System  : A resource failed to call close. 
04-30 20:08:29.152  3074  3074 I /vendor/bin/hw/android.hardware.light@2.0-service-lazy: Process has 1 (of 1 available) client(s) in use after notification android.hardware.light@2.0::ILight has clients: 1
04-30 20:08:29.749   592   649 I chatty  : uid=0(root) /system/vendor/bin/thermal-engine expire 12 lines
04-30 20:08:31.007  1063  1063 W JobServiceContext: No response from client for onStartJob ae3785b #u0a67/1011 com.jio.media.ondemand/com.jio.media.analytics.AnalyticsService
04-30 20:08:31.019  1063  3511 I ActivityManager: Killing 2986:com.jio.jioplay.tv/u0a74 (adj 930): cached #5
04-30 20:08:31.082   414   414 I chatty  : uid=0(root) main expire 2 lines
04-30 20:08:31.084  1063  1330 I chatty  : uid=1000(system) ActivityManager expire 4 lines
04-30 20:08:32.524   339   339 I chatty  : uid=1000(system) hwservicemanage expire 22 lines
04-30 20:08:32.901  1063  1871 I ActivityManager: Killing 2729:com.jio.media.ondemand/u0a67 (adj 930): cached #5
04-30 20:08:34.153  3074  3074 I /vendor/bin/hw/android.hardware.light@2.0-service-lazy: Process has 0 (of 1 available) client(s) in use after notification android.hardware.light@2.0::ILight has clients: 0
04-30 20:08:34.154  3074  3074 I /vendor/bin/hw/android.hardware.light@2.0-service-lazy: Trying to exit HAL. No clients in use for any service in process.
04-30 20:08:34.155  3074  3074 I /vendor/bin/hw/android.hardware.light@2.0-service-lazy: Unregistered all clients and exiting
04-30 20:08:34.551  2463  2463 D StatusBarNotificationPresenter: calling update notifications on Panel
04-30 20:08:36.736  1063  1550 I chatty  : uid=1000(system) InputDispatcher expire 2 lines
04-30 20:08:36.752   486  1765 D audio_hw_primary: start_output_stream: enter: stream(0xa8411000)usecase(1: low-latency-playback) devices(0x2)
04-30 20:08:36.753   486  1765 D audio_hw_primary: select_devices for use case (low-latency-playback)
04-30 20:08:36.753   486  1765 D audio_hw_primary: select_devices: out_snd_device(2: speaker) in_snd_device(0: )
04-30 20:08:36.753   486  1765 I msm8916_platform: platform_check_and_set_codec_backend_cfg:becf: afe: bitwidth 16, samplerate 48000 channels 2, backend_idx 0 usecase = 1 device (speaker)
04-30 20:08:36.753   486  1765 D msm8916_platform: platform_split_snd_device: snd_device(2) num devices(1) new_snd_devices(0)
04-30 20:08:36.753   486  1765 I msm8916_platform: platform_check_and_set_codec_backend_cfg: becf: new_snd_devices[0] is speaker
04-30 20:08:36.753   486  1765 I msm8916_platform: platform_check_codec_backend_cfg:becf: afe: Codec selected backend: 0 current bit width: 16 sample rate: 48000 channels: 2 usecase 1 device (speaker)
04-30 20:08:36.753   486  1765 D msm8916_platform: platform_check_codec_backend_cfg:becf: afe: playback on codec device not supporting native playback set default Sample Rate(48k)
04-30 20:08:36.753   486  1765 D msm8916_platform: platform_check_codec_backend_cfg:becf: afe: only 48KHZ sample rate is supported Configure afe to default Sample Rate(48k)
04-30 20:08:36.753   486  1765 I msm8916_platform: platform_check_codec_backend_cfg:becf: afe: Codec selected backend: 0 updated bit width: 16 sample rate: 48000 channels: 2
04-30 20:08:36.754   486  1765 D audio_hw_primary: check_usecases_codec_backend:becf: force routing 0
04-30 20:08:36.754   486  1765 E msm8916_platform: platform_check_backends_match: Invalid snd_device = 
04-30 20:08:36.754   486  1765 D audio_hw_primary: check_usecases_codec_backend:becf: (63) check_usecases curr device: speaker, usecase device: backends match 0
04-30 20:08:36.754   486  1765 D audio_hw_primary: check_usecases_codec_backend:becf: check_usecases num.of Usecases to switch 0
04-30 20:08:36.754   486  1765 D hardware_info: hw_info_append_hw_type : device_name = speaker
04-30 20:08:36.754   486  1765 D msm8916_platform: platform_split_snd_device: snd_device(2) num devices(0) new_snd_devices(0)
04-30 20:08:36.754   486  1765 D audio_hw_primary: enable_snd_device: snd_device(2: speaker)
04-30 20:08:36.754   486  1765 D audio_route: Apply path: speaker
04-30 20:08:36.760   486  1765 D audio_hw_utils: audio_extn_utils_send_app_type_cfg: usecase->out_snd_device speaker
04-30 20:08:36.760   486  1765 D msm8916_platform: platform_split_snd_device: snd_device(2) num devices(0) new_snd_devices(0)
04-30 20:08:36.760   486  1765 D audio_hw_utils: audio_extn_btsco_get_sample_rate:Not a BT SCO device, need not update sampling rate
04-30 20:08:36.760   486  1765 I audio_hw_utils: send_app_type_cfg_for_device PLAYBACK app_type 69937, acdb_dev_id 14, sample_rate 48000, snd_device_be_idx 43
04-30 20:08:36.760   486  1765 D msm8916_platform: platform_split_snd_device: snd_device(2) num devices(1) new_snd_devices(0)
04-30 20:08:36.760   486  1765 D audio_hw_utils: audio_extn_btsco_get_sample_rate:Not a BT SCO device, need not update sampling rate
04-30 20:08:36.760   486  1765 D ACDB-LOADER: ACDB -> send_audio_cal, acdb_id = 14, path = 0, app id = 0x11131, sample rate = 48000, afe_sample_rate = 48000
04-30 20:08:36.760   486  1765 D ACDB-LOADER: ACDB -> send_asm_topology
04-30 20:08:36.760   486  1765 D ACDB-LOADER: ACDB -> ACDB_CMD_GET_AUDPROC_STREAM_TOPOLOGY_ID
04-30 20:08:36.761   486  1765 D ACDB-LOADER: ACDB -> send_adm_topology
04-30 20:08:36.761   486  1765 D ACDB-LOADER: ACDB -> ACDB_CMD_GET_AUDPROC_COMMON_TOPOLOGY_ID
04-30 20:08:36.761   486  1765 D ACDB-LOADER: ACDB -> send_audtable
04-30 20:08:36.761   486  1765 D ACDB-LOADER: ACDB -> ACDB_CMD_GET_AUDPROC_COMMON_TABLE_SIZE
04-30 20:08:36.761   486  1765 D ACDB-LOADER: ACDB -> ACDB_CMD_GET_AUDPROC_COMMON_TABLE
04-30 20:08:36.761   486  1765 D ACDB-LOADER: ACDB -> AUDIO_SET_AUDPROC_CAL cal_type[11] acdb_id[14] app_type[69937]
04-30 20:08:36.761   486  1765 D ACDB-LOADER: ACDB -> send_audvoltable
04-30 20:08:36.761   486  1765 D ACDB-LOADER: ACDB -> ACDB_CMD_GET_AUDPROC_GAIN_DEP_STEP_TABLE_SIZE
04-30 20:08:36.761   486  1765 D ACDB-LOADER: ACDB -> ACDB_CMD_GET_AUDPROC_GAIN_DEP_STEP_TABLE, vol index 0
04-30 20:08:36.761   486  1765 D ACDB-LOADER: ACDB -> AUDIO_SET_VOL_CAL cal type = 12
04-30 20:08:36.761   486  1765 D ACDB-LOADER: ACDB -> ACDB_CMD_GET_AUDPROC_STREAM_TABLE_SIZE
04-30 20:08:36.761   486  1765 D ACDB-LOADER: ACDB -> send_audstrmtable
04-30 20:08:36.761   486  1765 D ACDB-LOADER: ACDB -> ACDB_CMD_GET_AUDPROC_STREAM_TABLE_V2
04-30 20:08:36.761   486  1765 D ACDB-LOADER: ACDB -> audstrm_cal->cal_type.cal_data.cal_size = 16
04-30 20:08:36.761   486  1765 D ACDB-LOADER: ACDB -> send_afe_topology
04-30 20:08:36.761   486  1765 D ACDB-LOADER: ACDB -> ACDB_CMD_GET_AFE_TOPOLOGY_ID
04-30 20:08:36.761   486  1765 D ACDB-LOADER: ACDB -> GET_AFE_TOPOLOGY_ID for adcd_id 14, Topology Id 1000fc01
04-30 20:08:36.761   486  1765 D ACDB-LOADER: ACDB -> send_afe_cal
04-30 20:08:36.761   486  1765 D ACDB-LOADER: ACDB -> ACDB_CMD_GET_AFE_COMMON_TABLE_SIZE
04-30 20:08:36.761   486  1765 D ACDB-LOADER: ACDB -> ACDB_CMD_GET_AFE_COMMON_TABLE
04-30 20:08:36.761   486  1765 D ACDB-LOADER: ACDB -> AUDIO_SET_AFE_CAL cal_type[16] acdb_id[14]
04-30 20:08:36.761   486  1765 D ACDB-LOADER: ACDB -> send_hw_delay : acdb_id = 14 path = 0
04-30 20:08:36.761   486  1765 D ACDB-LOADER: ACDB -> ACDB_AVSYNC_INFO: ACDB_CMD_GET_DEVICE_PROPERTY
04-30 20:08:36.761   486  1765 D msm8916_platform: platform_split_snd_device: snd_device(2) num devices(0) new_snd_devices(0)
04-30 20:08:36.761   486  1765 I msm8916_platform: platform_get_custom_mtmx_params: no matching param with id 0 ip_ch 2 op_ch 1 uc_id 1 snd_dev 2
04-30 20:08:36.761   486  1765 D audio_hw_primary: enable_audio_route: apply mixer and update path: low-latency-playback
04-30 20:08:36.761   486  1765 D audio_route: Apply path: low-latency-playback
04-30 20:08:36.762   486  1765 D audio_hw_primary: select_devices: done
04-30 20:08:36.770   486  1765 D msm8916_platform: platform_set_channel_map mixer_ctl_name:Playback Channel Map12
04-30 20:08:36.770   486  1765 D msm8916_platform: platform_set_channel_map: set mapping(1 2 0 0 0 0 0 0) for channel:2
04-30 20:08:36.800  1063  1317 D AutofillManagerService: Close system dialogs
04-30 20:08:36.801  1063  1318 I ActivityTaskManager: START u0 {act=android.intent.action.MAIN cat=[android.intent.category.HOME] flg=0x10000100 cmp=com.android.launcher3/.Launcher (has extras)} from uid 0
04-30 20:08:36.808  1063  1318 I chatty  : uid=1000(system) android.ui expire 4 lines
04-30 20:08:36.815   486  1765 D audio_hw_primary: start_output_stream: exit
04-30 20:08:36.815   486  1765 D msm8916_platform: platform_split_snd_device: snd_device(2) num devices(0) new_snd_devices(0)
04-30 20:08:36.815   486  1765 I msm8916_platform: platform_get_custom_mtmx_params: no matching param with id 0 ip_ch 2 op_ch 1 uc_id 1 snd_dev 2
04-30 20:08:36.818  1063  2409 I chatty  : uid=1000(system) AsyncTask #11 expire 1 line
04-30 20:08:36.822  1930  1930 I chatty  : uid=1000(system) com.caf.fmradio expire 2 lines
04-30 20:08:36.838  1063  1321 I chatty  : uid=1000(system) android.anim expire 1 line
04-30 20:08:36.867  2669  2669 E ActivityThread: Failed to find provider info for com.jio.os.content.ContentFeedProvider
04-30 20:08:36.904  2463  2463 D ImageWallpaper: wallpaper visibility changes to: true
04-30 20:08:36.959   486   486 I chatty  : uid=1041(audioserver) audio@2.0-servi identical 11 lines
04-30 20:08:36.978  2669  2669 I         : Borqs:recents LAR.java-- setAnimation(), anim startTime: 16
04-30 20:08:37.452  1063  1320 I chatty  : uid=1000(system) android.display expire 2 lines
04-30 20:08:37.468  1930  1930 D FMRadio : FMRadio: onStop
04-30 20:08:38.290   411   411 I netd    : trafficSwapActiveStatsMap() <37.78ms>
04-30 20:08:38.295   411   411 I netd    : tetherGetStats() <2.95ms>
04-30 20:08:38.322   411   411 I netd    : bandwidthSetGlobalAlert(2097152) <1.01ms>
04-30 20:08:39.151  2887  2887 I /vendor/bin/hw/android.hardware.drm@1.2-service-lazy.clearkey: Process has 0 (of 2 available) client(s) in use after notification android.hardware.drm@1.2::IDrmFactory has clients: 0
04-30 20:08:39.152  2887  2887 I /vendor/bin/hw/android.hardware.drm@1.2-service-lazy.clearkey: Trying to exit HAL. No clients in use for any service in process.
04-30 20:08:39.152  2910  2910 I /vendor/bin/hw/android.hardware.drm@1.2-service-lazy.widevine: Process has 0 (of 2 available) client(s) in use after notification android.hardware.drm@1.2::IDrmFactory has clients: 0
04-30 20:08:39.152  2910  2910 I /vendor/bin/hw/android.hardware.drm@1.2-service-lazy.widevine: Trying to exit HAL. No clients in use for any service in process.
04-30 20:08:39.155  2910  2910 I /vendor/bin/hw/android.hardware.drm@1.2-service-lazy.widevine: Unregistered all clients and exiting
04-30 20:08:39.155  2899  2899 I /vendor/bin/hw/android.hardware.drm@1.0-service-lazy: Process has 0 (of 2 available) client(s) in use after notification android.hardware.drm@1.0::IDrmFactory has clients: 0
04-30 20:08:39.156  2899  2899 I /vendor/bin/hw/android.hardware.drm@1.0-service-lazy: Trying to exit HAL. No clients in use for any service in process.
04-30 20:08:39.160  2887  2887 I /vendor/bin/hw/android.hardware.drm@1.2-service-lazy.clearkey: Unregistered all clients and exiting
04-30 20:08:39.163  2899  2899 I /vendor/bin/hw/android.hardware.drm@1.0-service-lazy: Unregistered all clients and exiting
04-30 20:08:39.765   592   634 D ThermalEngine: zone:0 sensor:xo-therm-adc temp:41566 trip:0 event:0
04-30 20:08:39.765   592   649 D ThermalEngine: sensor_monitor: xo-therm-adc Reading 41566 .
04-30 20:08:39.765   592   649 I ThermalEngine: Sensor:xo-therm-adc:41566 mC
04-30 20:08:39.765   592   649 D ThermalEngine: update_active_thresh: xo-therm-adc Active(1), Hi(1) 43000, Lo(1) 39000, desc(0) Interval(1) 2000
04-30 20:08:39.766   592   649 D ThermalEngine: sensor_monitor: xo-therm-adc Sensor wait.
04-30 20:08:39.979   592   634 D ThermalEngine: zone:20 sensor:skin-therm-adc temp:18037 trip:0 event:0
04-30 20:08:39.981   592   634 D ThermalEngine: zone:2 sensor:pa-therm0-adc temp:39065 trip:0 event:0
04-30 20:08:39.984   592   634 D ThermalEngine: zone:1 sensor:xo-therm-buf-adc temp:41325 trip:0 event:0
04-30 20:08:40.034   486   486 I msm8916_platform: platform_get_custom_mtmx_params: no matching param with id 0 ip_ch 2 op_ch 1 uc_id 1 snd_dev 2
04-30 20:08:40.035   486   486 D hardware_info: hw_info_append_hw_type : device_name = speaker
04-30 20:08:40.035   486   486 D audio_hw_primary: disable_snd_device: snd_device(2: speaker)
04-30 20:08:40.035   486   486 D msm8916_platform: platform_split_snd_device: snd_device(2) num devices(0) new_snd_devices(0)
04-30 20:08:40.039   486   486 D audio_hw_primary: out_standby: exit
04-30 20:08:40.406  1063  1546 I chatty  : uid=1000(system) AlarmManager expire 3 lines
04-30 20:08:40.586  2752  3113 E GmsRequestQueue: Tried to stop global GMSCore RequestQueue. This is likely unintended, so ignoring.
04-30 20:08:45.100   592   634 D ThermalEngine: zone:1 sensor:xo-therm-buf-adc temp:41265 trip:0 event:0
04-30 20:08:45.108   592   634 D ThermalEngine: zone:2 sensor:pa-therm0-adc temp:39120 trip:0 event:0
04-30 20:08:45.110   592   634 D ThermalEngine: zone:20 sensor:skin-therm-adc temp:5463 trip:0 event:0
04-30 20:08:47.340  2463  2463 I PowerUI.Notification: show battery full warning: level=100 [1] 
04-30 20:08:47.362  2463  2463 D StatusBarNotificationPresenter: calling update notifications on Panel
04-30 20:08:47.380  2463  2463 D StatusBarNotificationPresenter: calling update notifications on Panel
04-30 20:08:47.630   339   339 I chatty  : uid=1000(system) hwservicemanage expire 10 lines
04-30 20:08:49.792   592   634 D ThermalEngine: zone:0 sensor:xo-therm-adc temp:41385 trip:0 event:0
04-30 20:08:49.793   592   649 D ThermalEngine: sensor_monitor: xo-therm-adc Reading 41385 .
04-30 20:08:49.793   592   649 I ThermalEngine: Sensor:xo-therm-adc:41385 mC
04-30 20:08:49.793   592   649 D ThermalEngine: update_active_thresh: xo-therm-adc Active(1), Hi(1) 43000, Lo(1) 39000, desc(0) Interval(1) 2000
04-30 20:08:49.793   592   649 D ThermalEngine: sensor_monitor: xo-therm-adc Sensor wait.
04-30 20:08:50.219   592   634 D ThermalEngine: zone:20 sensor:skin-therm-adc temp:16962 trip:0 event:0
04-30 20:08:50.221   592   634 D ThermalEngine: zone:2 sensor:pa-therm0-adc temp:39065 trip:0 event:0
04-30 20:08:50.224   592   634 D ThermalEngine: zone:1 sensor:xo-therm-buf-adc temp:41144 trip:0 event:0
04-30 20:08:55.340   592   634 D ThermalEngine: zone:1 sensor:xo-therm-buf-adc temp:41024 trip:0 event:0
04-30 20:08:55.342   592   634 D ThermalEngine: zone:2 sensor:pa-therm0-adc temp:39065 trip:0 event:0
04-30 20:08:55.344   592   634 D ThermalEngine: zone:20 sensor:skin-therm-adc temp:5309 trip:0 event:0
04-30 20:08:55.900  3315  3463 I chatty  : uid=10045(com.jio.adc.embedded) LR-HT-NT expire 4 lines
04-30 20:08:55.911  2806  2806 D ServiceStateProvider: subId=1
04-30 20:08:55.919  2759  3726 D QCNEJ/WwanInfoRelay: onServiceStateChanged: dataState: 0 DDS:1 Notify service state update
04-30 20:08:55.933   414   414 D Zygote  : Forked child process 3128
04-30 20:08:55.937  1063  1329 I ActivityManager: Start proc 3128:com.android.cellbroadcastreceiver/u0a50 for broadcast {com.android.cellbroadcastreceiver/com.android.cellbroadcastreceiver.CellBroadcastReceiver}
04-30 20:08:56.080   492   535 I chatty  : uid=1000(system) HwBinder:492_1 expire 10 lines
04-30 20:08:56.088  3128  3128 I Perf    : Connecting to perf service.
04-30 20:08:56.101  3128  3128 W oadcastreceive: Couldn't clamp region space as there are regions in use beyond growth limit.
04-30 20:08:56.111   665  3873 E ANDR-IOP: IIop:: Iop HAL Service is not available.
04-30 20:08:56.112  3128  3128 D CellBroadcastReceiver: onReceive Intent { act=android.intent.action.SERVICE_STATE flg=0x1000010 cmp=com.android.cellbroadcastreceiver/.CellBroadcastReceiver (has extras) }
04-30 20:08:56.118  1063  3930 I ActivityManager: Killing 2752:com.google.android.gms/u0a91 (adj 940): cached #5
04-30 20:08:56.179   414   414 I Zygote  : Process 2752 exited due to signal 9 (Killed)
04-30 20:08:56.640   858   980 D QC-time-services: Lib:time_genoff_operation: pargs->base = 12
04-30 20:08:56.640   858   980 D QC-time-services: Lib:time_genoff_operation: pargs->operation = 0
04-30 20:08:56.640   858   980 D QC-time-services: Lib:time_genoff_operation: pargs->ts_val = 1619793537254
04-30 20:08:56.640   858   980 D QC-time-services: Lib:time_genoff_operation: Send to server  passed!!
04-30 20:08:56.641   408  3152 I chatty  : uid=1000(system) /vendor/bin/time_daemon expire 10 lines
04-30 20:08:56.646  1063  2779 I chatty  : uid=1000(system) Binder:1063_9 expire 1 line
04-30 20:08:56.655   858   980 E QC-time-services: Receive Passed == base = 12, unit = 1, operation = 0, result = 0
04-30 20:08:56.655   858   980 D QC-time-services: Lib:time_genoff_operation: pargs->base = 13
04-30 20:08:56.655   858   980 D QC-time-services: Lib:time_genoff_operation: pargs->operation = 0
04-30 20:08:56.655   858   980 D QC-time-services: Lib:time_genoff_operation: pargs->ts_val = 1619793537254
04-30 20:08:56.655   858   980 D QC-time-services: Lib:time_genoff_operation: Send to server  passed!!
04-30 20:08:56.655   408   419 I chatty  : uid=1000(system) /vendor/bin/time_daemon expire 12 lines
04-30 20:08:56.656   408  3153 I chatty  : uid=1000(system) /vendor/bin/time_daemon expire 10 lines
04-30 20:08:56.656  1063  2779 D timedetector.SimpleTimeDetectorStrategy: adjustAndSetDeviceSystemClock: Not setting system clock. New time and system clock are close enough. elapsedRealtimeMillis=2300892 newTime=TimestampedValue{mReferenceTimeMillis=2300876, mValue=1619793537000} reason=New time signal systemClockUpdateThreshold=2000 absTimeDifference=360
04-30 20:08:56.663   858   980 E QC-time-services: Receive Passed == base = 13, unit = 1, operation = 0, result = 0
04-30 20:08:57.372  2463  2463 D StatusBarNotificationPresenter: calling update notifications on Panel
04-30 20:08:59.732  2759  3726 D QCNEJ/WwanInfoRelay: onServiceStateChanged: dataState: 0 DDS:1 Notify service state update
04-30 20:08:59.737  2806  2806 D ServiceStateProvider: subId=1
04-30 20:08:59.738  2806  2854 I m.android.phon: Waiting for a blocking GC ProfileSaver
04-30 20:08:59.742  3128  3128 D CellBroadcastReceiver: onReceive Intent { act=android.intent.action.SERVICE_STATE flg=0x1000010 cmp=com.android.cellbroadcastreceiver/.CellBroadcastReceiver (has extras) }
04-30 20:08:59.818   592   634 D ThermalEngine: zone:0 sensor:xo-therm-adc temp:41204 trip:0 event:0
04-30 20:08:59.818   592   649 D ThermalEngine: sensor_monitor: xo-therm-adc Reading 41204 .
04-30 20:08:59.818   592   649 I ThermalEngine: Sensor:xo-therm-adc:41204 mC
04-30 20:08:59.818   592   649 D ThermalEngine: update_active_thresh: xo-therm-adc Active(1), Hi(1) 43000, Lo(1) 39000, desc(0) Interval(1) 2000
04-30 20:08:59.819   592   649 D ThermalEngine: sensor_monitor: xo-therm-adc Sensor wait.
04-30 20:08:59.835  2806  2825 I m.android.phon: Background young concurrent copying GC freed 136462(18MB) AllocSpace objects, 12(192KB) LOS objects, 84% free, 3444KB/22MB, paused 374us total 139.287ms
04-30 20:08:59.835  2806  2854 I m.android.phon: WaitForGcToComplete blocked ProfileSaver on ProfileSaver for 97.514ms
04-30 20:09:00.039  2463  2463 D KeyguardClockSwitch: Updating clock: 809
04-30 20:09:00.458   592   634 D ThermalEngine: zone:20 sensor:skin-therm-adc temp:5927 trip:0 event:0
04-30 20:09:00.467   592   634 D ThermalEngine: zone:2 sensor:pa-therm0-adc temp:39010 trip:0 event:0
04-30 20:09:00.469   592   634 D ThermalEngine: zone:1 sensor:xo-therm-buf-adc temp:40963 trip:0 event:0
04-30 20:09:00.479   858   980 D QC-time-services: Lib:time_genoff_operation: pargs->base = 12
04-30 20:09:00.479   858   980 D QC-time-services: Lib:time_genoff_operation: pargs->operation = 0
04-30 20:09:00.479   858   980 D QC-time-services: Lib:time_genoff_operation: pargs->ts_val = 1619793541094
04-30 20:09:00.480   858   980 D QC-time-services: Lib:time_genoff_operation: Send to server  passed!!
04-30 20:09:00.481   408  3157 I chatty  : uid=1000(system) /vendor/bin/time_daemon expire 10 lines
04-30 20:09:00.485  1063  1047 I chatty  : uid=1000(system) Binder:1063_17 expire 3 lines
04-30 20:09:00.487   858   980 E QC-time-services: Receive Passed == base = 12, unit = 1, operation = 0, result = 0
04-30 20:09:00.487   858   980 D QC-time-services: Lib:time_genoff_operation: pargs->base = 13
04-30 20:09:00.487   858   980 D QC-time-services: Lib:time_genoff_operation: pargs->operation = 0
04-30 20:09:00.487   858   980 D QC-time-services: Lib:time_genoff_operation: pargs->ts_val = 1619793541094
04-30 20:09:00.487   858   980 D QC-time-services: Lib:time_genoff_operation: Send to server  passed!!
04-30 20:09:00.488   408  3158 I chatty  : uid=1000(system) /vendor/bin/time_daemon expire 10 lines
04-30 20:09:00.495   858   980 E QC-time-services: Receive Passed == base = 13, unit = 1, operation = 0, result = 0
04-30 20:09:04.855  2759  3726 D QCNEJ/WwanInfoRelay: onServiceStateChanged: dataState: 0 DDS:1 Notify service state update
04-30 20:09:04.857  2806  2806 D ServiceStateProvider: subId=1
04-30 20:09:04.866  3128  3128 D CellBroadcastReceiver: onReceive Intent { act=android.intent.action.SERVICE_STATE flg=0x1000010 cmp=com.android.cellbroadcastreceiver/.CellBroadcastReceiver (has extras) }
04-30 20:09:04.873  1063  3410 I ActivityManager: Killing 2821:com.google.process.gservices/u0a91 (adj 940): cached #5
04-30 20:09:04.930   414   414 I Zygote  : Process 2821 exited due to signal 9 (Killed)
04-30 20:09:05.580   592   634 D ThermalEngine: zone:1 sensor:xo-therm-buf-adc temp:40963 trip:0 event:0
04-30 20:09:05.588   592   634 D ThermalEngine: zone:2 sensor:pa-therm0-adc temp:39010 trip:0 event:0
04-30 20:09:05.590   592   634 D ThermalEngine: zone:20 sensor:skin-therm-adc temp:24158 trip:0 event:0
04-30 20:09:05.599   858   980 D QC-time-services: Lib:time_genoff_operation: pargs->base = 12
04-30 20:09:05.599   858   980 D QC-time-services: Lib:time_genoff_operation: pargs->operation = 0
04-30 20:09:05.599   858   980 D QC-time-services: Lib:time_genoff_operation: pargs->ts_val = 1619793546214
04-30 20:09:05.599   858   980 D QC-time-services: Lib:time_genoff_operation: Send to server  passed!!
04-30 20:09:05.601   408  3162 I chatty  : uid=1000(system) /vendor/bin/time_daemon expire 10 lines
04-30 20:09:05.635   858   980 E QC-time-services: Receive Passed == base = 12, unit = 1, operation = 0, result = 0
04-30 20:09:05.635   858   980 D QC-time-services: Lib:time_genoff_operation: pargs->base = 13
04-30 20:09:05.635   858   980 D QC-time-services: Lib:time_genoff_operation: pargs->operation = 0
04-30 20:09:05.635   858   980 D QC-time-services: Lib:time_genoff_operation: pargs->ts_val = 1619793546214
04-30 20:09:05.635   858   980 D QC-time-services: Lib:time_genoff_operation: Send to server  passed!!
04-30 20:09:05.636   408  3163 I chatty  : uid=1000(system) /vendor/bin/time_daemon expire 10 lines
04-30 20:09:05.647   858   980 E QC-time-services: Receive Passed == base = 13, unit = 1, operation = 0, result = 0
04-30 20:09:09.849   592   634 D ThermalEngine: zone:0 sensor:xo-therm-adc temp:41144 trip:0 event:0
04-30 20:09:09.849   592   649 D ThermalEngine: sensor_monitor: xo-therm-adc Reading 41144 .
04-30 20:09:09.849   592   649 I ThermalEngine: Sensor:xo-therm-adc:41144 mC
04-30 20:09:09.850   592   649 D ThermalEngine: update_active_thresh: xo-therm-adc Active(1), Hi(1) 43000, Lo(1) 39000, desc(0) Interval(1) 2000
04-30 20:09:09.850   592   649 D ThermalEngine: sensor_monitor: xo-therm-adc Sensor wait.
04-30 20:09:10.700   592   634 D ThermalEngine: zone:20 sensor:skin-therm-adc temp:16308 trip:0 event:0
04-30 20:09:10.702   592   634 D ThermalEngine: zone:2 sensor:pa-therm0-adc temp:38956 trip:0 event:0
04-30 20:09:10.704   592   634 D ThermalEngine: zone:1 sensor:xo-therm-buf-adc temp:40903 trip:0 event:0
04-30 20:09:12.481  2759  3726 D QCNEJ/WwanInfoRelay: onServiceStateChanged: dataState: 0 DDS:1 Notify service state update
04-30 20:09:12.483  2806  2806 D ServiceStateProvider: subId=1
04-30 20:09:12.494  3128  3128 D CellBroadcastReceiver: onReceive Intent { act=android.intent.action.SERVICE_STATE flg=0x1000010 cmp=com.android.cellbroadcastreceiver/.CellBroadcastReceiver (has extras) }
04-30 20:09:12.553   606   606 W vm_bms  : type=1400 audit(0.0:2489): avc: denied { read } for name="u:object_r:default_prop:s0" dev="tmpfs" ino=11629 scontext=u:r:vm_bms:s0 tcontext=u:object_r:default_prop:s0 tclass=file permissive=0
04-30 20:09:12.553   606   606 I chatty  : uid=0(root) /vendor/bin/vm_bms identical 46 lines
04-30 20:09:12.591   490   571 I LocSvc_BatteryListener: operator():153] healthInfo cb thread: cb CHARGING
04-30 20:09:12.606   492   535 I chatty  : uid=1000(system) HwBinder:492_1 expire 4 lines
04-30 20:09:12.623  2463  3167 W RingtonePlayer: STOP command without a player
04-30 20:09:12.660  2463  2463 D StatusBarNotificationPresenter: calling update notifications on Panel
04-30 20:09:13.279   858   980 D QC-time-services: Lib:time_genoff_operation: pargs->base = 12
04-30 20:09:13.279   858   980 D QC-time-services: Lib:time_genoff_operation: pargs->operation = 0
04-30 20:09:13.279   858   980 D QC-time-services: Lib:time_genoff_operation: pargs->ts_val = 1619793553893
04-30 20:09:13.279   858   980 D QC-time-services: Lib:time_genoff_operation: Send to server  passed!!
04-30 20:09:13.281   408  3168 I chatty  : uid=1000(system) /vendor/bin/time_daemon expire 10 lines
04-30 20:09:13.291   858   980 E QC-time-services: Receive Passed == base = 12, unit = 1, operation = 0, result = 0
04-30 20:09:13.291   858   980 D QC-time-services: Lib:time_genoff_operation: pargs->base = 13
04-30 20:09:13.291   858   980 D QC-time-services: Lib:time_genoff_operation: pargs->operation = 0
04-30 20:09:13.291   858   980 D QC-time-services: Lib:time_genoff_operation: pargs->ts_val = 1619793553893
04-30 20:09:13.292   858   980 D QC-time-services: Lib:time_genoff_operation: Send to server  passed!!
04-30 20:09:13.292   408   419 E QC-time-services: Daemon: Time-services: Waiting to acceptconnection
04-30 20:09:13.292   408   419 D QC-time-services: Daemon: Connection accepted:time_genoff
04-30 20:09:13.293   408  3169 D QC-time-services: Daemon:Received base = 13, unit = 1, operation = 0,value = 1619793553893
04-30 20:09:13.293   408  3169 D QC-time-services: Daemon:genoff_opr: Base = 13, val = 1619793553893, operation = 0
04-30 20:09:13.293   408  3169 D QC-time-services: Daemon:Value read from QTimer mseconds = 2320164
04-30 20:09:13.293   408  3169 D QC-time-services: Daemon:Value read from RTC mseconds on boot = 34337000
04-30 20:09:13.293   408  3169 D QC-time-services: Daemon:Delta read on boot mseconds = 34324266
04-30 20:09:13.293   408  3169 D QC-time-services: Daemon:new time 1619793553893 
04-30 20:09:13.293   408  3169 D QC-time-services: Daemon: delta 1619756909463 genoff 1619756909463 
04-30 20:09:13.293   408  3169 D QC-time-services: Daemon:genoff_persistent_update: Writing genoff = 1619756909463 to memory
04-30 20:09:13.293   408  3169 D QC-time-services: Daemon:Opening File: /mnt/vendor/persist/time/ats_13 /data/vendor/time/ats_13
04-30 20:09:13.293   408  3169 D QC-time-services: Daemon:time_persistent_memory_opr:Genoff write operation 
04-30 20:09:13.299   858   980 E QC-time-services: Receive Passed == base = 13, unit = 1, operation = 0, result = 0
04-30 20:09:13.300   408   419 E QC-time-services: Daemon: Time-services: Waiting to acceptconnection
04-30 20:09:29.924  3174  3174 I chatty  : uid=1000(system) expire 10 lines
04-30 20:09:29.929  3174  3174 I ServiceManagement: Removing namespace from process name android.hardware.light@2.0-service-lazy to light@2.0-service-lazy.
04-30 20:09:29.930  3174  3174 I         : Registration complete for android.hardware.light@2.0::ILight/default.
04-30 20:09:34.153  3174  3174 I /vendor/bin/hw/android.hardware.light@2.0-service-lazy: Process has 1 (of 1 available) client(s) in use after notification android.hardware.light@2.0::ILight has clients: 1
04-30 20:09:36.300   592   634 I chatty  : uid=0(root) /system/vendor/bin/thermal-engine expire 4 lines
04-30 20:09:36.801  1063  1344 I PowerManagerService: Going to sleep due to timeout (uid 1000)...
04-30 20:09:36.802  1063  1063 W UsageStatsService: Event reported without a package name, eventType:16
04-30 20:09:36.802  1063  1344 I DisplayPowerController: Blocking screen off
04-30 20:09:36.810  1063  1344 I DisplayPowerController: Unblocked screen off after 8 ms
04-30 20:09:36.811  1063  1344 D ActivityTaskManager: Top Process State changed to PROCESS_STATE_TOP_SLEEPING
04-30 20:09:36.825  1063  1333 E KernelCpuSpeedReader: Failed to read cpu-freq: /sys/devices/system/cpu/cpu0/cpufreq/stats/time_in_state: open failed: ENOENT (No such file or directory)
04-30 20:09:36.835  1063  1344 I chatty  : uid=1000(system) PowerManagerSer expire 1 line
04-30 20:09:36.844  1063  1320 I DisplayManagerService: Display device changed state: "Built-in Screen", OFF
04-30 20:09:36.851  2463  2463 D StatusBarNotificationPresenter: calling update notifications on Panel
04-30 20:09:36.855   512   512 D SurfaceFlinger: Setting power mode 0 on display 0
04-30 20:09:36.867  2463  2463 D ImageWallpaper: wallpaper visibility changes to: false
04-30 20:09:38.148   512   512 D SurfaceFlinger: Finished setting power mode 0 on display 0
04-30 20:09:38.149   496   496 I QTI PowerHAL: Got set_interactive hint
04-30 20:09:38.149   496   496 I QTI PowerHAL: Got set_interactive hint on= 0, count= 26
04-30 20:09:38.149   496   496 E QTI PowerHAL: Error opening /sys/kernel/hbtp/display_pwr: No such file or directory
04-30 20:09:38.153  1063  1344 I DreamManagerService: Entering dreamland.
04-30 20:09:38.154  1063  1344 I PowerManagerService: Dozing...
04-30 20:09:38.155  1063  1317 I DreamController: Starting dream: name=ComponentInfo{com.android.systemui/com.android.systemui.doze.DozeService}, isTest=false, canDoze=true, userId=0
04-30 20:09:38.168  1063  1317 I chatty  : uid=1000(system) android.fg expire 3 lines
04-30 20:09:38.171   339   339 I chatty  : uid=1000(system) hwservicemanage expire 10 lines
04-30 20:09:38.173  1063  1317 D AutofillManagerService: Close system dialogs
04-30 20:09:38.197  2463  2463 D StatusBar: updateQsExpansionEnabled - QS Expand enabled: false
04-30 20:09:38.201  2463  2463 D StatusBarNotificationPresenter: calling update notifications on Panel
04-30 20:09:38.210  2463  2463 D StatusBar: updateQsExpansionEnabled - QS Expand enabled: false
04-30 20:09:38.223  2463  2463 D StatusBar: updateQsExpansionEnabled - QS Expand enabled: false
04-30 20:09:38.226  2463  2463 D StatusBarNotificationPresenter: calling update notifications on Panel
04-30 20:09:38.243  2463  2463 D StatusBarNotificationPresenter: calling update notifications on Panel
04-30 20:09:38.244  2463  2463 D StatusBar: disable<e i a s b h r c s > disable2<q i n >
04-30 20:09:38.246  2463  2463 D StatusBar: disable<e i a s b h r c s > disable2<q i n >
04-30 20:09:38.277   486   486 D audio_hw_primary: adev_set_parameters: enter: screen_state=off
04-30 20:09:38.278  2463  2463 I FalsingManagerPlugin: com.android.systemui.classifier.brightline.TypeClassifier: true
04-30 20:09:38.279  2463  2463 D StatusBar: disable<e i a s b h r c s > disable2<q i n >
04-30 20:09:38.280  2463  2463 W View    : requestLayout() improperly called by com.android.keyguard.CarrierText{2d0f730 V.ED..... ......ID 22,0-300,54 #7f0a01ec app:id/keyguard_carrier_text} during layout: running second layout pass
04-30 20:09:38.281  2463  2463 I FalsingManagerPlugin: com.android.systemui.classifier.brightline.TypeClassifier: true
04-30 20:09:38.282  2463  2463 I FalsingManagerPlugin: com.android.systemui.classifier.brightline.TypeClassifier: true
04-30 20:09:38.335  2463  2463 D StatusBar: disable<e i a s b h r c s > disable2<q i n >
04-30 20:09:38.337  2463  2463 I chatty  : uid=10095(com.android.systemui) identical 2 lines
04-30 20:09:38.337  2463  2463 D StatusBar: disable<e i a s b h r c s > disable2<q i n >
04-30 20:09:38.368  2978  2978 I DeviceStatusMonitor: onReceive() : Action = android.intent.action.SCREEN_OFF
04-30 20:09:38.370  2978  2978 W UImeServiceVersionUtil: Package com.google.android.googlequicksearchbox not found.
04-30 20:09:38.371  2978  2978 W UImeServiceVersionUtil: Package com.google.android.carassistant not found.
04-30 20:09:38.388  1930  1930 D FMService: onDataActivity - 4
04-30 20:09:38.388  1930  1930 D FMService: onDataActivity - 4
04-30 20:09:38.410  3315  3178 I chatty  : uid=10045(com.jio.adc.embedded) pool-1-thread-3 expire 6 lines
04-30 20:09:38.420  2903  3675 I NearbySharing: Screen is locked [CONTEXT service_id=194 ]
04-30 20:09:38.420  2903  3675 I NearbySharing: Failed to stop scanning because weren't scanning. [CONTEXT service_id=194 ]
04-30 20:09:38.420  2903  3675 I NearbySharing: Stopping discovery because the screen is locked. [CONTEXT service_id=194 ]
04-30 20:09:38.421  2903  3675 I NearbySharing: Can't stop advertising FastInitiation. Not advertising. [CONTEXT service_id=194 ]
04-30 20:09:38.421  2903  3675 I NearbySharing: Stopping Fast Init advertisement because Bluetooth is off. [CONTEXT service_id=194 ]
04-30 20:09:38.421  2903  3675 I NearbySharing: Failed to stop advertising because we weren't advertising. [CONTEXT service_id=194 ]
04-30 20:09:38.421  2903  3675 I NearbySharing: Stopping advertising because the screen is locked. [CONTEXT service_id=194 ]
04-30 20:09:38.421  2903  3675 I NearbySharing: Stopping Fast Init because the screen is locked. [CONTEXT service_id=194 ]
04-30 20:09:38.421  2903  3675 I NearbySharing: Can't stop scanning for FastInitiation. Not scanning. [CONTEXT service_id=194 ]
04-30 20:09:38.423  2903  3675 I NearbySharing: Fast Initiation Scanning has stopped [CONTEXT service_id=194 ]
04-30 20:09:38.428  3315  3179 I chatty  : uid=10045(com.jio.adc.embedded) pool-8-thread-2 expire 2 lines
04-30 20:09:38.429  3305  3305 D QSLMJ   : SLM received action android.intent.action.SCREEN_OFF
04-30 20:09:38.429  3315  3181 I chatty  : uid=10045(com.jio.adc.embedded) pool-9-thread-2 expire 6 lines
04-30 20:09:38.434  3315  3182 I chatty  : uid=10045(com.jio.adc.embedded) pool-2-thread-2 expire 2 lines
04-30 20:09:38.436  3315  3180 I chatty  : uid=10045(com.jio.adc.embedded) pool-7-thread-2 expire 1 line
04-30 20:09:38.437  1930  1930 D FMService: ACTION_SCREEN_OFF Intent received
04-30 20:09:38.453  3315  3185 I chatty  : uid=10045(com.jio.adc.embedded) pool-4-thread-2 expire 7 lines
04-30 20:09:38.456  3315  3183 I chatty  : uid=10045(com.jio.adc.embedded) pool-6-thread-2 expire 7 lines
04-30 20:09:38.457  3315  3186 I chatty  : uid=10045(com.jio.adc.embedded) pool-5-thread-2 expire 7 lines
04-30 20:09:38.461  3315  3187 I chatty  : uid=10045(com.jio.adc.embedded) pool-3-thread-3 expire 7 lines
04-30 20:09:39.152  3174  3174 I /vendor/bin/hw/android.hardware.light@2.0-service-lazy: Process has 0 (of 1 available) client(s) in use after notification android.hardware.light@2.0::ILight has clients: 0
04-30 20:09:39.152  3174  3174 I /vendor/bin/hw/android.hardware.light@2.0-service-lazy: Trying to exit HAL. No clients in use for any service in process.
04-30 20:09:39.153  3174  3174 I /vendor/bin/hw/android.hardware.light@2.0-service-lazy: Unregistered all clients and exiting
04-30 20:09:39.926   592   649 I chatty  : uid=0(root) /system/vendor/bin/thermal-engine expire 4 lines
04-30 20:09:41.418   592   634 I chatty  : uid=0(root) /system/vendor/bin/thermal-engine expire 5 lines
04-30 20:09:46.541   592   634 D ThermalEngine: zone:20 sensor:skin-therm-adc temp:25428 trip:0 event:0
04-30 20:09:47.359  2463  2463 I FalsingManagerPlugin: com.android.systemui.classifier.brightline.TypeClassifier: true
04-30 20:09:50.528   592   634 D ThermalEngine: zone:0 sensor:xo-therm-adc temp:41385 trip:0 event:0
04-30 20:09:50.529   592   649 D ThermalEngine: sensor_monitor: xo-therm-adc Reading 41385 .
04-30 20:09:50.529   592   649 I ThermalEngine: Sensor:xo-therm-adc:41385 mC
04-30 20:09:50.529   592   649 D ThermalEngine: update_active_thresh: xo-therm-adc Active(1), Hi(1) 43000, Lo(1) 39000, desc(0) Interval(1) 2000
04-30 20:09:50.529   592   649 D ThermalEngine: sensor_monitor: xo-therm-adc Sensor wait.
04-30 20:09:51.659   592   634 D ThermalEngine: zone:20 sensor:skin-therm-adc temp:26952 trip:0 event:0
04-30 20:09:51.661   592   634 D ThermalEngine: zone:2 sensor:pa-therm0-adc temp:38956 trip:0 event:0
04-30 20:09:51.663   592   634 D ThermalEngine: zone:1 sensor:xo-therm-buf-adc temp:41144 trip:0 event:0
04-30 20:09:56.779   592   634 D ThermalEngine: zone:1 sensor:xo-therm-buf-adc temp:41024 trip:0 event:0
04-30 20:09:56.781   592   634 D ThermalEngine: zone:2 sensor:pa-therm0-adc temp:38901 trip:0 event:0
04-30 20:09:56.783   592   634 D ThermalEngine: zone:20 sensor:skin-therm-adc temp:25190 trip:0 event:0
04-30 20:10:00.668   592   634 D ThermalEngine: zone:0 sensor:xo-therm-adc temp:41144 trip:0 event:0
04-30 20:10:00.668   592   649 D ThermalEngine: sensor_monitor: xo-therm-adc Reading 41144 .
04-30 20:10:00.668   592   649 I ThermalEngine: Sensor:xo-therm-adc:41144 mC
04-30 20:10:00.668   592   649 D ThermalEngine: update_active_thresh: xo-therm-adc Active(1), Hi(1) 43000, Lo(1) 39000, desc(0) Interval(1) 2000
04-30 20:10:00.668   592   649 D ThermalEngine: sensor_monitor: xo-therm-adc Sensor wait.
04-30 20:10:00.763   606   606 W vm_bms  : type=1400 audit(0.0:2530): avc: denied { read } for name="u:object_r:default_prop:s0" dev="tmpfs" ino=11629 scontext=u:r:vm_bms:s0 tcontext=u:object_r:default_prop:s0 tclass=file permissive=0
04-30 20:10:00.763   606   606 W vm_bms  : type=1400 audit(0.0:2531): avc: denied { read } for name="u:object_r:default_prop:s0" dev="tmpfs" ino=11629 scontext=u:r:vm_bms:s0 tcontext=u:object_r:default_prop:s0 tclass=file permissive=0
04-30 20:10:00.763   606   606 W vm_bms  : type=1400 audit(0.0:2532): avc: denied { read } for name="u:object_r:default_prop:s0" dev="tmpfs" ino=11629 scontext=u:r:vm_bms:s0 tcontext=u:object_r:default_prop:s0 tclass=file permissive=0
04-30 20:10:00.763   606   606 W vm_bms  : type=1400 audit(0.0:2533): avc: denied { read } for name="u:object_r:default_prop:s0" dev="tmpfs" ino=11629 scontext=u:r:vm_bms:s0 tcontext=u:object_r:default_prop:s0 tclass=file permissive=0
04-30 20:10:00.766   606   606 E libc    : Access denied finding property "vbms.log.enable"
04-30 20:10:00.766   606   606 I chatty  : uid=0(root) /vendor/bin/vm_bms identical 33 lines
04-30 20:10:00.766   606   606 E libc    : Access denied finding property "vbms.log.enable"
04-30 20:10:00.766   606   606 E libc    : Access denied finding property "vbms.log.enable"
04-30 20:10:00.770   606   606 W vm_bms  : type=1400 audit(0.0:2534): avc: denied { read } for name="u:object_r:default_prop:s0" dev="tmpfs" ino=11629 scontext=u:r:vm_bms:s0 tcontext=u:object_r:default_prop:s0 tclass=file permissive=0
04-30 20:10:00.771   606   606 E libc    : Access denied finding property "vbms.log.enable"
04-30 20:10:00.771   606   606 E libc    : Access denied finding property "vbms.log.enable"
04-30 20:10:00.775   606   606 E libc    : Access denied finding property "vbms.log.enable"
04-30 20:10:00.776   606   606 I VM_BMS  : power_supply_update: ocv_uv=4174430 ibatt=-131867 soc=100 seq_num=48
04-30 20:10:00.776   606   606 E libc    : Access denied finding property "vbms.log.enable"
04-30 20:10:00.776   606   606 E libc    : Access denied finding property "vbms.log.enable"
04-30 20:10:00.823   490   571 I LocSvc_BatteryListener: operator():153] healthInfo cb thread: cb CHARGING
04-30 20:10:00.834  2463  2463 I PowerUI.Notification: show battery full warning: level=100 [1] 
04-30 20:10:00.849  2463  2463 I FalsingManagerPlugin: com.android.systemui.classifier.brightline.TypeClassifier: true
04-30 20:10:00.853  2463  3194 W RingtonePlayer: error loading sound for file:///product/media/audio/ui/LowBattery.ogg
04-30 20:10:00.853  2463  3194 W RingtonePlayer: java.io.FileNotFoundException: /product/media/audio/ui/LowBattery.ogg: open failed: ENOENT (No such file or directory)
04-30 20:10:00.853  2463  3194 W RingtonePlayer: 	at libcore.io.IoBridge.open(IoBridge.java:496)
04-30 20:10:00.853  2463  3194 W RingtonePlayer: 	at java.io.FileInputStream.<init>(FileInputStream.java:159)
04-30 20:10:00.853  2463  3194 W RingtonePlayer: 	at android.media.MediaPlayer.setDataSource(MediaPlayer.java:1182)
04-30 20:10:00.853  2463  3194 W RingtonePlayer: 	at android.media.MediaPlayer.setDataSource(MediaPlayer.java:1160)
04-30 20:10:00.853  2463  3194 W RingtonePlayer: 	at android.media.MediaPlayer.setDataSource(MediaPlayer.java:1125)
04-30 20:10:00.853  2463  3194 W RingtonePlayer: 	at android.media.MediaPlayer.setDataSource(MediaPlayer.java:1055)
04-30 20:10:00.853  2463  3194 W RingtonePlayer: 	at android.media.MediaPlayer.setDataSource(MediaPlayer.java:1001)
04-30 20:10:00.853  2463  3194 W RingtonePlayer: 	at com.android.systemui.media.NotificationPlayer$CreationAndCompletionThread.run(NotificationPlayer.java:103)
04-30 20:10:00.853  2463  3194 W RingtonePlayer: Caused by: android.system.ErrnoException: open failed: ENOENT (No such file or directory)
04-30 20:10:00.853  2463  3194 W RingtonePlayer: 	at libcore.io.Linux.open(Native Method)
04-30 20:10:00.853  2463  3194 W RingtonePlayer: 	at libcore.io.ForwardingOs.open(ForwardingOs.java:167)
04-30 20:10:00.853  2463  3194 W RingtonePlayer: 	at libcore.io.BlockGuardOs.open(BlockGuardOs.java:252)
04-30 20:10:00.853  2463  3194 W RingtonePlayer: 	at libcore.io.ForwardingOs.open(ForwardingOs.java:167)
04-30 20:10:00.853  2463  3194 W RingtonePlayer: 	at android.app.ActivityThread$AndroidOs.open(ActivityThread.java:7296)
04-30 20:10:00.853  2463  3194 W RingtonePlayer: 	at libcore.io.IoBridge.open(IoBridge.java:482)
04-30 20:10:00.853  2463  3194 W RingtonePlayer: 	... 7 more
04-30 20:10:00.872  2463  2463 I chatty  : uid=10095(com.android.systemui) identical 1 line
04-30 20:10:00.899  2463  2463 I FalsingManagerPlugin: com.android.systemui.classifier.brightline.TypeClassifier: true
04-30 20:10:00.902  2463  2463 I PowerUI.Notification: show battery full warning: level=100 [1] 
04-30 20:10:00.972  2463  2463 D StatusBarNotificationPresenter: calling update notifications on Panel
04-30 20:10:00.977  1063  2779 I PowerManagerService: Waking up from Dozing (uid=10095, reason=WAKE_REASON_APPLICATION, details=DozeTriggers)...
04-30 20:10:00.978  1063  1063 W UsageStatsService: Event reported without a package name, eventType:15
04-30 20:10:00.980  1063  1344 I DisplayPowerController: Blocking screen on until initial contents have been drawn.
04-30 20:10:00.983   496   496 I QTI PowerHAL: Got set_interactive hint
04-30 20:10:00.983   496   496 I QTI PowerHAL: Got set_interactive hint on= 1, count= 27
04-30 20:10:00.983   496   496 E QTI PowerHAL: Error opening /sys/kernel/hbtp/display_pwr: No such file or directory
04-30 20:10:00.984  1063  1320 I DisplayManagerService: Display device changed state: "Built-in Screen", ON
04-30 20:10:00.989  2463  2463 D StatusBarNotificationPresenter: calling update notifications on Panel
04-30 20:10:00.989   512   512 D SurfaceFlinger: Setting power mode 2 on display 0
04-30 20:10:00.996  2463  2463 I FalsingManagerPlugin: com.android.systemui.classifier.brightline.TypeClassifier: true
04-30 20:10:01.000  2463  2463 D KeyguardClockSwitch: Updating clock: 810
04-30 20:10:01.001   492   541 I chatty  : uid=1000(system) HwBinder:492_2 expire 4 lines
04-30 20:10:01.007  1063  1333 E KernelCpuSpeedReader: Failed to read cpu-freq: /sys/devices/system/cpu/cpu0/cpufreq/stats/time_in_state: open failed: ENOENT (No such file or directory)
04-30 20:10:01.009  1063  1328 W BroadcastQueue: Background execution not allowed: receiving Intent { act=android.intent.action.USER_PRESENT flg=0x24200010 } to com.android.chrome/org.chromium.chrome.browser.sharing.click_to_call.ClickToCallMessageHandler$PhoneUnlockedReceiver
04-30 20:10:01.010  1063  1328 W BroadcastQueue: Background execution not allowed: receiving Intent { act=android.intent.action.USER_PRESENT flg=0x24200010 } to com.facebook.lite/com.facebook.rti.push.service.MqttSystemBroadcastReceiver
04-30 20:10:01.011  1063  1328 W BroadcastQueue: Background execution not allowed: receiving Intent { act=android.intent.action.USER_PRESENT flg=0x24200010 } to com.google.android.gms/.auth.setup.devicesignals.LockScreenReceiver
04-30 20:10:01.011  1063  1328 W BroadcastQueue: Background execution not allowed: receiving Intent { act=android.intent.action.USER_PRESENT flg=0x24200010 } to com.google.android.gms/.trustagent.UserPresentBroadcastReceiver
04-30 20:10:01.011  1063  1328 W BroadcastQueue: Background execution not allowed: receiving Intent { act=android.intent.action.USER_PRESENT flg=0x24200010 } to com.google.android.gms/.chimera.GmsIntentOperationService$PersistentTrustedReceiver
04-30 20:10:01.015  2463  2463 D StatusBarNotificationPresenter: calling update notifications on Panel
04-30 20:10:01.020  1063  1259 I chatty  : uid=1000(system) Binder:1063_18 expire 3 lines
04-30 20:10:01.022  2463  2463 D StatusBar: updateQsExpansionEnabled - QS Expand enabled: true
04-30 20:10:01.024  2463  2463 D StatusBarNotificationPresenter: calling update notifications on Panel
04-30 20:10:01.035  2903  3675 I NearbySharing: Screen is unlocked [CONTEXT service_id=194 ]
04-30 20:10:01.036  2903  3675 I NearbySharing: Failed to stop scanning because weren't scanning. [CONTEXT service_id=194 ]
04-30 20:10:01.036  2903  3675 I NearbySharing: Stopping discovery because Bluetooth is disabled. [CONTEXT service_id=194 ]
04-30 20:10:01.037  2463  2463 I FalsingManagerPlugin: com.android.systemui.classifier.brightline.TypeClassifier: true
04-30 20:10:01.038  1063  1259 D ActivityTaskManager: Top Process State changed to PROCESS_STATE_TOP
04-30 20:10:01.038  2463  2463 D StatusBar: updateQsExpansionEnabled - QS Expand enabled: true
04-30 20:10:01.039  2903  3675 I NearbySharing: Can't stop advertising FastInitiation. Not advertising. [CONTEXT service_id=194 ]
04-30 20:10:01.039  2903  3675 I NearbySharing: Stopping Fast Init advertisement because Bluetooth is off. [CONTEXT service_id=194 ]
04-30 20:10:01.039  2903  3675 I NearbySharing: Failed to stop advertising because we weren't advertising. [CONTEXT service_id=194 ]
04-30 20:10:01.039  2903  3675 I NearbySharing: Stopping advertising because Bluetooth is disabled. [CONTEXT service_id=194 ]
04-30 20:10:01.041  2903  3675 I NearbySharing: Can't stop scanning for FastInitiation. Not scanning. [CONTEXT service_id=194 ]
