04-30 20:11:24.862  1040  1040 D AndroidRuntime: >>>>>> START com.android.internal.os.RuntimeInit uid 2000 <<<<<<
04-30 20:11:24.870   658  2213 I MMParserExtractor: Created(0xaa72d900)
04-30 20:11:24.914  2463  2547 D ImageWallpaper: finishRendering, preserve=false
04-30 20:11:24.919  2946  1249 I chatty  : uid=10099(com.android.camera2) expire 2 lines
04-30 20:11:24.919   675  2666 I OMXMaster: makeComponentInstance(OMX.google.vorbis.decoder) in android.hardwar process
04-30 20:11:24.922   675   844 E OMXNodeInstance: getConfig(0xae81b320:google.vorbis.decoder, ConfigAndroidVendorExtension(0x6f100004)) ERROR: Undefined(0x80001001)
04-30 20:11:24.962   658  2213 D MediaBufferGroup: creating MemoryDealer
04-30 20:11:25.206  2946  1205 I chatty  : uid=10099(com.android.camera2) expire 3 lines
04-30 20:11:25.214   658  2213 I MMParserExtractor: Created(0xaa72d900)
04-30 20:11:25.248  2946  1253 I chatty  : uid=10099(com.android.camera2) expire 2 lines
04-30 20:11:25.248   675  2228 I OMXMaster: makeComponentInstance(OMX.google.vorbis.decoder) in android.hardwar process
04-30 20:11:25.278   675   675 E OMXNodeInstance: getConfig(0xae81b440:google.vorbis.decoder, ConfigAndroidVendorExtension(0x6f100004)) ERROR: Undefined(0x80001001)
04-30 20:11:25.297  3315  3178 D [469   ] ANH-ADC: com.jio.adc.core. > Captured: DE23
04-30 20:11:25.300  1040  1040 W app_process: type=1400 audit(0.0:2731): avc: denied { read } for name="u:object_r:device_config_runtime_native_boot_prop:s0" dev="tmpfs" ino=11636 scontext=u:r:shell:s0 tcontext=u:object_r:device_config_runtime_native_boot_prop:s0 tclass=file permissive=0
04-30 20:11:25.302  1040  1040 E libc    : Access denied finding property "persist.device_config.runtime_native_boot.enable_apex_image"
04-30 20:11:25.303  1040  1040 I chatty  : uid=2000(shell) app_process identical 13 lines
04-30 20:11:25.346   658  2213 D MediaBufferGroup: creating MemoryDealer
04-30 20:11:25.364   474   566 I gle.android.gm: Waiting for a blocking GC ProfileSaver
04-30 20:11:25.441   663  1231 I chatty  : uid=1047(cameraserver) provider@2.4-se expire 1 line
04-30 20:11:25.494   663  1125 I chatty  : uid=1047(cameraserver) provider@2.4-se expire 73 lines
04-30 20:11:25.651   474   566 I gle.android.gm: WaitForGcToComplete blocked ProfileSaver on ClassLinker for 286.747ms
04-30 20:11:26.860   486  1765 D audio_hw_primary: start_output_stream: enter: stream(0xa8411000)usecase(1: low-latency-playback) devices(0x2)
04-30 20:11:26.861   486  1765 D audio_hw_primary: select_devices for use case (low-latency-playback)
04-30 20:11:26.861   486  1765 D audio_hw_primary: select_devices: out_snd_device(2: speaker) in_snd_device(0: )
04-30 20:11:26.861   486  1765 I msm8916_platform: platform_check_and_set_codec_backend_cfg:becf: afe: bitwidth 16, samplerate 48000 channels 2, backend_idx 0 usecase = 1 device (speaker)
04-30 20:11:26.861   486  1765 D msm8916_platform: platform_split_snd_device: snd_device(2) num devices(1) new_snd_devices(0)
04-30 20:11:26.861   486  1765 I msm8916_platform: platform_check_and_set_codec_backend_cfg: becf: new_snd_devices[0] is speaker
04-30 20:11:26.861   486  1765 I msm8916_platform: platform_check_codec_backend_cfg:becf: afe: Codec selected backend: 0 current bit width: 16 sample rate: 48000 channels: 2 usecase 1 device (speaker)
04-30 20:11:26.861   486  1765 D msm8916_platform: platform_check_codec_backend_cfg:becf: afe: playback on codec device not supporting native playback set default Sample Rate(48k)
04-30 20:11:26.861   486  1765 D msm8916_platform: platform_check_codec_backend_cfg:becf: afe: only 48KHZ sample rate is supported Configure afe to default Sample Rate(48k)
04-30 20:11:26.861   486  1765 I msm8916_platform: platform_check_codec_backend_cfg:becf: afe: Codec selected backend: 0 updated bit width: 16 sample rate: 48000 channels: 2
04-30 20:11:26.861   486  1765 D audio_hw_primary: check_usecases_codec_backend:becf: force routing 0
04-30 20:11:26.861   486  1765 E msm8916_platform: platform_check_backends_match: Invalid snd_device = 
04-30 20:11:26.861   486  1765 D audio_hw_primary: check_usecases_codec_backend:becf: (63) check_usecases curr device: speaker, usecase device: backends match 0
04-30 20:11:26.861   486  1765 D audio_hw_primary: check_usecases_codec_backend:becf: check_usecases num.of Usecases to switch 0
04-30 20:11:26.861   486  1765 D hardware_info: hw_info_append_hw_type : device_name = speaker
04-30 20:11:26.861   486  1765 D msm8916_platform: platform_split_snd_device: snd_device(2) num devices(0) new_snd_devices(0)
04-30 20:11:26.861   486  1765 D audio_hw_primary: enable_snd_device: snd_device(2: speaker)
04-30 20:11:26.861   486  1765 D audio_route: Apply path: speaker
04-30 20:11:26.876   486  1765 D audio_hw_utils: audio_extn_utils_send_app_type_cfg: usecase->out_snd_device speaker
04-30 20:11:26.876   486  1765 D msm8916_platform: platform_split_snd_device: snd_device(2) num devices(0) new_snd_devices(0)
04-30 20:11:26.877   486  1765 D audio_hw_utils: audio_extn_btsco_get_sample_rate:Not a BT SCO device, need not update sampling rate
04-30 20:11:26.877   486  1765 I audio_hw_utils: send_app_type_cfg_for_device PLAYBACK app_type 69937, acdb_dev_id 14, sample_rate 48000, snd_device_be_idx 43
04-30 20:11:26.877   486  1765 D msm8916_platform: platform_split_snd_device: snd_device(2) num devices(1) new_snd_devices(0)
04-30 20:11:26.877   486  1765 D audio_hw_utils: audio_extn_btsco_get_sample_rate:Not a BT SCO device, need not update sampling rate
04-30 20:11:26.877   486  1765 D ACDB-LOADER: ACDB -> send_audio_cal, acdb_id = 14, path = 0, app id = 0x11131, sample rate = 48000, afe_sample_rate = 48000
04-30 20:11:26.877   486  1765 D ACDB-LOADER: ACDB -> send_asm_topology
04-30 20:11:26.877   486  1765 D ACDB-LOADER: ACDB -> ACDB_CMD_GET_AUDPROC_STREAM_TOPOLOGY_ID
04-30 20:11:26.877   486  1765 D ACDB-LOADER: ACDB -> send_adm_topology
04-30 20:11:26.877   486  1765 D ACDB-LOADER: ACDB -> ACDB_CMD_GET_AUDPROC_COMMON_TOPOLOGY_ID
04-30 20:11:26.878   486  1765 D ACDB-LOADER: ACDB -> send_audtable
04-30 20:11:26.878   486  1765 D ACDB-LOADER: ACDB -> ACDB_CMD_GET_AUDPROC_COMMON_TABLE_SIZE
04-30 20:11:26.878   486  1765 D ACDB-LOADER: ACDB -> ACDB_CMD_GET_AUDPROC_COMMON_TABLE
04-30 20:11:26.878   486  1765 D ACDB-LOADER: ACDB -> AUDIO_SET_AUDPROC_CAL cal_type[11] acdb_id[14] app_type[69937]
04-30 20:11:26.878   486  1765 D ACDB-LOADER: ACDB -> send_audvoltable
04-30 20:11:26.878   486  1765 D ACDB-LOADER: ACDB -> ACDB_CMD_GET_AUDPROC_GAIN_DEP_STEP_TABLE_SIZE
04-30 20:11:26.878   486  1765 D ACDB-LOADER: ACDB -> ACDB_CMD_GET_AUDPROC_GAIN_DEP_STEP_TABLE, vol index 0
04-30 20:11:26.878   486  1765 D ACDB-LOADER: ACDB -> AUDIO_SET_VOL_CAL cal type = 12
04-30 20:11:26.878   486  1765 D ACDB-LOADER: ACDB -> ACDB_CMD_GET_AUDPROC_STREAM_TABLE_SIZE
04-30 20:11:26.878   486  1765 D ACDB-LOADER: ACDB -> send_audstrmtable
04-30 20:11:26.878   486  1765 D ACDB-LOADER: ACDB -> ACDB_CMD_GET_AUDPROC_STREAM_TABLE_V2
04-30 20:11:26.878   486  1765 D ACDB-LOADER: ACDB -> audstrm_cal->cal_type.cal_data.cal_size = 16
04-30 20:11:26.878   486  1765 D ACDB-LOADER: ACDB -> send_afe_topology
04-30 20:11:26.878   486  1765 D ACDB-LOADER: ACDB -> ACDB_CMD_GET_AFE_TOPOLOGY_ID
04-30 20:11:26.878   486  1765 D ACDB-LOADER: ACDB -> GET_AFE_TOPOLOGY_ID for adcd_id 14, Topology Id 1000fc01
04-30 20:11:26.878   486  1765 D ACDB-LOADER: ACDB -> send_afe_cal
04-30 20:11:26.878   486  1765 D ACDB-LOADER: ACDB -> ACDB_CMD_GET_AFE_COMMON_TABLE_SIZE
04-30 20:11:26.878   486  1765 D ACDB-LOADER: ACDB -> ACDB_CMD_GET_AFE_COMMON_TABLE
04-30 20:11:26.878   486  1765 D ACDB-LOADER: ACDB -> AUDIO_SET_AFE_CAL cal_type[16] acdb_id[14]
04-30 20:11:26.878   486  1765 D ACDB-LOADER: ACDB -> send_hw_delay : acdb_id = 14 path = 0
04-30 20:11:26.878   486  1765 D ACDB-LOADER: ACDB -> ACDB_AVSYNC_INFO: ACDB_CMD_GET_DEVICE_PROPERTY
04-30 20:11:26.878   486  1765 D msm8916_platform: platform_split_snd_device: snd_device(2) num devices(0) new_snd_devices(0)
04-30 20:11:26.878   486  1765 I msm8916_platform: platform_get_custom_mtmx_params: no matching param with id 0 ip_ch 2 op_ch 1 uc_id 1 snd_dev 2
04-30 20:11:26.878   486  1765 D audio_hw_primary: enable_audio_route: apply mixer and update path: low-latency-playback
04-30 20:11:26.878   486  1765 D audio_route: Apply path: low-latency-playback
04-30 20:11:26.881   486  1765 D audio_hw_primary: select_devices: done
04-30 20:11:26.883   486  1765 D msm8916_platform: platform_set_channel_map mixer_ctl_name:Playback Channel Map12
04-30 20:11:26.884   486  1765 D msm8916_platform: platform_set_channel_map: set mapping(1 2 0 0 0 0 0 0) for channel:2
04-30 20:11:26.950   486  1765 D audio_hw_primary: start_output_stream: exit
04-30 20:11:26.950   486  1765 D msm8916_platform: platform_split_snd_device: snd_device(2) num devices(0) new_snd_devices(0)
04-30 20:11:26.950   486  1765 I msm8916_platform: platform_get_custom_mtmx_params: no matching param with id 0 ip_ch 2 op_ch 1 uc_id 1 snd_dev 2
04-30 20:11:26.981  1063  2344 I ActivityTaskManager: START u0 {act=android.media.action.IMAGE_CAPTURE flg=0x10000000 cmp=com.android.camera2/com.android.camera.CaptureActivity} from uid 2000
04-30 20:11:27.074   486   486 I chatty  : uid=1041(audioserver) audio@2.0-servi identical 11 lines
04-30 20:11:27.114   486  1027 I chatty  : uid=1041(audioserver) HwBinder:486_3 expire 1 line
04-30 20:11:27.496   411   411 I netd    : trafficSwapActiveStatsMap() <28.79ms>
04-30 20:11:27.508   411   411 I netd    : tetherGetStats() <4.06ms>
04-30 20:11:27.553   411   411 I netd    : bandwidthSetGlobalAlert(2097152) <1.31ms>
04-30 20:11:28.326  1287  1287 I chatty  : uid=2000(shell) app_process expire 3 lines
04-30 20:11:28.340  1287  1287 W app_process: type=1400 audit(0.0:2736): avc: denied { read } for name="u:object_r:device_config_runtime_native_boot_prop:s0" dev="tmpfs" ino=11636 scontext=u:r:shell:s0 tcontext=u:object_r:device_config_runtime_native_boot_prop:s0 tclass=file permissive=0
04-30 20:11:28.340  1287  1287 E libc    : Access denied finding property "persist.device_config.runtime_native_boot.enable_apex_image"
04-30 20:11:28.340  1287  1287 I AndroidRuntime: Using default boot image
04-30 20:11:28.340  1287  1287 E libc    : Access denied finding property "persist.device_config.runtime_native_boot.disable_lock_profiling"
04-30 20:11:28.340  1287  1287 I AndroidRuntime: Leaving lock profiling enabled
04-30 20:11:28.341  1287  1287 E libc    : Access denied finding property "persist.device_config.runtime_native_boot.enable_generational_cc"
04-30 20:11:28.354  1287  1287 W app_process: Could not reserve sentinel fault page
04-30 20:11:28.355  1287  1287 I app_process: Core platform API reporting enabled, enforcing=false
04-30 20:11:28.685  1287  1287 D ICU     : Time zone APEX file found: /apex/com.android.tzdata/etc/icu/icu_tzdata.dat
04-30 20:11:28.724  1287  1287 I app_process: The ClassLoaderContext is a special shared library.
04-30 20:11:28.788  1287  1287 W app_process: JNI RegisterNativeMethods: attempt to register 0 native methods for android.media.AudioAttributes
04-30 20:11:28.816  1287  1287 D AndroidRuntime: Calling main entry com.android.commands.input.Input
04-30 20:11:28.938   592   634 D ThermalEngine: zone:1 sensor:xo-therm-buf-adc temp:43855 trip:0 event:0
04-30 20:11:28.948   592   634 D ThermalEngine: zone:2 sensor:pa-therm0-adc temp:40000 trip:0 event:0
04-30 20:11:28.950   592   634 D ThermalEngine: zone:20 sensor:skin-therm-adc temp:27190 trip:0 event:0
04-30 20:11:29.058  1287  1287 D AndroidRuntime: Shutting down VM
04-30 20:11:29.073  2946  1025 I chatty  : uid=10099(com.android.camera2) Thread-3 expire 7 lines
04-30 20:11:29.144  2946  1024 I chatty  : uid=10099(com.android.camera2) Thread-2 expire 1 line
04-30 20:11:29.153   447   447 I /vendor/bin/hw/android.hardware.light@2.0-service-lazy: Process has 0 (of 1 available) client(s) in use after notification android.hardware.light@2.0::ILight has clients: 0
04-30 20:11:29.153   447   447 I /vendor/bin/hw/android.hardware.light@2.0-service-lazy: Trying to exit HAL. No clients in use for any service in process.
04-30 20:11:29.154   339   339 I hwservicemanager: Notifying android.hardware.light@2.0::ILight/default they have clients: 1
04-30 20:11:29.158   447   447 I /vendor/bin/hw/android.hardware.light@2.0-service-lazy: Unregistered all clients and exiting
04-30 20:11:29.169  2946  1048 I chatty  : uid=10099(com.android.camera2) Thread-4 expire 5 lines
04-30 20:11:29.230  2946  2946 I chatty  : uid=10099(com.android.camera2) expire 17 lines
04-30 20:11:29.521  1063  3930 I ActivityTaskManager: START u0 {act=android.media.action.IMAGE_CAPTURE flg=0x10000000 cmp=com.android.camera2/com.android.camera.CaptureActivity} from uid 2000
04-30 20:11:29.573  2806  2806 D ServiceStateProvider: subId=1
04-30 20:11:29.576  1063  1328 D CompatibilityInfo: mCompatibilityFlags - 0
04-30 20:11:29.576  1063  1328 D CompatibilityInfo: applicationDensity - 216
04-30 20:11:29.576  1063  1328 D CompatibilityInfo: applicationScale - 1.0
04-30 20:11:29.589  2759  3726 D QCNEJ/WwanInfoRelay: onServiceStateChanged: dataState: 0 DDS:1 Notify service state update
04-30 20:11:29.613   411   411 I netd    : trafficSwapActiveStatsMap() <25.00ms>
04-30 20:11:29.620   411   411 I netd    : tetherGetStats() <3.86ms>
04-30 20:11:29.621  3866  3866 D CellBroadcastReceiver: onReceive Intent { act=android.intent.action.SERVICE_STATE flg=0x1000010 cmp=com.android.cellbroadcastreceiver/.CellBroadcastReceiver (has extras) }
04-30 20:11:29.664   411   411 I netd    : bandwidthSetGlobalAlert(2097152) <0.46ms>
04-30 20:11:29.861  2946  1338 I chatty  : uid=10099(com.android.camera2) pool-41-thread- expire 1 line
04-30 20:11:29.911  2946  1474 I chatty  : uid=10099(com.android.camera2) Binder:2946_8 expire 1 line
04-30 20:11:29.973  2946  2965 I chatty  : uid=10099(com.android.camera2) HeapTaskDaemon expire 1 line
04-30 20:11:30.134  2946  4082 I chatty  : uid=10099(com.android.camera2) e.CameraHandler expire 1 line
04-30 20:11:30.156   486   486 I msm8916_platform: platform_get_custom_mtmx_params: no matching param with id 0 ip_ch 2 op_ch 1 uc_id 1 snd_dev 2
04-30 20:11:30.156   486   486 D hardware_info: hw_info_append_hw_type : device_name = speaker
04-30 20:11:30.156   486   486 D audio_hw_primary: disable_snd_device: snd_device(2: speaker)
04-30 20:11:30.156   486   486 D msm8916_platform: platform_split_snd_device: snd_device(2) num devices(0) new_snd_devices(0)
04-30 20:11:30.172   486   486 D audio_hw_primary: out_standby: exit
04-30 20:11:30.243   858   980 D QC-time-services: Lib:time_genoff_operation: pargs->base = 12
04-30 20:11:30.243   858   980 D QC-time-services: Lib:time_genoff_operation: pargs->operation = 0
04-30 20:11:30.243   858   980 D QC-time-services: Lib:time_genoff_operation: pargs->ts_val = 1619793690853
04-30 20:11:30.244  1063  3508 D AlarmManagerService: Kernel timezone updated to -330 minutes west of GMT
04-30 20:11:30.244   858   980 D QC-time-services: Lib:time_genoff_operation: Send to server  passed!!
04-30 20:11:30.244   408   419 D QC-time-services: Daemon: Connection accepted:time_genoff
04-30 20:11:30.244   408  1346 D QC-time-services: Daemon:Received base = 12, unit = 1, operation = 0,value = 1619793690853
04-30 20:11:30.245   408  1346 D QC-time-services: Daemon:genoff_opr: Base = 12, val = 1619793690853, operation = 0
04-30 20:11:30.245   408  1346 D QC-time-services: Daemon:Value read from QTimer mseconds = 2457116
04-30 20:11:30.245   408  1346 D QC-time-services: Daemon:Value read from RTC mseconds on boot = 34337000
04-30 20:11:30.245   408  1346 D QC-time-services: Daemon:Delta read on boot mseconds = 34324266
04-30 20:11:30.245   408  1346 D QC-time-services: Daemon:new time 1619793690853 
04-30 20:11:30.245   408  1346 D QC-time-services: Daemon: delta 1619756909471 genoff 1619756909471 
04-30 20:11:30.245   408  1346 D QC-time-services: Daemon:genoff_persistent_update: Writing genoff = 1619756909471 to memory
04-30 20:11:30.245   408  1346 D QC-time-services: Daemon:Opening File: /mnt/vendor/persist/time/ats_12 /data/vendor/time/ats_12
04-30 20:11:30.245   408  1346 D QC-time-services: Daemon:time_persistent_memory_opr:Genoff write operation 
04-30 20:11:30.269   858   980 E QC-time-services: Receive Passed == base = 12, unit = 1, operation = 0, result = 0
04-30 20:11:30.269   858   980 D QC-time-services: Lib:time_genoff_operation: pargs->base = 13
04-30 20:11:30.269   858   980 D QC-time-services: Lib:time_genoff_operation: pargs->operation = 0
04-30 20:11:30.269   858   980 D QC-time-services: Lib:time_genoff_operation: pargs->ts_val = 1619793690853
04-30 20:11:30.269   858   980 D QC-time-services: Lib:time_genoff_operation: Send to server  passed!!
04-30 20:11:30.270   408   419 E QC-time-services: Daemon: Time-services: Waiting to acceptconnection
04-30 20:11:30.270   408   419 D QC-time-services: Daemon: Connection accepted:time_genoff
04-30 20:11:30.270   408  1347 D QC-time-services: Daemon:Received base = 13, unit = 1, operation = 0,value = 1619793690853
04-30 20:11:30.270   408  1347 D QC-time-services: Daemon:genoff_opr: Base = 13, val = 1619793690853, operation = 0
04-30 20:11:30.270   408  1347 D QC-time-services: Daemon:Value read from QTimer mseconds = 2457141
04-30 20:11:30.270   408  1347 D QC-time-services: Daemon:Value read from RTC mseconds on boot = 34337000
04-30 20:11:30.270   408  1347 D QC-time-services: Daemon:Delta read on boot mseconds = 34324266
04-30 20:11:30.270   408  1347 D QC-time-services: Daemon:new time 1619793690853 
04-30 20:11:30.270   408  1347 D QC-time-services: Daemon: delta 1619756909446 genoff 1619756909446 
04-30 20:11:30.270   408  1347 D QC-time-services: Daemon:genoff_persistent_update: Writing genoff = 1619756909446 to memory
04-30 20:11:30.270   408  1347 D QC-time-services: Daemon:Opening File: /mnt/vendor/persist/time/ats_13 /data/vendor/time/ats_13
04-30 20:11:30.270   408  1347 D QC-time-services: Daemon:time_persistent_memory_opr:Genoff write operation 
04-30 20:11:30.277   858   980 E QC-time-services: Receive Passed == base = 13, unit = 1, operation = 0, result = 0
04-30 20:11:30.278   408   419 E QC-time-services: Daemon: Time-services: Waiting to acceptconnection
04-30 20:11:30.654  1335  1335 D AndroidRuntime: >>>>>> START com.android.internal.os.RuntimeInit uid 2000 <<<<<<
04-30 20:11:30.663  1335  1335 W app_process: type=1400 audit(0.0:2739): avc: denied { read } for name="u:object_r:device_config_runtime_native_boot_prop:s0" dev="tmpfs" ino=11636 scontext=u:r:shell:s0 tcontext=u:object_r:device_config_runtime_native_boot_prop:s0 tclass=file permissive=0
04-30 20:11:30.666  1335  1335 I chatty  : uid=2000(shell) app_process identical 1 line
04-30 20:11:30.666  1335  1335 W app_process: type=1400 audit(0.0:2741): avc: denied { read } for name="u:object_r:device_config_runtime_native_boot_prop:s0" dev="tmpfs" ino=11636 scontext=u:r:shell:s0 tcontext=u:object_r:device_config_runtime_native_boot_prop:s0 tclass=file permissive=0
04-30 20:11:30.666  1335  1335 E libc    : Access denied finding property "persist.device_config.runtime_native_boot.enable_apex_image"
04-30 20:11:30.666  1335  1335 I AndroidRuntime: Using default boot image
04-30 20:11:30.667  1335  1335 E libc    : Access denied finding property "persist.device_config.runtime_native_boot.disable_lock_profiling"
04-30 20:11:30.667  1335  1335 I AndroidRuntime: Leaving lock profiling enabled
04-30 20:11:30.668  1335  1335 E libc    : Access denied finding property "persist.device_config.runtime_native_boot.enable_generational_cc"
04-30 20:11:30.682  1335  1335 W app_process: Could not reserve sentinel fault page
04-30 20:11:30.682  1335  1335 I app_process: Core platform API reporting enabled, enforcing=false
04-30 20:11:31.007  1335  1335 D ICU     : Time zone APEX file found: /apex/com.android.tzdata/etc/icu/icu_tzdata.dat
04-30 20:11:31.071   592   634 D ThermalEngine: zone:0 sensor:xo-therm-adc temp:44457 trip:0 event:0
04-30 20:11:31.072   592   649 D ThermalEngine: sensor_monitor: xo-therm-adc Reading 44457 .
04-30 20:11:31.072   592   649 I ThermalEngine: Sensor:xo-therm-adc:44457 mC
04-30 20:11:31.072   592   649 D ThermalEngine: sensor_thresh_notify: Update recieved LCD_SKIN_MANAGEMENT 44457
04-30 20:11:31.072   592   649 D ThermalEngine: update_active_thresh: xo-therm-adc Active(1), Hi(1) 48000, Lo(0) -2147483648, desc(0) Interval(1) 2000
04-30 20:11:31.072   592   649 D ThermalEngine: Setting up thresholds high: 48000
04-30 20:11:31.072  1335  1335 I app_process: The ClassLoaderContext is a special shared library.
04-30 20:11:31.072   592   649 D ThermalEngine: writing:48000 in fd:32 bytes:5
04-30 20:11:31.072   592   657 D ThermalEngine: sensor_monitor: Thresh EVT
04-30 20:11:31.074   592   649 D ThermalEngine: sensor_monitor: xo-therm-adc Sensor wait.
04-30 20:11:31.074   592   657 I ThermalEngine: Sensor:xo-therm-adc:44457 mC
04-30 20:11:31.075   592   657 D ThermalEngine: TM Id LCD_SKIN_MANAGEMENT Sensor xo-therm-adc Reading 44457
04-30 20:11:31.075   592   657 D ThermalEngine: handle_thresh_sig: TM Id LCD_SKIN_MANAGEMENT Sensor xo-therm-adc Temp 44457
04-30 20:11:31.075   592   657 I ThermalEngine: TM Id 'LCD_SKIN_MANAGEMENT' Sensor 'xo-therm-adc' - alarm  raised 4 at 44.4 degC
04-30 20:11:31.075   592   657 D ThermalEngine: sensor_update_thresholds: TM Id LCD_SKIN_MANAGEMENT Sensor xo-therm-adc threshold_type 1, level 4
04-30 20:11:31.075   592   657 D ThermalEngine: sensors_manager_set_thresh_lvl: xo-therm-adc Hi(1) 45000, Lo(1) 41000, desc:0 Interval(1) 3000
04-30 20:11:31.075   592   657 D ThermalEngine: update_active_thresh: xo-therm-adc Active(1), Hi(1) 45000, Lo(1) 41000, desc(0) Interval(1) 2000
04-30 20:11:31.075   592   657 D ThermalEngine: Setting up thresholds high: 45000
04-30 20:11:31.075   592   657 D ThermalEngine: writing:45000 in fd:32 bytes:5
04-30 20:11:31.075   592   634 D ThermalEngine: zone:0 sensor:xo-therm-adc temp:44457 trip:0 event:0
04-30 20:11:31.075   592   649 D ThermalEngine: sensor_monitor: xo-therm-adc Reading 44457 .
04-30 20:11:31.075   592   649 I ThermalEngine: Sensor:xo-therm-adc:44457 mC
04-30 20:11:31.076   592   657 D ThermalEngine: Setting up hysteresis: 4000
04-30 20:11:31.077   592   657 D ThermalEngine: writing:4000 in fd:32 bytes:4
04-30 20:11:31.077   592   634 D ThermalEngine: zone:0 sensor:xo-therm-adc temp:44457 trip:0 event:0
04-30 20:11:31.077   592   657 I ThermalEngine: j=0 i=3 TM Id LCD_SKIN_MANAGEMENT Sensor xo-therm-adc: Action lcd value 60
04-30 20:11:31.077   592   649 D ThermalEngine: update_active_thresh: xo-therm-adc Active(1), Hi(1) 45000, Lo(1) 41000, desc(0) Interval(1) 2000
04-30 20:11:31.077   592   657 D ThermalEngine: devices_manager_set_op_value: DEV lcd, op_value 60
04-30 20:11:31.077   592   649 D ThermalEngine: sensor_monitor: xo-therm-adc Sensor wait.
04-30 20:11:31.077   592   649 D ThermalEngine: sensor_monitor: xo-therm-adc Reading 44457 .
04-30 20:11:31.077   592   649 I ThermalEngine: Sensor:xo-therm-adc:44457 mC
04-30 20:11:31.077   592   649 D ThermalEngine: update_active_thresh: xo-therm-adc Active(1), Hi(1) 45000, Lo(1) 41000, desc(0) Interval(1) 2000
04-30 20:11:31.078   592   649 D ThermalEngine: sensor_monitor: xo-therm-adc Sensor wait.
04-30 20:11:31.078   592   657 D ThermalEngine: writing:60 in fd:32 bytes:2
04-30 20:11:31.078   592   657 D ThermalEngine: ACTION: LCD - Setting max LCD brightness to 60
04-30 20:11:31.078   592   657 I ThermalEngine: Mitigation:LCD:60
04-30 20:11:31.078   592   657 D ThermalEngine: sensor_monitor: Wait for EV
04-30 20:11:31.118   339   339 I hwservicemanager: getTransport: Cannot find entry vendor.qti.hardware.servicetracker@1.0::IServicetracker/default in either framework or device manifest.
04-30 20:11:31.138  1335  1335 W app_process: JNI RegisterNativeMethods: attempt to register 0 native methods for android.media.AudioAttributes
04-30 20:11:31.150   339   339 I hwservicemanager: getTransport: Cannot find entry vendor.qti.hardware.servicetracker@1.0::IServicetracker/default in either framework or device manifest.
04-30 20:11:31.165  1335  1335 D AndroidRuntime: Calling main entry com.android.commands.input.Input
04-30 20:11:31.173  1335  1335 D AndroidRuntime: Shutting down VM
04-30 20:11:32.066  1063  1327 I UsageStatsService: User[0] Flushing usage stats to disk
04-30 20:11:32.179  1063  1327 W AppIdleHistory: Skipping App Idle write for unexpected null package
04-30 20:11:32.193  1365  1365 D AndroidRuntime: >>>>>> START com.android.internal.os.RuntimeInit uid 2000 <<<<<<
04-30 20:11:32.203  1365  1365 W app_process: type=1400 audit(0.0:2742): avc: denied { read } for name="u:object_r:device_config_runtime_native_boot_prop:s0" dev="tmpfs" ino=11636 scontext=u:r:shell:s0 tcontext=u:object_r:device_config_runtime_native_boot_prop:s0 tclass=file permissive=0
04-30 20:11:32.203  1365  1365 W app_process: type=1400 audit(0.0:2743): avc: denied { read } for name="u:object_r:device_config_runtime_native_boot_prop:s0" dev="tmpfs" ino=11636 scontext=u:r:shell:s0 tcontext=u:object_r:device_config_runtime_native_boot_prop:s0 tclass=file permissive=0
04-30 20:11:32.203  1365  1365 W app_process: type=1400 audit(0.0:2744): avc: denied { read } for name="u:object_r:device_config_runtime_native_boot_prop:s0" dev="tmpfs" ino=11636 scontext=u:r:shell:s0 tcontext=u:object_r:device_config_runtime_native_boot_prop:s0 tclass=file permissive=0
04-30 20:11:32.204  1365  1365 E libc    : Access denied finding property "persist.device_config.runtime_native_boot.enable_apex_image"
04-30 20:11:32.205  1365  1365 I AndroidRuntime: Using default boot image
04-30 20:11:32.205  1365  1365 E libc    : Access denied finding property "persist.device_config.runtime_native_boot.disable_lock_profiling"
04-30 20:11:32.205  1365  1365 I AndroidRuntime: Leaving lock profiling enabled
04-30 20:11:32.206  1365  1365 E libc    : Access denied finding property "persist.device_config.runtime_native_boot.enable_generational_cc"
04-30 20:11:32.219  1365  1365 W app_process: Could not reserve sentinel fault page
04-30 20:11:32.220  1365  1365 I app_process: Core platform API reporting enabled, enforcing=false
04-30 20:11:32.526  1365  1365 D ICU     : Time zone APEX file found: /apex/com.android.tzdata/etc/icu/icu_tzdata.dat
04-30 20:11:32.566  1365  1365 I app_process: The ClassLoaderContext is a special shared library.
04-30 20:11:32.624  1365  1365 W app_process: JNI RegisterNativeMethods: attempt to register 0 native methods for android.media.AudioAttributes
04-30 20:11:32.650  1365  1365 D AndroidRuntime: Calling main entry com.android.commands.input.Input
04-30 20:11:32.658  1365  1365 D AndroidRuntime: Shutting down VM
04-30 20:11:32.662  1063  1317 D AutofillManagerService: Close system dialogs
04-30 20:11:32.667  1063  1318 I ActivityTaskManager: START u0 {act=android.intent.action.MAIN cat=[android.intent.category.HOME] flg=0x10000100 cmp=com.android.launcher3/.Launcher (has extras)} from uid 0
04-30 20:11:32.695   339   339 I hwservicemanager: getTransport: Cannot find entry vendor.qti.hardware.iop@2.0::IIop/default in either framework or device manifest.
04-30 20:11:32.704  1063  1318 D ActivityTrigger: ActivityTrigger activityPauseTrigger 
04-30 20:11:32.714   339   339 I hwservicemanager: getTransport: Cannot find entry vendor.qti.hardware.iop@2.0::IIop/default in either framework or device manifest.
04-30 20:11:32.715  1063  1318 D CompatibilityInfo: mCompatibilityFlags - 0
04-30 20:11:32.715  1063  2409 E ANDR-PERF-JNI: UXEngine Trigger - Returning null
04-30 20:11:32.715  1063  1318 D CompatibilityInfo: applicationDensity - 216
04-30 20:11:32.715  1063  1318 D CompatibilityInfo: applicationScale - 1.0
04-30 20:11:32.754  2669  2669 E ActivityThread: Failed to find provider info for com.jio.os.content.ContentFeedProvider
04-30 20:11:32.767  2946  1206 I chatty  : uid=10099(com.android.camera2) expire 1 line
04-30 20:11:32.778   663  1010 I chatty  : uid=1047(cameraserver) HwBinder:663_2 expire 33 lines
04-30 20:11:32.827   663  1241 I chatty  : uid=1047(cameraserver) provider@2.4-se expire 1 line
04-30 20:11:32.839  2463  2463 D ImageWallpaper: wallpaper visibility changes to: true
04-30 20:11:32.863  2946  3898 I chatty  : uid=10099(com.android.camera2) Binder:2946_4 expire 2 lines
04-30 20:11:32.863   608  1198 I chatty  : uid=1047(cameraserver) /system/bin/cameraserver expire 1 line
04-30 20:11:32.892   500   500 E ANDR-PERF-TARGET: Error: Invalid logical cluster id 1
04-30 20:11:32.892   500   500 E ANDR-PERF-REQUEST: Translate to physical failed
04-30 20:11:32.892   500   500 E ANDR-PERF-TARGET: Error: Invalid logical cluster id 1
04-30 20:11:32.892   500   500 E ANDR-PERF-REQUEST: Translate to physical failed
04-30 20:11:32.894  2669  2669 I         : Borqs:recents LAR.java-- setAnimation(), anim startTime: 16
04-30 20:11:32.929   592   656 I ThermalEngine: Thermal-Server: removing client on fd 31
04-30 20:11:32.929   592   656 D ThermalEngine: bw_client_hal_callback: received 0x0 value from client:camera_bw
04-30 20:11:32.957   663  1398 I chatty  : uid=1047(cameraserver) provider@2.4-se expire 2 lines
04-30 20:11:32.959   663  1399 I chatty  : uid=1047(cameraserver) provider@2.4-se expire 2 lines
04-30 20:11:32.962   663  1400 I chatty  : uid=1047(cameraserver) provider@2.4-se expire 3 lines
04-30 20:11:32.971   663  1402 I chatty  : uid=1047(cameraserver) provider@2.4-se expire 2 lines
04-30 20:11:32.986   663  1403 I chatty  : uid=1047(cameraserver) provider@2.4-se expire 5 lines
04-30 20:11:32.999   663  1408 I chatty  : uid=1047(cameraserver) provider@2.4-se expire 2 lines
04-30 20:11:33.005   492   521 I chatty  : uid=1000(system) Binder:492_2 expire 1 line
04-30 20:11:33.026  2946  3898 I chatty  : uid=10099(com.android.camera2) Binder:2946_4 expire 1 line
04-30 20:11:33.027  2946  2969 I chatty  : uid=10099(com.android.camera2) Binder:2946_1 expire 1 line
04-30 20:11:33.057  2946  2946 I chatty  : uid=10099(com.android.camera2) expire 6 lines
04-30 20:11:33.075  2946  3786 I chatty  : uid=10099(com.android.camera2) Camera Handler expire 1 line
04-30 20:11:33.361  1063  1320 D ActivityTrigger: ActivityTrigger activityStopTrigger 
04-30 20:11:33.390  2946  2946 I chatty  : uid=10099(com.android.camera2) expire 16 lines
04-30 20:11:33.414  1063  2344 I ActivityManager: Killing 474:com.google.android.gms/u0a91 (adj 930): cached #5
04-30 20:11:33.416   339   339 I hwservicemanager: getTransport: Cannot find entry vendor.qti.hardware.iop@2.0::IIop/default in either framework or device manifest.
04-30 20:11:33.495   339   339 I hwservicemanager: getTransport: Cannot find entry vendor.qti.hardware.iop@2.0::IIop/default in either framework or device manifest.
04-30 20:11:33.496   414   414 I Zygote  : Process 474 exited due to signal 9 (Killed)
04-30 20:11:33.498   339   339 I hwservicemanager: getTransport: Cannot find entry vendor.qti.hardware.servicetracker@1.0::IServicetracker/default in either framework or device manifest.
04-30 20:11:33.500   339   339 I hwservicemanager: getTransport: Cannot find entry vendor.qti.hardware.servicetracker@1.0::IServicetracker/default in either framework or device manifest.
04-30 20:11:33.524  1063  1330 I libprocessgroup: Successfully killed process cgroup uid 10091 pid 474 in 107ms
04-30 20:11:33.531   492   828 W SDM     : HWPrimary::PopulateDisplayAttributes: Driver doesn't report panel physical width and height - defaulting to 320dpi
04-30 20:11:33.683   492   828 W SDM     : HWPrimary::PopulateDisplayAttributes: Driver doesn't report panel physical width and height - defaulting to 320dpi
04-30 20:11:33.890  1389  1389 D AndroidRuntime: >>>>>> START com.android.internal.os.RuntimeInit uid 2000 <<<<<<
04-30 20:11:33.900  1389  1389 W app_process: type=1400 audit(0.0:2747): avc: denied { read } for name="u:object_r:device_config_runtime_native_boot_prop:s0" dev="tmpfs" ino=11636 scontext=u:r:shell:s0 tcontext=u:object_r:device_config_runtime_native_boot_prop:s0 tclass=file permissive=0
04-30 20:11:33.903  1389  1389 I chatty  : uid=2000(shell) app_process identical 1 line
04-30 20:11:33.903  1389  1389 W app_process: type=1400 audit(0.0:2749): avc: denied { read } for name="u:object_r:device_config_runtime_native_boot_prop:s0" dev="tmpfs" ino=11636 scontext=u:r:shell:s0 tcontext=u:object_r:device_config_runtime_native_boot_prop:s0 tclass=file permissive=0
04-30 20:11:33.903  1389  1389 E libc    : Access denied finding property "persist.device_config.runtime_native_boot.enable_apex_image"
04-30 20:11:33.903  1389  1389 I AndroidRuntime: Using default boot image
04-30 20:11:33.903  1389  1389 E libc    : Access denied finding property "persist.device_config.runtime_native_boot.disable_lock_profiling"
04-30 20:11:33.904  1389  1389 I AndroidRuntime: Leaving lock profiling enabled
04-30 20:11:33.905  1389  1389 E libc    : Access denied finding property "persist.device_config.runtime_native_boot.enable_generational_cc"
04-30 20:11:33.919  1389  1389 W app_process: Could not reserve sentinel fault page
04-30 20:11:33.919  1389  1389 I app_process: Core platform API reporting enabled, enforcing=false
04-30 20:11:34.058   592   634 D ThermalEngine: zone:20 sensor:skin-therm-adc temp:16355 trip:0 event:0
04-30 20:11:34.060   592   634 D ThermalEngine: zone:2 sensor:pa-therm0-adc temp:40361 trip:0 event:0
04-30 20:11:34.061   592   634 D ThermalEngine: zone:1 sensor:xo-therm-buf-adc temp:44518 trip:0 event:0
04-30 20:11:34.201  1389  1389 D ICU     : Time zone APEX file found: /apex/com.android.tzdata/etc/icu/icu_tzdata.dat
04-30 20:11:34.245  1389  1389 I app_process: The ClassLoaderContext is a special shared library.
04-30 20:11:34.344  1389  1389 W app_process: JNI RegisterNativeMethods: attempt to register 0 native methods for android.media.AudioAttributes
04-30 20:11:34.367   492   828 W SDM     : HWPrimary::PopulateDisplayAttributes: Driver doesn't report panel physical width and height - defaulting to 320dpi
04-30 20:11:34.371  1389  1389 D AndroidRuntime: Calling main entry com.android.commands.input.Input
04-30 20:11:34.380  1389  1389 D AndroidRuntime: Shutting down VM
04-30 20:11:35.274  1430  1430 D AndroidRuntime: >>>>>> START com.android.internal.os.RuntimeInit uid 2000 <<<<<<
04-30 20:11:35.283  1430  1430 W app_process: type=1400 audit(0.0:2750): avc: denied { read } for name="u:object_r:device_config_runtime_native_boot_prop:s0" dev="tmpfs" ino=11636 scontext=u:r:shell:s0 tcontext=u:object_r:device_config_runtime_native_boot_prop:s0 tclass=file permissive=0
04-30 20:11:35.283  1430  1430 W app_process: type=1400 audit(0.0:2751): avc: denied { read } for name="u:object_r:device_config_runtime_native_boot_prop:s0" dev="tmpfs" ino=11636 scontext=u:r:shell:s0 tcontext=u:object_r:device_config_runtime_native_boot_prop:s0 tclass=file permissive=0
04-30 20:11:35.283  1430  1430 W app_process: type=1400 audit(0.0:2752): avc: denied { read } for name="u:object_r:device_config_runtime_native_boot_prop:s0" dev="tmpfs" ino=11636 scontext=u:r:shell:s0 tcontext=u:object_r:device_config_runtime_native_boot_prop:s0 tclass=file permissive=0
04-30 20:11:35.284  1430  1430 E libc    : Access denied finding property "persist.device_config.runtime_native_boot.enable_apex_image"
04-30 20:11:35.284  1430  1430 I AndroidRuntime: Using default boot image
04-30 20:11:35.284  1430  1430 E libc    : Access denied finding property "persist.device_config.runtime_native_boot.disable_lock_profiling"
04-30 20:11:35.284  1430  1430 I AndroidRuntime: Leaving lock profiling enabled
04-30 20:11:35.285  1430  1430 E libc    : Access denied finding property "persist.device_config.runtime_native_boot.enable_generational_cc"
04-30 20:11:35.297  1430  1430 W app_process: Could not reserve sentinel fault page
04-30 20:11:35.297  1430  1430 I app_process: Core platform API reporting enabled, enforcing=false
04-30 20:11:35.510  1430  1430 D ICU     : Time zone APEX file found: /apex/com.android.tzdata/etc/icu/icu_tzdata.dat
04-30 20:11:35.538  1430  1430 I app_process: The ClassLoaderContext is a special shared library.
04-30 20:11:35.590  1430  1430 W app_process: JNI RegisterNativeMethods: attempt to register 0 native methods for android.media.AudioAttributes
04-30 20:11:35.611  1430  1430 D AndroidRuntime: Calling main entry com.android.commands.input.Input
04-30 20:11:35.619  1430  1430 D AndroidRuntime: Shutting down VM
04-30 20:11:35.621  1063  1317 D AutofillManagerService: Close system dialogs
04-30 20:11:35.623  1063  1318 I ActivityTaskManager: START u0 {act=android.intent.action.MAIN cat=[android.intent.category.HOME] flg=0x10000100 cmp=com.android.launcher3/.Launcher (has extras)} from uid 0
04-30 20:11:35.628  2669  2669 E ActivityThread: Failed to find provider info for com.jio.os.content.ContentFeedProvider
04-30 20:11:35.665   492   828 W SDM     : HWPrimary::PopulateDisplayAttributes: Driver doesn't report panel physical width and height - defaulting to 320dpi
04-30 20:11:35.687   411   411 I netd    : trafficSwapActiveStatsMap() <34.15ms>
04-30 20:11:35.691   411   411 I netd    : tetherGetStats() <2.42ms>
04-30 20:11:35.701   411   411 I netd    : bandwidthSetGlobalAlert(2097152) <0.49ms>
04-30 20:11:35.821  1063  2719 I ActivityTaskManager: START u0 {act=android.media.action.IMAGE_CAPTURE flg=0x10000000 cmp=com.android.camera2/com.android.camera.CaptureActivity} from uid 2000
04-30 20:11:35.823   339   339 I hwservicemanager: getTransport: Cannot find entry vendor.qti.hardware.iop@2.0::IIop/default in either framework or device manifest.
04-30 20:11:35.828  1063  2719 D ActivityTrigger: ActivityTrigger activityPauseTrigger 
04-30 20:11:35.831  1063  2719 D CompatibilityInfo: mCompatibilityFlags - 0
04-30 20:11:35.831  1063  2719 D CompatibilityInfo: applicationDensity - 216
04-30 20:11:35.831  1063  2719 D CompatibilityInfo: applicationScale - 1.0
04-30 20:11:36.054  2946  3582 I chatty  : uid=10099(com.android.camera2) AsyncTask #1 expire 1 line
04-30 20:11:36.085  2946  2946 I chatty  : uid=10099(com.android.camera2) expire 5 lines
04-30 20:11:36.090   608   608 I chatty  : uid=1047(cameraserver) /system/bin/cameraserver expire 1 line
04-30 20:11:36.096   608  3704 I chatty  : uid=1047(cameraserver) Binder:608_5 expire 1 line
04-30 20:11:36.096  2946  1092 I chatty  : uid=10099(com.android.camera2) Binder:2946_7 expire 2 lines
04-30 20:11:36.099   486   486 D audio_hw_primary: adev_set_parameters: enter: cameraFacing=back
04-30 20:11:36.104   663  1010 I chatty  : uid=1047(cameraserver) HwBinder:663_2 expire 36 lines
04-30 20:11:36.120   500   500 E ANDR-PERF-TARGET: Error: Invalid logical cluster id 1
04-30 20:11:36.120   500   500 E ANDR-PERF-REQUEST: Translate to physical failed
04-30 20:11:36.120   500   500 E ANDR-PERF-TARGET: Error: Invalid logical cluster id 1
04-30 20:11:36.120   500   500 E ANDR-PERF-REQUEST: Translate to physical failed
04-30 20:11:36.121   608  3704 I chatty  : uid=1047(cameraserver) Binder:608_5 expire 6 lines
04-30 20:11:36.124   663  1493 I chatty  : uid=1047(cameraserver) provider@2.4-se expire 5 lines
04-30 20:11:36.124   663  1497 I chatty  : uid=1047(cameraserver) provider@2.4-se expire 5 lines
04-30 20:11:36.125   663  1499 I chatty  : uid=1047(cameraserver) provider@2.4-se expire 6 lines
04-30 20:11:36.126   663  1500 I chatty  : uid=1047(cameraserver) provider@2.4-se expire 5 lines
04-30 20:11:36.127   663  1504 I chatty  : uid=1047(cameraserver) provider@2.4-se expire 5 lines
04-30 20:11:36.132   663  1506 I chatty  : uid=1047(cameraserver) provider@2.4-se expire 5 lines
04-30 20:11:36.169   492   521 I SDM     : ResourceImpl::SetMaxBandwidthMode: new bandwidth mode=1
04-30 20:11:36.173   592   656 I ThermalEngine: Thermal-Server: Adding thermal event listener on fd 31
04-30 20:11:36.173   592   656 D ThermalEngine: bw_client_hal_callback: received 0x1 value from client:camera_bw
04-30 20:11:36.174   663  1529 I chatty  : uid=1047(cameraserver) HwBinder:663_2 expire 2 lines
04-30 20:11:36.182  2946  2946 I chatty  : uid=10099(com.android.camera2) expire 5 lines
04-30 20:11:36.185  2946  4082 I chatty  : uid=10099(com.android.camera2) e.CameraHandler expire 1 line
04-30 20:11:36.217  2463  2463 D ImageWallpaper: wallpaper visibility changes to: false
04-30 20:11:36.220  2946  2946 I CAM_Profiler: [193.607ms][ui] GUARD: CameraActivity.resume - STOP
04-30 20:11:36.222  2946  2946 E CAM_CameraUtil: Invalid mode index: 6
04-30 20:11:36.231  2946  4082 I CAM_OneCamCreator: Picture Size Configuration: PictureSizeCalculator.Configuration{native size=2592x1944, crop=Rect(0, 0 - 2592, 1944)}
04-30 20:11:36.256  2946  4082 D CAM_StateMachine: Process event : com.android.camera.captureintent.event.EventOnOpenCameraSucceeded@271c8b5
04-30 20:11:36.257  2946  4082 D CAM_StateMachine: Change state : com.android.camera.captureintent.state.StateOpeningCamera@36a5643 => com.android.camera.captureintent.state.StateStartingPreview@697cb4a
04-30 20:11:36.270   608  3704 I chatty  : uid=1047(cameraserver) Binder:608_5 expire 2 lines
04-30 20:11:36.276   500   500 E ANDR-PERF-TARGET: Error: Invalid logical cluster id 1
04-30 20:11:36.276   500   500 E ANDR-PERF-REQUEST: Translate to physical failed
04-30 20:11:36.276   500   500 E ANDR-PERF-TARGET: Error: Invalid logical cluster id 1
04-30 20:11:36.276   500   500 E ANDR-PERF-REQUEST: Translate to physical failed
04-30 20:11:36.277   663  1479 I chatty  : uid=1047(cameraserver) CAM_MctServ_1 expire 50 lines
04-30 20:11:36.293   608  3704 I chatty  : uid=1047(cameraserver) Binder:608_5 expire 1 line
04-30 20:11:36.304  2946  1548 I CAM_OneCamCharImpl: Unknown higher hardware level mapped to FULL: 3
04-30 20:11:36.304  2946  1548 I CAM_OneCamCharImpl: Unknown higher hardware level mapped to FULL: 3
04-30 20:11:36.311  2946  1548 D CAM_StateMachine: Process event : com.android.camera.captureintent.event.EventOnStartPreviewSucceeded@ab5c595
04-30 20:11:36.311  2946  1561 D CAM_CommandExecutor: Executing command: com.android.camera.one.v2.commands.ZslPreviewCommand@7d6b6aa START
04-30 20:11:36.312   663  1010 I chatty  : uid=1047(cameraserver) HwBinder:663_2 expire 2 lines
04-30 20:11:36.355  2946  1561 D CAM_CommandExecutor: Executing command: com.android.camera.one.v2.commands.ZslPreviewCommand@7d6b6aa END
04-30 20:11:36.363   500   500 E ANDR-PERF-TARGET: Error: Invalid logical cluster id 1
04-30 20:11:36.363   500   500 E ANDR-PERF-REQUEST: Translate to physical failed
04-30 20:11:36.363   500   500 E ANDR-PERF-TARGET: Error: Invalid logical cluster id 1
04-30 20:11:36.363   500   500 E ANDR-PERF-REQUEST: Translate to physical failed
04-30 20:11:36.369   663  1008 I chatty  : uid=1047(cameraserver) HwBinder:663_1 expire 3 lines
04-30 20:11:36.398   663  1479 I chatty  : uid=1047(cameraserver) CAM_MctServ_1 expire 21 lines
04-30 20:11:36.425   663  1512 I chatty  : uid=1047(cameraserver) CAM_AECAWB expire 2 lines
04-30 20:11:36.426   663   714 I chatty  : uid=1047(cameraserver) CAM_imgTh expire 11 lines
04-30 20:11:36.430   663  1513 I chatty  : uid=1047(cameraserver) CAM_AF expire 1 line
04-30 20:11:36.440   663  1479 I chatty  : uid=1047(cameraserver) CAM_MctServ_1 expire 22 lines
04-30 20:11:36.446   663  1574 I chatty  : uid=1047(cameraserver) CAM_iface_hw expire 24 lines
04-30 20:11:36.451   663  1479 I chatty  : uid=1047(cameraserver) CAM_MctServ_1 expire 19 lines
04-30 20:11:36.452   663  1503 I chatty  : uid=1047(cameraserver) CAM_iface_ses expire 7 lines
04-30 20:11:36.464   663  1515 I chatty  : uid=1047(cameraserver) CAM_AFD expire 3 lines
04-30 20:11:36.474   663  1507 I chatty  : uid=1047(cameraserver) CAM_cpp expire 1 line
04-30 20:11:36.507   663  1573 I chatty  : uid=1047(cameraserver) CAM_iface_poll expire 5 lines
04-30 20:11:36.561  2946  1548 D CAM_StateMachine: Change state : com.android.camera.captureintent.state.StateStartingPreview@697cb4a => com.android.camera.captureintent.state.StateReadyForCapture@51128bd
04-30 20:11:36.562  2946  2946 D CAM_StateMachine: Process event : com.android.camera.captureintent.event.EventOnTextureViewLayoutChanged@1e61eb2
04-30 20:11:36.568  2946  2946 W CAM_IndicatorIconCtrlr: Trying to sync a pano indicator that is not initialized.
04-30 20:11:36.598   658  2213 I MMParserExtractor: Created(0xaa72d9c0)
04-30 20:11:36.608  1063  1223 D ActivityTrigger: ActivityTrigger activityStopTrigger 
04-30 20:11:36.630   663  1505 I chatty  : uid=1047(cameraserver) CAM_isp_trigger expire 6 lines
04-30 20:11:36.668   663  1573 I chatty  : uid=1047(cameraserver) CAM_iface_poll expire 7 lines
04-30 20:11:36.708  2946  1587 I OMXClient: IOmx service obtained
04-30 20:11:36.708   675  3958 I OMXMaster: makeComponentInstance(OMX.google.vorbis.decoder) in android.hardwar process
04-30 20:11:36.709  2946  2946 D CAM_StateMachine: Process event : com.android.camera.captureintent.event.EventCameraReady@c017e03
04-30 20:11:36.719   675  2607 E OMXNodeInstance: getConfig(0xae81b380:google.vorbis.decoder, ConfigAndroidVendorExtension(0x6f100004)) ERROR: Undefined(0x80001001)
04-30 20:11:36.721  2946  1587 W ExtendedACodec: Failed to get extension for extradata parameter
04-30 20:11:36.757   658  2213 D MediaBufferGroup: creating MemoryDealer
04-30 20:11:36.825  2946  2965 I android.camera: Background concurrent copying GC freed 24128(1081KB) AllocSpace objects, 10(4632KB) LOS objects, 65% free, 9865KB/27MB, paused 289us total 248.689ms
04-30 20:11:36.827   608  3704 I chatty  : uid=1047(cameraserver) Binder:608_5 expire 3 lines
04-30 20:11:36.843  2946  2967 W MessageQueue: Handler (android.os.Handler) {a2c93b9} sending message to a Handler on a dead thread
04-30 20:11:36.843  2946  2967 W MessageQueue: java.lang.IllegalStateException: Handler (android.os.Handler) {a2c93b9} sending message to a Handler on a dead thread
04-30 20:11:36.843  2946  2967 W MessageQueue: 	at android.os.MessageQueue.enqueueMessage(MessageQueue.java:558)
04-30 20:11:36.843  2946  2967 W MessageQueue: 	at android.os.Handler.enqueueMessage(Handler.java:754)
04-30 20:11:36.843  2946  2967 W MessageQueue: 	at android.os.Handler.sendMessageAtTime(Handler.java:703)
04-30 20:11:36.843  2946  2967 W MessageQueue: 	at android.os.Handler.sendMessageDelayed(Handler.java:673)
04-30 20:11:36.843  2946  2967 W MessageQueue: 	at android.os.Handler.post(Handler.java:403)
04-30 20:11:36.843  2946  2967 W MessageQueue: 	at android.hardware.camera2.impl.CameraDeviceImpl$CameraHandlerExecutor.execute(CameraDeviceImpl.java:2501)
04-30 20:11:36.843  2946  2967 W MessageQueue: 	at android.hardware.camera2.impl.CallbackProxies$SessionStateCallbackProxy.onClosed(CallbackProxies.java:104)
04-30 20:11:36.843  2946  2967 W MessageQueue: 	at android.hardware.camera2.impl.CameraCaptureSessionImpl.close(CameraCaptureSessionImpl.java:536)
04-30 20:11:36.843  2946  2967 W MessageQueue: 	at android.hardware.camera2.impl.CameraCaptureSessionImpl.finalize(CameraCaptureSessionImpl.java:827)
04-30 20:11:36.843  2946  2967 W MessageQueue: 	at java.lang.Daemons$FinalizerDaemon.doFinalize(Daemons.java:289)
04-30 20:11:36.843  2946  2967 W MessageQueue: 	at java.lang.Daemons$FinalizerDaemon.runInternal(Daemons.java:276)
04-30 20:11:36.843  2946  2967 W MessageQueue: 	at java.lang.Daemons$Daemon.run(Daemons.java:137)
04-30 20:11:36.843  2946  2967 W MessageQueue: 	at java.lang.Thread.run(Thread.java:919)
04-30 20:11:36.850  2946  2967 W MessageQueue: Handler (android.os.Handler) {4f9b275} sending message to a Handler on a dead thread
04-30 20:11:36.850  2946  2967 W MessageQueue: java.lang.IllegalStateException: Handler (android.os.Handler) {4f9b275} sending message to a Handler on a dead thread
04-30 20:11:36.850  2946  2967 W MessageQueue: 	at android.os.MessageQueue.enqueueMessage(MessageQueue.java:558)
04-30 20:11:36.850  2946  2967 W MessageQueue: 	at android.os.Handler.enqueueMessage(Handler.java:754)
04-30 20:11:36.850  2946  2967 W MessageQueue: 	at android.os.Handler.sendMessageAtTime(Handler.java:703)
04-30 20:11:36.850  2946  2967 W MessageQueue: 	at android.os.Handler.sendMessageDelayed(Handler.java:673)
04-30 20:11:36.850  2946  2967 W MessageQueue: 	at android.os.Handler.post(Handler.java:403)
04-30 20:11:36.850  2946  2967 W MessageQueue: 	at android.hardware.camera2.impl.CameraDeviceImpl$CameraHandlerExecutor.execute(CameraDeviceImpl.java:2501)
04-30 20:11:36.850  2946  2967 W MessageQueue: 	at android.hardware.camera2.impl.CallbackProxies$SessionStateCallbackProxy.onClosed(CallbackProxies.java:104)
04-30 20:11:36.850  2946  2967 W MessageQueue: 	at android.hardware.camera2.impl.CameraCaptureSessionImpl.close(CameraCaptureSessionImpl.java:536)
04-30 20:11:36.850  2946  2967 W MessageQueue: 	at android.hardware.camera2.impl.CameraCaptureSessionImpl.finalize(CameraCaptureSessionImpl.java:827)
04-30 20:11:36.850  2946  2967 W MessageQueue: 	at java.lang.Daemons$FinalizerDaemon.doFinalize(Daemons.java:289)
04-30 20:11:36.850  2946  2967 W MessageQueue: 	at java.lang.Daemons$FinalizerDaemon.runInternal(Daemons.java:276)
04-30 20:11:36.850  2946  2967 W MessageQueue: 	at java.lang.Daemons$Daemon.run(Daemons.java:137)
04-30 20:11:36.850  2946  2967 W MessageQueue: 	at java.lang.Thread.run(Thread.java:919)
04-30 20:11:36.858  1063  1319 I DropBoxManagerService: add tag=system_app_strictmode isTagEnabled=true flags=0x2
04-30 20:11:36.867  2946  1559 I CAM_AutoFlashZslImgFltr: Flash not required
04-30 20:11:36.878  1063  1319 I DropBoxManagerService: add tag=system_app_strictmode isTagEnabled=true flags=0x2
04-30 20:11:36.894   658   658 I MMParserExtractor: Created(0xaa72d600)
04-30 20:11:36.898   663  1567 I chatty  : uid=1047(cameraserver) CAM_PREVIEW expire 1 line
04-30 20:11:36.912  2946  1594 I OMXClient: IOmx service obtained
04-30 20:11:36.912   675  3094 I OMXMaster: makeComponentInstance(OMX.google.vorbis.decoder) in android.hardwar process
