04-29 10:42:01.530  3763  3900 I mm-camera: <MCT   >< INFO> 5258: mct_pipeline_start_session_thread: X iface
04-29 10:42:01.533  3763  3905 I mm-camera: <MCT   >< INFO> 5233: mct_pipeline_start_session_thread: E pproc
04-29 10:42:01.533  3763  3905 I mm-camera: <MCT   >< INFO> 5240: mct_pipeline_start_session_thread: Calling start_session on Module pproc
04-29 10:42:01.535  3763  3906 I mm-camera: <MCT   >< INFO> 5233: mct_pipeline_start_session_thread: E imglib
04-29 10:42:01.535  3763  3906 I mm-camera: <MCT   >< INFO> 5240: mct_pipeline_start_session_thread: Calling start_session on Module imglib
04-29 10:42:01.535  3763  3906 I mm-camera: <MCT   >< INFO> 5243: mct_pipeline_start_session_thread: Module imglib start_session rc = 1
04-29 10:42:01.536  3763  3906 I mm-camera: <MCT   >< INFO> 5251: mct_pipeline_start_session_thread: started_num = 2, success = 2
04-29 10:42:01.536  3763  3906 I mm-camera: <MCT   >< INFO> 5258: mct_pipeline_start_session_thread: X imglib
04-29 10:42:01.538  3763  3901 I mm-camera: <MCT   >< INFO> 5243: mct_pipeline_start_session_thread: Module isp start_session rc = 1
04-29 10:42:01.538  3763  3901 I mm-camera: <MCT   >< INFO> 5251: mct_pipeline_start_session_thread: started_num = 3, success = 3
04-29 10:42:01.538  3763  3901 I mm-camera: <MCT   >< INFO> 5258: mct_pipeline_start_session_thread: X isp
04-29 10:42:01.538  3763  3898 I mm-camera: <MCT   >< INFO> 5243: mct_pipeline_start_session_thread: Module sensor start_session rc = 1
04-29 10:42:01.538  3763  3898 I mm-camera: <MCT   >< INFO> 5251: mct_pipeline_start_session_thread: started_num = 4, success = 4
04-29 10:42:01.538  3763  3898 I mm-camera: <MCT   >< INFO> 5258: mct_pipeline_start_session_thread: X sensor
04-29 10:42:01.539  3763  3905 I mm-camera: <MCT   >< INFO> 5243: mct_pipeline_start_session_thread: Module pproc start_session rc = 1
04-29 10:42:01.539  3763  3905 I mm-camera: <MCT   >< INFO> 5251: mct_pipeline_start_session_thread: started_num = 5, success = 5
04-29 10:42:01.539  3763  3905 I mm-camera: <MCT   >< INFO> 5258: mct_pipeline_start_session_thread: X pproc
04-29 10:42:01.541  3763  3903 I mm-camera: <MCT   >< INFO> 5243: mct_pipeline_start_session_thread: Module stats start_session rc = 1
04-29 10:42:01.541  3763  3903 I mm-camera: <MCT   >< INFO> 5251: mct_pipeline_start_session_thread: started_num = 6, success = 6
04-29 10:42:01.541  3763  3903 I mm-camera: <MCT   >< INFO> 5258: mct_pipeline_start_session_thread: X stats
04-29 10:42:01.556  3763  3894 I mm-camera: <MCT   >< INFO> 5154: mct_pipeline_start_stream_internal: Adding session stream streamid= 0xf for session=1
04-29 10:42:01.556  3763  3894 I mm-camera: <MCT   >< INFO> 5202: mct_pipeline_start_stream_internal: Linking session stream for session 1
04-29 10:42:01.556  3763  3894 I mm-camera: <MCT   >< INFO> 526: mct_stream_start_link: Start linking Session-stream 0x1000f
04-29 10:42:01.557  3763  3894 I mm-camera: <IFACE >< INFO> 344: iface_util_find_primary_cid: iface_util_find_primary_cid:344 error cannot find primary sensor format cids 1
04-29 10:42:01.557  3763  3894 I mm-camera: <ISP   >< INFO> 851: isp_port_check_caps_reserve: port 0xb350dbc0 ide 1000f type 10 dim 0 0
04-29 10:42:01.557  3763  3894 E mm-camera: <PPROC ><ERROR> 801: pproc_port_create_stream_topology: pproc_port_create_stream_topology:801, Error: DEPTH_MAP Not added to sub mod array
04-29 10:42:01.557  3763  3894 I mm-camera: <PPROC >< INFO> 449: pproc_port_add_modules_to_stream: in identity 1000f stream 10 int_link = 0xb30f2340
04-29 10:42:01.557  3763  3894 I mm-camera: <PPROC >< INFO> 461: pproc_port_add_modules_to_stream: :LINK linking mods tmod and paaf for identity 1000f
04-29 10:42:01.558  3763  3894 I mm-camera: <PPROC >< INFO> 461: pproc_port_add_modules_to_stream: :LINK linking mods paaf and ppeiscore for identity 1000f
04-29 10:42:01.560  3763  3894 I mm-camera: <PPROC >< INFO> 461: pproc_port_add_modules_to_stream: :LINK linking mods ppeiscore and c2d for identity 1000f
04-29 10:42:01.560  3763  3894 I mm-camera: <C2D   >< INFO> 1557: c2d_module_notify_add_stream: width 0, height 0, stride 0, scanline 0, is_type 0
04-29 10:42:01.560  3763  3894 I mm-camera: <PPROC >< INFO> 461: pproc_port_add_modules_to_stream: :LINK linking mods c2d and cpp for identity 1000f
04-29 10:42:01.560  3763  3894 I mm-camera: <CPP   >< INFO> 2538: cpp_module_notify_add_stream: :stream 10, width 0, height 0, stride 0,scanline 0, framelen 0
04-29 10:42:01.560  3763  3894 I mm-camera: <CPP   >< INFO> 2695: cpp_module_notify_add_stream: : stream 10, fmt 1, asf_mode 0, sharpness_level 0.000000,asf mask 0, denoise 0, denoise_mask 0, dsdn mask 0,dsdn enable 0, tnr mask 0, tnr enable 0, ds_mask 0, luma dsdn 0
04-29 10:42:01.560  3763  3894 I mm-camera: <PPROC >< INFO> 461: pproc_port_add_modules_to_stream: :LINK linking mods cpp and rtbdm for identity 1000f
04-29 10:42:01.561  3763  3894 I mm-camera: <PPROC >< INFO> 461: pproc_port_add_modules_to_stream: :LINK linking mods rtbdm and ezt for identity 1000f
04-29 10:42:01.561  3763  3894 I mm-camera: <PPROC >< INFO> 461: pproc_port_add_modules_to_stream: :LINK linking mods ezt and quadracfa for identity 1000f
04-29 10:42:01.563  3763  3894 E mm-camera: <STATS ><ERROR> 3027: stats_port_check_caps_reserve: Invalid Port capability type!
04-29 10:42:01.563  3763  3894 I chatty  : uid=1047(cameraserver) HwBinder:3763_2 identical 3 lines
04-29 10:42:01.563  3763  3894 E mm-camera: <STATS ><ERROR> 3027: stats_port_check_caps_reserve: Invalid Port capability type!
04-29 10:42:01.565  3763  3894 I mm-camera: <MCT   >< INFO> 5211: mct_pipeline_start_stream_internal: Session stream linked successfully session 1
04-29 10:42:01.581   494   522 I SDM     : ResourceImpl::SetMaxBandwidthMode: new bandwidth mode=1
04-29 10:42:01.589  3763  3894 I Thermal-Lib: Thermal-Lib-Client: Registration successful for camera with handle:1
04-29 10:42:01.589  3763  3894 I Thermal-Lib: Thermal-Lib-Client: Registration successful for camcorder with handle:2
04-29 10:42:01.589  3763  3894 I QCamera : <HAL><INFO> openCamera: 1037: [KPI Perf]: X PROFILE_OPEN_CAMERA camera id 0, rc: 0
04-29 10:42:01.591  3763  3894 I QCamera : <HAL><INFO> initialize: 1298: E :mCameraId = 0 mState = 1
04-29 10:42:01.592  3763  3763 W HwBinder:3763_2: type=1400 audit(0.0:1825): avc: denied { read } for name="u:object_r:default_prop:s0" dev="tmpfs" ino=13466 scontext=u:r:hal_camera_default:s0 tcontext=u:object_r:default_prop:s0 tclass=file permissive=0
04-29 10:42:01.595  3763  3763 W HwBinder:3763_2: type=1400 audit(0.0:1826): avc: denied { read } for name="u:object_r:default_prop:s0" dev="tmpfs" ino=13466 scontext=u:r:hal_camera_default:s0 tcontext=u:object_r:default_prop:s0 tclass=file permissive=0
04-29 10:42:01.595  3763  3894 I QCamera : <HAL><INFO> initialize: 1324: X
04-29 10:42:01.595  3763  3894 E libc    : Access denied finding property "ro.camera.req.fmq.size"
04-29 10:42:01.596  3763  3894 E libc    : Access denied finding property "ro.camera.res.fmq.size"
04-29 10:42:01.603   596   663 I ThermalEngine: Thermal-Server: Adding thermal event listener on fd 31
04-29 10:42:01.603   596   663 D ThermalEngine: bw_client_hal_callback: received 0x1 value from client:camera_bw
04-29 10:42:01.603  3763  3922 I Thermal-Lib: Thermal-Lib-Client: Client received msg camera 0
04-29 10:42:01.603  3763  3922 I Thermal-Lib: Thermal-Lib-Client: Client received msg camcorder 0
04-29 10:42:01.606   614   935 W CameraProviderManager: addProviderLocked: Camera provider HAL with name 'legacy/0' already registered
04-29 10:42:01.634  3684  3684 I CAM_FocusRingView: Computing center via view bounds.
04-29 10:42:01.643   338   338 I hwservicemanager: getTransport: Cannot find entry android.hardware.graphics.mapper@3.0::IMapper/default in either framework or device manifest.
04-29 10:42:01.644  3684  3709 W Gralloc3: mapper 3.x is not supported
04-29 10:42:01.645  3684  3726 I CAM_OneCamCreator: Camera support level: ZSL
04-29 10:42:01.686  3684  3709 I OpenGLRenderer: Davey! duration=2388ms; Flags=1, IntendedVsync=1851179851875, Vsync=1851179851875, OldestInputEvent=9223372036854775807, NewestInputEvent=0, HandleInputStart=1851180691648, AnimationStart=1851180769877, PerformTraversalsStart=1851180777898, DrawStart=1851378709116, SyncQueued=1853522097819, SyncStart=1853523355632, IssueDrawCommandsStart=1853523824382, SwapBuffers=1853565746417, FrameCompleted=1853569623553, DequeueBufferDuration=630000, QueueBufferDuration=1267000, 
04-29 10:42:01.703  3684  3684 I Choreographer: Skipped 142 frames!  The application may be doing too much work on its main thread.
04-29 10:42:01.733  3684  3709 I OpenGLRenderer: Davey! duration=2402ms; Flags=0, IntendedVsync=1851213267885, Vsync=1853579934457, OldestInputEvent=9223372036854775807, NewestInputEvent=0, HandleInputStart=1853587301471, AnimationStart=1853587353815, PerformTraversalsStart=1853587747617, DrawStart=1853588775898, SyncQueued=1853588790794, SyncStart=1853589258763, IssueDrawCommandsStart=1853589665638, SwapBuffers=1853593406836, FrameCompleted=1853616621787, DequeueBufferDuration=267000, QueueBufferDuration=22496000, 
04-29 10:42:01.757   998  1434 D ActivityTrigger: ActivityTrigger activityStopTrigger 
04-29 10:42:01.795  3684  3726 I CAM_OneCamCreator: Picture Size Configuration: PictureSizeCalculator.Configuration{native size=2592x1944, crop=Rect(0, 0 - 2592, 1944)}
04-29 10:42:01.822   338   338 I hwservicemanager: getTransport: Cannot find entry vendor.qti.hardware.iop@2.0::IIop/default in either framework or device manifest.
04-29 10:42:01.823   998  1258 I ActivityTaskManager: Displayed com.android.camera2/com.android.camera.CaptureActivity: +3s740ms
04-29 10:42:01.824   338   338 I hwservicemanager: getTransport: Cannot find entry vendor.qti.hardware.iop@2.0::IIop/default in either framework or device manifest.
04-29 10:42:01.847  3684  3726 D CAM_StateMachine: Process event : com.android.camera.captureintent.event.EventOnOpenCameraSucceeded@c35b7ce
04-29 10:42:01.850  3684  3726 D CAM_StateMachine: Change state : com.android.camera.captureintent.state.StateOpeningCamera@a53fb2a => com.android.camera.captureintent.state.StateStartingPreview@b906485
04-29 10:42:01.872   614  1445 W CameraDeviceClient: createSurfaceFromGbp: Camera 0 with consumer usage flag: 256: Forcing asynchronous mode for stream
04-29 10:42:01.873   614  1445 W CameraDeviceClient: createSurfaceFromGbp: Camera 0: Overriding format 0x1 to IMPLEMENTATION_DEFINED
04-29 10:42:01.879   501   501 E ANDR-PERF-TARGET: Error: Invalid logical cluster id 1
04-29 10:42:01.879   501   501 E ANDR-PERF-REQUEST: Translate to physical failed
04-29 10:42:01.879   501   501 E ANDR-PERF-TARGET: Error: Invalid logical cluster id 1
04-29 10:42:01.879   501   501 E ANDR-PERF-REQUEST: Translate to physical failed
04-29 10:42:01.885  3684  3684 W CAM_ResSurfaceTexture: Do nothing since mPreviewLayoutSize is 0
04-29 10:42:01.895  3763  3924 I QCamera : <HAL><INFO> configureStreamsPerfLocked: 2396: stream[0] type = 0, format = 35, width = 2592, height = 1944, rotation = 0, usage = 0x3
04-29 10:42:01.896  3763  3924 I QCamera : <HAL><INFO> configureStreamsPerfLocked: 2396: stream[1] type = 0, format = 34, width = 640, height = 480, rotation = 0, usage = 0x100
04-29 10:42:01.899  3763  3896 I mm-camera: <MCT   >< INFO> 4195: mct_pipeline_process_set: command=800000a
04-29 10:42:01.901  3763  3896 I mm-camera: <MCT   >< INFO> 4195: mct_pipeline_process_set: command=8000018
04-29 10:42:01.901  3763  3896 I mm-camera: <MCT   >< INFO> 626: mct_stream_start_link: Link Metadata stream 0x10001: do nothing
04-29 10:42:01.901  3763  3896 I mm-camera: <MCT   >< INFO> 4293: mct_pipeline_process_set: Linking successful for stream 0x10001 stream type=7
04-29 10:42:01.901  3763  3896 I mm-camera: <MCT   >< INFO> 4195: mct_pipeline_process_set: command=8000004
04-29 10:42:01.916   614  1445 D Camera3-Device: Set real time priority for request queue thread (tid 3926)
04-29 10:42:01.935  3684  3726 I CAM_OneCamCharImpl: Unknown higher hardware level mapped to FULL: 3
04-29 10:42:01.935  3684  3726 I CAM_OneCamCharImpl: Unknown higher hardware level mapped to FULL: 3
04-29 10:42:01.949  3684  3934 D CAM_CommandExecutor: Executing command: com.android.camera.one.v2.commands.ZslPreviewCommand@f4b763a START
04-29 10:42:01.949  3684  3726 D CAM_StateMachine: Process event : com.android.camera.captureintent.event.EventOnStartPreviewSucceeded@c0332eb
04-29 10:42:01.950  3763  3924 E CamComm1.0-MD: Mismatched tag type when updating entry enable (-2146762752) of type byte; got type int32 data instead 
04-29 10:42:01.950  3763  3924 E CamComm1.0-MD: Mismatched tag type when updating entry is_main (-2146762751) of type byte; got type int32 data instead 
04-29 10:42:01.961   338   338 I hwservicemanager: getTransport: Cannot find entry android.hardware.graphics.allocator@3.0::IAllocator/default in either framework or device manifest.
04-29 10:42:01.962  3684  3706 W Gralloc3: allocator 3.x is not supported
04-29 10:42:01.975  3684  3726 D CAM_StateMachine: Change state : com.android.camera.captureintent.state.StateStartingPreview@b906485 => com.android.camera.captureintent.state.StateReadyForCapture@1cee28e
04-29 10:42:01.978  3684  3684 W CAM_IndicatorIconCtrlr: Trying to sync a pano indicator that is not initialized.
04-29 10:42:01.981   338   338 I hwservicemanager: getTransport: Cannot find entry android.hardware.graphics.mapper@3.0::IMapper/default in either framework or device manifest.
04-29 10:42:01.981   614  3926 W Gralloc3: mapper 3.x is not supported
04-29 10:42:01.983  3684  3934 D CAM_CommandExecutor: Executing command: com.android.camera.one.v2.commands.ZslPreviewCommand@f4b763a END
04-29 10:42:01.984   676   944 I MMParserExtractor: Created(0xa8f68540)
04-29 10:42:02.007  3684  3940 I OMXClient: IOmx service obtained
04-29 10:42:02.008   685  1549 I OMXMaster: makeComponentInstance(OMX.google.vorbis.decoder) in android.hardwar process
04-29 10:42:02.019   685  1549 E OMXNodeInstance: getConfig(0xa781b4a0:google.vorbis.decoder, ConfigAndroidVendorExtension(0x6f100004)) ERROR: Undefined(0x80001001)
04-29 10:42:02.020  3684  3940 W ExtendedACodec: Failed to get extension for extradata parameter
04-29 10:42:02.057   338   338 I hwservicemanager: getTransport: Cannot find entry android.hardware.graphics.mapper@3.0::IMapper/default in either framework or device manifest.
04-29 10:42:02.057   676   944 D MediaBufferGroup: creating MemoryDealer
04-29 10:42:02.066   501   501 E ANDR-PERF-TARGET: Error: Invalid logical cluster id 1
04-29 10:42:02.066   501   501 E ANDR-PERF-REQUEST: Translate to physical failed
04-29 10:42:02.067   501   501 E ANDR-PERF-TARGET: Error: Invalid logical cluster id 1
04-29 10:42:02.067   501   501 E ANDR-PERF-REQUEST: Translate to physical failed
04-29 10:42:02.074  3763  3924 I QCamera : <HAL><INFO> processCaptureRequest: 7341: STREAM INFO 0: type 5, wxh: 2592 x 1944, pp_mask: 0x0, Format:0 is_type: 0 sync_type 0
04-29 10:42:02.074  3763  3924 I QCamera : <HAL><INFO> processCaptureRequest: 7341: STREAM INFO 0: type 1, wxh: 640 x 480, pp_mask: 0x10100068e, Format:0 is_type: 0 sync_type 0
04-29 10:42:02.074  3763  3924 I QCamera : <HAL><INFO> processCaptureRequest: 7341: STREAM INFO 0: type 11, wxh: 640 x 480, pp_mask: 0x100068e, Format:0 is_type: 0 sync_type 0
04-29 10:42:02.075  3763  3896 I mm-camera: <IFACE >< INFO> 6274: iface_util_set_dis_enable_flag: iface_util_set_dis_enable_flag:6274 DIS enable flag = 0
04-29 10:42:02.075  3763  3896 I mm-camera: <SENSOR>< INFO> 4239: sensor_get_resolution_info: sensor info: name: ov5675, res: -1, max_fps: 0.000000, w: 0, h: 0 op pix clk: 0, FLL: 0, LLPCK: 0, mode: 0, PDAF support: 0
04-29 10:42:02.076  3763  3896 I mm-camera: <C2D   >< INFO> 1970: c2d_module_handle_set_parm_event: META_STREAM_INFO type = 5 w x h : 2592 x 1944 pp_mask = 0x0
04-29 10:42:02.076  3763  3896 I mm-camera: <C2D   >< INFO> 1970: c2d_module_handle_set_parm_event: META_STREAM_INFO type = 1 w x h : 640 x 480 pp_mask = 0x100068e
04-29 10:42:02.076  3763  3896 I mm-camera: <C2D   >< INFO> 1970: c2d_module_handle_set_parm_event: META_STREAM_INFO type = 11 w x h : 640 x 480 pp_mask = 0x100068e
04-29 10:42:02.076  3763  3896 I mm-camera: <ISP   >< INFO> 7155: isp_util_print_meta_stream_info: Stream type 5 Resolution: 2592x1944 pp_mask: 0x0
04-29 10:42:02.076  3763  3896 I mm-camera: <ISP   >< INFO> 7155: isp_util_print_meta_stream_info: Stream type 1 Resolution: 640x480 pp_mask: 0x100068e
04-29 10:42:02.076  3763  3896 I mm-camera: <ISP   >< INFO> 7155: isp_util_print_meta_stream_info: Stream type 11 Resolution: 640x480 pp_mask: 0x100068e
04-29 10:42:02.077  3763  3896 I mm-camera: <ISP   >< INFO> 1179: isp_resource_reserve_isp: Allocate num_isp 1 for session 1 request_dual_isp 0
04-29 10:42:02.079  3763  3896 I mm-camera: <ISP   >< INFO> 2654: isp_resource_allocate: INFO: ISP resource acquired: session 1 num_isp 1
04-29 10:42:02.079  3763  3896 I mm-camera: <ISP   >< INFO> 2656: isp_resource_allocate: INFO: ISP resource acquired: hw_id 1
04-29 10:42:02.079  3763  3896 I mm-camera: <ISP   >< INFO> 7001: isp_util_decide_stream_mapping: stream_port_map num streams 3
04-29 10:42:02.079  3763  3896 I mm-camera: <ISP   >< INFO> 7015: isp_util_decide_stream_mapping: INFO: type 5 resolution 2592x1944 hw_stream 1 need_native_buff 0 controllable_output 1 shared_output 0is_changed 0 changed_dim 2592x1944
04-29 10:42:02.079  3763  3896 I mm-camera: <ISP   >< INFO> 7015: isp_util_decide_stream_mapping: INFO: type 1 resolution 640x480 hw_stream 0 need_native_buff 1 controllable_output 0 shared_output 0is_changed 0 changed_dim 640x480
04-29 10:42:02.079  3763  3896 I mm-camera: <ISP   >< INFO> 7015: isp_util_decide_stream_mapping: INFO: type 11 resolution 640x480 hw_stream 0 need_native_buff 1 controllable_output 0 shared_output 0is_changed 0 changed_dim 640x480
04-29 10:42:02.079  3763  3896 I mm-camera: <ISP   >< INFO> 7626: isp_util_handle_stream_info: INFO: set VFE 1 in secure mode value 10200
04-29 10:42:02.082  3763  3896 I mm-camera: <IFACE >< INFO> 6384: iface_util_handle_meta_stream_info: iface_util_handle_meta_stream_info: ms_type 0 num streams 3
04-29 10:42:02.083  3763  3896 W mm-camera: <IFACE >< WARN> 2857: iface_util_modify_plane_info_for_native_buf: iface_util_modify_plane_info_for_native_buf: Invalid cam_format -2088533117
04-29 10:42:02.083  3763  3896 W mm-camera: <IFACE >< WARN> 2892: iface_util_calculate_frame_length_for_native_buf: iface_util_calculate_frame_length_for_native_buf: returned fail=-1
04-29 10:42:02.083  3763  3896 W mm-camera: <IFACE >< WARN> 2857: iface_util_modify_plane_info_for_native_buf: iface_util_modify_plane_info_for_native_buf: Invalid cam_format -2088533117
04-29 10:42:02.083  3763  3896 W mm-camera: <IFACE >< WARN> 2892: iface_util_calculate_frame_length_for_native_buf: iface_util_calculate_frame_length_for_native_buf: returned fail=-1
04-29 10:42:02.084  3763  3896 I mm-camera: <MCT   >< INFO> 4195: mct_pipeline_process_set: command=800000a
04-29 10:42:02.085  3763  3896 I mm-camera: <MCT   >< INFO> 4195: mct_pipeline_process_set: command=8000018
04-29 10:42:02.085  3763  3896 I mm-camera: <MCT   >< INFO> 546: mct_stream_start_link: Start linking callback stream 0x10002
04-29 10:42:02.085  3763  3896 I mm-camera: <IFACE >< INFO> 344: iface_util_find_primary_cid: iface_util_find_primary_cid:344 error cannot find primary sensor format cids 1
04-29 10:42:02.085  3763  3896 I mm-camera: <IFACE >< INFO> 344: iface_util_find_primary_cid: iface_util_find_primary_cid:344 error cannot find primary sensor format cids 1
04-29 10:42:02.086  3763  3896 I mm-camera: <ISP   >< INFO> 851: isp_port_check_caps_reserve: port 0xb350dbc0 ide 10002 type 5 dim 2592 1944
04-29 10:42:02.087  3763  3896 I mm-camera: <MCT   >< INFO> 4293: mct_pipeline_process_set: Linking successful for stream 0x10002 stream type=5
04-29 10:42:02.087  3763  3896 I mm-camera: <MCT   >< INFO> 4195: mct_pipeline_process_set: command=8000004
04-29 10:42:02.094   494   532 W SDM     : HWPrimary::PopulateDisplayAttributes: Driver doesn't report panel physical width and height - defaulting to 320dpi
04-29 10:42:02.104  3763  3896 I mm-camera: <MCT   >< INFO> 4195: mct_pipeline_process_set: command=800000a
04-29 10:42:02.106  3763  3896 I mm-camera: <MCT   >< INFO> 4195: mct_pipeline_process_set: command=8000018
04-29 10:42:02.106  3763  3896 I mm-camera: <MCT   >< INFO> 501: mct_stream_start_link: Start linking preview stream 0x10003
04-29 10:42:02.106  3763  3896 I mm-camera: <MCT   >< INFO> 512: mct_stream_start_link: non secure stream linking
04-29 10:42:02.106  3763  3896 I mm-camera: <IFACE >< INFO> 344: iface_util_find_primary_cid: iface_util_find_primary_cid:344 error cannot find primary sensor format cids 1
04-29 10:42:02.106  3763  3896 I mm-camera: <IFACE >< INFO> 344: iface_util_find_primary_cid: iface_util_find_primary_cid:344 error cannot find primary sensor format cids 1
04-29 10:42:02.106  3763  3896 I mm-camera: <ISP   >< INFO> 851: isp_port_check_caps_reserve: port 0xb350dbc0 ide 10003 type 1 dim 640 480
04-29 10:42:02.108  3763  3896 I mm-camera: <PPROC >< INFO> 449: pproc_port_add_modules_to_stream: in identity 10003 stream 1 int_link = 0xb30f25c0
04-29 10:42:02.108  3763  3896 I mm-camera: <PPROC >< INFO> 461: pproc_port_add_modules_to_stream: :LINK linking mods tmod and paaf for identity 10003
04-29 10:42:02.109  3763  3896 I mm-camera: <PPROC >< INFO> 461: pproc_port_add_modules_to_stream: :LINK linking mods paaf and cpp for identity 10003
04-29 10:42:02.109  3763  3896 I mm-camera: <CPP   >< INFO> 3712: cpp_module_util_update_dim: offset_x 0, offset_y 0, offset 0, meta_len 0,meta_scanline 0, meta_stride 0, plane_len 307200
04-29 10:42:02.109  3763  3896 I mm-camera: <CPP   >< INFO> 3712: cpp_module_util_update_dim: offset_x 0, offset_y 0, offset 0, meta_len 0,meta_scanline 0, meta_stride 0, plane_len 176128
04-29 10:42:02.109  3763  3896 I mm-camera: <CPP   >< INFO> 2538: cpp_module_notify_add_stream: :stream 1, width 640, height 480, stride 640,scanline 480, framelen 483328
04-29 10:42:02.109  3763  3896 I mm-camera: <CPP   >< INFO> 2695: cpp_module_notify_add_stream: : stream 1, fmt 7, asf_mode 0, sharpness_level 0.333333,asf mask 1, denoise 0, denoise_mask 1, dsdn mask 0,dsdn enable 0, tnr mask 0, tnr enable 0, ds_mask 1, luma dsdn 0
04-29 10:42:02.110  3763  3896 W mm-camera: <IMGLIB>< WARN> 5728: faceproc_hw_comp_create: Library not loaded, handle=0x0, p_ops=0xadb1a84c
04-29 10:42:02.110  3763  3896 W mm-camera: <IMGLIB>< WARN> 3898: module_faceproc_comp_create: create comp failed, eng_type=0
04-29 10:42:02.110  3763  3896 W mm-camera: <IMGLIB>< WARN> 1060: faceproc_dsp_comp_create: fddsp stub library not loaded
04-29 10:42:02.110  3763  3896 W mm-camera: <IMGLIB>< WARN> 3898: module_faceproc_comp_create: create comp failed, eng_type=1
04-29 10:42:02.110  3763  3896 I mm-camera: <MCT   >< INFO> 4293: mct_pipeline_process_set: Linking successful for stream 0x10003 stream type=1
04-29 10:42:02.110  3763  3896 I mm-camera: <MCT   >< INFO> 4195: mct_pipeline_process_set: command=8000004
04-29 10:42:02.111  3763  3896 I mm-camera: <MCT   >< INFO> 4195: mct_pipeline_process_set: command=800000a
04-29 10:42:02.112  3763  3896 I mm-camera: <MCT   >< INFO> 4195: mct_pipeline_process_set: command=8000018
04-29 10:42:02.112  3763  3896 I mm-camera: <MCT   >< INFO> 612: mct_stream_start_link: Starting Analysis stream linking
04-29 10:42:02.112  3763  3896 I mm-camera: <IFACE >< INFO> 344: iface_util_find_primary_cid: iface_util_find_primary_cid:344 error cannot find primary sensor format cids 1
04-29 10:42:02.113  3763  3896 I mm-camera: <IFACE >< INFO> 344: iface_util_find_primary_cid: iface_util_find_primary_cid:344 error cannot find primary sensor format cids 1
04-29 10:42:02.113  3763  3896 I mm-camera: <ISP   >< INFO> 851: isp_port_check_caps_reserve: port 0xb350dbc0 ide 10004 type 11 dim 640 480
04-29 10:42:02.114  3763  3896 I mm-camera: <PPROC >< INFO> 449: pproc_port_add_modules_to_stream: in identity 10004 stream 11 int_link = 0xb30f25c0
04-29 10:42:02.115  3763  3896 I mm-camera: <MCT   >< INFO> 4293: mct_pipeline_process_set: Linking successful for stream 0x10004 stream type=11
04-29 10:42:02.115  3763  3896 I mm-camera: <MCT   >< INFO> 4195: mct_pipeline_process_set: command=8000004
04-29 10:42:02.115  3763  3896 I mm-camera: <MCT   >< INFO> 4195: mct_pipeline_process_set: command=8000019
04-29 10:42:02.116  3763  3896 I chatty  : uid=1047(cameraserver) CAM_MctServ_1 identical 1 line
04-29 10:42:02.117  3763  3896 I mm-camera: <MCT   >< INFO> 4195: mct_pipeline_process_set: command=8000019
04-29 10:42:02.200   676  1582 I MMParserExtractor: Created(0xa8f68540)
04-29 10:42:02.202  3763  3896 I mm-camera: <MCT   >< INFO> 4195: mct_pipeline_process_set: command=8000008
04-29 10:42:02.203  3763  3896 I mm-camera: <MCT   >< INFO> 4358: mct_pipeline_process_set:  STREAM-ON on stream 0x10001 stream type=7
04-29 10:42:02.203  3763  3896 I mm-camera: <MCT   >< INFO> 4375: mct_pipeline_process_set:  STREAM-ON success for stream 0x10001, stream type=7
04-29 10:42:02.203  3763  3896 I mm-camera: <MCT   >< INFO> 4195: mct_pipeline_process_set: command=8000008
04-29 10:42:02.203  3763  3896 I mm-camera: <MCT   >< INFO> 4358: mct_pipeline_process_set:  STREAM-ON on stream 0x10002 stream type=5
04-29 10:42:02.205  3763  3896 I mm-camera: <SENSOR>< INFO> 4239: sensor_get_resolution_info: sensor info: name: ov5675, res: 0, max_fps: 30.000000, w: 2592, h: 1944 op pix clk: 180000000, FLL: 2000, LLPCK: 750, mode: 1, PDAF support: 0
04-29 10:42:02.209  3763  3896 E mm-camera: <STATS_AF ><ERROR> 3494: af_port_handle_sensor_update: Depth_Err: actuator sensitivity: 0.000000 is invalid
04-29 10:42:02.210  3763  3912 I mm-camera: <STATS_AEC >< INFO> 2715: aec_set_param: SHDR LIMITS:0 0 (0 0) (0 0)
04-29 10:42:02.210  3763  3896 I mm-camera: <CPP   >< INFO> 2395: cpp_module_handle_stream_cfg_event: frame_offset=3, input_fps=30.00, identity=0x1000f
04-29 10:42:02.210  3763  3896 I mm-camera: <CPP   >< INFO> 2395: cpp_module_handle_stream_cfg_event: frame_offset=3, input_fps=30.00, identity=0x10003
04-29 10:42:02.210  3763  3785 D QCameraQuadraCfa: img_algo_preload:126 : E
04-29 10:42:02.210  3763  3785 D QCameraQuadraCfa: PresetConfig:498 : E
04-29 10:42:02.210  3763  3785 D QCameraQuadraCfa: PresetConfig:502 : custom_cal_data  0
04-29 10:42:02.210  3763  3785 D QCameraQuadraCfa: PresetConfig:503 : full_height  798
04-29 10:42:02.210  3763  3785 D QCameraQuadraCfa: PresetConfig:504 : full_width  a20
04-29 10:42:02.210  3763  3785 D QCameraQuadraCfa: PresetConfig:505 : filter_arrangement  0
04-29 10:42:02.210  3763  3785 D QCameraQuadraCfa: PresetConfig:506 : pedestal  40
04-29 10:42:02.210  3763  3785 E quadracfa_dummy: inside dummy remosaic_init 1
04-29 10:42:02.210  3763  3785 E quadracfa_dummy: inside dummy remosaic_gainmap_gen 1
04-29 10:42:02.210  3763  3785 D QCameraQuadraCfa: PresetConfig:520 : X
04-29 10:42:02.210  3763  3785 D QCameraQuadraCfa: img_algo_preload:128 : X
04-29 10:42:02.214  3763  3912 E mm-camera: <STATS_AEC ><ERROR> 579: aec_led_cal_apply_calibration: Calibrate data size 0 not expected with tuning size: 0
04-29 10:42:02.217  3763  3913 E mm-camera: <STATS_AF ><ERROR> 596: af_haf_default_mixer_active_algo_selection: ERROR! Unable to find active mixer algo !! 
04-29 10:42:02.222  3763  3896 E mm-camera: <IFACE ><ERROR> 2269: iface_util_set_chromatix: iface_util_set_chromatix:2269 failed: iface_hvx_open rc 0
04-29 10:42:02.222  3763  3896 I mm-camera: <IFACE >< INFO> 429: iface_util_dump_sensor_cfg: iface_util_dump_sensor_cfg: sensor dim: width = 2592, heght = 1944, fmt = 31, is_bayer = 1, init_skip = 2
04-29 10:42:02.229  3763  3896 I mm-camera: <IFACE >< INFO> 3642: iface_util_dump_isp_resource_request:  =====DUMP RESOURCE: PIX STREAM=== 
04-29 10:42:02.229  3763  3896 I mm-camera: <IFACE >< INFO> 3643: iface_util_dump_isp_resource_request: num pix stream = 2
04-29 10:42:02.229  3763  3896 I mm-camera: <IFACE >< INFO> 3646: iface_util_dump_isp_resource_request: num_isp = 1, isp_mask = 2, request_op_pix_clk = 0
04-29 10:42:02.229  3763  3896 I mm-camera: <IFACE >< INFO> 3650: iface_util_dump_isp_resource_request: ispif stripe info: split 0, overlap 0, stripe offset 0
04-29 10:42:02.229  3763  3896 I mm-camera: <IFACE >< INFO> 3653: iface_util_dump_isp_resource_request: pix stream 0
04-29 10:42:02.230  3763  3896 I mm-camera: <IFACE >< INFO> 3656: iface_util_dump_isp_resource_request: num mct stream mapped = 2(Mapped stream ID[0] = 3)
04-29 10:42:02.230  3763  3896 I mm-camera: <IFACE >< INFO> 3659: iface_util_dump_isp_resource_request: axi path = 1(ENC-0/VIEW-1/CAMIF-2/IDEAL-3), cam_fmt 7
04-29 10:42:02.230  3763  3896 I mm-camera: <IFACE >< INFO> 3653: iface_util_dump_isp_resource_request: pix stream 1
04-29 10:42:02.230  3763  3896 I mm-camera: <IFACE >< INFO> 3656: iface_util_dump_isp_resource_request: num mct stream mapped = 1(Mapped stream ID[0] = 2)
04-29 10:42:02.230  3763  3896 I mm-camera: <IFACE >< INFO> 3659: iface_util_dump_isp_resource_request: axi path = 0(ENC-0/VIEW-1/CAMIF-2/IDEAL-3), cam_fmt 2
04-29 10:42:02.230  3763  3896 I mm-camera: <IFACE >< INFO> 3681: iface_util_dump_isp_resource_request: num STATS stream = 5
04-29 10:42:02.230  3763  3896 I mm-camera: <CPP   >< INFO> 3712: cpp_module_util_update_dim: offset_x 0, offset_y 0, offset 0, meta_len 0,meta_scanline 0, meta_stride 0, plane_len 307200
04-29 10:42:02.230  3763  3896 I mm-camera: <CPP   >< INFO> 3712: cpp_module_util_update_dim: offset_x 0, offset_y 0, offset 0, meta_len 0,meta_scanline 0, meta_stride 0, plane_len 153600
04-29 10:42:02.230  3763  3896 I mm-camera: <CPP   >< INFO> 1110: cpp_module_handle_isp_out_dim_event: [STREAM_PARAMS]  stream type 1, width 640, height 480,stride 640, scanline 480, planes 2
04-29 10:42:02.233  3763  3896 I mm-camera: <IFACE >< INFO> 4082: iface_create_axi: iface_create_axi:4082: Create axi hw for session 1 on VFE 1
04-29 10:42:02.237  3684  3955 I OMXClient: IOmx service obtained
04-29 10:42:02.238   685  1549 I OMXMaster: makeComponentInstance(OMX.google.vorbis.decoder) in android.hardwar process
04-29 10:42:02.242   685  1549 E OMXNodeInstance: getConfig(0xa781b380:google.vorbis.decoder, ConfigAndroidVendorExtension(0x6f100004)) ERROR: Undefined(0x80001001)
04-29 10:42:02.243  3763  3896 I mm-camera: <IFACE >< INFO> 9665: iface_util_dump_camif_cfg: =====Camif DUMP cfg for PIX interface====
04-29 10:42:02.243  3763  3896 I mm-camera: <IFACE >< INFO> 9667: iface_util_dump_camif_cfg: camif input type = 3(MIPI=3), op_pix_clk = 184444444
04-29 10:42:02.243  3763  3896 I mm-camera: <IFACE >< INFO> 9669: iface_util_dump_camif_cfg: camif pix_pattern(RGRG-0/GRGR-1/BGBG-2/GBGB-3) = 2
04-29 10:42:02.243  3763  3896 I mm-camera: <IFACE >< INFO> 9671: iface_util_dump_camif_cfg: camif first_pix = 0, last_pix = 2591
04-29 10:42:02.243  3763  3896 I mm-camera: <IFACE >< INFO> 9673: iface_util_dump_camif_cfg: camif first_line = 0, last_line = 1943
04-29 10:42:02.243  3763  3896 I mm-camera: <IFACE >< INFO> 9675: iface_util_dump_camif_cfg: camif pixels_per_line = 2592, lines_per_frame = 1944
04-29 10:42:02.243  3763  3896 I mm-camera: <IFACE >< INFO> 9679: iface_util_dump_camif_cfg: camif irq subsample pattern = 0, period = 0 sof_step 1
04-29 10:42:02.244  3763  3957 I mm-camera: <IFACE >< INFO> 570: iface_dump_axi_plane_config: === AXI DUMP: VFE session_id 1, hw_stream_id 10003 ===
04-29 10:42:02.244  3763  3957 I mm-camera: <IFACE >< INFO> 574: iface_dump_axi_plane_config:     AXI DUMP Axi_src: VIEWFINDER hw_stream width 640, height 480
04-29 10:42:02.244  3763  3957 I mm-camera: <IFACE >< INFO> 576: iface_dump_axi_plane_config: need buf divert = 1, burst count = 0
04-29 10:42:02.244  3763  3957 I mm-camera: <IFACE >< INFO> 579: iface_dump_axi_plane_config: hfr mode = 0, skip pattern = 0, init_frame_drop = 2
04-29 10:42:02.244  3763  3957 I mm-camera: <IFACE >< INFO> 612: iface_dump_axi_plane_config: plane[0]: plane_fmt 0(Y-0/CB-1/Cr-2/CrCb-3/CbCr-4)
04-29 10:42:02.244  3763  3957 I mm-camera: <IFACE >< INFO> 614: iface_dump_axi_plane_config: plane[0]: width = 640, height = 480
04-29 10:42:02.244  3684  3955 W ExtendedACodec: Failed to get extension for extradata parameter
04-29 10:42:02.244  3763  3957 I mm-camera: <IFACE >< INFO> 616: iface_dump_axi_plane_config: plane[0]: stride = 640, scanlines = 480
04-29 10:42:02.244  3763  3957 I mm-camera: <IFACE >< INFO> 618: iface_dump_axi_plane_config: plane[0]: address_offset 0
04-29 10:42:02.244  3763  3957 I mm-camera: <IFACE >< INFO> 612: iface_dump_axi_plane_config: plane[1]: plane_fmt 4(Y-0/CB-1/Cr-2/CrCb-3/CbCr-4)
04-29 10:42:02.244  3763  3957 I mm-camera: <IFACE >< INFO> 614: iface_dump_axi_plane_config: plane[1]: width = 640, height = 240
04-29 10:42:02.244  3763  3957 I mm-camera: <IFACE >< INFO> 616: iface_dump_axi_plane_config: plane[1]: stride = 640, scanlines = 240
04-29 10:42:02.244  3763  3957 I mm-camera: <IFACE >< INFO> 618: iface_dump_axi_plane_config: plane[1]: address_offset 0
04-29 10:42:02.244  3763  3957 I mm-camera: <IFACE >< INFO> 570: iface_dump_axi_plane_config: === AXI DUMP: VFE session_id 1, hw_stream_id 2 ===
04-29 10:42:02.244  3763  3957 I mm-camera: <IFACE >< INFO> 574: iface_dump_axi_plane_config:     AXI DUMP Axi_src: ENCODER hw_stream width 2592, height 1944
04-29 10:42:02.244  3763  3957 I mm-camera: <IFACE >< INFO> 576: iface_dump_axi_plane_config: need buf divert = 0, burst count = 0
04-29 10:42:02.244  3763  3957 I mm-camera: <IFACE >< INFO> 579: iface_dump_axi_plane_config: hfr mode = 0, skip pattern = 0, init_frame_drop = 2
04-29 10:42:02.244  3763  3957 I mm-camera: <IFACE >< INFO> 612: iface_dump_axi_plane_config: plane[0]: plane_fmt 0(Y-0/CB-1/Cr-2/CrCb-3/CbCr-4)
04-29 10:42:02.244  3763  3957 I mm-camera: <IFACE >< INFO> 614: iface_dump_axi_plane_config: plane[0]: width = 2592, height = 1944
04-29 10:42:02.244  3763  3957 I mm-camera: <IFACE >< INFO> 616: iface_dump_axi_plane_config: plane[0]: stride = 2624, scanlines = 1984
04-29 10:42:02.244  3763  3957 I mm-camera: <IFACE >< INFO> 618: iface_dump_axi_plane_config: plane[0]: address_offset 0
04-29 10:42:02.244  3763  3957 I mm-camera: <IFACE >< INFO> 612: iface_dump_axi_plane_config: plane[1]: plane_fmt 3(Y-0/CB-1/Cr-2/CrCb-3/CbCr-4)
04-29 10:42:02.244  3763  3957 I mm-camera: <IFACE >< INFO> 614: iface_dump_axi_plane_config: plane[1]: width = 2592, height = 972
04-29 10:42:02.244  3763  3957 I mm-camera: <IFACE >< INFO> 616: iface_dump_axi_plane_config: plane[1]: stride = 2624, scanlines = 992
04-29 10:42:02.244  3763  3957 I mm-camera: <IFACE >< INFO> 618: iface_dump_axi_plane_config: plane[1]: address_offset 0
04-29 10:42:02.255  3763  3896 I mm-camera: <IFACE >< INFO> 1781: iface_streamon_to_thread: iface_streamon_to_thread: E, session id = 1, user stream id = 2
04-29 10:42:02.255  3763  3902 I mm-camera: <IFACE >< INFO> 2128: iface_streamon: E, session_id 1 mct_stream_id = 2
04-29 10:42:02.255  3763  3902 I mm-camera: <IFACE >< INFO> 12246: iface_util_get_user_streams_by_bundle: got No.1 bundled streamon, mct stream id 2total bundled stream num = 3
04-29 10:42:02.262  3763  3896 I mm-camera: <ISP   >< INFO> 192: mesh_rolloff40_normalize_table: full 2592 1944 out 2592 1944 offset 0 0 scale 1
04-29 10:42:02.270  3763  3914 I mm-camera: <ISP   >< INFO> 90: rs_stats44_stats_config_update: warning: max_support_h_rgn invalid 8
04-29 10:42:02.270  3763  3896 I mm-camera: <IFACE >< INFO> 1810: iface_streamon_to_thread: iface_streamon_to_thread: X, session id = 1, user stream id = 2
04-29 10:42:02.271   676  1582 D MediaBufferGroup: creating MemoryDealer
04-29 10:42:02.274  3763  3896 I mm-camera: <MCT   >< INFO> 156: start_sof_check_thread: Starting SOF timeout thread session id =1
04-29 10:42:02.274  3763  3896 I mm-camera: <MCT   >< INFO> 4375: mct_pipeline_process_set:  STREAM-ON success for stream 0x10002, stream type=5
04-29 10:42:02.275  3763  3896 I mm-camera: <MCT   >< INFO> 4195: mct_pipeline_process_set: command=8000008
04-29 10:42:02.275  3763  3896 I mm-camera: <MCT   >< INFO> 4358: mct_pipeline_process_set:  STREAM-ON on stream 0x10003 stream type=1
04-29 10:42:02.275  3763  3896 I mm-camera: <IFACE >< INFO> 1781: iface_streamon_to_thread: iface_streamon_to_thread: E, session id = 1, user stream id = 3
04-29 10:42:02.277  3763  3902 I mm-camera: <IFACE >< INFO> 2128: iface_streamon: E, session_id 1 mct_stream_id = 3
04-29 10:42:02.277  3763  3902 I mm-camera: <IFACE >< INFO> 12246: iface_util_get_user_streams_by_bundle: got No.2 bundled streamon, mct stream id 3total bundled stream num = 3
04-29 10:42:02.278  3763  3914 I mm-camera: <ISP   >< INFO> 90: rs_stats44_stats_config_update: warning: max_support_h_rgn invalid 8
04-29 10:42:02.281  3763  3896 I mm-camera: <CPP   >< INFO> 4746: cpp_module_handle_streamon_event: identity=0x10003, stream-on done
04-29 10:42:02.282  3763  3908 I mm-camera: <CPP   >< INFO> 374: cpp_hardware_set_clock: Set clock 320000000 BW avg 31104000 BW inst 31104000
04-29 10:42:02.282  3763  3896 I mm-camera: <IFACE >< INFO> 1810: iface_streamon_to_thread: iface_streamon_to_thread: X, session id = 1, user stream id = 3
04-29 10:42:02.282  3763  3896 I mm-camera: <MCT   >< INFO> 4375: mct_pipeline_process_set:  STREAM-ON success for stream 0x10003, stream type=1
04-29 10:42:02.282  3763  3896 I mm-camera: <MCT   >< INFO> 4195: mct_pipeline_process_set: command=8000008
04-29 10:42:02.282  3763  3896 I mm-camera: <MCT   >< INFO> 4358: mct_pipeline_process_set:  STREAM-ON on stream 0x10004 stream type=11
04-29 10:42:02.283  3763  3896 I mm-camera: <IFACE >< INFO> 1781: iface_streamon_to_thread: iface_streamon_to_thread: E, session id = 1, user stream id = 4
04-29 10:42:02.283  3763  3902 I mm-camera: <IFACE >< INFO> 2128: iface_streamon: E, session_id 1 mct_stream_id = 4
04-29 10:42:02.283  3763  3902 I mm-camera: <IFACE >< INFO> 12240: iface_util_get_user_streams_by_bundle: streamon, got all bundled streamon!
04-29 10:42:02.285  3763  3914 I mm-camera: <ISP   >< INFO> 90: rs_stats44_stats_config_update: warning: max_support_h_rgn invalid 8
04-29 10:42:02.298  3763  3896 I mm-camera: <ISP   >< INFO> 451: be_stats44_trigger_update: warning: Denomitor is zero hnum 0 vnum 0
04-29 10:42:02.300  3763  3896 I mm-camera: <ISP   >< INFO> 539: isp_pipeline42_create_module_cfg_mask: invalid module id 42
04-29 10:42:02.300  3763  3896 I mm-camera: <ISP   >< INFO> 539: isp_pipeline42_create_module_cfg_mask: invalid module id 43
04-29 10:42:02.374  3763  3902 I mm-camera: <IFACE >< INFO> 2421: iface_streamon: X
04-29 10:42:02.374  3763  3896 I mm-camera: <IFACE >< INFO> 1810: iface_streamon_to_thread: iface_streamon_to_thread: X, session id = 1, user stream id = 4
04-29 10:42:02.374  3763  3896 I mm-camera: <MCT   >< INFO> 4375: mct_pipeline_process_set:  STREAM-ON success for stream 0x10004, stream type=11
04-29 10:42:02.394  3763  3956 I mm-camera: <ISP   >< INFO> 1403: isp_handler_module_handle_reg_update:  Warning! Invalid reg_update state 0
04-29 10:42:02.395  3763  3956 E mm-camera: <IFACE ><ERROR> 2441: iface_axi_handle_sof_event: Event SOF session 1 VFE1, src 0 with frame_id 1 ts: 1854278730000
04-29 10:42:02.395   676   944 I MMParserExtractor: Created(0xa8f68540)
04-29 10:42:02.427  3684  3970 I OMXClient: IOmx service obtained
04-29 10:42:02.427   685   869 I OMXMaster: makeComponentInstance(OMX.google.vorbis.decoder) in android.hardwar process
04-29 10:42:02.432   685   869 E OMXNodeInstance: getConfig(0xa781b380:google.vorbis.decoder, ConfigAndroidVendorExtension(0x6f100004)) ERROR: Undefined(0x80001001)
04-29 10:42:02.435  3763  3956 E mm-camera: <IFACE ><ERROR> 2441: iface_axi_handle_sof_event: Event SOF session 1 VFE1, src 0 with frame_id 2 ts: 1854318712000
04-29 10:42:02.454  3684  3970 W ExtendedACodec: Failed to get extension for extradata parameter
04-29 10:42:02.475  3763  3956 E mm-camera: <IFACE ><ERROR> 2441: iface_axi_handle_sof_event: Event SOF session 1 VFE1, src 0 with frame_id 3 ts: 1854358697000
04-29 10:42:02.502   676   944 D MediaBufferGroup: creating MemoryDealer
04-29 10:42:02.515  3763  3956 E mm-camera: <IFACE ><ERROR> 2441: iface_axi_handle_sof_event: Event SOF session 1 VFE1, src 0 with frame_id 4 ts: 1854398686000
04-29 10:42:02.516  3763  3904 I mm-camera: <ISP   >< INFO> 230: ihist_stats44_stats_config_validate: warning: Invalid IHIST ROI from 3A 0 0 0 0
04-29 10:42:02.555  3763  3956 E mm-camera: <IFACE ><ERROR> 2441: iface_axi_handle_sof_event: Event SOF session 1 VFE1, src 0 with frame_id 5 ts: 1854438660000
04-29 10:42:02.573   494   532 W SDM     : HWPrimary::PopulateDisplayAttributes: Driver doesn't report panel physical width and height - defaulting to 320dpi
04-29 10:42:02.596  3763  3956 E mm-camera: <IFACE ><ERROR> 2441: iface_axi_handle_sof_event: Event SOF session 1 VFE1, src 0 with frame_id 6 ts: 1854480393000
04-29 10:42:02.646  3763  3956 E mm-camera: <IFACE ><ERROR> 2441: iface_axi_handle_sof_event: Event SOF session 1 VFE1, src 0 with frame_id 7 ts: 1854530462000
04-29 10:42:02.697  3684  3684 D CAM_StateMachine: Process event : com.android.camera.captureintent.event.EventCameraReady@fc82cb
04-29 10:42:02.746  3763  3956 E mm-camera: <IFACE ><ERROR> 2441: iface_axi_handle_sof_event: Event SOF session 1 VFE1, src 0 with frame_id 8 ts: 1854630528000
04-29 10:42:02.846  3763  3956 E mm-camera: <IFACE ><ERROR> 2441: iface_axi_handle_sof_event: Event SOF session 1 VFE1, src 0 with frame_id 9 ts: 1854730593000
04-29 10:42:02.848  3763  3904 I mm-camera: <ISP   >< INFO> 230: ihist_stats44_stats_config_validate: warning: Invalid IHIST ROI from 3A 0 0 0 0
04-29 10:42:02.849  3763  3897 E mm-camera: <IMGLIB><ERROR> 5398: module_faceproc_client_send_info: Both processing and reporting streams are same or it is hal3
04-29 10:42:02.853  3684  3932 I CAM_AutoFlashZslImgFltr: Flash not required
04-29 10:42:02.879  3763  3956 I mm-camera: <IMGLIB>< INFO> 3998: module_faceproc_client_print_config: FD CONFIG : engine=FACEPROC_ENGINE_SW, mode=1, enable_bsgc=0, chromatix id=1, chromatix used = fd_chromatix_detect_qc.h sw_detect=0, enable_upfront=1, sw_detect_enable_upfront=0
04-29 10:42:02.880  3763  3956 I mm-camera: <IMGLIB>< INFO> 4013: module_faceproc_client_print_config: FD CONFIG : min_face_size=38, min_face_size_ratio=0.100000, speed=0, max_fps=15 (0 means max possible), thresholds= 600, 0 0 0, 0 0 0, search_cycles=10 10
04-29 10:42:02.880  3763  3956 I mm-camera: <IMGLIB>< INFO> 4018: module_faceproc_client_print_config: FD CONFIG : Frame width=640, height=480, stride=640, scanline=480
04-29 10:42:02.947  3763  3956 E mm-camera: <IFACE ><ERROR> 2441: iface_axi_handle_sof_event: Event SOF session 1 VFE1, src 0 with frame_id 10 ts: 1854830659000
04-29 10:42:02.950  3763  3897 E mm-camera: <IMGLIB><ERROR> 5398: module_faceproc_client_send_info: Both processing and reporting streams are same or it is hal3
04-29 10:42:02.990  3763  3949 I QTI PowerHAL: Got process_video_encode_hint
04-29 10:42:03.047  3763  3956 E mm-camera: <IFACE ><ERROR> 2441: iface_axi_handle_sof_event: Event SOF session 1 VFE1, src 0 with frame_id 11 ts: 1854930818000
04-29 10:42:03.051  3763  3897 E mm-camera: <IMGLIB><ERROR> 5398: module_faceproc_client_send_info: Both processing and reporting streams are same or it is hal3
04-29 10:42:03.078  3684  3684 D CAM_StateMachine: Process event : com.android.camera.captureintent.event.EventOnSurfaceTextureUpdated@f5fbaa8
04-29 10:42:03.081  3763  3908 I mm-camera: <CPP   >< INFO> 374: cpp_hardware_set_clock: Set clock 133330000 BW avg 31104000 BW inst 31104000
04-29 10:42:03.086   488   549 D audio_hw_primary: out_standby: enter: stream (0xabc4b000) usecase(1: low-latency-playback)
04-29 10:42:03.090  3684  3684 D CameraPerformanceTracker: First preview frame received
04-29 10:42:03.148  3763  3956 E mm-camera: <IFACE ><ERROR> 2441: iface_axi_handle_sof_event: Event SOF session 1 VFE1, src 0 with frame_id 12 ts: 1855030798000
04-29 10:42:03.152  3763  3897 E mm-camera: <IMGLIB><ERROR> 5398: module_faceproc_client_send_info: Both processing and reporting streams are same or it is hal3
04-29 10:42:03.198   488   549 D audio_hw_primary: disable_audio_route: reset and update mixer path: low-latency-playback
04-29 10:42:03.200   488   549 D msm8916_platform: platform_split_snd_device: snd_device(2) num devices(0) new_snd_devices(0)
04-29 10:42:03.200   488   549 I msm8916_platform: platform_get_custom_mtmx_params: no matching param with id 0 ip_ch 2 op_ch 1 uc_id 1 snd_dev 2
04-29 10:42:03.200   488   549 D hardware_info: hw_info_append_hw_type : device_name = speaker
04-29 10:42:03.200   488   549 D audio_hw_primary: disable_snd_device: snd_device(2: speaker)
04-29 10:42:03.201   488   549 D msm8916_platform: platform_split_snd_device: snd_device(2) num devices(0) new_snd_devices(0)
04-29 10:42:03.207  3684  3684 I CAM_FocusRingView: Computing center via view bounds.
04-29 10:42:03.216   488   549 D audio_hw_primary: out_standby: exit
04-29 10:42:03.248  3763  3956 E mm-camera: <IFACE ><ERROR> 2441: iface_axi_handle_sof_event: Event SOF session 1 VFE1, src 0 with frame_id 13 ts: 1855130868000
04-29 10:42:03.251  3763  3897 E mm-camera: <IMGLIB><ERROR> 5398: module_faceproc_client_send_info: Both processing and reporting streams are same or it is hal3
04-29 10:42:03.317   596   639 D ThermalEngine: zone:0 sensor:xo-therm-adc temp:42409 trip:0 event:0
04-29 10:42:03.317   596   651 D ThermalEngine: sensor_monitor: xo-therm-adc Reading 42409 .
04-29 10:42:03.317   596   651 I ThermalEngine: Sensor:xo-therm-adc:42409 mC
04-29 10:42:03.318   596   651 D ThermalEngine: update_active_thresh: xo-therm-adc Active(1), Hi(1) 43000, Lo(1) 39000, desc(0) Interval(1) 2000
04-29 10:42:03.318   596   651 D ThermalEngine: sensor_monitor: xo-therm-adc Sensor wait.
04-29 10:42:03.347  3763  3956 E mm-camera: <IFACE ><ERROR> 2441: iface_axi_handle_sof_event: Event SOF session 1 VFE1, src 0 with frame_id 14 ts: 1855230929000
04-29 10:42:03.352  3763  3897 E mm-camera: <IMGLIB><ERROR> 5398: module_faceproc_client_send_info: Both processing and reporting streams are same or it is hal3
04-29 10:42:03.448  3763  3956 E mm-camera: <IFACE ><ERROR> 2441: iface_axi_handle_sof_event: Event SOF session 1 VFE1, src 0 with frame_id 15 ts: 1855331001000
04-29 10:42:03.451  3763  3897 E mm-camera: <IMGLIB><ERROR> 5398: module_faceproc_client_send_info: Both processing and reporting streams are same or it is hal3
04-29 10:42:03.550  3763  3956 E mm-camera: <IFACE ><ERROR> 2441: iface_axi_handle_sof_event: Event SOF session 1 VFE1, src 0 with frame_id 16 ts: 1855431073000
04-29 10:42:03.553  3763  3897 E mm-camera: <IMGLIB><ERROR> 5398: module_faceproc_client_send_info: Both processing and reporting streams are same or it is hal3
04-29 10:42:03.554   998  1237 W Looper  : Slow dispatch took 127ms android.fg h=android.os.Handler c=com.android.server.-$$Lambda$NetworkManagementService$NetdUnsolicitedEventListener$L7i_Z-ii6zMptHCt2_Igy3iBvKk@545c60c m=0
04-29 10:42:03.647  3763  3956 E mm-camera: <IFACE ><ERROR> 2441: iface_axi_handle_sof_event: Event SOF session 1 VFE1, src 0 with frame_id 17 ts: 1855531142000
04-29 10:42:03.651  3763  3897 E mm-camera: <IMGLIB><ERROR> 5398: module_faceproc_client_send_info: Both processing and reporting streams are same or it is hal3
04-29 10:42:03.723  3219  3228 I /system/bin/app_process32: Background concurrent copying GC freed 127306(4026KB) AllocSpace objects, 42(3128KB) LOS objects, 90% free, 1899KB/19MB, paused 140us total 258.707ms
04-29 10:42:03.723  3219  3228 W /system/bin/app_process32: Reducing the number of considered missed Gc histogram windows from 130 to 100
04-29 10:42:03.749  3763  3956 E mm-camera: <IFACE ><ERROR> 2441: iface_axi_handle_sof_event: Event SOF session 1 VFE1, src 0 with frame_id 18 ts: 1855631198000
04-29 10:42:03.754  3763  3897 E mm-camera: <IMGLIB><ERROR> 5398: module_faceproc_client_send_info: Both processing and reporting streams are same or it is hal3
04-29 10:42:03.757  3219  3230 W System  : A resource was acquired at attached stack trace but never released. See java.io.Closeable for information on avoiding resource leaks.
04-29 10:42:03.801  3219  3230 W System  : java.lang.Throwable: Explicit termination method 'release' not called
04-29 10:42:03.801  3219  3230 W System  : 	at dalvik.system.CloseGuard.open(CloseGuard.java:237)
04-29 10:42:03.801  3219  3230 W System  : 	at android.view.Surface.setNativeObjectLocked(Surface.java:650)
04-29 10:42:03.801  3219  3230 W System  : 	at android.view.Surface.<init>(Surface.java:234)
04-29 10:42:03.801  3219  3230 W System  : 	at android.media.MediaCodec.createInputSurface(Native Method)
04-29 10:42:03.801  3219  3230 W System  : 	at com.koushikdutta.virtualdisplay.EncoderDevice.createDisplaySurface(EncoderDevice.java:84)
04-29 10:42:03.801  3219  3230 W System  : 	at com.koushikdutta.virtualdisplay.EncoderDevice.registerVirtualDisplay(EncoderDevice.java:1)
04-29 10:42:03.801  3219  3230 W System  : 	at com.koushikdutta.vysor.VysorDaemon.writer(VysorDaemon.kt:7)
04-29 10:42:03.801  3219  3230 W System  : 	at com.koushikdutta.vysor.VysorDaemon$setupVideoServer$1$1.invokeSuspend(VysorDaemon.kt:14)
04-29 10:42:03.801  3219  3230 W System  : 	at b.k2.n.a.a.resumeWith(ContinuationImpl.kt:3)
04-29 10:42:03.801  3219  3230 W System  : 	at b.k2.k.resumeWith(SafeContinuationJvm.kt:4)
04-29 10:42:03.801  3219  3230 W System  : 	at com.koushikdutta.scratch.Result$Companion$success$1.resume(result.kt:1)
04-29 10:42:03.801  3219  3230 W System  : 	at com.koushikdutta.scratch.BatonKt.resume(baton.kt:1)
04-29 10:42:03.801  3219  3230 W System  : 	at com.koushikdutta.scratch.BatonKt.access$resume(baton.kt:1)
04-29 10:42:03.801  3219  3230 W System  : 	at com.koushikdutta.scratch.BatonContinuationData.resumeContinuationImmediate(baton.kt:2)
