--------- beginning of crash
04-30 19:35:07.549   982   982 E AndroidRuntime: FATAL EXCEPTION: main
04-30 19:35:07.549   982   982 E AndroidRuntime: Process: com.android.calendar, PID: 982
04-30 19:35:07.549   982   982 E AndroidRuntime: java.lang.NullPointerException: Attempt to invoke virtual method 'int[] android.appwidget.AppWidgetManager.getAppWidgetIds(android.content.ComponentName)' on a null object reference
04-30 19:35:07.549   982   982 E AndroidRuntime: 	at com.android.calendar.widget.CalendarAppWidgetService$CalendarFactory.onLoadComplete(CalendarAppWidgetService.java:546)
04-30 19:35:07.549   982   982 E AndroidRuntime: 	at com.android.calendar.widget.CalendarAppWidgetService$CalendarFactory.onLoadComplete(CalendarAppWidgetService.java:113)
04-30 19:35:07.549   982   982 E AndroidRuntime: 	at android.content.Loader.deliverResult(Loader.java:157)
04-30 19:35:07.549   982   982 E AndroidRuntime: 	at android.content.CursorLoader.deliverResult(CursorLoader.java:116)
04-30 19:35:07.549   982   982 E AndroidRuntime: 	at android.content.CursorLoader.deliverResult(CursorLoader.java:46)
04-30 19:35:07.549   982   982 E AndroidRuntime: 	at android.content.AsyncTaskLoader.dispatchOnLoadComplete(AsyncTaskLoader.java:274)
04-30 19:35:07.549   982   982 E AndroidRuntime: 	at android.content.AsyncTaskLoader$LoadTask.onPostExecute(AsyncTaskLoader.java:97)
04-30 19:35:07.549   982   982 E AndroidRuntime: 	at android.os.AsyncTask.finish(AsyncTask.java:755)
04-30 19:35:07.549   982   982 E AndroidRuntime: 	at android.os.AsyncTask.access$900(AsyncTask.java:192)
04-30 19:35:07.549   982   982 E AndroidRuntime: 	at android.os.AsyncTask$InternalHandler.handleMessage(AsyncTask.java:772)
04-30 19:35:07.549   982   982 E AndroidRuntime: 	at android.os.Handler.dispatchMessage(Handler.java:107)
04-30 19:35:07.549   982   982 E AndroidRuntime: 	at android.os.Looper.loop(Looper.java:214)
04-30 19:35:07.549   982   982 E AndroidRuntime: 	at android.app.ActivityThread.main(ActivityThread.java:7397)
04-30 19:35:07.549   982   982 E AndroidRuntime: 	at java.lang.reflect.Method.invoke(Native Method)
04-30 19:35:07.549   982   982 E AndroidRuntime: 	at com.android.internal.os.RuntimeInit$MethodAndArgsCaller.run(RuntimeInit.java:492)
04-30 19:35:07.549   982   982 E AndroidRuntime: 	at com.android.internal.os.ZygoteInit.main(ZygoteInit.java:935)
04-30 19:36:30.624  3329  3329 E AndroidRuntime: FATAL EXCEPTION: main
04-30 19:36:30.624  3329  3329 E AndroidRuntime: Process: com.android.calendar, PID: 3329
04-30 19:36:30.624  3329  3329 E AndroidRuntime: java.lang.NullPointerException: Attempt to invoke virtual method 'int[] android.appwidget.AppWidgetManager.getAppWidgetIds(android.content.ComponentName)' on a null object reference
04-30 19:36:30.624  3329  3329 E AndroidRuntime: 	at com.android.calendar.widget.CalendarAppWidgetService$CalendarFactory.onLoadComplete(CalendarAppWidgetService.java:546)
04-30 19:36:30.624  3329  3329 E AndroidRuntime: 	at com.android.calendar.widget.CalendarAppWidgetService$CalendarFactory.onLoadComplete(CalendarAppWidgetService.java:113)
04-30 19:36:30.624  3329  3329 E AndroidRuntime: 	at android.content.Loader.deliverResult(Loader.java:157)
04-30 19:36:30.624  3329  3329 E AndroidRuntime: 	at android.content.CursorLoader.deliverResult(CursorLoader.java:116)
04-30 19:36:30.624  3329  3329 E AndroidRuntime: 	at android.content.CursorLoader.deliverResult(CursorLoader.java:46)
04-30 19:36:30.624  3329  3329 E AndroidRuntime: 	at android.content.AsyncTaskLoader.dispatchOnLoadComplete(AsyncTaskLoader.java:274)
04-30 19:36:30.624  3329  3329 E AndroidRuntime: 	at android.content.AsyncTaskLoader$LoadTask.onPostExecute(AsyncTaskLoader.java:97)
04-30 19:36:30.624  3329  3329 E AndroidRuntime: 	at android.os.AsyncTask.finish(AsyncTask.java:755)
04-30 19:36:30.624  3329  3329 E AndroidRuntime: 	at android.os.AsyncTask.access$900(AsyncTask.java:192)
04-30 19:36:30.624  3329  3329 E AndroidRuntime: 	at android.os.AsyncTask$InternalHandler.handleMessage(AsyncTask.java:772)
04-30 19:36:30.624  3329  3329 E AndroidRuntime: 	at android.os.Handler.dispatchMessage(Handler.java:107)
04-30 19:36:30.624  3329  3329 E AndroidRuntime: 	at android.os.Looper.loop(Looper.java:214)
04-30 19:36:30.624  3329  3329 E AndroidRuntime: 	at android.app.ActivityThread.main(ActivityThread.java:7397)
04-30 19:36:30.624  3329  3329 E AndroidRuntime: 	at java.lang.reflect.Method.invoke(Native Method)
04-30 19:36:30.624  3329  3329 E AndroidRuntime: 	at com.android.internal.os.RuntimeInit$MethodAndArgsCaller.run(RuntimeInit.java:492)
04-30 19:36:30.624  3329  3329 E AndroidRuntime: 	at com.android.internal.os.ZygoteInit.main(ZygoteInit.java:935)
--------- beginning of system
04-30 19:41:46.781  3293  3293 W ContextImpl: Calling a method in the system process without a qualified user: android.app.ContextImpl.startService:1570 android.content.ContextWrapper.startService:669 com.redbend.client.BasicService.onCreate:320 android.app.ActivityThread.handleCreateService:3954 android.app.ActivityThread.access$1500:220 
04-30 19:41:48.421  3293  3293 W ContextImpl: Calling a method in the system process without a qualified user: android.app.ContextImpl.startService:1570 android.content.ContextWrapper.startService:669 androidx.legacy.content.WakefulBroadcastReceiver.startWakefulService:102 com.redbend.app.SmmClient.sendData:46 com.redbend.app.SmmClient.sendEventToSmmService:23 
04-30 19:41:48.480  3293  3293 W ContextImpl: Calling a method in the system process without a qualified user: android.app.ContextImpl.startService:1570 android.content.ContextWrapper.startService:669 com.redbend.app.SmmService.sendIntentEvent:373 com.redbend.client.ClientService.sendEvent:586 com.redbend.client.ClientService$2.onReceive:467 
04-30 19:41:48.514  3293  3293 W ContextImpl: Calling a method in the system process without a qualified user: android.app.ContextImpl.startService:1570 android.content.ContextWrapper.startService:669 com.redbend.app.SmmService.sendIntentEvent:373 com.redbend.client.ClientService.sendEvent:586 com.redbend.app.SmmService.onStartCommand:484 
04-30 19:41:49.289  1063  1319 I chatty  : uid=1000(system) android.io expire 1 line
04-30 19:41:49.298  1063  3450 I chatty  : uid=1000(system) Binder:1063_F expire 1 line
04-30 19:41:50.066  1063  1871 I chatty  : uid=1000(system) Binder:1063_1F expire 3 lines
04-30 19:41:51.142   329   434 E ActivityThread: Failed to find provider info for com.google.android.apps.messaging.shared.datamodel.provider.sharedstorage.SharedStorageProvider
04-30 19:41:51.701  1063  1063 I chatty  : uid=1000 system_server expire 7 lines
04-30 19:41:52.248  1063  2679 I chatty  : uid=1000(system) Binder:1063_6 expire 4 lines
04-30 19:41:53.164  1063  1259 I chatty  : uid=1000(system) Binder:1063_18 expire 1 line
04-30 19:41:53.210  1063  1328 I chatty  : uid=1000(system) ActivityManager expire 6 lines
04-30 19:41:53.693  3293   731 W ContextImpl: Calling a method in the system process without a qualified user: android.app.ContextImpl.startService:1570 android.content.ContextWrapper.startService:669 com.redbend.app.EventIntentService.recvEvent:135 com.redbend.client.BasicService.recvEvent:232 <bottom of call stack> 
04-30 19:41:53.770  1063  1317 I chatty  : uid=1000(system) android.fg expire 4 lines
04-30 19:41:53.807  1063  1063 I chatty  : uid=1000 system_server expire 6 lines
04-30 19:41:54.096  1063  1327 I chatty  : uid=1000(system) android.bg expire 3 lines
04-30 19:41:54.138  1063  1222 I chatty  : uid=1000(system) Binder:1063_1 expire 3 lines
04-30 19:41:54.469  1063  3505 I chatty  : uid=1000(system) Binder:1063_12 expire 1 line
04-30 19:41:54.470  1063  2395 I chatty  : uid=1000(system) ConnectivitySer expire 2 lines
04-30 19:41:54.663  1063  1563 I chatty  : uid=1000(system) Binder:1063_19 expire 1 line
04-30 19:41:54.820  1063  1329 I chatty  : uid=1000(system) ActivityManager expire 7 lines
04-30 19:41:55.037  3293   731 W ContextImpl: Calling a method in the system process without a qualified user: android.app.ContextImpl.startService:1570 android.content.ContextWrapper.startService:669 com.redbend.app.EventIntentService.recvEvent:135 com.redbend.client.BasicService.recvEvent:232 <bottom of call stack> 
04-30 19:41:55.177  1063  3312 I chatty  : uid=1000(system) Binder:1063_C expire 3 lines
04-30 19:41:55.249  1063  3507 I chatty  : uid=1000(system) Binder:1063_13 expire 1 line
04-30 19:41:56.538  1063  2295 I chatty  : uid=1000(system) Binder:1063_1C expire 2 lines
04-30 19:41:56.660  1063  3930 I chatty  : uid=1000(system) Binder:1063_16 expire 1 line
04-30 19:41:56.660  1063  3411 I chatty  : uid=1000(system) Binder:1063_E expire 1 line
04-30 19:41:56.675  1063  2679 I chatty  : uid=1000(system) Binder:1063_6 expire 1 line
04-30 19:41:57.141  1063  3460 I chatty  : uid=1000(system) Binder:1063_10 expire 5 lines
04-30 19:41:57.188  1063  1329 I chatty  : uid=1000(system) ActivityManager expire 23 lines
04-30 19:41:57.331  1063  1327 I chatty  : uid=1000(system) android.bg expire 1 line
04-30 19:41:58.283  1063  2295 I chatty  : uid=1000(system) Binder:1063_1C expire 2 lines
04-30 19:41:58.855  1063  3482 I chatty  : uid=1000(system) Binder:1063_11 expire 4 lines
04-30 19:41:59.597  1063  2572 I chatty  : uid=1000(system) Binder:1063_5 expire 1 line
04-30 19:41:59.598  1063  2395 I chatty  : uid=1000(system) ConnectivitySer expire 1 line
04-30 19:42:00.239  1063  1546 I chatty  : uid=1000(system) AlarmManager expire 1 line
04-30 19:42:00.458  3293   731 W ContextImpl: Calling a method in the system process without a qualified user: android.app.ContextImpl.startService:1570 android.content.ContextWrapper.startService:669 com.redbend.app.EventIntentService.recvEvent:135 com.redbend.client.BasicService.recvEvent:232 <bottom of call stack> 
04-30 19:42:02.018  3293   731 W ContextImpl: Calling a method in the system process without a qualified user: android.app.ContextImpl.startService:1570 android.content.ContextWrapper.startService:669 com.redbend.app.EventIntentService.recvEvent:135 com.redbend.client.BasicService.recvEvent:232 <bottom of call stack> 
04-30 19:42:02.035  3293  3926 W ContextImpl: Calling a method in the system process without a qualified user: android.app.ContextImpl.startService:1570 android.content.ContextWrapper.startService:669 com.redbend.app.SmmService.sendIntentEvent:373 com.redbend.client.ClientService.sendEvent:586 com.redbend.client.ClientService$22.genericHandler:1499 
04-30 19:42:02.396  1063  2572 I chatty  : uid=1000(system) Binder:1063_5 expire 2 lines
04-30 19:42:02.408  1063  1328 I chatty  : uid=1000(system) ActivityManager expire 3 lines
04-30 19:42:02.523  1063  1329 I chatty  : uid=1000(system) ActivityManager expire 16 lines
04-30 19:42:03.364  1063  2719 I chatty  : uid=1000(system) Binder:1063_7 expire 1 line
04-30 19:42:03.805  1063  1528 I chatty  : uid=1000(system) Binder:1063_4 expire 2 lines
04-30 19:42:04.288  1063  3312 I chatty  : uid=1000(system) Binder:1063_C expire 3 lines
04-30 19:42:04.376  1063  2344 I chatty  : uid=1000(system) Binder:1063_1D expire 1 line
04-30 19:42:05.613  1063  2295 I chatty  : uid=1000(system) Binder:1063_1C expire 1 line
04-30 19:42:05.836  1063  1063 I chatty  : uid=1000 system_server expire 7 lines
04-30 19:42:07.712  1063  1317 I chatty  : uid=1000(system) android.fg expire 2 lines
04-30 19:42:08.612  1063  1063 I chatty  : uid=1000 system_server expire 4 lines
04-30 19:42:09.143  1063  1327 I chatty  : uid=1000(system) android.bg expire 2 lines
04-30 19:42:09.156  1063  2344 I chatty  : uid=1000(system) Binder:1063_1D expire 3 lines
04-30 19:42:09.348  1063  2928 I chatty  : uid=1000(system) Binder:1063_B expire 1 line
04-30 19:42:09.902  1063  1328 I chatty  : uid=1000(system) ActivityManager expire 2 lines
04-30 19:42:09.954  1063  3507 I chatty  : uid=1000(system) Binder:1063_13 expire 2 lines
04-30 19:42:10.215  1063  2572 I chatty  : uid=1000(system) Binder:1063_5 expire 3 lines
04-30 19:42:10.430  1063  1329 I chatty  : uid=1000(system) ActivityManager expire 19 lines
04-30 19:42:15.018  1063  3508 I chatty  : uid=1000(system) Binder:1063_14 expire 1 line
04-30 19:42:15.180  1063  2719 I chatty  : uid=1000(system) Binder:1063_7 expire 2 lines
04-30 19:42:15.765  1063  1546 I chatty  : uid=1000(system) AlarmManager expire 1 line
04-30 19:42:15.973  1063  2295 I chatty  : uid=1000(system) Binder:1063_1C expire 2 lines
04-30 19:42:16.036  1063  1329 I chatty  : uid=1000(system) ActivityManager expire 10 lines
04-30 19:42:16.101  1063  2395 I chatty  : uid=1000(system) ConnectivitySer expire 2 lines
04-30 19:42:16.302  2259  2259 E LoadedApk: Unable to instantiate appComponentFactory
04-30 19:42:16.302  2259  2259 E LoadedApk: java.lang.ClassNotFoundException: Didn't find class "androidx.core.app.CoreComponentFactory" on path: DexPathList[[zip file "/system/app/Facebook/Facebook.apk"],nativeLibraryDirectories=[/system/app/Facebook/lib/arm, /system/app/Facebook/Facebook.apk!/lib/armeabi-v7a, /system/lib, /system/product/lib, /system/lib, /system/product/lib]]
04-30 19:42:16.302  2259  2259 E LoadedApk: 	at dalvik.system.BaseDexClassLoader.findClass(BaseDexClassLoader.java:196)
04-30 19:42:16.302  2259  2259 E LoadedApk: 	at java.lang.ClassLoader.loadClass(ClassLoader.java:379)
04-30 19:42:16.302  2259  2259 E LoadedApk: 	at java.lang.ClassLoader.loadClass(ClassLoader.java:312)
04-30 19:42:16.302  2259  2259 E LoadedApk: 	at android.app.LoadedApk.createAppFactory(LoadedApk.java:256)
04-30 19:42:16.302  2259  2259 E LoadedApk: 	at android.app.LoadedApk.createOrUpdateClassLoaderLocked(LoadedApk.java:855)
04-30 19:42:16.302  2259  2259 E LoadedApk: 	at android.app.LoadedApk.getClassLoader(LoadedApk.java:950)
04-30 19:42:16.302  2259  2259 E LoadedApk: 	at android.app.LoadedApk.getResources(LoadedApk.java:1188)
04-30 19:42:16.302  2259  2259 E LoadedApk: 	at android.app.ContextImpl.createAppContext(ContextImpl.java:2462)
04-30 19:42:16.302  2259  2259 E LoadedApk: 	at android.app.ContextImpl.createAppContext(ContextImpl.java:2454)
04-30 19:42:16.302  2259  2259 E LoadedApk: 	at android.app.ActivityThread.handleBindApplication(ActivityThread.java:6353)
04-30 19:42:16.302  2259  2259 E LoadedApk: 	at android.app.ActivityThread.access$1300(ActivityThread.java:220)
04-30 19:42:16.302  2259  2259 E LoadedApk: 	at android.app.ActivityThread$H.handleMessage(ActivityThread.java:1860)
04-30 19:42:16.302  2259  2259 E LoadedApk: 	at android.os.Handler.dispatchMessage(Handler.java:107)
04-30 19:42:16.302  2259  2259 E LoadedApk: 	at android.os.Looper.loop(Looper.java:214)
04-30 19:42:16.302  2259  2259 E LoadedApk: 	at android.app.ActivityThread.main(ActivityThread.java:7397)
04-30 19:42:16.302  2259  2259 E LoadedApk: 	at java.lang.reflect.Method.invoke(Native Method)
04-30 19:42:16.302  2259  2259 E LoadedApk: 	at com.android.internal.os.RuntimeInit$MethodAndArgsCaller.run(RuntimeInit.java:492)
04-30 19:42:16.302  2259  2259 E LoadedApk: 	at com.android.internal.os.ZygoteInit.main(ZygoteInit.java:935)
04-30 19:42:17.050  1063  2779 I chatty  : uid=1000(system) Binder:1063_9 expire 1 line
04-30 19:42:17.805  1063  1527 I chatty  : uid=1000(system) Binder:1063_3 expire 4 lines
04-30 19:42:19.171  1063  3930 I chatty  : uid=1000(system) Binder:1063_16 expire 2 lines
04-30 19:42:19.609  1063  3411 I chatty  : uid=1000(system) Binder:1063_E expire 3 lines
04-30 19:42:20.054  1063  3505 I chatty  : uid=1000(system) Binder:1063_12 expire 1 line
04-30 19:42:20.064  1063  1328 I chatty  : uid=1000(system) ActivityManager expire 1 line
04-30 19:42:20.432  1063  3410 I chatty  : uid=1000(system) Binder:1063_D expire 2 lines
04-30 19:42:20.767  1063  3507 I chatty  : uid=1000(system) Binder:1063_13 expire 2 lines
04-30 19:42:21.888  1063  3450 I chatty  : uid=1000(system) Binder:1063_F expire 1 line
04-30 19:42:22.620  1063  1528 I chatty  : uid=1000(system) Binder:1063_4 expire 1 line
04-30 19:42:22.739  1063  1329 I chatty  : uid=1000(system) ActivityManager expire 24 lines
04-30 19:42:23.456  1063  3450 I chatty  : uid=1000(system) Binder:1063_F expire 1 line
04-30 19:42:24.124  1063  3511 I chatty  : uid=1000(system) Binder:1063_15 expire 2 lines
04-30 19:42:25.904  1063  3411 I chatty  : uid=1000(system) Binder:1063_E expire 1 line
04-30 19:42:26.046  1063  3930 I chatty  : uid=1000(system) Binder:1063_16 expire 2 lines
04-30 19:42:26.047  1063  2295 I chatty  : uid=1000(system) Binder:1063_1C expire 1 line
04-30 19:42:26.047  1063  2395 I chatty  : uid=1000(system) ConnectivitySer expire 1 line
04-30 19:42:27.046  1063  2679 I chatty  : uid=1000(system) Binder:1063_6 expire 1 line
04-30 19:42:27.380  1063  3774 I chatty  : uid=1000(system) Binder:1063_20 expire 2 lines
04-30 19:42:27.558  1063  1063 I chatty  : uid=1000 system_server expire 1 line
04-30 19:42:28.951  2419  2419 I android.hardware.wifi@1.0-service-lazy: Wifi HAL started
04-30 19:42:29.569  2419  2419 I android.hardware.wifi@1.0-service-lazy: Adding interface handle for p2p0
04-30 19:42:29.569  2419  2419 I android.hardware.wifi@1.0-service-lazy: Adding interface handle for wlan0
04-30 19:42:29.569  2419  2419 W android.hardware.wifi@1.0-service-lazy: No active wlan interfaces in use! Using default
04-30 19:42:29.570  2419  2419 W android.hardware.wifi@1.0-service-lazy: No active wlan interfaces in use! Using default
04-30 19:42:29.580  2419  2419 I android.hardware.wifi@1.0-service-lazy: Configured chip in mode 0
04-30 19:42:29.581  2419  2419 W android.hardware.wifi@1.0-service-lazy: No active wlan interfaces in use! Using default
04-30 19:42:29.587  1063  3507 I chatty  : uid=1000(system) Binder:1063_13 expire 2 lines
04-30 19:42:29.655   674   674 I wificond: setting base_wiphy_index_ to 0
04-30 19:42:29.658   674   674 I wificond: create scanner for interface with index: 26
04-30 19:42:29.662   674   674 I wificond: subscribe scan result for interface with index: 26
04-30 19:42:29.668   674   674 E wificond: No Offload Service available
04-30 19:42:29.668   674   674 I wificond: Offload HAL not supported 
04-30 19:42:30.086  1063  1329 I chatty  : uid=1000(system) ActivityManager expire 13 lines
04-30 19:42:30.265  1063  2132 I chatty  : uid=1000(system) Binder:1063_1B expire 2 lines
04-30 19:42:30.673   674   674 I wificond: Regulatory domain changed to country: IN
04-30 19:42:30.676   674   674 I wificond: 2.4Ghz frequencies: 2412 2417 2422 2427 2432 2437 2442 2447 2452 2457 2462 2467 2472
04-30 19:42:30.676   674   674 I wificond: 5Ghz non-DFS frequencies:
04-30 19:42:30.676   674   674 I wificond: 5Ghz DFS frequencies:
04-30 19:42:30.841  1063  1333 I chatty  : uid=1000(system) batterystats-wo expire 1 line
04-30 19:42:31.466   674   674 I wificond: wifi generation capability mask: 5
04-30 19:42:32.844  1063  1328 I chatty  : uid=1000(system) ActivityManager expire 10 lines
04-30 19:42:32.919  1063  3460 I chatty  : uid=1000(system) Binder:1063_10 expire 3 lines
04-30 19:42:33.127  1063  2395 I chatty  : uid=1000(system) ConnectivitySer expire 1 line
04-30 19:42:33.446  1063  2719 I chatty  : uid=1000(system) Binder:1063_7 expire 3 lines
04-30 19:42:33.904   674   674 W wificond: No pno scan started
04-30 19:42:33.905   674   674 W wificond: Scheduled scan is not running!
04-30 19:42:33.907  1063  1063 I chatty  : uid=1000 system_server expire 1 line
04-30 19:42:33.919   674   674 W wificond: No pno scan started
04-30 19:42:33.922   674   674 W wificond: Scheduled scan is not running!
04-30 19:42:34.013  2419  2419 W android.hardware.wifi@1.0-service-lazy: No active wlan interfaces in use! Using default
04-30 19:42:34.133  1063  3930 I chatty  : uid=1000(system) Binder:1063_16 expire 2 lines
04-30 19:42:34.166   674   674 I wificond: Unsubscribe scan result for interface with index: 26
04-30 19:42:34.304  2419  3211 I android.hardware.wifi@1.0-service-lazy: Legacy HAL stop complete callback received
04-30 19:42:34.360  1063  1328 I chatty  : uid=1000(system) ActivityManager expire 9 lines
04-30 19:42:34.380  1063  1063 I chatty  : uid=1000 system_server expire 3 lines
04-30 19:42:34.585  3293   731 W ContextImpl: Calling a method in the system process without a qualified user: android.app.ContextImpl.startService:1570 android.content.ContextWrapper.startService:669 com.redbend.app.EventIntentService.recvEvent:135 com.redbend.client.BasicService.recvEvent:232 <bottom of call stack> 
04-30 19:42:34.645  3293  3926 W ContextImpl: Calling a method in the system process without a qualified user: android.app.ContextImpl.sendBroadcast:1045 android.content.ContextWrapper.sendBroadcast:448 com.redbend.swm_common.GcmHandler.genericHandler:84 com.redbend.app.EventHandler.handle:70 com.redbend.app.FlowManager.handle:412 
04-30 19:42:34.711  3293  3293 W ContextImpl: Calling a method in the system process without a qualified user: android.app.ContextImpl.startService:1570 android.content.ContextWrapper.startService:669 android.content.ContextWrapper.startService:669 com.redbend.swm_common.GcmReceiver.registerToNotificationService:336 com.redbend.swm_common.GcmReceiver.onReceive:152 
04-30 19:42:34.898  3293   731 W ContextImpl: Calling a method in the system process without a qualified user: android.app.ContextImpl.startService:1570 android.content.ContextWrapper.startService:669 com.redbend.app.EventIntentService.recvEvent:135 com.redbend.client.BasicService.recvEvent:232 <bottom of call stack> 
04-30 19:42:35.171  3293   731 W ContextImpl: Calling a method in the system process without a qualified user: android.app.ContextImpl.startService:1570 android.content.ContextWrapper.startService:669 com.redbend.app.EventIntentService.recvEvent:135 com.redbend.client.BasicService.recvEvent:232 <bottom of call stack> 
04-30 19:42:35.177  1063  3507 I chatty  : uid=1000(system) Binder:1063_13 expire 3 lines
04-30 19:42:35.217  2419  2419 I android.hardware.wifi@1.0-service-lazy: Wifi HAL stopped
04-30 19:42:35.237  1063  3460 I chatty  : uid=1000(system) Binder:1063_10 expire 1 line
04-30 19:42:35.253  3293  3293 W ContextImpl: Calling a method in the system process without a qualified user: android.app.ContextImpl.startService:1570 android.content.ContextWrapper.startService:669 androidx.legacy.content.WakefulBroadcastReceiver.startWakefulService:102 com.redbend.app.SmmClient.sendData:46 com.redbend.app.SmmClient.sendEventToSmmService:23 
04-30 19:42:35.304  1063  2679 I chatty  : uid=1000(system) Binder:1063_6 expire 2 lines
04-30 19:42:35.306  3293  3293 W ContextImpl: Calling a method in the system process without a qualified user: android.app.ContextImpl.startService:1570 android.content.ContextWrapper.startService:669 com.redbend.app.SmmService.sendIntentEvent:373 com.redbend.client.ClientService.sendEvent:586 com.redbend.app.SmmService.onStartCommand:484 
04-30 19:42:35.451  1063  1329 I chatty  : uid=1000(system) ActivityManager expire 10 lines
04-30 19:42:36.097  3293   731 W ContextImpl: Calling a method in the system process without a qualified user: android.app.ContextImpl.startService:1570 android.content.ContextWrapper.startService:669 com.redbend.app.EventIntentService.recvEvent:135 com.redbend.client.BasicService.recvEvent:232 <bottom of call stack> 
04-30 19:42:36.418  1063  3612 I chatty  : uid=1000 system_server expire 1 line
04-30 19:42:36.563  3293   731 W ContextImpl: Calling a method in the system process without a qualified user: android.app.ContextImpl.startService:1570 android.content.ContextWrapper.startService:669 com.redbend.app.EventIntentService.recvEvent:135 com.redbend.client.BasicService.recvEvent:232 <bottom of call stack> 
04-30 19:42:36.583  3293  3926 W ContextImpl: Calling a method in the system process without a qualified user: android.app.ContextImpl.sendBroadcast:1045 android.content.ContextWrapper.sendBroadcast:448 com.redbend.client.IntentBroadcaster.genericHandler:70 com.redbend.app.EventHandler.handle:70 com.redbend.app.FlowManager.handle:412 
04-30 19:42:36.709  3293   731 W ContextImpl: Calling a method in the system process without a qualified user: android.app.ContextImpl.startService:1570 android.content.ContextWrapper.startService:669 com.redbend.app.EventIntentService.recvEvent:135 com.redbend.client.BasicService.recvEvent:232 <bottom of call stack> 
04-30 19:42:38.105  1063  2896 I chatty  : uid=1000(system) Binder:1063_A expire 1 line
04-30 19:42:41.228  1063  1344 I chatty  : uid=1000(system) PowerManagerSer expire 1 line
04-30 19:42:43.975  3755  3755 E LoadedApk: Unable to instantiate appComponentFactory
04-30 19:42:43.975  3755  3755 E LoadedApk: java.lang.ClassNotFoundException: Didn't find class "androidx.core.app.CoreComponentFactory" on path: DexPathList[[zip file "/system/app/Facebook/Facebook.apk"],nativeLibraryDirectories=[/system/app/Facebook/lib/arm, /system/app/Facebook/Facebook.apk!/lib/armeabi-v7a, /system/lib, /system/product/lib, /system/lib, /system/product/lib]]
04-30 19:42:43.975  3755  3755 E LoadedApk: 	at dalvik.system.BaseDexClassLoader.findClass(BaseDexClassLoader.java:196)
04-30 19:42:43.975  3755  3755 E LoadedApk: 	at java.lang.ClassLoader.loadClass(ClassLoader.java:379)
04-30 19:42:43.975  3755  3755 E LoadedApk: 	at java.lang.ClassLoader.loadClass(ClassLoader.java:312)
04-30 19:42:43.975  3755  3755 E LoadedApk: 	at android.app.LoadedApk.createAppFactory(LoadedApk.java:256)
04-30 19:42:43.975  3755  3755 E LoadedApk: 	at android.app.LoadedApk.createOrUpdateClassLoaderLocked(LoadedApk.java:855)
04-30 19:42:43.975  3755  3755 E LoadedApk: 	at android.app.LoadedApk.getClassLoader(LoadedApk.java:950)
04-30 19:42:43.975  3755  3755 E LoadedApk: 	at android.app.LoadedApk.getResources(LoadedApk.java:1188)
04-30 19:42:43.975  3755  3755 E LoadedApk: 	at android.app.ContextImpl.createAppContext(ContextImpl.java:2462)
04-30 19:42:43.975  3755  3755 E LoadedApk: 	at android.app.ContextImpl.createAppContext(ContextImpl.java:2454)
04-30 19:42:43.975  3755  3755 E LoadedApk: 	at android.app.ActivityThread.handleBindApplication(ActivityThread.java:6353)
04-30 19:42:43.975  3755  3755 E LoadedApk: 	at android.app.ActivityThread.access$1300(ActivityThread.java:220)
04-30 19:42:43.975  3755  3755 E LoadedApk: 	at android.app.ActivityThread$H.handleMessage(ActivityThread.java:1860)
04-30 19:42:43.975  3755  3755 E LoadedApk: 	at android.os.Handler.dispatchMessage(Handler.java:107)
04-30 19:42:43.975  3755  3755 E LoadedApk: 	at android.os.Looper.loop(Looper.java:214)
04-30 19:42:43.975  3755  3755 E LoadedApk: 	at android.app.ActivityThread.main(ActivityThread.java:7397)
04-30 19:42:43.975  3755  3755 E LoadedApk: 	at java.lang.reflect.Method.invoke(Native Method)
04-30 19:42:43.975  3755  3755 E LoadedApk: 	at com.android.internal.os.RuntimeInit$MethodAndArgsCaller.run(RuntimeInit.java:492)
04-30 19:42:43.975  3755  3755 E LoadedApk: 	at com.android.internal.os.ZygoteInit.main(ZygoteInit.java:935)
04-30 19:42:44.241  1063  2395 I chatty  : uid=1000(system) ConnectivitySer expire 3 lines
04-30 19:42:44.434  3293  3293 W ContextImpl: Calling a method in the system process without a qualified user: android.app.ContextImpl.startService:1570 android.content.ContextWrapper.startService:669 com.redbend.app.SmmService.sendIntentEvent:373 com.redbend.client.ClientService.sendEvent:586 com.redbend.client.ConnectivityStateChangeReceiver$DataChange.sendConnectedEvent:66 
04-30 19:42:44.843  3293   731 W ContextImpl: Calling a method in the system process without a qualified user: android.app.ContextImpl.startService:1570 android.content.ContextWrapper.startService:669 com.redbend.app.EventIntentService.recvEvent:135 com.redbend.client.BasicService.recvEvent:232 <bottom of call stack> 
04-30 19:42:45.092  1063  3505 I chatty  : uid=1000(system) Binder:1063_12 expire 1 line
04-30 19:42:45.845  1063  2719 I chatty  : uid=1000(system) Binder:1063_7 expire 5 lines
04-30 19:42:46.796  1063  1344 I chatty  : uid=1000(system) PowerManagerSer expire 1 line
04-30 19:42:50.771  1063  3460 I chatty  : uid=1000(system) Binder:1063_10 expire 1 line
04-30 19:42:53.924  1063  1063 I chatty  : uid=1000 system_server expire 6 lines
04-30 19:42:59.161  2419  2419 I android.hardware.wifi@1.0-service-lazy: Process has 0 (of 1 available) client(s) in use after notification android.hardware.wifi@1.3::IWifi has clients: 0
04-30 19:42:59.161  2419  2419 I android.hardware.wifi@1.0-service-lazy: Trying to exit HAL. No clients in use for any service in process.
04-30 19:42:59.162  2419  2419 I android.hardware.wifi@1.0-service-lazy: Unregistered all clients and exiting
04-30 19:43:03.505  1063  1223 I chatty  : uid=1000(system) Binder:1063_2 expire 4 lines
04-30 19:43:03.612  1063  1528 I chatty  : uid=1000(system) Binder:1063_4 expire 3 lines
04-30 19:43:05.054  1063  1318 I chatty  : uid=1000(system) android.ui expire 3 lines
04-30 19:43:10.010  1063  1329 I chatty  : uid=1000(system) ActivityManager expire 11 lines
04-30 19:43:15.283  1063  1319 I chatty  : uid=1000(system) android.io expire 1 line
04-30 19:43:17.308  1063  1328 I chatty  : uid=1000(system) ActivityManager expire 2 lines
04-30 19:43:18.557  1063  1317 I chatty  : uid=1000(system) android.fg expire 1 line
04-30 19:43:18.859  2669  2669 E ActivityThread: Failed to find provider info for com.jio.os.content.ContentFeedProvider
04-30 19:43:19.193  1063  1320 I chatty  : uid=1000(system) android.display expire 3 lines
04-30 19:43:26.066  1063  1329 I chatty  : uid=1000(system) ActivityManager expire 8 lines
04-30 19:43:27.011  1063  1640 I chatty  : uid=1000(system) Binder:1063_1E expire 5 lines
04-30 19:43:28.479  1063  1528 I chatty  : uid=1000(system) Binder:1063_4 expire 1 line
04-30 19:43:29.195  1063  1063 I chatty  : uid=1000 system_server expire 18 lines
04-30 19:43:29.422  1427  1427 I TelecomFramework: UserCallIntentProcessor: sendIntentToDestination: trampoline to Telecom.: UCA.oC@AAA
04-30 19:43:29.456  1427  1427 I TelecomFramework: UserCallActivity: onCreate done
04-30 19:43:29.620  1063  2859 I chatty  : uid=1000(system) uteStateMachine expire 12 lines
04-30 19:43:29.627  1063  2860 I chatty  : uid=1000(system) CallAudioModeSt expire 2 lines
04-30 19:43:29.630  1063  1063 I chatty  : uid=1000 system_server expire 10 lines
04-30 19:43:29.658  1063  1329 I chatty  : uid=1000(system) ActivityManager expire 7 lines
04-30 19:43:29.918  1063  1528 I chatty  : uid=1000(system) Binder:1063_4 expire 2 lines
04-30 19:43:30.023  1063  1640 I chatty  : uid=1000(system) Binder:1063_1E expire 1 line
04-30 19:43:30.042  1063  2719 I chatty  : uid=1000(system) Binder:1063_7 expire 1 line
04-30 19:43:30.048  1063  2395 I chatty  : uid=1000(system) ConnectivitySer expire 2 lines
04-30 19:43:30.331  1063  1063 I chatty  : uid=1000 system_server expire 12 lines
04-30 19:43:30.446  1063  1259 I chatty  : uid=1000(system) Binder:1063_18 expire 1 line
04-30 19:43:30.475  1499  1499 D ActivityThread: Loading provider contacts;com.android.contacts: com.android.providers.contacts.ContactsProvider2
04-30 19:43:32.219  1063  1528 I chatty  : uid=1000(system) Binder:1063_4 expire 5 lines
04-30 19:43:32.858  1063  1320 I chatty  : uid=1000(system) android.display expire 2 lines
04-30 19:43:33.634  1063  1918 I chatty  : uid=1000(system) Binder:1063_1A expire 2 lines
04-30 19:43:34.468  1063  1563 I chatty  : uid=1000(system) Binder:1063_19 expire 1 line
04-30 19:43:34.765  1063  1528 I chatty  : uid=1000(system) Binder:1063_4 expire 1 line
04-30 19:43:34.766  1063  1328 I chatty  : uid=1000(system) ActivityManager expire 4 lines
04-30 19:43:35.111  1063  1063 I chatty  : uid=1000 system_server expire 18 lines
04-30 19:43:35.321  1063  2861 I chatty  : uid=1000(system) ConnectionSvrFo expire 1 line
04-30 19:43:35.432  1063  1259 I chatty  : uid=1000(system) Binder:1063_18 expire 1 line
04-30 19:43:35.436  2806  2806 I Telephony: TelephonyConnectionService: onCreateOutgoingConnection, request: ConnectionRequest xxxxxxxxxxxxxxxxxxx Bundle[org.codeaurora.extra.CALL_DOMAIN=0, android.telecom.extra.START_CALL_WITH_VIDEO_STATE=0, android.telecom.extra.CALL_TELECOM_ROUTING_END_TIME_MILLIS=773834, android.telecom.extra.CALL_TELECOM_ROUTING_START_TIME_MILLIS=773834, ]: (SBC.oSC)->CS.crCo->H.CS.crCo->H.CS.crCo.pICR@E-AQE
04-30 19:43:35.500  2806  2806 I Telephony: GsmConnection: isAddParticipantCapable: isCapable = false: (SBC.oSC)->CS.crCo->H.CS.crCo->H.CS.crCo.pICR@E-AQE
04-30 19:43:35.501  2806  2806 I Telephony: TelephonyConnectionService: updatePhoneAccount setPhoneAccountHandle, account = ComponentInfo{com.android.phone/com.android.services.telephony.TelephonyConnectionService}, ***, UserHandle{0}: (SBC.oSC)->CS.crCo->H.CS.crCo->H.CS.crCo.pICR@E-AQE
04-30 19:43:35.909  2806  2806 I Telephony: GsmConnection: isAddParticipantCapable: isCapable = false: (SBC.oSC)->CS.crCo->H.CS.crCo->H.CS.crCo.pICR@E-AQE
04-30 19:43:36.051  2806  2806 I chatty  : uid=1001(radio) com.android.phone identical 2 lines
04-30 19:43:36.058  2806  2806 I Telephony: GsmConnection: isAddParticipantCapable: isCapable = false: (SBC.oSC)->CS.crCo->H.CS.crCo->H.CS.crCo.pICR@E-AQE
04-30 19:43:36.072  1063  1329 I chatty  : uid=1000(system) ActivityManager expire 12 lines
04-30 19:43:36.172  2806  2806 I Telephony: GsmConnection: isAddParticipantCapable: isCapable = false: (SBC.oSC)->CS.crCo->H.CS.crCo->H.CS.crCo.pICR@E-AQE
04-30 19:43:36.176  1063  1640 I chatty  : uid=1000(system) Binder:1063_1E expire 20 lines
04-30 19:43:36.193  1063  2860 I chatty  : uid=1000(system) CallAudioModeSt expire 1 line
04-30 19:43:36.245  2806  2806 I Telephony: GsmConnection: isAddParticipantCapable: isCapable = false
04-30 19:43:36.266  3293  3293 W ContextImpl: Calling a method in the system process without a qualified user: android.app.ContextImpl.startService:1570 android.content.ContextWrapper.startService:669 com.redbend.app.SmmService.sendIntentEvent:373 com.redbend.client.ClientService.sendEvent:586 com.redbend.client.ClientService$DilPhoneStateListener.sendVoiceCallUpdate:1737 
04-30 19:43:36.267  2806  2806 I Telephony: GsmConnection: isAddParticipantCapable: isCapable = false
04-30 19:43:36.276  2806  2806 I Telephony: GsmConnection: isAddParticipantCapable: isCapable = false
04-30 19:43:36.314  1063  1528 I chatty  : uid=1000(system) Binder:1063_4 expire 1 line
04-30 19:43:36.319  1063  1328 I chatty  : uid=1000(system) ActivityManager expire 6 lines
04-30 19:43:36.346  1063  1640 I chatty  : uid=1000(system) Binder:1063_1E expire 10 lines
04-30 19:43:36.351  1063  2859 I chatty  : uid=1000(system) uteStateMachine expire 5 lines
04-30 19:43:36.353  1063  2860 I chatty  : uid=1000(system) CallAudioModeSt expire 2 lines
04-30 19:43:36.361  1063  1528 I chatty  : uid=1000(system) Binder:1063_4 expire 8 lines
04-30 19:43:36.427  2806  2806 I Telephony: TelephonyConnectionService: notifyCreateConnectionComplete TC@1_1: (...->CSW.hCCC)->CS.crCoC->H.CS.crCoC@E-E-E-AQE
04-30 19:43:36.429  2806  2806 I Telephony: TelephonyConnectionService: updatePhoneAccount setPhoneAccountHandle, account = ComponentInfo{com.android.phone/com.android.services.telephony.TelephonyConnectionService}, ***, UserHandle{0}: (...->CSW.hCCC)->CS.crCoC->H.CS.crCoC@E-E-E-AQE
04-30 19:43:36.437  1063  1329 I chatty  : uid=1000(system) ActivityManager expire 6 lines
04-30 19:43:36.479  1063  1918 I chatty  : uid=1000(system) Binder:1063_1A expire 2 lines
04-30 19:43:36.876  2806  2806 I Telephony: GsmConnection: isAddParticipantCapable: isCapable = false
04-30 19:43:36.928  1063  2852 I chatty  : uid=1000(system) BluetoothRouteM expire 1 line
04-30 19:43:36.953  1063  3312 I chatty  : uid=1000(system) Binder:1063_C expire 3 lines
04-30 19:43:36.985  1063  1563 I chatty  : uid=1000(system) Binder:1063_19 expire 2 lines
04-30 19:43:37.056  1063  1903 I chatty  : uid=1000 system_server expire 1 line
04-30 19:43:37.154  1063  1063 I chatty  : uid=1000 system_server expire 13 lines
04-30 19:43:37.155  1063  2860 I chatty  : uid=1000(system) CallAudioModeSt expire 1 line
04-30 19:43:38.825  1063  1640 I chatty  : uid=1000(system) Binder:1063_1E expire 6 lines
04-30 19:43:39.074  1855  1957 E ActivityThread: Failed to find provider info for com.google.android.apps.messaging.shared.datamodel.provider.sharedstorage.SharedStorageProvider
04-30 19:43:39.253  1063  1329 I chatty  : uid=1000(system) ActivityManager expire 6 lines
04-30 19:43:39.633  1976  1976 I TelecomFramework: UserCallIntentProcessor: sendIntentToDestination: trampoline to Telecom.: UCA.oC@AAA
04-30 19:43:39.651  1976  1976 I TelecomFramework: UserCallActivity: onCreate done
04-30 19:43:39.757  2806  2806 I Telephony: : createConnectionFailed TC@2: (TSI.hCI->CM.fOCP->CM.sOCPA->CM.dSMCP)->CS.crCoF->H.CS.crCoF@E-AZI
04-30 19:43:39.757  2806  2806 I Telephony: TelephonyConnectionService: createConnectionFailed TC@2: (TSI.hCI->CM.fOCP->CM.sOCPA->CM.dSMCP)->CS.crCoF->H.CS.crCoF@E-AZI
04-30 19:43:39.806  1063  1320 I chatty  : uid=1000(system) android.display expire 1 line
04-30 19:43:39.960  1063  1063 I chatty  : uid=1000 system_server expire 5 lines
04-30 19:43:40.455  2806  2806 I Telephony: GsmConnection: isAddParticipantCapable: isCapable = false
04-30 19:43:40.456  1063  1563 I chatty  : uid=1000(system) Binder:1063_19 expire 3 lines
04-30 19:43:40.473  1063  2295 I chatty  : uid=1000(system) Binder:1063_1C expire 2 lines
04-30 19:43:40.478  2806  2806 I Telephony: GsmConnection: isAddParticipantCapable: isCapable = false
04-30 19:43:40.478  1063  1640 I chatty  : uid=1000(system) Binder:1063_1E expire 1 line
04-30 19:43:40.519  1063  1918 I chatty  : uid=1000(system) Binder:1063_1A expire 18 lines
04-30 19:43:40.538  1063  2860 I chatty  : uid=1000(system) CallAudioModeSt expire 1 line
04-30 19:43:40.545  2806  2806 I Telephony: GsmConnection: isAddParticipantCapable: isCapable = true
04-30 19:43:40.558  2806  2806 I Telephony: GsmConnection: isAddParticipantCapable: isCapable = true
04-30 19:43:40.759  1063  3511 I chatty  : uid=1000(system) Binder:1063_15 expire 2 lines
04-30 19:43:41.033  1063  1918 I chatty  : uid=1000(system) Binder:1063_1A expire 2 lines
04-30 19:43:41.040  1063  1328 I chatty  : uid=1000(system) ActivityManager expire 14 lines
04-30 19:43:41.147  1063  1563 I chatty  : uid=1000(system) Binder:1063_19 expire 1 line
04-30 19:43:41.153  1063  1329 I chatty  : uid=1000(system) ActivityManager expire 7 lines
04-30 19:43:41.255  1063  2395 I chatty  : uid=1000(system) ConnectivitySer expire 1 line
04-30 19:43:44.112  1063  3312 I chatty  : uid=1000(system) Binder:1063_C expire 2 lines
04-30 19:43:44.206  1063  2132 I chatty  : uid=1000(system) Binder:1063_1B expire 1 line
04-30 19:43:44.609  1063  1640 I chatty  : uid=1000(system) Binder:1063_1E expire 1 line
04-30 19:43:46.096  1063  3410 I chatty  : uid=1000(system) Binder:1063_D expire 23 lines
04-30 19:43:46.143  1063  1223 I chatty  : uid=1000(system) Binder:1063_2 expire 5 lines
04-30 19:43:46.150  2806  2806 I Telephony: GsmConnection: isAddParticipantCapable: isCapable = false
04-30 19:43:46.155  2806  2806 I Telephony: GsmConnection: isAddParticipantCapable: isCapable = false
04-30 19:43:46.321  2806  1794 I Telephony: : onDisconnect: callId=TC@1_1, cause=LOCAL
04-30 19:43:46.322  2806  2806 I Telephony: GsmConnection: isAddParticipantCapable: isCapable = false
04-30 19:43:46.331  2806  2806 I Telephony: GsmConnection: isAddParticipantCapable: isCapable = false
04-30 19:43:46.332  2806  2806 I Telephony: GsmConnection: isAddParticipantCapable: isCapable = false
04-30 19:43:46.346  3293  3293 W ContextImpl: Calling a method in the system process without a qualified user: android.app.ContextImpl.startService:1570 android.content.ContextWrapper.startService:669 com.redbend.app.SmmService.sendIntentEvent:373 com.redbend.client.ClientService.sendEvent:586 com.redbend.client.ClientService$DilPhoneStateListener.sendVoiceCallUpdate:1737 
04-30 19:43:46.365  1063  1328 I chatty  : uid=1000(system) ActivityManager expire 6 lines
04-30 19:43:46.415  1063  1329 I chatty  : uid=1000(system) ActivityManager expire 1 line
04-30 19:43:46.440  1063  2779 I chatty  : uid=1000(system) Binder:1063_9 expire 1 line
04-30 19:43:46.539  1063  2859 I chatty  : uid=1000(system) uteStateMachine expire 7 lines
04-30 19:43:46.539  1063  3410 I chatty  : uid=1000(system) Binder:1063_D expire 1 line
04-30 19:43:46.543  1063  2860 I chatty  : uid=1000(system) CallAudioModeSt expire 3 lines
04-30 19:43:46.566  1063  2852 I chatty  : uid=1000(system) BluetoothRouteM expire 1 line
04-30 19:43:46.567  1063  2210 I chatty  : uid=1000 system_server expire 1 line
04-30 19:43:46.589  1063  1063 I chatty  : uid=1000 system_server expire 13 lines
04-30 19:43:46.881  1063  1329 I chatty  : uid=1000(system) ActivityManager expire 6 lines
04-30 19:43:47.082  1063  3450 I chatty  : uid=1000(system) Binder:1063_F expire 4 lines
04-30 19:43:47.275  2240  2240 I TelecomFramework: UserCallIntentProcessor: sendIntentToDestination: trampoline to Telecom.: UCA.oC@AAA
04-30 19:43:47.295  2240  2240 I TelecomFramework: UserCallActivity: onCreate done
04-30 19:43:47.387  1063  1320 I chatty  : uid=1000(system) android.display expire 1 line
04-30 19:43:47.475  1063  1063 I chatty  : uid=1000 system_server expire 21 lines
04-30 19:43:47.568  1063  2860 I chatty  : uid=1000(system) CallAudioModeSt expire 2 lines
04-30 19:43:47.569  1063  2859 I chatty  : uid=1000(system) uteStateMachine expire 7 lines
04-30 19:43:47.660  1063  1329 I chatty  : uid=1000(system) ActivityManager expire 6 lines
04-30 19:43:47.821  1063  3507 I chatty  : uid=1000(system) Binder:1063_13 expire 4 lines
04-30 19:43:47.828  1063  1063 I chatty  : uid=1000 system_server expire 8 lines
04-30 19:43:47.941  1063  2860 I chatty  : uid=1000(system) CallAudioModeSt expire 1 line
04-30 19:43:48.495  1063  3930 I chatty  : uid=1000(system) Binder:1063_16 expire 1 line
04-30 19:43:48.652  2192  2315 E ActivityThread: Failed to find provider info for com.google.android.apps.messaging.shared.datamodel.provider.sharedstorage.SharedStorageProvider
04-30 19:43:49.965  1063  1222 I chatty  : uid=1000(system) Binder:1063_1 expire 3 lines
04-30 19:43:49.982  1063  1328 I chatty  : uid=1000(system) ActivityManager expire 18 lines
04-30 19:43:50.009  1063  2928 I chatty  : uid=1000(system) Binder:1063_B expire 1 line
04-30 19:43:50.009  1063  1329 I chatty  : uid=1000(system) ActivityManager expire 13 lines
04-30 19:43:50.204  1063  1259 I chatty  : uid=1000(system) Binder:1063_18 expire 1 line
04-30 19:43:50.335  1063  1063 I chatty  : uid=1000 system_server expire 15 lines
04-30 19:43:50.370  1063  2861 I chatty  : uid=1000(system) ConnectionSvrFo expire 1 line
04-30 19:43:50.508  1063  1527 I chatty  : uid=1000(system) Binder:1063_3 expire 2 lines
04-30 19:43:50.723  1063  2779 I chatty  : uid=1000(system) Binder:1063_9 expire 1 line
04-30 19:43:50.723  1063  2395 I chatty  : uid=1000(system) ConnectivitySer expire 1 line
04-30 19:43:50.760  2806  2806 I Telephony: TelephonyConnectionService: onCreateOutgoingConnection, request: ConnectionRequest xxxxxxxxxxxxxxxxxxx Bundle[org.codeaurora.extra.CALL_DOMAIN=0, android.telecom.extra.START_CALL_WITH_VIDEO_STATE=0, android.telecom.extra.CALL_TELECOM_ROUTING_END_TIME_MILLIS=791794, android.telecom.extra.CALL_TELECOM_ROUTING_START_TIME_MILLIS=791794, ]: (SBC.oSC)->CS.crCo->H.CS.crCo->H.CS.crCo.pICR@E-Alw
04-30 19:43:50.809  2806  2806 I Telephony: GsmConnection: isAddParticipantCapable: isCapable = false: (SBC.oSC)->CS.crCo->H.CS.crCo->H.CS.crCo.pICR@E-Alw
04-30 19:43:50.809  2806  2806 I Telephony: TelephonyConnectionService: updatePhoneAccount setPhoneAccountHandle, account = ComponentInfo{com.android.phone/com.android.services.telephony.TelephonyConnectionService}, ***, UserHandle{0}: (SBC.oSC)->CS.crCo->H.CS.crCo->H.CS.crCo.pICR@E-Alw
04-30 19:43:51.159  1063  1329 I chatty  : uid=1000(system) ActivityManager expire 6 lines
04-30 19:43:51.227  2806  2806 I Telephony: GsmConnection: isAddParticipantCapable: isCapable = false: (SBC.oSC)->CS.crCo->H.CS.crCo->H.CS.crCo.pICR@E-Alw
04-30 19:43:51.404  2806  2806 I chatty  : uid=1001(radio) com.android.phone identical 3 lines
04-30 19:43:51.413  2806  2806 I Telephony: GsmConnection: isAddParticipantCapable: isCapable = false: (SBC.oSC)->CS.crCo->H.CS.crCo->H.CS.crCo.pICR@E-Alw
04-30 19:43:51.492  1063  3410 I chatty  : uid=1000(system) Binder:1063_D expire 8 lines
04-30 19:43:51.557  2806  2806 I Telephony: GsmConnection: isAddParticipantCapable: isCapable = false: (SBC.oSC)->CS.crCo->H.CS.crCo->H.CS.crCo.pICR@E-Alw
04-30 19:43:51.606  1063  2860 I chatty  : uid=1000(system) CallAudioModeSt expire 2 lines
04-30 19:43:51.617  2806  2806 I Telephony: GsmConnection: isAddParticipantCapable: isCapable = false
04-30 19:43:51.626  2806  2806 I Telephony: GsmConnection: isAddParticipantCapable: isCapable = false
04-30 19:43:51.628  1063  3410 I chatty  : uid=1000(system) Binder:1063_D expire 18 lines
04-30 19:43:51.654  1063  1328 I chatty  : uid=1000(system) ActivityManager expire 6 lines
04-30 19:43:51.686  1063  2859 I chatty  : uid=1000(system) uteStateMachine expire 3 lines
04-30 19:43:51.706  1063  1329 I chatty  : uid=1000(system) ActivityManager expire 6 lines
04-30 19:43:51.719  1063  3410 I chatty  : uid=1000(system) Binder:1063_D expire 8 lines
04-30 19:43:51.723  2806  2806 I Telephony: TelephonyConnectionService: notifyCreateConnectionComplete TC@3_1: (...->CSW.hCCC)->CS.crCoC->H.CS.crCoC@E-E-E-Alw
04-30 19:43:51.729  1063  2859 I chatty  : uid=1000(system) uteStateMachine expire 2 lines
04-30 19:43:51.729  2806  2806 I Telephony: TelephonyConnectionService: updatePhoneAccount setPhoneAccountHandle, account = ComponentInfo{com.android.phone/com.android.services.telephony.TelephonyConnectionService}, ***, UserHandle{0}: (...->CSW.hCCC)->CS.crCoC->H.CS.crCoC@E-E-E-Alw
04-30 19:43:51.764  3293  3293 W ContextImpl: Calling a method in the system process without a qualified user: android.app.ContextImpl.startService:1570 android.content.ContextWrapper.startService:669 com.redbend.app.SmmService.sendIntentEvent:373 com.redbend.client.ClientService.sendEvent:586 com.redbend.client.ClientService$DilPhoneStateListener.sendVoiceCallUpdate:1737 
04-30 19:43:51.839  1063  3508 I chatty  : uid=1000(system) Binder:1063_14 expire 5 lines
04-30 19:43:52.112  2806  2806 I Telephony: GsmConnection: isAddParticipantCapable: isCapable = false
04-30 19:43:52.118  1063  3411 I chatty  : uid=1000(system) Binder:1063_E expire 3 lines
04-30 19:43:52.122  1063  2132 I chatty  : uid=1000(system) Binder:1063_1B expire 6 lines
04-30 19:43:52.124  1063  2860 I chatty  : uid=1000(system) CallAudioModeSt expire 2 lines
04-30 19:43:52.127  1063  2852 I chatty  : uid=1000(system) BluetoothRouteM expire 1 line
04-30 19:43:52.208  1063  2834 I chatty  : uid=1000 system_server expire 1 line
04-30 19:43:55.048  1063  3930 I chatty  : uid=1000(system) Binder:1063_16 expire 1 line
04-30 19:43:55.634  1063  1320 I chatty  : uid=1000(system) android.display expire 2 lines
04-30 19:43:56.642  1063  1318 I chatty  : uid=1000(system) android.ui expire 1 line
04-30 19:43:56.752  1063  1063 I chatty  : uid=1000 system_server expire 1 line
04-30 19:43:57.098  1063  3930 I chatty  : uid=1000(system) Binder:1063_16 expire 1 line
04-30 19:43:57.150  1063  2778 I chatty  : uid=1000(system) Binder:1063_8 expire 1 line
04-30 19:43:57.460  2806  2806 I Telephony: GsmConnection: isAddParticipantCapable: isCapable = false
04-30 19:43:57.513  2806  2806 I Telephony: GsmConnection: isAddParticipantCapable: isCapable = false
04-30 19:43:57.524  1063  2572 I chatty  : uid=1000(system) Binder:1063_5 expire 10 lines
04-30 19:43:57.568  1063  3450 I chatty  : uid=1000(system) Binder:1063_F expire 13 lines
04-30 19:43:57.572  2806  2806 I Telephony: GsmConnection: isAddParticipantCapable: isCapable = true
04-30 19:43:57.578  2806  2806 I Telephony: GsmConnection: isAddParticipantCapable: isCapable = true
04-30 19:43:57.584  1063  2860 I chatty  : uid=1000(system) CallAudioModeSt expire 1 line
04-30 19:43:57.694  1063  2132 I chatty  : uid=1000(system) Binder:1063_1B expire 4 lines
04-30 19:43:58.264  1063  3411 I chatty  : uid=1000(system) Binder:1063_E expire 2 lines
04-30 19:43:58.527  2740  2987 E ActivityThread: Failed to find provider info for com.google.android.apps.messaging.shared.datamodel.provider.sharedstorage.SharedStorageProvider
04-30 19:43:59.846  1063  1329 I chatty  : uid=1000(system) ActivityManager expire 1 line
04-30 19:43:59.865  1063  1328 I chatty  : uid=1000(system) ActivityManager expire 15 lines
04-30 19:43:59.903  1063  1329 I chatty  : uid=1000(system) ActivityManager expire 2 lines
04-30 19:44:01.343  1063  3411 I chatty  : uid=1000(system) Binder:1063_E expire 3 lines
04-30 19:44:01.453  1063  2778 I chatty  : uid=1000(system) Binder:1063_8 expire 1 line
04-30 19:44:01.455  1063  2395 I chatty  : uid=1000(system) ConnectivitySer expire 2 lines
04-30 19:44:01.978  1063  1319 I chatty  : uid=1000(system) android.io expire 2 lines
04-30 19:44:02.473  1063  3930 I chatty  : uid=1000(system) Binder:1063_16 expire 2 lines
04-30 19:44:02.670  1063  3482 I chatty  : uid=1000(system) Binder:1063_11 expire 4 lines
04-30 19:44:10.286  1063  1563 I chatty  : uid=1000(system) Binder:1063_19 expire 1 line
04-30 19:44:11.596  1063  1344 I chatty  : uid=1000(system) PowerManagerSer expire 2 lines
04-30 19:44:14.542  1063  2295 I chatty  : uid=1000(system) Binder:1063_1C expire 20 lines
04-30 19:44:14.593  2806  2806 I Telephony: GsmConnection: isAddParticipantCapable: isCapable = false
04-30 19:44:14.602  1063  1563 I chatty  : uid=1000(system) Binder:1063_19 expire 7 lines
04-30 19:44:14.617  2806  2806 I Telephony: GsmConnection: isAddParticipantCapable: isCapable = false
04-30 19:44:14.722  2806  2603 I Telephony: : onDisconnect: callId=TC@3_1, cause=LOCAL
04-30 19:44:14.734  2806  2806 I Telephony: GsmConnection: isAddParticipantCapable: isCapable = false
