04-30 20:00:18.278  2806  2806 I Telephony: GsmConnection: isAddParticipantCapable: isCapable = false: (SBC.oSC)->CS.crCo->H.CS.crCo->H.CS.crCo.pICR@E-BJk
04-30 20:00:18.308  1063  1320 I chatty  : uid=1000(system) android.display expire 2 lines
04-30 20:00:18.331  2806  2806 I Telephony: GsmConnection: isAddParticipantCapable: isCapable = false: (SBC.oSC)->CS.crCo->H.CS.crCo->H.CS.crCo.pICR@E-BJk
04-30 20:00:18.333  1063  3460 I chatty  : uid=1000(system) Binder:1063_10 expire 13 lines
04-30 20:00:18.337  1063  2860 I chatty  : uid=1000(system) CallAudioModeSt expire 2 lines
04-30 20:00:18.349  1063  3460 I chatty  : uid=1000(system) Binder:1063_10 expire 22 lines
04-30 20:00:18.362  2806  2806 I Telephony: GsmConnection: isAddParticipantCapable: isCapable = false
04-30 20:00:18.374  2806  2806 I Telephony: GsmConnection: isAddParticipantCapable: isCapable = false
04-30 20:00:18.375  1063  1328 I chatty  : uid=1000(system) ActivityManager expire 6 lines
04-30 20:00:18.378  2806  2806 I Telephony: GsmConnection: isAddParticipantCapable: isCapable = false
04-30 20:00:18.386  1063  2859 I chatty  : uid=1000(system) uteStateMachine expire 5 lines
04-30 20:00:18.402  3293  3293 W ContextImpl: Calling a method in the system process without a qualified user: android.app.ContextImpl.startService:1570 android.content.ContextWrapper.startService:669 com.redbend.app.SmmService.sendIntentEvent:373 com.redbend.client.ClientService.sendEvent:586 com.redbend.client.ClientService$DilPhoneStateListener.sendVoiceCallUpdate:1737 
04-30 20:00:18.462  1063  1329 I chatty  : uid=1000(system) ActivityManager expire 6 lines
04-30 20:00:18.470  2806  2806 I Telephony: TelephonyConnectionService: notifyCreateConnectionComplete TC@7_1: (...->CSW.hCCC)->CS.crCoC->H.CS.crCoC@E-E-E-BJk
04-30 20:00:18.472  2806  2806 I Telephony: TelephonyConnectionService: updatePhoneAccount setPhoneAccountHandle, account = ComponentInfo{com.android.phone/com.android.services.telephony.TelephonyConnectionService}, ***, UserHandle{0}: (...->CSW.hCCC)->CS.crCoC->H.CS.crCoC@E-E-E-BJk
04-30 20:00:18.568  1063  1551 I chatty  : uid=1000(system) InputReader expire 1 line
04-30 20:00:18.571  1063  1063 I chatty  : uid=1000 system_server expire 1 line
04-30 20:00:18.595  1063  1344 I chatty  : uid=1000(system) PowerManagerSer expire 5 lines
04-30 20:00:18.663  1063  2295 I chatty  : uid=1000(system) Binder:1063_1C expire 10 lines
04-30 20:00:18.668  1063  1333 I chatty  : uid=1000(system) batterystats-wo expire 1 line
04-30 20:00:18.711  1063  1320 I chatty  : uid=1000(system) android.display expire 1 line
04-30 20:00:19.215  2806  2806 I Telephony: GsmConnection: isAddParticipantCapable: isCapable = false
04-30 20:00:19.229  1063  1223 I chatty  : uid=1000(system) Binder:1063_2 expire 5 lines
04-30 20:00:19.247  1063  2860 I chatty  : uid=1000(system) CallAudioModeSt expire 2 lines
04-30 20:00:19.257  1063  2852 I chatty  : uid=1000(system) BluetoothRouteM expire 1 line
04-30 20:00:19.287  1063  1317 I chatty  : uid=1000(system) android.fg expire 3 lines
04-30 20:00:19.433  1063  3952 I chatty  : uid=1000 system_server expire 1 line
04-30 20:00:19.545  1063  3774 I chatty  : uid=1000(system) Binder:1063_20 expire 3 lines
04-30 20:00:20.835  1063  1319 I chatty  : uid=1000(system) android.io expire 3 lines
04-30 20:00:21.335  3917  3989 E ActivityThread: Failed to find provider info for com.google.android.apps.messaging.shared.datamodel.provider.sharedstorage.SharedStorageProvider
04-30 20:00:21.516  1063  1563 I chatty  : uid=1000(system) Binder:1063_19 expire 1 line
04-30 20:00:22.371  2806  2806 I Telephony: GsmConnection: isAddParticipantCapable: isCapable = false
04-30 20:00:22.459  2806  2806 I Telephony: GsmConnection: isAddParticipantCapable: isCapable = false
04-30 20:00:22.477  1063  3450 I chatty  : uid=1000(system) Binder:1063_F expire 15 lines
04-30 20:00:22.490  1063  2860 I chatty  : uid=1000(system) CallAudioModeSt expire 1 line
04-30 20:00:22.504  2806  2806 I Telephony: GsmConnection: isAddParticipantCapable: isCapable = true
04-30 20:00:22.507  1063  1563 I chatty  : uid=1000(system) Binder:1063_19 expire 5 lines
04-30 20:00:22.516  2806  2806 I Telephony: GsmConnection: isAddParticipantCapable: isCapable = true
04-30 20:00:22.779  1063  2779 I chatty  : uid=1000(system) Binder:1063_9 expire 2 lines
04-30 20:00:23.693  1063  1329 I chatty  : uid=1000(system) ActivityManager expire 11 lines
04-30 20:00:23.751  1063  1328 I chatty  : uid=1000(system) ActivityManager expire 21 lines
04-30 20:00:23.817  1063  1329 I chatty  : uid=1000(system) ActivityManager expire 2 lines
04-30 20:00:23.971  1063  3450 I chatty  : uid=1000(system) Binder:1063_F expire 2 lines
04-30 20:00:24.044  1063  1563 I chatty  : uid=1000(system) Binder:1063_19 expire 1 line
04-30 20:00:24.073  1063  1318 I chatty  : uid=1000(system) android.ui expire 1 line
04-30 20:00:25.979  1063  3774 I chatty  : uid=1000(system) Binder:1063_20 expire 1 line
04-30 20:00:26.085  1063  2395 I chatty  : uid=1000(system) ConnectivitySer expire 1 line
04-30 20:00:26.705  1063  3460 I chatty  : uid=1000(system) Binder:1063_10 expire 3 lines
04-30 20:00:26.775  1063  1319 I chatty  : uid=1000(system) android.io expire 1 line
04-30 20:00:26.854  1063  1259 I chatty  : uid=1000(system) Binder:1063_18 expire 2 lines
04-30 20:00:35.869  1063  1333 I chatty  : uid=1000(system) batterystats-wo expire 2 lines
04-30 20:00:37.218  1063  1918 I chatty  : uid=1000(system) Binder:1063_1A expire 1 line
04-30 20:00:41.554  1063  2896 I chatty  : uid=1000(system) Binder:1063_A expire 5 lines
04-30 20:00:41.578  2806  2806 I Telephony: GsmConnection: isAddParticipantCapable: isCapable = false
04-30 20:00:41.583  1063  3930 I chatty  : uid=1000(system) Binder:1063_16 expire 20 lines
04-30 20:00:41.604  2806  2806 I Telephony: GsmConnection: isAddParticipantCapable: isCapable = false
04-30 20:00:41.689  1063  2896 I chatty  : uid=1000(system) Binder:1063_A expire 1 line
04-30 20:00:41.697  1063  1918 I chatty  : uid=1000(system) Binder:1063_1A expire 2 lines
04-30 20:00:41.702  2806  2806 I Telephony: GsmConnection: isAddParticipantCapable: isCapable = false
04-30 20:00:41.715  2806  3912 I Telephony: : onDisconnect: callId=TC@7_1, cause=LOCAL
04-30 20:00:41.749  2806  2806 I Telephony: GsmConnection: isAddParticipantCapable: isCapable = false
04-30 20:00:41.751  2806  2806 I Telephony: GsmConnection: isAddParticipantCapable: isCapable = false
04-30 20:00:41.768  3293  3293 W ContextImpl: Calling a method in the system process without a qualified user: android.app.ContextImpl.startService:1570 android.content.ContextWrapper.startService:669 com.redbend.app.SmmService.sendIntentEvent:373 com.redbend.client.ClientService.sendEvent:586 com.redbend.client.ClientService$DilPhoneStateListener.sendVoiceCallUpdate:1737 
04-30 20:00:41.777  1063  1328 I chatty  : uid=1000(system) ActivityManager expire 6 lines
04-30 20:00:41.837  1063  1329 I chatty  : uid=1000(system) ActivityManager expire 2 lines
04-30 20:00:41.846  1063  2859 I chatty  : uid=1000(system) uteStateMachine expire 3 lines
04-30 20:00:41.878  1063  2860 I chatty  : uid=1000(system) CallAudioModeSt expire 3 lines
04-30 20:00:41.911  1063  1063 I chatty  : uid=1000 system_server expire 12 lines
04-30 20:00:41.934  1063  2859 I chatty  : uid=1000(system) uteStateMachine expire 11 lines
04-30 20:00:41.954  1063  2852 I chatty  : uid=1000(system) BluetoothRouteM expire 1 line
04-30 20:00:41.962  1063   811 I chatty  : uid=1000 system_server expire 1 line
04-30 20:00:43.304  1063  2860 I chatty  : uid=1000(system) CallAudioModeSt expire 2 lines
04-30 20:00:43.798  1063  3460 I chatty  : uid=1000(system) Binder:1063_10 expire 3 lines
04-30 20:00:43.901   799   933 E ActivityThread: Failed to find provider info for com.google.android.apps.messaging.shared.datamodel.provider.sharedstorage.SharedStorageProvider
04-30 20:00:44.723  1063  1328 I chatty  : uid=1000(system) ActivityManager expire 14 lines
04-30 20:00:44.733  1063  1329 I chatty  : uid=1000(system) ActivityManager expire 3 lines
04-30 20:00:44.796  1063  2896 I chatty  : uid=1000(system) Binder:1063_A expire 2 lines
04-30 20:00:44.796  1063  2395 I chatty  : uid=1000(system) ConnectivitySer expire 2 lines
04-30 20:00:44.831  1063  3930 I chatty  : uid=1000(system) Binder:1063_16 expire 1 line
04-30 20:00:44.907  1063  3774 I chatty  : uid=1000(system) Binder:1063_20 expire 1 line
04-30 20:00:45.562  1063  1320 I chatty  : uid=1000(system) android.display expire 1 line
04-30 20:00:45.730  1063  1318 I chatty  : uid=1000(system) android.ui expire 1 line
04-30 20:00:49.463  1063  2132 I chatty  : uid=1000(system) Binder:1063_1B expire 7 lines
04-30 20:00:49.721  1063  1329 I chatty  : uid=1000(system) ActivityManager expire 11 lines
04-30 20:00:49.941  1063  3508 I chatty  : uid=1000(system) Binder:1063_14 expire 2 lines
04-30 20:00:50.076  1063  1320 I chatty  : uid=1000(system) android.display expire 3 lines
04-30 20:01:14.513  1063  1528 I chatty  : uid=1000(system) Binder:1063_4 expire 1 line
04-30 20:01:25.846  1063  1223 I chatty  : uid=1000(system) Binder:1063_2 expire 3 lines
04-30 20:01:50.299  1063  2778 I chatty  : uid=1000(system) Binder:1063_8 expire 3 lines
04-30 20:01:56.102  1063  1546 I chatty  : uid=1000(system) AlarmManager expire 1 line
04-30 20:01:57.925  1063  1047 I chatty  : uid=1000(system) Binder:1063_17 expire 1 line
04-30 20:01:57.926  1063  2395 I chatty  : uid=1000(system) ConnectivitySer expire 2 lines
04-30 20:01:58.118  1063  1328 I chatty  : uid=1000(system) ActivityManager expire 4 lines
04-30 20:02:07.151  1063  1918 I chatty  : uid=1000(system) Binder:1063_1A expire 2 lines
04-30 20:02:18.150  1063  1317 I chatty  : uid=1000(system) android.fg expire 2 lines
04-30 20:02:18.152  1063  1318 I chatty  : uid=1000(system) android.ui expire 2 lines
04-30 20:02:18.306  2669  2669 E ActivityThread: Failed to find provider info for com.jio.os.content.ContentFeedProvider
04-30 20:02:18.316  2669  2669 E ActivityThread: Failed to find provider info for com.jio.os.content.ContentFeedProvider
04-30 20:02:18.638  1063  1063 I chatty  : uid=1000 system_server expire 1 line
04-30 20:02:19.983  1063  1329 I chatty  : uid=1000(system) ActivityManager expire 4 lines
04-30 20:02:20.005  1063  1343 I chatty  : uid=1000(system) CpuTracker expire 2 lines
04-30 20:02:20.747  1930  1930 W ContextImpl: Calling a method in the system process without a qualified user: android.app.ContextImpl.startService:1570 android.content.ContextWrapper.startService:669 com.caf.fmradio.FMRadio.bindToService:2923 com.caf.fmradio.FMRadio.onStart:473 android.app.Instrumentation.callActivityOnStart:1433 
04-30 20:02:20.753  1930  1930 W ContextImpl: Calling a method in the system process without a qualified user: android.app.ContextImpl.bindService:1649 android.content.ContextWrapper.bindService:705 com.caf.fmradio.FMRadio.bindToService:2926 com.caf.fmradio.FMRadio.onStart:473 android.app.Instrumentation.callActivityOnStart:1433 
04-30 20:02:20.799  1063  1319 I chatty  : uid=1000(system) android.io expire 2 lines
04-30 20:03:11.260  1063  1344 I chatty  : uid=1000(system) PowerManagerSer expire 1 line
04-30 20:03:14.852  1063  2295 I chatty  : uid=1000(system) Binder:1063_1C expire 1 line
04-30 20:03:17.244  1063  2778 I chatty  : uid=1000(system) Binder:1063_8 expire 2 lines
04-30 20:03:17.261  1063  2162 I chatty  : uid=1000 system_server expire 1 line
04-30 20:03:17.302  1063  1329 I chatty  : uid=1000(system) ActivityManager expire 11 lines
04-30 20:03:17.455  2075  2075 I ActivityThread: Removing dead content provider:android.content.ContentProviderProxy@79ddc06
04-30 20:03:18.016  1063  1640 I chatty  : uid=1000(system) Binder:1063_1E expire 2 lines
04-30 20:03:18.811  1063  1344 I chatty  : uid=1000(system) PowerManagerSer expire 11 lines
04-30 20:03:18.812  1063  1063 I chatty  : uid=1000 system_server expire 3 lines
04-30 20:03:18.876  1063  1333 I chatty  : uid=1000(system) batterystats-wo expire 2 lines
04-30 20:03:18.921  1063  1320 I chatty  : uid=1000(system) android.display expire 2 lines
04-30 20:03:19.266  1063  1328 I chatty  : uid=1000(system) ActivityManager expire 7 lines
04-30 20:03:20.205  1063  1317 I chatty  : uid=1000(system) android.fg expire 5 lines
04-30 20:03:24.594  1063  2572 I chatty  : uid=1000(system) Binder:1063_5 expire 2 lines
04-30 20:03:25.188  1063  2132 I chatty  : uid=1000(system) Binder:1063_1B expire 1 line
04-30 20:03:26.452  1063  1259 I chatty  : uid=1000(system) Binder:1063_18 expire 1 line
04-30 20:03:28.374  1063  3508 I chatty  : uid=1000(system) Binder:1063_14 expire 1 line
04-30 20:03:41.025  1063  3450 I chatty  : uid=1000(system) Binder:1063_F expire 2 lines
04-30 20:04:23.334  2463  2463 I PowerUI.Notification: show battery full warning: level=100 [1] 
04-30 20:04:23.371  2463  2463 I chatty  : uid=10095(com.android.systemui) identical 3 lines
04-30 20:04:23.384  2463  2463 I PowerUI.Notification: show battery full warning: level=100 [1] 
04-30 20:04:24.144  1063  1329 I chatty  : uid=1000(system) ActivityManager expire 6 lines
04-30 20:04:25.154  1063  1328 I chatty  : uid=1000(system) ActivityManager expire 7 lines
04-30 20:04:25.174  1063  1319 I chatty  : uid=1000(system) android.io expire 1 line
04-30 20:04:32.000  1063  1528 I chatty  : uid=1000(system) Binder:1063_4 expire 1 line
04-30 20:04:32.672  2463  2463 I PowerUI.Notification: show battery full warning: level=100 [1] 
04-30 20:04:47.339  2463  2463 I PowerUI.Notification: show battery full warning: level=100 [1] 
04-30 20:05:03.028  1063  2572 I chatty  : uid=1000(system) Binder:1063_5 expire 2 lines
04-30 20:05:16.469  1063  1344 I chatty  : uid=1000(system) PowerManagerSer expire 13 lines
04-30 20:05:28.476  1063  1063 I chatty  : uid=1000 system_server expire 3 lines
04-30 20:05:28.488  1063  1333 I chatty  : uid=1000(system) batterystats-wo expire 3 lines
04-30 20:05:28.532  1063  1320 I chatty  : uid=1000(system) android.display expire 2 lines
04-30 20:05:29.905  1063  1317 I chatty  : uid=1000(system) android.fg expire 5 lines
04-30 20:05:59.745  2463  2463 I PowerUI.Notification: show battery full warning: level=100 [1] 
04-30 20:05:59.834  2463  2463 I PowerUI.Notification: show battery full warning: level=100 [1] 
04-30 20:05:59.906  1063  1640 I chatty  : uid=1000(system) Binder:1063_1E expire 1 line
04-30 20:06:00.269  1063  2928 I chatty  : uid=1000(system) Binder:1063_B expire 1 line
04-30 20:06:22.218  1063  3507 I chatty  : uid=1000(system) Binder:1063_13 expire 1 line
04-30 20:06:47.339  2463  2463 I PowerUI.Notification: show battery full warning: level=100 [1] 
04-30 20:06:47.936  2463  2463 I PowerUI.Notification: show battery full warning: level=100 [1] 
04-30 20:06:52.908  1063  1344 I chatty  : uid=1000(system) PowerManagerSer expire 13 lines
04-30 20:07:04.966  1063  1320 I chatty  : uid=1000(system) android.display expire 2 lines
04-30 20:07:06.323  1063  1317 I chatty  : uid=1000(system) android.fg expire 6 lines
04-30 20:08:20.807  1063  1329 I chatty  : uid=1000(system) ActivityManager expire 5 lines
04-30 20:08:21.389  1063  2928 I chatty  : uid=1000(system) Binder:1063_B expire 3 lines
04-30 20:08:23.135  1063  3009 I chatty  : uid=1000 system_server expire 1 line
04-30 20:08:23.200  1063  1328 I chatty  : uid=1000(system) ActivityManager expire 12 lines
04-30 20:08:23.624  1063  1871 I chatty  : uid=1000(system) Binder:1063_1F expire 3 lines
04-30 20:08:23.694  1063  1223 I chatty  : uid=1000(system) Binder:1063_2 expire 3 lines
04-30 20:08:24.464  2463  2463 I PowerUI.Notification: show battery full warning: level=100 [1] 
04-30 20:08:24.498  2463  2463 I chatty  : uid=10095(com.android.systemui) identical 1 line
04-30 20:08:24.503  2463  2463 I PowerUI.Notification: show battery full warning: level=100 [1] 
04-30 20:08:24.684  1063  1063 I chatty  : uid=1000 system_server expire 3 lines
04-30 20:08:24.781  1063  1333 I chatty  : uid=1000(system) batterystats-wo expire 1 line
04-30 20:08:25.276  1063  1640 I chatty  : uid=1000(system) Binder:1063_1E expire 1 line
04-30 20:08:26.346  1063  1319 I chatty  : uid=1000(system) android.io expire 1 line
04-30 20:08:31.019  1063  3511 I chatty  : uid=1000(system) Binder:1063_15 expire 1 line
04-30 20:08:36.801  1063  1318 I chatty  : uid=1000(system) android.ui expire 1 line
04-30 20:08:36.867  2669  2669 E ActivityThread: Failed to find provider info for com.jio.os.content.ContentFeedProvider
04-30 20:08:47.340  2463  2463 I PowerUI.Notification: show battery full warning: level=100 [1] 
04-30 20:08:56.118  1063  3930 I chatty  : uid=1000(system) Binder:1063_16 expire 1 line
04-30 20:08:56.656  1063  2779 I chatty  : uid=1000(system) Binder:1063_9 expire 1 line
04-30 20:09:04.873  1063  3410 I chatty  : uid=1000(system) Binder:1063_D expire 1 line
04-30 20:09:36.801  1063  1344 I PowerManagerService: Going to sleep due to timeout (uid 1000)...
04-30 20:09:36.802  1063  1063 W UsageStatsService: Event reported without a package name, eventType:16
04-30 20:09:36.802  1063  1344 I DisplayPowerController: Blocking screen off
04-30 20:09:36.810  1063  1344 I DisplayPowerController: Unblocked screen off after 8 ms
04-30 20:09:36.811  1063  1344 D ActivityTaskManager: Top Process State changed to PROCESS_STATE_TOP_SLEEPING
04-30 20:09:36.825  1063  1333 E KernelCpuSpeedReader: Failed to read cpu-freq: /sys/devices/system/cpu/cpu0/cpufreq/stats/time_in_state: open failed: ENOENT (No such file or directory)
04-30 20:09:36.844  1063  1320 I DisplayManagerService: Display device changed state: "Built-in Screen", OFF
04-30 20:09:38.153  1063  1344 I DreamManagerService: Entering dreamland.
04-30 20:09:38.154  1063  1344 I PowerManagerService: Dozing...
04-30 20:09:38.155  1063  1317 I DreamController: Starting dream: name=ComponentInfo{com.android.systemui/com.android.systemui.doze.DozeService}, isTest=false, canDoze=true, userId=0
04-30 20:09:38.173  1063  1317 D AutofillManagerService: Close system dialogs
04-30 20:10:00.834  2463  2463 I PowerUI.Notification: show battery full warning: level=100 [1] 
04-30 20:10:00.872  2463  2463 I chatty  : uid=10095(com.android.systemui) identical 1 line
04-30 20:10:00.902  2463  2463 I PowerUI.Notification: show battery full warning: level=100 [1] 
04-30 20:10:00.977  1063  2779 I PowerManagerService: Waking up from Dozing (uid=10095, reason=WAKE_REASON_APPLICATION, details=DozeTriggers)...
04-30 20:10:00.978  1063  1063 W UsageStatsService: Event reported without a package name, eventType:15
04-30 20:10:00.980  1063  1344 I DisplayPowerController: Blocking screen on until initial contents have been drawn.
04-30 20:10:00.984  1063  1320 I DisplayManagerService: Display device changed state: "Built-in Screen", ON
04-30 20:10:01.007  1063  1333 E KernelCpuSpeedReader: Failed to read cpu-freq: /sys/devices/system/cpu/cpu0/cpufreq/stats/time_in_state: open failed: ENOENT (No such file or directory)
04-30 20:10:01.009  1063  1328 W BroadcastQueue: Background execution not allowed: receiving Intent { act=android.intent.action.USER_PRESENT flg=0x24200010 } to com.android.chrome/org.chromium.chrome.browser.sharing.click_to_call.ClickToCallMessageHandler$PhoneUnlockedReceiver
04-30 20:10:01.010  1063  1328 W BroadcastQueue: Background execution not allowed: receiving Intent { act=android.intent.action.USER_PRESENT flg=0x24200010 } to com.facebook.lite/com.facebook.rti.push.service.MqttSystemBroadcastReceiver
04-30 20:10:01.011  1063  1328 W BroadcastQueue: Background execution not allowed: receiving Intent { act=android.intent.action.USER_PRESENT flg=0x24200010 } to com.google.android.gms/.auth.setup.devicesignals.LockScreenReceiver
04-30 20:10:01.011  1063  1328 W BroadcastQueue: Background execution not allowed: receiving Intent { act=android.intent.action.USER_PRESENT flg=0x24200010 } to com.google.android.gms/.trustagent.UserPresentBroadcastReceiver
04-30 20:10:01.011  1063  1328 W BroadcastQueue: Background execution not allowed: receiving Intent { act=android.intent.action.USER_PRESENT flg=0x24200010 } to com.google.android.gms/.chimera.GmsIntentOperationService$PersistentTrustedReceiver
04-30 20:10:01.038  1063  1259 D ActivityTaskManager: Top Process State changed to PROCESS_STATE_TOP
04-30 20:10:01.076  2669  2669 E ActivityThread: Failed to find provider info for com.jio.os.content.ContentFeedProvider
04-30 20:10:01.151  1063  1329 W ActivityManager: Slow operation: 51ms so far, now at startProcess: done updating battery stats
04-30 20:10:01.151  1063  1329 W ActivityManager: Slow operation: 51ms so far, now at startProcess: building log message
04-30 20:10:01.151  1063  1329 I ActivityManager: Start proc 3202:com.google.android.gms/u0a91 for service {com.google.android.gms/com.google.android.gms.chimera.GmsIntentOperationService}
04-30 20:10:01.151  1063  1329 W ActivityManager: Slow operation: 51ms so far, now at startProcess: starting to update pids map
04-30 20:10:01.152  1063  1329 W ActivityManager: Slow operation: 52ms so far, now at startProcess: done updating pids map
04-30 20:10:01.197  1063  1344 I DisplayPowerController: Unblocked screen on after 218 ms
04-30 20:10:01.329  1063  1344 W PowerManagerService: Screen on took 352 ms
04-30 20:10:01.329  1063  1344 I DreamManagerService: Gently waking up from dream.
04-30 20:10:01.331  1063  1317 I DreamManagerService: Performing gentle wake from dream.
04-30 20:10:01.338  1063  1259 I DreamManagerService: Leaving dreamland.
04-30 20:10:01.339  1063  1317 I DreamManagerService: Performing gentle wake from dream.
04-30 20:10:01.339  1063  1317 I DreamController: Stopping dream: name=ComponentInfo{com.android.systemui/com.android.systemui.doze.DozeService}, isTest=false, canDoze=true, userId=0
04-30 20:10:01.679  1063  1329 I ActivityManager: Start proc 3258:com.google.process.gservices/u0a91 for content provider {com.google.android.gsf/com.google.android.gsf.gservices.GservicesProvider}
04-30 20:10:02.692  1063  1328 W BroadcastQueue: Background execution not allowed: receiving Intent { act=android.net.wifi.SCAN_RESULTS flg=0x4000010 (has extras) } to com.jio.myjio/.jionet.receiver.WifiScanReceiver
04-30 20:10:02.714  1063  1319 D BluetoothManagerService: MESSAGE_REGISTER_ADAPTER
04-30 20:10:09.569  1063  2779 I ActivityManager: Killing 3128:com.android.cellbroadcastreceiver/u0a50 (adj 940): cached #5
04-30 20:10:21.453  1063  1063 D BluetoothManagerService: Bluetooth persisted state: 0
04-30 20:10:21.454  1063  1063 D BluetoothManagerService: Airplane Mode change - current state:  OFF, isAirplaneModeOn()=true, mEnableExternal: false
04-30 20:10:21.490  1063  1329 I ActivityManager: Start proc 3393:com.android.carrierdefaultapp/u0a62 for broadcast {com.android.carrierdefaultapp/com.android.carrierdefaultapp.CarrierDefaultBroadcastReceiver}
04-30 20:10:21.604  1063  3411 W ActivityManager: Permission Denial: not allowed to send broadcast android.intent.action.AIRPLANE_MODE from pid=3425, uid=2000
04-30 20:10:23.035  1063  3411 W ActivityManager: Permission Denial: not allowed to send broadcast android.intent.action.AIRPLANE_MODE from pid=3470, uid=2000
04-30 20:10:24.354  1063  1063 D BluetoothManagerService: Bluetooth persisted state: 0
04-30 20:10:24.354  1063  1063 D BluetoothManagerService: Airplane Mode change - current state:  OFF, isAirplaneModeOn()=false, mEnableExternal: false
04-30 20:10:24.507  1063  3411 W ActivityManager: Permission Denial: not allowed to send broadcast android.intent.action.AIRPLANE_MODE from pid=3521, uid=2000
04-30 20:10:24.695  1063  3411 I ActivityManager: Killing 3202:com.google.android.gms/u0a91 (adj 940): cached #5
04-30 20:10:25.934  1063  2779 W ActivityManager: Permission Denial: not allowed to send broadcast android.intent.action.AIRPLANE_MODE from pid=3549, uid=2000
04-30 20:10:32.550  1063  2779 W BluetoothManagerService: checkPackage(): called with null packageName from 2000
04-30 20:10:34.905  1063  2779 I chatty  : uid=1000(system) Binder:1063_9 identical 2 lines
04-30 20:10:36.018  1063  2779 W BluetoothManagerService: checkPackage(): called with null packageName from 2000
04-30 20:10:38.582  1063  1328 W BroadcastQueue: Background execution not allowed: receiving Intent { act=android.net.wifi.WIFI_STATE_CHANGED flg=0x4000010 (has extras) } to com.jio.media.ondemand/com.jio.media.mobile.apps.jioondemand.mediaplayer.NetworkChangeReceiver
04-30 20:10:38.585  1063  1328 W BroadcastQueue: Background execution not allowed: receiving Intent { act=android.net.wifi.WIFI_STATE_CHANGED flg=0x4000010 (has extras) } to com.jio.media.ondemand/com.jio.media.framework.services.external.network.NetworkChangedBroadcastListener
04-30 20:10:38.585  1063  1328 W BroadcastQueue: Background execution not allowed: receiving Intent { act=android.net.wifi.WIFI_STATE_CHANGED flg=0x4000010 (has extras) } to com.jio.myjio/.jionet.receiver.WifiScanReceiver
04-30 20:10:38.585  1063  1328 W BroadcastQueue: Background execution not allowed: receiving Intent { act=android.net.wifi.WIFI_STATE_CHANGED flg=0x4000010 (has extras) } to com.jio.myjio/com.bb.lib.receiver.NetworkChangeReceiver
04-30 20:10:38.585  1063  1328 W BroadcastQueue: Background execution not allowed: receiving Intent { act=android.net.wifi.WIFI_STATE_CHANGED flg=0x4000010 (has extras) } to com.jio.myjio/com.inn.passivesdk.receiver.ServiceStarterReceiver
04-30 20:10:38.769  3699  3699 I android.hardware.wifi@1.0-service-lazy: Wifi Hal is booting up...
04-30 20:10:38.770  3699  3699 I android.hardware.wifi@1.0-service-lazy: Registering HAL: android.hardware.wifi@1.3::IWifi with name: default
04-30 20:10:38.774  3699  3699 I ServiceManagement: Registered android.hardware.wifi@1.3::IWifi/default (start delay of 190ms)
04-30 20:10:39.474   674   674 I wificond: Regulatory domain changed
04-30 20:10:39.488   674   674 E wificond: Failed to find expected wiphy info from NL80211_CMD_GET_WIPHY responses
04-30 20:10:39.488   674   674 I wificond: 2.4Ghz frequencies:
04-30 20:10:39.488   674   674 I wificond: 5Ghz non-DFS frequencies:
04-30 20:10:39.488   674   674 I wificond: 5Ghz DFS frequencies:
04-30 20:10:39.488   674   674 I wificond: Regulatory domain changed
04-30 20:10:39.488   674   674 E wificond: Failed to find expected wiphy info from NL80211_CMD_GET_WIPHY responses
04-30 20:10:39.488   674   674 I wificond: 2.4Ghz frequencies:
04-30 20:10:39.488   674   674 I wificond: 5Ghz non-DFS frequencies:
04-30 20:10:39.488   674   674 I wificond: 5Ghz DFS frequencies:
04-30 20:10:39.493  3699  3699 I android.hardware.wifi@1.0-service-lazy: Wifi HAL started
04-30 20:10:39.523  3699  3699 I android.hardware.wifi@1.0-service-lazy: Process has 1 (of 1 available) client(s) in use after notification android.hardware.wifi@1.3::IWifi has clients: 1
04-30 20:10:39.838  3699  3699 I android.hardware.wifi@1.0-service-lazy: Adding interface handle for p2p0
04-30 20:10:39.838  3699  3699 I android.hardware.wifi@1.0-service-lazy: Adding interface handle for wlan0
04-30 20:10:39.838  3699  3699 W android.hardware.wifi@1.0-service-lazy: No active wlan interfaces in use! Using default
04-30 20:10:39.839  3699  3699 W android.hardware.wifi@1.0-service-lazy: No active wlan interfaces in use! Using default
04-30 20:10:39.844  3699  3699 I android.hardware.wifi@1.0-service-lazy: Configured chip in mode 0
04-30 20:10:39.844  3699  3699 W android.hardware.wifi@1.0-service-lazy: No active wlan interfaces in use! Using default
04-30 20:10:39.860   674   674 I wificond: setting base_wiphy_index_ to 2
04-30 20:10:39.862   674   674 I wificond: create scanner for interface with index: 30
04-30 20:10:39.862   674   674 I wificond: subscribe scan result for interface with index: 30
04-30 20:10:39.864   674   674 E wificond: No Offload Service available
04-30 20:10:39.865   674   674 I wificond: Offload HAL not supported 
04-30 20:10:39.984  1063  1328 W BroadcastQueue: Background execution not allowed: receiving Intent { act=android.net.wifi.WIFI_STATE_CHANGED flg=0x4000010 (has extras) } to com.jio.media.ondemand/com.jio.media.mobile.apps.jioondemand.mediaplayer.NetworkChangeReceiver
04-30 20:10:39.984  1063  1328 W BroadcastQueue: Background execution not allowed: receiving Intent { act=android.net.wifi.WIFI_STATE_CHANGED flg=0x4000010 (has extras) } to com.jio.media.ondemand/com.jio.media.framework.services.external.network.NetworkChangedBroadcastListener
04-30 20:10:39.985  1063  1328 W BroadcastQueue: Background execution not allowed: receiving Intent { act=android.net.wifi.WIFI_STATE_CHANGED flg=0x4000010 (has extras) } to com.jio.myjio/.jionet.receiver.WifiScanReceiver
04-30 20:10:39.985  1063  1328 W BroadcastQueue: Background execution not allowed: receiving Intent { act=android.net.wifi.WIFI_STATE_CHANGED flg=0x4000010 (has extras) } to com.jio.myjio/com.bb.lib.receiver.NetworkChangeReceiver
04-30 20:10:39.985  1063  1328 W BroadcastQueue: Background execution not allowed: receiving Intent { act=android.net.wifi.WIFI_STATE_CHANGED flg=0x4000010 (has extras) } to com.jio.myjio/com.inn.passivesdk.receiver.ServiceStarterReceiver
04-30 20:10:39.986  1063  1328 I ActivityManager: Killing 3258:com.google.process.gservices/u0a91 (adj 940): cached #5
04-30 20:10:40.803  1063  1328 W BroadcastQueue: Background execution not allowed: receiving Intent { act=android.net.wifi.SCAN_RESULTS flg=0x4000010 (has extras) } to com.jio.myjio/.jionet.receiver.WifiScanReceiver
04-30 20:10:43.318   674   674 W wificond: No pno scan started
04-30 20:10:43.319   674   674 W wificond: Scheduled scan is not running!
04-30 20:10:43.320  1063  1328 W BroadcastQueue: Background execution not allowed: receiving Intent { act=android.net.wifi.WIFI_STATE_CHANGED flg=0x4000010 (has extras) } to com.jio.media.ondemand/com.jio.media.mobile.apps.jioondemand.mediaplayer.NetworkChangeReceiver
04-30 20:10:43.322   674   674 W wificond: No pno scan started
04-30 20:10:43.322   674   674 W wificond: Scheduled scan is not running!
04-30 20:10:43.324  1063  1328 W BroadcastQueue: Background execution not allowed: receiving Intent { act=android.net.wifi.WIFI_STATE_CHANGED flg=0x4000010 (has extras) } to com.jio.media.ondemand/com.jio.media.framework.services.external.network.NetworkChangedBroadcastListener
04-30 20:10:43.324  1063  1328 W BroadcastQueue: Background execution not allowed: receiving Intent { act=android.net.wifi.WIFI_STATE_CHANGED flg=0x4000010 (has extras) } to com.jio.myjio/.jionet.receiver.WifiScanReceiver
04-30 20:10:43.326  1063  1328 W BroadcastQueue: Background execution not allowed: receiving Intent { act=android.net.wifi.WIFI_STATE_CHANGED flg=0x4000010 (has extras) } to com.jio.myjio/com.bb.lib.receiver.NetworkChangeReceiver
04-30 20:10:43.326  1063  1328 W BroadcastQueue: Background execution not allowed: receiving Intent { act=android.net.wifi.WIFI_STATE_CHANGED flg=0x4000010 (has extras) } to com.jio.myjio/com.inn.passivesdk.receiver.ServiceStarterReceiver
04-30 20:10:43.326  3699  3699 W android.hardware.wifi@1.0-service-lazy: No active wlan interfaces in use! Using default
04-30 20:10:43.440   674   674 I wificond: Unsubscribe scan result for interface with index: 30
04-30 20:10:43.536  3699  3749 I android.hardware.wifi@1.0-service-lazy: Legacy HAL stop complete callback received
04-30 20:10:44.348  3699  3699 I android.hardware.wifi@1.0-service-lazy: Wifi HAL stopped
04-30 20:10:44.353  1063  1328 W BroadcastQueue: Background execution not allowed: receiving Intent { act=android.net.wifi.STATE_CHANGE flg=0x4000010 (has extras) } to com.jio.myjio/.jionet.receiver.WifiScanReceiver
04-30 20:10:44.360  1063  1328 W BroadcastQueue: Background execution not allowed: receiving Intent { act=android.net.wifi.WIFI_STATE_CHANGED flg=0x4000010 (has extras) } to com.jio.media.ondemand/com.jio.media.mobile.apps.jioondemand.mediaplayer.NetworkChangeReceiver
04-30 20:10:44.361  1063  1328 W BroadcastQueue: Background execution not allowed: receiving Intent { act=android.net.wifi.WIFI_STATE_CHANGED flg=0x4000010 (has extras) } to com.jio.media.ondemand/com.jio.media.framework.services.external.network.NetworkChangedBroadcastListener
04-30 20:10:44.361  1063  1328 W BroadcastQueue: Background execution not allowed: receiving Intent { act=android.net.wifi.WIFI_STATE_CHANGED flg=0x4000010 (has extras) } to com.jio.myjio/.jionet.receiver.WifiScanReceiver
04-30 20:10:44.362  1063  1328 W BroadcastQueue: Background execution not allowed: receiving Intent { act=android.net.wifi.WIFI_STATE_CHANGED flg=0x4000010 (has extras) } to com.jio.myjio/com.bb.lib.receiver.NetworkChangeReceiver
04-30 20:10:44.362  1063  1328 W BroadcastQueue: Background execution not allowed: receiving Intent { act=android.net.wifi.WIFI_STATE_CHANGED flg=0x4000010 (has extras) } to com.jio.myjio/com.inn.passivesdk.receiver.ServiceStarterReceiver
04-30 20:10:47.278  1063  1329 I ActivityManager: Start proc 3866:com.android.cellbroadcastreceiver/u0a50 for broadcast {com.android.cellbroadcastreceiver/com.android.cellbroadcastreceiver.CellBroadcastReceiver}
04-30 20:10:47.342  2463  2463 I PowerUI.Notification: show battery full warning: level=100 [1] 
04-30 20:10:47.476  1063  3482 I ActivityManager: Killing 3393:com.android.carrierdefaultapp/u0a62 (adj 940): cached #5
04-30 20:11:19.584  1063  1344 I PowerManagerService: Going to sleep due to timeout (uid 1000)...
04-30 20:11:19.585  1063  1344 I DisplayPowerController: Blocking screen off
04-30 20:11:19.585  1063  1344 I DisplayPowerController: Unblocked screen off after 0 ms
04-30 20:11:19.585  1063  1344 D ActivityTaskManager: Top Process State changed to PROCESS_STATE_TOP_SLEEPING
04-30 20:11:19.587  1063  1063 W UsageStatsService: Event reported without a package name, eventType:16
04-30 20:11:19.595  1063  1333 E KernelCpuSpeedReader: Failed to read cpu-freq: /sys/devices/system/cpu/cpu0/cpufreq/stats/time_in_state: open failed: ENOENT (No such file or directory)
04-30 20:11:19.646  1063  1320 I DisplayManagerService: Display device changed state: "Built-in Screen", OFF
04-30 20:11:19.891  1063  3508 I PowerManagerService: Waking up from Dozing (uid=1000, reason=WAKE_REASON_WAKE_KEY, details=android.policy:KEY)...
04-30 20:11:19.891  1063  1063 W UsageStatsService: Event reported without a package name, eventType:15
04-30 20:11:19.893  1063  1344 I DisplayPowerController: Blocking screen on until initial contents have been drawn.
04-30 20:11:19.894  1063  1344 D ActivityTaskManager: Top Process State changed to PROCESS_STATE_TOP
04-30 20:11:19.894  1063  1333 E KernelCpuSpeedReader: Failed to read cpu-freq: /sys/devices/system/cpu/cpu0/cpufreq/stats/time_in_state: open failed: ENOENT (No such file or directory)
04-30 20:11:19.948  1063  1328 W BroadcastQueue: Background execution not allowed: receiving Intent { act=android.intent.action.USER_PRESENT flg=0x24200010 } to com.android.chrome/org.chromium.chrome.browser.sharing.click_to_call.ClickToCallMessageHandler$PhoneUnlockedReceiver
04-30 20:11:19.948  1063  1328 W BroadcastQueue: Background execution not allowed: receiving Intent { act=android.intent.action.USER_PRESENT flg=0x24200010 } to com.facebook.lite/com.facebook.rti.push.service.MqttSystemBroadcastReceiver
04-30 20:11:19.948  1063  1328 W BroadcastQueue: Background execution not allowed: receiving Intent { act=android.intent.action.USER_PRESENT flg=0x24200010 } to com.google.android.gms/.auth.setup.devicesignals.LockScreenReceiver
04-30 20:11:19.949  1063  1328 W BroadcastQueue: Background execution not allowed: receiving Intent { act=android.intent.action.USER_PRESENT flg=0x24200010 } to com.google.android.gms/.trustagent.UserPresentBroadcastReceiver
04-30 20:11:19.949  1063  1328 W BroadcastQueue: Background execution not allowed: receiving Intent { act=android.intent.action.USER_PRESENT flg=0x24200010 } to com.google.android.gms/.chimera.GmsIntentOperationService$PersistentTrustedReceiver
04-30 20:11:19.950  2669  2669 E ActivityThread: Failed to find provider info for com.jio.os.content.ContentFeedProvider
04-30 20:11:20.002  1063  1344 I DisplayPowerController: Unblocked screen on after 109 ms
04-30 20:11:20.043  1063  1329 I ActivityManager: Start proc 474:com.google.android.gms/u0a91 for service {com.google.android.gms/com.google.android.gms.chimera.GmsIntentOperationService}
04-30 20:11:20.210  1063  3508 I ActivityTaskManager: START u0 {act=android.media.action.IMAGE_CAPTURE flg=0x10000000 cmp=com.android.camera2/com.android.camera.CaptureActivity} from uid 2000
04-30 20:11:20.810  1063  2779 W ActivityManager: Slow operation: 338ms so far, now at startProcess: done creating new process record
04-30 20:11:20.811  1063  2779 W ActivityManager: Slow operation: 338ms so far, now at startProcess: stepping in to startProcess
04-30 20:11:20.815  1063  2779 W ActivityManager: Slow operation: 342ms so far, now at startProcess: done starting proc!
04-30 20:11:20.815  1063  2779 W ActivityManager: Slow operation: 342ms so far, now at getContentProviderImpl: after start process
04-30 20:11:20.815  1063  2779 W ActivityManager: Slow operation: 342ms so far, now at getContentProviderImpl: updating data structures
04-30 20:11:20.815  1063  2779 W ActivityManager: Slow operation: 342ms so far, now at getContentProviderImpl: done!
04-30 20:11:20.818  1063  1320 W ActivityTaskManager: Activity top resumed state loss timeout for ActivityRecord{2d53d00 u0 com.android.launcher3/.Launcher t4}
04-30 20:11:20.818  1063  1320 W ActivityTaskManager: Activity pause timeout for ActivityRecord{2d53d00 u0 com.android.launcher3/.Launcher t4}
04-30 20:11:20.834  1063  1320 I DisplayManagerService: Display device changed state: "Built-in Screen", ON
04-30 20:11:20.861  1063  1329 I ActivityManager: Start proc 583:com.google.process.gservices/u0a91 for content provider {com.google.android.gsf/com.google.android.gsf.gservices.GservicesProvider}
04-30 20:11:20.862  1063  1329 W ActivityManager: Slow operation: 51ms so far, now at startProcess: done updating pids map
04-30 20:11:21.208  1063  1344 W PowerManagerService: Screen on took 1320 ms
04-30 20:11:21.668  1063  1551 D WindowManager: powerPress: eventTime=2445736 interactive=true count=1 beganFromNonInteractive=false mShortPressOnPowerBehavior=1
04-30 20:11:21.668  1063  1551 I PowerManagerService: Going to sleep due to power_button (uid 1000)...
04-30 20:11:21.668  1063  1063 W UsageStatsService: Event reported without a package name, eventType:16
04-30 20:11:21.669  1063  1344 I DisplayPowerController: Blocking screen off
04-30 20:11:21.669  1063  1344 I DisplayPowerController: Unblocked screen off after 0 ms
04-30 20:11:21.671  1063  1344 D ActivityTaskManager: Top Process State changed to PROCESS_STATE_TOP_SLEEPING
04-30 20:11:21.691  1063  1333 E KernelCpuSpeedReader: Failed to read cpu-freq: /sys/devices/system/cpu/cpu0/cpufreq/stats/time_in_state: open failed: ENOENT (No such file or directory)
04-30 20:11:21.738  1063  1320 I DisplayManagerService: Display device changed state: "Built-in Screen", OFF
04-30 20:11:22.209  1063  1320 W ActivityTaskManager: Activity top resumed state loss timeout for ActivityRecord{460bce7 u0 com.android.camera2/com.android.camera.CaptureActivity t11}
04-30 20:11:22.210  1063  1320 W ActivityTaskManager: Activity pause timeout for ActivityRecord{460bce7 u0 com.android.camera2/com.android.camera.CaptureActivity t11}
04-30 20:11:22.419  1063  1550 W WindowManager: Failed looking up window callers=com.android.server.wm.InputManagerCallback.interceptKeyBeforeDispatching:182 com.android.server.input.InputManagerService.interceptKeyBeforeDispatching:1900 <bottom of call stack> 
04-30 20:11:22.776  1063  1344 I DreamManagerService: Entering dreamland.
04-30 20:11:22.780  1063  1344 I PowerManagerService: Dozing...
04-30 20:11:22.784  1063  1317 I DreamController: Starting dream: name=ComponentInfo{com.android.systemui/com.android.systemui.doze.DozeService}, isTest=false, canDoze=true, userId=0
04-30 20:11:22.797  1063  1317 D AutofillManagerService: Close system dialogs
04-30 20:11:22.871  1063  1328 W BroadcastQueue: Background execution not allowed: receiving Intent { act=android.net.wifi.SCAN_RESULTS flg=0x4000010 (has extras) } to com.jio.myjio/.jionet.receiver.WifiScanReceiver
04-30 20:11:22.905  1063  1319 D BluetoothManagerService: MESSAGE_REGISTER_ADAPTER
04-30 20:11:23.796  1063  1551 I PowerManagerService: Waking up from Dozing (uid=1000, reason=WAKE_REASON_POWER_BUTTON, details=android.policy:POWER)...
04-30 20:11:23.796  1063  1063 W UsageStatsService: Event reported without a package name, eventType:15
04-30 20:11:23.799  1063  1344 I DisplayPowerController: Blocking screen on until initial contents have been drawn.
04-30 20:11:23.810  1063  1333 E KernelCpuSpeedReader: Failed to read cpu-freq: /sys/devices/system/cpu/cpu0/cpufreq/stats/time_in_state: open failed: ENOENT (No such file or directory)
04-30 20:11:23.848  1063  1320 I DisplayManagerService: Display device changed state: "Built-in Screen", ON
04-30 20:11:23.905  1063  1328 W BroadcastQueue: Background execution not allowed: receiving Intent { act=android.intent.action.USER_PRESENT flg=0x24200010 } to com.android.chrome/org.chromium.chrome.browser.sharing.click_to_call.ClickToCallMessageHandler$PhoneUnlockedReceiver
04-30 20:11:23.905  1063  1328 W BroadcastQueue: Background execution not allowed: receiving Intent { act=android.intent.action.USER_PRESENT flg=0x24200010 } to com.facebook.lite/com.facebook.rti.push.service.MqttSystemBroadcastReceiver
04-30 20:11:23.905  1063  1328 W BroadcastQueue: Background execution not allowed: receiving Intent { act=android.intent.action.USER_PRESENT flg=0x24200010 } to com.google.android.gms/.auth.setup.devicesignals.LockScreenReceiver
04-30 20:11:23.906  1063  1328 W BroadcastQueue: Background execution not allowed: receiving Intent { act=android.intent.action.USER_PRESENT flg=0x24200010 } to com.google.android.gms/.trustagent.UserPresentBroadcastReceiver
04-30 20:11:23.906  1063  1328 W BroadcastQueue: Background execution not allowed: receiving Intent { act=android.intent.action.USER_PRESENT flg=0x24200010 } to com.google.android.gms/.chimera.GmsIntentOperationService$PersistentTrustedReceiver
04-30 20:11:23.926  1063  3508 D ActivityTaskManager: Top Process State changed to PROCESS_STATE_TOP
04-30 20:11:24.058  1063  1344 I DisplayPowerController: Unblocked screen on after 259 ms
--------- beginning of main
04-30 20:11:24.072   500   500 E ANDR-PERF-TARGET: Error: Invalid logical cluster id 1
04-30 20:11:24.072   500   500 E ANDR-PERF-REQUEST: Translate to physical failed
04-30 20:11:24.072   500   500 E ANDR-PERF-TARGET: Error: Invalid logical cluster id 1
04-30 20:11:24.072   500   500 E ANDR-PERF-REQUEST: Translate to physical failed
04-30 20:11:24.078   663  1126 I chatty  : uid=1047(cameraserver) provider@2.4-se expire 5 lines
04-30 20:11:24.079   663  1127 I chatty  : uid=1047(cameraserver) provider@2.4-se expire 5 lines
04-30 20:11:24.085   663  1129 I chatty  : uid=1047(cameraserver) provider@2.4-se expire 6 lines
04-30 20:11:24.087   663  1142 I chatty  : uid=1047(cameraserver) provider@2.4-se expire 5 lines
04-30 20:11:24.095   663  1164 I chatty  : uid=1047(cameraserver) provider@2.4-se expire 5 lines
04-30 20:11:24.102   663  1167 I chatty  : uid=1047(cameraserver) provider@2.4-se expire 5 lines
04-30 20:11:24.151   492   521 I chatty  : uid=1000(system) Binder:492_2 expire 1 line
04-30 20:11:24.151   512   512 D SurfaceFlinger: Finished setting power mode 2 on display 0
04-30 20:11:24.156  1063  2424 D SurfaceControl: Excessive delay in setPowerMode()
04-30 20:11:24.157  1063  1344 W PowerManagerService: Screen on took 368 ms
04-30 20:11:24.157  1063  1344 I DreamManagerService: Gently waking up from dream.
04-30 20:11:24.158  1063  1317 I DreamManagerService: Performing gentle wake from dream.
04-30 20:11:24.161   492   828 I chatty  : uid=1000(system) HwBinder:492_3 expire 9 lines
04-30 20:11:24.165  2463  2463 D KeyguardClockSwitch: Updating clock: 811
04-30 20:11:24.168   592   656 I ThermalEngine: Thermal-Server: Adding thermal event listener on fd 31
04-30 20:11:24.168   592   656 D ThermalEngine: bw_client_hal_callback: received 0x1 value from client:camera_bw
04-30 20:11:24.173   663  1194 I chatty  : uid=1047(cameraserver) provider@2.4-se expire 2 lines
04-30 20:11:24.203   608  3704 I chatty  : uid=1047(cameraserver) Binder:608_5 expire 29 lines
04-30 20:11:24.205   500   500 E ANDR-PERF-TARGET: Error: Invalid logical cluster id 1
04-30 20:11:24.205   500   500 E ANDR-PERF-REQUEST: Translate to physical failed
04-30 20:11:24.205   500   500 E ANDR-PERF-TARGET: Error: Invalid logical cluster id 1
04-30 20:11:24.205   500   500 E ANDR-PERF-REQUEST: Translate to physical failed
04-30 20:11:24.206   663  1124 I chatty  : uid=1047(cameraserver) provider@2.4-se expire 160 lines
04-30 20:11:24.239  1063  2779 I DreamManagerService: Leaving dreamland.
04-30 20:11:24.239  1063  1317 I DreamManagerService: Performing gentle wake from dream.
04-30 20:11:24.239  1063  1317 I DreamController: Stopping dream: name=ComponentInfo{com.android.systemui/com.android.systemui.doze.DozeService}, isTest=false, canDoze=true, userId=0
04-30 20:11:24.253  1063  1063 W AlarmManager: Unrecognized alarm listener com.android.server.job.controllers.idle.-$$Lambda$DeviceIdlenessTracker$-H1-ZwZAJ-vh10A0PeYXaZLj_R0@cf0b12
04-30 20:11:24.261  2946  1200 I chatty  : uid=10099(com.android.camera2) expire 6 lines
04-30 20:11:24.281  2946  1207 I chatty  : uid=10099(com.android.camera2) expire 9 lines
04-30 20:11:24.295   339   339 I chatty  : uid=1000(system) hwservicemanage expire 3 lines
04-30 20:11:24.299   500   500 E ANDR-PERF-TARGET: Error: Invalid logical cluster id 1
04-30 20:11:24.299   500   500 E ANDR-PERF-REQUEST: Translate to physical failed
04-30 20:11:24.299   500   500 E ANDR-PERF-TARGET: Error: Invalid logical cluster id 1
04-30 20:11:24.299   500   500 E ANDR-PERF-REQUEST: Translate to physical failed
04-30 20:11:24.305   663  1196 I chatty  : uid=1047(cameraserver) HwBinder:663_4 expire 3 lines
04-30 20:11:24.332  2978  2978 I DeviceStatusMonitor: onReceive() : Action = android.intent.action.SCREEN_ON
04-30 20:11:24.342  1063  1317 W Looper  : Slow dispatch took 103ms android.fg h=com.android.server.dreams.DreamManagerService$DreamHandler c=com.android.server.dreams.DreamManagerService$3@1dd757d m=0
04-30 20:11:24.353   658   658 I MMParserExtractor: Created(0xaa72d900)
04-30 20:11:24.379  2946  1234 I chatty  : uid=10099(com.android.camera2) expire 2 lines
04-30 20:11:24.380   675  2680 I OMXMaster: makeComponentInstance(OMX.google.vorbis.decoder) in android.hardwar process
04-30 20:11:24.381   663  1173 I chatty  : uid=1047(cameraserver) provider@2.4-se expire 2 lines
04-30 20:11:24.381  1930  1930 D FMService: onDataActivity - 4
04-30 20:11:24.382  1930  1930 D FMService: onDataActivity - 4
04-30 20:11:24.388   675  2680 E OMXNodeInstance: getConfig(0xae81b320:google.vorbis.decoder, ConfigAndroidVendorExtension(0x6f100004)) ERROR: Undefined(0x80001001)
04-30 20:11:24.392   663  1175 I chatty  : uid=1047(cameraserver) provider@2.4-se expire 2 lines
04-30 20:11:24.466   658   658 D MediaBufferGroup: creating MemoryDealer
04-30 20:11:24.478   663  1240 I chatty  : uid=1047(cameraserver) provider@2.4-se expire 24 lines
04-30 20:11:24.482   663  1131 I chatty  : uid=1047(cameraserver) provider@2.4-se expire 19 lines
04-30 20:11:24.497   663  1176 I chatty  : uid=1047(cameraserver) provider@2.4-se expire 3 lines
04-30 20:11:24.513   663  1168 I chatty  : uid=1047(cameraserver) provider@2.4-se expire 3 lines
04-30 20:11:24.562  3315  3179 I chatty  : uid=10045(com.jio.adc.embedded) pool-8-thread-2 expire 2 lines
04-30 20:11:24.575  3315  3182 I chatty  : uid=10045(com.jio.adc.embedded) pool-2-thread-2 expire 1 line
04-30 20:11:24.575  3315  3181 I chatty  : uid=10045(com.jio.adc.embedded) pool-9-thread-2 expire 1 line
04-30 20:11:24.577  3315  3180 D [471   ] ANH-ADC-EX_CO: com.jio.adc.core.CEP$ > Setting Data
04-30 20:11:24.579   663  1239 I chatty  : uid=1047(cameraserver) provider@2.4-se expire 90 lines
04-30 20:11:24.597  3315  3186 D [476   ] ANH-EX_NM: c.j.a.core.module.exnm.EEP$b call> bitField: 0
04-30 20:11:24.597  3315  3187 D [477   ] ANH-EX_DE: c.j.a.core.module.exde.EEP$a call> bitField: 32
04-30 20:11:24.597  3315  3185 D [475   ] ANH-EX_NA: c.j.a.core.module.exna.EEP$a call> bitField: 0
04-30 20:11:24.607  3305  3305 D QSLMJ   : SLM received action android.intent.action.SCREEN_ON
04-30 20:11:24.618  1930  1930 D FMService: ACTION_SCREEN_ON Intent received
04-30 20:11:24.675  2903  3675 I NearbySharing: Screen is unlocked [CONTEXT service_id=194 ]
04-30 20:11:24.704  2903  3675 I NearbySharing: Failed to stop scanning because weren't scanning. [CONTEXT service_id=194 ]
04-30 20:11:24.704  2903  3675 I NearbySharing: Stopping discovery because Bluetooth is disabled. [CONTEXT service_id=194 ]
04-30 20:11:24.709   663  1161 I chatty  : uid=1047(cameraserver) provider@2.4-se expire 6 lines
04-30 20:11:24.718  2903  3675 I NearbySharing: Can't stop advertising FastInitiation. Not advertising. [CONTEXT service_id=194 ]
04-30 20:11:24.729  2903  3675 I NearbySharing: Stopping Fast Init advertisement because Bluetooth is off. [CONTEXT service_id=194 ]
04-30 20:11:24.730  2903  3675 I NearbySharing: Failed to stop advertising because we weren't advertising. [CONTEXT service_id=194 ]
04-30 20:11:24.748  2903  3675 I NearbySharing: Stopping advertising because Bluetooth is disabled. [CONTEXT service_id=194 ]
04-30 20:11:24.749  2903  3675 I NearbySharing: Can't stop scanning for FastInitiation. Not scanning. [CONTEXT service_id=194 ]
04-30 20:11:24.751  2903  3675 I NearbySharing: Fast Initiation Scanning has stopped [CONTEXT service_id=194 ]
04-30 20:11:24.751  2903  3675 I NearbySharing: Stopping Fast Init because Bluetooth is disabled. [CONTEXT service_id=194 ]
