04-29 10:42:03.801  3219  3230 W System  : 	at com.koushikdutta.scratch.Baton.tossInternal(baton.kt:1)
04-29 10:42:03.801  3219  3230 W System  : 	at com.koushikdutta.scratch.Baton.tossInternal$default(baton.kt:1)
04-29 10:42:03.801  3219  3230 W System  : 	at com.koushikdutta.scratch.Baton.toss(baton.kt:2)
04-29 10:42:03.801  3219  3230 W System  : 	at com.koushikdutta.scratch.NonBlockingWritePipe.write(niopipe.kt:1)
04-29 10:42:03.801  3219  3230 W System  : 	at com.koushikdutta.scratch.event.NIOSocket.flushInputBuffer(niosocket.kt:2)
04-29 10:42:03.801  3219  3230 W System  : 	at com.koushikdutta.scratch.event.NIOSocket.readable(niosocket.kt:2)
04-29 10:42:03.801  3219  3230 W System  : 	at com.koushikdutta.scratch.event.NIOEventLoop.runSelector(nioloop.kt:9)
04-29 10:42:03.801  3219  3230 W System  : 	at com.koushikdutta.scratch.event.NIOEventLoop.runLoop(nioloop.kt:5)
04-29 10:42:03.801  3219  3230 W System  : 	at com.koushikdutta.scratch.event.NIOEventLoop.run(nioloop.kt:5)
04-29 10:42:03.801  3219  3230 W System  : 	at com.koushikdutta.scratch.event.NioloopKt$startThread$1.run(nioloop.kt:1)
04-29 10:42:03.801  3219  3230 W System  : 	at java.lang.Thread.run(Thread.java:919)
04-29 10:42:03.807  1763  1763 D ServiceStateProvider: subId=1
04-29 10:42:03.822   998  1259 D CompatibilityInfo: mCompatibilityFlags - 0
04-29 10:42:03.822   998  1259 D CompatibilityInfo: applicationDensity - 216
04-29 10:42:03.822   998  1259 D CompatibilityInfo: applicationScale - 1.0
04-29 10:42:03.831  3581  3581 D CellBroadcastReceiver: onReceive Intent { act=android.intent.action.SERVICE_STATE flg=0x1000010 cmp=com.android.cellbroadcastreceiver/.CellBroadcastReceiver (has extras) }
04-29 10:42:03.847  3763  3956 E mm-camera: <IFACE ><ERROR> 2441: iface_axi_handle_sof_event: Event SOF session 1 VFE1, src 0 with frame_id 19 ts: 1855731275000
04-29 10:42:03.858  3763  3897 E mm-camera: <IMGLIB><ERROR> 5398: module_faceproc_client_send_info: Both processing and reporting streams are same or it is hal3
04-29 10:42:03.870  1676  2943 D QCNEJ/WwanInfoRelay: onServiceStateChanged: dataState: 0 DDS:1 Notify service state update
04-29 10:42:03.917   406   406 I CarrierServices: [2] dmn.onReceive: Received SERVICE_STATE intent, clearing cached cell info
04-29 10:42:03.947  3763  3956 E mm-camera: <IFACE ><ERROR> 2441: iface_axi_handle_sof_event: Event SOF session 1 VFE1, src 0 with frame_id 20 ts: 1855831334000
04-29 10:42:03.953  3763  3897 E mm-camera: <IMGLIB><ERROR> 5398: module_faceproc_client_send_info: Both processing and reporting streams are same or it is hal3
04-29 10:42:04.047  3763  3956 E mm-camera: <IFACE ><ERROR> 2441: iface_axi_handle_sof_event: Event SOF session 1 VFE1, src 0 with frame_id 21 ts: 1855931396000
04-29 10:42:04.051  3763  3897 E mm-camera: <IMGLIB><ERROR> 5398: module_faceproc_client_send_info: Both processing and reporting streams are same or it is hal3
04-29 10:42:04.148  3763  3956 E mm-camera: <IFACE ><ERROR> 2441: iface_axi_handle_sof_event: Event SOF session 1 VFE1, src 0 with frame_id 22 ts: 1856031575000
04-29 10:42:04.151  3763  3897 E mm-camera: <IMGLIB><ERROR> 5398: module_faceproc_client_send_info: Both processing and reporting streams are same or it is hal3
04-29 10:42:04.248  3763  3956 E mm-camera: <IFACE ><ERROR> 2441: iface_axi_handle_sof_event: Event SOF session 1 VFE1, src 0 with frame_id 23 ts: 1856132495000
04-29 10:42:04.252  3763  3897 E mm-camera: <IMGLIB><ERROR> 5398: module_faceproc_client_send_info: Both processing and reporting streams are same or it is hal3
04-29 10:42:04.349  3763  3956 E mm-camera: <IFACE ><ERROR> 2441: iface_axi_handle_sof_event: Event SOF session 1 VFE1, src 0 with frame_id 24 ts: 1856232728000
04-29 10:42:04.353  3763  3897 E mm-camera: <IMGLIB><ERROR> 5398: module_faceproc_client_send_info: Both processing and reporting streams are same or it is hal3
04-29 10:42:04.400   596   639 D ThermalEngine: zone:20 sensor:skin-therm-adc temp:9123 trip:0 event:0
04-29 10:42:04.407   596   639 D ThermalEngine: zone:1 sensor:xo-therm-buf-adc temp:42349 trip:0 event:0
04-29 10:42:04.409   596   639 D ThermalEngine: zone:2 sensor:pa-therm0-adc temp:39285 trip:0 event:0
04-29 10:42:04.448  3763  3956 E mm-camera: <IFACE ><ERROR> 2441: iface_axi_handle_sof_event: Event SOF session 1 VFE1, src 0 with frame_id 25 ts: 1856331664000
04-29 10:42:04.453  3763  3897 E mm-camera: <IMGLIB><ERROR> 5398: module_faceproc_client_send_info: Both processing and reporting streams are same or it is hal3
04-29 10:42:04.548  3763  3956 E mm-camera: <IFACE ><ERROR> 2441: iface_axi_handle_sof_event: Event SOF session 1 VFE1, src 0 with frame_id 26 ts: 1856431730000
04-29 10:42:04.554  3763  3897 E mm-camera: <IMGLIB><ERROR> 5398: module_faceproc_client_send_info: Both processing and reporting streams are same or it is hal3
04-29 10:42:04.600   494   532 W SDM     : HWPrimary::PopulateDisplayAttributes: Driver doesn't report panel physical width and height - defaulting to 320dpi
04-29 10:42:04.603   412  1628 I netd    : trafficSwapActiveStatsMap() <42.88ms>
04-29 10:42:04.649  3763  3956 E mm-camera: <IFACE ><ERROR> 2441: iface_axi_handle_sof_event: Event SOF session 1 VFE1, src 0 with frame_id 27 ts: 1856532845000
04-29 10:42:04.652   412  1628 I netd    : tetherGetStats() <46.39ms>
04-29 10:42:04.652  3763  3897 E mm-camera: <IMGLIB><ERROR> 5398: module_faceproc_client_send_info: Both processing and reporting streams are same or it is hal3
04-29 10:42:04.675   412  1628 I netd    : bandwidthSetGlobalAlert(2097152) <0.70ms>
04-29 10:42:04.683   494  2085 W SDM     : HWPrimary::PopulateDisplayAttributes: Driver doesn't report panel physical width and height - defaulting to 320dpi
04-29 10:42:04.748  3763  3956 E mm-camera: <IFACE ><ERROR> 2441: iface_axi_handle_sof_event: Event SOF session 1 VFE1, src 0 with frame_id 28 ts: 1856631859000
04-29 10:42:04.751  3763  3897 E mm-camera: <IMGLIB><ERROR> 5398: module_faceproc_client_send_info: Both processing and reporting streams are same or it is hal3
04-29 10:42:04.848  3763  3956 E mm-camera: <IFACE ><ERROR> 2441: iface_axi_handle_sof_event: Event SOF session 1 VFE1, src 0 with frame_id 29 ts: 1856731923000
04-29 10:42:04.852  3763  3897 E mm-camera: <IMGLIB><ERROR> 5398: module_faceproc_client_send_info: Both processing and reporting streams are same or it is hal3
04-29 10:42:04.949  3763  3956 E mm-camera: <IFACE ><ERROR> 2441: iface_axi_handle_sof_event: Event SOF session 1 VFE1, src 0 with frame_id 30 ts: 1856832740000
04-29 10:42:04.952  3763  3897 E mm-camera: <IMGLIB><ERROR> 5398: module_faceproc_client_send_info: Both processing and reporting streams are same or it is hal3
04-29 10:42:05.049  3763  3956 E mm-camera: <IFACE ><ERROR> 2441: iface_axi_handle_sof_event: Event SOF session 1 VFE1, src 0 with frame_id 31 ts: 1856932849000
04-29 10:42:05.053  3763  3897 E mm-camera: <IMGLIB><ERROR> 5398: module_faceproc_client_send_info: Both processing and reporting streams are same or it is hal3
04-29 10:42:05.148  3763  3956 E mm-camera: <IFACE ><ERROR> 2441: iface_axi_handle_sof_event: Event SOF session 1 VFE1, src 0 with frame_id 32 ts: 1857032122000
04-29 10:42:05.151  3763  3897 E mm-camera: <IMGLIB><ERROR> 5398: module_faceproc_client_send_info: Both processing and reporting streams are same or it is hal3
04-29 10:42:05.248  3763  3956 E mm-camera: <IFACE ><ERROR> 2441: iface_axi_handle_sof_event: Event SOF session 1 VFE1, src 0 with frame_id 33 ts: 1857132188000
04-29 10:42:05.253  3763  3897 E mm-camera: <IMGLIB><ERROR> 5398: module_faceproc_client_send_info: Both processing and reporting streams are same or it is hal3
04-29 10:42:05.348  3763  3956 E mm-camera: <IFACE ><ERROR> 2441: iface_axi_handle_sof_event: Event SOF session 1 VFE1, src 0 with frame_id 34 ts: 1857232258000
04-29 10:42:05.351  3763  3897 E mm-camera: <IMGLIB><ERROR> 5398: module_faceproc_client_send_info: Both processing and reporting streams are same or it is hal3
04-29 10:42:05.448  3763  3956 E mm-camera: <IFACE ><ERROR> 2441: iface_axi_handle_sof_event: Event SOF session 1 VFE1, src 0 with frame_id 35 ts: 1857332330000
04-29 10:42:05.451  3763  3897 E mm-camera: <IMGLIB><ERROR> 5398: module_faceproc_client_send_info: Both processing and reporting streams are same or it is hal3
04-29 10:42:05.548  3763  3956 E mm-camera: <IFACE ><ERROR> 2441: iface_axi_handle_sof_event: Event SOF session 1 VFE1, src 0 with frame_id 36 ts: 1857432402000
04-29 10:42:05.552  3763  3897 E mm-camera: <IMGLIB><ERROR> 5398: module_faceproc_client_send_info: Both processing and reporting streams are same or it is hal3
04-29 10:42:05.648  3763  3956 E mm-camera: <IFACE ><ERROR> 2441: iface_axi_handle_sof_event: Event SOF session 1 VFE1, src 0 with frame_id 37 ts: 1857532463000
04-29 10:42:05.651  3763  3897 E mm-camera: <IMGLIB><ERROR> 5398: module_faceproc_client_send_info: Both processing and reporting streams are same or it is hal3
04-29 10:42:05.748  3763  3956 E mm-camera: <IFACE ><ERROR> 2441: iface_axi_handle_sof_event: Event SOF session 1 VFE1, src 0 with frame_id 38 ts: 1857632534000
04-29 10:42:05.753  3763  3897 E mm-camera: <IMGLIB><ERROR> 5398: module_faceproc_client_send_info: Both processing and reporting streams are same or it is hal3
