04-29 10:33:42.903   998  1239 I chatty  : uid=1000(system) android.io expire 1 line
04-29 10:33:47.457  1587  1587 I PowerUI.Notification: show battery full warning: level=100 [1] 
04-29 10:34:46.562   998  1269 I chatty  : uid=1000(system) batterystats-wo expire 2 lines
04-29 10:35:17.657  1587  1587 I PowerUI.Notification: show battery full warning: level=100 [1] 
04-29 10:35:17.682  1587  1587 I chatty  : uid=10095(com.android.systemui) identical 1 line
04-29 10:35:17.705  1587  1587 I PowerUI.Notification: show battery full warning: level=100 [1] 
04-29 10:35:17.779   998  1109 I chatty  : uid=1000(system) Binder:998_2 expire 1 line
04-29 10:35:17.784   998  1314 I chatty  : uid=1000(system) PowerManagerSer expire 6 lines
04-29 10:35:17.860   998  1850 I chatty  : uid=1000(system) Binder:998_7 expire 1 line
04-29 10:35:17.891  1876  1876 E ActivityThread: Failed to find provider info for com.jio.os.content.ContentFeedProvider
04-29 10:35:18.124   998  1259 I chatty  : uid=1000(system) ActivityManager expire 9 lines
04-29 10:35:18.191   998  2800 I chatty  : uid=1000(system) Binder:998_11 expire 3 lines
04-29 10:35:18.192   998  1237 I chatty  : uid=1000(system) android.fg expire 6 lines
04-29 10:35:33.124   998  1260 I chatty  : uid=1000(system) ActivityManager expire 2 lines
04-29 10:35:33.601   998  2641 I chatty  : uid=1000(system) Binder:998_1D expire 5 lines
04-29 10:35:33.646   998  1850 I chatty  : uid=1000(system) Binder:998_7 expire 1 line
04-29 10:35:34.167   412   880 E NetlinkEvent: NetlinkEvent::FindParam(): Parameter 'INTERFACE' not found
04-29 10:35:34.167   412   880 E NetlinkEvent: NetlinkEvent::FindParam(): Parameter 'STATE' not found
04-29 10:35:34.167   412   880 E NetlinkEvent: NetlinkEvent::FindParam(): Parameter 'TIME_NS' not found
04-29 10:35:34.167   412   880 E NetlinkEvent: NetlinkEvent::FindParam(): Parameter 'UID' not found
04-29 10:35:35.260   998  2241 I chatty  : uid=1000 system_server expire 1 line
04-29 10:35:43.199   998   998 I chatty  : uid=1000 system_server expire 9 lines
04-29 10:35:47.445  1587  1587 I PowerUI.Notification: show battery full warning: level=100 [1] 
04-29 10:36:10.781   998  1314 I chatty  : uid=1000(system) PowerManagerSer expire 10 lines
04-29 10:36:22.803   998  1269 I chatty  : uid=1000(system) batterystats-wo expire 2 lines
04-29 10:36:22.847   998  1242 I chatty  : uid=1000(system) android.display expire 2 lines
04-29 10:36:53.634   412   880 E NetlinkEvent: NetlinkEvent::FindParam(): Parameter 'INTERFACE' not found
04-29 10:36:53.634   412   880 E NetlinkEvent: NetlinkEvent::FindParam(): Parameter 'STATE' not found
04-29 10:36:53.634   412   880 E NetlinkEvent: NetlinkEvent::FindParam(): Parameter 'TIME_NS' not found
04-29 10:36:53.634   412   880 E NetlinkEvent: NetlinkEvent::FindParam(): Parameter 'UID' not found
04-29 10:37:42.300  1587  1587 I PowerUI.Notification: show battery full warning: level=100 [1] 
04-29 10:37:42.340  1587  1587 I chatty  : uid=10095(com.android.systemui) identical 1 line
04-29 10:37:42.349  1587  1587 I PowerUI.Notification: show battery full warning: level=100 [1] 
04-29 10:37:42.503  1876  1876 E ActivityThread: Failed to find provider info for com.jio.os.content.ContentFeedProvider
04-29 10:37:42.793   998  1314 I chatty  : uid=1000(system) PowerManagerSer expire 13 lines
04-29 10:37:43.588   998  1260 I chatty  : uid=1000(system) ActivityManager expire 3 lines
04-29 10:37:44.614   998  1109 I chatty  : uid=1000(system) Binder:998_2 expire 2 lines
04-29 10:37:45.447   412   880 E NetlinkEvent: NetlinkEvent::FindParam(): Parameter 'INTERFACE' not found
04-29 10:37:45.447   412   880 E NetlinkEvent: NetlinkEvent::FindParam(): Parameter 'STATE' not found
04-29 10:37:45.447   412   880 E NetlinkEvent: NetlinkEvent::FindParam(): Parameter 'TIME_NS' not found
04-29 10:37:45.447   412   880 E NetlinkEvent: NetlinkEvent::FindParam(): Parameter 'UID' not found
04-29 10:37:47.448  1587  1587 I PowerUI.Notification: show battery full warning: level=100 [1] 
04-29 10:37:50.248   998  2800 I chatty  : uid=1000(system) Binder:998_11 expire 1 line
04-29 10:38:55.067   998   998 I chatty  : uid=1000 system_server expire 9 lines
04-29 10:38:55.076   998  1269 I chatty  : uid=1000(system) batterystats-wo expire 2 lines
04-29 10:38:55.132   998  1242 I chatty  : uid=1000(system) android.display expire 2 lines
04-29 10:38:55.763   412   880 E NetlinkEvent: NetlinkEvent::FindParam(): Parameter 'INTERFACE' not found
04-29 10:38:55.763   412   880 E NetlinkEvent: NetlinkEvent::FindParam(): Parameter 'STATE' not found
04-29 10:38:55.763   412   880 E NetlinkEvent: NetlinkEvent::FindParam(): Parameter 'TIME_NS' not found
04-29 10:38:55.763   412   880 E NetlinkEvent: NetlinkEvent::FindParam(): Parameter 'UID' not found
04-29 10:38:56.409   998  1237 I chatty  : uid=1000(system) android.fg expire 5 lines
04-29 10:39:03.802   998  1477 I chatty  : uid=1000(system) InputReader expire 1 line
04-29 10:39:03.865   998  1259 I chatty  : uid=1000(system) ActivityManager expire 6 lines
04-29 10:39:03.924  1876  1876 E ActivityThread: Failed to find provider info for com.jio.os.content.ContentFeedProvider
04-29 10:39:04.020   998  1314 I chatty  : uid=1000(system) PowerManagerSer expire 9 lines
04-29 10:39:04.297   998  1850 I chatty  : uid=1000(system) Binder:998_7 expire 1 line
04-29 10:39:04.782   998  1239 I chatty  : uid=1000(system) android.io expire 1 line
04-29 10:40:03.795   998   998 W UsageStatsService: Event reported without a package name, eventType:16
04-29 10:40:03.802   998  1269 E KernelCpuSpeedReader: Failed to read cpu-freq: /sys/devices/system/cpu/cpu0/cpufreq/stats/time_in_state: open failed: ENOENT (No such file or directory)
04-29 10:40:03.849   998  1242 I DisplayManagerService: Display device changed state: "Built-in Screen", OFF
04-29 10:40:05.154   998  1314 I DreamManagerService: Entering dreamland.
04-29 10:40:05.156   998  1314 I PowerManagerService: Dozing...
04-29 10:40:05.157   998  1237 I DreamController: Starting dream: name=ComponentInfo{com.android.systemui/com.android.systemui.doze.DozeService}, isTest=false, canDoze=true, userId=0
04-29 10:40:05.171   998  1237 D AutofillManagerService: Close system dialogs
04-29 10:40:06.848  1587  1587 I PowerUI.Notification: show battery full warning: level=100 [1] 
04-29 10:40:06.882  1587  1587 I chatty  : uid=10095(com.android.systemui) identical 1 line
04-29 10:40:06.902  1587  1587 I PowerUI.Notification: show battery full warning: level=100 [1] 
04-29 10:40:06.996   998  1850 I PowerManagerService: Waking up from Dozing (uid=10095, reason=WAKE_REASON_APPLICATION, details=DozeTriggers)...
04-29 10:40:06.997   998   998 W UsageStatsService: Event reported without a package name, eventType:15
04-29 10:40:06.999   998  1314 I DisplayPowerController: Blocking screen on until initial contents have been drawn.
04-29 10:40:07.028   998  1269 E KernelCpuSpeedReader: Failed to read cpu-freq: /sys/devices/system/cpu/cpu0/cpufreq/stats/time_in_state: open failed: ENOENT (No such file or directory)
04-29 10:40:07.053   998  1259 W BroadcastQueue: Background execution not allowed: receiving Intent { act=android.intent.action.USER_PRESENT flg=0x24200010 } to com.android.chrome/org.chromium.chrome.browser.sharing.click_to_call.ClickToCallMessageHandler$PhoneUnlockedReceiver
04-29 10:40:07.054   998  1259 W BroadcastQueue: Background execution not allowed: receiving Intent { act=android.intent.action.USER_PRESENT flg=0x24200010 } to com.facebook.lite/com.facebook.rti.push.service.MqttSystemBroadcastReceiver
04-29 10:40:07.054   998  1259 W BroadcastQueue: Background execution not allowed: receiving Intent { act=android.intent.action.USER_PRESENT flg=0x24200010 } to com.google.android.gms/.auth.setup.devicesignals.LockScreenReceiver
04-29 10:40:07.054   998  1259 W BroadcastQueue: Background execution not allowed: receiving Intent { act=android.intent.action.USER_PRESENT flg=0x24200010 } to com.google.android.gms/.trustagent.UserPresentBroadcastReceiver
04-29 10:40:07.054   998  1259 W BroadcastQueue: Background execution not allowed: receiving Intent { act=android.intent.action.USER_PRESENT flg=0x24200010 } to com.google.android.gms/.chimera.GmsIntentOperationService$PersistentTrustedReceiver
04-29 10:40:07.057   998  1242 I DisplayManagerService: Display device changed state: "Built-in Screen", ON
04-29 10:40:07.076   998  2364 D ActivityTaskManager: Top Process State changed to PROCESS_STATE_TOP
04-29 10:40:07.105  1876  1876 E ActivityThread: Failed to find provider info for com.jio.os.content.ContentFeedProvider
04-29 10:40:07.195   998  1314 I DisplayPowerController: Unblocked screen on after 196 ms
04-29 10:40:07.382   998  1314 W PowerManagerService: Screen on took 386 ms
04-29 10:40:07.383   998  1314 I DreamManagerService: Gently waking up from dream.
04-29 10:40:07.383   998  1237 I DreamManagerService: Performing gentle wake from dream.
04-29 10:40:07.397   998  1609 I DreamManagerService: Leaving dreamland.
04-29 10:40:07.399   998  1237 I DreamManagerService: Performing gentle wake from dream.
04-29 10:40:07.399   998  1237 I DreamController: Stopping dream: name=ComponentInfo{com.android.systemui/com.android.systemui.doze.DozeService}, isTest=false, canDoze=true, userId=0
04-29 10:40:47.445  1587  1587 I PowerUI.Notification: show battery full warning: level=100 [1] 
04-29 10:40:53.856   412   880 E NetlinkEvent: NetlinkEvent::FindParam(): Parameter 'INTERFACE' not found
04-29 10:40:53.856   412   880 E NetlinkEvent: NetlinkEvent::FindParam(): Parameter 'STATE' not found
04-29 10:40:53.856   412   880 E NetlinkEvent: NetlinkEvent::FindParam(): Parameter 'TIME_NS' not found
04-29 10:40:53.856   412   880 E NetlinkEvent: NetlinkEvent::FindParam(): Parameter 'UID' not found
04-29 10:40:57.579   998   998 D BluetoothManagerService: Bluetooth persisted state: 0
04-29 10:40:57.583   998   998 D BluetoothManagerService: Airplane Mode change - current state:  OFF, isAirplaneModeOn()=true, mEnableExternal: false
04-29 10:40:57.627   998  1260 I ActivityManager: Start proc 2788:com.android.carrierdefaultapp/u0a61 for broadcast {com.android.carrierdefaultapp/com.android.carrierdefaultapp.CarrierDefaultBroadcastReceiver}
04-29 10:40:57.750   998  2364 W ActivityManager: Permission Denial: not allowed to send broadcast android.intent.action.AIRPLANE_MODE from pid=2814, uid=2000
04-29 10:40:57.847   998  2364 I ActivityManager: Killing 2357:com.android.vending:instant_app_installer/u0a82 (adj 930): cached #5
04-29 10:40:59.227   998  1609 W ActivityManager: Permission Denial: not allowed to send broadcast android.intent.action.AIRPLANE_MODE from pid=2843, uid=2000
04-29 10:41:00.627   998   998 D BluetoothManagerService: Bluetooth persisted state: 0
04-29 10:41:00.627   998   998 D BluetoothManagerService: Airplane Mode change - current state:  OFF, isAirplaneModeOn()=false, mEnableExternal: false
04-29 10:41:00.793   998  1699 W ActivityManager: Permission Denial: not allowed to send broadcast android.intent.action.AIRPLANE_MODE from pid=2875, uid=2000
04-29 10:41:02.206   998  1699 W ActivityManager: Permission Denial: not allowed to send broadcast android.intent.action.AIRPLANE_MODE from pid=2905, uid=2000
04-29 10:41:08.173   998  1269 E BatteryExternalStatsWorker: no controller energy info supplied for bluetooth
04-29 10:41:08.191   998  1269 E KernelCpuSpeedReader: Failed to read cpu-freq: /sys/devices/system/cpu/cpu0/cpufreq/stats/time_in_state: open failed: ENOENT (No such file or directory)
04-29 10:41:09.045   998  1609 W BluetoothManagerService: checkPackage(): called with null packageName from 2000
04-29 10:41:11.524   998  1609 I chatty  : uid=1000(system) Binder:998_4 identical 2 lines
04-29 10:41:12.659   998  1609 W BluetoothManagerService: checkPackage(): called with null packageName from 2000
04-29 10:41:15.466   998  1259 W BroadcastQueue: Background execution not allowed: receiving Intent { act=android.net.wifi.WIFI_STATE_CHANGED flg=0x4000010 (has extras) } to com.jio.media.ondemand/com.jio.media.mobile.apps.jioondemand.mediaplayer.NetworkChangeReceiver
04-29 10:41:15.466   998  1259 W BroadcastQueue: Background execution not allowed: receiving Intent { act=android.net.wifi.WIFI_STATE_CHANGED flg=0x4000010 (has extras) } to com.jio.media.ondemand/com.jio.media.framework.services.external.network.NetworkChangedBroadcastListener
04-29 10:41:15.467   998  1259 W BroadcastQueue: Background execution not allowed: receiving Intent { act=android.net.wifi.WIFI_STATE_CHANGED flg=0x4000010 (has extras) } to com.jio.myjio/.jionet.receiver.WifiScanReceiver
04-29 10:41:15.467   998  1259 W BroadcastQueue: Background execution not allowed: receiving Intent { act=android.net.wifi.WIFI_STATE_CHANGED flg=0x4000010 (has extras) } to com.jio.myjio/com.bb.lib.receiver.NetworkChangeReceiver
04-29 10:41:15.467   998  1259 W BroadcastQueue: Background execution not allowed: receiving Intent { act=android.net.wifi.WIFI_STATE_CHANGED flg=0x4000010 (has extras) } to com.jio.myjio/com.inn.passivesdk.receiver.ServiceStarterReceiver
04-29 10:41:15.516   998  1313 W ProcessCpuTracker: Failed to stat(/proc/3048): android.system.ErrnoException: stat failed: ENOENT (No such file or directory)
04-29 10:41:15.516   998  1313 W ProcessCpuTracker: Skipping unknown process pid 3048
04-29 10:41:16.264  1550  1550 I android.hardware.wifi@1.0-service-lazy: Wifi HAL started
04-29 10:41:16.625  1550  1550 I android.hardware.wifi@1.0-service-lazy: Adding interface handle for p2p0
04-29 10:41:16.625  1550  1550 I android.hardware.wifi@1.0-service-lazy: Adding interface handle for wlan0
04-29 10:41:16.625  1550  1550 W android.hardware.wifi@1.0-service-lazy: No active wlan interfaces in use! Using default
04-29 10:41:16.626  1550  1550 W android.hardware.wifi@1.0-service-lazy: No active wlan interfaces in use! Using default
04-29 10:41:16.629  1550  1550 I android.hardware.wifi@1.0-service-lazy: Configured chip in mode 0
04-29 10:41:16.630  1550  1550 W android.hardware.wifi@1.0-service-lazy: No active wlan interfaces in use! Using default
04-29 10:41:16.656   683   683 I wificond: setting base_wiphy_index_ to 0
04-29 10:41:16.659   683   683 I wificond: create scanner for interface with index: 26
04-29 10:41:16.660   683   683 I wificond: subscribe scan result for interface with index: 26
04-29 10:41:16.665   683   683 E wificond: No Offload Service available
04-29 10:41:16.665   683   683 I wificond: Offload HAL not supported 
04-29 10:41:16.844   998  1259 W BroadcastQueue: Background execution not allowed: receiving Intent { act=android.net.wifi.WIFI_STATE_CHANGED flg=0x4000010 (has extras) } to com.jio.media.ondemand/com.jio.media.mobile.apps.jioondemand.mediaplayer.NetworkChangeReceiver
04-29 10:41:16.845   998  1259 W BroadcastQueue: Background execution not allowed: receiving Intent { act=android.net.wifi.WIFI_STATE_CHANGED flg=0x4000010 (has extras) } to com.jio.media.ondemand/com.jio.media.framework.services.external.network.NetworkChangedBroadcastListener
04-29 10:41:16.845   998  1259 W BroadcastQueue: Background execution not allowed: receiving Intent { act=android.net.wifi.WIFI_STATE_CHANGED flg=0x4000010 (has extras) } to com.jio.myjio/.jionet.receiver.WifiScanReceiver
04-29 10:41:16.845   998  1259 W BroadcastQueue: Background execution not allowed: receiving Intent { act=android.net.wifi.WIFI_STATE_CHANGED flg=0x4000010 (has extras) } to com.jio.myjio/com.bb.lib.receiver.NetworkChangeReceiver
04-29 10:41:16.845   998  1259 W BroadcastQueue: Background execution not allowed: receiving Intent { act=android.net.wifi.WIFI_STATE_CHANGED flg=0x4000010 (has extras) } to com.jio.myjio/com.inn.passivesdk.receiver.ServiceStarterReceiver
04-29 10:41:17.264   683   683 I wificond: Regulatory domain changed to country: IN
04-29 10:41:17.268   683   683 I wificond: 2.4Ghz frequencies: 2412 2417 2422 2427 2432 2437 2442 2447 2452 2457 2462 2467 2472
04-29 10:41:17.268   683   683 I wificond: 5Ghz non-DFS frequencies:
04-29 10:41:17.268   683   683 I wificond: 5Ghz DFS frequencies:
04-29 10:41:17.285   998  1259 W BroadcastQueue: Background execution not allowed: receiving Intent { act=android.net.wifi.STATE_CHANGE flg=0x4000010 (has extras) } to com.jio.myjio/.jionet.receiver.WifiScanReceiver
04-29 10:41:17.939   683   683 I wificond: wifi generation capability mask: 5
04-29 10:41:17.951   998  1259 W BroadcastQueue: Background execution not allowed: receiving Intent { act=android.net.wifi.SCAN_RESULTS flg=0x4000010 (has extras) } to com.jio.myjio/.jionet.receiver.WifiScanReceiver
04-29 10:41:20.153   998  1259 W BroadcastQueue: Background execution not allowed: receiving Intent { act=android.net.wifi.WIFI_STATE_CHANGED flg=0x4000010 (has extras) } to com.jio.media.ondemand/com.jio.media.mobile.apps.jioondemand.mediaplayer.NetworkChangeReceiver
04-29 10:41:20.154   998  1259 W BroadcastQueue: Background execution not allowed: receiving Intent { act=android.net.wifi.WIFI_STATE_CHANGED flg=0x4000010 (has extras) } to com.jio.media.ondemand/com.jio.media.framework.services.external.network.NetworkChangedBroadcastListener
04-29 10:41:20.154   998  1259 W BroadcastQueue: Background execution not allowed: receiving Intent { act=android.net.wifi.WIFI_STATE_CHANGED flg=0x4000010 (has extras) } to com.jio.myjio/.jionet.receiver.WifiScanReceiver
04-29 10:41:20.154   998  1259 W BroadcastQueue: Background execution not allowed: receiving Intent { act=android.net.wifi.WIFI_STATE_CHANGED flg=0x4000010 (has extras) } to com.jio.myjio/com.bb.lib.receiver.NetworkChangeReceiver
04-29 10:41:20.154   998  1259 W BroadcastQueue: Background execution not allowed: receiving Intent { act=android.net.wifi.WIFI_STATE_CHANGED flg=0x4000010 (has extras) } to com.jio.myjio/com.inn.passivesdk.receiver.ServiceStarterReceiver
04-29 10:41:20.156   683   683 W wificond: No pno scan started
04-29 10:41:20.156   683   683 W wificond: Scheduled scan is not running!
04-29 10:41:20.160   683   683 W wificond: No pno scan started
04-29 10:41:20.160   683   683 W wificond: Scheduled scan is not running!
04-29 10:41:20.172  1550  1550 W android.hardware.wifi@1.0-service-lazy: No active wlan interfaces in use! Using default
04-29 10:41:20.305   683   683 I wificond: Unsubscribe scan result for interface with index: 26
04-29 10:41:20.394  1550  3088 I android.hardware.wifi@1.0-service-lazy: Legacy HAL stop complete callback received
04-29 10:41:21.241  1550  1550 I android.hardware.wifi@1.0-service-lazy: Wifi HAL stopped
04-29 10:41:21.245   998  1259 W BroadcastQueue: Background execution not allowed: receiving Intent { act=android.net.wifi.STATE_CHANGE flg=0x4000010 (has extras) } to com.jio.myjio/.jionet.receiver.WifiScanReceiver
04-29 10:41:21.256   998  1259 W BroadcastQueue: Background execution not allowed: receiving Intent { act=android.net.wifi.WIFI_STATE_CHANGED flg=0x4000010 (has extras) } to com.jio.media.ondemand/com.jio.media.mobile.apps.jioondemand.mediaplayer.NetworkChangeReceiver
04-29 10:41:21.257   998  1259 W BroadcastQueue: Background execution not allowed: receiving Intent { act=android.net.wifi.WIFI_STATE_CHANGED flg=0x4000010 (has extras) } to com.jio.media.ondemand/com.jio.media.framework.services.external.network.NetworkChangedBroadcastListener
04-29 10:41:21.257   998  1259 W BroadcastQueue: Background execution not allowed: receiving Intent { act=android.net.wifi.WIFI_STATE_CHANGED flg=0x4000010 (has extras) } to com.jio.myjio/.jionet.receiver.WifiScanReceiver
04-29 10:41:21.257   998  1259 W BroadcastQueue: Background execution not allowed: receiving Intent { act=android.net.wifi.WIFI_STATE_CHANGED flg=0x4000010 (has extras) } to com.jio.myjio/com.bb.lib.receiver.NetworkChangeReceiver
04-29 10:41:21.257   998  1259 W BroadcastQueue: Background execution not allowed: receiving Intent { act=android.net.wifi.WIFI_STATE_CHANGED flg=0x4000010 (has extras) } to com.jio.myjio/com.inn.passivesdk.receiver.ServiceStarterReceiver
04-29 10:41:32.411   998  1510 D ConnectivityService: NetworkAgentInfo [MOBILE (LTE) - 101] EVENT_NETWORK_INFO_CHANGED, going from CONNECTED to DISCONNECTED
04-29 10:41:32.412   998  1510 D ConnectivityService: NetworkAgentInfo [MOBILE (LTE) - 101] got DISCONNECTED, was satisfying 15
04-29 10:41:32.522   998  1510 D ConnectivityService: Sending DISCONNECTED broadcast for type 0 NetworkAgentInfo [MOBILE (LTE) - 101] isDefaultNetwork=true
04-29 10:41:32.609  2355  2355 W ContextImpl: Calling a method in the system process without a qualified user: android.app.ContextImpl.startService:1570 android.content.ContextWrapper.startService:669 com.redbend.app.SmmService.sendIntentEvent:373 com.redbend.client.ClientService.sendEvent:586 com.redbend.client.ConnectivityStateChangeReceiver$DataChange.sendConnectedEvent:66 
04-29 10:41:32.622   998  1237 W Looper  : Slow dispatch took 120ms android.fg h=android.net.ConnectivityManager$CallbackHandler c=null m=524292
04-29 10:41:32.764   998  1260 W ActivityManager: Slow operation: 191ms so far, now at startProcess: returned from zygote!
04-29 10:41:32.764   998  1260 W ActivityManager: Slow operation: 192ms so far, now at startProcess: done updating battery stats
04-29 10:41:32.764   998  1260 W ActivityManager: Slow operation: 192ms so far, now at startProcess: building log message
04-29 10:41:32.764   998  1260 I ActivityManager: Start proc 3297:com.jio.media.ondemand/u0a71 for service {com.jio.media.ondemand/com.madme.mobile.sdk.service.LSJobService2}
04-29 10:41:32.764   998  1260 W ActivityManager: Slow operation: 192ms so far, now at startProcess: starting to update pids map
04-29 10:41:32.765   998  1260 W ActivityManager: Slow operation: 192ms so far, now at startProcess: done updating pids map
04-29 10:41:32.765   998  1260 W ActivityManager: Slow operation: 179ms so far, now at startProcess: asking zygote to start proc
04-29 10:41:32.858   998  1260 W ActivityManager: Slow operation: 273ms so far, now at startProcess: returned from zygote!
04-29 10:41:32.858   998  1260 W ActivityManager: Slow operation: 273ms so far, now at startProcess: done updating battery stats
04-29 10:41:32.859   998  1260 W ActivityManager: Slow operation: 273ms so far, now at startProcess: building log message
04-29 10:41:32.859   998  1260 I ActivityManager: Start proc 3321:com.jio.jioplay.tv/u0a73 for service {com.jio.jioplay.tv/com.madme.mobile.sdk.service.LSJobService2}
04-29 10:41:32.859   998  1260 W ActivityManager: Slow operation: 273ms so far, now at startProcess: starting to update pids map
04-29 10:41:32.859   998  1260 W ActivityManager: Slow operation: 274ms so far, now at startProcess: done updating pids map
04-29 10:41:33.824   998  1109 W ActivityManager: Unable to start service Intent { cmp=com.jio.media.ondemand/com.jio.media.framework.services.external.mediamanager.JioMediaDownloaderService } U=0: not found
04-29 10:41:33.888   998  3015 W ActivityManager: Permission Denial: opening provider o.aeG from ProcessRecord{4473e3f 3321:com.jio.jioplay.tv/u0a73} (pid=3321, uid=10073) that is not exported from UID 10068
04-29 10:41:34.040   998  1699 W ActivityManager: Permission Denial: opening provider o.aeG from ProcessRecord{4473e3f 3321:com.jio.jioplay.tv/u0a73} (pid=3321, uid=10073) that is not exported from UID 10068
04-29 10:41:35.513   998  3470 I DropBoxManagerService: add tag=system_app_wtf isTagEnabled=true flags=0x2
04-29 10:41:37.521   998  1259 W BroadcastQueue: Background execution not allowed: receiving Intent { act=android.intent.action.DROPBOX_ENTRY_ADDED flg=0x10 (has extras) } to com.google.android.gms/.stats.service.DropBoxEntryAddedReceiver
04-29 10:41:37.521   998  1259 W BroadcastQueue: Background execution not allowed: receiving Intent { act=android.intent.action.DROPBOX_ENTRY_ADDED flg=0x10 (has extras) } to com.google.android.gms/.chimera.GmsIntentOperationService$PersistentTrustedReceiver
04-29 10:41:43.258  1587  1587 I PowerUI.Notification: show battery full warning: level=100 [1] 
04-29 10:41:43.335  1587  1587 I chatty  : uid=10095(com.android.systemui) identical 1 line
04-29 10:41:43.351  1587  1587 I PowerUI.Notification: show battery full warning: level=100 [1] 
04-29 10:41:43.445   998   998 W JobServiceContext: No response from client for onStartJob 3dc6e6a #u0a71/1011 com.jio.media.ondemand/com.jio.media.analytics.AnalyticsService
04-29 10:41:47.138   998  1260 I ActivityManager: Start proc 3581:com.android.cellbroadcastreceiver/u0a52 for broadcast {com.android.cellbroadcastreceiver/com.android.cellbroadcastreceiver.CellBroadcastReceiver}
04-29 10:41:47.447  1587  1587 I PowerUI.Notification: show battery full warning: level=100 [1] 
04-29 10:41:52.529   998   998 I chatty  : uid=1000 system_server identical 1 line
04-29 10:41:57.957   998  1434 I ActivityTaskManager: START u0 {act=android.media.action.IMAGE_CAPTURE flg=0x10000000 cmp=com.android.camera2/com.android.camera.CaptureActivity} from uid 2000
04-29 10:41:58.083   998  1260 I ActivityManager: Start proc 3684:com.android.camera2/u0a99 for activity {com.android.camera2/com.android.camera.CaptureActivity}
04-29 10:41:59.988   998  1699 I ActivityTaskManager: START u0 {act=android.media.action.IMAGE_CAPTURE flg=0x10000000 cmp=com.android.camera2/com.android.camera.CaptureActivity} from uid 2000
04-29 10:42:00.050   998  1238 D AutofillManagerService: onBackKeyPressed()
--------- beginning of main
04-29 10:42:01.009  3763  3763 I mm-camera: <CPP   >< INFO> 2538: cpp_module_notify_add_stream: :stream 10, width 0, height 0, stride 0,scanline 0, framelen 0
04-29 10:42:01.009  3763  3763 I mm-camera: <CPP   >< INFO> 2695: cpp_module_notify_add_stream: : stream 10, fmt 1, asf_mode 0, sharpness_level 0.000000,asf mask 0, denoise 0, denoise_mask 0, dsdn mask 0,dsdn enable 0, tnr mask 0, tnr enable 0, ds_mask 0, luma dsdn 0
04-29 10:42:01.009  3763  3763 I mm-camera: <PPROC >< INFO> 461: pproc_port_add_modules_to_stream: :LINK linking mods cpp and rtbdm for identity 1000f
04-29 10:42:01.010  3763  3763 I mm-camera: <PPROC >< INFO> 461: pproc_port_add_modules_to_stream: :LINK linking mods rtbdm and ezt for identity 1000f
04-29 10:42:01.010  3763  3763 I mm-camera: <PPROC >< INFO> 461: pproc_port_add_modules_to_stream: :LINK linking mods ezt and quadracfa for identity 1000f
04-29 10:42:01.013  3763  3763 E mm-camera: <STATS ><ERROR> 3027: stats_port_check_caps_reserve: Invalid Port capability type!
04-29 10:42:01.013  3763  3763 I chatty  : uid=1047(cameraserver) provider@2.4-se identical 3 lines
04-29 10:42:01.013  3763  3763 E mm-camera: <STATS ><ERROR> 3027: stats_port_check_caps_reserve: Invalid Port capability type!
04-29 10:42:01.016  3763  3763 I mm-camera: <MCT   >< INFO> 5211: mct_pipeline_start_stream_internal: Session stream linked successfully session 1
04-29 10:42:01.021  3763  3840 E libsensor1: check_sensors_enabled: Sensors enabled = true
04-29 10:42:01.021  3763  3840 E Diag_Lib:  Diag_LSM_Init: Failed to open handle to diag driver, error = 13
04-29 10:42:01.153  3763  3819 I mm-camera: <MCT   >< INFO> 2246: mct_pipeline_append_fps_entry:  Added hal_table[0]: (15.000000, 15.000000)
04-29 10:42:01.153  3763  3819 I mm-camera: <MCT   >< INFO> 2246: mct_pipeline_append_fps_entry:  Added hal_table[1]: (20.000000, 20.000000)
04-29 10:42:01.153  3763  3819 I mm-camera: <MCT   >< INFO> 2246: mct_pipeline_append_fps_entry:  Added hal_table[2]: (24.000000, 24.000000)
04-29 10:42:01.153  3763  3819 I mm-camera: <MCT   >< INFO> 2246: mct_pipeline_append_fps_entry:  Added hal_table[3]: (7.000000, 30.000000)
04-29 10:42:01.153  3763  3819 I mm-camera: <MCT   >< INFO> 2259: mct_pipeline_append_fps_entry:  Added hal_table[4]: (30.000000, 30.000000)
04-29 10:42:01.153  3763  3819 I mm-camera: <MCT   >< INFO> 3518: mct_pipeline_fill_dimensions_snapshot: Cam 0: FPS range selection complete. Publishing 5 ranges.
04-29 10:42:01.153  3763  3819 I mm-camera: <MCT   >< INFO> 2698: mct_pipeline_fill_caps_isp: isp max encoder size : 3504 X 8192
04-29 10:42:01.153  3763  3819 I mm-camera: <MCT   >< INFO> 2705: mct_pipeline_fill_caps_isp: single isp max size : 2592 X 1944
04-29 10:42:01.153  3763  3819 I mm-camera: <MCT   >< INFO> 2716: mct_pipeline_fill_caps_isp: HAL max snapshot size in dual cam mode : 2592 X 1944
04-29 10:42:01.155  3763  3763 I mm-camera: <MCT   >< INFO> 310: mct_controller_destroy: Initiating destroy sequence for session = 1
04-29 10:42:01.156  3763  3763 I mm-camera: <MCT   >< INFO> 328: mct_controller_destroy: serv_thread closed
04-29 10:42:01.156  3763  3763 I mm-camera: <MCT   >< INFO> 343: mct_controller_destroy: bus_handler thread closed
04-29 10:42:01.156  3763  3763 I mm-camera: <MCT   >< INFO> 5311: mct_pipeline_stop_session: Initiating stop_session on session 1
04-29 10:42:01.156  3763  3763 I mm-camera: <MCT   >< INFO> 4195: mct_pipeline_process_set: command=800000b
04-29 10:42:01.156  3763  3763 I mm-camera: <MCT   >< INFO> 4440: mct_pipeline_process_set: Issuing DEL_STREAM on stream 0x1000f and stream type=10
04-29 10:42:01.157  3763  3763 I mm-camera: <IFACE >< INFO> 700: iface_unreserve_sink_port: stream_id f mode 0 
04-29 10:42:01.157  3763  3763 I mm-camera: <ISP   >< INFO> 941: isp_port_check_caps_unreserve: ide 1000f port 0xb350dbc0
04-29 10:42:01.162  3763  3763 I mm-camera: <MCT   >< INFO> 4463: mct_pipeline_process_set: Stream 0x1000f and stream type=10, successfully deleted
04-29 10:42:01.163  3763  3847 I mm-camera: <MCT   >< INFO> 5045: mct_pipeline_stop_session_thread: Stop module name: sensor - E
04-29 10:42:01.164  3763  3847 I mm-camera: <MCT   >< INFO> 5053: mct_pipeline_stop_session_thread: Stop module name: sensor - X
04-29 10:42:01.165  3763  3848 I mm-camera: <MCT   >< INFO> 5045: mct_pipeline_stop_session_thread: Stop module name: iface - E
04-29 10:42:01.166  3763  3849 I mm-camera: <MCT   >< INFO> 5045: mct_pipeline_stop_session_thread: Stop module name: isp - E
04-29 10:42:01.166  3763  3849 I mm-camera: <ISP   >< INFO> 510: isp_module_stop_session: session id 1
04-29 10:42:01.167  3763  3850 I mm-camera: <MCT   >< INFO> 5045: mct_pipeline_stop_session_thread: Stop module name: stats - E
04-29 10:42:01.168  3763  3851 I mm-camera: <MCT   >< INFO> 5045: mct_pipeline_stop_session_thread: Stop module name: pproc - E
04-29 10:42:01.171  3763  3763 I mm-camera: <MCT   >< INFO> 5333: mct_pipeline_stop_session: Modules left: 5
04-29 10:42:01.171  3763  3852 I mm-camera: <MCT   >< INFO> 5045: mct_pipeline_stop_session_thread: Stop module name: imglib - E
04-29 10:42:01.173  3763  3848 I mm-camera: <MCT   >< INFO> 5053: mct_pipeline_stop_session_thread: Stop module name: iface - X
04-29 10:42:01.173  3763  3763 I mm-camera: <MCT   >< INFO> 5333: mct_pipeline_stop_session: Modules left: 4
04-29 10:42:01.174  3763  3852 I mm-camera: <MCT   >< INFO> 5053: mct_pipeline_stop_session_thread: Stop module name: imglib - X
04-29 10:42:01.174  3763  3763 I mm-camera: <MCT   >< INFO> 5333: mct_pipeline_stop_session: Modules left: 3
04-29 10:42:01.180  3763  3851 E mm-camera: <IMGLIB><ERROR> 328: AllocateBuffers: Nothing allocated or already freed!
04-29 10:42:01.180  3763  3851 I mm-camera: <MCT   >< INFO> 5053: mct_pipeline_stop_session_thread: Stop module name: pproc - X
04-29 10:42:01.180  3763  3763 I mm-camera: <MCT   >< INFO> 5333: mct_pipeline_stop_session: Modules left: 2
04-29 10:42:01.181  3763  3849 I mm-camera: <MCT   >< INFO> 5053: mct_pipeline_stop_session_thread: Stop module name: isp - X
04-29 10:42:01.181  3763  3763 I mm-camera: <MCT   >< INFO> 5333: mct_pipeline_stop_session: Modules left: 1
04-29 10:42:01.185  3763  3850 I mm-camera: <MCT   >< INFO> 5053: mct_pipeline_stop_session_thread: Stop module name: stats - X
04-29 10:42:01.186  3763  3763 I mm-camera: <MCT   >< INFO> 5333: mct_pipeline_stop_session: Modules left: 0
04-29 10:42:01.186  3763  3763 I mm-camera: <MCT   >< INFO> 5343: mct_pipeline_stop_session: Stopped session 1 successfully
04-29 10:42:01.186  3763  3763 I mm-camera: <MCT   >< INFO> 5647: mct_pipeline_destroy: E: session:1
04-29 10:42:01.186  3763  3763 E mm-camera: <MCT   ><ERROR> 179: stop_sof_check_thread: Returning as SOF timer thread not yet initialized
04-29 10:42:01.186  3763  3763 I mm-camera: <MCT   >< INFO> 5725: mct_pipeline_destroy: X: Pipeline destroyed successfully session =1
04-29 10:42:01.186  3763  3763 I mm-camera: <MCT   >< INFO> 422: mct_controller_destroy: X Successfully closed mct_controller session 1
04-29 10:42:01.188  3763  3763 E CamComm1.0-MD: Update metadata entry: Unknown tag -2145976319
04-29 10:42:01.189  3763  3763 E CamComm1.0-MD: Update metadata entry: Unknown tag -2145976317
04-29 10:42:01.189  3763  3763 I QCamera : <HAL><INFO> getCamInfo: 13765: camera 0 resource cost is 100
04-29 10:42:01.189  3763  3763 I QCamera : <HAL><INFO> getCameraInfo: 342: Camera id 1 API version 768
04-29 10:42:01.189  3763  3763 D QCamera : Debug log file is not enabled
04-29 10:42:01.191  3763  3763 I mm-camera: <MCT   >< INFO> 118: mct_controller_new: Creating new mct_controller with session-id 2
04-29 10:42:01.192  3763  3861 I mm-camera: <MCT   >< INFO> 5233: mct_pipeline_start_session_thread: E sensor
04-29 10:42:01.192  3763  3861 I mm-camera: <MCT   >< INFO> 5240: mct_pipeline_start_session_thread: Calling start_session on Module sensor
04-29 10:42:01.193  3763  3863 I mm-camera: <MCT   >< INFO> 5233: mct_pipeline_start_session_thread: E iface
04-29 10:42:01.193  3763  3863 I mm-camera: <MCT   >< INFO> 5240: mct_pipeline_start_session_thread: Calling start_session on Module iface
04-29 10:42:01.194  3763  3864 I mm-camera: <MCT   >< INFO> 5233: mct_pipeline_start_session_thread: E isp
04-29 10:42:01.194  3763  3864 I mm-camera: <MCT   >< INFO> 5240: mct_pipeline_start_session_thread: Calling start_session on Module isp
04-29 10:42:01.194  3763  3864 I mm-camera: <ISP   >< INFO> 214: isp_module_start_session: session id 2 
04-29 10:42:01.194  3763  3867 I mm-camera: <MCT   >< INFO> 5233: mct_pipeline_start_session_thread: E stats
04-29 10:42:01.194  3763  3863 I mm-camera: <MCT   >< INFO> 5243: mct_pipeline_start_session_thread: Module iface start_session rc = 1
04-29 10:42:01.194  3763  3863 I mm-camera: <MCT   >< INFO> 5251: mct_pipeline_start_session_thread: started_num = 1, success = 1
04-29 10:42:01.194  3763  3863 I mm-camera: <MCT   >< INFO> 5258: mct_pipeline_start_session_thread: X iface
04-29 10:42:01.195  3763  3867 I mm-camera: <MCT   >< INFO> 5240: mct_pipeline_start_session_thread: Calling start_session on Module stats
04-29 10:42:01.197  3763  3870 I mm-camera: <MCT   >< INFO> 5233: mct_pipeline_start_session_thread: E pproc
04-29 10:42:01.197  3763  3870 I mm-camera: <MCT   >< INFO> 5240: mct_pipeline_start_session_thread: Calling start_session on Module pproc
04-29 10:42:01.199  3763  3864 I mm-camera: <MCT   >< INFO> 5243: mct_pipeline_start_session_thread: Module isp start_session rc = 1
04-29 10:42:01.199  3763  3872 I mm-camera: <MCT   >< INFO> 5233: mct_pipeline_start_session_thread: E imglib
04-29 10:42:01.199  3763  3864 I mm-camera: <MCT   >< INFO> 5251: mct_pipeline_start_session_thread: started_num = 2, success = 2
04-29 10:42:01.199  3763  3864 I mm-camera: <MCT   >< INFO> 5258: mct_pipeline_start_session_thread: X isp
04-29 10:42:01.199  3763  3872 I mm-camera: <MCT   >< INFO> 5240: mct_pipeline_start_session_thread: Calling start_session on Module imglib
04-29 10:42:01.201  3763  3872 I mm-camera: <MCT   >< INFO> 5243: mct_pipeline_start_session_thread: Module imglib start_session rc = 1
04-29 10:42:01.201  3763  3872 I mm-camera: <MCT   >< INFO> 5251: mct_pipeline_start_session_thread: started_num = 3, success = 3
04-29 10:42:01.201  3763  3872 I mm-camera: <MCT   >< INFO> 5258: mct_pipeline_start_session_thread: X imglib
04-29 10:42:01.206  3763  3861 I mm-camera: <MCT   >< INFO> 5243: mct_pipeline_start_session_thread: Module sensor start_session rc = 1
04-29 10:42:01.206  3763  3861 I mm-camera: <MCT   >< INFO> 5251: mct_pipeline_start_session_thread: started_num = 4, success = 4
04-29 10:42:01.206  3763  3861 I mm-camera: <MCT   >< INFO> 5258: mct_pipeline_start_session_thread: X sensor
04-29 10:42:01.206  3763  3870 I mm-camera: <MCT   >< INFO> 5243: mct_pipeline_start_session_thread: Module pproc start_session rc = 1
04-29 10:42:01.206  3763  3870 I mm-camera: <MCT   >< INFO> 5251: mct_pipeline_start_session_thread: started_num = 5, success = 5
04-29 10:42:01.206  3763  3870 I mm-camera: <MCT   >< INFO> 5258: mct_pipeline_start_session_thread: X pproc
04-29 10:42:01.211  3763  3867 I mm-camera: <MCT   >< INFO> 5243: mct_pipeline_start_session_thread: Module stats start_session rc = 1
04-29 10:42:01.211  3763  3867 I mm-camera: <MCT   >< INFO> 5251: mct_pipeline_start_session_thread: started_num = 6, success = 6
04-29 10:42:01.211  3763  3867 I mm-camera: <MCT   >< INFO> 5258: mct_pipeline_start_session_thread: X stats
04-29 10:42:01.227  3763  3763 I mm-camera: <MCT   >< INFO> 5154: mct_pipeline_start_stream_internal: Adding session stream streamid= 0xf for session=2
04-29 10:42:01.228  3763  3763 I mm-camera: <MCT   >< INFO> 5202: mct_pipeline_start_stream_internal: Linking session stream for session 2
04-29 10:42:01.228  3763  3763 I mm-camera: <MCT   >< INFO> 526: mct_stream_start_link: Start linking Session-stream 0x2000f
04-29 10:42:01.228  3763  3763 I mm-camera: <IFACE >< INFO> 344: iface_util_find_primary_cid: iface_util_find_primary_cid:344 error cannot find primary sensor format cids 1
04-29 10:42:01.228  3763  3763 I mm-camera: <ISP   >< INFO> 851: isp_port_check_caps_reserve: port 0xb350dbc0 ide 2000f type 10 dim 0 0
04-29 10:42:01.231  3763  3763 E mm-camera: <PPROC ><ERROR> 801: pproc_port_create_stream_topology: pproc_port_create_stream_topology:801, Error: DEPTH_MAP Not added to sub mod array
04-29 10:42:01.231  3763  3763 I mm-camera: <PPROC >< INFO> 449: pproc_port_add_modules_to_stream: in identity 2000f stream 10 int_link = 0xb30f2340
04-29 10:42:01.231  3763  3763 I mm-camera: <PPROC >< INFO> 461: pproc_port_add_modules_to_stream: :LINK linking mods tmod and paaf for identity 2000f
04-29 10:42:01.232  3763  3763 I mm-camera: <PPROC >< INFO> 461: pproc_port_add_modules_to_stream: :LINK linking mods paaf and ppeiscore for identity 2000f
04-29 10:42:01.233  3763  3763 I mm-camera: <PPROC >< INFO> 461: pproc_port_add_modules_to_stream: :LINK linking mods ppeiscore and c2d for identity 2000f
04-29 10:42:01.233  3763  3763 I mm-camera: <C2D   >< INFO> 1557: c2d_module_notify_add_stream: width 0, height 0, stride 0, scanline 0, is_type 0
04-29 10:42:01.233  3763  3763 I mm-camera: <PPROC >< INFO> 461: pproc_port_add_modules_to_stream: :LINK linking mods c2d and cpp for identity 2000f
04-29 10:42:01.233  3763  3763 I mm-camera: <CPP   >< INFO> 2538: cpp_module_notify_add_stream: :stream 10, width 0, height 0, stride 0,scanline 0, framelen 0
04-29 10:42:01.233  3763  3763 I mm-camera: <CPP   >< INFO> 2695: cpp_module_notify_add_stream: : stream 10, fmt 1, asf_mode 0, sharpness_level 0.000000,asf mask 0, denoise 0, denoise_mask 0, dsdn mask 0,dsdn enable 0, tnr mask 0, tnr enable 0, ds_mask 0, luma dsdn 0
04-29 10:42:01.233  3763  3763 I mm-camera: <PPROC >< INFO> 461: pproc_port_add_modules_to_stream: :LINK linking mods cpp and rtbdm for identity 2000f
04-29 10:42:01.235  3763  3763 I mm-camera: <PPROC >< INFO> 461: pproc_port_add_modules_to_stream: :LINK linking mods rtbdm and ezt for identity 2000f
04-29 10:42:01.235  3763  3763 I mm-camera: <PPROC >< INFO> 461: pproc_port_add_modules_to_stream: :LINK linking mods ezt and quadracfa for identity 2000f
04-29 10:42:01.237  3763  3763 E mm-camera: <STATS ><ERROR> 3027: stats_port_check_caps_reserve: Invalid Port capability type!
04-29 10:42:01.237  3763  3763 I chatty  : uid=1047(cameraserver) provider@2.4-se identical 3 lines
04-29 10:42:01.237  3763  3763 E mm-camera: <STATS ><ERROR> 3027: stats_port_check_caps_reserve: Invalid Port capability type!
04-29 10:42:01.239  3763  3763 I mm-camera: <MCT   >< INFO> 5211: mct_pipeline_start_stream_internal: Session stream linked successfully session 2
04-29 10:42:01.426  3763  3862 E mm-camera: <SENSOR><ERROR> 247: module_sensor_offload_init_config: func_tbl for submodule 4 is NULL
04-29 10:42:01.426  3763  3862 E mm-camera: <SENSOR><ERROR> 249: module_sensor_offload_init_config: failed to get led off frame skip time
04-29 10:42:01.427  3763  3855 I mm-camera: <MCT   >< INFO> 2246: mct_pipeline_append_fps_entry:  Added hal_table[0]: (15.000000, 15.000000)
04-29 10:42:01.427  3763  3855 I mm-camera: <MCT   >< INFO> 2246: mct_pipeline_append_fps_entry:  Added hal_table[1]: (20.000000, 20.000000)
04-29 10:42:01.427  3763  3855 I mm-camera: <MCT   >< INFO> 2246: mct_pipeline_append_fps_entry:  Added hal_table[2]: (24.000000, 24.000000)
04-29 10:42:01.427  3763  3855 I mm-camera: <MCT   >< INFO> 2246: mct_pipeline_append_fps_entry:  Added hal_table[3]: (8.000000, 30.000000)
04-29 10:42:01.427  3763  3855 I mm-camera: <MCT   >< INFO> 2259: mct_pipeline_append_fps_entry:  Added hal_table[4]: (30.000000, 30.000000)
04-29 10:42:01.427  3763  3855 I mm-camera: <MCT   >< INFO> 3518: mct_pipeline_fill_dimensions_snapshot: Cam 1: FPS range selection complete. Publishing 5 ranges.
04-29 10:42:01.427  3763  3855 I mm-camera: <MCT   >< INFO> 2698: mct_pipeline_fill_caps_isp: isp max encoder size : 3504 X 8192
04-29 10:42:01.427  3763  3855 I mm-camera: <MCT   >< INFO> 2705: mct_pipeline_fill_caps_isp: single isp max size : 1600 X 1200
04-29 10:42:01.427  3763  3855 I mm-camera: <MCT   >< INFO> 2716: mct_pipeline_fill_caps_isp: HAL max snapshot size in dual cam mode : 1600 X 1200
04-29 10:42:01.428  3763  3763 I mm-camera: <MCT   >< INFO> 310: mct_controller_destroy: Initiating destroy sequence for session = 2
04-29 10:42:01.429  3763  3763 I mm-camera: <MCT   >< INFO> 328: mct_controller_destroy: serv_thread closed
04-29 10:42:01.429  3763  3763 I mm-camera: <MCT   >< INFO> 343: mct_controller_destroy: bus_handler thread closed
04-29 10:42:01.429  3763  3763 I mm-camera: <MCT   >< INFO> 5311: mct_pipeline_stop_session: Initiating stop_session on session 2
04-29 10:42:01.429  3763  3763 I mm-camera: <MCT   >< INFO> 4195: mct_pipeline_process_set: command=800000b
04-29 10:42:01.429  3763  3763 I mm-camera: <MCT   >< INFO> 4440: mct_pipeline_process_set: Issuing DEL_STREAM on stream 0x2000f and stream type=10
04-29 10:42:01.430  3763  3763 I mm-camera: <IFACE >< INFO> 700: iface_unreserve_sink_port: stream_id f mode 0 
04-29 10:42:01.430  3763  3763 I mm-camera: <ISP   >< INFO> 941: isp_port_check_caps_unreserve: ide 2000f port 0xb350dbc0
04-29 10:42:01.433  3763  3763 I mm-camera: <MCT   >< INFO> 4463: mct_pipeline_process_set: Stream 0x2000f and stream type=10, successfully deleted
04-29 10:42:01.434  3763  3887 I mm-camera: <MCT   >< INFO> 5045: mct_pipeline_stop_session_thread: Stop module name: sensor - E
04-29 10:42:01.435  3763  3887 I mm-camera: <MCT   >< INFO> 5053: mct_pipeline_stop_session_thread: Stop module name: sensor - X
04-29 10:42:01.435  3763  3888 I mm-camera: <MCT   >< INFO> 5045: mct_pipeline_stop_session_thread: Stop module name: iface - E
04-29 10:42:01.436  3763  3889 I mm-camera: <MCT   >< INFO> 5045: mct_pipeline_stop_session_thread: Stop module name: isp - E
04-29 10:42:01.436  3763  3889 I mm-camera: <ISP   >< INFO> 510: isp_module_stop_session: session id 2
04-29 10:42:01.437  3763  3888 I mm-camera: <MCT   >< INFO> 5053: mct_pipeline_stop_session_thread: Stop module name: iface - X
04-29 10:42:01.438  3763  3890 I mm-camera: <MCT   >< INFO> 5045: mct_pipeline_stop_session_thread: Stop module name: stats - E
04-29 10:42:01.438  3763  3889 I mm-camera: <MCT   >< INFO> 5053: mct_pipeline_stop_session_thread: Stop module name: isp - X
04-29 10:42:01.441  3763  3891 I mm-camera: <MCT   >< INFO> 5045: mct_pipeline_stop_session_thread: Stop module name: pproc - E
04-29 10:42:01.442  3763  3892 I mm-camera: <MCT   >< INFO> 5045: mct_pipeline_stop_session_thread: Stop module name: imglib - E
04-29 10:42:01.442  3763  3763 I mm-camera: <MCT   >< INFO> 5333: mct_pipeline_stop_session: Modules left: 5
04-29 10:42:01.442  3763  3763 I mm-camera: <MCT   >< INFO> 5333: mct_pipeline_stop_session: Modules left: 4
04-29 10:42:01.442  3763  3763 I mm-camera: <MCT   >< INFO> 5333: mct_pipeline_stop_session: Modules left: 3
04-29 10:42:01.449  3763  3892 I mm-camera: <MCT   >< INFO> 5053: mct_pipeline_stop_session_thread: Stop module name: imglib - X
04-29 10:42:01.449  3763  3763 I mm-camera: <MCT   >< INFO> 5333: mct_pipeline_stop_session: Modules left: 2
04-29 10:42:01.450  3763  3891 E mm-camera: <IMGLIB><ERROR> 328: AllocateBuffers: Nothing allocated or already freed!
04-29 10:42:01.450  3763  3891 I mm-camera: <MCT   >< INFO> 5053: mct_pipeline_stop_session_thread: Stop module name: pproc - X
04-29 10:42:01.450  3763  3763 I mm-camera: <MCT   >< INFO> 5333: mct_pipeline_stop_session: Modules left: 1
04-29 10:42:01.452  3763  3890 I mm-camera: <MCT   >< INFO> 5053: mct_pipeline_stop_session_thread: Stop module name: stats - X
04-29 10:42:01.453  3763  3763 I mm-camera: <MCT   >< INFO> 5333: mct_pipeline_stop_session: Modules left: 0
04-29 10:42:01.453  3763  3763 I mm-camera: <MCT   >< INFO> 5343: mct_pipeline_stop_session: Stopped session 2 successfully
04-29 10:42:01.453  3763  3763 I mm-camera: <MCT   >< INFO> 5647: mct_pipeline_destroy: E: session:2
04-29 10:42:01.453  3763  3763 E mm-camera: <MCT   ><ERROR> 179: stop_sof_check_thread: Returning as SOF timer thread not yet initialized
04-29 10:42:01.453  3763  3763 I mm-camera: <MCT   >< INFO> 5725: mct_pipeline_destroy: X: Pipeline destroyed successfully session =2
04-29 10:42:01.453  3763  3763 I mm-camera: <MCT   >< INFO> 422: mct_controller_destroy: X Successfully closed mct_controller session 2
04-29 10:42:01.458  3763  3763 E CamComm1.0-MD: Update metadata entry: Unknown tag -2145976319
04-29 10:42:01.458  3763  3763 E CamComm1.0-MD: Update metadata entry: Unknown tag -2145976317
04-29 10:42:01.458  3763  3763 I QCamera : <HAL><INFO> getCamInfo: 13765: camera 1 resource cost is 100
04-29 10:42:01.460  3763  3763 I /vendor/bin/hw/android.hardware.camera.provider@2.4-service-lazy: Registering HAL: android.hardware.camera.provider@2.4::ICameraProvider with name: legacy/0
04-29 10:42:01.466  3763  3763 I ServiceManagement: Registered android.hardware.camera.provider@2.4::ICameraProvider/legacy/0 (start delay of 1900ms)
04-29 10:42:01.467  3763  3763 I ServiceManagement: Removing namespace from process name android.hardware.camera.provider@2.4-service-lazy to provider@2.4-service-lazy.
04-29 10:42:01.475  3763  3763 I android.hardware.camera.provider@2.4-service-lazy: Registration complete for android.hardware.camera.provider@2.4::ICameraProvider/legacy/0.
04-29 10:42:01.504  3763  3894 I QCamera : <HAL><INFO> cameraDeviceOpen: 407: Open camera id 0 API version 768
04-29 10:42:01.514  3763  3894 E QCameraCommon: parseHWID: Got HW_ID = 386
04-29 10:42:01.514  3763  3894 I QCamera : <HAL><INFO> QCamera3HardwareInterface: 575: AV timer enabled: 0
04-29 10:42:01.519   501   501 E ANDR-PERF-TARGET: Error: Invalid logical cluster id 1
04-29 10:42:01.519   501   501 E ANDR-PERF-REQUEST: Translate to physical failed
04-29 10:42:01.519   501   501 E ANDR-PERF-TARGET: Error: Invalid logical cluster id 1
04-29 10:42:01.519   501   501 E ANDR-PERF-REQUEST: Translate to physical failed
04-29 10:42:01.520  3763  3894 I QCamera : <HAL><INFO> openCamera: 1009: [KPI Perf]: E PROFILE_OPEN_CAMERA camera id 0
04-29 10:42:01.520   614   614 I CameraProviderManager: Camera device device@1.0/legacy/0 torch status is now NOT_AVAILABLE
04-29 10:42:01.520   614   614 E CameraProviderManager: removeRef: Asked to remove reference for camera 0, but no reference to it was found. This could mean removeRef was called twice for the same camera ID.
04-29 10:42:01.520   614   614 I CameraService: onTorchStatusChangedLocked: Torch status changed for cameraId=0, newStatus=0
04-29 10:42:01.521   614   614 I CameraProviderManager: Camera device device@3.4/legacy/0 torch status is now NOT_AVAILABLE
04-29 10:42:01.521   614   614 E CameraProviderManager: removeRef: Asked to remove reference for camera 0, but no reference to it was found. This could mean removeRef was called twice for the same camera ID.
04-29 10:42:01.521   614   614 I CameraService: onTorchStatusChangedLocked: Torch status changed for cameraId=0, newStatus=0
04-29 10:42:01.521  3763  3894 D QCamera : Debug log file is not enabled
04-29 10:42:01.523  3763  3894 I mm-camera: <MCT   >< INFO> 118: mct_controller_new: Creating new mct_controller with session-id 1
04-29 10:42:01.524  3763  3898 I mm-camera: <MCT   >< INFO> 5233: mct_pipeline_start_session_thread: E sensor
04-29 10:42:01.524  3763  3898 I mm-camera: <MCT   >< INFO> 5240: mct_pipeline_start_session_thread: Calling start_session on Module sensor
04-29 10:42:01.525  3763  3900 I mm-camera: <MCT   >< INFO> 5233: mct_pipeline_start_session_thread: E iface
04-29 10:42:01.525  3763  3900 I mm-camera: <MCT   >< INFO> 5240: mct_pipeline_start_session_thread: Calling start_session on Module iface
04-29 10:42:01.526  3763  3901 I mm-camera: <MCT   >< INFO> 5233: mct_pipeline_start_session_thread: E isp
04-29 10:42:01.526  3763  3901 I mm-camera: <MCT   >< INFO> 5240: mct_pipeline_start_session_thread: Calling start_session on Module isp
04-29 10:42:01.526  3763  3901 I mm-camera: <ISP   >< INFO> 214: isp_module_start_session: session id 1 
04-29 10:42:01.528  3763  3903 I mm-camera: <MCT   >< INFO> 5233: mct_pipeline_start_session_thread: E stats
04-29 10:42:01.529  3763  3903 I mm-camera: <MCT   >< INFO> 5240: mct_pipeline_start_session_thread: Calling start_session on Module stats
04-29 10:42:01.530  3763  3900 I mm-camera: <MCT   >< INFO> 5243: mct_pipeline_start_session_thread: Module iface start_session rc = 1
04-29 10:42:01.530  3763  3900 I mm-camera: <MCT   >< INFO> 5251: mct_pipeline_start_session_thread: started_num = 1, success = 1
