04-30 20:11:36.915   675  3958 E OMXNodeInstance: getConfig(0xae81b440:google.vorbis.decoder, ConfigAndroidVendorExtension(0x6f100004)) ERROR: Undefined(0x80001001)
04-30 20:11:36.916  2946  1594 W ExtendedACodec: Failed to get extension for extradata parameter
04-30 20:11:36.937   658   658 D MediaBufferGroup: creating MemoryDealer
04-30 20:11:36.964   663  1480 I chatty  : uid=1047(cameraserver) CAM_MctBus_1 expire 2 lines
04-30 20:11:36.983  2946  2946 D CAM_StateMachine: Process event : com.android.camera.captureintent.event.EventOnSurfaceTextureUpdated@258eba8
04-30 20:11:36.984  2946  2946 D CameraPerformanceTracker: First preview frame received
04-30 20:11:36.993   663  1573 I chatty  : uid=1047(cameraserver) CAM_iface_poll expire 3 lines
04-30 20:11:36.994   663  1507 I chatty  : uid=1047(cameraserver) CAM_cpp expire 1 line
04-30 20:11:37.061   663  1505 I chatty  : uid=1047(cameraserver) CAM_isp_trigger expire 2 lines
04-30 20:11:37.104   658   658 I MMParserExtractor: Created(0xaa72d600)
04-30 20:11:37.115  2946  1597 I OMXClient: IOmx service obtained
04-30 20:11:37.116   675  3958 I OMXMaster: makeComponentInstance(OMX.google.vorbis.decoder) in android.hardwar process
04-30 20:11:37.122   675  2891 E OMXNodeInstance: getConfig(0xae81b560:google.vorbis.decoder, ConfigAndroidVendorExtension(0x6f100004)) ERROR: Undefined(0x80001001)
04-30 20:11:37.124  2946  1597 W ExtendedACodec: Failed to get extension for extradata parameter
04-30 20:11:37.136   606   606 W vm_bms  : type=1400 audit(0.0:2759): avc: denied { read } for name="u:object_r:default_prop:s0" dev="tmpfs" ino=11629 scontext=u:r:vm_bms:s0 tcontext=u:object_r:default_prop:s0 tclass=file permissive=0
04-30 20:11:37.136   606   606 I chatty  : uid=0(root) /vendor/bin/vm_bms identical 36 lines
04-30 20:11:37.136   606   606 W vm_bms  : type=1400 audit(0.0:2761): avc: denied { read } for name="u:object_r:default_prop:s0" dev="tmpfs" ino=11629 scontext=u:r:vm_bms:s0 tcontext=u:object_r:default_prop:s0 tclass=file permissive=0
04-30 20:11:37.136   606   606 W vm_bms  : type=1400 audit(0.0:2762): avc: denied { read } for name="u:object_r:default_prop:s0" dev="tmpfs" ino=11629 scontext=u:r:vm_bms:s0 tcontext=u:object_r:default_prop:s0 tclass=file permissive=0
04-30 20:11:37.138   606   606 E libc    : Access denied finding property "vbms.log.enable"
04-30 20:11:37.140   606   606 E libc    : Access denied finding property "vbms.log.enable"
04-30 20:11:37.143   606   606 W vm_bms  : type=1400 audit(0.0:2763): avc: denied { read } for name="u:object_r:default_prop:s0" dev="tmpfs" ino=11629 scontext=u:r:vm_bms:s0 tcontext=u:object_r:default_prop:s0 tclass=file permissive=0
04-30 20:11:37.145   606   606 E libc    : Access denied finding property "vbms.log.enable"
04-30 20:11:37.155   606   606 E libc    : Access denied finding property "vbms.log.enable"
04-30 20:11:37.155   658   658 D MediaBufferGroup: creating MemoryDealer
04-30 20:11:37.156   606   606 I VM_BMS  : power_supply_update: ocv_uv=4174109 ibatt=-33671 soc=100 seq_num=50
04-30 20:11:37.156   606   606 E libc    : Access denied finding property "vbms.log.enable"
04-30 20:11:37.156   606   606 E libc    : Access denied finding property "vbms.log.enable"
04-30 20:11:37.164   663  1480 I chatty  : uid=1047(cameraserver) CAM_MctBus_1 expire 1 line
04-30 20:11:37.191  2946  2946 I CAM_FocusRingView: Computing center via view bounds.
04-30 20:11:37.230   490   571 I LocSvc_BatteryListener: operator():153] healthInfo cb thread: cb CHARGING
04-30 20:11:37.247  2463  2463 I PowerUI.Notification: show battery full warning: level=100 [1] 
04-30 20:11:37.260   663  1573 I chatty  : uid=1047(cameraserver) CAM_iface_poll expire 1 line
04-30 20:11:37.265   663  1480 E mm-camera: <IMGLIB><ERROR> 5398: module_faceproc_client_send_info: Both processing and reporting streams are same or it is hal3
04-30 20:11:37.327  2463  2463 I chatty  : uid=10095(com.android.systemui) identical 1 line
04-30 20:11:37.335  2463  2463 I PowerUI.Notification: show battery full warning: level=100 [1] 
04-30 20:11:37.358  2463  1603 W RingtonePlayer: error loading sound for file:///product/media/audio/ui/LowBattery.ogg
04-30 20:11:37.358  2463  1603 W RingtonePlayer: java.io.FileNotFoundException: /product/media/audio/ui/LowBattery.ogg: open failed: ENOENT (No such file or directory)
04-30 20:11:37.358  2463  1603 W RingtonePlayer: 	at libcore.io.IoBridge.open(IoBridge.java:496)
04-30 20:11:37.358  2463  1603 W RingtonePlayer: 	at java.io.FileInputStream.<init>(FileInputStream.java:159)
04-30 20:11:37.358  2463  1603 W RingtonePlayer: 	at android.media.MediaPlayer.setDataSource(MediaPlayer.java:1182)
04-30 20:11:37.358  2463  1603 W RingtonePlayer: 	at android.media.MediaPlayer.setDataSource(MediaPlayer.java:1160)
04-30 20:11:37.358  2463  1603 W RingtonePlayer: 	at android.media.MediaPlayer.setDataSource(MediaPlayer.java:1125)
04-30 20:11:37.358  2463  1603 W RingtonePlayer: 	at android.media.MediaPlayer.setDataSource(MediaPlayer.java:1055)
04-30 20:11:37.358  2463  1603 W RingtonePlayer: 	at android.media.MediaPlayer.setDataSource(MediaPlayer.java:1001)
04-30 20:11:37.358  2463  1603 W RingtonePlayer: 	at com.android.systemui.media.NotificationPlayer$CreationAndCompletionThread.run(NotificationPlayer.java:103)
04-30 20:11:37.358  2463  1603 W RingtonePlayer: Caused by: android.system.ErrnoException: open failed: ENOENT (No such file or directory)
04-30 20:11:37.358  2463  1603 W RingtonePlayer: 	at libcore.io.Linux.open(Native Method)
04-30 20:11:37.358  2463  1603 W RingtonePlayer: 	at libcore.io.ForwardingOs.open(ForwardingOs.java:167)
04-30 20:11:37.358  2463  1603 W RingtonePlayer: 	at libcore.io.BlockGuardOs.open(BlockGuardOs.java:252)
04-30 20:11:37.358  2463  1603 W RingtonePlayer: 	at libcore.io.ForwardingOs.open(ForwardingOs.java:167)
04-30 20:11:37.358  2463  1603 W RingtonePlayer: 	at android.app.ActivityThread$AndroidOs.open(ActivityThread.java:7296)
04-30 20:11:37.358  2463  1603 W RingtonePlayer: 	at libcore.io.IoBridge.open(IoBridge.java:482)
04-30 20:11:37.358  2463  1603 W RingtonePlayer: 	... 7 more
04-30 20:11:37.361   663  1573 E mm-camera: <IFACE ><ERROR> 2441: iface_axi_handle_sof_event: Event SOF session 1 VFE1, src 0 with frame_id 13 ts: 2461596907000
04-30 20:11:37.364   663  1480 E mm-camera: <IMGLIB><ERROR> 5398: module_faceproc_client_send_info: Both processing and reporting streams are same or it is hal3
04-30 20:11:37.461   663  1573 E mm-camera: <IFACE ><ERROR> 2441: iface_axi_handle_sof_event: Event SOF session 1 VFE1, src 0 with frame_id 14 ts: 2461696971000
04-30 20:11:37.464   663  1480 E mm-camera: <IMGLIB><ERROR> 5398: module_faceproc_client_send_info: Both processing and reporting streams are same or it is hal3
04-30 20:11:37.561   663  1573 E mm-camera: <IFACE ><ERROR> 2441: iface_axi_handle_sof_event: Event SOF session 1 VFE1, src 0 with frame_id 15 ts: 2461797148000
04-30 20:11:37.564   663  1480 E mm-camera: <IMGLIB><ERROR> 5398: module_faceproc_client_send_info: Both processing and reporting streams are same or it is hal3
04-30 20:11:37.587  2463  2463 D StatusBar: disable<e i a s b h r c s > disable2<q i n >
04-30 20:11:37.588  2463  2463 W HeadsUpManagerPhone: onHeadsUpPinnedModeChanged
04-30 20:11:37.600  2463  2463 D StatusBarNotificationPresenter: calling update notifications on Panel
04-30 20:11:37.613  2463  2463 D StatusBarNotificationPresenter: calling update notifications on Panel
04-30 20:11:37.661   663  1573 E mm-camera: <IFACE ><ERROR> 2441: iface_axi_handle_sof_event: Event SOF session 1 VFE1, src 0 with frame_id 16 ts: 2461897239000
04-30 20:11:37.666   663  1480 E mm-camera: <IMGLIB><ERROR> 5398: module_faceproc_client_send_info: Both processing and reporting streams are same or it is hal3
04-30 20:11:37.677  2946  2946 D CAM_StateMachine: Process event : com.android.camera.captureintent.event.EventOnTextureViewLayoutChanged@867ce66
04-30 20:11:37.761   663  1573 E mm-camera: <IFACE ><ERROR> 2441: iface_axi_handle_sof_event: Event SOF session 1 VFE1, src 0 with frame_id 17 ts: 2461997305000
04-30 20:11:37.766   663  1480 E mm-camera: <IMGLIB><ERROR> 5398: module_faceproc_client_send_info: Both processing and reporting streams are same or it is hal3
04-30 20:11:37.861   663  1573 E mm-camera: <IFACE ><ERROR> 2441: iface_axi_handle_sof_event: Event SOF session 1 VFE1, src 0 with frame_id 18 ts: 2462097245000
04-30 20:11:37.865   663  1480 E mm-camera: <IMGLIB><ERROR> 5398: module_faceproc_client_send_info: Both processing and reporting streams are same or it is hal3
04-30 20:11:37.961   663  1573 E mm-camera: <IFACE ><ERROR> 2441: iface_axi_handle_sof_event: Event SOF session 1 VFE1, src 0 with frame_id 19 ts: 2462197310000
04-30 20:11:37.965   663  1480 E mm-camera: <IMGLIB><ERROR> 5398: module_faceproc_client_send_info: Both processing and reporting streams are same or it is hal3
04-30 20:11:38.061   663  1573 E mm-camera: <IFACE ><ERROR> 2441: iface_axi_handle_sof_event: Event SOF session 1 VFE1, src 0 with frame_id 20 ts: 2462297524000
04-30 20:11:38.065   663  1480 E mm-camera: <IMGLIB><ERROR> 5398: module_faceproc_client_send_info: Both processing and reporting streams are same or it is hal3
04-30 20:11:38.161   663  1573 E mm-camera: <IFACE ><ERROR> 2441: iface_axi_handle_sof_event: Event SOF session 1 VFE1, src 0 with frame_id 21 ts: 2462397550000
04-30 20:11:38.165   663  1480 E mm-camera: <IMGLIB><ERROR> 5398: module_faceproc_client_send_info: Both processing and reporting streams are same or it is hal3
04-30 20:11:38.261   663  1573 E mm-camera: <IFACE ><ERROR> 2441: iface_axi_handle_sof_event: Event SOF session 1 VFE1, src 0 with frame_id 22 ts: 2462497520000
04-30 20:11:38.266   663  1480 E mm-camera: <IMGLIB><ERROR> 5398: module_faceproc_client_send_info: Both processing and reporting streams are same or it is hal3
04-30 20:11:38.362   663  1573 E mm-camera: <IFACE ><ERROR> 2441: iface_axi_handle_sof_event: Event SOF session 1 VFE1, src 0 with frame_id 23 ts: 2462597575000
04-30 20:11:38.366   663  1480 E mm-camera: <IMGLIB><ERROR> 5398: module_faceproc_client_send_info: Both processing and reporting streams are same or it is hal3
04-30 20:11:38.461   663  1573 E mm-camera: <IFACE ><ERROR> 2441: iface_axi_handle_sof_event: Event SOF session 1 VFE1, src 0 with frame_id 24 ts: 2462697653000
04-30 20:11:38.465   663  1480 E mm-camera: <IMGLIB><ERROR> 5398: module_faceproc_client_send_info: Both processing and reporting streams are same or it is hal3
04-30 20:11:38.562   663  1573 E mm-camera: <IFACE ><ERROR> 2441: iface_axi_handle_sof_event: Event SOF session 1 VFE1, src 0 with frame_id 25 ts: 2462797879000
04-30 20:11:38.565   663  1480 E mm-camera: <IMGLIB><ERROR> 5398: module_faceproc_client_send_info: Both processing and reporting streams are same or it is hal3
04-30 20:11:38.661   663  1573 E mm-camera: <IFACE ><ERROR> 2441: iface_axi_handle_sof_event: Event SOF session 1 VFE1, src 0 with frame_id 26 ts: 2462897858000
04-30 20:11:38.664   663  1480 E mm-camera: <IMGLIB><ERROR> 5398: module_faceproc_client_send_info: Both processing and reporting streams are same or it is hal3
04-30 20:11:38.762   663  1573 E mm-camera: <IFACE ><ERROR> 2441: iface_axi_handle_sof_event: Event SOF session 1 VFE1, src 0 with frame_id 27 ts: 2462997870000
04-30 20:11:38.765   663  1480 E mm-camera: <IMGLIB><ERROR> 5398: module_faceproc_client_send_info: Both processing and reporting streams are same or it is hal3
04-30 20:11:38.862   663  1573 E mm-camera: <IFACE ><ERROR> 2441: iface_axi_handle_sof_event: Event SOF session 1 VFE1, src 0 with frame_id 28 ts: 2463097906000
04-30 20:11:38.866   663  1480 E mm-camera: <IMGLIB><ERROR> 5398: module_faceproc_client_send_info: Both processing and reporting streams are same or it is hal3
04-30 20:11:38.886  1063  1328 W BroadcastQueue: Background execution not allowed: receiving Intent { act=android.intent.action.DROPBOX_ENTRY_ADDED flg=0x10 (has extras) } to com.google.android.gms/.stats.service.DropBoxEntryAddedReceiver
04-30 20:11:38.886  1063  1328 W BroadcastQueue: Background execution not allowed: receiving Intent { act=android.intent.action.DROPBOX_ENTRY_ADDED flg=0x10 (has extras) } to com.google.android.gms/.chimera.GmsIntentOperationService$PersistentTrustedReceiver
04-30 20:11:38.903  1063  2719 D CompatibilityInfo: mCompatibilityFlags - 0
04-30 20:11:38.903  1063  2719 D CompatibilityInfo: applicationDensity - 216
04-30 20:11:38.903  1063  2719 D CompatibilityInfo: applicationScale - 1.0
04-30 20:11:38.905   339   339 I hwservicemanager: getTransport: Cannot find entry vendor.qti.hardware.servicetracker@1.0::IServicetracker/default in either framework or device manifest.
04-30 20:11:38.962   663  1573 E mm-camera: <IFACE ><ERROR> 2441: iface_axi_handle_sof_event: Event SOF session 1 VFE1, src 0 with frame_id 29 ts: 2463197981000
04-30 20:11:38.963  1063  3505 D CompatibilityInfo: mCompatibilityFlags - 0
04-30 20:11:38.963  1063  3505 D CompatibilityInfo: applicationDensity - 216
04-30 20:11:38.963  1063  3505 D CompatibilityInfo: applicationScale - 1.0
04-30 20:11:38.966   663  1480 E mm-camera: <IMGLIB><ERROR> 5398: module_faceproc_client_send_info: Both processing and reporting streams are same or it is hal3
04-30 20:11:38.966   339   339 I hwservicemanager: getTransport: Cannot find entry vendor.qti.hardware.servicetracker@1.0::IServicetracker/default in either framework or device manifest.
04-30 20:11:38.969   414   414 D Zygote  : Forked child process 1607
04-30 20:11:38.972  1063  1329 I ActivityManager: Start proc 1607:com.google.android.gms/u0a91 for service {com.google.android.gms/com.google.android.gms.chimera.GmsIntentOperationService}
04-30 20:11:39.062   663  1573 E mm-camera: <IFACE ><ERROR> 2441: iface_axi_handle_sof_event: Event SOF session 1 VFE1, src 0 with frame_id 30 ts: 2463298032000
04-30 20:11:39.065   663  1480 E mm-camera: <IMGLIB><ERROR> 5398: module_faceproc_client_send_info: Both processing and reporting streams are same or it is hal3
04-30 20:11:39.145  1063  3505 D CompatibilityInfo: mCompatibilityFlags - 0
04-30 20:11:39.145  1063  3505 D CompatibilityInfo: applicationDensity - 216
04-30 20:11:39.145  1063  3505 D CompatibilityInfo: applicationScale - 1.0
04-30 20:11:39.162   663  1573 E mm-camera: <IFACE ><ERROR> 2441: iface_axi_handle_sof_event: Event SOF session 1 VFE1, src 0 with frame_id 31 ts: 2463398116000
04-30 20:11:39.166   663  1480 E mm-camera: <IMGLIB><ERROR> 5398: module_faceproc_client_send_info: Both processing and reporting streams are same or it is hal3
04-30 20:11:39.178   592   634 D ThermalEngine: zone:1 sensor:xo-therm-buf-adc temp:44698 trip:0 event:0
04-30 20:11:39.180  1063  3505 D CompatibilityInfo: mCompatibilityFlags - 0
04-30 20:11:39.180  1063  3505 D CompatibilityInfo: applicationDensity - 216
04-30 20:11:39.180  1063  3505 D CompatibilityInfo: applicationScale - 1.0
04-30 20:11:39.184   592   634 D ThermalEngine: zone:2 sensor:pa-therm0-adc temp:40722 trip:0 event:0
04-30 20:11:39.186   592   634 D ThermalEngine: zone:20 sensor:skin-therm-adc temp:29952 trip:0 event:0
04-30 20:11:39.206   339   339 I hwservicemanager: getTransport: Cannot find entry vendor.qti.hardware.servicetracker@1.0::IServicetracker/default in either framework or device manifest.
04-30 20:11:39.207  1063  3505 W ActivityManager: Slow operation: 71ms so far, now at attachApplicationLocked: after mServices.attachApplicationLocked
04-30 20:11:39.217   339   339 I hwservicemanager: getTransport: Cannot find entry vendor.qti.hardware.servicetracker@1.0::IServicetracker/default in either framework or device manifest.
04-30 20:11:39.262   663  1573 E mm-camera: <IFACE ><ERROR> 2441: iface_axi_handle_sof_event: Event SOF session 1 VFE1, src 0 with frame_id 32 ts: 2463498178000
04-30 20:11:39.266   663  1480 E mm-camera: <IMGLIB><ERROR> 5398: module_faceproc_client_send_info: Both processing and reporting streams are same or it is hal3
04-30 20:11:39.272  1607  1607 I gle.android.gm: The ClassLoaderContext is a special shared library.
04-30 20:11:39.282   663  1513 I mm-camera: <STATS_AF >< INFO> 439: af_util_done: MainCamera=1 final lens pos 356
04-30 20:11:39.300  1607  1607 I gle.android.gm: The ClassLoaderContext is a special shared library.
04-30 20:11:39.318  1607  1607 I gle.android.gm: The ClassLoaderContext is a special shared library.
04-30 20:11:39.362   663  1573 E mm-camera: <IFACE ><ERROR> 2441: iface_axi_handle_sof_event: Event SOF session 1 VFE1, src 0 with frame_id 33 ts: 2463598239000
04-30 20:11:39.366   663  1480 E mm-camera: <IMGLIB><ERROR> 5398: module_faceproc_client_send_info: Both processing and reporting streams are same or it is hal3
04-30 20:11:39.423  1607  1607 I Perf    : Connecting to perf service.
04-30 20:11:39.439  1607  1607 W gle.android.gm: Couldn't clamp region space as there are regions in use beyond growth limit.
04-30 20:11:39.462   663  1573 E mm-camera: <IFACE ><ERROR> 2441: iface_axi_handle_sof_event: Event SOF session 1 VFE1, src 0 with frame_id 34 ts: 2463698299000
04-30 20:11:39.467   663  1480 E mm-camera: <IMGLIB><ERROR> 5398: module_faceproc_client_send_info: Both processing and reporting streams are same or it is hal3
04-30 20:11:39.498   492   828 W SDM     : HWPrimary::PopulateDisplayAttributes: Driver doesn't report panel physical width and height - defaulting to 320dpi
04-30 20:11:39.562   663  1573 E mm-camera: <IFACE ><ERROR> 2441: iface_axi_handle_sof_event: Event SOF session 1 VFE1, src 0 with frame_id 35 ts: 2463798362000
04-30 20:11:39.565   663  1480 E mm-camera: <IMGLIB><ERROR> 5398: module_faceproc_client_send_info: Both processing and reporting streams are same or it is hal3
04-30 20:11:39.598   492   828 W SDM     : HWPrimary::PopulateDisplayAttributes: Driver doesn't report panel physical width and height - defaulting to 320dpi
04-30 20:11:39.662   663  1573 E mm-camera: <IFACE ><ERROR> 2441: iface_axi_handle_sof_event: Event SOF session 1 VFE1, src 0 with frame_id 36 ts: 2463898429000
04-30 20:11:39.666   663  1480 E mm-camera: <IMGLIB><ERROR> 5398: module_faceproc_client_send_info: Both processing and reporting streams are same or it is hal3
04-30 20:11:39.682   492   541 W SDM     : HWPrimary::PopulateDisplayAttributes: Driver doesn't report panel physical width and height - defaulting to 320dpi
04-30 20:11:39.703   492   541 W SDM     : HWPrimary::PopulateDisplayAttributes: Driver doesn't report panel physical width and height - defaulting to 320dpi
04-30 20:11:39.762   663  1573 E mm-camera: <IFACE ><ERROR> 2441: iface_axi_handle_sof_event: Event SOF session 1 VFE1, src 0 with frame_id 37 ts: 2463998494000
04-30 20:11:39.767   663  1480 E mm-camera: <IMGLIB><ERROR> 5398: module_faceproc_client_send_info: Both processing and reporting streams are same or it is hal3
04-30 20:11:39.798   492   541 W SDM     : HWPrimary::PopulateDisplayAttributes: Driver doesn't report panel physical width and height - defaulting to 320dpi
04-30 20:11:39.862   663  1573 E mm-camera: <IFACE ><ERROR> 2441: iface_axi_handle_sof_event: Event SOF session 1 VFE1, src 0 with frame_id 38 ts: 2464098563000
04-30 20:11:39.867   663  1480 E mm-camera: <IMGLIB><ERROR> 5398: module_faceproc_client_send_info: Both processing and reporting streams are same or it is hal3
04-30 20:11:39.898   492   541 W SDM     : HWPrimary::PopulateDisplayAttributes: Driver doesn't report panel physical width and height - defaulting to 320dpi
04-30 20:11:39.962   663  1573 E mm-camera: <IFACE ><ERROR> 2441: iface_axi_handle_sof_event: Event SOF session 1 VFE1, src 0 with frame_id 39 ts: 2464198634000
04-30 20:11:39.965   663  1480 E mm-camera: <IMGLIB><ERROR> 5398: module_faceproc_client_send_info: Both processing and reporting streams are same or it is hal3
04-30 20:11:39.981   492   541 W SDM     : HWPrimary::PopulateDisplayAttributes: Driver doesn't report panel physical width and height - defaulting to 320dpi
04-30 20:11:40.001   492   541 W SDM     : HWPrimary::PopulateDisplayAttributes: Driver doesn't report panel physical width and height - defaulting to 320dpi
04-30 20:11:40.062   663  1573 E mm-camera: <IFACE ><ERROR> 2441: iface_axi_handle_sof_event: Event SOF session 1 VFE1, src 0 with frame_id 40 ts: 2464298694000
04-30 20:11:40.066   663  1480 E mm-camera: <IMGLIB><ERROR> 5398: module_faceproc_client_send_info: Both processing and reporting streams are same or it is hal3
04-30 20:11:40.098   492   541 W SDM     : HWPrimary::PopulateDisplayAttributes: Driver doesn't report panel physical width and height - defaulting to 320dpi
04-30 20:11:40.162   663  1573 E mm-camera: <IFACE ><ERROR> 2441: iface_axi_handle_sof_event: Event SOF session 1 VFE1, src 0 with frame_id 41 ts: 2464398768000
04-30 20:11:40.164  1607  1607 W ProviderHelper: Unknown dynamite feature providerinstaller
04-30 20:11:40.166   663  1480 E mm-camera: <IMGLIB><ERROR> 5398: module_faceproc_client_send_info: Both processing and reporting streams are same or it is hal3
04-30 20:11:40.167  1607  1607 I DynamiteModule: Considering local module com.google.android.gms.providerinstaller:1 and remote module com.google.android.gms.providerinstaller:0
04-30 20:11:40.167  1607  1607 I DynamiteModule: Selected local version of com.google.android.gms.providerinstaller
04-30 20:11:40.199   492   541 W SDM     : HWPrimary::PopulateDisplayAttributes: Driver doesn't report panel physical width and height - defaulting to 320dpi
04-30 20:11:40.262   663  1573 E mm-camera: <IFACE ><ERROR> 2441: iface_axi_handle_sof_event: Event SOF session 1 VFE1, src 0 with frame_id 42 ts: 2464498832000
04-30 20:11:40.266   663  1480 E mm-camera: <IMGLIB><ERROR> 5398: module_faceproc_client_send_info: Both processing and reporting streams are same or it is hal3
04-30 20:11:40.283   492   541 W SDM     : HWPrimary::PopulateDisplayAttributes: Driver doesn't report panel physical width and height - defaulting to 320dpi
04-30 20:11:40.301   492   541 W SDM     : HWPrimary::PopulateDisplayAttributes: Driver doesn't report panel physical width and height - defaulting to 320dpi
04-30 20:11:40.328   411   411 I netd    : trafficSwapActiveStatsMap() <37.64ms>
04-30 20:11:40.335   411   411 I netd    : tetherGetStats() <4.25ms>
04-30 20:11:40.350   411   411 I netd    : bandwidthSetGlobalAlert(2097152) <0.62ms>
04-30 20:11:40.362   663  1573 E mm-camera: <IFACE ><ERROR> 2441: iface_axi_handle_sof_event: Event SOF session 1 VFE1, src 0 with frame_id 43 ts: 2464598898000
04-30 20:11:40.365   663  1480 E mm-camera: <IMGLIB><ERROR> 5398: module_faceproc_client_send_info: Both processing and reporting streams are same or it is hal3
04-30 20:11:40.371  1607  1607 D NetworkSecurityConfig: Using Network Security Config from resource network_security_config debugBuild: false
04-30 20:11:40.386  1607  1607 I ProviderInstaller: Installed default security provider GmsCore_OpenSSL
04-30 20:11:40.387  1607  1607 I Safeboot: Checking safeboot...
04-30 20:11:40.388  1607  1607 I Safeboot: Not entering safeboot; wrong process.
04-30 20:11:40.404   492   541 W SDM     : HWPrimary::PopulateDisplayAttributes: Driver doesn't report panel physical width and height - defaulting to 320dpi
04-30 20:11:40.426   492   541 W SDM     : HWPrimary::PopulateDisplayAttributes: Driver doesn't report panel physical width and height - defaulting to 320dpi
04-30 20:11:40.463   663  1573 E mm-camera: <IFACE ><ERROR> 2441: iface_axi_handle_sof_event: Event SOF session 1 VFE1, src 0 with frame_id 44 ts: 2464698967000
04-30 20:11:40.466   663  1480 E mm-camera: <IMGLIB><ERROR> 5398: module_faceproc_client_send_info: Both processing and reporting streams are same or it is hal3
04-30 20:11:40.517  1607  1607 I Watchcat: Started
04-30 20:11:40.527  1607  1607 I azqi    : Primes not initialized, returning default (no-op) Primes instance which will ignore all calls. Please call Primes.initialize(...) before using any Primes API.
04-30 20:11:40.531   339   339 I hwservicemanager: getTransport: Cannot find entry vendor.qti.hardware.iop@2.0::IIop/default in either framework or device manifest.
04-30 20:11:40.532   665  3873 E ANDR-IOP: IIop:: Iop HAL Service is not available.
04-30 20:11:40.563   663  1573 E mm-camera: <IFACE ><ERROR> 2441: iface_axi_handle_sof_event: Event SOF session 1 VFE1, src 0 with frame_id 45 ts: 2464799046000
04-30 20:11:40.566   663  1480 E mm-camera: <IMGLIB><ERROR> 5398: module_faceproc_client_send_info: Both processing and reporting streams are same or it is hal3
04-30 20:11:40.586   492   541 W SDM     : HWPrimary::PopulateDisplayAttributes: Driver doesn't report panel physical width and height - defaulting to 320dpi
04-30 20:11:40.602   492   541 W SDM     : HWPrimary::PopulateDisplayAttributes: Driver doesn't report panel physical width and height - defaulting to 320dpi
04-30 20:11:40.663   663  1573 E mm-camera: <IFACE ><ERROR> 2441: iface_axi_handle_sof_event: Event SOF session 1 VFE1, src 0 with frame_id 46 ts: 2464899125000
04-30 20:11:40.668   663  1480 E mm-camera: <IMGLIB><ERROR> 5398: module_faceproc_client_send_info: Both processing and reporting streams are same or it is hal3
04-30 20:11:40.700   492   541 W SDM     : HWPrimary::PopulateDisplayAttributes: Driver doesn't report panel physical width and height - defaulting to 320dpi
04-30 20:11:40.719   492   541 W SDM     : HWPrimary::PopulateDisplayAttributes: Driver doesn't report panel physical width and height - defaulting to 320dpi
04-30 20:11:40.763   663  1573 E mm-camera: <IFACE ><ERROR> 2441: iface_axi_handle_sof_event: Event SOF session 1 VFE1, src 0 with frame_id 47 ts: 2464999167000
04-30 20:11:40.766   663  1480 E mm-camera: <IMGLIB><ERROR> 5398: module_faceproc_client_send_info: Both processing and reporting streams are same or it is hal3
04-30 20:11:40.802   492   541 W SDM     : HWPrimary::PopulateDisplayAttributes: Driver doesn't report panel physical width and height - defaulting to 320dpi
04-30 20:11:40.819   492   541 W SDM     : HWPrimary::PopulateDisplayAttributes: Driver doesn't report panel physical width and height - defaulting to 320dpi
04-30 20:11:40.863   663  1573 E mm-camera: <IFACE ><ERROR> 2441: iface_axi_handle_sof_event: Event SOF session 1 VFE1, src 0 with frame_id 48 ts: 2465099233000
04-30 20:11:40.867   663  1480 E mm-camera: <IMGLIB><ERROR> 5398: module_faceproc_client_send_info: Both processing and reporting streams are same or it is hal3
04-30 20:11:40.963   663  1573 E mm-camera: <IFACE ><ERROR> 2441: iface_axi_handle_sof_event: Event SOF session 1 VFE1, src 0 with frame_id 49 ts: 2465199297000
04-30 20:11:40.969   663  1480 E mm-camera: <IMGLIB><ERROR> 5398: module_faceproc_client_send_info: Both processing and reporting streams are same or it is hal3
04-30 20:11:41.004   492   541 W SDM     : HWPrimary::PopulateDisplayAttributes: Driver doesn't report panel physical width and height - defaulting to 320dpi
04-30 20:11:41.018   492   541 W SDM     : HWPrimary::PopulateDisplayAttributes: Driver doesn't report panel physical width and height - defaulting to 320dpi
04-30 20:11:41.063   663  1573 E mm-camera: <IFACE ><ERROR> 2441: iface_axi_handle_sof_event: Event SOF session 1 VFE1, src 0 with frame_id 50 ts: 2465299380000
04-30 20:11:41.068   663  1480 E mm-camera: <IMGLIB><ERROR> 5398: module_faceproc_client_send_info: Both processing and reporting streams are same or it is hal3
04-30 20:11:41.098   592   634 D ThermalEngine: zone:0 sensor:xo-therm-adc temp:44879 trip:0 event:0
04-30 20:11:41.100   592   649 D ThermalEngine: sensor_monitor: xo-therm-adc Reading 44879 .
04-30 20:11:41.100   592   649 I ThermalEngine: Sensor:xo-therm-adc:44879 mC
04-30 20:11:41.100   592   649 D ThermalEngine: update_active_thresh: xo-therm-adc Active(1), Hi(1) 45000, Lo(1) 41000, desc(0) Interval(1) 2000
04-30 20:11:41.101   592   649 D ThermalEngine: sensor_monitor: xo-therm-adc Sensor wait.
04-30 20:11:41.101   492   541 W SDM     : HWPrimary::PopulateDisplayAttributes: Driver doesn't report panel physical width and height - defaulting to 320dpi
04-30 20:11:41.118   492   541 W SDM     : HWPrimary::PopulateDisplayAttributes: Driver doesn't report panel physical width and height - defaulting to 320dpi
04-30 20:11:41.134  1607  1644 E GmsRequestQueue: Tried to stop global GMSCore RequestQueue. This is likely unintended, so ignoring.
04-30 20:11:41.163   663  1573 E mm-camera: <IFACE ><ERROR> 2441: iface_axi_handle_sof_event: Event SOF session 1 VFE1, src 0 with frame_id 51 ts: 2465399440000
04-30 20:11:41.164   339   339 I hwservicemanager: getTransport: Cannot find entry vendor.qti.hardware.servicetracker@1.0::IServicetracker/default in either framework or device manifest.
04-30 20:11:41.173   663  1480 E mm-camera: <IMGLIB><ERROR> 5398: module_faceproc_client_send_info: Both processing and reporting streams are same or it is hal3
04-30 20:11:41.178   339   339 I hwservicemanager: getTransport: Cannot find entry vendor.qti.hardware.servicetracker@1.0::IServicetracker/default in either framework or device manifest.
04-30 20:11:41.263   663  1573 E mm-camera: <IFACE ><ERROR> 2441: iface_axi_handle_sof_event: Event SOF session 1 VFE1, src 0 with frame_id 52 ts: 2465499501000
04-30 20:11:41.266   663  1480 E mm-camera: <IMGLIB><ERROR> 5398: module_faceproc_client_send_info: Both processing and reporting streams are same or it is hal3
04-30 20:11:41.301   492   541 W SDM     : HWPrimary::PopulateDisplayAttributes: Driver doesn't report panel physical width and height - defaulting to 320dpi
04-30 20:11:41.363   663  1573 E mm-camera: <IFACE ><ERROR> 2441: iface_axi_handle_sof_event: Event SOF session 1 VFE1, src 0 with frame_id 53 ts: 2465599569000
04-30 20:11:41.366   663  1480 E mm-camera: <IMGLIB><ERROR> 5398: module_faceproc_client_send_info: Both processing and reporting streams are same or it is hal3
04-30 20:11:41.407   492   541 W SDM     : HWPrimary::PopulateDisplayAttributes: Driver doesn't report panel physical width and height - defaulting to 320dpi
04-30 20:11:41.463   663  1573 E mm-camera: <IFACE ><ERROR> 2441: iface_axi_handle_sof_event: Event SOF session 1 VFE1, src 0 with frame_id 54 ts: 2465699632000
04-30 20:11:41.466   663  1480 E mm-camera: <IMGLIB><ERROR> 5398: module_faceproc_client_send_info: Both processing and reporting streams are same or it is hal3
04-30 20:11:41.502   492   541 W SDM     : HWPrimary::PopulateDisplayAttributes: Driver doesn't report panel physical width and height - defaulting to 320dpi
04-30 20:11:41.564   663  1573 E mm-camera: <IFACE ><ERROR> 2441: iface_axi_handle_sof_event: Event SOF session 1 VFE1, src 0 with frame_id 55 ts: 2465799851000
04-30 20:11:41.570   663  1480 E mm-camera: <IMGLIB><ERROR> 5398: module_faceproc_client_send_info: Both processing and reporting streams are same or it is hal3
04-30 20:11:41.620   492   541 W SDM     : HWPrimary::PopulateDisplayAttributes: Driver doesn't report panel physical width and height - defaulting to 320dpi
