04-29 10:13:30.408  3343  3343 E LoadedApk: 	at android.app.LoadedApk.getClassLoader(LoadedApk.java:950)
04-29 10:13:30.408  3343  3343 E LoadedApk: 	at android.app.LoadedApk.getResources(LoadedApk.java:1188)
04-29 10:13:30.408  3343  3343 E LoadedApk: 	at android.app.ContextImpl.createAppContext(ContextImpl.java:2462)
04-29 10:13:30.408  3343  3343 E LoadedApk: 	at android.app.ContextImpl.createAppContext(ContextImpl.java:2454)
04-29 10:13:30.408  3343  3343 E LoadedApk: 	at android.app.ActivityThread.handleBindApplication(ActivityThread.java:6353)
04-29 10:13:30.408  3343  3343 E LoadedApk: 	at android.app.ActivityThread.access$1300(ActivityThread.java:220)
04-29 10:13:30.408  3343  3343 E LoadedApk: 	at android.app.ActivityThread$H.handleMessage(ActivityThread.java:1860)
04-29 10:13:30.408  3343  3343 E LoadedApk: 	at android.os.Handler.dispatchMessage(Handler.java:107)
04-29 10:13:30.408  3343  3343 E LoadedApk: 	at android.os.Looper.loop(Looper.java:214)
04-29 10:13:30.408  3343  3343 E LoadedApk: 	at android.app.ActivityThread.main(ActivityThread.java:7397)
04-29 10:13:30.408  3343  3343 E LoadedApk: 	at java.lang.reflect.Method.invoke(Native Method)
04-29 10:13:30.408  3343  3343 E LoadedApk: 	at com.android.internal.os.RuntimeInit$MethodAndArgsCaller.run(RuntimeInit.java:492)
04-29 10:13:30.408  3343  3343 E LoadedApk: 	at com.android.internal.os.ZygoteInit.main(ZygoteInit.java:935)
04-29 10:13:30.834   998  2778 I chatty  : uid=1000(system) Binder:998_10 expire 3 lines
04-29 10:13:32.276   406  3201 E ActivityThread: Failed to find provider info for com.google.android.apps.messaging.shared.datamodel.provider.sharedstorage.SharedStorageProvider
04-29 10:13:32.398   406  3201 E ActivityThread: Failed to find provider info for com.google.android.apps.messaging.shared.datamodel.provider.sharedstorage.SharedStorageProvider
04-29 10:13:36.675   406  3201 E ActivityThread: Failed to find provider info for com.google.android.apps.messaging.shared.datamodel.provider.sharedstorage.SharedStorageProvider
04-29 10:13:36.756   406  3201 E ActivityThread: Failed to find provider info for com.google.android.apps.messaging.shared.datamodel.provider.sharedstorage.SharedStorageProvider
04-29 10:13:36.828   998  1434 I chatty  : uid=1000(system) Binder:998_1B expire 6 lines
04-29 10:13:36.916  3361  3556 E ActivityThread: Failed to find provider info for com.google.android.apps.messaging.shared.datamodel.provider.sharedstorage.SharedStorageProvider
04-29 10:13:36.987   406   451 E ActivityThread: Failed to find provider info for com.google.android.apps.messaging.shared.datamodel.provider.sharedstorage.SharedStorageProvider
04-29 10:13:37.049   406  3563 E ActivityThread: Failed to find provider info for com.google.android.apps.messaging.shared.datamodel.provider.sharedstorage.SharedStorageProvider
04-29 10:13:37.053   406   451 E ActivityThread: Failed to find provider info for com.google.android.apps.messaging.shared.datamodel.provider.sharedstorage.SharedStorageProvider
04-29 10:13:37.090   406   451 E ActivityThread: Failed to find provider info for com.google.android.apps.messaging.shared.datamodel.provider.sharedstorage.SharedStorageProvider
04-29 10:13:37.091   406  3563 E ActivityThread: Failed to find provider info for com.google.android.apps.messaging.shared.datamodel.provider.sharedstorage.SharedStorageProvider
04-29 10:13:37.125   406  3563 E ActivityThread: Failed to find provider info for com.google.android.apps.messaging.shared.datamodel.provider.sharedstorage.SharedStorageProvider
04-29 10:13:37.511   406   451 E ActivityThread: Failed to find provider info for com.google.android.apps.messaging.shared.datamodel.provider.sharedstorage.SharedStorageProvider
04-29 10:13:37.545   406   451 I chatty  : uid=10077(com.google.android.ims) Binder:406_3 identical 1 line
04-29 10:13:37.577   406   451 E ActivityThread: Failed to find provider info for com.google.android.apps.messaging.shared.datamodel.provider.sharedstorage.SharedStorageProvider
04-29 10:13:37.701   406  3563 E ActivityThread: Failed to find provider info for com.google.android.apps.messaging.shared.datamodel.provider.sharedstorage.SharedStorageProvider
04-29 10:13:37.723   406  3563 I chatty  : uid=10077(com.google.android.ims) identical 5 lines
04-29 10:13:37.757   406  3563 E ActivityThread: Failed to find provider info for com.google.android.apps.messaging.shared.datamodel.provider.sharedstorage.SharedStorageProvider
04-29 10:13:50.883   998  1269 I chatty  : uid=1000(system) batterystats-wo expire 6 lines
04-29 10:13:56.872   998  1699 I chatty  : uid=1000(system) Binder:998_5 expire 2 lines
04-29 10:14:01.058   998  1259 I chatty  : uid=1000(system) ActivityManager expire 6 lines
04-29 10:14:31.456   998  1260 I chatty  : uid=1000(system) ActivityManager expire 1 line
04-29 10:14:31.897   998  2623 I chatty  : uid=1000(system) Binder:998_C expire 2 lines
04-29 10:14:32.146   998  1850 I chatty  : uid=1000(system) Binder:998_7 expire 1 line
04-29 10:14:32.710   406  3563 E ActivityThread: Failed to find provider info for com.google.android.apps.messaging.shared.datamodel.provider.sharedstorage.SharedStorageProvider
04-29 10:14:32.768   406  3563 E ActivityThread: Failed to find provider info for com.google.android.apps.messaging.shared.datamodel.provider.sharedstorage.SharedStorageProvider
04-29 10:14:37.225   406  3563 E ActivityThread: Failed to find provider info for com.google.android.apps.messaging.shared.datamodel.provider.sharedstorage.SharedStorageProvider
04-29 10:14:37.328   406  3563 E ActivityThread: Failed to find provider info for com.google.android.apps.messaging.shared.datamodel.provider.sharedstorage.SharedStorageProvider
04-29 10:14:37.503   406  3259 E ActivityThread: Failed to find provider info for com.google.android.apps.messaging.shared.datamodel.provider.sharedstorage.SharedStorageProvider
04-29 10:14:37.532   406  3259 E ActivityThread: Failed to find provider info for com.google.android.apps.messaging.shared.datamodel.provider.sharedstorage.SharedStorageProvider
04-29 10:14:37.537  3603  3653 E ActivityThread: Failed to find provider info for com.google.android.apps.messaging.shared.datamodel.provider.sharedstorage.SharedStorageProvider
04-29 10:14:37.563   406  3259 E ActivityThread: Failed to find provider info for com.google.android.apps.messaging.shared.datamodel.provider.sharedstorage.SharedStorageProvider
04-29 10:14:37.609   406  3563 E ActivityThread: Failed to find provider info for com.google.android.apps.messaging.shared.datamodel.provider.sharedstorage.SharedStorageProvider
04-29 10:14:37.681   406  3563 E ActivityThread: Failed to find provider info for com.google.android.apps.messaging.shared.datamodel.provider.sharedstorage.SharedStorageProvider
04-29 10:14:38.072   406  3259 E ActivityThread: Failed to find provider info for com.google.android.apps.messaging.shared.datamodel.provider.sharedstorage.SharedStorageProvider
04-29 10:14:38.107   406  3259 I chatty  : uid=10077(com.google.android.ims) Binder:406_C identical 1 line
04-29 10:14:38.131   406  3259 E ActivityThread: Failed to find provider info for com.google.android.apps.messaging.shared.datamodel.provider.sharedstorage.SharedStorageProvider
04-29 10:14:38.237   406  3563 E ActivityThread: Failed to find provider info for com.google.android.apps.messaging.shared.datamodel.provider.sharedstorage.SharedStorageProvider
04-29 10:14:38.288   406  3563 E ActivityThread: Failed to find provider info for com.google.android.apps.messaging.shared.datamodel.provider.sharedstorage.SharedStorageProvider
04-29 10:14:43.180   998  1609 I chatty  : uid=1000(system) Binder:998_4 expire 3 lines
04-29 10:15:50.965   998  1477 I chatty  : uid=1000(system) InputReader expire 1 line
04-29 10:15:50.967   998   998 I chatty  : uid=1000 system_server expire 1 line
04-29 10:15:50.999   998  1314 I chatty  : uid=1000(system) PowerManagerSer expire 2 lines
04-29 10:15:51.158   998  1242 I chatty  : uid=1000(system) android.display expire 1 line
04-29 10:15:51.203   998  3131 I chatty  : uid=1000(system) Binder:998_15 expire 6 lines
04-29 10:15:51.221   998  1314 I chatty  : uid=1000(system) PowerManagerSer expire 4 lines
04-29 10:15:51.256  1876  1876 E ActivityThread: Failed to find provider info for com.jio.os.content.ContentFeedProvider
04-29 10:15:51.515   998  1237 I chatty  : uid=1000(system) android.fg expire 6 lines
04-29 10:15:51.577   998   998 I chatty  : uid=1000 system_server expire 6 lines
04-29 10:15:51.669   998  1260 I chatty  : uid=1000(system) ActivityManager expire 8 lines
04-29 10:15:51.869   998  3303 I chatty  : uid=1000(system) Binder:998_1F expire 7 lines
04-29 10:15:52.173   998  1259 I chatty  : uid=1000(system) ActivityManager expire 1 line
04-29 10:15:52.195   998  1239 I chatty  : uid=1000(system) android.io expire 2 lines
04-29 10:15:53.908   998  1269 I chatty  : uid=1000(system) batterystats-wo expire 8 lines
04-29 10:15:59.306  3727  3757 E ActivityThread: Failed to find provider info for com.qti.smq.Feedback.provider
04-29 10:16:02.573   998  1609 I chatty  : uid=1000(system) Binder:998_4 expire 2 lines
04-29 10:16:05.231   998  1242 I chatty  : uid=1000(system) android.display expire 3 lines
04-29 10:16:06.331   998  1238 I chatty  : uid=1000(system) android.ui expire 3 lines
04-29 10:16:06.395  1876  1876 E ActivityThread: Failed to find provider info for com.jio.os.content.ContentFeedProvider
04-29 10:16:06.450   998  1476 I chatty  : uid=1000(system) InputDispatcher expire 1 line
04-29 10:16:06.545  1876  1876 E ActivityThread: Failed to find provider info for com.jio.os.content.ContentFeedProvider
04-29 10:16:06.708  1876  1876 E ActivityThread: Failed to find provider info for com.jio.os.content.ContentFeedProvider
04-29 10:16:06.963   998  2623 I chatty  : uid=1000(system) Binder:998_C expire 3 lines
04-29 10:16:07.022   998  1510 I chatty  : uid=1000(system) ConnectivitySer expire 3 lines
04-29 10:16:07.049   998  3131 I chatty  : uid=1000(system) Binder:998_15 expire 1 line
04-29 10:16:07.049   998  3015 I chatty  : uid=1000(system) Binder:998_14 expire 4 lines
04-29 10:16:13.580   998   998 I chatty  : uid=1000 system_server expire 6 lines
04-29 10:16:15.565   998  2859 I chatty  : uid=1000(system) Binder:998_13 expire 3 lines
04-29 10:16:16.393   998  1260 I chatty  : uid=1000(system) ActivityManager expire 1 line
04-29 10:16:17.017   998  1850 I chatty  : uid=1000(system) Binder:998_7 expire 2 lines
04-29 10:16:22.156  1876  1876 E ActivityThread: Failed to find provider info for com.jio.os.content.ContentFeedProvider
04-29 10:16:26.660   998  1269 I chatty  : uid=1000(system) batterystats-wo expire 6 lines
04-29 10:16:31.333   998  2774 I chatty  : uid=1000(system) Binder:998_F expire 6 lines
04-29 10:16:31.393  3727  3853 E ActivityThread: Failed to find provider info for com.qti.smq.Feedback.provider
04-29 10:16:37.378   998  1850 I chatty  : uid=1000(system) Binder:998_7 expire 3 lines
04-29 10:16:37.659   998  1260 I chatty  : uid=1000(system) ActivityManager expire 20 lines
04-29 10:16:37.870  3884  3884 D ActivityThread: Loading provider contacts;com.android.contacts: com.android.providers.contacts.ContactsProvider2
04-29 10:16:42.101   998   998 I chatty  : uid=1000 system_server expire 2 lines
04-29 10:16:42.200   998  1510 I chatty  : uid=1000(system) ConnectivitySer expire 15 lines
04-29 10:16:42.839   998  3015 I chatty  : uid=1000(system) Binder:998_14 expire 1 line
04-29 10:16:42.896   998  1259 I chatty  : uid=1000(system) ActivityManager expire 3 lines
04-29 10:16:42.978   412   880 E NetlinkEvent: NetlinkEvent::FindParam(): Parameter 'INTERFACE' not found
04-29 10:16:42.978   412   880 E NetlinkEvent: NetlinkEvent::FindParam(): Parameter 'STATE' not found
04-29 10:16:42.978   412   880 E NetlinkEvent: NetlinkEvent::FindParam(): Parameter 'TIME_NS' not found
04-29 10:16:42.978   412   880 E NetlinkEvent: NetlinkEvent::FindParam(): Parameter 'UID' not found
04-29 10:16:42.995   412   880 E NetlinkEvent: NetlinkEvent::FindParam(): Parameter 'INTERFACE' not found
04-29 10:16:42.995   412   880 E NetlinkEvent: NetlinkEvent::FindParam(): Parameter 'STATE' not found
04-29 10:16:42.995   412   880 E NetlinkEvent: NetlinkEvent::FindParam(): Parameter 'TIME_NS' not found
04-29 10:16:42.995   412   880 E NetlinkEvent: NetlinkEvent::FindParam(): Parameter 'UID' not found
04-29 10:16:43.087  2355  2355 W ContextImpl: Calling a method in the system process without a qualified user: android.app.ContextImpl.startService:1570 android.content.ContextWrapper.startService:669 com.redbend.app.SmmService.sendIntentEvent:373 com.redbend.client.ClientService.sendEvent:586 com.redbend.client.ConnectivityStateChangeReceiver$DataChange.sendConnectedEvent:66 
04-29 10:16:43.252   998  1609 I chatty  : uid=1000(system) Binder:998_4 expire 1 line
04-29 10:16:43.352   998  1239 I chatty  : uid=1000(system) android.io expire 2 lines
04-29 10:16:44.002   998  1238 I chatty  : uid=1000(system) android.ui expire 1 line
04-29 10:16:44.023   998  1237 I chatty  : uid=1000(system) android.fg expire 2 lines
04-29 10:16:44.151  1876  1876 E ActivityThread: Failed to find provider info for com.jio.os.content.ContentFeedProvider
04-29 10:16:44.490   998  3015 I chatty  : uid=1000(system) Binder:998_14 expire 3 lines
04-29 10:16:44.777   998  1609 I chatty  : uid=1000(system) Binder:998_4 expire 2 lines
04-29 10:16:44.874   406  1073 E ActivityThread: Failed to find provider info for com.google.android.apps.messaging.shared.datamodel.provider.sharedstorage.SharedStorageProvider
04-29 10:16:44.986   406  1073 E ActivityThread: Failed to find provider info for com.google.android.apps.messaging.shared.datamodel.provider.sharedstorage.SharedStorageProvider
04-29 10:16:45.022   998  1260 I chatty  : uid=1000(system) ActivityManager expire 36 lines
04-29 10:16:45.028   406  1073 E ActivityThread: Failed to find provider info for com.google.android.apps.messaging.shared.datamodel.provider.sharedstorage.SharedStorageProvider
04-29 10:16:45.358   998  1259 I chatty  : uid=1000(system) ActivityManager expire 2 lines
04-29 10:16:46.280   998  1850 I chatty  : uid=1000(system) Binder:998_7 expire 4 lines
04-29 10:16:46.939   998   998 I chatty  : uid=1000 system_server expire 3 lines
04-29 10:16:46.991   406  1073 E ActivityThread: Failed to find provider info for com.google.android.apps.messaging.shared.datamodel.provider.sharedstorage.SharedStorageProvider
04-29 10:16:47.517   406  1073 E ActivityThread: Failed to find provider info for com.google.android.apps.messaging.shared.datamodel.provider.sharedstorage.SharedStorageProvider
04-29 10:16:48.316   998  1425 I chatty  : uid=1000(system) Binder:998_3 expire 1 line
04-29 10:16:48.509   412   880 E NetlinkEvent: NetlinkEvent::FindParam(): Parameter 'INTERFACE' not found
04-29 10:16:48.509   412   880 E NetlinkEvent: NetlinkEvent::FindParam(): Parameter 'STATE' not found
04-29 10:16:48.509   412   880 E NetlinkEvent: NetlinkEvent::FindParam(): Parameter 'TIME_NS' not found
04-29 10:16:48.509   412   880 E NetlinkEvent: NetlinkEvent::FindParam(): Parameter 'UID' not found
04-29 10:16:52.564   998  1510 I chatty  : uid=1000(system) ConnectivitySer expire 1 line
04-29 10:16:53.517   998  1237 I chatty  : uid=1000(system) android.fg expire 4 lines
04-29 10:16:53.522   998  1238 I chatty  : uid=1000(system) android.ui expire 4 lines
04-29 10:16:53.601  1876  1876 E ActivityThread: Failed to find provider info for com.jio.os.content.ContentFeedProvider
04-29 10:16:53.627   998  1476 I chatty  : uid=1000(system) InputDispatcher expire 2 lines
04-29 10:16:53.743  1876  1876 E ActivityThread: Failed to find provider info for com.jio.os.content.ContentFeedProvider
04-29 10:16:53.824   998  2772 I chatty  : uid=1000(system) Binder:998_E expire 1 line
04-29 10:16:53.892  1876  1876 E ActivityThread: Failed to find provider info for com.jio.os.content.ContentFeedProvider
04-29 10:16:53.965   998  3015 I chatty  : uid=1000(system) Binder:998_14 expire 2 lines
04-29 10:16:53.965   998  1434 I chatty  : uid=1000(system) Binder:998_1B expire 1 line
04-29 10:16:54.044  1876  1876 E ActivityThread: Failed to find provider info for com.jio.os.content.ContentFeedProvider
04-29 10:16:54.911   998  1301 I chatty  : uid=1000(system) Binder:998_1A expire 2 lines
04-29 10:16:54.977   998  1260 I chatty  : uid=1000(system) ActivityManager expire 21 lines
04-29 10:16:56.398   998  2778 I chatty  : uid=1000(system) Binder:998_10 expire 2 lines
04-29 10:16:56.956   998  2641 I chatty  : uid=1000(system) Binder:998_1D expire 2 lines
04-29 10:16:57.843   998   998 I chatty  : uid=1000 system_server expire 2 lines
04-29 10:17:00.770   998  1850 I chatty  : uid=1000(system) Binder:998_7 expire 1 line
04-29 10:17:01.018   998  1259 I chatty  : uid=1000(system) ActivityManager expire 1 line
04-29 10:17:01.601   998  2859 I chatty  : uid=1000(system) Binder:998_13 expire 3 lines
04-29 10:17:01.636   998  1663 I chatty  : uid=1000 system_server expire 1 line
04-29 10:17:03.652   998  3131 I chatty  : uid=1000(system) Binder:998_15 expire 3 lines
04-29 10:17:03.654   998  1259 I chatty  : uid=1000(system) ActivityManager expire 1 line
04-29 10:17:05.597   998  1237 I chatty  : uid=1000(system) android.fg expire 1 line
04-29 10:17:05.603   998  1238 I chatty  : uid=1000(system) android.ui expire 1 line
04-29 10:17:05.609  1876  1876 E ActivityThread: Failed to find provider info for com.jio.os.content.ContentFeedProvider
04-29 10:17:07.604   998  1260 I chatty  : uid=1000(system) ActivityManager expire 13 lines
04-29 10:17:07.625   998  2859 I chatty  : uid=1000(system) Binder:998_13 expire 1 line
04-29 10:17:08.105  2657  2898 W PackageParser: Unknown element under <manifest>: queries at /data/user_de/0/com.google.android.gms/app_chimera/m/00000000/AdsDynamite.apk Binary XML file line #5
04-29 10:17:08.389   998  2641 I chatty  : uid=1000(system) Binder:998_1D expire 2 lines
04-29 10:17:09.246   998   998 I chatty  : uid=1000 system_server expire 1 line
04-29 10:17:09.801   998  2772 I chatty  : uid=1000(system) Binder:998_E expire 1 line
04-29 10:17:09.802   998  1510 I chatty  : uid=1000(system) ConnectivitySer expire 3 lines
04-29 10:17:10.052   998  3270 I chatty  : uid=1000(system) Binder:998_16 expire 3 lines
04-29 10:17:10.162   998  1850 I chatty  : uid=1000(system) Binder:998_7 expire 2 lines
04-29 10:17:12.006   998  2778 I chatty  : uid=1000(system) Binder:998_10 expire 2 lines
04-29 10:17:12.401   998  3015 I chatty  : uid=1000(system) Binder:998_14 expire 4 lines
04-29 10:17:12.832  2122  2122 D ActivityThread: Loading provider contacts;com.android.contacts: com.android.providers.contacts.ContactsProvider2
04-29 10:17:13.952   998  2392 I chatty  : uid=1000(system) Binder:998_B expire 1 line
04-29 10:17:15.473   998  1425 I chatty  : uid=1000(system) Binder:998_3 expire 1 line
04-29 10:17:15.546   998  3084 I chatty  : uid=1000(system) Binder:998_1E expire 3 lines
04-29 10:17:16.106   998  1260 I chatty  : uid=1000(system) ActivityManager expire 30 lines
04-29 10:17:16.898   998   998 I chatty  : uid=1000 system_server expire 3 lines
04-29 10:17:17.272   998  1109 I chatty  : uid=1000(system) Binder:998_2 expire 1 line
04-29 10:17:18.381   998  1952 I chatty  : uid=1000(system) Binder:998_8 expire 3 lines
04-29 10:17:18.796   998  1259 I chatty  : uid=1000(system) ActivityManager expire 1 line
04-29 10:17:19.129   406  3563 E ActivityThread: Failed to find provider info for com.google.android.apps.messaging.shared.datamodel.provider.sharedstorage.SharedStorageProvider
04-29 10:17:20.198   406  3563 I chatty  : uid=10077(com.google.android.ims) identical 3 lines
04-29 10:17:20.228   406  3563 E ActivityThread: Failed to find provider info for com.google.android.apps.messaging.shared.datamodel.provider.sharedstorage.SharedStorageProvider
04-29 10:17:20.230   406  2582 E ActivityThread: Failed to find provider info for com.google.android.apps.messaging.shared.datamodel.provider.sharedstorage.SharedStorageProvider
04-29 10:17:20.272   406  3563 E ActivityThread: Failed to find provider info for com.google.android.apps.messaging.shared.datamodel.provider.sharedstorage.SharedStorageProvider
04-29 10:17:20.275   406  2582 E ActivityThread: Failed to find provider info for com.google.android.apps.messaging.shared.datamodel.provider.sharedstorage.SharedStorageProvider
04-29 10:17:23.523   406  2582 I chatty  : uid=10077(com.google.android.ims) AsyncTask #11 identical 3 lines
04-29 10:17:23.567   406  2582 E ActivityThread: Failed to find provider info for com.google.android.apps.messaging.shared.datamodel.provider.sharedstorage.SharedStorageProvider
04-29 10:17:23.797  2414  2593 E ActivityThread: Failed to find provider info for com.google.android.apps.messaging.shared.datamodel.provider.sharedstorage.SharedStorageProvider
04-29 10:17:23.934   406   451 E ActivityThread: Failed to find provider info for com.google.android.apps.messaging.shared.datamodel.provider.sharedstorage.SharedStorageProvider
04-29 10:17:23.950   406  2582 E ActivityThread: Failed to find provider info for com.google.android.apps.messaging.shared.datamodel.provider.sharedstorage.SharedStorageProvider
04-29 10:17:23.964   406   451 E ActivityThread: Failed to find provider info for com.google.android.apps.messaging.shared.datamodel.provider.sharedstorage.SharedStorageProvider
04-29 10:17:24.003   406  2582 E ActivityThread: Failed to find provider info for com.google.android.apps.messaging.shared.datamodel.provider.sharedstorage.SharedStorageProvider
04-29 10:17:24.009   406   451 E ActivityThread: Failed to find provider info for com.google.android.apps.messaging.shared.datamodel.provider.sharedstorage.SharedStorageProvider
04-29 10:17:24.078   406  2582 E ActivityThread: Failed to find provider info for com.google.android.apps.messaging.shared.datamodel.provider.sharedstorage.SharedStorageProvider
04-29 10:17:25.156   998  1425 I chatty  : uid=1000(system) Binder:998_3 expire 4 lines
04-29 10:17:25.216  2647  2647 D ActivityThread: Loading provider contacts;com.android.contacts: com.android.providers.contacts.ContactsProvider2
04-29 10:17:36.238   998  1269 I chatty  : uid=1000(system) batterystats-wo expire 2 lines
04-29 10:17:37.047   998  3803 I chatty  : uid=1000(system) Binder:998_18 expire 1 line
04-29 10:17:44.487   998  2392 I chatty  : uid=1000(system) Binder:998_B expire 2 lines
04-29 10:17:47.187   998  1580 I chatty  : uid=1000(system) Binder:998_1C expire 1 line
04-29 10:17:47.433   998  1239 I chatty  : uid=1000(system) android.io expire 1 line
04-29 10:17:47.434   998  1259 I chatty  : uid=1000(system) ActivityManager expire 6 lines
04-29 10:17:47.441   998  1269 I chatty  : uid=1000(system) batterystats-wo expire 2 lines
04-29 10:17:47.761   998   998 I chatty  : uid=1000 system_server expire 3 lines
04-29 10:17:47.808   998  1260 I chatty  : uid=1000(system) ActivityManager expire 18 lines
04-29 10:17:48.016   998  1237 I chatty  : uid=1000(system) android.fg expire 1 line
04-29 10:17:48.834   998  1109 I chatty  : uid=1000(system) Binder:998_2 expire 2 lines
04-29 10:17:49.305   998  3303 I chatty  : uid=1000(system) Binder:998_1F expire 2 lines
04-29 10:17:54.390   998  2772 I chatty  : uid=1000(system) Binder:998_E expire 2 lines
04-29 10:17:54.486   998  1701 I chatty  : uid=1000(system) Binder:998_6 expire 3 lines
04-29 10:17:56.406   998  3317 I chatty  : uid=1000 system_server expire 1 line
04-29 10:17:59.550   998  3487 I chatty  : uid=1000(system) Binder:998_17 expire 2 lines
04-29 10:18:05.545   998  1580 I chatty  : uid=1000(system) Binder:998_1C expire 2 lines
04-29 10:18:05.601   998  1425 I chatty  : uid=1000(system) Binder:998_3 expire 2 lines
04-29 10:18:05.602   998  1510 I chatty  : uid=1000(system) ConnectivitySer expire 5 lines
04-29 10:18:38.289   412   880 E NetlinkEvent: NetlinkEvent::FindParam(): Parameter 'INTERFACE' not found
04-29 10:18:38.289   412   880 E NetlinkEvent: NetlinkEvent::FindParam(): Parameter 'STATE' not found
04-29 10:18:38.289   412   880 E NetlinkEvent: NetlinkEvent::FindParam(): Parameter 'TIME_NS' not found
04-29 10:18:38.289   412   880 E NetlinkEvent: NetlinkEvent::FindParam(): Parameter 'UID' not found
04-29 10:18:40.843   998  1314 I chatty  : uid=1000(system) PowerManagerSer expire 8 lines
04-29 10:18:42.987   998  3270 I chatty  : uid=1000(system) Binder:998_16 expire 1 line
04-29 10:18:47.852   998   998 I chatty  : uid=1000 system_server expire 2 lines
04-29 10:18:47.927   998  1269 I chatty  : uid=1000(system) batterystats-wo expire 1 line
04-29 10:18:47.979   998  1242 I chatty  : uid=1000(system) android.display expire 1 line
04-29 10:18:48.354   998  1260 I chatty  : uid=1000(system) ActivityManager expire 3 lines
04-29 10:18:48.514   998  2800 I chatty  : uid=1000(system) Binder:998_11 expire 2 lines
04-29 10:18:48.581   998  2623 I chatty  : uid=1000(system) Binder:998_C expire 1 line
04-29 10:18:48.581   998   482 I chatty  : uid=1000(system) Binder:998_19 expire 1 line
04-29 10:18:49.190   998  1237 I chatty  : uid=1000(system) android.fg expire 2 lines
04-29 10:18:50.481   998  3303 I chatty  : uid=1000(system) Binder:998_1F expire 1 line
04-29 10:18:50.654   998  2772 I chatty  : uid=1000(system) Binder:998_E expire 1 line
04-29 10:18:50.672   998  1850 I chatty  : uid=1000(system) Binder:998_7 expire 1 line
04-29 10:18:50.724   998  2778 I chatty  : uid=1000(system) Binder:998_10 expire 1 line
04-29 10:18:50.737   998  1609 I chatty  : uid=1000(system) Binder:998_4 expire 1 line
04-29 10:18:50.737   998  1701 I chatty  : uid=1000(system) Binder:998_6 expire 2 lines
04-29 10:19:04.560   998  1259 I chatty  : uid=1000(system) ActivityManager expire 7 lines
04-29 10:19:05.365   998  1333 I chatty  : uid=1000(system) PackageManager expire 4 lines
04-29 10:19:05.399   998   998 I chatty  : uid=1000 system_server expire 6 lines
04-29 10:19:05.426   998  1258 I chatty  : uid=1000(system) android.bg expire 3 lines
04-29 10:19:05.440   998  1260 I chatty  : uid=1000(system) ActivityManager expire 20 lines
04-29 10:19:05.673   998  3015 I chatty  : uid=1000(system) Binder:998_14 expire 3 lines
04-29 10:19:05.759   998  1237 I chatty  : uid=1000(system) android.fg expire 2 lines
04-29 10:19:05.978   998  1609 I chatty  : uid=1000(system) Binder:998_4 expire 2 lines
04-29 10:19:07.290   998  1699 I chatty  : uid=1000(system) Binder:998_5 expire 1 line
04-29 10:19:07.460   998  2623 I chatty  : uid=1000(system) Binder:998_C expire 1 line
04-29 10:19:07.999   998  3131 I chatty  : uid=1000(system) Binder:998_15 expire 2 lines
04-29 10:19:08.005   998  1260 I chatty  : uid=1000(system) ActivityManager expire 12 lines
04-29 10:19:09.403   998  1699 I chatty  : uid=1000(system) Binder:998_5 expire 13 lines
04-29 10:19:10.533   998  1333 I chatty  : uid=1000(system) PackageManager expire 30 lines
04-29 10:19:10.758   998  1237 I chatty  : uid=1000(system) android.fg expire 5 lines
04-29 10:19:10.762   998  1260 I chatty  : uid=1000(system) ActivityManager expire 11 lines
04-29 10:19:10.814   998  1952 I chatty  : uid=1000(system) Binder:998_8 expire 2 lines
04-29 10:19:12.240   998  1609 I chatty  : uid=1000(system) Binder:998_4 expire 1 line
04-29 10:19:15.423   998  1239 I chatty  : uid=1000(system) android.io expire 8 lines
04-29 10:19:15.860   344   364 D vold    : Remounting 10129 as mode default
04-29 10:19:15.963   998   998 I chatty  : uid=1000 system_server expire 9 lines
04-29 10:19:15.992   998  2774 I chatty  : uid=1000(system) Binder:998_F expire 1 line
04-29 10:19:16.000   998  1259 I chatty  : uid=1000(system) ActivityManager expire 7 lines
04-29 10:19:16.114   998  1258 I chatty  : uid=1000(system) android.bg expire 2 lines
04-29 10:19:16.478   998  1850 I chatty  : uid=1000(system) Binder:998_7 expire 1 line
04-29 10:19:16.920   998  3131 I chatty  : uid=1000(system) Binder:998_15 expire 2 lines
04-29 10:19:17.469   998  1259 I chatty  : uid=1000(system) ActivityManager expire 13 lines
04-29 10:19:18.409   998  1477 I chatty  : uid=1000(system) InputReader expire 1 line
04-29 10:19:18.410   998   998 I chatty  : uid=1000 system_server expire 7 lines
04-29 10:19:18.412   998  1314 I chatty  : uid=1000(system) PowerManagerSer expire 6 lines
04-29 10:19:18.436   998  1269 I chatty  : uid=1000(system) batterystats-wo expire 1 line
04-29 10:19:18.468   998  1242 I chatty  : uid=1000(system) android.display expire 1 line
04-29 10:19:18.871   998  1237 I chatty  : uid=1000(system) android.fg expire 5 lines
04-29 10:19:18.873   998  3084 I chatty  : uid=1000(system) Binder:998_1E expire 1 line
04-29 10:19:18.934  1876  1876 E ActivityThread: Failed to find provider info for com.jio.os.content.ContentFeedProvider
04-29 10:19:19.127   998  2774 I chatty  : uid=1000(system) Binder:998_F expire 1 line
04-29 10:19:19.224   998  1333 I chatty  : uid=1000(system) PackageManager expire 4 lines
04-29 10:19:19.326   998  1258 I chatty  : uid=1000(system) android.bg expire 1 line
04-29 10:19:19.556   998  1260 I chatty  : uid=1000(system) ActivityManager expire 20 lines
04-29 10:19:20.189   998  1609 I chatty  : uid=1000(system) Binder:998_4 expire 1 line
04-29 10:19:20.264   998   998 I chatty  : uid=1000 system_server expire 2 lines
04-29 10:19:20.292   998  1237 I chatty  : uid=1000(system) android.fg expire 1 line
04-29 10:19:20.382   998  1108 I chatty  : uid=1000(system) Binder:998_1 expire 5 lines
04-29 10:19:20.551   998  1239 I chatty  : uid=1000(system) android.io expire 5 lines
04-29 10:19:20.719   998  1258 I chatty  : uid=1000(system) android.bg expire 2 lines
04-29 10:19:21.185   998  3084 I chatty  : uid=1000(system) Binder:998_1E expire 2 lines
04-29 10:19:21.231   998  1701 I chatty  : uid=1000(system) Binder:998_6 expire 1 line
04-29 10:19:21.232   998  1850 I chatty  : uid=1000(system) Binder:998_7 expire 2 lines
04-29 10:19:22.684   998  2774 I chatty  : uid=1000(system) Binder:998_F expire 1 line
04-29 10:19:23.012   998  1269 I chatty  : uid=1000(system) batterystats-wo expire 4 lines
04-29 10:19:24.096   998  1333 I chatty  : uid=1000(system) PackageManager expire 30 lines
04-29 10:19:24.352   998  1237 I chatty  : uid=1000(system) android.fg expire 1 line
04-29 10:19:28.034   998  1108 I chatty  : uid=1000(system) Binder:998_1 expire 1 line
04-29 10:19:28.113   998  1260 I chatty  : uid=1000(system) ActivityManager expire 7 lines
04-29 10:19:29.281   998  1239 I chatty  : uid=1000(system) android.io expire 8 lines
04-29 10:19:29.785   998  1701 I chatty  : uid=1000(system) Binder:998_6 expire 1 line
04-29 10:19:29.848   998  1699 I chatty  : uid=1000(system) Binder:998_5 expire 4 lines
04-29 10:19:29.854   998  1510 I chatty  : uid=1000(system) ConnectivitySer expire 1 line
04-29 10:19:29.942   998  1259 I chatty  : uid=1000(system) ActivityManager expire 11 lines
04-29 10:19:32.014   344   364 D vold    : Remounting 10130 as mode default
04-29 10:19:32.061   998   998 I chatty  : uid=1000 system_server expire 3 lines
04-29 10:19:32.080   998  3084 I chatty  : uid=1000(system) Binder:998_1E expire 2 lines
04-29 10:19:32.162   998  1260 I chatty  : uid=1000(system) ActivityManager expire 10 lines
04-29 10:19:32.168   998   998 I chatty  : uid=1000 system_server expire 5 lines
04-29 10:19:32.169   998  1258 I chatty  : uid=1000(system) android.bg expire 2 lines
04-29 10:19:32.543   998  1237 I chatty  : uid=1000(system) android.fg expire 8 lines
04-29 10:19:32.782   998  1699 I chatty  : uid=1000(system) Binder:998_5 expire 3 lines
04-29 10:19:32.992   998  3131 I chatty  : uid=1000(system) Binder:998_15 expire 4 lines
04-29 10:19:32.992   998  2774 I chatty  : uid=1000(system) Binder:998_F expire 1 line
04-29 10:19:32.992   998  1510 I chatty  : uid=1000(system) ConnectivitySer expire 2 lines
04-29 10:19:38.059   998  2641 I chatty  : uid=1000(system) Binder:998_1D expire 3 lines
04-29 10:19:38.748   998  1434 I chatty  : uid=1000(system) Binder:998_1B expire 4 lines
04-29 10:19:39.922   998   482 I chatty  : uid=1000(system) Binder:998_19 expire 1 line
04-29 10:19:40.415   998  1301 I chatty  : uid=1000(system) Binder:998_1A expire 3 lines
04-29 10:19:40.593   998  1238 I chatty  : uid=1000(system) android.ui expire 1 line
04-29 10:19:40.687  1876  1876 E ActivityThread: Failed to find provider info for com.jio.os.content.ContentFeedProvider
04-29 10:19:41.434   998  2859 I chatty  : uid=1000(system) Binder:998_13 expire 1 line
04-29 10:19:46.653  3727  3853 E ActivityThread: Failed to find provider info for com.qti.smq.Feedback.provider
04-29 10:19:49.015   998  1237 I chatty  : uid=1000(system) android.fg expire 5 lines
04-29 10:19:49.298   998  1238 I chatty  : uid=1000(system) android.ui expire 3 lines
04-29 10:19:49.357  1876  1876 E ActivityThread: Failed to find provider info for com.jio.os.content.ContentFeedProvider
04-29 10:19:49.391   998  1476 I chatty  : uid=1000(system) InputDispatcher expire 1 line
04-29 10:19:49.492  1876  1876 E ActivityThread: Failed to find provider info for com.jio.os.content.ContentFeedProvider
04-29 10:19:49.722  1876  1876 E ActivityThread: Failed to find provider info for com.jio.os.content.ContentFeedProvider
04-29 10:19:51.784   998  1260 I chatty  : uid=1000(system) ActivityManager expire 14 lines
04-29 10:19:51.971   998  1259 I chatty  : uid=1000(system) ActivityManager expire 7 lines
04-29 10:19:52.082   998  2774 I chatty  : uid=1000(system) Binder:998_F expire 2 lines
04-29 10:19:52.093   998  1109 I chatty  : uid=1000(system) Binder:998_2 expire 1 line
04-29 10:19:52.160   998  2623 I chatty  : uid=1000(system) Binder:998_C expire 1 line
04-29 10:19:52.789   998  1333 I chatty  : uid=1000(system) PackageManager expire 4 lines
04-29 10:19:52.829   998   998 I chatty  : uid=1000 system_server expire 4 lines
04-29 10:19:52.857   998  1258 I chatty  : uid=1000(system) android.bg expire 1 line
04-29 10:19:52.930   998  1239 I chatty  : uid=1000(system) android.io expire 4 lines
04-29 10:19:53.226   998  1260 I chatty  : uid=1000(system) ActivityManager expire 19 lines
04-29 10:19:53.345   998  1237 I chatty  : uid=1000(system) android.fg expire 1 line
04-29 10:19:53.555   998  1258 I chatty  : uid=1000(system) android.bg expire 2 lines
04-29 10:19:54.749   998  2806 I chatty  : uid=1000(system) Binder:998_12 expire 2 lines
04-29 10:19:54.834   998  3803 I chatty  : uid=1000(system) Binder:998_18 expire 1 line
04-29 10:19:54.835   998  1510 I chatty  : uid=1000(system) ConnectivitySer expire 1 line
04-29 10:19:55.572   998  2774 I chatty  : uid=1000(system) Binder:998_F expire 4 lines
04-29 10:19:57.209   998  2760 I chatty  : uid=1000(system) Binder:998_D expire 1 line
04-29 10:19:57.255   998  1333 I chatty  : uid=1000(system) PackageManager expire 30 lines
04-29 10:19:57.539   998  1237 I chatty  : uid=1000(system) android.fg expire 1 line
04-29 10:19:57.556   998  2774 I chatty  : uid=1000(system) Binder:998_F expire 8 lines
04-29 10:19:59.143   998  3131 I chatty  : uid=1000(system) Binder:998_15 expire 3 lines
04-29 10:19:59.228   998  1259 I chatty  : uid=1000(system) ActivityManager expire 8 lines
04-29 10:19:59.315   998  1260 I chatty  : uid=1000(system) ActivityManager expire 6 lines
04-29 10:19:59.698   998  1510 I chatty  : uid=1000(system) ConnectivitySer expire 1 line
04-29 10:20:02.818   998  1239 I chatty  : uid=1000(system) android.io expire 8 lines
04-29 10:20:03.293   344   364 D vold    : Remounting 10131 as mode default
04-29 10:20:03.330   998   998 I chatty  : uid=1000 system_server expire 3 lines
04-29 10:20:03.345   998  1258 I chatty  : uid=1000(system) android.bg expire 1 line
04-29 10:20:03.373   998  2623 I chatty  : uid=1000(system) Binder:998_C expire 1 line
04-29 10:20:03.489   998   998 I chatty  : uid=1000 system_server expire 7 lines
04-29 10:20:03.490   998  1260 I chatty  : uid=1000(system) ActivityManager expire 19 lines
04-29 10:20:03.649   998  1237 I chatty  : uid=1000(system) android.fg expire 4 lines
04-29 10:20:03.881   998  2774 I chatty  : uid=1000(system) Binder:998_F expire 1 line
04-29 10:20:04.201   998  1434 I chatty  : uid=1000(system) Binder:998_1B expire 2 lines
04-29 10:20:04.405   998  1258 I chatty  : uid=1000(system) android.bg expire 2 lines
04-29 10:20:04.826   998  1259 I chatty  : uid=1000(system) ActivityManager expire 8 lines
04-29 10:20:06.352   998  1333 I chatty  : uid=1000(system) PackageManager expire 32 lines
04-29 10:20:06.794   998  1237 I chatty  : uid=1000(system) android.fg expire 4 lines
04-29 10:20:06.833   998  1609 I chatty  : uid=1000(system) Binder:998_4 expire 1 line
04-29 10:20:06.954   998  3131 I chatty  : uid=1000(system) Binder:998_15 expire 1 line
04-29 10:20:06.962   998  3015 I chatty  : uid=1000(system) Binder:998_14 expire 1 line
04-29 10:20:06.965   998  1258 I chatty  : uid=1000(system) android.bg expire 2 lines
04-29 10:20:06.998   998  1701 I chatty  : uid=1000(system) Binder:998_6 expire 2 lines
04-29 10:20:07.950   998  1850 I chatty  : uid=1000(system) Binder:998_7 expire 1 line
04-29 10:20:08.295   998  1260 I chatty  : uid=1000(system) ActivityManager expire 4 lines
04-29 10:20:08.722   998  2641 I chatty  : uid=1000(system) Binder:998_1D expire 1 line
04-29 10:20:09.153   998   482 I chatty  : uid=1000(system) Binder:998_19 expire 1 line
04-29 10:20:11.798   998  1580 I chatty  : uid=1000(system) Binder:998_1C expire 2 lines
04-29 10:20:13.590   998  1609 I chatty  : uid=1000(system) Binder:998_4 expire 1 line
04-29 10:20:16.422   998  1239 I chatty  : uid=1000(system) android.io expire 8 lines
04-29 10:20:16.716   998  1333 I chatty  : uid=1000(system) PackageManager expire 2 lines
04-29 10:20:16.741   344   364 D vold    : Remounting 10132 as mode default
04-29 10:20:16.779   998   998 I chatty  : uid=1000 system_server expire 10 lines
04-29 10:20:16.795   998  1701 I chatty  : uid=1000(system) Binder:998_6 expire 1 line
04-29 10:20:16.800   998  1259 I chatty  : uid=1000(system) ActivityManager expire 9 lines
04-29 10:20:16.844   998  1258 I chatty  : uid=1000(system) android.bg expire 2 lines
04-29 10:20:16.849   998  1260 I chatty  : uid=1000(system) ActivityManager expire 5 lines
04-29 10:20:16.993   998  1237 I chatty  : uid=1000(system) android.fg expire 4 lines
04-29 10:20:17.205   998  2623 I chatty  : uid=1000(system) Binder:998_C expire 4 lines
04-29 10:20:17.545   998  1434 I chatty  : uid=1000(system) Binder:998_1B expire 2 lines
04-29 10:20:19.212   998  3270 I chatty  : uid=1000(system) Binder:998_16 expire 1 line
04-29 10:20:22.791   998   482 I chatty  : uid=1000(system) Binder:998_19 expire 1 line
04-29 10:20:23.394   998  2392 I chatty  : uid=1000(system) Binder:998_B expire 1 line
04-29 10:20:23.525   998  1850 I chatty  : uid=1000(system) Binder:998_7 expire 1 line
04-29 10:20:23.525   998  1434 I chatty  : uid=1000(system) Binder:998_1B expire 1 line
04-29 10:20:23.525   998  1510 I chatty  : uid=1000(system) ConnectivitySer expire 4 lines
04-29 10:20:24.395   998   482 I chatty  : uid=1000(system) Binder:998_19 expire 6 lines
04-29 10:20:24.680   998  1109 I chatty  : uid=1000(system) Binder:998_2 expire 3 lines
04-29 10:20:25.626   998  1701 I chatty  : uid=1000(system) Binder:998_6 expire 4 lines
04-29 10:20:26.674   998  1260 I chatty  : uid=1000(system) ActivityManager expire 4 lines
04-29 10:20:32.531   998  1108 I chatty  : uid=1000(system) Binder:998_1 expire 2 lines
04-29 10:20:42.755   998  1314 I chatty  : uid=1000(system) PowerManagerSer expire 12 lines
04-29 10:20:42.814   998  2778 I chatty  : uid=1000(system) Binder:998_10 expire 3 lines
04-29 10:20:52.537   412   880 E NetlinkEvent: NetlinkEvent::FindParam(): Parameter 'INTERFACE' not found
04-29 10:20:52.537   412   880 E NetlinkEvent: NetlinkEvent::FindParam(): Parameter 'STATE' not found
04-29 10:20:52.537   412   880 E NetlinkEvent: NetlinkEvent::FindParam(): Parameter 'TIME_NS' not found
04-29 10:20:52.537   412   880 E NetlinkEvent: NetlinkEvent::FindParam(): Parameter 'UID' not found
04-29 10:21:22.518   412   880 E NetlinkEvent: NetlinkEvent::FindParam(): Parameter 'INTERFACE' not found
04-29 10:21:22.518   412   880 E NetlinkEvent: NetlinkEvent::FindParam(): Parameter 'STATE' not found
04-29 10:21:22.518   412   880 E NetlinkEvent: NetlinkEvent::FindParam(): Parameter 'TIME_NS' not found
04-29 10:21:22.518   412   880 E NetlinkEvent: NetlinkEvent::FindParam(): Parameter 'UID' not found
04-29 10:21:45.932   998   998 I chatty  : uid=1000 system_server expire 2 lines
04-29 10:21:45.957   998  1269 I chatty  : uid=1000(system) batterystats-wo expire 2 lines
04-29 10:21:45.999   998  1242 I chatty  : uid=1000(system) android.display expire 2 lines
04-29 10:21:47.339   998  1237 I chatty  : uid=1000(system) android.fg expire 2 lines
04-29 10:21:54.917   998  1477 I chatty  : uid=1000(system) InputReader expire 2 lines
04-29 10:21:54.952   998  1259 I chatty  : uid=1000(system) ActivityManager expire 6 lines
04-29 10:21:55.016   998  2772 I chatty  : uid=1000(system) Binder:998_E expire 1 line
04-29 10:21:55.036   998  1260 I chatty  : uid=1000(system) ActivityManager expire 1 line
04-29 10:21:55.355  1876  1876 E ActivityThread: Failed to find provider info for com.jio.os.content.ContentFeedProvider
04-29 10:21:55.355   998  1238 I chatty  : uid=1000(system) android.ui expire 1 line
04-29 10:21:55.384   998  1314 I chatty  : uid=1000(system) PowerManagerSer expire 13 lines
04-29 10:21:55.386   998   998 I chatty  : uid=1000 system_server expire 7 lines
04-29 10:21:55.455   998  1237 I chatty  : uid=1000(system) android.fg expire 5 lines
04-29 10:21:55.547   998  1952 I chatty  : uid=1000(system) Binder:998_8 expire 1 line
04-29 10:21:56.861   998  1239 I chatty  : uid=1000(system) android.io expire 1 line
04-29 10:22:03.603   998  1701 I chatty  : uid=1000(system) Binder:998_6 expire 1 line
04-29 10:22:03.651   998  1609 I chatty  : uid=1000(system) Binder:998_4 expire 1 line
04-29 10:22:03.651   998  1510 I chatty  : uid=1000(system) ConnectivitySer expire 2 lines
04-29 10:22:22.215   412   880 E NetlinkEvent: NetlinkEvent::FindParam(): Parameter 'INTERFACE' not found
04-29 10:22:22.215   412   880 E NetlinkEvent: NetlinkEvent::FindParam(): Parameter 'STATE' not found
04-29 10:22:22.215   412   880 E NetlinkEvent: NetlinkEvent::FindParam(): Parameter 'TIME_NS' not found
04-29 10:22:22.215   412   880 E NetlinkEvent: NetlinkEvent::FindParam(): Parameter 'UID' not found
04-29 10:22:29.159   998  1269 I chatty  : uid=1000(system) batterystats-wo expire 3 lines
04-29 10:22:54.099   412   880 E NetlinkEvent: NetlinkEvent::FindParam(): Parameter 'INTERFACE' not found
04-29 10:22:54.099   412   880 E NetlinkEvent: NetlinkEvent::FindParam(): Parameter 'STATE' not found
04-29 10:22:54.099   412   880 E NetlinkEvent: NetlinkEvent::FindParam(): Parameter 'TIME_NS' not found
04-29 10:22:54.099   412   880 E NetlinkEvent: NetlinkEvent::FindParam(): Parameter 'UID' not found
04-29 10:22:54.793   998  3270 I chatty  : uid=1000(system) Binder:998_16 expire 1 line
04-29 10:22:54.852   998  2778 I chatty  : uid=1000(system) Binder:998_10 expire 1 line
04-29 10:22:54.852   998  3318 I chatty  : uid=1000(system) Binder:998_20 expire 1 line
04-29 10:22:54.967   998  1242 I chatty  : uid=1000(system) android.display expire 3 lines
04-29 10:23:47.004   998  1259 I chatty  : uid=1000(system) ActivityManager expire 8 lines
04-29 10:23:47.014   998  1314 I chatty  : uid=1000(system) PowerManagerSer expire 13 lines
04-29 10:23:47.130   998  1109 I chatty  : uid=1000(system) Binder:998_2 expire 1 line
04-29 10:23:47.191  1876  1876 E ActivityThread: Failed to find provider info for com.jio.os.content.ContentFeedProvider
04-29 10:23:47.365   998  1237 I chatty  : uid=1000(system) android.fg expire 5 lines
04-29 10:23:47.451   998   998 I chatty  : uid=1000 system_server expire 6 lines
04-29 10:23:47.484   998  1108 I chatty  : uid=1000(system) Binder:998_1 expire 3 lines
04-29 10:23:59.624   998  1260 I chatty  : uid=1000(system) ActivityManager expire 3 lines
04-29 10:24:02.857   998  1580 I chatty  : uid=1000(system) Binder:998_1C expire 1 line
04-29 10:24:03.418   412   880 E NetlinkEvent: NetlinkEvent::FindParam(): Parameter 'INTERFACE' not found
04-29 10:24:03.418   412   880 E NetlinkEvent: NetlinkEvent::FindParam(): Parameter 'STATE' not found
04-29 10:24:03.418   412   880 E NetlinkEvent: NetlinkEvent::FindParam(): Parameter 'TIME_NS' not found
04-29 10:24:03.418   412   880 E NetlinkEvent: NetlinkEvent::FindParam(): Parameter 'UID' not found
04-29 10:24:04.491   998   606 I chatty  : uid=1000 system_server expire 1 line
04-29 10:24:18.401   998  1269 I chatty  : uid=1000(system) batterystats-wo expire 3 lines
04-29 10:24:48.793   998  1239 I chatty  : uid=1000(system) android.io expire 2 lines
04-29 10:24:49.228   998  3487 I chatty  : uid=1000(system) Binder:998_17 expire 6 lines
04-29 10:24:50.801   998  1259 I chatty  : uid=1000(system) ActivityManager expire 8 lines
04-29 10:24:52.863   412   880 E NetlinkEvent: NetlinkEvent::FindParam(): Parameter 'INTERFACE' not found
04-29 10:24:52.863   412   880 E NetlinkEvent: NetlinkEvent::FindParam(): Parameter 'STATE' not found
04-29 10:24:52.863   412   880 E NetlinkEvent: NetlinkEvent::FindParam(): Parameter 'TIME_NS' not found
04-29 10:24:52.863   412   880 E NetlinkEvent: NetlinkEvent::FindParam(): Parameter 'UID' not found
04-29 10:25:03.424   998  1269 I chatty  : uid=1000(system) batterystats-wo expire 3 lines
04-29 10:25:07.501   998  1260 I chatty  : uid=1000(system) ActivityManager expire 12 lines
04-29 10:26:45.048   412   880 E NetlinkEvent: NetlinkEvent::FindParam(): Parameter 'INTERFACE' not found
04-29 10:26:45.048   412   880 E NetlinkEvent: NetlinkEvent::FindParam(): Parameter 'STATE' not found
04-29 10:26:45.049   412   880 E NetlinkEvent: NetlinkEvent::FindParam(): Parameter 'TIME_NS' not found
04-29 10:26:45.049   412   880 E NetlinkEvent: NetlinkEvent::FindParam(): Parameter 'UID' not found
04-29 10:27:48.082   412   880 E NetlinkEvent: NetlinkEvent::FindParam(): Parameter 'INTERFACE' not found
04-29 10:27:48.082   412   880 E NetlinkEvent: NetlinkEvent::FindParam(): Parameter 'STATE' not found
04-29 10:27:48.082   412   880 E NetlinkEvent: NetlinkEvent::FindParam(): Parameter 'TIME_NS' not found
04-29 10:27:48.082   412   880 E NetlinkEvent: NetlinkEvent::FindParam(): Parameter 'UID' not found
04-29 10:28:35.870   998  2806 I chatty  : uid=1000(system) Binder:998_12 expire 1 line
04-29 10:28:53.146   412   880 E NetlinkEvent: NetlinkEvent::FindParam(): Parameter 'INTERFACE' not found
04-29 10:28:53.146   412   880 E NetlinkEvent: NetlinkEvent::FindParam(): Parameter 'STATE' not found
04-29 10:28:53.146   412   880 E NetlinkEvent: NetlinkEvent::FindParam(): Parameter 'TIME_NS' not found
04-29 10:28:53.146   412   880 E NetlinkEvent: NetlinkEvent::FindParam(): Parameter 'UID' not found
04-29 10:29:49.676   998  2641 I chatty  : uid=1000(system) Binder:998_1D expire 2 lines
04-29 10:29:49.775   998  3318 I chatty  : uid=1000(system) Binder:998_20 expire 4 lines
04-29 10:29:49.806   412   880 E NetlinkEvent: NetlinkEvent::FindParam(): Parameter 'INTERFACE' not found
04-29 10:29:49.806   412   880 E NetlinkEvent: NetlinkEvent::FindParam(): Parameter 'STATE' not found
04-29 10:29:49.806   412   880 E NetlinkEvent: NetlinkEvent::FindParam(): Parameter 'TIME_NS' not found
04-29 10:29:49.806   412   880 E NetlinkEvent: NetlinkEvent::FindParam(): Parameter 'UID' not found
04-29 10:29:51.545   998  1657 I chatty  : uid=1000 system_server expire 1 line
04-29 10:29:59.455   998   998 I chatty  : uid=1000 system_server expire 2 lines
04-29 10:30:19.580   412   880 E NetlinkEvent: NetlinkEvent::FindParam(): Parameter 'INTERFACE' not found
04-29 10:30:19.580   412   880 E NetlinkEvent: NetlinkEvent::FindParam(): Parameter 'STATE' not found
04-29 10:30:19.581   412   880 E NetlinkEvent: NetlinkEvent::FindParam(): Parameter 'TIME_NS' not found
04-29 10:30:19.581   412   880 E NetlinkEvent: NetlinkEvent::FindParam(): Parameter 'UID' not found
04-29 10:31:30.382   998  1258 I chatty  : uid=1000(system) android.bg expire 2 lines
04-29 10:32:31.051   998  1701 I chatty  : uid=1000(system) Binder:998_6 expire 3 lines
04-29 10:32:53.357   412   880 E NetlinkEvent: NetlinkEvent::FindParam(): Parameter 'INTERFACE' not found
04-29 10:32:53.357   412   880 E NetlinkEvent: NetlinkEvent::FindParam(): Parameter 'STATE' not found
04-29 10:32:53.357   412   880 E NetlinkEvent: NetlinkEvent::FindParam(): Parameter 'TIME_NS' not found
04-29 10:32:53.357   412   880 E NetlinkEvent: NetlinkEvent::FindParam(): Parameter 'UID' not found
04-29 10:33:07.510   998  1260 I chatty  : uid=1000(system) ActivityManager expire 1 line
04-29 10:33:41.304  1587  1587 I PowerUI.Notification: show battery full warning: level=100 [1] 
04-29 10:33:41.313  1587  1587 I chatty  : uid=10095(com.android.systemui) identical 1 line
04-29 10:33:41.347  1587  1587 I PowerUI.Notification: show battery full warning: level=100 [1] 
04-29 10:33:41.521   998  1580 I chatty  : uid=1000(system) Binder:998_1C expire 1 line
04-29 10:33:41.536   998  1314 I chatty  : uid=1000(system) PowerManagerSer expire 2 lines
04-29 10:33:41.571   998  1242 I chatty  : uid=1000(system) android.display expire 3 lines
04-29 10:33:41.576   998  1259 I chatty  : uid=1000(system) ActivityManager expire 11 lines
04-29 10:33:41.655   998  2392 I chatty  : uid=1000(system) Binder:998_B expire 1 line
04-29 10:33:41.851   998  1314 I chatty  : uid=1000(system) PowerManagerSer expire 11 lines
04-29 10:33:41.955  1876  1876 E ActivityThread: Failed to find provider info for com.jio.os.content.ContentFeedProvider
04-29 10:33:41.961   998   998 I chatty  : uid=1000 system_server expire 9 lines
04-29 10:33:42.070   998  1701 I chatty  : uid=1000(system) Binder:998_6 expire 1 line
04-29 10:33:42.072   998  1237 I chatty  : uid=1000(system) android.fg expire 5 lines
