04-29 10:33:42.903   998  1239 I chatty  : uid=1000(system) android.io expire 1 line
04-29 10:33:47.457  1587  1587 I PowerUI.Notification: show battery full warning: level=100 [1] 
04-29 10:34:46.562   998  1269 I chatty  : uid=1000(system) batterystats-wo expire 2 lines
04-29 10:35:17.657  1587  1587 I PowerUI.Notification: show battery full warning: level=100 [1] 
04-29 10:35:17.682  1587  1587 I chatty  : uid=10095(com.android.systemui) identical 1 line
04-29 10:35:17.705  1587  1587 I PowerUI.Notification: show battery full warning: level=100 [1] 
04-29 10:35:17.779   998  1109 I chatty  : uid=1000(system) Binder:998_2 expire 1 line
04-29 10:35:17.784   998  1314 I chatty  : uid=1000(system) PowerManagerSer expire 6 lines
04-29 10:35:17.860   998  1850 I chatty  : uid=1000(system) Binder:998_7 expire 1 line
04-29 10:35:17.891  1876  1876 E ActivityThread: Failed to find provider info for com.jio.os.content.ContentFeedProvider
04-29 10:35:18.124   998  1259 I chatty  : uid=1000(system) ActivityManager expire 9 lines
04-29 10:35:18.191   998  2800 I chatty  : uid=1000(system) Binder:998_11 expire 3 lines
04-29 10:35:18.192   998  1237 I chatty  : uid=1000(system) android.fg expire 6 lines
04-29 10:35:33.124   998  1260 I chatty  : uid=1000(system) ActivityManager expire 2 lines
04-29 10:35:33.601   998  2641 I chatty  : uid=1000(system) Binder:998_1D expire 5 lines
04-29 10:35:33.646   998  1850 I chatty  : uid=1000(system) Binder:998_7 expire 1 line
04-29 10:35:34.167   412   880 E NetlinkEvent: NetlinkEvent::FindParam(): Parameter 'INTERFACE' not found
04-29 10:35:34.167   412   880 E NetlinkEvent: NetlinkEvent::FindParam(): Parameter 'STATE' not found
04-29 10:35:34.167   412   880 E NetlinkEvent: NetlinkEvent::FindParam(): Parameter 'TIME_NS' not found
04-29 10:35:34.167   412   880 E NetlinkEvent: NetlinkEvent::FindParam(): Parameter 'UID' not found
04-29 10:35:35.260   998  2241 I chatty  : uid=1000 system_server expire 1 line
04-29 10:35:43.199   998   998 I chatty  : uid=1000 system_server expire 9 lines
04-29 10:35:47.445  1587  1587 I PowerUI.Notification: show battery full warning: level=100 [1] 
04-29 10:36:10.781   998  1314 I chatty  : uid=1000(system) PowerManagerSer expire 10 lines
04-29 10:36:22.803   998  1269 I chatty  : uid=1000(system) batterystats-wo expire 2 lines
04-29 10:36:22.847   998  1242 I chatty  : uid=1000(system) android.display expire 2 lines
04-29 10:36:53.634   412   880 E NetlinkEvent: NetlinkEvent::FindParam(): Parameter 'INTERFACE' not found
04-29 10:36:53.634   412   880 E NetlinkEvent: NetlinkEvent::FindParam(): Parameter 'STATE' not found
04-29 10:36:53.634   412   880 E NetlinkEvent: NetlinkEvent::FindParam(): Parameter 'TIME_NS' not found
04-29 10:36:53.634   412   880 E NetlinkEvent: NetlinkEvent::FindParam(): Parameter 'UID' not found
04-29 10:37:42.300  1587  1587 I PowerUI.Notification: show battery full warning: level=100 [1] 
04-29 10:37:42.340  1587  1587 I chatty  : uid=10095(com.android.systemui) identical 1 line
04-29 10:37:42.349  1587  1587 I PowerUI.Notification: show battery full warning: level=100 [1] 
04-29 10:37:42.503  1876  1876 E ActivityThread: Failed to find provider info for com.jio.os.content.ContentFeedProvider
04-29 10:37:42.793   998  1314 I chatty  : uid=1000(system) PowerManagerSer expire 13 lines
04-29 10:37:43.588   998  1260 I chatty  : uid=1000(system) ActivityManager expire 3 lines
04-29 10:37:44.614   998  1109 I chatty  : uid=1000(system) Binder:998_2 expire 2 lines
04-29 10:37:45.447   412   880 E NetlinkEvent: NetlinkEvent::FindParam(): Parameter 'INTERFACE' not found
04-29 10:37:45.447   412   880 E NetlinkEvent: NetlinkEvent::FindParam(): Parameter 'STATE' not found
04-29 10:37:45.447   412   880 E NetlinkEvent: NetlinkEvent::FindParam(): Parameter 'TIME_NS' not found
04-29 10:37:45.447   412   880 E NetlinkEvent: NetlinkEvent::FindParam(): Parameter 'UID' not found
04-29 10:37:47.448  1587  1587 I PowerUI.Notification: show battery full warning: level=100 [1] 
04-29 10:37:50.248   998  2800 I chatty  : uid=1000(system) Binder:998_11 expire 1 line
04-29 10:38:55.067   998   998 I chatty  : uid=1000 system_server expire 9 lines
04-29 10:38:55.076   998  1269 I chatty  : uid=1000(system) batterystats-wo expire 2 lines
04-29 10:38:55.132   998  1242 I chatty  : uid=1000(system) android.display expire 2 lines
04-29 10:38:55.763   412   880 E NetlinkEvent: NetlinkEvent::FindParam(): Parameter 'INTERFACE' not found
04-29 10:38:55.763   412   880 E NetlinkEvent: NetlinkEvent::FindParam(): Parameter 'STATE' not found
04-29 10:38:55.763   412   880 E NetlinkEvent: NetlinkEvent::FindParam(): Parameter 'TIME_NS' not found
04-29 10:38:55.763   412   880 E NetlinkEvent: NetlinkEvent::FindParam(): Parameter 'UID' not found
04-29 10:38:56.409   998  1237 I chatty  : uid=1000(system) android.fg expire 5 lines
04-29 10:39:03.802   998  1477 I chatty  : uid=1000(system) InputReader expire 1 line
04-29 10:39:03.865   998  1259 I chatty  : uid=1000(system) ActivityManager expire 6 lines
04-29 10:39:03.924  1876  1876 E ActivityThread: Failed to find provider info for com.jio.os.content.ContentFeedProvider
04-29 10:39:04.020   998  1314 I chatty  : uid=1000(system) PowerManagerSer expire 9 lines
04-29 10:39:04.297   998  1850 I chatty  : uid=1000(system) Binder:998_7 expire 1 line
04-29 10:39:04.782   998  1239 I chatty  : uid=1000(system) android.io expire 1 line
04-29 10:40:03.795   998   998 W UsageStatsService: Event reported without a package name, eventType:16
04-29 10:40:03.802   998  1269 E KernelCpuSpeedReader: Failed to read cpu-freq: /sys/devices/system/cpu/cpu0/cpufreq/stats/time_in_state: open failed: ENOENT (No such file or directory)
04-29 10:40:03.849   998  1242 I DisplayManagerService: Display device changed state: "Built-in Screen", OFF
04-29 10:40:05.154   998  1314 I DreamManagerService: Entering dreamland.
04-29 10:40:05.156   998  1314 I PowerManagerService: Dozing...
04-29 10:40:05.157   998  1237 I DreamController: Starting dream: name=ComponentInfo{com.android.systemui/com.android.systemui.doze.DozeService}, isTest=false, canDoze=true, userId=0
04-29 10:40:05.171   998  1237 D AutofillManagerService: Close system dialogs
04-29 10:40:06.848  1587  1587 I PowerUI.Notification: show battery full warning: level=100 [1] 
04-29 10:40:06.882  1587  1587 I chatty  : uid=10095(com.android.systemui) identical 1 line
04-29 10:40:06.902  1587  1587 I PowerUI.Notification: show battery full warning: level=100 [1] 
04-29 10:40:06.996   998  1850 I PowerManagerService: Waking up from Dozing (uid=10095, reason=WAKE_REASON_APPLICATION, details=DozeTriggers)...
04-29 10:40:06.997   998   998 W UsageStatsService: Event reported without a package name, eventType:15
04-29 10:40:06.999   998  1314 I DisplayPowerController: Blocking screen on until initial contents have been drawn.
04-29 10:40:07.028   998  1269 E KernelCpuSpeedReader: Failed to read cpu-freq: /sys/devices/system/cpu/cpu0/cpufreq/stats/time_in_state: open failed: ENOENT (No such file or directory)
04-29 10:40:07.053   998  1259 W BroadcastQueue: Background execution not allowed: receiving Intent { act=android.intent.action.USER_PRESENT flg=0x24200010 } to com.android.chrome/org.chromium.chrome.browser.sharing.click_to_call.ClickToCallMessageHandler$PhoneUnlockedReceiver
04-29 10:40:07.054   998  1259 W BroadcastQueue: Background execution not allowed: receiving Intent { act=android.intent.action.USER_PRESENT flg=0x24200010 } to com.facebook.lite/com.facebook.rti.push.service.MqttSystemBroadcastReceiver
04-29 10:40:07.054   998  1259 W BroadcastQueue: Background execution not allowed: receiving Intent { act=android.intent.action.USER_PRESENT flg=0x24200010 } to com.google.android.gms/.auth.setup.devicesignals.LockScreenReceiver
04-29 10:40:07.054   998  1259 W BroadcastQueue: Background execution not allowed: receiving Intent { act=android.intent.action.USER_PRESENT flg=0x24200010 } to com.google.android.gms/.trustagent.UserPresentBroadcastReceiver
04-29 10:40:07.054   998  1259 W BroadcastQueue: Background execution not allowed: receiving Intent { act=android.intent.action.USER_PRESENT flg=0x24200010 } to com.google.android.gms/.chimera.GmsIntentOperationService$PersistentTrustedReceiver
04-29 10:40:07.057   998  1242 I DisplayManagerService: Display device changed state: "Built-in Screen", ON
04-29 10:40:07.076   998  2364 D ActivityTaskManager: Top Process State changed to PROCESS_STATE_TOP
04-29 10:40:07.105  1876  1876 E ActivityThread: Failed to find provider info for com.jio.os.content.ContentFeedProvider
04-29 10:40:07.195   998  1314 I DisplayPowerController: Unblocked screen on after 196 ms
04-29 10:40:07.382   998  1314 W PowerManagerService: Screen on took 386 ms
04-29 10:40:07.383   998  1314 I DreamManagerService: Gently waking up from dream.
04-29 10:40:07.383   998  1237 I DreamManagerService: Performing gentle wake from dream.
04-29 10:40:07.397   998  1609 I DreamManagerService: Leaving dreamland.
04-29 10:40:07.399   998  1237 I DreamManagerService: Performing gentle wake from dream.
04-29 10:40:07.399   998  1237 I DreamController: Stopping dream: name=ComponentInfo{com.android.systemui/com.android.systemui.doze.DozeService}, isTest=false, canDoze=true, userId=0
04-29 10:40:47.445  1587  1587 I PowerUI.Notification: show battery full warning: level=100 [1] 
04-29 10:40:53.856   412   880 E NetlinkEvent: NetlinkEvent::FindParam(): Parameter 'INTERFACE' not found
04-29 10:40:53.856   412   880 E NetlinkEvent: NetlinkEvent::FindParam(): Parameter 'STATE' not found
04-29 10:40:53.856   412   880 E NetlinkEvent: NetlinkEvent::FindParam(): Parameter 'TIME_NS' not found
04-29 10:40:53.856   412   880 E NetlinkEvent: NetlinkEvent::FindParam(): Parameter 'UID' not found
04-29 10:40:57.579   998   998 D BluetoothManagerService: Bluetooth persisted state: 0
04-29 10:40:57.583   998   998 D BluetoothManagerService: Airplane Mode change - current state:  OFF, isAirplaneModeOn()=true, mEnableExternal: false
04-29 10:40:57.627   998  1260 I ActivityManager: Start proc 2788:com.android.carrierdefaultapp/u0a61 for broadcast {com.android.carrierdefaultapp/com.android.carrierdefaultapp.CarrierDefaultBroadcastReceiver}
04-29 10:40:57.750   998  2364 W ActivityManager: Permission Denial: not allowed to send broadcast android.intent.action.AIRPLANE_MODE from pid=2814, uid=2000
04-29 10:40:57.847   998  2364 I ActivityManager: Killing 2357:com.android.vending:instant_app_installer/u0a82 (adj 930): cached #5
04-29 10:40:59.227   998  1609 W ActivityManager: Permission Denial: not allowed to send broadcast android.intent.action.AIRPLANE_MODE from pid=2843, uid=2000
04-29 10:41:00.627   998   998 D BluetoothManagerService: Bluetooth persisted state: 0
04-29 10:41:00.627   998   998 D BluetoothManagerService: Airplane Mode change - current state:  OFF, isAirplaneModeOn()=false, mEnableExternal: false
04-29 10:41:00.793   998  1699 W ActivityManager: Permission Denial: not allowed to send broadcast android.intent.action.AIRPLANE_MODE from pid=2875, uid=2000
04-29 10:41:02.206   998  1699 W ActivityManager: Permission Denial: not allowed to send broadcast android.intent.action.AIRPLANE_MODE from pid=2905, uid=2000
04-29 10:41:08.173   998  1269 E BatteryExternalStatsWorker: no controller energy info supplied for bluetooth
04-29 10:41:08.191   998  1269 E KernelCpuSpeedReader: Failed to read cpu-freq: /sys/devices/system/cpu/cpu0/cpufreq/stats/time_in_state: open failed: ENOENT (No such file or directory)
04-29 10:41:09.045   998  1609 W BluetoothManagerService: checkPackage(): called with null packageName from 2000
04-29 10:41:11.524   998  1609 I chatty  : uid=1000(system) Binder:998_4 identical 2 lines
04-29 10:41:12.659   998  1609 W BluetoothManagerService: checkPackage(): called with null packageName from 2000
04-29 10:41:15.466   998  1259 W BroadcastQueue: Background execution not allowed: receiving Intent { act=android.net.wifi.WIFI_STATE_CHANGED flg=0x4000010 (has extras) } to com.jio.media.ondemand/com.jio.media.mobile.apps.jioondemand.mediaplayer.NetworkChangeReceiver
04-29 10:41:15.466   998  1259 W BroadcastQueue: Background execution not allowed: receiving Intent { act=android.net.wifi.WIFI_STATE_CHANGED flg=0x4000010 (has extras) } to com.jio.media.ondemand/com.jio.media.framework.services.external.network.NetworkChangedBroadcastListener
04-29 10:41:15.467   998  1259 W BroadcastQueue: Background execution not allowed: receiving Intent { act=android.net.wifi.WIFI_STATE_CHANGED flg=0x4000010 (has extras) } to com.jio.myjio/.jionet.receiver.WifiScanReceiver
04-29 10:41:15.467   998  1259 W BroadcastQueue: Background execution not allowed: receiving Intent { act=android.net.wifi.WIFI_STATE_CHANGED flg=0x4000010 (has extras) } to com.jio.myjio/com.bb.lib.receiver.NetworkChangeReceiver
04-29 10:41:15.467   998  1259 W BroadcastQueue: Background execution not allowed: receiving Intent { act=android.net.wifi.WIFI_STATE_CHANGED flg=0x4000010 (has extras) } to com.jio.myjio/com.inn.passivesdk.receiver.ServiceStarterReceiver
04-29 10:41:15.516   998  1313 W ProcessCpuTracker: Failed to stat(/proc/3048): android.system.ErrnoException: stat failed: ENOENT (No such file or directory)
04-29 10:41:15.516   998  1313 W ProcessCpuTracker: Skipping unknown process pid 3048
04-29 10:41:16.264  1550  1550 I android.hardware.wifi@1.0-service-lazy: Wifi HAL started
04-29 10:41:16.625  1550  1550 I android.hardware.wifi@1.0-service-lazy: Adding interface handle for p2p0
04-29 10:41:16.625  1550  1550 I android.hardware.wifi@1.0-service-lazy: Adding interface handle for wlan0
04-29 10:41:16.625  1550  1550 W android.hardware.wifi@1.0-service-lazy: No active wlan interfaces in use! Using default
04-29 10:41:16.626  1550  1550 W android.hardware.wifi@1.0-service-lazy: No active wlan interfaces in use! Using default
04-29 10:41:16.629  1550  1550 I android.hardware.wifi@1.0-service-lazy: Configured chip in mode 0
04-29 10:41:16.630  1550  1550 W android.hardware.wifi@1.0-service-lazy: No active wlan interfaces in use! Using default
04-29 10:41:16.656   683   683 I wificond: setting base_wiphy_index_ to 0
04-29 10:41:16.659   683   683 I wificond: create scanner for interface with index: 26
04-29 10:41:16.660   683   683 I wificond: subscribe scan result for interface with index: 26
04-29 10:41:16.665   683   683 E wificond: No Offload Service available
04-29 10:41:16.665   683   683 I wificond: Offload HAL not supported 
04-29 10:41:16.844   998  1259 W BroadcastQueue: Background execution not allowed: receiving Intent { act=android.net.wifi.WIFI_STATE_CHANGED flg=0x4000010 (has extras) } to com.jio.media.ondemand/com.jio.media.mobile.apps.jioondemand.mediaplayer.NetworkChangeReceiver
04-29 10:41:16.845   998  1259 W BroadcastQueue: Background execution not allowed: receiving Intent { act=android.net.wifi.WIFI_STATE_CHANGED flg=0x4000010 (has extras) } to com.jio.media.ondemand/com.jio.media.framework.services.external.network.NetworkChangedBroadcastListener
04-29 10:41:16.845   998  1259 W BroadcastQueue: Background execution not allowed: receiving Intent { act=android.net.wifi.WIFI_STATE_CHANGED flg=0x4000010 (has extras) } to com.jio.myjio/.jionet.receiver.WifiScanReceiver
04-29 10:41:16.845   998  1259 W BroadcastQueue: Background execution not allowed: receiving Intent { act=android.net.wifi.WIFI_STATE_CHANGED flg=0x4000010 (has extras) } to com.jio.myjio/com.bb.lib.receiver.NetworkChangeReceiver
04-29 10:41:16.845   998  1259 W BroadcastQueue: Background execution not allowed: receiving Intent { act=android.net.wifi.WIFI_STATE_CHANGED flg=0x4000010 (has extras) } to com.jio.myjio/com.inn.passivesdk.receiver.ServiceStarterReceiver
04-29 10:41:17.264   683   683 I wificond: Regulatory domain changed to country: IN
04-29 10:41:17.268   683   683 I wificond: 2.4Ghz frequencies: 2412 2417 2422 2427 2432 2437 2442 2447 2452 2457 2462 2467 2472
04-29 10:41:17.268   683   683 I wificond: 5Ghz non-DFS frequencies:
04-29 10:41:17.268   683   683 I wificond: 5Ghz DFS frequencies:
04-29 10:41:17.285   998  1259 W BroadcastQueue: Background execution not allowed: receiving Intent { act=android.net.wifi.STATE_CHANGE flg=0x4000010 (has extras) } to com.jio.myjio/.jionet.receiver.WifiScanReceiver
04-29 10:41:17.939   683   683 I wificond: wifi generation capability mask: 5
04-29 10:41:17.951   998  1259 W BroadcastQueue: Background execution not allowed: receiving Intent { act=android.net.wifi.SCAN_RESULTS flg=0x4000010 (has extras) } to com.jio.myjio/.jionet.receiver.WifiScanReceiver
04-29 10:41:20.153   998  1259 W BroadcastQueue: Background execution not allowed: receiving Intent { act=android.net.wifi.WIFI_STATE_CHANGED flg=0x4000010 (has extras) } to com.jio.media.ondemand/com.jio.media.mobile.apps.jioondemand.mediaplayer.NetworkChangeReceiver
04-29 10:41:20.154   998  1259 W BroadcastQueue: Background execution not allowed: receiving Intent { act=android.net.wifi.WIFI_STATE_CHANGED flg=0x4000010 (has extras) } to com.jio.media.ondemand/com.jio.media.framework.services.external.network.NetworkChangedBroadcastListener
04-29 10:41:20.154   998  1259 W BroadcastQueue: Background execution not allowed: receiving Intent { act=android.net.wifi.WIFI_STATE_CHANGED flg=0x4000010 (has extras) } to com.jio.myjio/.jionet.receiver.WifiScanReceiver
04-29 10:41:20.154   998  1259 W BroadcastQueue: Background execution not allowed: receiving Intent { act=android.net.wifi.WIFI_STATE_CHANGED flg=0x4000010 (has extras) } to com.jio.myjio/com.bb.lib.receiver.NetworkChangeReceiver
04-29 10:41:20.154   998  1259 W BroadcastQueue: Background execution not allowed: receiving Intent { act=android.net.wifi.WIFI_STATE_CHANGED flg=0x4000010 (has extras) } to com.jio.myjio/com.inn.passivesdk.receiver.ServiceStarterReceiver
04-29 10:41:20.156   683   683 W wificond: No pno scan started
04-29 10:41:20.156   683   683 W wificond: Scheduled scan is not running!
04-29 10:41:20.160   683   683 W wificond: No pno scan started
04-29 10:41:20.160   683   683 W wificond: Scheduled scan is not running!
04-29 10:41:20.172  1550  1550 W android.hardware.wifi@1.0-service-lazy: No active wlan interfaces in use! Using default
04-29 10:41:20.305   683   683 I wificond: Unsubscribe scan result for interface with index: 26
04-29 10:41:20.394  1550  3088 I android.hardware.wifi@1.0-service-lazy: Legacy HAL stop complete callback received
--------- beginning of main
04-29 10:41:20.394  1550  3088 I WifiHAL : wifi_event_loop() exits success
04-29 10:41:20.395  1550  1550 E libc    : Access denied finding property "sys.powerctl"
04-29 10:41:20.392  1550  1550 W wifi@1.0-servic: type=1400 audit(0.0:1704): avc: denied { write } for name="tcp_use_userconfig" dev="proc" ino=133092 scontext=u:r:hal_wifi_default:s0 tcontext=u:object_r:proc_net:s0 tclass=file permissive=0
04-29 10:41:20.392  1550  1550 W wifi@1.0-servic: type=1400 audit(0.0:1705): avc: denied { write } for name="tcp_adv_win_scale" dev="proc" ino=129946 scontext=u:r:hal_wifi_default:s0 tcontext=u:object_r:proc_net:s0 tclass=file permissive=0
04-29 10:41:21.000  3153  3153 I chatty  : uid=2000(shell) app_process expire 16 lines
04-29 10:41:21.241  1550  1550 I android.hardware.wifi@1.0-service-lazy: Wifi HAL stopped
04-29 10:41:21.245   998  1259 W BroadcastQueue: Background execution not allowed: receiving Intent { act=android.net.wifi.STATE_CHANGE flg=0x4000010 (has extras) } to com.jio.myjio/.jionet.receiver.WifiScanReceiver
04-29 10:41:21.246  1676  2943 D QCNEJ/WlanStaInfoRelay: Received action: android.net.wifi.STATE_CHANGE
04-29 10:41:21.247  1676  2943 D QCNEJ/WlanStaInfoRelay: reset CountryCodeRetriever
04-29 10:41:21.256   998  1259 W BroadcastQueue: Background execution not allowed: receiving Intent { act=android.net.wifi.WIFI_STATE_CHANGED flg=0x4000010 (has extras) } to com.jio.media.ondemand/com.jio.media.mobile.apps.jioondemand.mediaplayer.NetworkChangeReceiver
04-29 10:41:21.257   998  1259 W BroadcastQueue: Background execution not allowed: receiving Intent { act=android.net.wifi.WIFI_STATE_CHANGED flg=0x4000010 (has extras) } to com.jio.media.ondemand/com.jio.media.framework.services.external.network.NetworkChangedBroadcastListener
04-29 10:41:21.257   998  1259 W BroadcastQueue: Background execution not allowed: receiving Intent { act=android.net.wifi.WIFI_STATE_CHANGED flg=0x4000010 (has extras) } to com.jio.myjio/.jionet.receiver.WifiScanReceiver
04-29 10:41:21.257   998  1259 W BroadcastQueue: Background execution not allowed: receiving Intent { act=android.net.wifi.WIFI_STATE_CHANGED flg=0x4000010 (has extras) } to com.jio.myjio/com.bb.lib.receiver.NetworkChangeReceiver
04-29 10:41:21.257   998  1259 W BroadcastQueue: Background execution not allowed: receiving Intent { act=android.net.wifi.WIFI_STATE_CHANGED flg=0x4000010 (has extras) } to com.jio.myjio/com.inn.passivesdk.receiver.ServiceStarterReceiver
04-29 10:41:21.258   998  1499 I chatty  : uid=1000(system) ClientModeImpl expire 5 lines
04-29 10:41:21.274  2096  2886 W Settings: Setting airplane_mode_on has moved from android.provider.Settings.System to android.provider.Settings.Global, returning read-only value.
04-29 10:41:21.275  2412  3165 I chatty  : uid=10045(com.jio.adc.embedded) pool-1-thread-2 expire 14 lines
04-29 10:41:21.285  2412  3170 I chatty  : uid=10045(com.jio.adc.embedded) pool-5-thread-1 expire 12 lines
04-29 10:41:21.289  2412  3169 I chatty  : uid=10045(com.jio.adc.embedded) pool-3-thread-1 expire 8 lines
04-29 10:41:21.297  2412  3167 I chatty  : uid=10045(com.jio.adc.embedded) pool-7-thread-1 expire 2 lines
04-29 10:41:21.301  2412  3171 I chatty  : uid=10045(com.jio.adc.embedded) pool-8-thread-1 expire 2 lines
04-29 10:41:21.304  2412  3172 I chatty  : uid=10045(com.jio.adc.embedded) pool-2-thread-1 expire 2 lines
04-29 10:41:21.308  2412  3166 I chatty  : uid=10045(com.jio.adc.embedded) pool-4-thread-1 expire 8 lines
04-29 10:41:21.311  2412  3173 I chatty  : uid=10045(com.jio.adc.embedded) pool-9-thread-1 expire 6 lines
04-29 10:41:21.320  2412  3174 I chatty  : uid=10045(com.jio.adc.embedded) pool-6-thread-1 expire 7 lines
04-29 10:41:22.073  3177  3177 I chatty  : uid=2000(shell) app_process expire 16 lines
04-29 10:41:22.308  2504  2647 I CastDatabase: Saving the database
04-29 10:41:22.328  2504  2647 I SQLiteCastStore: [CastNetworkInfo] saved: 0, skipped: 0, [CastDeviceInfo]: saved 0, skipped 0, [Paired Guest Mode DeviceInfo] saved: 0, skipped: 0. [ProbedNetworks]: saved 0, skipped: 0, [ProbedSocketAddress]: saved 0, skipped: 0, [Network-Device pairs]: saved: 0
04-29 10:41:22.389   998  1609 I chatty  : uid=1000(system) Binder:998_4 expire 1 line
04-29 10:41:23.211   596   639 D ThermalEngine: zone:0 sensor:xo-therm-adc temp:41987 trip:0 event:0
04-29 10:41:23.212   596   651 D ThermalEngine: sensor_monitor: xo-therm-adc Reading 41987 .
04-29 10:41:23.212   596   651 I ThermalEngine: Sensor:xo-therm-adc:41987 mC
04-29 10:41:23.212   596   651 D ThermalEngine: update_active_thresh: xo-therm-adc Active(1), Hi(1) 43000, Lo(1) 39000, desc(0) Interval(1) 2000
04-29 10:41:23.213   596   651 D ThermalEngine: sensor_monitor: xo-therm-adc Sensor wait.
04-29 10:41:23.427   596   639 D ThermalEngine: zone:20 sensor:skin-therm-adc temp:4831 trip:0 event:0
04-29 10:41:23.429   596   639 D ThermalEngine: zone:1 sensor:xo-therm-buf-adc temp:41746 trip:0 event:0
04-29 10:41:23.430   596   639 D ThermalEngine: zone:2 sensor:pa-therm0-adc temp:38461 trip:0 event:0
04-29 10:41:23.897   412  1628 I netd    : trafficSwapActiveStatsMap() <15.50ms>
04-29 10:41:23.901   412  1628 I netd    : tetherGetStats() <2.58ms>
04-29 10:41:28.545   596   639 D ThermalEngine: zone:2 sensor:pa-therm0-adc temp:38571 trip:0 event:0
04-29 10:41:28.547   596   639 D ThermalEngine: zone:1 sensor:xo-therm-buf-adc temp:41686 trip:0 event:0
04-29 10:41:28.548   596   639 D ThermalEngine: zone:20 sensor:skin-therm-adc temp:26238 trip:0 event:0
04-29 10:41:28.630  3199  3199 I chatty  : uid=2000(shell) /system/bin/app_process32 expire 16 lines
04-29 10:41:29.701  3214  3214 I chatty  : uid=2000(shell) app_process expire 16 lines
04-29 10:41:30.923  3261  3261 I chatty  : uid=2000(shell) app_process expire 16 lines
04-29 10:41:31.969  3276  3276 I chatty  : uid=2000(shell) app_process expire 16 lines
04-29 10:41:32.373   998  1259 I chatty  : uid=1000(system) ActivityManager expire 3 lines
04-29 10:41:32.376  2788  2788 D CarrierDefaultBroadcastReceiver: onReceive intent: com.android.internal.telephony.CARRIER_SIGNAL_RESET
04-29 10:41:32.384  2788  2788 D CarrierDefaultBroadcastReceiver: apply carrier action idx: 6
04-29 10:41:32.384  2788  2788 D CarrierActionUtils: onCancelAllNotifications
04-29 10:41:32.385  2788  2788 D CarrierDefaultBroadcastReceiver: apply carrier action idx: 8
04-29 10:41:32.385  2788  2788 D CarrierActionUtils: onDisableDefaultURLHandler
04-29 10:41:32.411   998  1510 D ConnectivityService: NetworkAgentInfo [MOBILE (LTE) - 101] EVENT_NETWORK_INFO_CHANGED, going from CONNECTED to DISCONNECTED
04-29 10:41:32.412  1763  2001 D DcNetworkAgent-2: NetworkAgent: NetworkAgent channel lost
04-29 10:41:32.412   998  1510 D ConnectivityService: NetworkAgentInfo [MOBILE (LTE) - 101] got DISCONNECTED, was satisfying 15
04-29 10:41:32.432  1763  1763 D QtiMultiSimSettingController: onUserDataEnabled
04-29 10:41:32.432  1763  1763 D QtiMultiSimSettingController: setUserDataEnabledForGroup subId 1 enable false
04-29 10:41:32.483   412  1628 I netd    : trafficSwapActiveStatsMap() <18.25ms>
04-29 10:41:32.487   412  1628 I netd    : tetherGetStats() <2.55ms>
04-29 10:41:32.500  1676  2943 D QCNEJ/DefaultNetworkInfoRelay: Default network lost: 101
04-29 10:41:32.506   998  1237 I chatty  : uid=1000(system) android.fg expire 3 lines
04-29 10:41:32.519   412  1628 I netd    : idletimerRemoveInterface("rmnet_data2", 10, "0") <7.82ms>
04-29 10:41:32.522   998  1510 D ConnectivityService: Sending DISCONNECTED broadcast for type 0 NetworkAgentInfo [MOBILE (LTE) - 101] isDefaultNetwork=true
04-29 10:41:32.524  1676  2943 D QCNEJ/NativeHalConnector: -> SND notifyDefaultNetworkChanged(0)
04-29 10:41:32.524  1676  2943 D QCNEJ/WwanInfoRelay: network lost: 101
04-29 10:41:32.527  1869  1869 I DeviceStatusMonitor: onReceive() : Action = android.net.conn.CONNECTIVITY_CHANGE
04-29 10:41:32.530  2412  2412 I chatty  : uid=10045(com.jio.adc.embedded) expire 1 line
04-29 10:41:32.535   412  1628 W Netd    : Flushing routes: No such process
04-29 10:41:32.550  1869  1869 I DeviceStatusMonitor: getCurrentNetworkState(): activeNetwork = 100,  newState = NON_METERED
04-29 10:41:32.551   338   338 I chatty  : uid=1000(system) hwservicemanage expire 37 lines
04-29 10:41:32.592  2355  2355 I ConnectivityStateChangeReceiver: sending connect update status directly using ClientService
04-29 10:41:32.593   412  1628 D TcpSocketMonitor: resuming tcpinfo polling (interval=30000ms)
04-29 10:41:32.594   412  1628 I netd    : networkDestroy(101) <67.62ms>
04-29 10:41:32.600  1869  1869 I NetworkInfoNotification: onNetworkAvailable: networkState = NON_METERED
04-29 10:41:32.605   492   492 I LocSvc__AGnssRilInterface: ===> updateNetworkState_2_0 line 110 
04-29 10:41:32.609  2355  2355 W ContextImpl: Calling a method in the system process without a qualified user: android.app.ContextImpl.startService:1570 android.content.ContextWrapper.startService:669 com.redbend.app.SmmService.sendIntentEvent:373 com.redbend.client.ClientService.sendEvent:586 com.redbend.client.ConnectivityStateChangeReceiver$DataChange.sendConnectedEvent:66 
04-29 10:41:32.612   412  1628 I netd    : destroyNetworkCache(101) <0.23ms>
04-29 10:41:32.617  2412  3165 I chatty  : uid=10045(com.jio.adc.embedded) pool-1-thread-2 expire 1 line
04-29 10:41:32.618  2355  2355 I EventIntentService: onStartCommand received intent: Intent { act=com.redbend.event.D2B_STS_MOBILE_DATA cmp=com.redbend.client/.BasicService (has extras) }
04-29 10:41:32.622   998  1237 W Looper  : Slow dispatch took 120ms android.fg h=android.net.ConnectivityManager$CallbackHandler c=null m=524292
04-29 10:41:32.623  2355  2355 I EventIntentService: Outgoing Event D2B_STS_MOBILE_DATA
04-29 10:41:32.660  2412  3172 D [353   ] ANH-EX_S: c.j.a.core.module.exs.EEP$b call> bitField: 8
04-29 10:41:32.660  2412  3170 D [351   ] ANH-EX_NM: c.j.a.core.module.exnm.EEP$b call> bitField: 0
04-29 10:41:32.660  2412  3171 D [352   ] ANH-EX_BAT: c.j.a.core.module.exbat.EEP$a call> bitField: 0
04-29 10:41:32.674   492   533 I LocSvc_SystemStatusOsObserver: DataItem: ACTIVE_NETWORK_INFO::TYPEs_MASK: 0, TYPE_NAME: , SUB_TYPE_NAME: , IS_AVAILABLE: false, IS_CONNECTED: false, IS_ROAMING: false, NETWORK_HANDLE_0: 18446744073709551615:10, NETWORK_HANDLE_1: 18446744073709551615:10, NETWORK_HANDLE_2: 18446744073709551615:10, NETWORK_HANDLE_3: 18446744073709551615:10, NETWORK_HANDLE_4: 18446744073709551615:10, NETWORK_HANDLE_5: 18446744073709551615:10, NETWORK_HANDLE_6: 18446744073709551615:10, NETWORK_HANDLE_7: 18446744073709551615:10, NETWORK_HANDLE_8: 18446744073709551615:10, NETWORK_HANDLE_9: 18446744073709551615:10 >> XtraSystemStatusObserver
04-29 10:41:32.682  1869  3294 I NetworkInfoNotification: onNetworkAvailable: networkState = NON_METERED
04-29 10:41:32.691   412  1628 I netd    : bandwidthRemoveInterfaceQuota("rmnet_data2") <5.13ms>
04-29 10:41:32.694   412  1628 I netd    : bandwidthSetGlobalAlert(2097152) <0.59ms>
04-29 10:41:32.707  2412  3173 D [354   ] ANH-EX_LOC: c.j.a.core.module.exloc.EEP$b call> bitField: 0
04-29 10:41:32.734   413   413 D Zygote  : Forked child process 3297
04-29 10:41:32.762  2355  3316 I BasicService: Resetting Alarm ID #1
04-29 10:41:32.764   998  1260 W ActivityManager: Slow operation: 191ms so far, now at startProcess: returned from zygote!
04-29 10:41:32.764   998  1260 W ActivityManager: Slow operation: 192ms so far, now at startProcess: done updating battery stats
04-29 10:41:32.764   998  1260 W ActivityManager: Slow operation: 192ms so far, now at startProcess: building log message
04-29 10:41:32.764   998  1260 I ActivityManager: Start proc 3297:com.jio.media.ondemand/u0a71 for service {com.jio.media.ondemand/com.madme.mobile.sdk.service.LSJobService2}
04-29 10:41:32.764   998  1260 W ActivityManager: Slow operation: 192ms so far, now at startProcess: starting to update pids map
04-29 10:41:32.765   998  1260 W ActivityManager: Slow operation: 192ms so far, now at startProcess: done updating pids map
04-29 10:41:32.765   998  1260 W ActivityManager: Slow operation: 179ms so far, now at startProcess: asking zygote to start proc
04-29 10:41:32.785   406   665 I CarrierServices: [319] cnd.onConnectivityChange: FiST: Wifi connectivity status false
04-29 10:41:32.801  2096  3296 E WakeLock: GCM_HB_ALARM release without a matched acquire!
04-29 10:41:32.801  2096  3296 W WakeLock: GCM_HB_ALARM counter does not exist
04-29 10:41:32.826  2096  3296 E WakeLock: GCM_CONN_ALARM release without a matched acquire!
04-29 10:41:32.826  2096  3296 W WakeLock: GCM_CONN_ALARM counter does not exist
04-29 10:41:32.853   413   413 D Zygote  : Forked child process 3321
04-29 10:41:32.858   998  1260 W ActivityManager: Slow operation: 273ms so far, now at startProcess: returned from zygote!
04-29 10:41:32.858   406   665 I CarrierServices: [319] cnx.d: Connected state: [2], networkType: [null]
04-29 10:41:32.858   998  1260 W ActivityManager: Slow operation: 273ms so far, now at startProcess: done updating battery stats
04-29 10:41:32.859   998  1260 W ActivityManager: Slow operation: 273ms so far, now at startProcess: building log message
04-29 10:41:32.859   998  1260 I ActivityManager: Start proc 3321:com.jio.jioplay.tv/u0a73 for service {com.jio.jioplay.tv/com.madme.mobile.sdk.service.LSJobService2}
04-29 10:41:32.859   998  1260 W ActivityManager: Slow operation: 273ms so far, now at startProcess: starting to update pids map
04-29 10:41:32.859   998  1260 W ActivityManager: Slow operation: 274ms so far, now at startProcess: done updating pids map
04-29 10:41:32.921  2355  3316 I BasicService: Setting Alarm ID #1 in 1848s @2021-04-29 11:12:20
04-29 10:41:32.927   412   881 I Netd    : Destroyed 1 sockets on 2409:4070:250f:e4f1:7d25:dbe6:1885:8e2e in 0.2 ms
04-29 10:41:33.017   998  1434 I chatty  : uid=1000(system) Binder:998_1B expire 6 lines
04-29 10:41:33.044   998  1699 I chatty  : uid=1000(system) Binder:998_5 expire 9 lines
04-29 10:41:33.065  3321  3321 W ApplicationLoaders: Unexpected environment for cached library: (null|[dalvik.system.PathClassLoader[DexPathList[[zip file "/system/framework/android.hidl.base-V1.0-java.jar"],nativeLibraryDirectories=[/system/lib, /system/product/lib]]]])
04-29 10:41:33.069   406   773 I CarrierServices: [346] daa.d: RCS Configuration storage in Bugle is disabled by p/h flag, using ProvisioningEngineStateCacheUtil.getProvisioningConfigurationForGivenSim()
04-29 10:41:33.072   406  1106 I CarrierServices: [356] daa.d: RCS Configuration storage in Bugle is disabled by p/h flag, using ProvisioningEngineStateCacheUtil.getProvisioningConfigurationForGivenSim()
04-29 10:41:33.082  3321  3321 I .jio.jioplay.t: The ClassLoaderContext is a special shared library.
04-29 10:41:33.088  3321  3321 D ApplicationLoaders: Returning zygote-cached class loader: /system/framework/android.hidl.base-V1.0-java.jar
04-29 10:41:33.101  3321  3321 I .jio.jioplay.t: The ClassLoaderContext is a special shared library.
04-29 10:41:33.104  3297  3297 W ApplicationLoaders: Unexpected environment for cached library: (null|[dalvik.system.PathClassLoader[DexPathList[[zip file "/system/framework/android.hidl.base-V1.0-java.jar"],nativeLibraryDirectories=[/system/lib, /system/product/lib]]]])
04-29 10:41:33.122  3297  3297 I .media.ondeman: The ClassLoaderContext is a special shared library.
04-29 10:41:33.127  3297  3297 D ApplicationLoaders: Returning zygote-cached class loader: /system/framework/android.hidl.base-V1.0-java.jar
04-29 10:41:33.133  3297  3297 I .media.ondeman: The ClassLoaderContext is a special shared library.
04-29 10:41:33.180  2412  3165 D [347   ] ANH-ADC: com.jio.adc.core. > Captured: NE30
04-29 10:41:33.191  3321  3321 I Perf    : Connecting to perf service.
04-29 10:41:33.228  3321  3321 I MultiDex: VM with version 2.1.0 has multidex support
04-29 10:41:33.228  3321  3321 I MultiDex: Installing application
04-29 10:41:33.228  3321  3321 I MultiDex: VM has multidex support, MultiDex support library is disabled.
04-29 10:41:33.228  3321  3321 I MultiDex: Installing application
04-29 10:41:33.228  3321  3321 I MultiDex: VM has multidex support, MultiDex support library is disabled.
04-29 10:41:33.237   596   639 D ThermalEngine: zone:0 sensor:xo-therm-adc temp:41927 trip:0 event:0
04-29 10:41:33.238   596   651 D ThermalEngine: sensor_monitor: xo-therm-adc Reading 41927 .
04-29 10:41:33.238   596   651 I ThermalEngine: Sensor:xo-therm-adc:41927 mC
04-29 10:41:33.238   596   651 D ThermalEngine: update_active_thresh: xo-therm-adc Active(1), Hi(1) 43000, Lo(1) 39000, desc(0) Interval(1) 2000
04-29 10:41:33.238   596   651 D ThermalEngine: sensor_monitor: xo-therm-adc Sensor wait.
04-29 10:41:33.257  3297  3297 I Perf    : Connecting to perf service.
04-29 10:41:33.310  3297  3297 I MultiDex: VM with version 2.1.0 has multidex support
04-29 10:41:33.310  3297  3297 I MultiDex: Installing application
04-29 10:41:33.310  3297  3297 I MultiDex: VM has multidex support, MultiDex support library is disabled.
04-29 10:41:33.310  3297  3297 I MultiDex: Installing application
04-29 10:41:33.310  3297  3297 I MultiDex: VM has multidex support, MultiDex support library is disabled.
04-29 10:41:33.380  2385  2385 W DPMJ    : |SERVICE| DPM received ACTION_ANY_DATA_CONNECTION_STATE_CHANGEDhipri
04-29 10:41:33.381  1676  2943 D QCNEJ/WwanInfoRelay: Received action: android.intent.action.ANY_DATA_STATE
04-29 10:41:33.392  1676  2943 D QCNEJ/WwanInfoRelay: Received action: android.intent.action.ANY_DATA_STATE
04-29 10:41:33.392  2385  2385 W DPMJ    : |SERVICE| DPM received ACTION_ANY_DATA_CONNECTION_STATE_CHANGEDdefault
04-29 10:41:33.392  2385  2385 W DPMJ    : |SERVICE| If apn type is default ->default
04-29 10:41:33.397  1676  2943 I QCNEJ/WwanInfoRelay: cacheWwanInfo state = DISCONNECTED
04-29 10:41:33.399  1676  2943 I QCNEJ/WwanInfoRelay: cacheWwanInfo subId = 1 phoneId = 0 slotId = 0
04-29 10:41:33.415  3321  3321 D FirebaseApp: com.google.firebase.auth.FirebaseAuth is not linked. Skipping initialization.
04-29 10:41:33.425  3321  3321 D FirebaseApp: com.google.firebase.crash.FirebaseCrash is not linked. Skipping initialization.
04-29 10:41:33.426  3321  3321 I FirebaseInitProvider: FirebaseApp initialization successful
04-29 10:41:33.442  3297  3297 D FirebaseApp: com.google.firebase.auth.FirebaseAuth is not linked. Skipping initialization.
04-29 10:41:33.443  3297  3297 D FirebaseApp: com.google.firebase.crash.FirebaseCrash is not linked. Skipping initialization.
04-29 10:41:33.443  3297  3297 D FirebaseApp: com.google.android.gms.measurement.AppMeasurement is not linked. Skipping initialization.
04-29 10:41:33.443  3297  3297 I FirebaseInitProvider: FirebaseApp initialization successful
04-29 10:41:33.615  3321  3321 I CleverTap: Activity Lifecycle Callback successfully registered
04-29 10:41:33.621  3321  3321 I MultiDex: Installing application
04-29 10:41:33.621  3321  3321 I MultiDex: VM has multidex support, MultiDex support library is disabled.
04-29 10:41:33.636  3321  3321 E class com.jio.jiowebviewsdk.JioWebViewManager: Lat =  Lang = 
04-29 10:41:33.638  3297  3297 I CleverTap: Activity Lifecycle Callback successfully registered
04-29 10:41:33.658  3291  3291 I chatty  : uid=2000(shell) app_process expire 16 lines
04-29 10:41:33.665   596   639 D ThermalEngine: zone:20 sensor:skin-therm-adc temp:7216 trip:0 event:0
04-29 10:41:33.670   596   639 D ThermalEngine: zone:1 sensor:xo-therm-buf-adc temp:41746 trip:0 event:0
04-29 10:41:33.671   596   639 D ThermalEngine: zone:2 sensor:pa-therm0-adc temp:38626 trip:0 event:0
04-29 10:41:33.691  3321  3366 I FA      : App measurement is starting up, version: 16250
04-29 10:41:33.691  3321  3366 I FA      : To enable debug logging run: adb shell setprop log.tag.FA VERBOSE
04-29 10:41:33.694  3321  3366 I FA      : To enable faster debug mode event logging run:
04-29 10:41:33.694  3321  3366 I FA      :   adb shell setprop debug.firebase.analytics.app com.jio.jioplay.tv
04-29 10:41:33.741  3321  3377 I DpmTcmClient: RegisterTcmMonitor from: $Proxy0
04-29 10:41:33.824   998  1109 W ActivityManager: Unable to start service Intent { cmp=com.jio.media.ondemand/com.jio.media.framework.services.external.mediamanager.JioMediaDownloaderService } U=0: not found
04-29 10:41:33.836  3321  3377 D NetworkSecurityConfig: Using Network Security Config from resource network_security_config debugBuild: false
04-29 10:41:33.850   998  1109 I chatty  : uid=1000(system) Binder:998_2 expire 6 lines
04-29 10:41:33.888   998  3015 W ActivityManager: Permission Denial: opening provider o.aeG from ProcessRecord{4473e3f 3321:com.jio.jioplay.tv/u0a73} (pid=3321, uid=10073) that is not exported from UID 10068
04-29 10:41:33.893  3321  3321 W System.err: java.lang.SecurityException: Permission Denial: opening provider o.aeG from ProcessRecord{4473e3f 3321:com.jio.jioplay.tv/u0a73} (pid=3321, uid=10073) that is not exported from UID 10068
04-29 10:41:33.894  3321  3321 W System.err: 	at android.os.Parcel.createException(Parcel.java:2071)
04-29 10:41:33.894  3321  3321 W System.err: 	at android.os.Parcel.readException(Parcel.java:2039)
04-29 10:41:33.894  3321  3321 W System.err: 	at android.os.Parcel.readException(Parcel.java:1987)
04-29 10:41:33.895  3321  3321 W System.err: 	at android.app.IActivityManager$Stub$Proxy.getContentProvider(IActivityManager.java:5056)
04-29 10:41:33.895  3321  3321 W System.err: 	at android.app.ActivityThread.acquireProvider(ActivityThread.java:6602)
04-29 10:41:33.895  3321  3321 W System.err: 	at android.app.ContextImpl$ApplicationContentResolver.acquireUnstableProvider(ContextImpl.java:2725)
04-29 10:41:33.895  3321  3321 W System.err: 	at android.content.ContentResolver.acquireUnstableProvider(ContentResolver.java:2120)
04-29 10:41:33.895  3321  3321 W System.err: 	at android.content.ContentResolver.query(ContentResolver.java:930)
04-29 10:41:33.895  3321  3321 W System.err: 	at android.content.ContentResolver.query(ContentResolver.java:881)
04-29 10:41:33.895  3321  3321 W System.err: 	at android.content.CursorLoader.loadInBackground(CursorLoader.java:71)
04-29 10:41:33.895  3321  3321 W System.err: 	at com.jio.media.sdk.sso.content.a.a(ContentOperations.java:6)
04-29 10:41:33.895  3321  3321 W System.err: 	at com.jio.media.sdk.sso.content.d.b(SSOSetUp.java:4)
04-29 10:41:33.895  3321  3321 W System.err: 	at com.jio.media.sdk.sso.content.d.a(SSOSetUp.java:3)
04-29 10:41:33.895  3321  3321 W System.err: 	at com.jio.media.sdk.sso.content.ProviderManager.e(ProviderManager.java:1)
04-29 10:41:33.895  3321  3321 W System.err: 	at com.jio.media.sdk.sso.content.SSOContentRequestHelper.setUpAccount(SSOContentRequestHelper.java:1)
04-29 10:41:33.895  3321  3321 W System.err: 	at com.jio.media.sdk.sso.JioMediaSSOController.<init>(JioMediaSSOController.java:11)
04-29 10:41:33.895  3321  3321 W System.err: 	at com.jio.media.sdk.sso.JioMediaSSOController.initializeSSO(JioMediaSSOController.java:3)
04-29 10:41:33.896  3321  3321 W System.err: 	at com.jio.jioplay.tv.application.JioTVApplication.onCreate(JioTVApplication.java:23)
04-29 10:41:33.896  3321  3321 W System.err: 	at android.app.Instrumentation.callApplicationOnCreate(Instrumentation.java:1190)
04-29 10:41:33.896  3321  3321 W System.err: 	at android.app.ActivityThread.handleBindApplication(ActivityThread.java:6479)
04-29 10:41:33.896  3321  3321 W System.err: 	at android.app.ActivityThread.access$1300(ActivityThread.java:220)
04-29 10:41:33.896  3321  3321 W System.err: 	at android.app.ActivityThread$H.handleMessage(ActivityThread.java:1860)
04-29 10:41:33.896  3321  3321 W System.err: 	at android.os.Handler.dispatchMessage(Handler.java:107)
04-29 10:41:33.896  3321  3321 W System.err: 	at android.os.Looper.loop(Looper.java:214)
04-29 10:41:33.896  3321  3321 W System.err: 	at android.app.ActivityThread.main(ActivityThread.java:7397)
04-29 10:41:33.898  3321  3321 W System.err: 	at java.lang.reflect.Method.invoke(Native Method)
04-29 10:41:33.898  3321  3321 W System.err: 	at com.android.internal.os.RuntimeInit$MethodAndArgsCaller.run(RuntimeInit.java:492)
04-29 10:41:33.898  3321  3321 W System.err: 	at com.android.internal.os.ZygoteInit.main(ZygoteInit.java:935)
04-29 10:41:33.914  3297  3297 I GAv4    : Google Analytics 12.4.51 is starting up. To enable debug logging on a device run:
04-29 10:41:33.914  3297  3297 I GAv4    :   adb shell setprop log.tag.GAv4 DEBUG
04-29 10:41:33.914  3297  3297 I GAv4    :   adb logcat -s GAv4
04-29 10:41:34.030   998  3959 I chatty  : uid=1000(system) TcmReceiver expire 1 line
04-29 10:41:34.030  2096   392 W DpmTcmClient: read failed bytes countRead: -1
04-29 10:41:34.040   998  1699 W ActivityManager: Permission Denial: opening provider o.aeG from ProcessRecord{4473e3f 3321:com.jio.jioplay.tv/u0a73} (pid=3321, uid=10073) that is not exported from UID 10068
04-29 10:41:34.041  3321  3321 W System.err: java.lang.SecurityException: Permission Denial: opening provider o.aeG from ProcessRecord{4473e3f 3321:com.jio.jioplay.tv/u0a73} (pid=3321, uid=10073) that is not exported from UID 10068
04-29 10:41:34.042  3321  3321 W System.err: 	at android.os.Parcel.createException(Parcel.java:2071)
04-29 10:41:34.042  3321  3321 W System.err: 	at android.os.Parcel.readException(Parcel.java:2039)
04-29 10:41:34.042  3321  3321 W System.err: 	at android.os.Parcel.readException(Parcel.java:1987)
04-29 10:41:34.042  3321  3321 W System.err: 	at android.app.IActivityManager$Stub$Proxy.getContentProvider(IActivityManager.java:5056)
04-29 10:41:34.042  3321  3321 W System.err: 	at android.app.ActivityThread.acquireProvider(ActivityThread.java:6602)
04-29 10:41:34.042  3321  3321 W System.err: 	at android.app.ContextImpl$ApplicationContentResolver.acquireUnstableProvider(ContextImpl.java:2725)
04-29 10:41:34.042  3321  3321 W System.err: 	at android.content.ContentResolver.acquireUnstableProvider(ContentResolver.java:2120)
04-29 10:41:34.043  3321  3321 W System.err: 	at android.content.ContentResolver.query(ContentResolver.java:930)
04-29 10:41:34.044  3321  3321 W System.err: 	at android.content.ContentResolver.query(ContentResolver.java:881)
04-29 10:41:34.044  3321  3321 W System.err: 	at android.content.CursorLoader.loadInBackground(CursorLoader.java:71)
04-29 10:41:34.044  3321  3321 W System.err: 	at com.jio.media.sdk.sso.content.a.a(ContentOperations.java:6)
04-29 10:41:34.045  3321  3321 W System.err: 	at com.jio.media.sdk.sso.content.d.b(SSOSetUp.java:4)
04-29 10:41:34.045  3321  3321 W System.err: 	at com.jio.media.sdk.sso.content.d.a(SSOSetUp.java:3)
04-29 10:41:34.045  3321  3321 W System.err: 	at com.jio.media.sdk.sso.content.ProviderManager.e(ProviderManager.java:1)
04-29 10:41:34.045  3321  3321 W System.err: 	at com.jio.media.sdk.sso.content.ProviderManager.b(ProviderManager.java:1)
04-29 10:41:34.045  3321  3321 W System.err: 	at com.jio.media.sdk.sso.content.SSOContentRequestHelper.isUserAvailable(SSOContentRequestHelper.java:1)
04-29 10:41:34.054  3321  3321 W System.err: 	at com.jio.media.sdk.sso.zla.ZLAManager.updateZlaStatus(ZLAManager.java:1)
04-29 10:41:34.059  3321  3321 W System.err: 	at com.jio.media.sdk.sso.JioMediaSSOController.<init>(JioMediaSSOController.java:13)
04-29 10:41:34.062  3321  3321 W System.err: 	at com.jio.media.sdk.sso.JioMediaSSOController.initializeSSO(JioMediaSSOController.java:3)
04-29 10:41:34.062  3321  3321 W System.err: 	at com.jio.jioplay.tv.application.JioTVApplication.onCreate(JioTVApplication.java:23)
04-29 10:41:34.062  3321  3321 W System.err: 	at android.app.Instrumentation.callApplicationOnCreate(Instrumentation.java:1190)
04-29 10:41:34.062  3321  3321 W System.err: 	at android.app.ActivityThread.handleBindApplication(ActivityThread.java:6479)
04-29 10:41:34.062  3321  3321 W System.err: 	at android.app.ActivityThread.access$1300(ActivityThread.java:220)
04-29 10:41:34.062  3321  3321 W System.err: 	at android.app.ActivityThread$H.handleMessage(ActivityThread.java:1860)
04-29 10:41:34.062  3321  3321 W System.err: 	at android.os.Handler.dispatchMessage(Handler.java:107)
04-29 10:41:34.062  3321  3321 W System.err: 	at android.os.Looper.loop(Looper.java:214)
04-29 10:41:34.062  3321  3321 W System.err: 	at android.app.ActivityThread.main(ActivityThread.java:7397)
04-29 10:41:34.062  3321  3321 W System.err: 	at java.lang.reflect.Method.invoke(Native Method)
04-29 10:41:34.062  3321  3321 W System.err: 	at com.android.internal.os.RuntimeInit$MethodAndArgsCaller.run(RuntimeInit.java:492)
04-29 10:41:34.063  3321  3321 W System.err: 	at com.android.internal.os.ZygoteInit.main(ZygoteInit.java:935)
04-29 10:41:34.098   998  1699 D CompatibilityInfo: mCompatibilityFlags - 0
04-29 10:41:34.098   998  1699 D CompatibilityInfo: applicationDensity - 216
04-29 10:41:34.098   998  1699 D CompatibilityInfo: applicationScale - 1.0
04-29 10:41:34.115  3297  3384 I CrashlyticsCore: Initializing Crashlytics 2.4.1.19
04-29 10:41:34.125  3297  3297 W GoogleTagManager: Failed to extract the container from the resource file. Resource is a UTF-8 encoded string but doesn't contain a JSON container
04-29 10:41:34.135  3291  3413 I chatty  : uid=2000(shell) app_process expire 2 lines
04-29 10:41:34.196   679   679 E ANDR-IOP: IIop:: Iop HAL Service is not available.
04-29 10:41:34.247  3297  3405 D NetworkSecurityConfig: Using Network Security Config from resource network_security_config debugBuild: false
04-29 10:41:34.249  3297  3405 I DpmTcmClient: RegisterTcmMonitor from: $Proxy0
04-29 10:41:34.262  3321  3321 W RoamingAdTrigger: Null network info object
04-29 10:41:34.265  3297  3405 E Fabric  : Settings request failed.
04-29 10:41:34.268  3297  3404 E Answers : Failed to retrieve settings
04-29 10:41:34.275  3297  3405 W CrashlyticsCore: Received null settings, skipping report submission!
04-29 10:41:34.286  2504  2523 I DynamiteModule: Considering local module com.google.android.gms.googlecertificates:6 and remote module com.google.android.gms.googlecertificates:6
04-29 10:41:34.286  2504  2523 I DynamiteModule: Selected local version of com.google.android.gms.googlecertificates
04-29 10:41:34.385  2504  3423 I FA-SVC  : App measurement initialized, version: 203315
04-29 10:41:34.511   998  1259 D CompatibilityInfo: mCompatibilityFlags - 0
04-29 10:41:34.511   998  1259 D CompatibilityInfo: applicationDensity - 216
04-29 10:41:34.511   998  1259 D CompatibilityInfo: applicationScale - 1.0
04-29 10:41:34.566   998  1259 D CompatibilityInfo: mCompatibilityFlags - 0
04-29 10:41:34.566   998  1259 D CompatibilityInfo: applicationDensity - 216
04-29 10:41:34.566   998  1259 D CompatibilityInfo: applicationScale - 1.0
04-29 10:41:34.781  3297  3297 E GoogleTagManager: Invalid macro: _gtm.loadEventEnabled
04-29 10:41:34.791   672  2908 I ServiceManagement: getService: Trying again for android.hardware.drm@1.0::IDrmFactory/clearkey...
04-29 10:41:34.868  3434  3434 I /vendor/bin/hw/android.hardware.drm@1.2-service-lazy.clearkey: Registering HAL: android.hardware.drm@1.2::IDrmFactory with name: clearkey
04-29 10:41:34.873  3434  3434 I ServiceManagement: Registered android.hardware.drm@1.2::IDrmFactory/clearkey (start delay of 86ms)
04-29 10:41:34.873  3434  3434 I ServiceManagement: Removing namespace from process name android.hardware.drm@1.2-service-lazy.clearkey to drm@1.2-service-lazy.clearkey.
