--------- beginning of system
04-29 10:11:45.760  2096  2096 E ActivityThread: Failed to find provider info for com.google.android.gsf.gservices
04-29 10:11:45.800  2096  2096 E ActivityThread: Failed to find provider info for com.google.android.gsf.gservices
04-29 10:11:45.803   344   344 D vold    : /system/bin/sgdisk
04-29 10:11:45.803   344   344 D vold    :     --android-dump
04-29 10:11:45.803   344   344 D vold    :     /dev/block/vold/disk:179,64
04-29 10:11:45.809  2096  2096 E ActivityThread: Failed to find provider info for com.google.android.gsf.gservices
04-29 10:11:45.834  1763  1763 E SystemConfig: SystemConfig is being accessed by a process other than system_server.
04-29 10:11:45.849   998  2307 I chatty  : uid=1000 system_server expire 1 line
04-29 10:11:46.010  2096  2119 E ActivityThread: Failed to find provider info for com.google.android.gsf.gservices
04-29 10:11:46.033  2235  2281 E ActivityThread: Failed to find provider info for com.google.android.gsf.gservices
04-29 10:11:46.055  2096  2119 E ActivityThread: Failed to find provider info for com.google.android.gsf.gservices
04-29 10:11:46.057  2096  2119 E ActivityThread: Failed to find provider info for com.google.android.gsf.gservices
04-29 10:11:46.080   998  1242 I chatty  : uid=1000(system) android.display expire 8 lines
04-29 10:11:46.108  1763  1763 I TelecomFramework: : onSubscriptionsChanged - update accounts
04-29 10:11:46.108  1763  1763 I TelecomFramework: PstnIncomingCallNotifier: Unregistering: Handler (com.qualcomm.qti.internal.telephony.QtiGsmCdmaPhone) {161efe6}
04-29 10:11:46.111  1763  1763 I TelecomFramework: TelecomAccountRegistry: setupAccounts: Found 1 phones.  Attempting to register.
04-29 10:11:46.111  1763  1763 I TelecomFramework: TelecomAccountRegistry: setupAccounts: Phone with subscription id: 1 slotId: 0 provisionStatus: 1
04-29 10:11:46.121   344   344 D vold    : DISK mbr
04-29 10:11:46.121   344   344 D vold    : 
04-29 10:11:46.121   344   344 D vold    : PART 1 c
04-29 10:11:46.121   344   344 D vold    : 
04-29 10:11:46.130   344  2258 D vold    : Waiting for FUSE to spin up...
04-29 10:11:46.180   344  2258 D vold    : Waiting for FUSE to spin up...
04-29 10:11:46.180  1763  1763 I TelecomFramework: AccountEntry: Registered phoneAccount: [[ ] PhoneAccount: ComponentInfo{com.android.phone/com.android.services.telephony.TelephonyConnectionService}, ***, UserHandle{0} Capabilities: Video CallProvider MultiUser PlaceEmerg SimSub  Audio Routes: BESW Schemes: tel voicemail  Extras: Bundle[{android.telecom.extra.SUPPORTS_VIDEO_CALLING_FALLBACK=true}] GroupId: ***] with handle: ComponentInfo{com.android.phone/com.android.services.telephony.TelephonyConnectionService}, ***, UserHandle{0}
04-29 10:11:46.180  1763  1763 I TelecomFramework: PstnIncomingCallNotifier: Registering: Handler (com.qualcomm.qti.internal.telephony.QtiGsmCdmaPhone) {161efe6}
04-29 10:11:46.206  2235  2281 E ActivityThread: Failed to find provider info for com.google.android.gsf.gservices
04-29 10:11:46.212  2311  2311 W sdcard  : Device explicitly enabled sdcardfs
04-29 10:11:46.238  2096  2118 E ActivityThread: Failed to find provider info for com.google.android.gsf.gservices
04-29 10:11:46.239   344  2258 D vold    : /system/bin/blkid
04-29 10:11:46.239   344  2258 D vold    :     -c
04-29 10:11:46.239   344  2258 D vold    :     /dev/null
04-29 10:11:46.239   344  2258 D vold    :     -s
04-29 10:11:46.239   344  2258 D vold    :     TYPE
04-29 10:11:46.239   344  2258 D vold    :     -s
04-29 10:11:46.239   344  2258 D vold    :     UUID
04-29 10:11:46.239   344  2258 D vold    :     -s
04-29 10:11:46.239   344  2258 D vold    :     LABEL
04-29 10:11:46.239   344  2258 D vold    :     /dev/block/vold/public:179,65
04-29 10:11:46.240  2096  2118 E ActivityThread: Failed to find provider info for com.google.android.gsf.gservices
04-29 10:11:46.243  2096  2118 I chatty  : uid=10090(com.google.android.gms) Binder:2096_2 identical 2 lines
04-29 10:11:46.251  2096  2118 E ActivityThread: Failed to find provider info for com.google.android.gsf.gservices
04-29 10:11:46.269  1763  1763 I TelecomFramework: : onSubscriptionsChanged - update accounts
04-29 10:11:46.271  1763  1763 I TelecomFramework: PstnIncomingCallNotifier: Unregistering: Handler (com.qualcomm.qti.internal.telephony.QtiGsmCdmaPhone) {161efe6}
04-29 10:11:46.274  1763  1763 I TelecomFramework: TelecomAccountRegistry: setupAccounts: Found 1 phones.  Attempting to register.
04-29 10:11:46.275  1763  1763 I TelecomFramework: TelecomAccountRegistry: setupAccounts: Phone with subscription id: 1 slotId: 0 provisionStatus: 1
04-29 10:11:46.285  2096  2118 E ActivityThread: Failed to find provider info for com.google.android.gsf.gservices
04-29 10:11:46.291  2096  2118 E ActivityThread: Failed to find provider info for com.google.android.gsf.gservices
04-29 10:11:46.314  2096  2315 E ActivityThread: Failed to find provider info for com.google.android.gsf.gservices
04-29 10:11:46.315  2096  2315 E ActivityThread: Failed to find provider info for com.google.android.gsf.gservices
04-29 10:11:46.322  2096  2315 E ActivityThread: Failed to find provider info for com.google.android.gsf.gservices
04-29 10:11:46.323  1763  1763 I TelecomFramework: AccountEntry: Registered phoneAccount: [[ ] PhoneAccount: ComponentInfo{com.android.phone/com.android.services.telephony.TelephonyConnectionService}, ***, UserHandle{0} Capabilities: Video CallProvider MultiUser PlaceEmerg SimSub  Audio Routes: BESW Schemes: tel voicemail  Extras: Bundle[{android.telecom.extra.SUPPORTS_VIDEO_CALLING_FALLBACK=true}] GroupId: ***] with handle: ComponentInfo{com.android.phone/com.android.services.telephony.TelephonyConnectionService}, ***, UserHandle{0}
04-29 10:11:46.324  1763  1763 I TelecomFramework: PstnIncomingCallNotifier: Registering: Handler (com.qualcomm.qti.internal.telephony.QtiGsmCdmaPhone) {161efe6}
04-29 10:11:46.326  2096  2315 E ActivityThread: Failed to find provider info for com.google.android.gsf.gservices
04-29 10:11:46.333  2096  2315 E ActivityThread: Failed to find provider info for com.google.android.gsf.gservices
04-29 10:11:46.341  1763  1763 I TelecomFramework: : onSubscriptionsChanged - update accounts
04-29 10:11:46.341  1763  1763 I TelecomFramework: PstnIncomingCallNotifier: Unregistering: Handler (com.qualcomm.qti.internal.telephony.QtiGsmCdmaPhone) {161efe6}
04-29 10:11:46.344  1763  1763 I TelecomFramework: TelecomAccountRegistry: setupAccounts: Found 1 phones.  Attempting to register.
04-29 10:11:46.344  1763  1763 I TelecomFramework: TelecomAccountRegistry: setupAccounts: Phone with subscription id: 1 slotId: 0 provisionStatus: 1
04-29 10:11:46.403   344  2258 D vold    : /dev/block/vold/public:179,65: UUID="4282-13FC" TYPE="vfat" 
04-29 10:11:46.403   344  2258 D vold    : 
04-29 10:11:46.404  2096  2315 E ActivityThread: Failed to find provider info for com.google.android.gsf.gservices
04-29 10:11:46.412   344  2258 D vold    : /system/bin/fsck_msdos
04-29 10:11:46.412   344  2258 D vold    :     -p
04-29 10:11:46.412   344  2258 D vold    :     -f
04-29 10:11:46.412   344  2258 D vold    :     -y
04-29 10:11:46.412   344  2258 D vold    :     /dev/block/vold/public:179,65
04-29 10:11:46.422  1763  1763 I TelecomFramework: AccountEntry: Registered phoneAccount: [[ ] PhoneAccount: ComponentInfo{com.android.phone/com.android.services.telephony.TelephonyConnectionService}, ***, UserHandle{0} Capabilities: Video CallProvider MultiUser PlaceEmerg SimSub  Audio Routes: BESW Schemes: tel voicemail  Extras: Bundle[{android.telecom.extra.SUPPORTS_VIDEO_CALLING_FALLBACK=true}] GroupId: ***] with handle: ComponentInfo{com.android.phone/com.android.services.telephony.TelephonyConnectionService}, ***, UserHandle{0}
04-29 10:11:46.423  1763  1763 I TelecomFramework: PstnIncomingCallNotifier: Registering: Handler (com.qualcomm.qti.internal.telephony.QtiGsmCdmaPhone) {161efe6}
04-29 10:11:46.429  2096  2315 E ActivityThread: Failed to find provider info for com.google.android.gsf.gservices
04-29 10:11:46.442  2096  2315 I chatty  : uid=10090(com.google.android.gms) lowpool[2] identical 2 lines
04-29 10:11:46.444  2096  2315 E ActivityThread: Failed to find provider info for com.google.android.gsf.gservices
04-29 10:11:46.476  1763  1763 I TelecomFramework: : onSubscriptionsChanged - update accounts
04-29 10:11:46.476  1763  1763 I TelecomFramework: PstnIncomingCallNotifier: Unregistering: Handler (com.qualcomm.qti.internal.telephony.QtiGsmCdmaPhone) {161efe6}
04-29 10:11:46.479   998  1237 I chatty  : uid=1000(system) android.fg expire 12 lines
04-29 10:11:46.485  1763  1763 I TelecomFramework: TelecomAccountRegistry: setupAccounts: Found 1 phones.  Attempting to register.
04-29 10:11:46.485  1763  1763 I TelecomFramework: TelecomAccountRegistry: setupAccounts: Phone with subscription id: 1 slotId: 0 provisionStatus: 1
04-29 10:11:46.486   998  1259 I chatty  : uid=1000(system) ActivityManager expire 100 lines
04-29 10:11:46.541   998  1239 I chatty  : uid=1000(system) android.io expire 12 lines
04-29 10:11:46.582   998  1701 I chatty  : uid=1000(system) Binder:998_6 expire 4 lines
04-29 10:11:46.585  1763  1763 I TelecomFramework: AccountEntry: Registered phoneAccount: [[ ] PhoneAccount: ComponentInfo{com.android.phone/com.android.services.telephony.TelephonyConnectionService}, ***, UserHandle{0} Capabilities: Video CallProvider MultiUser PlaceEmerg SimSub  Audio Routes: BESW Schemes: tel voicemail  Extras: Bundle[{android.telecom.extra.SUPPORTS_VIDEO_CALLING_FALLBACK=true}] GroupId: ***] with handle: ComponentInfo{com.android.phone/com.android.services.telephony.TelephonyConnectionService}, ***, UserHandle{0}
04-29 10:11:46.585  1763  1763 I TelecomFramework: PstnIncomingCallNotifier: Registering: Handler (com.qualcomm.qti.internal.telephony.QtiGsmCdmaPhone) {161efe6}
04-29 10:11:46.604   998  1260 I chatty  : uid=1000(system) ActivityManager expire 116 lines
04-29 10:11:46.643  1763  1763 I TelecomFramework: : onSubscriptionsChanged - update accounts
04-29 10:11:46.643  1763  1763 I TelecomFramework: PstnIncomingCallNotifier: Unregistering: Handler (com.qualcomm.qti.internal.telephony.QtiGsmCdmaPhone) {161efe6}
04-29 10:11:46.649  1763  1763 I TelecomFramework: TelecomAccountRegistry: setupAccounts: Found 1 phones.  Attempting to register.
04-29 10:11:46.649  1763  1763 I TelecomFramework: TelecomAccountRegistry: setupAccounts: Phone with subscription id: 1 slotId: 0 provisionStatus: 1
04-29 10:11:46.731  1763  1763 I TelecomFramework: AccountEntry: Registered phoneAccount: [[ ] PhoneAccount: ComponentInfo{com.android.phone/com.android.services.telephony.TelephonyConnectionService}, ***, UserHandle{0} Capabilities: Video CallProvider MultiUser PlaceEmerg SimSub  Audio Routes: BESW Schemes: tel voicemail  Extras: Bundle[{android.telecom.extra.SUPPORTS_VIDEO_CALLING_FALLBACK=true}] GroupId: ***] with handle: ComponentInfo{com.android.phone/com.android.services.telephony.TelephonyConnectionService}, ***, UserHandle{0}
04-29 10:11:46.731  1763  1763 I TelecomFramework: PstnIncomingCallNotifier: Registering: Handler (com.qualcomm.qti.internal.telephony.QtiGsmCdmaPhone) {161efe6}
04-29 10:11:46.761   344  2258 D vold    : /dev/block/vold/public:179,65: 109 files, 1821056 free (56908 clusters)
04-29 10:11:46.761   344  2258 D vold    : 
04-29 10:11:46.762   344  2258 I vold    : Filesystem check completed OK
04-29 10:11:46.813   344  2258 D vold    : Waiting for FUSE to spin up...
04-29 10:11:46.829  1763  1763 I TelecomFramework: : onSubscriptionsChanged - update accounts
04-29 10:11:46.830  1763  1763 I TelecomFramework: PstnIncomingCallNotifier: Unregistering: Handler (com.qualcomm.qti.internal.telephony.QtiGsmCdmaPhone) {161efe6}
04-29 10:11:46.832  1763  1763 I TelecomFramework: TelecomAccountRegistry: setupAccounts: Found 1 phones.  Attempting to register.
04-29 10:11:46.832  1763  1763 I TelecomFramework: TelecomAccountRegistry: setupAccounts: Phone with subscription id: 1 slotId: 0 provisionStatus: 1
04-29 10:11:46.863   344  2258 D vold    : Waiting for FUSE to spin up...
04-29 10:11:46.870  2349  2349 W sdcard  : Device explicitly enabled sdcardfs
04-29 10:11:46.886  1763  1763 I TelecomFramework: AccountEntry: Registered phoneAccount: [[ ] PhoneAccount: ComponentInfo{com.android.phone/com.android.services.telephony.TelephonyConnectionService}, ***, UserHandle{0} Capabilities: Video CallProvider MultiUser PlaceEmerg SimSub  Audio Routes: BESW Schemes: tel voicemail  Extras: Bundle[{android.telecom.extra.SUPPORTS_VIDEO_CALLING_FALLBACK=true}] GroupId: ***] with handle: ComponentInfo{com.android.phone/com.android.services.telephony.TelephonyConnectionService}, ***, UserHandle{0}
04-29 10:11:46.886  1763  1763 I TelecomFramework: PstnIncomingCallNotifier: Registering: Handler (com.qualcomm.qti.internal.telephony.QtiGsmCdmaPhone) {161efe6}
04-29 10:11:46.914   344   364 D vold    : Linking /storage/emulated/0 to /mnt/user/0/primary
04-29 10:11:46.963   998  1238 I chatty  : uid=1000(system) android.ui expire 2 lines
04-29 10:11:46.971  1763  1763 I TelecomFramework: PstnPhoneCapabilitiesNotifier: handleVideoCapabilitesChanged. Video capability - true
04-29 10:11:47.022  1763  1763 I TelecomFramework: PstnPhoneCapabilitiesNotifier: handleVideoCapabilitesChanged. Video capability - true
04-29 10:11:47.100  1763  1763 I TelecomFramework: PstnPhoneCapabilitiesNotifier: handleVideoCapabilitesChanged. Video capability - true
04-29 10:11:47.131   998   998 I chatty  : uid=1000 system_server expire 19 lines
04-29 10:11:47.182   998  1952 I chatty  : uid=1000(system) Binder:998_8 expire 5 lines
04-29 10:11:47.423   998  1540 I chatty  : uid=1000(system) backup expire 7 lines
04-29 10:11:47.535  1763  1763 I TelecomFramework: PstnPhoneCapabilitiesNotifier: handleVideoCapabilitesChanged. Video capability - true
04-29 10:11:47.541  1763  1763 I TelecomFramework: PstnPhoneCapabilitiesNotifier: handleVideoCapabilitesChanged. Video capability - true
04-29 10:11:47.639   998  1486 I chatty  : uid=1000(system) StorageManagerS expire 2 lines
04-29 10:11:47.713  1763  1763 I TelecomFramework: PstnPhoneCapabilitiesNotifier: handleVideoCapabilitesChanged. Video capability - true
04-29 10:11:47.754   998  1558 I chatty  : uid=1000(system) SyncManager expire 1 line
04-29 10:11:47.771  2355  2355 I chatty  : uid=1000(system) DMA-2 expire 2 lines
04-29 10:11:48.483   998  2383 I chatty  : uid=1000(system) backup-0 expire 57 lines
04-29 10:11:48.543  1876  1876 E ActivityThread: Failed to find provider info for com.jio.os.content.ContentFeedProvider
04-29 10:11:48.845  1763  1763 I TelecomFramework: : Carrier-config changed, checking for phone account updates.
04-29 10:11:49.068  1763  1763 I TelecomFramework: AccountEntry: reRegisterPstnPhoneAccount: subId: 1 - no change
04-29 10:11:49.274   998  2392 I chatty  : uid=1000(system) Binder:998_B expire 10 lines
04-29 10:11:49.350   998  1425 I chatty  : uid=1000(system) Binder:998_3 expire 4 lines
04-29 10:11:50.263   998  2364 I chatty  : uid=1000(system) Binder:998_A expire 4 lines
04-29 10:11:50.297  2537  2537 D ActivityThread: Loading provider contacts;com.android.contacts: com.android.providers.contacts.ContactsProvider2
04-29 10:11:50.393   998  1108 I chatty  : uid=1000(system) Binder:998_1 expire 2 lines
04-29 10:11:52.113   998  1850 I chatty  : uid=1000(system) Binder:998_7 expire 10 lines
04-29 10:11:52.337   998  1109 I chatty  : uid=1000(system) Binder:998_2 expire 3 lines
04-29 10:11:52.384   998  1699 I chatty  : uid=1000(system) Binder:998_5 expire 3 lines
04-29 10:11:52.828   998  2774 I chatty  : uid=1000(system) Binder:998_F expire 3 lines
04-29 10:11:52.959   998  2760 I chatty  : uid=1000(system) Binder:998_D expire 1 line
04-29 10:11:55.370   998  2800 I chatty  : uid=1000(system) Binder:998_11 expire 13 lines
04-29 10:11:55.973  2838  2918 E ActivityThread: Failed to find provider info for com.google.android.apps.messaging.shared.datamodel.provider.sharedstorage.SharedStorageProvider
04-29 10:11:56.031   998  2920 I chatty  : uid=1000(system) LocationService expire 1 line
04-29 10:11:56.121   998  2623 I chatty  : uid=1000(system) Binder:998_C expire 7 lines
04-29 10:11:56.480  2657  2906 W PackageParser: Unknown element under <manifest>: queries at /data/user_de/0/com.google.android.gms/app_chimera/m/00000000/AdsDynamite.apk Binary XML file line #5
04-29 10:11:57.285   998  2806 I chatty  : uid=1000(system) Binder:998_12 expire 3 lines
04-29 10:11:57.930   998  1258 I chatty  : uid=1000(system) android.bg expire 4 lines
04-29 10:11:58.376   998  3055 I chatty  : uid=1000 system_server expire 1 line
04-29 10:11:59.411  2657  3085 W PackageParser: Unknown element under <manifest>: queries at /data/user_de/0/com.google.android.gms/app_chimera/m/00000000/AdsDynamite.apk Binary XML file line #5
04-29 10:11:59.469   998  3015 I chatty  : uid=1000(system) Binder:998_14 expire 6 lines
04-29 10:11:59.666   998  1510 I chatty  : uid=1000(system) ConnectivitySer expire 4 lines
04-29 10:12:01.472  2657  3085 W PackageParser: Unknown element under <manifest>: queries at /data/user_de/0/com.google.android.gms/app_chimera/m/00000000/AdsDynamite.apk Binary XML file line #5
04-29 10:12:01.842   998  1479 I chatty  : uid=1000(system) NetworkWatchlis expire 1 line
04-29 10:12:01.851   998  1239 I chatty  : uid=1000(system) android.io expire 10 lines
04-29 10:12:01.876   998  3224 I chatty  : uid=1000(system) Runtime worker expire 6 lines
04-29 10:12:01.901   998  1260 I chatty  : uid=1000(system) ActivityManager expire 81 lines
04-29 10:12:02.857   998  3270 I chatty  : uid=1000(system) Binder:998_16 expire 5 lines
04-29 10:12:04.158   998   998 I chatty  : uid=1000 system_server expire 5 lines
04-29 10:12:04.307  1763  1763 I TelecomFramework: : Carrier-config changed, checking for phone account updates.
04-29 10:12:04.372   998  1237 I chatty  : uid=1000(system) android.fg expire 2 lines
04-29 10:12:04.408  1763  1763 I TelecomFramework: AccountEntry: reRegisterPstnPhoneAccount: subId: 1 - no change
04-29 10:12:04.464  2096  2315 E ActivityThread: Failed to find provider info for instantapp-dev-manager
04-29 10:12:05.544   998  3487 I chatty  : uid=1000(system) Binder:998_17 expire 4 lines
04-29 10:12:06.470  3532  3609 E ActivityThread: Failed to find provider info for com.google.android.apps.messaging.shared.datamodel.provider.sharedstorage.SharedStorageProvider
04-29 10:12:08.346  3778  3778 E LoadedApk: Unable to instantiate appComponentFactory
04-29 10:12:08.346  3778  3778 E LoadedApk: java.lang.ClassNotFoundException: Didn't find class "androidx.core.app.CoreComponentFactory" on path: DexPathList[[zip file "/system/app/Facebook/Facebook.apk"],nativeLibraryDirectories=[/system/app/Facebook/lib/arm, /system/app/Facebook/Facebook.apk!/lib/armeabi-v7a, /system/lib, /system/product/lib, /system/lib, /system/product/lib]]
04-29 10:12:08.346  3778  3778 E LoadedApk: 	at dalvik.system.BaseDexClassLoader.findClass(BaseDexClassLoader.java:196)
04-29 10:12:08.346  3778  3778 E LoadedApk: 	at java.lang.ClassLoader.loadClass(ClassLoader.java:379)
04-29 10:12:08.346  3778  3778 E LoadedApk: 	at java.lang.ClassLoader.loadClass(ClassLoader.java:312)
04-29 10:12:08.346  3778  3778 E LoadedApk: 	at android.app.LoadedApk.createAppFactory(LoadedApk.java:256)
04-29 10:12:08.346  3778  3778 E LoadedApk: 	at android.app.LoadedApk.createOrUpdateClassLoaderLocked(LoadedApk.java:855)
04-29 10:12:08.346  3778  3778 E LoadedApk: 	at android.app.LoadedApk.getClassLoader(LoadedApk.java:950)
04-29 10:12:08.346  3778  3778 E LoadedApk: 	at android.app.LoadedApk.getResources(LoadedApk.java:1188)
04-29 10:12:08.346  3778  3778 E LoadedApk: 	at android.app.ContextImpl.createAppContext(ContextImpl.java:2462)
04-29 10:12:08.346  3778  3778 E LoadedApk: 	at android.app.ContextImpl.createAppContext(ContextImpl.java:2454)
04-29 10:12:08.346  3778  3778 E LoadedApk: 	at android.app.ActivityThread.handleBindApplication(ActivityThread.java:6353)
04-29 10:12:08.346  3778  3778 E LoadedApk: 	at android.app.ActivityThread.access$1300(ActivityThread.java:220)
04-29 10:12:08.346  3778  3778 E LoadedApk: 	at android.app.ActivityThread$H.handleMessage(ActivityThread.java:1860)
04-29 10:12:08.346  3778  3778 E LoadedApk: 	at android.os.Handler.dispatchMessage(Handler.java:107)
04-29 10:12:08.346  3778  3778 E LoadedApk: 	at android.os.Looper.loop(Looper.java:214)
04-29 10:12:08.346  3778  3778 E LoadedApk: 	at android.app.ActivityThread.main(ActivityThread.java:7397)
04-29 10:12:08.346  3778  3778 E LoadedApk: 	at java.lang.reflect.Method.invoke(Native Method)
04-29 10:12:08.346  3778  3778 E LoadedApk: 	at com.android.internal.os.RuntimeInit$MethodAndArgsCaller.run(RuntimeInit.java:492)
04-29 10:12:08.346  3778  3778 E LoadedApk: 	at com.android.internal.os.ZygoteInit.main(ZygoteInit.java:935)
04-29 10:12:09.231   998  3803 I chatty  : uid=1000(system) Binder:998_18 expire 4 lines
04-29 10:12:09.377  3820  3820 E LoadedApk: Unable to instantiate appComponentFactory
04-29 10:12:09.377  3820  3820 E LoadedApk: java.lang.ClassNotFoundException: Didn't find class "androidx.core.app.CoreComponentFactory" on path: DexPathList[[zip file "/system/app/Facebook/Facebook.apk"],nativeLibraryDirectories=[/system/app/Facebook/lib/arm, /system/app/Facebook/Facebook.apk!/lib/armeabi-v7a, /system/lib, /system/product/lib, /system/lib, /system/product/lib]]
04-29 10:12:09.377  3820  3820 E LoadedApk: 	at dalvik.system.BaseDexClassLoader.findClass(BaseDexClassLoader.java:196)
04-29 10:12:09.377  3820  3820 E LoadedApk: 	at java.lang.ClassLoader.loadClass(ClassLoader.java:379)
04-29 10:12:09.377  3820  3820 E LoadedApk: 	at java.lang.ClassLoader.loadClass(ClassLoader.java:312)
04-29 10:12:09.377  3820  3820 E LoadedApk: 	at android.app.LoadedApk.createAppFactory(LoadedApk.java:256)
04-29 10:12:09.377  3820  3820 E LoadedApk: 	at android.app.LoadedApk.createOrUpdateClassLoaderLocked(LoadedApk.java:855)
04-29 10:12:09.377  3820  3820 E LoadedApk: 	at android.app.LoadedApk.getClassLoader(LoadedApk.java:950)
04-29 10:12:09.377  3820  3820 E LoadedApk: 	at android.app.LoadedApk.getResources(LoadedApk.java:1188)
04-29 10:12:09.377  3820  3820 E LoadedApk: 	at android.app.ContextImpl.createAppContext(ContextImpl.java:2462)
04-29 10:12:09.377  3820  3820 E LoadedApk: 	at android.app.ContextImpl.createAppContext(ContextImpl.java:2454)
04-29 10:12:09.377  3820  3820 E LoadedApk: 	at android.app.ActivityThread.handleBindApplication(ActivityThread.java:6353)
04-29 10:12:09.377  3820  3820 E LoadedApk: 	at android.app.ActivityThread.access$1300(ActivityThread.java:220)
04-29 10:12:09.377  3820  3820 E LoadedApk: 	at android.app.ActivityThread$H.handleMessage(ActivityThread.java:1860)
04-29 10:12:09.377  3820  3820 E LoadedApk: 	at android.os.Handler.dispatchMessage(Handler.java:107)
04-29 10:12:09.377  3820  3820 E LoadedApk: 	at android.os.Looper.loop(Looper.java:214)
04-29 10:12:09.377  3820  3820 E LoadedApk: 	at android.app.ActivityThread.main(ActivityThread.java:7397)
04-29 10:12:09.377  3820  3820 E LoadedApk: 	at java.lang.reflect.Method.invoke(Native Method)
04-29 10:12:09.377  3820  3820 E LoadedApk: 	at com.android.internal.os.RuntimeInit$MethodAndArgsCaller.run(RuntimeInit.java:492)
04-29 10:12:09.377  3820  3820 E LoadedApk: 	at com.android.internal.os.ZygoteInit.main(ZygoteInit.java:935)
04-29 10:12:10.470   998  3131 I chatty  : uid=1000(system) Binder:998_15 expire 3 lines
04-29 10:12:10.600  3859  3859 E LoadedApk: Unable to instantiate appComponentFactory
04-29 10:12:10.600  3859  3859 E LoadedApk: java.lang.ClassNotFoundException: Didn't find class "androidx.core.app.CoreComponentFactory" on path: DexPathList[[zip file "/system/app/Facebook/Facebook.apk"],nativeLibraryDirectories=[/system/app/Facebook/lib/arm, /system/app/Facebook/Facebook.apk!/lib/armeabi-v7a, /system/lib, /system/product/lib, /system/lib, /system/product/lib]]
04-29 10:12:10.600  3859  3859 E LoadedApk: 	at dalvik.system.BaseDexClassLoader.findClass(BaseDexClassLoader.java:196)
04-29 10:12:10.600  3859  3859 E LoadedApk: 	at java.lang.ClassLoader.loadClass(ClassLoader.java:379)
04-29 10:12:10.600  3859  3859 E LoadedApk: 	at java.lang.ClassLoader.loadClass(ClassLoader.java:312)
04-29 10:12:10.600  3859  3859 E LoadedApk: 	at android.app.LoadedApk.createAppFactory(LoadedApk.java:256)
04-29 10:12:10.600  3859  3859 E LoadedApk: 	at android.app.LoadedApk.createOrUpdateClassLoaderLocked(LoadedApk.java:855)
04-29 10:12:10.600  3859  3859 E LoadedApk: 	at android.app.LoadedApk.getClassLoader(LoadedApk.java:950)
04-29 10:12:10.600  3859  3859 E LoadedApk: 	at android.app.LoadedApk.getResources(LoadedApk.java:1188)
04-29 10:12:10.600  3859  3859 E LoadedApk: 	at android.app.ContextImpl.createAppContext(ContextImpl.java:2462)
04-29 10:12:10.600  3859  3859 E LoadedApk: 	at android.app.ContextImpl.createAppContext(ContextImpl.java:2454)
04-29 10:12:10.600  3859  3859 E LoadedApk: 	at android.app.ActivityThread.handleBindApplication(ActivityThread.java:6353)
04-29 10:12:10.600  3859  3859 E LoadedApk: 	at android.app.ActivityThread.access$1300(ActivityThread.java:220)
04-29 10:12:10.600  3859  3859 E LoadedApk: 	at android.app.ActivityThread$H.handleMessage(ActivityThread.java:1860)
04-29 10:12:10.600  3859  3859 E LoadedApk: 	at android.os.Handler.dispatchMessage(Handler.java:107)
04-29 10:12:10.600  3859  3859 E LoadedApk: 	at android.os.Looper.loop(Looper.java:214)
04-29 10:12:10.600  3859  3859 E LoadedApk: 	at android.app.ActivityThread.main(ActivityThread.java:7397)
04-29 10:12:10.600  3859  3859 E LoadedApk: 	at java.lang.reflect.Method.invoke(Native Method)
04-29 10:12:10.600  3859  3859 E LoadedApk: 	at com.android.internal.os.RuntimeInit$MethodAndArgsCaller.run(RuntimeInit.java:492)
04-29 10:12:10.600  3859  3859 E LoadedApk: 	at com.android.internal.os.ZygoteInit.main(ZygoteInit.java:935)
04-29 10:12:11.109   998  2859 I chatty  : uid=1000(system) Binder:998_13 expire 5 lines
04-29 10:12:11.744   998  2772 I chatty  : uid=1000(system) Binder:998_E expire 3 lines
04-29 10:12:12.130   998  2778 I chatty  : uid=1000(system) Binder:998_10 expire 5 lines
04-29 10:12:17.598   998   482 I chatty  : uid=1000(system) Binder:998_19 expire 3 lines
04-29 10:12:17.819   406   668 E ActivityThread: Failed to find provider info for com.google.android.apps.messaging.shared.datamodel.provider.sharedstorage.SharedStorageProvider
04-29 10:12:19.667   406   761 E ActivityThread: Failed to find provider info for com.google.android.apps.messaging.shared.datamodel.provider.sharedstorage.SharedStorageProvider
04-29 10:12:19.743   406   761 I chatty  : uid=10077(com.google.android.ims) identical 2 lines
04-29 10:12:21.624   406  1106 I chatty  : uid=10077(com.google.android.ims) RCS Engine Hand expire 5 lines
04-29 10:12:21.715   406  1073 I chatty  : uid=10077(com.google.android.ims) ProvisioningSta expire 3 lines
04-29 10:12:22.066   406  1106 I chatty  : uid=10077(com.google.android.ims) RCS Engine Hand expire 9 lines
04-29 10:12:24.278   406  1140 I chatty  : uid=10077(com.google.android.ims) expire 3 lines
04-29 10:12:24.631   502  1216 E ActivityThread: Failed to find provider info for com.google.android.apps.messaging.shared.datamodel.provider.sharedstorage.SharedStorageProvider
04-29 10:12:24.688   406  1209 E ActivityThread: Failed to find provider info for com.google.android.apps.messaging.shared.datamodel.provider.sharedstorage.SharedStorageProvider
04-29 10:12:24.793   406  1209 I chatty  : uid=10077(com.google.android.ims) Binder:406_A identical 2 lines
04-29 10:12:24.890   406  1209 E ActivityThread: Failed to find provider info for com.google.android.apps.messaging.shared.datamodel.provider.sharedstorage.SharedStorageProvider
04-29 10:12:25.434   998  1301 I chatty  : uid=1000(system) Binder:998_1A expire 1 line
04-29 10:12:25.758   406  1209 E ActivityThread: Failed to find provider info for com.google.android.apps.messaging.shared.datamodel.provider.sharedstorage.SharedStorageProvider
04-29 10:12:25.843   406  1209 E ActivityThread: Failed to find provider info for com.google.android.apps.messaging.shared.datamodel.provider.sharedstorage.SharedStorageProvider
04-29 10:12:26.668   998  1260 I chatty  : uid=1000(system) ActivityManager expire 37 lines
04-29 10:12:27.122   998  1434 I chatty  : uid=1000(system) Binder:998_1B expire 2 lines
04-29 10:12:31.207   998  1580 I chatty  : uid=1000(system) Binder:998_1C expire 1 line
04-29 10:12:31.506  1889  1889 D ActivityThread: Loading provider contacts;com.android.contacts: com.android.providers.contacts.ContactsProvider2
04-29 10:12:35.605  2096  2096 E ActivityThread: Service com.google.android.gms.nearby.discovery.service.DiscoveryService has leaked ServiceConnection android.bluetooth.BluetoothProfileConnector$2@41f5ec1 that was originally bound here
04-29 10:12:35.605  2096  2096 E ActivityThread: android.app.ServiceConnectionLeaked: Service com.google.android.gms.nearby.discovery.service.DiscoveryService has leaked ServiceConnection android.bluetooth.BluetoothProfileConnector$2@41f5ec1 that was originally bound here
04-29 10:12:35.605  2096  2096 E ActivityThread: 	at android.app.LoadedApk$ServiceDispatcher.<init>(LoadedApk.java:1805)
04-29 10:12:35.605  2096  2096 E ActivityThread: 	at android.app.LoadedApk.getServiceDispatcherCommon(LoadedApk.java:1677)
04-29 10:12:35.605  2096  2096 E ActivityThread: 	at android.app.LoadedApk.getServiceDispatcher(LoadedApk.java:1656)
04-29 10:12:35.605  2096  2096 E ActivityThread: 	at android.app.ContextImpl.bindServiceCommon(ContextImpl.java:1721)
04-29 10:12:35.605  2096  2096 E ActivityThread: 	at android.app.ContextImpl.bindServiceAsUser(ContextImpl.java:1675)
04-29 10:12:35.605  2096  2096 E ActivityThread: 	at android.content.ContextWrapper.bindServiceAsUser(ContextWrapper.java:724)
04-29 10:12:35.605  2096  2096 E ActivityThread: 	at android.content.ContextWrapper.bindServiceAsUser(ContextWrapper.java:724)
04-29 10:12:35.605  2096  2096 E ActivityThread: 	at android.content.ContextWrapper.bindServiceAsUser(ContextWrapper.java:724)
04-29 10:12:35.605  2096  2096 E ActivityThread: 	at android.content.ContextWrapper.bindServiceAsUser(ContextWrapper.java:724)
04-29 10:12:35.605  2096  2096 E ActivityThread: 	at android.content.ContextWrapper.bindServiceAsUser(ContextWrapper.java:724)
04-29 10:12:35.605  2096  2096 E ActivityThread: 	at android.bluetooth.BluetoothProfileConnector.doBind(BluetoothProfileConnector.java:90)
04-29 10:12:35.605  2096  2096 E ActivityThread: 	at android.bluetooth.BluetoothProfileConnector.connect(BluetoothProfileConnector.java:130)
04-29 10:12:35.605  2096  2096 E ActivityThread: 	at android.bluetooth.BluetoothA2dp.<init>(BluetoothA2dp.java:221)
04-29 10:12:35.605  2096  2096 E ActivityThread: 	at android.bluetooth.BluetoothAdapter.getProfileProxy(BluetoothAdapter.java:2530)
04-29 10:12:35.605  2096  2096 E ActivityThread: 	at bqua.<init>(:com.google.android.gms@203315060@20.33.15 (110300-330018294):6)
04-29 10:12:35.605  2096  2096 E ActivityThread: 	at aels.a(:com.google.android.gms@203315060@20.33.15 (110300-330018294):64)
04-29 10:12:35.605  2096  2096 E ActivityThread: 	at aeax.c(:com.google.android.gms@203315060@20.33.15 (110300-330018294):3)
04-29 10:12:35.605  2096  2096 E ActivityThread: 	at aeax.b(:com.google.android.gms@203315060@20.33.15 (110300-330018294):3)
04-29 10:12:35.605  2096  2096 E ActivityThread: 	at aeax.a(:com.google.android.gms@203315060@20.33.15 (110300-330018294):9)
04-29 10:12:35.605  2096  2096 E ActivityThread: 	at aeax.a(:com.google.android.gms@203315060@20.33.15 (110300-330018294):8)
04-29 10:12:35.605  2096  2096 E ActivityThread: 	at aequ.<init>(:com.google.android.gms@203315060@20.33.15 (110300-330018294):6)
04-29 10:12:35.605  2096  2096 E ActivityThread: 	at aels.a(:com.google.android.gms@203315060@20.33.15 (110300-330018294):35)
04-29 10:12:35.605  2096  2096 E ActivityThread: 	at aeax.c(:com.google.android.gms@203315060@20.33.15 (110300-330018294):3)
04-29 10:12:35.605  2096  2096 E ActivityThread: 	at aeax.b(:com.google.android.gms@203315060@20.33.15 (110300-330018294):3)
04-29 10:12:35.605  2096  2096 E ActivityThread: 	at aeax.a(:com.google.android.gms@203315060@20.33.15 (110300-330018294):9)
04-29 10:12:35.605  2096  2096 E ActivityThread: 	at aeax.a(:com.google.android.gms@203315060@20.33.15 (110300-330018294):8)
04-29 10:12:35.605  2096  2096 E ActivityThread: 	at aezs.<init>(:com.google.android.gms@203315060@20.33.15 (110300-330018294):7)
04-29 10:12:35.605  2096  2096 E ActivityThread: 	at aels.a(:com.google.android.gms@203315060@20.33.15 (110300-330018294):66)
04-29 10:12:35.605  2096  2096 E ActivityThread: 	at aeax.c(:com.google.android.gms@203315060@20.33.15 (110300-330018294):3)
04-29 10:12:35.605  2096  2096 E ActivityThread: 	at aeax.b(:com.google.android.gms@203315060@20.33.15 (110300-330018294):3)
04-29 10:12:35.605  2096  2096 E ActivityThread: 	at aeax.a(:com.google.android.gms@203315060@20.33.15 (110300-330018294):9)
04-29 10:12:35.605  2096  2096 E ActivityThread: 	at aeax.a(:com.google.android.gms@203315060@20.33.15 (110300-330018294):8)
04-29 10:12:35.605  2096  2096 E ActivityThread: 	at com.google.android.gms.nearby.discovery.service.DiscoveryChimeraService.onCreate(:com.google.android.gms@203315060@20.33.15 (110300-330018294):2)
04-29 10:12:35.605  2096  2096 E ActivityThread: 	at cwv.onCreate(:com.google.android.gms@203315060@20.33.15 (110300-330018294):1)
04-29 10:12:35.605  2096  2096 E ActivityThread: 	at omj.onCreate(:com.google.android.gms@203315060@20.33.15 (110300-330018294):4)
04-29 10:12:35.605  2096  2096 E ActivityThread: 	at android.app.ActivityThread.handleCreateService(ActivityThread.java:3954)
04-29 10:12:35.605  2096  2096 E ActivityThread: 	at android.app.ActivityThread.access$1500(ActivityThread.java:220)
04-29 10:12:35.605  2096  2096 E ActivityThread: 	at android.app.ActivityThread$H.handleMessage(ActivityThread.java:1876)
04-29 10:12:35.605  2096  2096 E ActivityThread: 	at android.os.Handler.dispatchMessage(Handler.java:107)
04-29 10:12:35.605  2096  2096 E ActivityThread: 	at android.os.Looper.loop(Looper.java:214)
04-29 10:12:35.605  2096  2096 E ActivityThread: 	at android.app.ActivityThread.main(ActivityThread.java:7397)
04-29 10:12:35.605  2096  2096 E ActivityThread: 	at java.lang.reflect.Method.invoke(Native Method)
04-29 10:12:35.605  2096  2096 E ActivityThread: 	at com.android.internal.os.RuntimeInit$MethodAndArgsCaller.run(RuntimeInit.java:492)
04-29 10:12:35.605  2096  2096 E ActivityThread: 	at com.android.internal.os.ZygoteInit.main(ZygoteInit.java:935)
04-29 10:12:37.935  2355  2355 W ContextImpl: Calling a method in the system process without a qualified user: android.app.ContextImpl.startService:1570 android.content.ContextWrapper.startService:669 android.content.ContextWrapper.startService:669 androidx.legacy.content.WakefulBroadcastReceiver.startWakefulService:102 com.redbend.app.SmmClient.sendData:46 
04-29 10:12:38.013   998  1260 I chatty  : uid=1000(system) ActivityManager expire 26 lines
04-29 10:12:38.037   998  1850 I chatty  : uid=1000(system) Binder:998_7 expire 1 line
04-29 10:12:38.283   998  1609 I chatty  : uid=1000(system) Binder:998_4 expire 1 line
04-29 10:12:38.311  2355  2355 W ContextImpl: Calling a method in the system process without a qualified user: android.app.ContextImpl.startService:1570 android.content.ContextWrapper.startService:669 com.redbend.app.SmmService.sendIntentEvent:373 com.redbend.client.ClientService.sendEvent:586 com.redbend.client.ClientService.sendProductTypeEvent:198 
04-29 10:12:38.312   998  1237 I chatty  : uid=1000(system) android.fg expire 3 lines
04-29 10:12:38.734   998  2760 I chatty  : uid=1000(system) Binder:998_D expire 1 line
04-29 10:12:38.791  2355  2355 W ContextImpl: Calling a method in the system process without a qualified user: android.app.ContextImpl.startService:1570 android.content.ContextWrapper.startService:669 com.redbend.app.SmmService.sendIntentEvent:373 com.redbend.client.ClientService.sendEvent:586 com.redbend.app.SmmService.onStartCommand:484 
04-29 10:12:38.982  2355  2355 W ContextImpl: Calling a method in the system process without a qualified user: android.app.ContextImpl.startService:1570 android.content.ContextWrapper.startService:669 androidx.legacy.content.WakefulBroadcastReceiver.startWakefulService:102 com.redbend.app.SmmClient.sendData:46 com.redbend.app.SmmClient.sendEventToSmmService:23 
04-29 10:12:39.048   998   998 I chatty  : uid=1000 system_server expire 5 lines
04-29 10:12:39.222  2355  2355 W ContextImpl: Calling a method in the system process without a qualified user: android.app.ContextImpl.startService:1570 android.content.ContextWrapper.startService:669 com.redbend.client.BasicService.onCreate:320 android.app.ActivityThread.handleCreateService:3954 android.app.ActivityThread.access$1500:220 
04-29 10:12:39.281   998  3015 I chatty  : uid=1000(system) Binder:998_14 expire 4 lines
04-29 10:12:39.549   998  1258 I chatty  : uid=1000(system) android.bg expire 1 line
04-29 10:12:40.170   998  1314 I chatty  : uid=1000(system) PowerManagerSer expire 1 line
04-29 10:12:41.406   998  2364 I chatty  : uid=1000(system) Binder:998_A expire 2 lines
04-29 10:12:41.872   998  1239 I chatty  : uid=1000(system) android.io expire 1 line
04-29 10:12:42.033   998  1109 I chatty  : uid=1000(system) Binder:998_2 expire 3 lines
04-29 10:12:42.035   998  1510 I chatty  : uid=1000(system) ConnectivitySer expire 1 line
04-29 10:12:43.212   998   482 I chatty  : uid=1000(system) Binder:998_19 expire 1 line
04-29 10:12:43.365   998  2392 I chatty  : uid=1000(system) Binder:998_B expire 1 line
04-29 10:12:43.970   998  2641 I chatty  : uid=1000(system) Binder:998_1D expire 3 lines
04-29 10:12:44.026   998  1260 I chatty  : uid=1000(system) ActivityManager expire 13 lines
04-29 10:12:44.110   998   482 I chatty  : uid=1000(system) Binder:998_19 expire 1 line
04-29 10:12:45.772   998  1425 I chatty  : uid=1000(system) Binder:998_3 expire 5 lines
04-29 10:12:45.775   998  1259 I chatty  : uid=1000(system) ActivityManager expire 6 lines
04-29 10:12:45.984   998  2806 I chatty  : uid=1000(system) Binder:998_12 expire 1 line
04-29 10:12:46.039   998  3131 I chatty  : uid=1000(system) Binder:998_15 expire 1 line
04-29 10:12:46.844   998  1513 I chatty  : uid=1000(system) NsdService expire 3 lines
04-29 10:12:47.706   998  1699 I chatty  : uid=1000(system) Binder:998_5 expire 1 line
04-29 10:12:48.139   998  2364 I chatty  : uid=1000(system) Binder:998_A expire 2 lines
04-29 10:12:49.261   998  1314 I chatty  : uid=1000(system) PowerManagerSer expire 3 lines
04-29 10:12:49.269   998   998 I chatty  : uid=1000 system_server expire 1 line
04-29 10:12:49.279   998  1237 I chatty  : uid=1000(system) android.fg expire 5 lines
04-29 10:12:49.567   998  1314 I chatty  : uid=1000(system) PowerManagerSer expire 4 lines
04-29 10:12:49.631   998  1269 I chatty  : uid=1000(system) batterystats-wo expire 2 lines
04-29 10:12:49.766   998  1242 I chatty  : uid=1000(system) android.display expire 1 line
04-29 10:12:51.215   998  2859 I chatty  : uid=1000(system) Binder:998_13 expire 2 lines
04-29 10:12:51.373   998   998 I chatty  : uid=1000 system_server expire 1 line
04-29 10:12:51.419   998  1260 I chatty  : uid=1000(system) ActivityManager expire 12 lines
04-29 10:12:51.823   406  1140 E ActivityThread: Failed to find provider info for com.google.android.apps.messaging.shared.datamodel.provider.sharedstorage.SharedStorageProvider
04-29 10:12:51.901   998  1952 I chatty  : uid=1000(system) Binder:998_8 expire 1 line
04-29 10:12:52.247   998  1109 I chatty  : uid=1000(system) Binder:998_2 expire 3 lines
04-29 10:12:52.412   406  3129 E ActivityThread: Failed to find provider info for com.google.android.apps.messaging.shared.datamodel.provider.sharedstorage.SharedStorageProvider
04-29 10:12:52.520   406  1140 E ActivityThread: Failed to find provider info for com.google.android.apps.messaging.shared.datamodel.provider.sharedstorage.SharedStorageProvider
04-29 10:12:52.940   406  1140 E ActivityThread: Failed to find provider info for com.google.android.apps.messaging.shared.datamodel.provider.sharedstorage.SharedStorageProvider
04-29 10:12:52.999   406  3129 E ActivityThread: Failed to find provider info for com.google.android.apps.messaging.shared.datamodel.provider.sharedstorage.SharedStorageProvider
04-29 10:12:53.261   406  3129 E ActivityThread: Failed to find provider info for com.google.android.apps.messaging.shared.datamodel.provider.sharedstorage.SharedStorageProvider
04-29 10:12:55.401   406  3195 E ActivityThread: Failed to find provider info for com.google.android.apps.messaging.shared.datamodel.provider.sharedstorage.SharedStorageProvider
04-29 10:12:55.405   406  3194 E ActivityThread: Failed to find provider info for com.google.android.apps.messaging.shared.datamodel.provider.sharedstorage.SharedStorageProvider
04-29 10:12:55.454  2355  2355 W ContextImpl: Calling a method in the system process without a qualified user: android.app.ContextImpl.startService:1570 android.content.ContextWrapper.startService:669 com.redbend.app.SmmService.sendIntentEvent:373 com.redbend.client.ClientService.sendEvent:586 com.redbend.client.ClientService$2.onReceive:467 
04-29 10:12:55.487  2355  2355 W ContextImpl: Calling a method in the system process without a qualified user: android.app.ContextImpl.startService:1570 android.content.ContextWrapper.startService:669 com.redbend.app.SmmService.sendIntentEvent:373 com.redbend.client.ClientService.sendEvent:586 com.redbend.app.SmmService.onStartCommand:484 
04-29 10:12:55.540   998  1259 I chatty  : uid=1000(system) ActivityManager expire 1 line
04-29 10:12:55.545   406  3194 E ActivityThread: Failed to find provider info for com.google.android.apps.messaging.shared.datamodel.provider.sharedstorage.SharedStorageProvider
04-29 10:12:55.648   406  3195 E ActivityThread: Failed to find provider info for com.google.android.apps.messaging.shared.datamodel.provider.sharedstorage.SharedStorageProvider
04-29 10:12:55.915   406  3194 E ActivityThread: Failed to find provider info for com.google.android.apps.messaging.shared.datamodel.provider.sharedstorage.SharedStorageProvider
04-29 10:12:55.999   998  3084 I chatty  : uid=1000(system) Binder:998_1E expire 2 lines
04-29 10:12:56.117   406  3195 E ActivityThread: Failed to find provider info for com.google.android.apps.messaging.shared.datamodel.provider.sharedstorage.SharedStorageProvider
04-29 10:12:56.160   998  3270 I chatty  : uid=1000(system) Binder:998_16 expire 1 line
04-29 10:12:56.214   998  3131 I chatty  : uid=1000(system) Binder:998_15 expire 2 lines
04-29 10:12:56.235   406  1140 E ActivityThread: Failed to find provider info for com.google.android.apps.messaging.shared.datamodel.provider.sharedstorage.SharedStorageProvider
04-29 10:12:56.372   998  2623 I chatty  : uid=1000(system) Binder:998_C expire 1 line
04-29 10:12:56.374   998  1510 I chatty  : uid=1000(system) ConnectivitySer expire 2 lines
04-29 10:12:56.458   406  3201 E ActivityThread: Failed to find provider info for com.google.android.apps.messaging.shared.datamodel.provider.sharedstorage.SharedStorageProvider
04-29 10:12:56.494   406  1140 E ActivityThread: Failed to find provider info for com.google.android.apps.messaging.shared.datamodel.provider.sharedstorage.SharedStorageProvider
04-29 10:12:56.497   998  2641 I chatty  : uid=1000(system) Binder:998_1D expire 4 lines
04-29 10:12:56.501   998  2623 I chatty  : uid=1000(system) Binder:998_C expire 1 line
04-29 10:12:56.514   998  1259 I chatty  : uid=1000(system) ActivityManager expire 1 line
04-29 10:12:56.547   998  1701 I chatty  : uid=1000(system) Binder:998_6 expire 1 line
04-29 10:12:56.582   998  1260 I chatty  : uid=1000(system) ActivityManager expire 7 lines
04-29 10:12:56.792   406  1140 E ActivityThread: Failed to find provider info for com.google.android.apps.messaging.shared.datamodel.provider.sharedstorage.SharedStorageProvider
04-29 10:12:56.855   406  3201 E ActivityThread: Failed to find provider info for com.google.android.apps.messaging.shared.datamodel.provider.sharedstorage.SharedStorageProvider
04-29 10:12:57.043   406  3201 E ActivityThread: Failed to find provider info for com.google.android.apps.messaging.shared.datamodel.provider.sharedstorage.SharedStorageProvider
04-29 10:12:57.460  3004  3205 E ActivityThread: Failed to find provider info for com.google.android.apps.messaging.shared.datamodel.provider.sharedstorage.SharedStorageProvider
04-29 10:12:57.541   406   449 E ActivityThread: Failed to find provider info for com.google.android.apps.messaging.shared.datamodel.provider.sharedstorage.SharedStorageProvider
04-29 10:12:57.636   406   449 I chatty  : uid=10077(com.google.android.ims) Binder:406_2 identical 1 line
04-29 10:12:57.749   406   449 E ActivityThread: Failed to find provider info for com.google.android.apps.messaging.shared.datamodel.provider.sharedstorage.SharedStorageProvider
04-29 10:12:57.936   406  3201 E ActivityThread: Failed to find provider info for com.google.android.apps.messaging.shared.datamodel.provider.sharedstorage.SharedStorageProvider
04-29 10:12:58.192   406  3201 I chatty  : uid=10077(com.google.android.ims) identical 1 line
04-29 10:12:58.311   406  3201 E ActivityThread: Failed to find provider info for com.google.android.apps.messaging.shared.datamodel.provider.sharedstorage.SharedStorageProvider
04-29 10:12:58.731   998   998 I chatty  : uid=1000 system_server expire 1 line
04-29 10:12:58.908   998  2800 I chatty  : uid=1000(system) Binder:998_11 expire 2 lines
04-29 10:12:59.067   406  3201 E ActivityThread: Failed to find provider info for com.google.android.apps.messaging.shared.datamodel.provider.sharedstorage.SharedStorageProvider
04-29 10:12:59.109   406  3201 I chatty  : uid=10077(com.google.android.ims) identical 3 lines
04-29 10:12:59.150   406  3201 E ActivityThread: Failed to find provider info for com.google.android.apps.messaging.shared.datamodel.provider.sharedstorage.SharedStorageProvider
04-29 10:13:00.389   998  2772 I chatty  : uid=1000(system) Binder:998_E expire 2 lines
04-29 10:13:00.437  2355  3316 W ContextImpl: Calling a method in the system process without a qualified user: android.app.ContextImpl.startService:1570 android.content.ContextWrapper.startService:669 com.redbend.app.EventIntentService.recvEvent:135 com.redbend.client.BasicService.recvEvent:232 <bottom of call stack> 
04-29 10:13:00.471   998  3084 I chatty  : uid=1000(system) Binder:998_1E expire 1 line
04-29 10:13:00.471   998  1609 I chatty  : uid=1000(system) Binder:998_4 expire 1 line
04-29 10:13:00.471   998  1510 I chatty  : uid=1000(system) ConnectivitySer expire 1 line
04-29 10:13:00.517  2355  3316 W ContextImpl: Calling a method in the system process without a qualified user: android.app.ContextImpl.startService:1570 android.content.ContextWrapper.startService:669 com.redbend.app.EventIntentService.recvEvent:135 com.redbend.client.BasicService.recvEvent:232 <bottom of call stack> 
04-29 10:13:00.527  2355  2420 W ContextImpl: Calling a method in the system process without a qualified user: android.app.ContextImpl.sendBroadcast:1045 android.content.ContextWrapper.sendBroadcast:448 com.redbend.swm_common.GcmHandler.genericHandler:84 com.redbend.app.EventHandler.handle:70 com.redbend.app.FlowManager.handle:412 
04-29 10:13:00.594  2355  2355 W ContextImpl: Calling a method in the system process without a qualified user: android.app.ContextImpl.startService:1570 android.content.ContextWrapper.startService:669 android.content.ContextWrapper.startService:669 androidx.legacy.content.WakefulBroadcastReceiver.startWakefulService:102 com.redbend.app.SmmClient.sendData:46 
04-29 10:13:00.604  2355  2355 W ContextImpl: Calling a method in the system process without a qualified user: android.app.ContextImpl.startService:1570 android.content.ContextWrapper.startService:669 com.redbend.app.SmmService.sendIntentEvent:373 com.redbend.client.ClientService.sendEvent:586 com.redbend.app.SmmService.onStartCommand:484 
04-29 10:13:00.652   998  1269 I chatty  : uid=1000(system) batterystats-wo expire 7 lines
04-29 10:13:00.811  2355  3316 W ContextImpl: Calling a method in the system process without a qualified user: android.app.ContextImpl.startService:1570 android.content.ContextWrapper.startService:669 com.redbend.app.EventIntentService.recvEvent:135 com.redbend.client.BasicService.recvEvent:232 <bottom of call stack> 
04-29 10:13:06.948   998  1470 I chatty  : uid=1000(system) AlarmManager expire 2 lines
04-29 10:13:08.981   998  1259 I chatty  : uid=1000(system) ActivityManager expire 2 lines
04-29 10:13:30.308   998  1260 I chatty  : uid=1000(system) ActivityManager expire 16 lines
04-29 10:13:30.408  3343  3343 E LoadedApk: Unable to instantiate appComponentFactory
04-29 10:13:30.408  3343  3343 E LoadedApk: java.lang.ClassNotFoundException: Didn't find class "androidx.core.app.CoreComponentFactory" on path: DexPathList[[zip file "/system/app/Facebook/Facebook.apk"],nativeLibraryDirectories=[/system/app/Facebook/lib/arm, /system/app/Facebook/Facebook.apk!/lib/armeabi-v7a, /system/lib, /system/product/lib, /system/lib, /system/product/lib]]
04-29 10:13:30.408  3343  3343 E LoadedApk: 	at dalvik.system.BaseDexClassLoader.findClass(BaseDexClassLoader.java:196)
04-29 10:13:30.408  3343  3343 E LoadedApk: 	at java.lang.ClassLoader.loadClass(ClassLoader.java:379)
04-29 10:13:30.408  3343  3343 E LoadedApk: 	at java.lang.ClassLoader.loadClass(ClassLoader.java:312)
04-29 10:13:30.408  3343  3343 E LoadedApk: 	at android.app.LoadedApk.createAppFactory(LoadedApk.java:256)
04-29 10:13:30.408  3343  3343 E LoadedApk: 	at android.app.LoadedApk.createOrUpdateClassLoaderLocked(LoadedApk.java:855)
