04-29 10:41:34.876  3434  3434 I /vendor/bin/hw/android.hardware.drm@1.2-service-lazy.clearkey: Registering HAL: android.hardware.drm@1.2::ICryptoFactory with name: clearkey
04-29 10:41:34.880  3434  3434 I ServiceManagement: Registered android.hardware.drm@1.2::ICryptoFactory/clearkey (start delay of 93ms)
04-29 10:41:34.880  3434  3434 I ServiceManagement: Removing namespace from process name android.hardware.drm@1.2-service-lazy.clearkey to drm@1.2-service-lazy.clearkey.
04-29 10:41:34.881   672  2908 I ServiceManagement: getService: Trying again for android.hardware.drm@1.0::IDrmFactory/default...
04-29 10:41:34.980  3439  3439 I /vendor/bin/hw/android.hardware.drm@1.0-service-lazy: Registering HAL: android.hardware.drm@1.0::IDrmFactory with name: default
04-29 10:41:34.984  3439  3439 I ServiceManagement: Registered android.hardware.drm@1.0::IDrmFactory/default (start delay of 107ms)
04-29 10:41:34.984  3439  3439 I ServiceManagement: Removing namespace from process name android.hardware.drm@1.0-service-lazy to drm@1.0-service-lazy.
04-29 10:41:34.986  3439  3439 I         : Registration complete for android.hardware.drm@1.0::IDrmFactory/default.
04-29 10:41:34.992  3439  3439 I /vendor/bin/hw/android.hardware.drm@1.0-service-lazy: Registering HAL: android.hardware.drm@1.0::ICryptoFactory with name: default
04-29 10:41:34.995  3439  3439 I ServiceManagement: Registered android.hardware.drm@1.0::ICryptoFactory/default (start delay of 118ms)
04-29 10:41:34.995  3439  3439 I ServiceManagement: Removing namespace from process name android.hardware.drm@1.0-service-lazy to drm@1.0-service-lazy.
04-29 10:41:34.997  3439  3439 I         : Registration complete for android.hardware.drm@1.0::ICryptoFactory/default.
04-29 10:41:34.998   672  2908 I ServiceManagement: getService: Trying again for android.hardware.drm@1.0::IDrmFactory/widevine...
04-29 10:41:35.098  3443  3443 I /vendor/bin/hw/android.hardware.drm@1.2-service-lazy.widevine: Registering HAL: android.hardware.drm@1.2::IDrmFactory with name: widevine
04-29 10:41:35.103  3443  3443 I ServiceManagement: Registered android.hardware.drm@1.2::IDrmFactory/widevine (start delay of 107ms)
04-29 10:41:35.103  3443  3443 I ServiceManagement: Removing namespace from process name android.hardware.drm@1.2-service-lazy.widevine to drm@1.2-service-lazy.widevine.
04-29 10:41:35.106  3443  3443 I /vendor/bin/hw/android.hardware.drm@1.2-service-lazy.widevine: Registering HAL: android.hardware.drm@1.2::ICryptoFactory with name: widevine
04-29 10:41:35.107  3424  3424 I chatty  : uid=2000(shell) app_process expire 16 lines
04-29 10:41:35.113  3443  3443 I ServiceManagement: Registered android.hardware.drm@1.2::ICryptoFactory/widevine (start delay of 116ms)
04-29 10:41:35.113  3443  3443 I ServiceManagement: Removing namespace from process name android.hardware.drm@1.2-service-lazy.widevine to drm@1.2-service-lazy.widevine.
04-29 10:41:35.120  3434  3434 I /vendor/bin/hw/android.hardware.drm@1.2-service-lazy.clearkey: Process has 1 (of 2 available) client(s) in use after notification android.hardware.drm@1.2::IDrmFactory has clients: 1
04-29 10:41:35.124  3443  3443 I /vendor/bin/hw/android.hardware.drm@1.2-service-lazy.widevine: Process has 1 (of 2 available) client(s) in use after notification android.hardware.drm@1.2::IDrmFactory has clients: 1
04-29 10:41:35.130  3439  3441 I /vendor/bin/hw/android.hardware.drm@1.0-service-lazy: Process has 1 (of 2 available) client(s) in use after notification android.hardware.drm@1.0::IDrmFactory has clients: 1
04-29 10:41:35.144  3443  3443 D WVCdm   : Instantiating CDM.
04-29 10:41:35.147  3443  3443 I WVCdm   : [cdm_engine.cpp(528):QueryStatus] CdmEngine::QueryStatus
04-29 10:41:35.147  3443  3443 I WVCdm   : [oemcrypto_adapter_dynamic.cpp(636):Initialize] Level 3 Build Info (v15): OEMCrypto Level3 Code 8158 Apr 18 2019 19:27:36
04-29 10:41:35.147  3443  3447 I WVCdm   : [(0):] Level3 Library 8158 Apr 18 2019 19:27:36
04-29 10:41:35.161  3443  3443 I WVCdm   : [oemcrypto_adapter_dynamic.cpp(650):Initialize] L3 Initialized. Trying L1.
04-29 10:41:35.183  3443  3443 D QSEECOMAPI: QSEECom_get_handle sb_length = 0x19000
04-29 10:41:35.183  3443  3443 D QSEECOMAPI: App is not loaded in QSEE
04-29 10:41:35.184  3443  3443 D QSEECOMAPI: app_arch = 2, total_files = 8
04-29 10:41:35.218  3443  3443 D QSEECOMAPI: Loaded image: APP id = 917506
04-29 10:41:35.226  3443  3443 D QSAPPSVER: qsapps_get_capabilities: Capability from secure side: 0x1
04-29 10:41:35.226  3443  3443 D QSAPPSVER: qsapps_get_capabilities: returns 0
04-29 10:41:35.227  3443  3443 I DrmWidevineDash: hlos api version =  15
04-29 10:41:35.227  3443  3443 I DrmWidevineDash: tz api version =  15
04-29 10:41:35.236   367   373 I chatty  : uid=1000(system) /vendor/bin/qseecomd expire 13 lines
04-29 10:41:35.237   409   421 I chatty  : uid=1000(system) /vendor/bin/time_daemon expire 3 lines
04-29 10:41:35.237   409  3448 I chatty  : uid=1000(system) /vendor/bin/time_daemon expire 3 lines
04-29 10:41:35.238   409  3449 I chatty  : uid=1000(system) /vendor/bin/time_daemon expire 7 lines
04-29 10:41:35.238   409  3449 D QC-time-services: Daemon:Delta read on boot mseconds = 93464004
04-29 10:41:35.238   409  3449 D QC-time-services: Daemon:Final Time = 1619673097121
04-29 10:41:35.238   367   373 D DrmLibTime: QSEE Time Listener: Time GenOff - seconds: 1619673097
04-29 10:41:35.238   367   373 D DrmLibTime: time_getutcsec returns 0, sec = 1619673097; nsec = 0
04-29 10:41:35.238   367   373 D DrmLibTime: time_getutcsec finished! 
04-29 10:41:35.238   367   373 D DrmLibTime: iotcl_continue_command finished! and return 0 
04-29 10:41:35.238   367   373 D DrmLibTime: before calling ioctl to read the next time_cmd
04-29 10:41:35.239   409   421 E QC-time-services: Daemon: Time-services: Waiting to acceptconnection
04-29 10:41:35.259  3443  3443 I DrmWidevineDash: hlos api version =  15
04-29 10:41:35.259  3443  3443 I DrmWidevineDash: tz api version =  15
04-29 10:41:35.260  3443  3443 I DrmWidevineDash: hlos api version =  15
04-29 10:41:35.260  3443  3443 I DrmWidevineDash: tz api version =  15
04-29 10:41:35.263  3443  3443 W WVCdm   : [oemcrypto_adapter_dynamic.cpp(842):LoadLevel1] Could not find /factory/wv.keys. Falling Back to L3.
04-29 10:41:35.263  3443  3443 D QSEECOMAPI: QSEECom_dealloc_memory 
04-29 10:41:35.263  3443  3443 D QSEECOMAPI: QSEECom_shutdown_app, app_id = 917506
04-29 10:41:35.265  3443  3443 D WVCdm   : [crypto_session.cpp(646):Open] CryptoSession::Open: requested_security_level: Default
04-29 10:41:35.271  3443  3443 I WVCdm   : [usage_table_header.cpp(38):Init] UsageTableHeader::Init: security level: 3
04-29 10:41:35.273  3443  3443 I WVCdm   : [usage_table_header.cpp(70):Init] UsageTableHeader::Init: number of usage entries: 0
04-29 10:41:35.282  3443  3443 I WVCdm   : [(0):] L3 Terminate.
04-29 10:41:35.282  3443  3443 I WVCdm   : [cdm_engine.cpp(115):OpenSession] CdmEngine::OpenSession
04-29 10:41:35.282  3443  3443 I WVCdm   : [oemcrypto_adapter_dynamic.cpp(636):Initialize] Level 3 Build Info (v15): OEMCrypto Level3 Code 8158 Apr 18 2019 19:27:36
04-29 10:41:35.282  3443  3450 I WVCdm   : [(0):] Level3 Library 8158 Apr 18 2019 19:27:36
04-29 10:41:35.300  3443  3443 I WVCdm   : [oemcrypto_adapter_dynamic.cpp(650):Initialize] L3 Initialized. Trying L1.
04-29 10:41:35.300  3443  3443 D QSEECOMAPI: QSEECom_get_handle sb_length = 0x19000
04-29 10:41:35.300  3443  3443 D QSEECOMAPI: App is not loaded in QSEE
04-29 10:41:35.300  3443  3443 D QSEECOMAPI: app_arch = 2, total_files = 8
04-29 10:41:35.327  3443  3443 D QSEECOMAPI: Loaded image: APP id = 983042
04-29 10:41:35.331  3443  3443 D QSAPPSVER: qsapps_get_capabilities: Capability from secure side: 0x1
04-29 10:41:35.331  3443  3443 D QSAPPSVER: qsapps_get_capabilities: returns 0
04-29 10:41:35.332  3443  3443 I DrmWidevineDash: hlos api version =  15
04-29 10:41:35.332  3443  3443 I DrmWidevineDash: tz api version =  15
04-29 10:41:35.339   367   373 D DrmLibTime: got the req here! ret=0
04-29 10:41:35.339   367   373 D DrmLibTime: command id, time_cmd_id = 770
04-29 10:41:35.339   367   373 D DrmLibTime: time_getutcsec starts!
04-29 10:41:35.339   367   373 D DrmLibTime: QSEE Time Listener: time_getutcsec
04-29 10:41:35.339   367   373 D DrmLibTime: QSEE Time Listener: get_utc_seconds
04-29 10:41:35.340   367   373 D DrmLibTime: QSEE Time Listener: time_get_modem_time
04-29 10:41:35.340   367   373 D DrmLibTime: QSEE Time Listener: Checking if ATS_MODEM is set or not.
04-29 10:41:35.340   367   373 D QC-time-services: Lib:time_genoff_operation: pargs->base = 13
04-29 10:41:35.340   367   373 D QC-time-services: Lib:time_genoff_operation: pargs->operation = 2
04-29 10:41:35.340   367   373 D QC-time-services: Lib:time_genoff_operation: pargs->ts_val = 0
04-29 10:41:35.340   367   373 D QC-time-services: Lib:time_genoff_operation: Send to server  passed!!
04-29 10:41:35.340   409   421 D QC-time-services: Daemon: Connection accepted:time_genoff
04-29 10:41:35.340   409  3451 D QC-time-services: Daemon:Received base = 13, unit = 1, operation = 2,value = 0
04-29 10:41:35.340   409  3451 D QC-time-services: Daemon:genoff_opr: Base = 13, val = 0, operation = 2
04-29 10:41:35.340   409  3451 D QC-time-services: offset is: 3 for base: 1
04-29 10:41:35.340   367   373 E QC-time-services: Receive Passed == base = 13, unit = 1, operation = 2, result = 0
04-29 10:41:35.340   367   373 D DrmLibTime: QSEE Time Listener: ATS_MODEM is set. Try to retrieve it.
04-29 10:41:35.341   409   421 E QC-time-services: Daemon: Time-services: Waiting to acceptconnection
04-29 10:41:35.341   409   421 D QC-time-services: Daemon: Connection accepted:time_genoff
04-29 10:41:35.341   409  3452 D QC-time-services: Daemon:Received base = 13, unit = 1, operation = 1,value = 0
04-29 10:41:35.341   409  3452 D QC-time-services: Daemon:genoff_opr: Base = 13, val = 0, operation = 1
04-29 10:41:35.341   409  3452 D QC-time-services: Daemon: genoff get for 13
04-29 10:41:35.341   409  3452 D QC-time-services: Daemon:Value read from QTimer mseconds = 1831139
04-29 10:41:35.341   409  3452 D QC-time-services: Daemon:Value read from RTC mseconds on boot = 93477000
04-29 10:41:35.341   409  3452 D QC-time-services: Daemon:Value read from QTimer mseconds = 1831139
04-29 10:41:35.341   409  3452 D QC-time-services: Daemon:Value read from generic offset = 1619577802081
04-29 10:41:35.341   409  3452 D QC-time-services: Daemon:Delta read on boot mseconds = 93464004
04-29 10:41:35.341   409  3452 D QC-time-services: Daemon:Final Time = 1619673097224
04-29 10:41:35.341   367   373 D DrmLibTime: QSEE Time Listener: Time GenOff - seconds: 1619673097
04-29 10:41:35.341   367   373 D DrmLibTime: time_getutcsec returns 0, sec = 1619673097; nsec = 0
04-29 10:41:35.341   367   373 D DrmLibTime: time_getutcsec finished! 
04-29 10:41:35.341   367   373 D DrmLibTime: iotcl_continue_command finished! and return 0 
04-29 10:41:35.341   367   373 D DrmLibTime: before calling ioctl to read the next time_cmd
04-29 10:41:35.342   409   421 E QC-time-services: Daemon: Time-services: Waiting to acceptconnection
04-29 10:41:35.348  3443  3443 I DrmWidevineDash: hlos api version =  15
04-29 10:41:35.348  3443  3443 I DrmWidevineDash: tz api version =  15
04-29 10:41:35.348  3443  3443 I DrmWidevineDash: hlos api version =  15
04-29 10:41:35.348  3443  3443 I DrmWidevineDash: tz api version =  15
04-29 10:41:35.351  3443  3443 W WVCdm   : [oemcrypto_adapter_dynamic.cpp(842):LoadLevel1] Could not find /factory/wv.keys. Falling Back to L3.
04-29 10:41:35.351  3443  3443 D QSEECOMAPI: QSEECom_dealloc_memory 
04-29 10:41:35.351  3443  3443 D QSEECOMAPI: QSEECom_shutdown_app, app_id = 983042
04-29 10:41:35.358  3443  3443 D WVCdm   : [crypto_session.cpp(646):Open] CryptoSession::Open: requested_security_level: Default
04-29 10:41:35.361  3443  3443 I WVCdm   : [usage_table_header.cpp(38):Init] UsageTableHeader::Init: security level: 3
04-29 10:41:35.361  3443  3443 I WVCdm   : [usage_table_header.cpp(70):Init] UsageTableHeader::Init: number of usage entries: 0
04-29 10:41:35.364  3443  3443 W WVCdm   : [device_files.cpp(1193):RetrieveHashedFile] DeviceFiles::RetrieveHashedFile: /data/vendor/mediadrm/IDM1013/L3/cert.bin does not exist
04-29 10:41:35.364  3443  3443 W WVCdm   : [device_files.cpp(123):RetrieveCertificate] DeviceFiles::RetrieveCertificate: unable to retrieve file
04-29 10:41:35.368  3443  3443 I WVCdm   : [(0):] L3 Terminate.
04-29 10:41:35.370  3297  3297 W System.err: android.media.NotProvisionedException: Failed to open session
04-29 10:41:35.374  3297  3297 W System.err: 	at android.media.MediaDrm.openSession(Native Method)
04-29 10:41:35.374  3297  3297 W System.err: 	at android.media.MediaDrm.openSession(MediaDrm.java:888)
04-29 10:41:35.374  3297  3297 W System.err: 	at ava.c(SourceFile:48)
04-29 10:41:35.374  3297  3297 W System.err: 	at com.jio.media.mobile.apps.jioondemand.JioVodApplication.P(SourceFile:363)
04-29 10:41:35.374  3297  3297 W System.err: 	at com.jio.media.mobile.apps.jioondemand.JioVodApplication.onCreate(SourceFile:242)
04-29 10:41:35.374  3297  3297 W System.err: 	at android.app.Instrumentation.callApplicationOnCreate(Instrumentation.java:1190)
04-29 10:41:35.374  3297  3297 W System.err: 	at android.app.ActivityThread.handleBindApplication(ActivityThread.java:6479)
04-29 10:41:35.375  3297  3297 W System.err: 	at android.app.ActivityThread.access$1300(ActivityThread.java:220)
04-29 10:41:35.375  3297  3297 W System.err: 	at android.app.ActivityThread$H.handleMessage(ActivityThread.java:1860)
04-29 10:41:35.375  3297  3297 W System.err: 	at android.os.Handler.dispatchMessage(Handler.java:107)
04-29 10:41:35.375  3297  3297 W System.err: 	at android.os.Looper.loop(Looper.java:214)
04-29 10:41:35.375  3297  3297 W System.err: 	at android.app.ActivityThread.main(ActivityThread.java:7397)
04-29 10:41:35.375  3297  3297 W System.err: 	at java.lang.reflect.Method.invoke(Native Method)
04-29 10:41:35.375  3297  3297 W System.err: 	at com.android.internal.os.RuntimeInit$MethodAndArgsCaller.run(RuntimeInit.java:492)
04-29 10:41:35.375  3297  3297 W System.err: 	at com.android.internal.os.ZygoteInit.main(ZygoteInit.java:935)
04-29 10:41:35.400   679   679 E ANDR-IOP: IIop:: Iop HAL Service is not available.
04-29 10:41:35.477   998  1434 D CompatibilityInfo: mCompatibilityFlags - 0
04-29 10:41:35.477   998  1434 D CompatibilityInfo: applicationDensity - 216
04-29 10:41:35.477   998  1434 D CompatibilityInfo: applicationScale - 1.0
04-29 10:41:35.480  3297  3297 W RoamingAdTrigger: Null network info object
04-29 10:41:35.509  3297  3297 E JOB     : JioDownload Service
04-29 10:41:35.513   998  3470 I DropBoxManagerService: add tag=system_app_wtf isTagEnabled=true flags=0x2
04-29 10:41:37.521   998  1259 W BroadcastQueue: Background execution not allowed: receiving Intent { act=android.intent.action.DROPBOX_ENTRY_ADDED flg=0x10 (has extras) } to com.google.android.gms/.stats.service.DropBoxEntryAddedReceiver
04-29 10:41:37.521   998  1259 W BroadcastQueue: Background execution not allowed: receiving Intent { act=android.intent.action.DROPBOX_ENTRY_ADDED flg=0x10 (has extras) } to com.google.android.gms/.chimera.GmsIntentOperationService$PersistentTrustedReceiver
04-29 10:41:37.527   998  1609 D CompatibilityInfo: mCompatibilityFlags - 0
04-29 10:41:37.527   998  1609 D CompatibilityInfo: applicationDensity - 216
04-29 10:41:37.527   998  1609 D CompatibilityInfo: applicationScale - 1.0
04-29 10:41:37.572   998  1434 D CompatibilityInfo: mCompatibilityFlags - 0
04-29 10:41:37.572   998  1434 D CompatibilityInfo: applicationDensity - 216
04-29 10:41:37.572   998  1434 D CompatibilityInfo: applicationScale - 1.0
04-29 10:41:37.598   998  1434 D CompatibilityInfo: mCompatibilityFlags - 0
04-29 10:41:37.598   998  1434 D CompatibilityInfo: applicationDensity - 216
04-29 10:41:37.598   998  1434 D CompatibilityInfo: applicationScale - 1.0
04-29 10:41:38.096  3321  3346 W System  : A resource failed to call close. 
04-29 10:41:38.103  3321  3346 I chatty  : uid=10073(com.jio.jioplay.tv) FinalizerDaemon identical 5 lines
04-29 10:41:38.104  3321  3346 W System  : A resource failed to call close. 
04-29 10:41:38.795   596   639 D ThermalEngine: zone:2 sensor:pa-therm0-adc temp:38846 trip:0 event:0
04-29 10:41:38.798   596   639 D ThermalEngine: zone:1 sensor:xo-therm-buf-adc temp:42228 trip:0 event:0
04-29 10:41:38.801   596   639 D ThermalEngine: zone:20 sensor:skin-therm-adc temp:5360 trip:0 event:0
04-29 10:41:41.414  2096  3492 E WakeLock: GCM_HB_ALARM release without a matched acquire!
04-29 10:41:41.414  2096  3492 W WakeLock: GCM_HB_ALARM counter does not exist
04-29 10:41:41.418  2096  3492 E WakeLock: GCM_CONN_ALARM release without a matched acquire!
04-29 10:41:41.749  3490  3490 I chatty  : uid=2000(shell) app_process expire 16 lines
04-29 10:41:42.822  3506  3506 I chatty  : uid=2000(shell) app_process expire 18 lines
04-29 10:41:43.013  2096  3508 E memtrack: Couldn't load memtrack module
04-29 10:41:43.013  2096  3508 W android.os.Debug: failed to get memory consumption info: -1
04-29 10:41:43.190   612   612 E libc    : Access denied finding property "vbms.log.enable"
04-29 10:41:43.190   612   612 I chatty  : uid=0(root) /vendor/bin/vm_bms identical 37 lines
04-29 10:41:43.190   612   612 E libc    : Access denied finding property "vbms.log.enable"
04-29 10:41:43.189   612   612 W vm_bms  : type=1400 audit(0.0:1737): avc: denied { read } for name="u:object_r:default_prop:s0" dev="tmpfs" ino=13466 scontext=u:r:vm_bms:s0 tcontext=u:object_r:default_prop:s0 tclass=file permissive=0
04-29 10:41:43.189   612   612 W vm_bms  : type=1400 audit(0.0:1740): avc: denied { read } for name="u:object_r:default_prop:s0" dev="tmpfs" ino=13466 scontext=u:r:vm_bms:s0 tcontext=u:object_r:default_prop:s0 tclass=file permissive=0
04-29 10:41:43.193   612   612 E libc    : Access denied finding property "vbms.log.enable"
04-29 10:41:43.196   612   612 E libc    : Access denied finding property "vbms.log.enable"
04-29 10:41:43.192   612   612 W vm_bms  : type=1400 audit(0.0:1741): avc: denied { read } for name="u:object_r:default_prop:s0" dev="tmpfs" ino=13466 scontext=u:r:vm_bms:s0 tcontext=u:object_r:default_prop:s0 tclass=file permissive=0
04-29 10:41:43.199   612   612 I VM_BMS  : power_supply_update: ocv_uv=4174116 ibatt=-108839 soc=100 seq_num=37
04-29 10:41:43.199   612   612 E libc    : Access denied finding property "vbms.log.enable"
04-29 10:41:43.199   612   612 E libc    : Access denied finding property "vbms.log.enable"
04-29 10:41:43.246   492   560 I LocSvc_BatteryListener: operator():153] healthInfo cb thread: cb CHARGING
04-29 10:41:43.258  1587  1587 I PowerUI.Notification: show battery full warning: level=100 [1] 
04-29 10:41:43.266   596   639 D ThermalEngine: zone:0 sensor:xo-therm-adc temp:42469 trip:0 event:0
04-29 10:41:43.266   596   651 D ThermalEngine: sensor_monitor: xo-therm-adc Reading 42469 .
04-29 10:41:43.266   596   651 I ThermalEngine: Sensor:xo-therm-adc:42469 mC
04-29 10:41:43.266   596   651 D ThermalEngine: update_active_thresh: xo-therm-adc Active(1), Hi(1) 43000, Lo(1) 39000, desc(0) Interval(1) 2000
04-29 10:41:43.267   596   651 D ThermalEngine: sensor_monitor: xo-therm-adc Sensor wait.
04-29 10:41:43.355  1587  3522 W RingtonePlayer: error loading sound for file:///product/media/audio/ui/LowBattery.ogg
04-29 10:41:43.355  1587  3522 W RingtonePlayer: java.io.FileNotFoundException: /product/media/audio/ui/LowBattery.ogg: open failed: ENOENT (No such file or directory)
04-29 10:41:43.355  1587  3522 W RingtonePlayer: 	at libcore.io.IoBridge.open(IoBridge.java:496)
04-29 10:41:43.355  1587  3522 W RingtonePlayer: 	at java.io.FileInputStream.<init>(FileInputStream.java:159)
04-29 10:41:43.355  1587  3522 W RingtonePlayer: 	at android.media.MediaPlayer.setDataSource(MediaPlayer.java:1182)
04-29 10:41:43.355  1587  3522 W RingtonePlayer: 	at android.media.MediaPlayer.setDataSource(MediaPlayer.java:1160)
04-29 10:41:43.355  1587  3522 W RingtonePlayer: 	at android.media.MediaPlayer.setDataSource(MediaPlayer.java:1125)
04-29 10:41:43.355  1587  3522 W RingtonePlayer: 	at android.media.MediaPlayer.setDataSource(MediaPlayer.java:1055)
04-29 10:41:43.355  1587  3522 W RingtonePlayer: 	at android.media.MediaPlayer.setDataSource(MediaPlayer.java:1001)
04-29 10:41:43.355  1587  3522 W RingtonePlayer: 	at com.android.systemui.media.NotificationPlayer$CreationAndCompletionThread.run(NotificationPlayer.java:103)
04-29 10:41:43.355  1587  3522 W RingtonePlayer: Caused by: android.system.ErrnoException: open failed: ENOENT (No such file or directory)
04-29 10:41:43.355  1587  3522 W RingtonePlayer: 	at libcore.io.Linux.open(Native Method)
04-29 10:41:43.355  1587  3522 W RingtonePlayer: 	at libcore.io.ForwardingOs.open(ForwardingOs.java:167)
04-29 10:41:43.355  1587  3522 W RingtonePlayer: 	at libcore.io.BlockGuardOs.open(BlockGuardOs.java:252)
04-29 10:41:43.355  1587  3522 W RingtonePlayer: 	at libcore.io.ForwardingOs.open(ForwardingOs.java:167)
04-29 10:41:43.355  1587  3522 W RingtonePlayer: 	at android.app.ActivityThread$AndroidOs.open(ActivityThread.java:7296)
04-29 10:41:43.355  1587  3522 W RingtonePlayer: 	at libcore.io.IoBridge.open(IoBridge.java:482)
04-29 10:41:43.355  1587  3522 W RingtonePlayer: 	... 7 more
04-29 10:41:43.335  1587  1587 I chatty  : uid=10095(com.android.systemui) identical 1 line
04-29 10:41:43.351  1587  1587 I PowerUI.Notification: show battery full warning: level=100 [1] 
04-29 10:41:43.445   998   998 W JobServiceContext: No response from client for onStartJob 3dc6e6a #u0a71/1011 com.jio.media.ondemand/com.jio.media.analytics.AnalyticsService
04-29 10:41:43.447   338   338 I chatty  : uid=1000(system) hwservicemanage expire 2 lines
04-29 10:41:43.512  1587  1587 D StatusBarNotificationPresenter: calling update notifications on Panel
04-29 10:41:43.523  1587  1587 D StatusBarNotificationPresenter: calling update notifications on Panel
04-29 10:41:43.607   494  2085 W SDM     : HWPrimary::PopulateDisplayAttributes: Driver doesn't report panel physical width and height - defaulting to 320dpi
04-29 10:41:43.905   596   639 D ThermalEngine: zone:20 sensor:skin-therm-adc temp:28714 trip:0 event:0
04-29 10:41:43.907   596   639 D ThermalEngine: zone:1 sensor:xo-therm-buf-adc temp:42289 trip:0 event:0
04-29 10:41:43.910   596   639 D ThermalEngine: zone:2 sensor:pa-therm0-adc temp:39010 trip:0 event:0
04-29 10:41:43.916   494  2085 W SDM     : HWPrimary::PopulateDisplayAttributes: Driver doesn't report panel physical width and height - defaulting to 320dpi
04-29 10:41:44.322  3525  3525 I chatty  : uid=2000(shell) app_process expire 16 lines
04-29 10:41:44.644   338   338 I hwservicemanager: getTransport: Cannot find entry vendor.qti.hardware.servicetracker@1.0::IServicetracker/default in either framework or device manifest.
04-29 10:41:44.729   338   338 I hwservicemanager: getTransport: Cannot find entry vendor.qti.hardware.servicetracker@1.0::IServicetracker/default in either framework or device manifest.
04-29 10:41:44.743   338   338 I chatty  : uid=1000(system) hwservicemanage identical 1 line
04-29 10:41:44.747   338   338 I hwservicemanager: getTransport: Cannot find entry vendor.qti.hardware.servicetracker@1.0::IServicetracker/default in either framework or device manifest.
04-29 10:41:45.267   998  1556 I ServiceManagement: getService: Trying again for android.hardware.light@2.0::ILight/default...
04-29 10:41:45.310  3542  3542 I chatty  : uid=1000(system) expire 2 lines
04-29 10:41:45.311  3542  3542 E light   : light_open lights buttons failed: -22
04-29 10:41:45.311  3542  3542 E light   : Light passthrough failed to load legacy HAL.
04-29 10:41:45.313  3542  3542 E light   : light_open lights bluetooth failed: -22
04-29 10:41:45.313  3542  3542 E light   : Light passthrough failed to load legacy HAL.
04-29 10:41:45.313  3542  3542 E light   : light_open lights wifi failed: -22
04-29 10:41:45.313  3542  3542 E light   : Light passthrough failed to load legacy HAL.
04-29 10:41:45.314  3542  3542 I /vendor/bin/hw/android.hardware.light@2.0-service-lazy: Registering HAL: android.hardware.light@2.0::ILight with name: default
04-29 10:41:45.317  3542  3542 I ServiceManagement: Registered android.hardware.light@2.0::ILight/default (start delay of 61ms)
04-29 10:41:45.317  3542  3542 I ServiceManagement: Removing namespace from process name android.hardware.light@2.0-service-lazy to light@2.0-service-lazy.
04-29 10:41:45.319  3542  3542 I         : Registration complete for android.hardware.light@2.0::ILight/default.
04-29 10:41:45.320   998  1556 D LightsService: Excessive delay setting light
04-29 10:41:45.429  3539  3539 I chatty  : uid=2000(shell) app_process expire 11 lines
04-29 10:41:45.673  3539  3539 D ICU     : Time zone APEX file found: /apex/com.android.tzdata/etc/icu/icu_tzdata.dat
04-29 10:41:45.700  3539  3539 I app_process: The ClassLoaderContext is a special shared library.
04-29 10:41:45.747  3539  3539 W app_process: JNI RegisterNativeMethods: attempt to register 0 native methods for android.media.AudioAttributes
04-29 10:41:45.768  3539  3539 D AndroidRuntime: Calling main entry com.android.commands.media.Media
04-29 10:41:45.825  3539  3539 W main    : type=1400 audit(0.0:1785): avc: denied { execute } for name="idmap2" dev="dm-0" ino=600 scontext=u:r:shell:s0 tcontext=u:object_r:idmap_exec:s0 tclass=file permissive=0
04-29 10:41:45.827  3539  3539 W asset   : unable to execute idmap2: Permission denied
04-29 10:41:45.827  3539  3539 W AssetManager: 'idmap2 --scan' failed: no static="true" overlays targeting "android" will be loaded
04-29 10:41:45.859  3539  3539 D AndroidRuntime: Shutting down VM
04-29 10:41:45.875   338   338 I hwservicemanager: Notifying android.hardware.light@2.0::ILight/default they have clients: 1
04-29 10:41:45.875  3542  3542 I /vendor/bin/hw/android.hardware.light@2.0-service-lazy: Process has 1 (of 1 available) client(s) in use after notification android.hardware.light@2.0::ILight has clients: 1
04-29 10:41:46.747  3563  3563 D AndroidRuntime: >>>>>> START com.android.internal.os.RuntimeInit uid 2000 <<<<<<
04-29 10:41:46.757  3563  3563 E libc    : Access denied finding property "persist.device_config.runtime_native_boot.enable_apex_image"
04-29 10:41:46.757  3563  3563 I AndroidRuntime: Using default boot image
04-29 10:41:46.755  3563  3563 W app_process: type=1400 audit(0.0:1786): avc: denied { read } for name="u:object_r:device_config_runtime_native_boot_prop:s0" dev="tmpfs" ino=13473 scontext=u:r:shell:s0 tcontext=u:object_r:device_config_runtime_native_boot_prop:s0 tclass=file permissive=0
04-29 10:41:46.758  3563  3563 E libc    : Access denied finding property "persist.device_config.runtime_native_boot.disable_lock_profiling"
04-29 10:41:46.758  3563  3563 I AndroidRuntime: Leaving lock profiling enabled
04-29 10:41:46.755  3563  3563 W app_process: type=1400 audit(0.0:1787): avc: denied { read } for name="u:object_r:device_config_runtime_native_boot_prop:s0" dev="tmpfs" ino=13473 scontext=u:r:shell:s0 tcontext=u:object_r:device_config_runtime_native_boot_prop:s0 tclass=file permissive=0
04-29 10:41:46.755  3563  3563 W app_process: type=1400 audit(0.0:1788): avc: denied { read } for name="u:object_r:device_config_runtime_native_boot_prop:s0" dev="tmpfs" ino=13473 scontext=u:r:shell:s0 tcontext=u:object_r:device_config_runtime_native_boot_prop:s0 tclass=file permissive=0
04-29 10:41:46.758  3563  3563 E libc    : Access denied finding property "persist.device_config.runtime_native_boot.enable_generational_cc"
04-29 10:41:46.769  3563  3563 W app_process: Could not reserve sentinel fault page
04-29 10:41:46.770  3563  3563 I app_process: Core platform API reporting enabled, enforcing=false
04-29 10:41:46.981  3563  3563 D ICU     : Time zone APEX file found: /apex/com.android.tzdata/etc/icu/icu_tzdata.dat
04-29 10:41:47.000  1955  2002 I QcrilOemhookMsgTunnel: [0]processOemHookIndication length=28
04-29 10:41:47.000  1955  1955 D QcrilMsgTunnelIfaceManager: handleMessage what = 0
04-29 10:41:47.008  3563  3563 I app_process: The ClassLoaderContext is a special shared library.
04-29 10:41:47.058  3563  3563 W app_process: JNI RegisterNativeMethods: attempt to register 0 native methods for android.media.AudioAttributes
04-29 10:41:47.081  3563  3563 D AndroidRuntime: Calling main entry com.android.commands.input.Input
04-29 10:41:47.093  1676  2943 D QCNEJ/WwanInfoRelay: onServiceStateChanged: dataState: 0 DDS:1 Notify service state update
04-29 10:41:47.094  3563  3563 D AndroidRuntime: Shutting down VM
04-29 10:41:47.102  1763  1763 D ServiceStateProvider: subId=1
04-29 10:41:47.134   413   413 D Zygote  : Forked child process 3581
04-29 10:41:47.138   998  1260 I ActivityManager: Start proc 3581:com.android.cellbroadcastreceiver/u0a52 for broadcast {com.android.cellbroadcastreceiver/com.android.cellbroadcastreceiver.CellBroadcastReceiver}
04-29 10:41:47.147   406   406 I CarrierServices: [2] dmn.onReceive: Received SERVICE_STATE intent, clearing cached cell info
04-29 10:41:47.148   494  2085 I chatty  : uid=1000(system) HwBinder:494_3 expire 3 lines
04-29 10:41:47.201   998  1434 D CompatibilityInfo: mCompatibilityFlags - 0
04-29 10:41:47.201   998  1434 D CompatibilityInfo: applicationDensity - 216
04-29 10:41:47.201   998  1434 D CompatibilityInfo: applicationScale - 1.0
04-29 10:41:47.212   998  1434 D CompatibilityInfo: mCompatibilityFlags - 0
04-29 10:41:47.213   998  1434 D CompatibilityInfo: applicationDensity - 216
04-29 10:41:47.213   998  1434 D CompatibilityInfo: applicationScale - 1.0
04-29 10:41:47.216   488  3733 D audio_hw_primary: start_output_stream: enter: stream(0xabc4b000)usecase(1: low-latency-playback) devices(0x2)
04-29 10:41:47.217   488  3733 D audio_hw_primary: select_devices for use case (low-latency-playback)
04-29 10:41:47.217   488  3733 D audio_hw_primary: select_devices: out_snd_device(2: speaker) in_snd_device(0: )
04-29 10:41:47.217   488  3733 I msm8916_platform: platform_check_and_set_codec_backend_cfg:becf: afe: bitwidth 16, samplerate 48000 channels 2, backend_idx 0 usecase = 1 device (speaker)
04-29 10:41:47.217   488  3733 D msm8916_platform: platform_split_snd_device: snd_device(2) num devices(1) new_snd_devices(0)
04-29 10:41:47.217   488  3733 I msm8916_platform: platform_check_and_set_codec_backend_cfg: becf: new_snd_devices[0] is speaker
04-29 10:41:47.217   488  3733 I msm8916_platform: platform_check_codec_backend_cfg:becf: afe: Codec selected backend: 0 current bit width: 16 sample rate: 48000 channels: 2 usecase 1 device (speaker)
04-29 10:41:47.217   488  3733 D msm8916_platform: platform_check_codec_backend_cfg:becf: afe: playback on codec device not supporting native playback set default Sample Rate(48k)
04-29 10:41:47.217   488  3733 D msm8916_platform: platform_check_codec_backend_cfg:becf: afe: only 48KHZ sample rate is supported Configure afe to default Sample Rate(48k)
04-29 10:41:47.217   488  3733 I msm8916_platform: platform_check_codec_backend_cfg:becf: afe: Codec selected backend: 0 updated bit width: 16 sample rate: 48000 channels: 2
04-29 10:41:47.217   488  3733 D audio_hw_primary: check_usecases_codec_backend:becf: force routing 0
04-29 10:41:47.217   488  3733 E msm8916_platform: platform_check_backends_match: Invalid snd_device = 
04-29 10:41:47.217   488  3733 D audio_hw_primary: check_usecases_codec_backend:becf: (63) check_usecases curr device: speaker, usecase device: backends match 0
04-29 10:41:47.217   488  3733 D audio_hw_primary: check_usecases_codec_backend:becf: check_usecases num.of Usecases to switch 0
04-29 10:41:47.217   488  3733 D hardware_info: hw_info_append_hw_type : device_name = speaker
04-29 10:41:47.217   488  3733 D msm8916_platform: platform_split_snd_device: snd_device(2) num devices(0) new_snd_devices(0)
04-29 10:41:47.217   488  3733 D audio_hw_primary: enable_snd_device: snd_device(2: speaker)
04-29 10:41:47.217   488  3733 D audio_route: Apply path: speaker
04-29 10:41:47.231   488  3733 D audio_hw_utils: audio_extn_utils_send_app_type_cfg: usecase->out_snd_device speaker
04-29 10:41:47.231   488  3733 D msm8916_platform: platform_split_snd_device: snd_device(2) num devices(0) new_snd_devices(0)
04-29 10:41:47.232   488  3733 D audio_hw_utils: audio_extn_btsco_get_sample_rate:Not a BT SCO device, need not update sampling rate
04-29 10:41:47.232   488  3733 I audio_hw_utils: send_app_type_cfg_for_device PLAYBACK app_type 69937, acdb_dev_id 14, sample_rate 48000, snd_device_be_idx 43
04-29 10:41:47.233   488  3733 D msm8916_platform: platform_split_snd_device: snd_device(2) num devices(1) new_snd_devices(0)
04-29 10:41:47.233   488  3733 D audio_hw_utils: audio_extn_btsco_get_sample_rate:Not a BT SCO device, need not update sampling rate
04-29 10:41:47.233   488  3733 D ACDB-LOADER: ACDB -> send_audio_cal, acdb_id = 14, path = 0, app id = 0x11131, sample rate = 48000, afe_sample_rate = 48000
04-29 10:41:47.233   488  3733 D ACDB-LOADER: ACDB -> send_asm_topology
04-29 10:41:47.233   488  3733 D ACDB-LOADER: ACDB -> ACDB_CMD_GET_AUDPROC_STREAM_TOPOLOGY_ID
04-29 10:41:47.233   488  3733 D ACDB-LOADER: ACDB -> send_adm_topology
04-29 10:41:47.233   488  3733 D ACDB-LOADER: ACDB -> ACDB_CMD_GET_AUDPROC_COMMON_TOPOLOGY_ID
04-29 10:41:47.233   488  3733 D ACDB-LOADER: ACDB -> send_audtable
04-29 10:41:47.233   488  3733 D ACDB-LOADER: ACDB -> ACDB_CMD_GET_AUDPROC_COMMON_TABLE_SIZE
04-29 10:41:47.233   488  3733 D ACDB-LOADER: ACDB -> ACDB_CMD_GET_AUDPROC_COMMON_TABLE
04-29 10:41:47.233   488  3733 D ACDB-LOADER: ACDB -> AUDIO_SET_AUDPROC_CAL cal_type[11] acdb_id[14] app_type[69937]
04-29 10:41:47.233   488  3733 D ACDB-LOADER: ACDB -> send_audvoltable
04-29 10:41:47.233   488  3733 D ACDB-LOADER: ACDB -> ACDB_CMD_GET_AUDPROC_GAIN_DEP_STEP_TABLE_SIZE
04-29 10:41:47.233   488  3733 D ACDB-LOADER: ACDB -> ACDB_CMD_GET_AUDPROC_GAIN_DEP_STEP_TABLE, vol index 0
04-29 10:41:47.233   488  3733 D ACDB-LOADER: ACDB -> AUDIO_SET_VOL_CAL cal type = 12
04-29 10:41:47.233   488  3733 D ACDB-LOADER: ACDB -> ACDB_CMD_GET_AUDPROC_STREAM_TABLE_SIZE
04-29 10:41:47.233   488  3733 D ACDB-LOADER: ACDB -> send_audstrmtable
04-29 10:41:47.233   488  3733 D ACDB-LOADER: ACDB -> ACDB_CMD_GET_AUDPROC_STREAM_TABLE_V2
04-29 10:41:47.233   488  3733 D ACDB-LOADER: ACDB -> audstrm_cal->cal_type.cal_data.cal_size = 16
04-29 10:41:47.233   488  3733 D ACDB-LOADER: ACDB -> send_afe_topology
04-29 10:41:47.233   488  3733 D ACDB-LOADER: ACDB -> ACDB_CMD_GET_AFE_TOPOLOGY_ID
04-29 10:41:47.233   488  3733 D ACDB-LOADER: ACDB -> GET_AFE_TOPOLOGY_ID for adcd_id 14, Topology Id 1000fc01
04-29 10:41:47.233   488  3733 D ACDB-LOADER: ACDB -> send_afe_cal
04-29 10:41:47.233   488  3733 D ACDB-LOADER: ACDB -> ACDB_CMD_GET_AFE_COMMON_TABLE_SIZE
04-29 10:41:47.233   488  3733 D ACDB-LOADER: ACDB -> ACDB_CMD_GET_AFE_COMMON_TABLE
04-29 10:41:47.233   488  3733 D ACDB-LOADER: ACDB -> AUDIO_SET_AFE_CAL cal_type[16] acdb_id[14]
04-29 10:41:47.233   488  3733 D ACDB-LOADER: ACDB -> send_hw_delay : acdb_id = 14 path = 0
04-29 10:41:47.233   488  3733 D ACDB-LOADER: ACDB -> ACDB_AVSYNC_INFO: ACDB_CMD_GET_DEVICE_PROPERTY
04-29 10:41:47.233   488  3733 D msm8916_platform: platform_split_snd_device: snd_device(2) num devices(0) new_snd_devices(0)
04-29 10:41:47.233   488  3733 I msm8916_platform: platform_get_custom_mtmx_params: no matching param with id 0 ip_ch 2 op_ch 1 uc_id 1 snd_dev 2
04-29 10:41:47.233   488  3733 D audio_hw_primary: enable_audio_route: apply mixer and update path: low-latency-playback
04-29 10:41:47.234   488  3733 D audio_route: Apply path: low-latency-playback
04-29 10:41:47.239   488  3733 D audio_hw_primary: select_devices: done
04-29 10:41:47.241   488  3733 D msm8916_platform: platform_set_channel_map mixer_ctl_name:Playback Channel Map12
04-29 10:41:47.242   488  3733 D msm8916_platform: platform_set_channel_map: set mapping(1 2 0 0 0 0 0 0) for channel:2
04-29 10:41:47.292   488  3733 D audio_hw_primary: start_output_stream: exit
04-29 10:41:47.292   488  3733 D msm8916_platform: platform_split_snd_device: snd_device(2) num devices(0) new_snd_devices(0)
04-29 10:41:47.292   488  3733 I msm8916_platform: platform_get_custom_mtmx_params: no matching param with id 0 ip_ch 2 op_ch 1 uc_id 1 snd_dev 2
04-29 10:41:47.300  3581  3581 I Perf    : Connecting to perf service.
04-29 10:41:47.341   338   338 I hwservicemanager: getTransport: Cannot find entry vendor.qti.hardware.iop@2.0::IIop/default in either framework or device manifest.
04-29 10:41:47.341   679   679 E ANDR-IOP: IIop:: Iop HAL Service is not available.
04-29 10:41:47.343  3581  3581 D CellBroadcastReceiver: onReceive Intent { act=android.intent.action.SERVICE_STATE flg=0x1000010 cmp=com.android.cellbroadcastreceiver/.CellBroadcastReceiver (has extras) }
04-29 10:41:47.447  1587  1587 I PowerUI.Notification: show battery full warning: level=100 [1] 
04-29 10:41:47.444   488   549 I chatty  : uid=1041(audioserver) HwBinder:488_2 identical 5 lines
04-29 10:41:47.490  1587  1587 D StatusBarNotificationPresenter: calling update notifications on Panel
04-29 10:41:47.509  1587  1587 D StatusBarNotificationPresenter: calling update notifications on Panel
04-29 10:41:47.691   494  2085 W SDM     : HWPrimary::PopulateDisplayAttributes: Driver doesn't report panel physical width and height - defaulting to 320dpi
04-29 10:41:47.927   494  2085 W SDM     : HWPrimary::PopulateDisplayAttributes: Driver doesn't report panel physical width and height - defaulting to 320dpi
04-29 10:41:48.043  3602  3602 D AndroidRuntime: >>>>>> START com.android.internal.os.RuntimeInit uid 2000 <<<<<<
04-29 10:41:48.049  3602  3602 W app_process: type=1400 audit(0.0:1789): avc: denied { read } for name="u:object_r:device_config_runtime_native_boot_prop:s0" dev="tmpfs" ino=13473 scontext=u:r:shell:s0 tcontext=u:object_r:device_config_runtime_native_boot_prop:s0 tclass=file permissive=0
04-29 10:41:48.053  3602  3602 E libc    : Access denied finding property "persist.device_config.runtime_native_boot.enable_apex_image"
04-29 10:41:48.053  3602  3602 I AndroidRuntime: Using default boot image
04-29 10:41:48.053  3602  3602 E libc    : Access denied finding property "persist.device_config.runtime_native_boot.disable_lock_profiling"
04-29 10:41:48.053  3602  3602 I AndroidRuntime: Leaving lock profiling enabled
04-29 10:41:48.054  3602  3602 E libc    : Access denied finding property "persist.device_config.runtime_native_boot.enable_generational_cc"
04-29 10:41:48.052  3602  3602 W app_process: type=1400 audit(0.0:1790): avc: denied { read } for name="u:object_r:device_config_runtime_native_boot_prop:s0" dev="tmpfs" ino=13473 scontext=u:r:shell:s0 tcontext=u:object_r:device_config_runtime_native_boot_prop:s0 tclass=file permissive=0
04-29 10:41:48.052  3602  3602 W app_process: type=1400 audit(0.0:1791): avc: denied { read } for name="u:object_r:device_config_runtime_native_boot_prop:s0" dev="tmpfs" ino=13473 scontext=u:r:shell:s0 tcontext=u:object_r:device_config_runtime_native_boot_prop:s0 tclass=file permissive=0
04-29 10:41:48.066  3602  3602 W app_process: Could not reserve sentinel fault page
04-29 10:41:48.066  3602  3602 I app_process: Core platform API reporting enabled, enforcing=false
04-29 10:41:48.144   494  2085 W SDM     : HWPrimary::PopulateDisplayAttributes: Driver doesn't report panel physical width and height - defaulting to 320dpi
04-29 10:41:48.290  3602  3602 D ICU     : Time zone APEX file found: /apex/com.android.tzdata/etc/icu/icu_tzdata.dat
04-29 10:41:48.318  3602  3602 I app_process: The ClassLoaderContext is a special shared library.
04-29 10:41:48.367  3602  3602 W app_process: JNI RegisterNativeMethods: attempt to register 0 native methods for android.media.AudioAttributes
04-29 10:41:48.389  3602  3602 D AndroidRuntime: Calling main entry com.android.commands.media.Media
04-29 10:41:48.449  3602  3602 W main    : type=1400 audit(0.0:1792): avc: denied { execute } for name="idmap2" dev="dm-0" ino=600 scontext=u:r:shell:s0 tcontext=u:object_r:idmap_exec:s0 tclass=file permissive=0
04-29 10:41:48.449  3602  3602 W asset   : unable to execute idmap2: Permission denied
04-29 10:41:48.449  3602  3602 W AssetManager: 'idmap2 --scan' failed: no static="true" overlays targeting "android" will be loaded
04-29 10:41:48.499  1587  1867 I vol.Events: writeEvent level_changed STREAM_MUSIC 0
04-29 10:41:48.499  1587  1867 I vol.Events: writeEvent mute_changed STREAM_MUSIC true
04-29 10:41:48.520  3602  3602 D AndroidRuntime: Shutting down VM
04-29 10:41:48.723   338   338 I hwservicemanager: getTransport: Cannot find entry vendor.qti.hardware.servicetracker@1.0::IServicetracker/default in either framework or device manifest.
04-29 10:41:48.729   494  2085 W SDM     : HWPrimary::PopulateDisplayAttributes: Driver doesn't report panel physical width and height - defaulting to 320dpi
04-29 10:41:48.861   494  2085 I chatty  : uid=1000(system) HwBinder:494_3 identical 1 line
04-29 10:41:48.929   494  2085 W SDM     : HWPrimary::PopulateDisplayAttributes: Driver doesn't report panel physical width and height - defaulting to 320dpi
04-29 10:41:49.024   596   639 D ThermalEngine: zone:2 sensor:pa-therm0-adc temp:39120 trip:0 event:0
04-29 10:41:49.026   596   639 D ThermalEngine: zone:1 sensor:xo-therm-buf-adc temp:42168 trip:0 event:0
04-29 10:41:49.028   596   639 D ThermalEngine: zone:20 sensor:skin-therm-adc temp:28666 trip:0 event:0
04-29 10:41:49.078   494  2085 W SDM     : HWPrimary::PopulateDisplayAttributes: Driver doesn't report panel physical width and height - defaulting to 320dpi
04-29 10:41:49.105   494  2085 I chatty  : uid=1000(system) HwBinder:494_3 identical 1 line
04-29 10:41:49.211   494  2085 W SDM     : HWPrimary::PopulateDisplayAttributes: Driver doesn't report panel physical width and height - defaulting to 320dpi
04-29 10:41:49.384  3618  3618 D AndroidRuntime: >>>>>> START com.android.internal.os.RuntimeInit uid 2000 <<<<<<
04-29 10:41:49.392  3618  3618 W app_process: type=1400 audit(0.0:1793): avc: denied { read } for name="u:object_r:device_config_runtime_native_boot_prop:s0" dev="tmpfs" ino=13473 scontext=u:r:shell:s0 tcontext=u:object_r:device_config_runtime_native_boot_prop:s0 tclass=file permissive=0
04-29 10:41:49.392  3618  3618 W app_process: type=1400 audit(0.0:1794): avc: denied { read } for name="u:object_r:device_config_runtime_native_boot_prop:s0" dev="tmpfs" ino=13473 scontext=u:r:shell:s0 tcontext=u:object_r:device_config_runtime_native_boot_prop:s0 tclass=file permissive=0
04-29 10:41:49.393  3618  3618 E libc    : Access denied finding property "persist.device_config.runtime_native_boot.enable_apex_image"
04-29 10:41:49.394  3618  3618 I AndroidRuntime: Using default boot image
04-29 10:41:49.394  3618  3618 E libc    : Access denied finding property "persist.device_config.runtime_native_boot.disable_lock_profiling"
04-29 10:41:49.394  3618  3618 I AndroidRuntime: Leaving lock profiling enabled
04-29 10:41:49.392  3618  3618 W app_process: type=1400 audit(0.0:1795): avc: denied { read } for name="u:object_r:device_config_runtime_native_boot_prop:s0" dev="tmpfs" ino=13473 scontext=u:r:shell:s0 tcontext=u:object_r:device_config_runtime_native_boot_prop:s0 tclass=file permissive=0
04-29 10:41:49.395  3618  3618 E libc    : Access denied finding property "persist.device_config.runtime_native_boot.enable_generational_cc"
04-29 10:41:49.406  3618  3618 W app_process: Could not reserve sentinel fault page
04-29 10:41:49.406  3618  3618 I app_process: Core platform API reporting enabled, enforcing=false
04-29 10:41:49.626  3618  3618 D ICU     : Time zone APEX file found: /apex/com.android.tzdata/etc/icu/icu_tzdata.dat
04-29 10:41:49.653  3618  3618 I app_process: The ClassLoaderContext is a special shared library.
04-29 10:41:49.709  3618  3618 W app_process: JNI RegisterNativeMethods: attempt to register 0 native methods for android.media.AudioAttributes
04-29 10:41:49.730  3618  3618 D AndroidRuntime: Calling main entry com.android.commands.input.Input
04-29 10:41:49.736  3618  3618 D AndroidRuntime: Shutting down VM
04-29 10:41:50.387   488   549 D audio_hw_primary: out_standby: enter: stream (0xabc4b000) usecase(1: low-latency-playback)
04-29 10:41:50.495   488   549 D audio_hw_primary: disable_audio_route: reset and update mixer path: low-latency-playback
04-29 10:41:50.495   488   549 D msm8916_platform: platform_split_snd_device: snd_device(2) num devices(0) new_snd_devices(0)
04-29 10:41:50.496   488   549 I msm8916_platform: platform_get_custom_mtmx_params: no matching param with id 0 ip_ch 2 op_ch 1 uc_id 1 snd_dev 2
04-29 10:41:50.496   488   549 D hardware_info: hw_info_append_hw_type : device_name = speaker
04-29 10:41:50.496   488   549 D audio_hw_primary: disable_snd_device: snd_device(2: speaker)
04-29 10:41:50.496   488   549 D msm8916_platform: platform_split_snd_device: snd_device(2) num devices(0) new_snd_devices(0)
04-29 10:41:50.500   488   549 D audio_hw_primary: out_standby: exit
04-29 10:41:50.590  3632  3632 D AndroidRuntime: >>>>>> START com.android.internal.os.RuntimeInit uid 2000 <<<<<<
04-29 10:41:50.595  3632  3632 W app_process: type=1400 audit(0.0:1796): avc: denied { read } for name="u:object_r:device_config_runtime_native_boot_prop:s0" dev="tmpfs" ino=13473 scontext=u:r:shell:s0 tcontext=u:object_r:device_config_runtime_native_boot_prop:s0 tclass=file permissive=0
04-29 10:41:50.599  3632  3632 E libc    : Access denied finding property "persist.device_config.runtime_native_boot.enable_apex_image"
04-29 10:41:50.599  3632  3632 W app_process: type=1400 audit(0.0:1797): avc: denied { read } for name="u:object_r:device_config_runtime_native_boot_prop:s0" dev="tmpfs" ino=13473 scontext=u:r:shell:s0 tcontext=u:object_r:device_config_runtime_native_boot_prop:s0 tclass=file permissive=0
04-29 10:41:50.599  3632  3632 W app_process: type=1400 audit(0.0:1798): avc: denied { read } for name="u:object_r:device_config_runtime_native_boot_prop:s0" dev="tmpfs" ino=13473 scontext=u:r:shell:s0 tcontext=u:object_r:device_config_runtime_native_boot_prop:s0 tclass=file permissive=0
04-29 10:41:50.599  3632  3632 I AndroidRuntime: Using default boot image
04-29 10:41:50.599  3632  3632 E libc    : Access denied finding property "persist.device_config.runtime_native_boot.disable_lock_profiling"
04-29 10:41:50.599  3632  3632 I AndroidRuntime: Leaving lock profiling enabled
04-29 10:41:50.600  3632  3632 E libc    : Access denied finding property "persist.device_config.runtime_native_boot.enable_generational_cc"
04-29 10:41:50.611  3632  3632 W app_process: Could not reserve sentinel fault page
04-29 10:41:50.612  3632  3632 I app_process: Core platform API reporting enabled, enforcing=false
04-29 10:41:50.616   494  2085 W SDM     : HWPrimary::PopulateDisplayAttributes: Driver doesn't report panel physical width and height - defaulting to 320dpi
04-29 10:41:50.838  3632  3632 D ICU     : Time zone APEX file found: /apex/com.android.tzdata/etc/icu/icu_tzdata.dat
04-29 10:41:50.865  3632  3632 I app_process: The ClassLoaderContext is a special shared library.
04-29 10:41:50.875   338   338 I hwservicemanager: Notifying android.hardware.light@2.0::ILight/default they have clients: 0
04-29 10:41:50.876  3542  3542 I /vendor/bin/hw/android.hardware.light@2.0-service-lazy: Process has 0 (of 1 available) client(s) in use after notification android.hardware.light@2.0::ILight has clients: 0
04-29 10:41:50.876  3542  3542 I /vendor/bin/hw/android.hardware.light@2.0-service-lazy: Trying to exit HAL. No clients in use for any service in process.
04-29 10:41:50.877   338   338 I hwservicemanager: Notifying android.hardware.light@2.0::ILight/default they have clients: 1
04-29 10:41:50.878  3542  3542 I /vendor/bin/hw/android.hardware.light@2.0-service-lazy: Unregistered all clients and exiting
04-29 10:41:50.913  3632  3632 W app_process: JNI RegisterNativeMethods: attempt to register 0 native methods for android.media.AudioAttributes
04-29 10:41:50.934  3632  3632 D AndroidRuntime: Calling main entry com.android.commands.media.Media
04-29 10:41:50.992  3632  3632 W main    : type=1400 audit(0.0:1799): avc: denied { execute } for name="idmap2" dev="dm-0" ino=600 scontext=u:r:shell:s0 tcontext=u:object_r:idmap_exec:s0 tclass=file permissive=0
04-29 10:41:50.993  3632  3632 W asset   : unable to execute idmap2: Permission denied
04-29 10:41:50.993  3632  3632 W AssetManager: 'idmap2 --scan' failed: no static="true" overlays targeting "android" will be loaded
04-29 10:41:51.014  3632  3632 D AndroidRuntime: Shutting down VM
04-29 10:41:51.033   494   532 W SDM     : HWPrimary::PopulateDisplayAttributes: Driver doesn't report panel physical width and height - defaulting to 320dpi
04-29 10:41:51.804   494   532 W SDM     : HWPrimary::PopulateDisplayAttributes: Driver doesn't report panel physical width and height - defaulting to 320dpi
04-29 10:41:52.283  3581  3604 I oadcastreceive: Waiting for a blocking GC ProfileSaver
04-29 10:41:52.295  3581  3604 I oadcastreceive: WaitForGcToComplete blocked ProfileSaver on ClassLinker for 11.946ms
04-29 10:41:52.528   998  1556 I ServiceManagement: getService: Trying again for android.hardware.light@2.0::ILight/default...
04-29 10:41:52.558   494   532 W SDM     : HWPrimary::PopulateDisplayAttributes: Driver doesn't report panel physical width and height - defaulting to 320dpi
04-29 10:41:52.617  3653  3653 E light   : light_open lights keyboard failed: -22
04-29 10:41:52.617  3653  3653 E light   : Light passthrough failed to load legacy HAL.
04-29 10:41:52.618  3653  3653 E light   : light_open lights buttons failed: -22
04-29 10:41:52.618  3653  3653 E light   : Light passthrough failed to load legacy HAL.
04-29 10:41:52.619  3653  3653 E light   : light_open lights bluetooth failed: -22
