04-30 20:00:41.768  3293  3293 W ContextImpl: Calling a method in the system process without a qualified user: android.app.ContextImpl.startService:1570 android.content.ContextWrapper.startService:669 com.redbend.app.SmmService.sendIntentEvent:373 com.redbend.client.ClientService.sendEvent:586 com.redbend.client.ClientService$DilPhoneStateListener.sendVoiceCallUpdate:1737 
04-30 20:00:41.777  1063  1328 I chatty  : uid=1000(system) ActivityManager expire 6 lines
04-30 20:00:41.837  1063  1329 I chatty  : uid=1000(system) ActivityManager expire 2 lines
04-30 20:00:41.846  1063  2859 I chatty  : uid=1000(system) uteStateMachine expire 3 lines
04-30 20:00:41.878  1063  2860 I chatty  : uid=1000(system) CallAudioModeSt expire 3 lines
04-30 20:00:41.911  1063  1063 I chatty  : uid=1000 system_server expire 12 lines
04-30 20:00:41.934  1063  2859 I chatty  : uid=1000(system) uteStateMachine expire 11 lines
04-30 20:00:41.954  1063  2852 I chatty  : uid=1000(system) BluetoothRouteM expire 1 line
04-30 20:00:41.962  1063   811 I chatty  : uid=1000 system_server expire 1 line
04-30 20:00:43.304  1063  2860 I chatty  : uid=1000(system) CallAudioModeSt expire 2 lines
04-30 20:00:43.798  1063  3460 I chatty  : uid=1000(system) Binder:1063_10 expire 3 lines
04-30 20:00:43.901   799   933 E ActivityThread: Failed to find provider info for com.google.android.apps.messaging.shared.datamodel.provider.sharedstorage.SharedStorageProvider
04-30 20:00:44.723  1063  1328 I chatty  : uid=1000(system) ActivityManager expire 14 lines
04-30 20:00:44.733  1063  1329 I chatty  : uid=1000(system) ActivityManager expire 3 lines
04-30 20:00:44.796  1063  2896 I chatty  : uid=1000(system) Binder:1063_A expire 2 lines
04-30 20:00:44.796  1063  2395 I chatty  : uid=1000(system) ConnectivitySer expire 2 lines
04-30 20:00:44.831  1063  3930 I chatty  : uid=1000(system) Binder:1063_16 expire 1 line
04-30 20:00:44.907  1063  3774 I chatty  : uid=1000(system) Binder:1063_20 expire 1 line
04-30 20:00:45.562  1063  1320 I chatty  : uid=1000(system) android.display expire 1 line
04-30 20:00:45.730  1063  1318 I chatty  : uid=1000(system) android.ui expire 1 line
04-30 20:00:49.463  1063  2132 I chatty  : uid=1000(system) Binder:1063_1B expire 7 lines
04-30 20:00:49.721  1063  1329 I chatty  : uid=1000(system) ActivityManager expire 11 lines
04-30 20:00:49.941  1063  3508 I chatty  : uid=1000(system) Binder:1063_14 expire 2 lines
04-30 20:00:50.076  1063  1320 I chatty  : uid=1000(system) android.display expire 3 lines
04-30 20:01:14.513  1063  1528 I chatty  : uid=1000(system) Binder:1063_4 expire 1 line
04-30 20:01:25.846  1063  1223 I chatty  : uid=1000(system) Binder:1063_2 expire 3 lines
04-30 20:01:50.299  1063  2778 I chatty  : uid=1000(system) Binder:1063_8 expire 3 lines
04-30 20:01:56.102  1063  1546 I chatty  : uid=1000(system) AlarmManager expire 1 line
04-30 20:01:57.925  1063  1047 I chatty  : uid=1000(system) Binder:1063_17 expire 1 line
04-30 20:01:57.926  1063  2395 I chatty  : uid=1000(system) ConnectivitySer expire 2 lines
04-30 20:01:58.118  1063  1328 I chatty  : uid=1000(system) ActivityManager expire 4 lines
04-30 20:02:07.151  1063  1918 I chatty  : uid=1000(system) Binder:1063_1A expire 2 lines
04-30 20:02:18.150  1063  1317 I chatty  : uid=1000(system) android.fg expire 2 lines
04-30 20:02:18.152  1063  1318 I chatty  : uid=1000(system) android.ui expire 2 lines
04-30 20:02:18.306  2669  2669 E ActivityThread: Failed to find provider info for com.jio.os.content.ContentFeedProvider
04-30 20:02:18.316  2669  2669 E ActivityThread: Failed to find provider info for com.jio.os.content.ContentFeedProvider
04-30 20:02:18.638  1063  1063 I chatty  : uid=1000 system_server expire 1 line
04-30 20:02:19.983  1063  1329 I chatty  : uid=1000(system) ActivityManager expire 4 lines
04-30 20:02:20.005  1063  1343 I chatty  : uid=1000(system) CpuTracker expire 2 lines
04-30 20:02:20.747  1930  1930 W ContextImpl: Calling a method in the system process without a qualified user: android.app.ContextImpl.startService:1570 android.content.ContextWrapper.startService:669 com.caf.fmradio.FMRadio.bindToService:2923 com.caf.fmradio.FMRadio.onStart:473 android.app.Instrumentation.callActivityOnStart:1433 
04-30 20:02:20.753  1930  1930 W ContextImpl: Calling a method in the system process without a qualified user: android.app.ContextImpl.bindService:1649 android.content.ContextWrapper.bindService:705 com.caf.fmradio.FMRadio.bindToService:2926 com.caf.fmradio.FMRadio.onStart:473 android.app.Instrumentation.callActivityOnStart:1433 
04-30 20:02:20.799  1063  1319 I chatty  : uid=1000(system) android.io expire 2 lines
04-30 20:03:11.260  1063  1344 I chatty  : uid=1000(system) PowerManagerSer expire 1 line
04-30 20:03:14.852  1063  2295 I chatty  : uid=1000(system) Binder:1063_1C expire 1 line
04-30 20:03:17.244  1063  2778 I chatty  : uid=1000(system) Binder:1063_8 expire 2 lines
04-30 20:03:17.261  1063  2162 I chatty  : uid=1000 system_server expire 1 line
04-30 20:03:17.302  1063  1329 I chatty  : uid=1000(system) ActivityManager expire 11 lines
04-30 20:03:17.455  2075  2075 I ActivityThread: Removing dead content provider:android.content.ContentProviderProxy@79ddc06
04-30 20:03:18.016  1063  1640 I chatty  : uid=1000(system) Binder:1063_1E expire 2 lines
04-30 20:03:18.811  1063  1344 I chatty  : uid=1000(system) PowerManagerSer expire 11 lines
04-30 20:03:18.812  1063  1063 I chatty  : uid=1000 system_server expire 3 lines
04-30 20:03:18.876  1063  1333 I chatty  : uid=1000(system) batterystats-wo expire 2 lines
04-30 20:03:18.921  1063  1320 I chatty  : uid=1000(system) android.display expire 2 lines
04-30 20:03:19.266  1063  1328 I chatty  : uid=1000(system) ActivityManager expire 7 lines
04-30 20:03:20.205  1063  1317 I chatty  : uid=1000(system) android.fg expire 5 lines
04-30 20:03:24.594  1063  2572 I chatty  : uid=1000(system) Binder:1063_5 expire 2 lines
04-30 20:03:25.188  1063  2132 I chatty  : uid=1000(system) Binder:1063_1B expire 1 line
04-30 20:03:26.452  1063  1259 I chatty  : uid=1000(system) Binder:1063_18 expire 1 line
04-30 20:03:28.374  1063  3508 I chatty  : uid=1000(system) Binder:1063_14 expire 1 line
04-30 20:03:41.025  1063  3450 I chatty  : uid=1000(system) Binder:1063_F expire 2 lines
04-30 20:04:23.334  2463  2463 I PowerUI.Notification: show battery full warning: level=100 [1] 
04-30 20:04:23.371  2463  2463 I chatty  : uid=10095(com.android.systemui) identical 3 lines
04-30 20:04:23.384  2463  2463 I PowerUI.Notification: show battery full warning: level=100 [1] 
04-30 20:04:24.144  1063  1329 I chatty  : uid=1000(system) ActivityManager expire 6 lines
04-30 20:04:25.154  1063  1328 I chatty  : uid=1000(system) ActivityManager expire 7 lines
04-30 20:04:25.174  1063  1319 I chatty  : uid=1000(system) android.io expire 1 line
04-30 20:04:32.000  1063  1528 I chatty  : uid=1000(system) Binder:1063_4 expire 1 line
04-30 20:04:32.672  2463  2463 I PowerUI.Notification: show battery full warning: level=100 [1] 
04-30 20:04:47.339  2463  2463 I PowerUI.Notification: show battery full warning: level=100 [1] 
04-30 20:05:03.028  1063  2572 I chatty  : uid=1000(system) Binder:1063_5 expire 2 lines
04-30 20:05:16.469  1063  1344 I chatty  : uid=1000(system) PowerManagerSer expire 13 lines
04-30 20:05:28.476  1063  1063 I chatty  : uid=1000 system_server expire 3 lines
04-30 20:05:28.488  1063  1333 I chatty  : uid=1000(system) batterystats-wo expire 3 lines
04-30 20:05:28.532  1063  1320 I chatty  : uid=1000(system) android.display expire 2 lines
04-30 20:05:29.905  1063  1317 I chatty  : uid=1000(system) android.fg expire 5 lines
04-30 20:05:59.745  2463  2463 I PowerUI.Notification: show battery full warning: level=100 [1] 
04-30 20:05:59.834  2463  2463 I PowerUI.Notification: show battery full warning: level=100 [1] 
04-30 20:05:59.906  1063  1640 I chatty  : uid=1000(system) Binder:1063_1E expire 1 line
04-30 20:06:00.269  1063  2928 I chatty  : uid=1000(system) Binder:1063_B expire 1 line
04-30 20:06:22.218  1063  3507 I chatty  : uid=1000(system) Binder:1063_13 expire 1 line
04-30 20:06:47.339  2463  2463 I PowerUI.Notification: show battery full warning: level=100 [1] 
04-30 20:06:47.936  2463  2463 I PowerUI.Notification: show battery full warning: level=100 [1] 
04-30 20:06:52.908  1063  1344 I chatty  : uid=1000(system) PowerManagerSer expire 13 lines
04-30 20:07:04.966  1063  1320 I chatty  : uid=1000(system) android.display expire 2 lines
04-30 20:07:06.323  1063  1317 I chatty  : uid=1000(system) android.fg expire 6 lines
04-30 20:08:20.807  1063  1329 I chatty  : uid=1000(system) ActivityManager expire 5 lines
04-30 20:08:21.389  1063  2928 I chatty  : uid=1000(system) Binder:1063_B expire 3 lines
04-30 20:08:23.135  1063  3009 I chatty  : uid=1000 system_server expire 1 line
04-30 20:08:23.200  1063  1328 I chatty  : uid=1000(system) ActivityManager expire 12 lines
04-30 20:08:23.624  1063  1871 I chatty  : uid=1000(system) Binder:1063_1F expire 3 lines
04-30 20:08:23.694  1063  1223 I chatty  : uid=1000(system) Binder:1063_2 expire 3 lines
04-30 20:08:24.464  2463  2463 I PowerUI.Notification: show battery full warning: level=100 [1] 
04-30 20:08:24.498  2463  2463 I chatty  : uid=10095(com.android.systemui) identical 1 line
04-30 20:08:24.503  2463  2463 I PowerUI.Notification: show battery full warning: level=100 [1] 
04-30 20:08:24.684  1063  1063 I chatty  : uid=1000 system_server expire 3 lines
04-30 20:08:24.781  1063  1333 I chatty  : uid=1000(system) batterystats-wo expire 1 line
04-30 20:08:25.276  1063  1640 I chatty  : uid=1000(system) Binder:1063_1E expire 1 line
04-30 20:08:26.346  1063  1319 I chatty  : uid=1000(system) android.io expire 1 line
04-30 20:08:31.019  1063  3511 I chatty  : uid=1000(system) Binder:1063_15 expire 1 line
04-30 20:08:36.801  1063  1318 I chatty  : uid=1000(system) android.ui expire 1 line
04-30 20:08:36.867  2669  2669 E ActivityThread: Failed to find provider info for com.jio.os.content.ContentFeedProvider
04-30 20:08:47.340  2463  2463 I PowerUI.Notification: show battery full warning: level=100 [1] 
04-30 20:08:56.118  1063  3930 I chatty  : uid=1000(system) Binder:1063_16 expire 1 line
04-30 20:08:56.656  1063  2779 I chatty  : uid=1000(system) Binder:1063_9 expire 1 line
04-30 20:09:04.873  1063  3410 I chatty  : uid=1000(system) Binder:1063_D expire 1 line
04-30 20:09:29.817  1063  1344 I chatty  : uid=1000(system) PowerManagerSer expire 10 lines
04-30 20:09:36.802  1063  1063 I chatty  : uid=1000 system_server expire 8 lines
04-30 20:09:36.825  1063  1333 I chatty  : uid=1000(system) batterystats-wo expire 2 lines
04-30 20:09:36.844  1063  1320 I chatty  : uid=1000(system) android.display expire 2 lines
04-30 20:09:38.155  1063  1317 I chatty  : uid=1000(system) android.fg expire 5 lines
04-30 20:10:00.834  2463  2463 I PowerUI.Notification: show battery full warning: level=100 [1] 
04-30 20:10:00.872  2463  2463 I chatty  : uid=10095(com.android.systemui) identical 1 line
04-30 20:10:00.902  2463  2463 I PowerUI.Notification: show battery full warning: level=100 [1] 
04-30 20:10:00.977  1063  2779 I chatty  : uid=1000(system) Binder:1063_9 expire 2 lines
