04-30 20:10:44.353  2759  3726 D QCNEJ/WlanStaInfoRelay: Received action: android.net.wifi.STATE_CHANGE
04-30 20:10:44.354  2759  3726 D QCNEJ/WlanStaInfoRelay: reset CountryCodeRetriever
04-30 20:10:44.355  1063  2392 E HalDevMgr: dispatchAvailableForRequestListeners: no chip info found
04-30 20:10:44.355  1063  2392 W HalDevMgr: stopWifi called but mWifi is null!?
04-30 20:10:44.355  1063  2393 W HalDevMgr: isWifiStarted called but mWifi is null!?
04-30 20:10:44.355  1063  2392 I WifiNative: Successfully initiated teardown for iface=wlan0
04-30 20:10:44.355  1063  2392 D WifiClientModeManager: expected stop, not triggering callbacks: newState = 1
04-30 20:10:44.357  1063  1063 D WifiP2pService: Wifi enabled=false, P2P Interface availability=true
04-30 20:10:44.360  1063  1328 W BroadcastQueue: Background execution not allowed: receiving Intent { act=android.net.wifi.WIFI_STATE_CHANGED flg=0x4000010 (has extras) } to com.jio.media.ondemand/com.jio.media.mobile.apps.jioondemand.mediaplayer.NetworkChangeReceiver
04-30 20:10:44.361  1063  1328 W BroadcastQueue: Background execution not allowed: receiving Intent { act=android.net.wifi.WIFI_STATE_CHANGED flg=0x4000010 (has extras) } to com.jio.media.ondemand/com.jio.media.framework.services.external.network.NetworkChangedBroadcastListener
04-30 20:10:44.361  1063  1328 W BroadcastQueue: Background execution not allowed: receiving Intent { act=android.net.wifi.WIFI_STATE_CHANGED flg=0x4000010 (has extras) } to com.jio.myjio/.jionet.receiver.WifiScanReceiver
04-30 20:10:44.362  1063  1328 W BroadcastQueue: Background execution not allowed: receiving Intent { act=android.net.wifi.WIFI_STATE_CHANGED flg=0x4000010 (has extras) } to com.jio.myjio/com.bb.lib.receiver.NetworkChangeReceiver
04-30 20:10:44.362  1063  1328 W BroadcastQueue: Background execution not allowed: receiving Intent { act=android.net.wifi.WIFI_STATE_CHANGED flg=0x4000010 (has extras) } to com.jio.myjio/com.inn.passivesdk.receiver.ServiceStarterReceiver
04-30 20:10:44.365  1063  2392 E SupplicantStaIfaceHal: Can't call listNetworks, ISupplicantStaIface is null
04-30 20:10:44.365  1063  2392 E SupplicantStaIfaceHal: removeAllNetworks failed, got null networks
04-30 20:10:44.365  1063  2392 E WifiClientModeImpl: Failed to remove networks on exiting connect mode
04-30 20:10:44.365  2903  3639 W Settings: Setting airplane_mode_on has moved from android.provider.Settings.System to android.provider.Settings.Global, returning read-only value.
04-30 20:10:44.365  1063  2392 D WifiDiags: stopLogging() iface list is {} after removing wlan0
04-30 20:10:44.365  1063  2392 W WifiDiags: Fail to reset log handler
04-30 20:10:44.371  3315  3178 I chatty  : uid=10045(com.jio.adc.embedded) pool-1-thread-3 expire 1 line
04-30 20:10:44.372  1063  2392 E WifiNative: Could not get Iface object for interface null
04-30 20:10:44.372  1063  2392 W SupplicantStaIfaceHal: ISupplicant died: cookie=3
04-30 20:10:44.373  1063  2392 W HalDevMgr: isWifiStarted called but mWifi is null!?
04-30 20:10:44.375  3315  3179 D [470   ] ANH-EX_BAT: c.j.a.core.module.exbat.EEP$a call> bitField: 0
04-30 20:10:44.376  3315  3180 D [471   ] ANH-ADC-EX_CO: com.jio.adc.core.CEP$ > Setting Data
04-30 20:10:44.383  3315  3182 D [473   ] ANH-EX_S: c.j.a.core.module.exs.EEP$b call> bitField: 8
04-30 20:10:44.383  3315  3181 D [472   ] ANH-EX_LOC: c.j.a.core.module.exloc.EEP$b call> bitField: 0
04-30 20:10:44.384  3315  3185 D [475   ] ANH-EX_NA: c.j.a.core.module.exna.EEP$a call> bitField: 0
04-30 20:10:44.385  3315  3186 D [476   ] ANH-EX_NM: c.j.a.core.module.exnm.EEP$b call> bitField: 0
04-30 20:10:44.385  3315  3187 D [477   ] ANH-EX_DE: c.j.a.core.module.exde.EEP$a call> bitField: 32
04-30 20:10:44.392  1063  2392 E WifiNative: Could not get Iface object for interface null
04-30 20:10:44.510  3315  3178 D [469   ] ANH-ADC: com.jio.adc.core. > Captured: DE12
04-30 20:10:44.516  3828  3828 D ICU     : Time zone APEX file found: /apex/com.android.tzdata/etc/icu/icu_tzdata.dat
04-30 20:10:44.544  3828  3828 I app_process: The ClassLoaderContext is a special shared library.
04-30 20:10:44.594  3828  3828 W app_process: JNI RegisterNativeMethods: attempt to register 0 native methods for android.media.AudioAttributes
04-30 20:10:44.616  3828  3828 D AndroidRuntime: Calling main entry com.android.commands.input.Input
04-30 20:10:44.623  3828  3828 D AndroidRuntime: Shutting down VM
04-30 20:10:45.458  3846  3846 D AndroidRuntime: >>>>>> START com.android.internal.os.RuntimeInit uid 2000 <<<<<<
04-30 20:10:45.466  3846  3846 W app_process: type=1400 audit(0.0:2620): avc: denied { read } for name="u:object_r:device_config_runtime_native_boot_prop:s0" dev="tmpfs" ino=11636 scontext=u:r:shell:s0 tcontext=u:object_r:device_config_runtime_native_boot_prop:s0 tclass=file permissive=0
04-30 20:10:45.466  3846  3846 W app_process: type=1400 audit(0.0:2621): avc: denied { read } for name="u:object_r:device_config_runtime_native_boot_prop:s0" dev="tmpfs" ino=11636 scontext=u:r:shell:s0 tcontext=u:object_r:device_config_runtime_native_boot_prop:s0 tclass=file permissive=0
04-30 20:10:45.466  3846  3846 W app_process: type=1400 audit(0.0:2622): avc: denied { read } for name="u:object_r:device_config_runtime_native_boot_prop:s0" dev="tmpfs" ino=11636 scontext=u:r:shell:s0 tcontext=u:object_r:device_config_runtime_native_boot_prop:s0 tclass=file permissive=0
04-30 20:10:45.469  3846  3846 E libc    : Access denied finding property "persist.device_config.runtime_native_boot.enable_apex_image"
04-30 20:10:45.469  3846  3846 I AndroidRuntime: Using default boot image
04-30 20:10:45.469  3846  3846 E libc    : Access denied finding property "persist.device_config.runtime_native_boot.disable_lock_profiling"
04-30 20:10:45.469  3846  3846 I AndroidRuntime: Leaving lock profiling enabled
04-30 20:10:45.470  3846  3846 E libc    : Access denied finding property "persist.device_config.runtime_native_boot.enable_generational_cc"
04-30 20:10:45.482  3846  3846 W app_process: Could not reserve sentinel fault page
04-30 20:10:45.482  3846  3846 I app_process: Core platform API reporting enabled, enforcing=false
04-30 20:10:45.695  3846  3846 D ICU     : Time zone APEX file found: /apex/com.android.tzdata/etc/icu/icu_tzdata.dat
04-30 20:10:45.723  3846  3846 I app_process: The ClassLoaderContext is a special shared library.
04-30 20:10:45.774  3846  3846 W app_process: JNI RegisterNativeMethods: attempt to register 0 native methods for android.media.AudioAttributes
04-30 20:10:45.795  3846  3846 D AndroidRuntime: Calling main entry com.android.commands.svc.Svc
04-30 20:10:45.799  1063  3511 I WifiService: setWifiEnabled package=com.android.shell uid=2000 enable=false
04-30 20:10:45.800  3846  3846 D AndroidRuntime: Shutting down VM
04-30 20:10:47.244  2759  3726 D QCNEJ/WwanInfoRelay: onServiceStateChanged: dataState: 0 DDS:1 Notify service state update
04-30 20:10:47.247  2806  2806 D ServiceStateProvider: subId=1
04-30 20:10:47.276   414   414 D Zygote  : Forked child process 3866
04-30 20:10:47.278  1063  1329 I ActivityManager: Start proc 3866:com.android.cellbroadcastreceiver/u0a50 for broadcast {com.android.cellbroadcastreceiver/com.android.cellbroadcastreceiver.CellBroadcastReceiver}
04-30 20:10:47.301   492   541 W SDM     : HWPrimary::PopulateDisplayAttributes: Driver doesn't report panel physical width and height - defaulting to 320dpi
04-30 20:10:47.321  1063  3511 D CompatibilityInfo: mCompatibilityFlags - 0
04-30 20:10:47.321  1063  3511 D CompatibilityInfo: applicationDensity - 216
04-30 20:10:47.321  1063  3511 D CompatibilityInfo: applicationScale - 1.0
04-30 20:10:47.326  1063  3511 D CompatibilityInfo: mCompatibilityFlags - 0
04-30 20:10:47.326  1063  3511 D CompatibilityInfo: applicationDensity - 216
04-30 20:10:47.326  1063  3511 D CompatibilityInfo: applicationScale - 1.0
04-30 20:10:47.342  2463  2463 I PowerUI.Notification: show battery full warning: level=100 [1] 
04-30 20:10:47.362  2463  2463 D StatusBarNotificationPresenter: calling update notifications on Panel
04-30 20:10:47.379  2463  2463 D StatusBarNotificationPresenter: calling update notifications on Panel
04-30 20:10:47.386   492   541 W SDM     : HWPrimary::PopulateDisplayAttributes: Driver doesn't report panel physical width and height - defaulting to 320dpi
04-30 20:10:47.406   492   541 W SDM     : HWPrimary::PopulateDisplayAttributes: Driver doesn't report panel physical width and height - defaulting to 320dpi
04-30 20:10:47.445  3866  3866 I Perf    : Connecting to perf service.
04-30 20:10:47.457  3866  3866 W oadcastreceive: Couldn't clamp region space as there are regions in use beyond growth limit.
04-30 20:10:47.466   339   339 I hwservicemanager: getTransport: Cannot find entry vendor.qti.hardware.iop@2.0::IIop/default in either framework or device manifest.
04-30 20:10:47.467   665  3873 E ANDR-IOP: IIop:: Iop HAL Service is not available.
04-30 20:10:47.468  3866  3866 D CellBroadcastReceiver: onReceive Intent { act=android.intent.action.SERVICE_STATE flg=0x1000010 cmp=com.android.cellbroadcastreceiver/.CellBroadcastReceiver (has extras) }
04-30 20:10:47.476  1063  3482 I ActivityManager: Killing 3393:com.android.carrierdefaultapp/u0a62 (adj 940): cached #5
04-30 20:10:47.479   339   339 I hwservicemanager: getTransport: Cannot find entry vendor.qti.hardware.iop@2.0::IIop/default in either framework or device manifest.
04-30 20:10:47.523   339   339 I hwservicemanager: getTransport: Cannot find entry vendor.qti.hardware.iop@2.0::IIop/default in either framework or device manifest.
04-30 20:10:47.523  1063  1330 I libprocessgroup: Successfully killed process cgroup uid 10062 pid 3393 in 45ms
04-30 20:10:47.525   414   414 I Zygote  : Process 3393 exited due to signal 9 (Killed)
04-30 20:10:47.526   339   339 I hwservicemanager: getTransport: Cannot find entry vendor.qti.hardware.servicetracker@1.0::IServicetracker/default in either framework or device manifest.
04-30 20:10:47.535   492   541 W SDM     : HWPrimary::PopulateDisplayAttributes: Driver doesn't report panel physical width and height - defaulting to 320dpi
04-30 20:10:47.979   592   634 D ThermalEngine: zone:1 sensor:xo-therm-buf-adc temp:41686 trip:0 event:0
04-30 20:10:47.981   592   634 D ThermalEngine: zone:2 sensor:pa-therm0-adc temp:39230 trip:0 event:0
04-30 20:10:47.983   592   634 D ThermalEngine: zone:20 sensor:skin-therm-adc temp:24906 trip:0 event:0
04-30 20:10:47.999   858   980 D QC-time-services: Lib:time_genoff_operation: pargs->base = 12
04-30 20:10:47.999   858   980 D QC-time-services: Lib:time_genoff_operation: pargs->operation = 0
04-30 20:10:47.999   858   980 D QC-time-services: Lib:time_genoff_operation: pargs->ts_val = 1619793648613
04-30 20:10:47.999   858   980 D QC-time-services: Lib:time_genoff_operation: Send to server  passed!!
04-30 20:10:48.001   408  3890 I chatty  : uid=1000(system) /vendor/bin/time_daemon expire 4 lines
04-30 20:10:48.001   408  3890 D QC-time-services: Daemon:Delta read on boot mseconds = 34324266
04-30 20:10:48.001   408  3890 D QC-time-services: Daemon:new time 1619793648613 
04-30 20:10:48.001   408  3890 D QC-time-services: Daemon: delta 1619756909475 genoff 1619756909475 
04-30 20:10:48.001   408  3890 D QC-time-services: Daemon:genoff_persistent_update: Writing genoff = 1619756909475 to memory
04-30 20:10:48.001   408  3890 D QC-time-services: Daemon:Opening File: /mnt/vendor/persist/time/ats_12 /data/vendor/time/ats_12
04-30 20:10:48.001   408  3890 D QC-time-services: Daemon:time_persistent_memory_opr:Genoff write operation 
04-30 20:10:48.003  1063  3482 D AlarmManagerService: Kernel timezone updated to -330 minutes west of GMT
04-30 20:10:48.007   858   980 E QC-time-services: Receive Passed == base = 12, unit = 1, operation = 0, result = 0
04-30 20:10:48.008   858   980 D QC-time-services: Lib:time_genoff_operation: pargs->base = 13
04-30 20:10:48.008   858   980 D QC-time-services: Lib:time_genoff_operation: pargs->operation = 0
04-30 20:10:48.008   858   980 D QC-time-services: Lib:time_genoff_operation: pargs->ts_val = 1619793648613
04-30 20:10:48.008   858   980 D QC-time-services: Lib:time_genoff_operation: Send to server  passed!!
04-30 20:10:48.008   408   419 E QC-time-services: Daemon: Time-services: Waiting to acceptconnection
04-30 20:10:48.008   408   419 D QC-time-services: Daemon: Connection accepted:time_genoff
04-30 20:10:48.008   408  3891 D QC-time-services: Daemon:Received base = 13, unit = 1, operation = 0,value = 1619793648613
04-30 20:10:48.009   408  3891 D QC-time-services: Daemon:genoff_opr: Base = 13, val = 1619793648613, operation = 0
04-30 20:10:48.009   408  3891 D QC-time-services: Daemon:Value read from QTimer mseconds = 2414880
04-30 20:10:48.009   408  3891 D QC-time-services: Daemon:Value read from RTC mseconds on boot = 34337000
04-30 20:10:48.009   408  3891 D QC-time-services: Daemon:Delta read on boot mseconds = 34324266
04-30 20:10:48.009   408  3891 D QC-time-services: Daemon:new time 1619793648613 
04-30 20:10:48.009   408  3891 D QC-time-services: Daemon: delta 1619756909467 genoff 1619756909467 
04-30 20:10:48.009   408  3891 D QC-time-services: Daemon:genoff_persistent_update: Writing genoff = 1619756909467 to memory
04-30 20:10:48.009   408  3891 D QC-time-services: Daemon:Opening File: /mnt/vendor/persist/time/ats_13 /data/vendor/time/ats_13
04-30 20:10:48.009   408  3891 D QC-time-services: Daemon:time_persistent_memory_opr:Genoff write operation 
04-30 20:10:48.014   858   980 E QC-time-services: Receive Passed == base = 13, unit = 1, operation = 0, result = 0
04-30 20:10:48.015   408   419 E QC-time-services: Daemon: Time-services: Waiting to acceptconnection
04-30 20:10:48.950   606   606 W vm_bms  : type=1400 audit(0.0:2623): avc: denied { read } for name="u:object_r:default_prop:s0" dev="tmpfs" ino=11629 scontext=u:r:vm_bms:s0 tcontext=u:object_r:default_prop:s0 tclass=file permissive=0
04-30 20:10:48.950   606   606 W vm_bms  : type=1400 audit(0.0:2624): avc: denied { read } for name="u:object_r:default_prop:s0" dev="tmpfs" ino=11629 scontext=u:r:vm_bms:s0 tcontext=u:object_r:default_prop:s0 tclass=file permissive=0
04-30 20:10:48.952   606   606 E libc    : Access denied finding property "vbms.log.enable"
04-30 20:10:48.953   606   606 I chatty  : uid=0(root) /vendor/bin/vm_bms identical 1 line
04-30 20:10:48.953   606   606 E libc    : Access denied finding property "vbms.log.enable"
04-30 20:10:48.953   606   606 E libc    : Access denied finding property "vbms.log.enable"
04-30 20:10:48.956   606   606 I chatty  : uid=0(root) /vendor/bin/vm_bms identical 6 lines
04-30 20:10:48.956   606   606 W vm_bms  : type=1400 audit(0.0:2631): avc: denied { read } for name="u:object_r:default_prop:s0" dev="tmpfs" ino=11629 scontext=u:r:vm_bms:s0 tcontext=u:object_r:default_prop:s0 tclass=file permissive=0
04-30 20:10:48.956   606   606 E libc    : Access denied finding property "vbms.log.enable"
04-30 20:10:48.960   606   606 I chatty  : uid=0(root) /vendor/bin/vm_bms identical 33 lines
04-30 20:10:48.960   606   606 E libc    : Access denied finding property "vbms.log.enable"
04-30 20:10:48.961   606   606 I VM_BMS  : power_supply_update: ocv_uv=4173476 ibatt=209384 soc=99 seq_num=49
04-30 20:10:48.961   606   606 E libc    : Access denied finding property "vbms.log.enable"
04-30 20:10:48.961   606   606 E libc    : Access denied finding property "vbms.log.enable"
04-30 20:10:49.001   490   571 I LocSvc_BatteryListener: operator():153] healthInfo cb thread: cb CHARGING
04-30 20:10:49.056  2463  2463 D StatusBarNotificationPresenter: calling update notifications on Panel
04-30 20:10:49.068   492   541 W SDM     : HWPrimary::PopulateDisplayAttributes: Driver doesn't report panel physical width and height - defaulting to 320dpi
04-30 20:10:49.424   492   541 W SDM     : HWPrimary::PopulateDisplayAttributes: Driver doesn't report panel physical width and height - defaulting to 320dpi
04-30 20:10:50.966   592   634 D ThermalEngine: zone:0 sensor:xo-therm-adc temp:41987 trip:0 event:0
04-30 20:10:50.966   592   649 D ThermalEngine: sensor_monitor: xo-therm-adc Reading 41987 .
04-30 20:10:50.966   592   649 I ThermalEngine: Sensor:xo-therm-adc:41987 mC
04-30 20:10:50.966   592   649 D ThermalEngine: update_active_thresh: xo-therm-adc Active(1), Hi(1) 43000, Lo(1) 39000, desc(0) Interval(1) 2000
04-30 20:10:50.967   592   649 D ThermalEngine: sensor_monitor: xo-therm-adc Sensor wait.
04-30 20:10:52.037  3899  3899 D AndroidRuntime: >>>>>> START com.android.internal.os.RuntimeInit uid 2000 <<<<<<
04-30 20:10:52.043  3899  3899 W app_process: type=1400 audit(0.0:2664): avc: denied { read } for name="u:object_r:device_config_runtime_native_boot_prop:s0" dev="tmpfs" ino=11636 scontext=u:r:shell:s0 tcontext=u:object_r:device_config_runtime_native_boot_prop:s0 tclass=file permissive=0
04-30 20:10:52.043  3899  3899 W app_process: type=1400 audit(0.0:2665): avc: denied { read } for name="u:object_r:device_config_runtime_native_boot_prop:s0" dev="tmpfs" ino=11636 scontext=u:r:shell:s0 tcontext=u:object_r:device_config_runtime_native_boot_prop:s0 tclass=file permissive=0
04-30 20:10:52.046  3899  3899 W app_process: type=1400 audit(0.0:2666): avc: denied { read } for name="u:object_r:device_config_runtime_native_boot_prop:s0" dev="tmpfs" ino=11636 scontext=u:r:shell:s0 tcontext=u:object_r:device_config_runtime_native_boot_prop:s0 tclass=file permissive=0
04-30 20:10:52.046  3899  3899 E libc    : Access denied finding property "persist.device_config.runtime_native_boot.enable_apex_image"
04-30 20:10:52.046  3899  3899 I AndroidRuntime: Using default boot image
04-30 20:10:52.047  3899  3899 E libc    : Access denied finding property "persist.device_config.runtime_native_boot.disable_lock_profiling"
04-30 20:10:52.047  3899  3899 I AndroidRuntime: Leaving lock profiling enabled
04-30 20:10:52.047  3899  3899 E libc    : Access denied finding property "persist.device_config.runtime_native_boot.enable_generational_cc"
04-30 20:10:52.058  3899  3899 W app_process: Could not reserve sentinel fault page
04-30 20:10:52.058  3899  3899 I app_process: Core platform API reporting enabled, enforcing=false
04-30 20:10:52.246  3899  3899 D ICU     : Time zone APEX file found: /apex/com.android.tzdata/etc/icu/icu_tzdata.dat
04-30 20:10:52.271  3899  3899 I app_process: The ClassLoaderContext is a special shared library.
04-30 20:10:52.316  3899  3899 W app_process: JNI RegisterNativeMethods: attempt to register 0 native methods for android.media.AudioAttributes
04-30 20:10:52.336  3899  3899 D AndroidRuntime: Calling main entry com.android.commands.input.Input
04-30 20:10:52.342  3899  3899 D AndroidRuntime: Shutting down VM
04-30 20:10:53.098   592   634 D ThermalEngine: zone:20 sensor:skin-therm-adc temp:11923 trip:0 event:0
04-30 20:10:53.100   592   634 D ThermalEngine: zone:2 sensor:pa-therm0-adc temp:39285 trip:0 event:0
04-30 20:10:53.102   592   634 D ThermalEngine: zone:1 sensor:xo-therm-buf-adc temp:41927 trip:0 event:0
04-30 20:10:53.107  3915  3915 D AndroidRuntime: >>>>>> START com.android.internal.os.RuntimeInit uid 2000 <<<<<<
04-30 20:10:53.113  3915  3915 W app_process: type=1400 audit(0.0:2667): avc: denied { read } for name="u:object_r:device_config_runtime_native_boot_prop:s0" dev="tmpfs" ino=11636 scontext=u:r:shell:s0 tcontext=u:object_r:device_config_runtime_native_boot_prop:s0 tclass=file permissive=0
04-30 20:10:53.113  3915  3915 W app_process: type=1400 audit(0.0:2668): avc: denied { read } for name="u:object_r:device_config_runtime_native_boot_prop:s0" dev="tmpfs" ino=11636 scontext=u:r:shell:s0 tcontext=u:object_r:device_config_runtime_native_boot_prop:s0 tclass=file permissive=0
04-30 20:10:53.116  3915  3915 W app_process: type=1400 audit(0.0:2669): avc: denied { read } for name="u:object_r:device_config_runtime_native_boot_prop:s0" dev="tmpfs" ino=11636 scontext=u:r:shell:s0 tcontext=u:object_r:device_config_runtime_native_boot_prop:s0 tclass=file permissive=0
04-30 20:10:53.116  3915  3915 E libc    : Access denied finding property "persist.device_config.runtime_native_boot.enable_apex_image"
04-30 20:10:53.116  3915  3915 I AndroidRuntime: Using default boot image
04-30 20:10:53.116  3915  3915 E libc    : Access denied finding property "persist.device_config.runtime_native_boot.disable_lock_profiling"
04-30 20:10:53.116  3915  3915 I AndroidRuntime: Leaving lock profiling enabled
04-30 20:10:53.117  3915  3915 E libc    : Access denied finding property "persist.device_config.runtime_native_boot.enable_generational_cc"
04-30 20:10:53.128  3915  3915 W app_process: Could not reserve sentinel fault page
04-30 20:10:53.128  3915  3915 I app_process: Core platform API reporting enabled, enforcing=false
04-30 20:10:53.320  3915  3915 D ICU     : Time zone APEX file found: /apex/com.android.tzdata/etc/icu/icu_tzdata.dat
04-30 20:10:53.348  3915  3915 I app_process: The ClassLoaderContext is a special shared library.
04-30 20:10:53.398  3915  3915 W app_process: JNI RegisterNativeMethods: attempt to register 0 native methods for android.media.AudioAttributes
04-30 20:10:53.420  3915  3915 D AndroidRuntime: Calling main entry com.android.commands.input.Input
04-30 20:10:53.427  3915  3915 D AndroidRuntime: Shutting down VM
04-30 20:10:54.389  3937  3937 D AndroidRuntime: >>>>>> START com.android.internal.os.RuntimeInit uid 2000 <<<<<<
04-30 20:10:54.396  3937  3937 W app_process: type=1400 audit(0.0:2670): avc: denied { read } for name="u:object_r:device_config_runtime_native_boot_prop:s0" dev="tmpfs" ino=11636 scontext=u:r:shell:s0 tcontext=u:object_r:device_config_runtime_native_boot_prop:s0 tclass=file permissive=0
04-30 20:10:54.396  3937  3937 W app_process: type=1400 audit(0.0:2671): avc: denied { read } for name="u:object_r:device_config_runtime_native_boot_prop:s0" dev="tmpfs" ino=11636 scontext=u:r:shell:s0 tcontext=u:object_r:device_config_runtime_native_boot_prop:s0 tclass=file permissive=0
04-30 20:10:54.396  3937  3937 W app_process: type=1400 audit(0.0:2672): avc: denied { read } for name="u:object_r:device_config_runtime_native_boot_prop:s0" dev="tmpfs" ino=11636 scontext=u:r:shell:s0 tcontext=u:object_r:device_config_runtime_native_boot_prop:s0 tclass=file permissive=0
04-30 20:10:54.399  3937  3937 E libc    : Access denied finding property "persist.device_config.runtime_native_boot.enable_apex_image"
04-30 20:10:54.399  3937  3937 I AndroidRuntime: Using default boot image
04-30 20:10:54.399  3937  3937 E libc    : Access denied finding property "persist.device_config.runtime_native_boot.disable_lock_profiling"
04-30 20:10:54.399  3937  3937 I AndroidRuntime: Leaving lock profiling enabled
04-30 20:10:54.400  3937  3937 E libc    : Access denied finding property "persist.device_config.runtime_native_boot.enable_generational_cc"
04-30 20:10:54.412  3937  3937 W app_process: Could not reserve sentinel fault page
04-30 20:10:54.412  3937  3937 I app_process: Core platform API reporting enabled, enforcing=false
04-30 20:10:54.622  3937  3937 D ICU     : Time zone APEX file found: /apex/com.android.tzdata/etc/icu/icu_tzdata.dat
04-30 20:10:54.649  3937  3937 I app_process: The ClassLoaderContext is a special shared library.
04-30 20:10:54.702  3937  3937 W app_process: JNI RegisterNativeMethods: attempt to register 0 native methods for android.media.AudioAttributes
04-30 20:10:54.724  3937  3937 D AndroidRuntime: Calling main entry com.android.commands.input.Input
04-30 20:10:54.731  3937  3937 D AndroidRuntime: Shutting down VM
04-30 20:10:55.552  3952  3952 D AndroidRuntime: >>>>>> START com.android.internal.os.RuntimeInit uid 2000 <<<<<<
04-30 20:10:55.560  3952  3952 W app_process: type=1400 audit(0.0:2673): avc: denied { read } for name="u:object_r:device_config_runtime_native_boot_prop:s0" dev="tmpfs" ino=11636 scontext=u:r:shell:s0 tcontext=u:object_r:device_config_runtime_native_boot_prop:s0 tclass=file permissive=0
04-30 20:10:55.560  3952  3952 W app_process: type=1400 audit(0.0:2674): avc: denied { read } for name="u:object_r:device_config_runtime_native_boot_prop:s0" dev="tmpfs" ino=11636 scontext=u:r:shell:s0 tcontext=u:object_r:device_config_runtime_native_boot_prop:s0 tclass=file permissive=0
04-30 20:10:55.562  3952  3952 E libc    : Access denied finding property "persist.device_config.runtime_native_boot.enable_apex_image"
04-30 20:10:55.562  3952  3952 I AndroidRuntime: Using default boot image
04-30 20:10:55.563  3952  3952 W app_process: type=1400 audit(0.0:2675): avc: denied { read } for name="u:object_r:device_config_runtime_native_boot_prop:s0" dev="tmpfs" ino=11636 scontext=u:r:shell:s0 tcontext=u:object_r:device_config_runtime_native_boot_prop:s0 tclass=file permissive=0
04-30 20:10:55.563  3952  3952 E libc    : Access denied finding property "persist.device_config.runtime_native_boot.disable_lock_profiling"
04-30 20:10:55.563  3952  3952 I AndroidRuntime: Leaving lock profiling enabled
04-30 20:10:55.563  3952  3952 E libc    : Access denied finding property "persist.device_config.runtime_native_boot.enable_generational_cc"
04-30 20:10:55.576  3952  3952 W app_process: Could not reserve sentinel fault page
04-30 20:10:55.576  3952  3952 I app_process: Core platform API reporting enabled, enforcing=false
04-30 20:10:55.788  3952  3952 D ICU     : Time zone APEX file found: /apex/com.android.tzdata/etc/icu/icu_tzdata.dat
04-30 20:10:55.816  3952  3952 I app_process: The ClassLoaderContext is a special shared library.
04-30 20:10:55.867  3952  3952 W app_process: JNI RegisterNativeMethods: attempt to register 0 native methods for android.media.AudioAttributes
04-30 20:10:55.888  3952  3952 D AndroidRuntime: Calling main entry com.android.commands.svc.Svc
04-30 20:10:55.893  3952  3952 D AndroidRuntime: Shutting down VM
04-30 20:10:56.698  3970  3970 D AndroidRuntime: >>>>>> START com.android.internal.os.RuntimeInit uid 2000 <<<<<<
04-30 20:10:56.706  3970  3970 W app_process: type=1400 audit(0.0:2676): avc: denied { read } for name="u:object_r:device_config_runtime_native_boot_prop:s0" dev="tmpfs" ino=11636 scontext=u:r:shell:s0 tcontext=u:object_r:device_config_runtime_native_boot_prop:s0 tclass=file permissive=0
04-30 20:10:56.706  3970  3970 W app_process: type=1400 audit(0.0:2677): avc: denied { read } for name="u:object_r:device_config_runtime_native_boot_prop:s0" dev="tmpfs" ino=11636 scontext=u:r:shell:s0 tcontext=u:object_r:device_config_runtime_native_boot_prop:s0 tclass=file permissive=0
04-30 20:10:56.706  3970  3970 W app_process: type=1400 audit(0.0:2678): avc: denied { read } for name="u:object_r:device_config_runtime_native_boot_prop:s0" dev="tmpfs" ino=11636 scontext=u:r:shell:s0 tcontext=u:object_r:device_config_runtime_native_boot_prop:s0 tclass=file permissive=0
04-30 20:10:56.708  3970  3970 E libc    : Access denied finding property "persist.device_config.runtime_native_boot.enable_apex_image"
04-30 20:10:56.708  3970  3970 I AndroidRuntime: Using default boot image
04-30 20:10:56.708  3970  3970 E libc    : Access denied finding property "persist.device_config.runtime_native_boot.disable_lock_profiling"
04-30 20:10:56.708  3970  3970 I AndroidRuntime: Leaving lock profiling enabled
04-30 20:10:56.709  3970  3970 E libc    : Access denied finding property "persist.device_config.runtime_native_boot.enable_generational_cc"
04-30 20:10:56.721  3970  3970 W app_process: Could not reserve sentinel fault page
04-30 20:10:56.721  3970  3970 I app_process: Core platform API reporting enabled, enforcing=false
04-30 20:10:56.932  3970  3970 D ICU     : Time zone APEX file found: /apex/com.android.tzdata/etc/icu/icu_tzdata.dat
04-30 20:10:56.959  3970  3970 I app_process: The ClassLoaderContext is a special shared library.
04-30 20:10:57.010  3970  3970 W app_process: JNI RegisterNativeMethods: attempt to register 0 native methods for android.media.AudioAttributes
04-30 20:10:57.031  3970  3970 D AndroidRuntime: Calling main entry com.android.commands.input.Input
04-30 20:10:57.038  3970  3970 D AndroidRuntime: Shutting down VM
04-30 20:10:57.858  3986  3986 D AndroidRuntime: >>>>>> START com.android.internal.os.RuntimeInit uid 2000 <<<<<<
04-30 20:10:57.866  3986  3986 W app_process: type=1400 audit(0.0:2679): avc: denied { read } for name="u:object_r:device_config_runtime_native_boot_prop:s0" dev="tmpfs" ino=11636 scontext=u:r:shell:s0 tcontext=u:object_r:device_config_runtime_native_boot_prop:s0 tclass=file permissive=0
04-30 20:10:57.866  3986  3986 W app_process: type=1400 audit(0.0:2680): avc: denied { read } for name="u:object_r:device_config_runtime_native_boot_prop:s0" dev="tmpfs" ino=11636 scontext=u:r:shell:s0 tcontext=u:object_r:device_config_runtime_native_boot_prop:s0 tclass=file permissive=0
04-30 20:10:57.866  3986  3986 W app_process: type=1400 audit(0.0:2681): avc: denied { read } for name="u:object_r:device_config_runtime_native_boot_prop:s0" dev="tmpfs" ino=11636 scontext=u:r:shell:s0 tcontext=u:object_r:device_config_runtime_native_boot_prop:s0 tclass=file permissive=0
04-30 20:10:57.867  3986  3986 E libc    : Access denied finding property "persist.device_config.runtime_native_boot.enable_apex_image"
04-30 20:10:57.868  3986  3986 I AndroidRuntime: Using default boot image
04-30 20:10:57.868  3986  3986 E libc    : Access denied finding property "persist.device_config.runtime_native_boot.disable_lock_profiling"
04-30 20:10:57.868  3986  3986 I AndroidRuntime: Leaving lock profiling enabled
04-30 20:10:57.869  3986  3986 E libc    : Access denied finding property "persist.device_config.runtime_native_boot.enable_generational_cc"
04-30 20:10:57.881  3986  3986 W app_process: Could not reserve sentinel fault page
04-30 20:10:57.881  3986  3986 I app_process: Core platform API reporting enabled, enforcing=false
04-30 20:10:58.092  3986  3986 D ICU     : Time zone APEX file found: /apex/com.android.tzdata/etc/icu/icu_tzdata.dat
04-30 20:10:58.119  3986  3986 I app_process: The ClassLoaderContext is a special shared library.
04-30 20:10:58.170  3986  3986 W app_process: JNI RegisterNativeMethods: attempt to register 0 native methods for android.media.AudioAttributes
04-30 20:10:58.191  3986  3986 D AndroidRuntime: Calling main entry com.android.commands.svc.Svc
04-30 20:10:58.196  3986  3986 D AndroidRuntime: Shutting down VM
04-30 20:10:58.218   592   634 D ThermalEngine: zone:1 sensor:xo-therm-buf-adc temp:42289 trip:0 event:0
04-30 20:10:58.220   592   634 D ThermalEngine: zone:2 sensor:pa-therm0-adc temp:39395 trip:0 event:0
04-30 20:10:58.221   592   634 D ThermalEngine: zone:20 sensor:skin-therm-adc temp:24205 trip:0 event:0
04-30 20:11:00.005  2463  2463 D KeyguardClockSwitch: Updating clock: 811
04-30 20:11:00.038   492   541 W SDM     : HWPrimary::PopulateDisplayAttributes: Driver doesn't report panel physical width and height - defaulting to 320dpi
04-30 20:11:00.135   492   541 W SDM     : HWPrimary::PopulateDisplayAttributes: Driver doesn't report panel physical width and height - defaulting to 320dpi
04-30 20:11:00.996   592   634 D ThermalEngine: zone:0 sensor:xo-therm-adc temp:42590 trip:0 event:0
04-30 20:11:00.996   592   649 D ThermalEngine: sensor_monitor: xo-therm-adc Reading 42590 .
04-30 20:11:00.996   592   649 I ThermalEngine: Sensor:xo-therm-adc:42590 mC
04-30 20:11:00.996   592   649 D ThermalEngine: update_active_thresh: xo-therm-adc Active(1), Hi(1) 43000, Lo(1) 39000, desc(0) Interval(1) 2000
04-30 20:11:00.996   592   649 D ThermalEngine: sensor_monitor: xo-therm-adc Sensor wait.
04-30 20:11:03.340   592   634 D ThermalEngine: zone:20 sensor:skin-therm-adc temp:9432 trip:0 event:0
04-30 20:11:03.341   592   634 D ThermalEngine: zone:2 sensor:pa-therm0-adc temp:39450 trip:0 event:0
04-30 20:11:03.343   592   634 D ThermalEngine: zone:1 sensor:xo-therm-buf-adc temp:42349 trip:0 event:0
