04-30 20:00:18.278  2806  2806 I Telephony: GsmConnection: isAddParticipantCapable: isCapable = false: (SBC.oSC)->CS.crCo->H.CS.crCo->H.CS.crCo.pICR@E-BJk
04-30 20:00:18.308  1063  1320 I chatty  : uid=1000(system) android.display expire 2 lines
04-30 20:00:18.331  2806  2806 I Telephony: GsmConnection: isAddParticipantCapable: isCapable = false: (SBC.oSC)->CS.crCo->H.CS.crCo->H.CS.crCo.pICR@E-BJk
04-30 20:00:18.333  1063  3460 I chatty  : uid=1000(system) Binder:1063_10 expire 13 lines
04-30 20:00:18.337  1063  2860 I chatty  : uid=1000(system) CallAudioModeSt expire 2 lines
04-30 20:00:18.349  1063  3460 I chatty  : uid=1000(system) Binder:1063_10 expire 22 lines
04-30 20:00:18.362  2806  2806 I Telephony: GsmConnection: isAddParticipantCapable: isCapable = false
04-30 20:00:18.374  2806  2806 I Telephony: GsmConnection: isAddParticipantCapable: isCapable = false
04-30 20:00:18.375  1063  1328 I chatty  : uid=1000(system) ActivityManager expire 6 lines
04-30 20:00:18.378  2806  2806 I Telephony: GsmConnection: isAddParticipantCapable: isCapable = false
04-30 20:00:18.386  1063  2859 I chatty  : uid=1000(system) uteStateMachine expire 5 lines
04-30 20:00:18.402  3293  3293 W ContextImpl: Calling a method in the system process without a qualified user: android.app.ContextImpl.startService:1570 android.content.ContextWrapper.startService:669 com.redbend.app.SmmService.sendIntentEvent:373 com.redbend.client.ClientService.sendEvent:586 com.redbend.client.ClientService$DilPhoneStateListener.sendVoiceCallUpdate:1737 
04-30 20:00:18.462  1063  1329 I chatty  : uid=1000(system) ActivityManager expire 6 lines
04-30 20:00:18.470  2806  2806 I Telephony: TelephonyConnectionService: notifyCreateConnectionComplete TC@7_1: (...->CSW.hCCC)->CS.crCoC->H.CS.crCoC@E-E-E-BJk
04-30 20:00:18.472  2806  2806 I Telephony: TelephonyConnectionService: updatePhoneAccount setPhoneAccountHandle, account = ComponentInfo{com.android.phone/com.android.services.telephony.TelephonyConnectionService}, ***, UserHandle{0}: (...->CSW.hCCC)->CS.crCoC->H.CS.crCoC@E-E-E-BJk
04-30 20:00:18.568  1063  1551 I chatty  : uid=1000(system) InputReader expire 1 line
04-30 20:00:18.571  1063  1063 I chatty  : uid=1000 system_server expire 1 line
04-30 20:00:18.595  1063  1344 I chatty  : uid=1000(system) PowerManagerSer expire 5 lines
04-30 20:00:18.663  1063  2295 I chatty  : uid=1000(system) Binder:1063_1C expire 10 lines
04-30 20:00:18.668  1063  1333 I chatty  : uid=1000(system) batterystats-wo expire 1 line
04-30 20:00:18.711  1063  1320 I chatty  : uid=1000(system) android.display expire 1 line
04-30 20:00:19.215  2806  2806 I Telephony: GsmConnection: isAddParticipantCapable: isCapable = false
04-30 20:00:19.229  1063  1223 I chatty  : uid=1000(system) Binder:1063_2 expire 5 lines
04-30 20:00:19.247  1063  2860 I chatty  : uid=1000(system) CallAudioModeSt expire 2 lines
04-30 20:00:19.257  1063  2852 I chatty  : uid=1000(system) BluetoothRouteM expire 1 line
04-30 20:00:19.287  1063  1317 I chatty  : uid=1000(system) android.fg expire 3 lines
04-30 20:00:19.433  1063  3952 I chatty  : uid=1000 system_server expire 1 line
04-30 20:00:19.545  1063  3774 I chatty  : uid=1000(system) Binder:1063_20 expire 3 lines
04-30 20:00:20.835  1063  1319 I chatty  : uid=1000(system) android.io expire 3 lines
04-30 20:00:21.335  3917  3989 E ActivityThread: Failed to find provider info for com.google.android.apps.messaging.shared.datamodel.provider.sharedstorage.SharedStorageProvider
04-30 20:00:21.516  1063  1563 I chatty  : uid=1000(system) Binder:1063_19 expire 1 line
04-30 20:00:22.371  2806  2806 I Telephony: GsmConnection: isAddParticipantCapable: isCapable = false
04-30 20:00:22.459  2806  2806 I Telephony: GsmConnection: isAddParticipantCapable: isCapable = false
04-30 20:00:22.477  1063  3450 I chatty  : uid=1000(system) Binder:1063_F expire 15 lines
04-30 20:00:22.490  1063  2860 I chatty  : uid=1000(system) CallAudioModeSt expire 1 line
04-30 20:00:22.504  2806  2806 I Telephony: GsmConnection: isAddParticipantCapable: isCapable = true
04-30 20:00:22.507  1063  1563 I chatty  : uid=1000(system) Binder:1063_19 expire 5 lines
04-30 20:00:22.516  2806  2806 I Telephony: GsmConnection: isAddParticipantCapable: isCapable = true
04-30 20:00:22.779  1063  2779 I chatty  : uid=1000(system) Binder:1063_9 expire 2 lines
04-30 20:00:23.693  1063  1329 I chatty  : uid=1000(system) ActivityManager expire 11 lines
04-30 20:00:23.751  1063  1328 I chatty  : uid=1000(system) ActivityManager expire 21 lines
04-30 20:00:23.817  1063  1329 I chatty  : uid=1000(system) ActivityManager expire 2 lines
04-30 20:00:23.971  1063  3450 I chatty  : uid=1000(system) Binder:1063_F expire 2 lines
04-30 20:00:24.044  1063  1563 I chatty  : uid=1000(system) Binder:1063_19 expire 1 line
04-30 20:00:24.073  1063  1318 I chatty  : uid=1000(system) android.ui expire 1 line
04-30 20:00:25.979  1063  3774 I chatty  : uid=1000(system) Binder:1063_20 expire 1 line
04-30 20:00:26.085  1063  2395 I chatty  : uid=1000(system) ConnectivitySer expire 1 line
04-30 20:00:26.705  1063  3460 I chatty  : uid=1000(system) Binder:1063_10 expire 3 lines
04-30 20:00:26.775  1063  1319 I chatty  : uid=1000(system) android.io expire 1 line
04-30 20:00:26.854  1063  1259 I chatty  : uid=1000(system) Binder:1063_18 expire 2 lines
04-30 20:00:35.869  1063  1333 I chatty  : uid=1000(system) batterystats-wo expire 2 lines
04-30 20:00:37.218  1063  1918 I chatty  : uid=1000(system) Binder:1063_1A expire 1 line
04-30 20:00:41.554  1063  2896 I chatty  : uid=1000(system) Binder:1063_A expire 5 lines
04-30 20:00:41.578  2806  2806 I Telephony: GsmConnection: isAddParticipantCapable: isCapable = false
04-30 20:00:41.583  1063  3930 I chatty  : uid=1000(system) Binder:1063_16 expire 20 lines
04-30 20:00:41.604  2806  2806 I Telephony: GsmConnection: isAddParticipantCapable: isCapable = false
04-30 20:00:41.689  1063  2896 I chatty  : uid=1000(system) Binder:1063_A expire 1 line
04-30 20:00:41.697  1063  1918 I chatty  : uid=1000(system) Binder:1063_1A expire 2 lines
04-30 20:00:41.702  2806  2806 I Telephony: GsmConnection: isAddParticipantCapable: isCapable = false
04-30 20:00:41.715  2806  3912 I Telephony: : onDisconnect: callId=TC@7_1, cause=LOCAL
04-30 20:00:41.749  2806  2806 I Telephony: GsmConnection: isAddParticipantCapable: isCapable = false
04-30 20:00:41.751  2806  2806 I Telephony: GsmConnection: isAddParticipantCapable: isCapable = false
04-30 20:00:41.768  3293  3293 W ContextImpl: Calling a method in the system process without a qualified user: android.app.ContextImpl.startService:1570 android.content.ContextWrapper.startService:669 com.redbend.app.SmmService.sendIntentEvent:373 com.redbend.client.ClientService.sendEvent:586 com.redbend.client.ClientService$DilPhoneStateListener.sendVoiceCallUpdate:1737 
04-30 20:00:41.777  1063  1328 I chatty  : uid=1000(system) ActivityManager expire 6 lines
04-30 20:00:41.837  1063  1329 I chatty  : uid=1000(system) ActivityManager expire 2 lines
04-30 20:00:41.846  1063  2859 I chatty  : uid=1000(system) uteStateMachine expire 3 lines
04-30 20:00:41.878  1063  2860 I chatty  : uid=1000(system) CallAudioModeSt expire 3 lines
04-30 20:00:41.911  1063  1063 I chatty  : uid=1000 system_server expire 12 lines
04-30 20:00:41.934  1063  2859 I chatty  : uid=1000(system) uteStateMachine expire 11 lines
04-30 20:00:41.954  1063  2852 I chatty  : uid=1000(system) BluetoothRouteM expire 1 line
04-30 20:00:41.962  1063   811 I chatty  : uid=1000 system_server expire 1 line
04-30 20:00:43.304  1063  2860 I chatty  : uid=1000(system) CallAudioModeSt expire 2 lines
04-30 20:00:43.798  1063  3460 I chatty  : uid=1000(system) Binder:1063_10 expire 3 lines
04-30 20:00:43.901   799   933 E ActivityThread: Failed to find provider info for com.google.android.apps.messaging.shared.datamodel.provider.sharedstorage.SharedStorageProvider
04-30 20:00:44.723  1063  1328 I chatty  : uid=1000(system) ActivityManager expire 14 lines
04-30 20:00:44.733  1063  1329 I chatty  : uid=1000(system) ActivityManager expire 3 lines
04-30 20:00:44.796  1063  2896 I chatty  : uid=1000(system) Binder:1063_A expire 2 lines
04-30 20:00:44.796  1063  2395 I chatty  : uid=1000(system) ConnectivitySer expire 2 lines
04-30 20:00:44.831  1063  3930 I chatty  : uid=1000(system) Binder:1063_16 expire 1 line
04-30 20:00:44.907  1063  3774 I chatty  : uid=1000(system) Binder:1063_20 expire 1 line
04-30 20:00:45.562  1063  1320 I chatty  : uid=1000(system) android.display expire 1 line
04-30 20:00:45.730  1063  1318 I chatty  : uid=1000(system) android.ui expire 1 line
04-30 20:00:49.463  1063  2132 I chatty  : uid=1000(system) Binder:1063_1B expire 7 lines
04-30 20:00:49.721  1063  1329 I chatty  : uid=1000(system) ActivityManager expire 11 lines
04-30 20:00:49.941  1063  3508 I chatty  : uid=1000(system) Binder:1063_14 expire 2 lines
04-30 20:00:50.076  1063  1320 I chatty  : uid=1000(system) android.display expire 3 lines
04-30 20:01:14.513  1063  1528 I chatty  : uid=1000(system) Binder:1063_4 expire 1 line
04-30 20:01:25.846  1063  1223 I chatty  : uid=1000(system) Binder:1063_2 expire 3 lines
04-30 20:01:50.299  1063  2778 I chatty  : uid=1000(system) Binder:1063_8 expire 3 lines
04-30 20:01:56.102  1063  1546 I chatty  : uid=1000(system) AlarmManager expire 1 line
04-30 20:01:57.925  1063  1047 I chatty  : uid=1000(system) Binder:1063_17 expire 1 line
04-30 20:01:57.926  1063  2395 I chatty  : uid=1000(system) ConnectivitySer expire 2 lines
04-30 20:01:58.118  1063  1328 I chatty  : uid=1000(system) ActivityManager expire 4 lines
04-30 20:02:07.151  1063  1918 I chatty  : uid=1000(system) Binder:1063_1A expire 2 lines
04-30 20:02:18.150  1063  1317 I chatty  : uid=1000(system) android.fg expire 2 lines
04-30 20:02:18.152  1063  1318 I chatty  : uid=1000(system) android.ui expire 2 lines
04-30 20:02:18.306  2669  2669 E ActivityThread: Failed to find provider info for com.jio.os.content.ContentFeedProvider
04-30 20:02:18.316  2669  2669 E ActivityThread: Failed to find provider info for com.jio.os.content.ContentFeedProvider
04-30 20:02:18.638  1063  1063 I chatty  : uid=1000 system_server expire 1 line
04-30 20:02:19.983  1063  1329 I chatty  : uid=1000(system) ActivityManager expire 4 lines
04-30 20:02:20.005  1063  1343 I chatty  : uid=1000(system) CpuTracker expire 2 lines
04-30 20:02:20.747  1930  1930 W ContextImpl: Calling a method in the system process without a qualified user: android.app.ContextImpl.startService:1570 android.content.ContextWrapper.startService:669 com.caf.fmradio.FMRadio.bindToService:2923 com.caf.fmradio.FMRadio.onStart:473 android.app.Instrumentation.callActivityOnStart:1433 
04-30 20:02:20.753  1930  1930 W ContextImpl: Calling a method in the system process without a qualified user: android.app.ContextImpl.bindService:1649 android.content.ContextWrapper.bindService:705 com.caf.fmradio.FMRadio.bindToService:2926 com.caf.fmradio.FMRadio.onStart:473 android.app.Instrumentation.callActivityOnStart:1433 
04-30 20:02:20.799  1063  1319 I chatty  : uid=1000(system) android.io expire 2 lines
04-30 20:03:11.260  1063  1344 I chatty  : uid=1000(system) PowerManagerSer expire 1 line
04-30 20:03:14.852  1063  2295 I chatty  : uid=1000(system) Binder:1063_1C expire 1 line
04-30 20:03:17.244  1063  2778 I chatty  : uid=1000(system) Binder:1063_8 expire 2 lines
04-30 20:03:17.261  1063  2162 I chatty  : uid=1000 system_server expire 1 line
04-30 20:03:17.302  1063  1329 I chatty  : uid=1000(system) ActivityManager expire 11 lines
04-30 20:03:17.455  2075  2075 I ActivityThread: Removing dead content provider:android.content.ContentProviderProxy@79ddc06
04-30 20:03:18.016  1063  1640 I chatty  : uid=1000(system) Binder:1063_1E expire 2 lines
04-30 20:03:18.811  1063  1344 I chatty  : uid=1000(system) PowerManagerSer expire 11 lines
04-30 20:03:18.812  1063  1063 I chatty  : uid=1000 system_server expire 3 lines
04-30 20:03:18.876  1063  1333 I chatty  : uid=1000(system) batterystats-wo expire 2 lines
04-30 20:03:18.921  1063  1320 I chatty  : uid=1000(system) android.display expire 2 lines
04-30 20:03:19.266  1063  1328 I chatty  : uid=1000(system) ActivityManager expire 7 lines
04-30 20:03:20.205  1063  1317 I chatty  : uid=1000(system) android.fg expire 5 lines
04-30 20:03:24.594  1063  2572 I chatty  : uid=1000(system) Binder:1063_5 expire 2 lines
04-30 20:03:25.188  1063  2132 I chatty  : uid=1000(system) Binder:1063_1B expire 1 line
04-30 20:03:26.452  1063  1259 I chatty  : uid=1000(system) Binder:1063_18 expire 1 line
04-30 20:03:28.374  1063  3508 I chatty  : uid=1000(system) Binder:1063_14 expire 1 line
04-30 20:03:41.025  1063  3450 I chatty  : uid=1000(system) Binder:1063_F expire 2 lines
04-30 20:04:23.334  2463  2463 I PowerUI.Notification: show battery full warning: level=100 [1] 
04-30 20:04:23.371  2463  2463 I chatty  : uid=10095(com.android.systemui) identical 1 line
04-30 20:04:23.384  2463  2463 I PowerUI.Notification: show battery full warning: level=100 [1] 
04-30 20:04:24.144  1063  1329 W ActivityManager: Slow operation: 90ms so far, now at startProcess: done updating battery stats
04-30 20:04:24.144  1063  1329 W ActivityManager: Slow operation: 90ms so far, now at startProcess: building log message
04-30 20:04:24.144  1063  1329 I ActivityManager: Start proc 2435:com.google.process.gservices/u0a91 for content provider {com.google.android.gsf/com.google.android.gsf.gservices.GservicesProvider}
04-30 20:04:24.144  1063  1329 W ActivityManager: Slow operation: 90ms so far, now at startProcess: starting to update pids map
04-30 20:04:24.145  1063  1329 W ActivityManager: Slow operation: 91ms so far, now at startProcess: done updating pids map
04-30 20:04:25.154  1063  1328 W BroadcastQueue: Background execution not allowed: receiving Intent { act=android.net.wifi.SCAN_RESULTS flg=0x4000010 (has extras) } to com.jio.myjio/.jionet.receiver.WifiScanReceiver
04-30 20:04:25.174  1063  1319 D BluetoothManagerService: MESSAGE_REGISTER_ADAPTER
04-30 20:04:32.000  1063  1528 I ActivityManager: Killing 2306:com.android.cellbroadcastreceiver/u0a50 (adj 930): cached #5
04-30 20:04:32.672  2463  2463 I PowerUI.Notification: show battery full warning: level=100 [1] 
04-30 20:04:47.339  2463  2463 I PowerUI.Notification: show battery full warning: level=100 [1] 
04-30 20:05:03.028  1063  2572 I ActivityManager: Killing 2435:com.google.process.gservices/u0a91 (adj 930): cached #5
04-30 20:05:28.475  1063  1344 I PowerManagerService: Going to sleep due to timeout (uid 1000)...
04-30 20:05:28.476  1063  1063 W UsageStatsService: Event reported without a package name, eventType:16
04-30 20:05:28.476  1063  1344 I DisplayPowerController: Blocking screen off
04-30 20:05:28.476  1063  1344 I DisplayPowerController: Unblocked screen off after 0 ms
04-30 20:05:28.478  1063  1344 D ActivityTaskManager: Top Process State changed to PROCESS_STATE_TOP_SLEEPING
04-30 20:05:28.488  1063  1333 E KernelCpuSpeedReader: Failed to read cpu-freq: /sys/devices/system/cpu/cpu0/cpufreq/stats/time_in_state: open failed: ENOENT (No such file or directory)
04-30 20:05:28.532  1063  1320 I DisplayManagerService: Display device changed state: "Built-in Screen", OFF
04-30 20:05:29.903  1063  1344 I DreamManagerService: Entering dreamland.
04-30 20:05:29.904  1063  1344 I PowerManagerService: Dozing...
04-30 20:05:29.905  1063  1317 I DreamController: Starting dream: name=ComponentInfo{com.android.systemui/com.android.systemui.doze.DozeService}, isTest=false, canDoze=true, userId=0
04-30 20:05:29.919  1063  1317 D AutofillManagerService: Close system dialogs
04-30 20:05:59.745  2463  2463 I PowerUI.Notification: show battery full warning: level=100 [1] 
04-30 20:05:59.824  2463  2463 I chatty  : uid=10095(com.android.systemui) identical 1 line
04-30 20:05:59.834  2463  2463 I PowerUI.Notification: show battery full warning: level=100 [1] 
04-30 20:05:59.906  1063  1640 I PowerManagerService: Waking up from Dozing (uid=10095, reason=WAKE_REASON_APPLICATION, details=DozeTriggers)...
04-30 20:05:59.907  1063  1063 W UsageStatsService: Event reported without a package name, eventType:15
04-30 20:05:59.910  1063  1344 I DisplayPowerController: Blocking screen on until initial contents have been drawn.
04-30 20:05:59.920  1063  1320 I DisplayManagerService: Display device changed state: "Built-in Screen", ON
04-30 20:05:59.932  1063  1328 W BroadcastQueue: Background execution not allowed: receiving Intent { act=android.intent.action.USER_PRESENT flg=0x24200010 } to com.android.chrome/org.chromium.chrome.browser.sharing.click_to_call.ClickToCallMessageHandler$PhoneUnlockedReceiver
04-30 20:05:59.932  1063  1328 W BroadcastQueue: Background execution not allowed: receiving Intent { act=android.intent.action.USER_PRESENT flg=0x24200010 } to com.facebook.lite/com.facebook.rti.push.service.MqttSystemBroadcastReceiver
04-30 20:05:59.932  1063  1328 W BroadcastQueue: Background execution not allowed: receiving Intent { act=android.intent.action.USER_PRESENT flg=0x24200010 } to com.google.android.gms/.auth.setup.devicesignals.LockScreenReceiver
04-30 20:05:59.934  1063  1328 W BroadcastQueue: Background execution not allowed: receiving Intent { act=android.intent.action.USER_PRESENT flg=0x24200010 } to com.google.android.gms/.trustagent.UserPresentBroadcastReceiver
04-30 20:05:59.935  1063  1328 W BroadcastQueue: Background execution not allowed: receiving Intent { act=android.intent.action.USER_PRESENT flg=0x24200010 } to com.google.android.gms/.chimera.GmsIntentOperationService$PersistentTrustedReceiver
04-30 20:05:59.940  1063  1333 E KernelCpuSpeedReader: Failed to read cpu-freq: /sys/devices/system/cpu/cpu0/cpufreq/stats/time_in_state: open failed: ENOENT (No such file or directory)
04-30 20:05:59.975  1063  2572 D ActivityTaskManager: Top Process State changed to PROCESS_STATE_TOP
04-30 20:06:00.097  1063  1344 I DisplayPowerController: Unblocked screen on after 187 ms
04-30 20:06:00.205  1063  1328 W BroadcastQueue: Background execution not allowed: receiving Intent { act=android.net.wifi.SCAN_RESULTS flg=0x4000010 (has extras) } to com.jio.myjio/.jionet.receiver.WifiScanReceiver
04-30 20:06:00.265  1063  1344 W PowerManagerService: Screen on took 360 ms
04-30 20:06:00.266  1063  1344 I DreamManagerService: Gently waking up from dream.
04-30 20:06:00.267  1063  1317 I DreamManagerService: Performing gentle wake from dream.
04-30 20:06:00.269  1063  2928 I DreamManagerService: Leaving dreamland.
04-30 20:06:00.270  1063  1317 I DreamManagerService: Performing gentle wake from dream.
04-30 20:06:00.271  1063  1317 I DreamController: Stopping dream: name=ComponentInfo{com.android.systemui/com.android.systemui.doze.DozeService}, isTest=false, canDoze=true, userId=0
04-30 20:06:17.224  1063  1329 I ActivityManager: Start proc 2622:com.android.cellbroadcastreceiver/u0a50 for broadcast {com.android.cellbroadcastreceiver/com.android.cellbroadcastreceiver.CellBroadcastReceiver}
04-30 20:06:22.218  1063  3507 I ActivityManager: Killing 2352:com.google.android.gms/u0a91 (adj 930): cached #5
04-30 20:06:47.339  2463  2463 I PowerUI.Notification: show battery full warning: level=100 [1] 
04-30 20:06:47.915  2463  2463 I chatty  : uid=10095(com.android.systemui) identical 1 line
04-30 20:06:47.936  2463  2463 I PowerUI.Notification: show battery full warning: level=100 [1] 
04-30 20:07:04.920  1063  1344 I PowerManagerService: Going to sleep due to timeout (uid 1000)...
04-30 20:07:04.921  1063  1344 I DisplayPowerController: Blocking screen off
04-30 20:07:04.922  1063  1344 I DisplayPowerController: Unblocked screen off after 1 ms
04-30 20:07:04.922  1063  1344 D ActivityTaskManager: Top Process State changed to PROCESS_STATE_TOP_SLEEPING
04-30 20:07:04.922  1063  1063 W UsageStatsService: Event reported without a package name, eventType:16
04-30 20:07:04.931  1063  1333 E KernelCpuSpeedReader: Failed to read cpu-freq: /sys/devices/system/cpu/cpu0/cpufreq/stats/time_in_state: open failed: ENOENT (No such file or directory)
04-30 20:07:04.966  1063  1320 I DisplayManagerService: Display device changed state: "Built-in Screen", OFF
04-30 20:07:06.320  1063  1344 I DreamManagerService: Entering dreamland.
04-30 20:07:06.321  1063  1344 I PowerManagerService: Dozing...
04-30 20:07:06.323  1063  1317 I DreamController: Starting dream: name=ComponentInfo{com.android.systemui/com.android.systemui.doze.DozeService}, isTest=false, canDoze=true, userId=0
04-30 20:07:06.338  1063  1317 D AutofillManagerService: Close system dialogs
04-30 20:08:20.807  1063  1329 I ActivityManager: Start proc 2729:com.jio.media.ondemand/u0a67 for service {com.jio.media.ondemand/com.madme.mobile.sdk.service.LSJobService}
04-30 20:08:20.881  1063  1329 I ActivityManager: Start proc 2752:com.google.android.gms/u0a91 for service {com.google.android.gms/com.google.android.gms.checkin.EventLogService}
04-30 20:08:21.241  1063  1329 I ActivityManager: Start proc 2821:com.google.process.gservices/u0a91 for content provider {com.google.android.gsf/com.google.android.gsf.gservices.GservicesProvider}
04-30 20:08:21.389  1063  2928 W ActivityManager: Unable to start service Intent { cmp=com.jio.media.ondemand/com.jio.media.framework.services.external.mediamanager.JioMediaDownloaderService } U=0: not found
04-30 20:08:23.110  1063  1329 I ActivityManager: Start proc 2986:com.jio.jioplay.tv/u0a74 for service {com.jio.jioplay.tv/com.madme.mobile.sdk.service.LSJobService}
04-30 20:08:23.135  1063  3009 I DropBoxManagerService: add tag=system_app_wtf isTagEnabled=true flags=0x2
04-30 20:08:23.193  1063  2928 I DropBoxManagerService: add tag=event_log isTagEnabled=true flags=0x2
04-30 20:08:23.197  1063  2928 I DropBoxManagerService: add tag=event_data isTagEnabled=true flags=0x2
04-30 20:08:23.200  1063  1328 W BroadcastQueue: Background execution not allowed: receiving Intent { act=android.intent.action.DROPBOX_ENTRY_ADDED flg=0x10 (has extras) } to com.google.android.gms/.stats.service.DropBoxEntryAddedReceiver
04-30 20:08:23.201  1063  1328 W BroadcastQueue: Background execution not allowed: receiving Intent { act=android.intent.action.DROPBOX_ENTRY_ADDED flg=0x10 (has extras) } to com.google.android.gms/.chimera.GmsIntentOperationService$PersistentTrustedReceiver
04-30 20:08:23.213  1063  1328 W BroadcastQueue: Background execution not allowed: receiving Intent { act=android.intent.action.DROPBOX_ENTRY_ADDED flg=0x10 (has extras) } to com.google.android.gms/.stats.service.DropBoxEntryAddedReceiver
04-30 20:08:23.214  1063  1328 W BroadcastQueue: Background execution not allowed: receiving Intent { act=android.intent.action.DROPBOX_ENTRY_ADDED flg=0x10 (has extras) } to com.google.android.gms/.chimera.GmsIntentOperationService$PersistentTrustedReceiver
04-30 20:08:23.624  1063  1871 W ActivityManager: Permission Denial: opening provider o.aeG from ProcessRecord{b986ebf 2986:com.jio.jioplay.tv/u0a74} (pid=2986, uid=10074) that is not exported from UID 10068
04-30 20:08:23.694  1063  1223 W ActivityManager: Permission Denial: opening provider o.aeG from ProcessRecord{b986ebf 2986:com.jio.jioplay.tv/u0a74} (pid=2986, uid=10074) that is not exported from UID 10068
04-30 20:08:23.874  1063  1223 I ActivityManager: Killing 2622:com.android.cellbroadcastreceiver/u0a50 (adj 930): cached #5
04-30 20:08:24.464  2463  2463 I PowerUI.Notification: show battery full warning: level=100 [1] 
04-30 20:08:24.498  2463  2463 I chatty  : uid=10095(com.android.systemui) identical 1 line
04-30 20:08:24.503  2463  2463 I PowerUI.Notification: show battery full warning: level=100 [1] 
04-30 20:08:24.682  1063  1223 I PowerManagerService: Waking up from Dozing (uid=10095, reason=WAKE_REASON_APPLICATION, details=DozeTriggers)...
04-30 20:08:24.684  1063  1063 W UsageStatsService: Event reported without a package name, eventType:15
04-30 20:08:24.693  1063  1344 I DisplayPowerController: Blocking screen on until initial contents have been drawn.
04-30 20:08:24.701  1063  1320 I DisplayManagerService: Display device changed state: "Built-in Screen", ON
04-30 20:08:24.739  1063  1328 W BroadcastQueue: Background execution not allowed: receiving Intent { act=android.intent.action.USER_PRESENT flg=0x24200010 } to com.android.chrome/org.chromium.chrome.browser.sharing.click_to_call.ClickToCallMessageHandler$PhoneUnlockedReceiver
04-30 20:08:24.739  1063  1328 W BroadcastQueue: Background execution not allowed: receiving Intent { act=android.intent.action.USER_PRESENT flg=0x24200010 } to com.facebook.lite/com.facebook.rti.push.service.MqttSystemBroadcastReceiver
04-30 20:08:24.739  1063  1328 W BroadcastQueue: Background execution not allowed: receiving Intent { act=android.intent.action.USER_PRESENT flg=0x24200010 } to com.google.android.gms/.auth.setup.devicesignals.LockScreenReceiver
04-30 20:08:24.740  1063  1328 W BroadcastQueue: Background execution not allowed: receiving Intent { act=android.intent.action.USER_PRESENT flg=0x24200010 } to com.google.android.gms/.trustagent.UserPresentBroadcastReceiver
04-30 20:08:24.741  1063  1328 W BroadcastQueue: Background execution not allowed: receiving Intent { act=android.intent.action.USER_PRESENT flg=0x24200010 } to com.google.android.gms/.chimera.GmsIntentOperationService$PersistentTrustedReceiver
04-30 20:08:24.781  1063  1333 E KernelCpuSpeedReader: Failed to read cpu-freq: /sys/devices/system/cpu/cpu0/cpufreq/stats/time_in_state: open failed: ENOENT (No such file or directory)
04-30 20:08:25.039  1063  1871 D ActivityTaskManager: Top Process State changed to PROCESS_STATE_TOP
04-30 20:08:25.197  1063  1328 W BroadcastQueue: Background execution not allowed: receiving Intent { act=android.intent.action.DROPBOX_ENTRY_ADDED flg=0x10 (has extras) } to com.google.android.gms/.stats.service.DropBoxEntryAddedReceiver
04-30 20:08:25.198  1063  1328 W BroadcastQueue: Background execution not allowed: receiving Intent { act=android.intent.action.DROPBOX_ENTRY_ADDED flg=0x10 (has extras) } to com.google.android.gms/.chimera.GmsIntentOperationService$PersistentTrustedReceiver
04-30 20:08:25.237  1063  1344 I DisplayPowerController: Unblocked screen on after 544 ms
04-30 20:08:25.238  1063  1344 W PowerManagerService: Screen on took 556 ms
04-30 20:08:25.240  1063  1344 I DreamManagerService: Gently waking up from dream.
04-30 20:08:25.242  1063  1317 I DreamManagerService: Performing gentle wake from dream.
04-30 20:08:25.255  1063  1063 W Looper  : Slow dispatch took 128ms main h=com.android.server.job.JobSchedulerService$JobHandler c=null m=4
04-30 20:08:25.276  1063  1640 I DreamManagerService: Leaving dreamland.
04-30 20:08:25.277  1063  1317 I DreamManagerService: Performing gentle wake from dream.
04-30 20:08:25.277  1063  1317 I DreamController: Stopping dream: name=ComponentInfo{com.android.systemui/com.android.systemui.doze.DozeService}, isTest=false, canDoze=true, userId=0
04-30 20:08:26.325  1063  1328 W BroadcastQueue: Background execution not allowed: receiving Intent { act=android.net.wifi.SCAN_RESULTS flg=0x4000010 (has extras) } to com.jio.myjio/.jionet.receiver.WifiScanReceiver
04-30 20:08:26.346  1063  1319 D BluetoothManagerService: MESSAGE_REGISTER_ADAPTER
04-30 20:08:31.007  1063  1063 W JobServiceContext: No response from client for onStartJob ae3785b #u0a67/1011 com.jio.media.ondemand/com.jio.media.analytics.AnalyticsService
04-30 20:08:31.019  1063  3511 I ActivityManager: Killing 2986:com.jio.jioplay.tv/u0a74 (adj 930): cached #5
04-30 20:08:32.901  1063  1871 I ActivityManager: Killing 2729:com.jio.media.ondemand/u0a67 (adj 930): cached #5
04-30 20:08:36.800  1063  1317 D AutofillManagerService: Close system dialogs
04-30 20:08:36.801  1063  1318 I ActivityTaskManager: START u0 {act=android.intent.action.MAIN cat=[android.intent.category.HOME] flg=0x10000100 cmp=com.android.launcher3/.Launcher (has extras)} from uid 0
04-30 20:08:36.867  2669  2669 E ActivityThread: Failed to find provider info for com.jio.os.content.ContentFeedProvider
04-30 20:08:47.340  2463  2463 I PowerUI.Notification: show battery full warning: level=100 [1] 
--------- beginning of main
04-30 20:08:47.380  2463  2463 D StatusBarNotificationPresenter: calling update notifications on Panel
04-30 20:08:47.630   339   339 I chatty  : uid=1000(system) hwservicemanage expire 10 lines
04-30 20:08:49.792   592   634 D ThermalEngine: zone:0 sensor:xo-therm-adc temp:41385 trip:0 event:0
04-30 20:08:49.793   592   649 D ThermalEngine: sensor_monitor: xo-therm-adc Reading 41385 .
04-30 20:08:49.793   592   649 I ThermalEngine: Sensor:xo-therm-adc:41385 mC
04-30 20:08:49.793   592   649 D ThermalEngine: update_active_thresh: xo-therm-adc Active(1), Hi(1) 43000, Lo(1) 39000, desc(0) Interval(1) 2000
04-30 20:08:49.793   592   649 D ThermalEngine: sensor_monitor: xo-therm-adc Sensor wait.
04-30 20:08:50.219   592   634 D ThermalEngine: zone:20 sensor:skin-therm-adc temp:16962 trip:0 event:0
04-30 20:08:50.221   592   634 D ThermalEngine: zone:2 sensor:pa-therm0-adc temp:39065 trip:0 event:0
04-30 20:08:50.224   592   634 D ThermalEngine: zone:1 sensor:xo-therm-buf-adc temp:41144 trip:0 event:0
04-30 20:08:55.340   592   634 D ThermalEngine: zone:1 sensor:xo-therm-buf-adc temp:41024 trip:0 event:0
04-30 20:08:55.342   592   634 D ThermalEngine: zone:2 sensor:pa-therm0-adc temp:39065 trip:0 event:0
04-30 20:08:55.344   592   634 D ThermalEngine: zone:20 sensor:skin-therm-adc temp:5309 trip:0 event:0
04-30 20:08:55.900  3315  3463 I chatty  : uid=10045(com.jio.adc.embedded) LR-HT-NT expire 4 lines
04-30 20:08:55.911  2806  2806 D ServiceStateProvider: subId=1
04-30 20:08:55.919  2759  3726 D QCNEJ/WwanInfoRelay: onServiceStateChanged: dataState: 0 DDS:1 Notify service state update
04-30 20:08:55.933   414   414 D Zygote  : Forked child process 3128
04-30 20:08:55.937  1063  1329 I ActivityManager: Start proc 3128:com.android.cellbroadcastreceiver/u0a50 for broadcast {com.android.cellbroadcastreceiver/com.android.cellbroadcastreceiver.CellBroadcastReceiver}
04-30 20:08:56.080   492   535 I chatty  : uid=1000(system) HwBinder:492_1 expire 10 lines
04-30 20:08:56.088  3128  3128 I Perf    : Connecting to perf service.
04-30 20:08:56.101  3128  3128 W oadcastreceive: Couldn't clamp region space as there are regions in use beyond growth limit.
04-30 20:08:56.111   665  3873 E ANDR-IOP: IIop:: Iop HAL Service is not available.
04-30 20:08:56.112  3128  3128 D CellBroadcastReceiver: onReceive Intent { act=android.intent.action.SERVICE_STATE flg=0x1000010 cmp=com.android.cellbroadcastreceiver/.CellBroadcastReceiver (has extras) }
04-30 20:08:56.118  1063  3930 I ActivityManager: Killing 2752:com.google.android.gms/u0a91 (adj 940): cached #5
04-30 20:08:56.179   414   414 I Zygote  : Process 2752 exited due to signal 9 (Killed)
04-30 20:08:56.640   858   980 D QC-time-services: Lib:time_genoff_operation: pargs->base = 12
04-30 20:08:56.640   858   980 D QC-time-services: Lib:time_genoff_operation: pargs->operation = 0
04-30 20:08:56.640   858   980 D QC-time-services: Lib:time_genoff_operation: pargs->ts_val = 1619793537254
04-30 20:08:56.640   858   980 D QC-time-services: Lib:time_genoff_operation: Send to server  passed!!
04-30 20:08:56.641   408  3152 I chatty  : uid=1000(system) /vendor/bin/time_daemon expire 10 lines
04-30 20:08:56.646  1063  2779 I chatty  : uid=1000(system) Binder:1063_9 expire 11 lines
04-30 20:08:56.655   858   980 E QC-time-services: Receive Passed == base = 12, unit = 1, operation = 0, result = 0
04-30 20:08:56.655   858   980 D QC-time-services: Lib:time_genoff_operation: pargs->base = 13
04-30 20:08:56.655   858   980 D QC-time-services: Lib:time_genoff_operation: pargs->operation = 0
04-30 20:08:56.655   858   980 D QC-time-services: Lib:time_genoff_operation: pargs->ts_val = 1619793537254
04-30 20:08:56.655   858   980 D QC-time-services: Lib:time_genoff_operation: Send to server  passed!!
04-30 20:08:56.655   408   419 I chatty  : uid=1000(system) /vendor/bin/time_daemon expire 12 lines
04-30 20:08:56.656   408  3153 I chatty  : uid=1000(system) /vendor/bin/time_daemon expire 10 lines
04-30 20:08:56.656  1063  2779 D timedetector.SimpleTimeDetectorStrategy: adjustAndSetDeviceSystemClock: Not setting system clock. New time and system clock are close enough. elapsedRealtimeMillis=2300892 newTime=TimestampedValue{mReferenceTimeMillis=2300876, mValue=1619793537000} reason=New time signal systemClockUpdateThreshold=2000 absTimeDifference=360
04-30 20:08:56.663   858   980 E QC-time-services: Receive Passed == base = 13, unit = 1, operation = 0, result = 0
04-30 20:08:57.372  2463  2463 D StatusBarNotificationPresenter: calling update notifications on Panel
04-30 20:08:59.732  2759  3726 D QCNEJ/WwanInfoRelay: onServiceStateChanged: dataState: 0 DDS:1 Notify service state update
04-30 20:08:59.737  2806  2806 D ServiceStateProvider: subId=1
04-30 20:08:59.738  2806  2854 I m.android.phon: Waiting for a blocking GC ProfileSaver
04-30 20:08:59.742  3128  3128 D CellBroadcastReceiver: onReceive Intent { act=android.intent.action.SERVICE_STATE flg=0x1000010 cmp=com.android.cellbroadcastreceiver/.CellBroadcastReceiver (has extras) }
04-30 20:08:59.818   592   634 D ThermalEngine: zone:0 sensor:xo-therm-adc temp:41204 trip:0 event:0
04-30 20:08:59.818   592   649 D ThermalEngine: sensor_monitor: xo-therm-adc Reading 41204 .
04-30 20:08:59.818   592   649 I ThermalEngine: Sensor:xo-therm-adc:41204 mC
04-30 20:08:59.818   592   649 D ThermalEngine: update_active_thresh: xo-therm-adc Active(1), Hi(1) 43000, Lo(1) 39000, desc(0) Interval(1) 2000
04-30 20:08:59.819   592   649 D ThermalEngine: sensor_monitor: xo-therm-adc Sensor wait.
04-30 20:08:59.835  2806  2825 I m.android.phon: Background young concurrent copying GC freed 136462(18MB) AllocSpace objects, 12(192KB) LOS objects, 84% free, 3444KB/22MB, paused 374us total 139.287ms
04-30 20:08:59.835  2806  2854 I m.android.phon: WaitForGcToComplete blocked ProfileSaver on ProfileSaver for 97.514ms
04-30 20:09:00.039  2463  2463 D KeyguardClockSwitch: Updating clock: 809
04-30 20:09:00.458   592   634 D ThermalEngine: zone:20 sensor:skin-therm-adc temp:5927 trip:0 event:0
04-30 20:09:00.467   592   634 D ThermalEngine: zone:2 sensor:pa-therm0-adc temp:39010 trip:0 event:0
04-30 20:09:00.469   592   634 D ThermalEngine: zone:1 sensor:xo-therm-buf-adc temp:40963 trip:0 event:0
04-30 20:09:00.479   858   980 D QC-time-services: Lib:time_genoff_operation: pargs->base = 12
04-30 20:09:00.479   858   980 D QC-time-services: Lib:time_genoff_operation: pargs->operation = 0
04-30 20:09:00.479   858   980 D QC-time-services: Lib:time_genoff_operation: pargs->ts_val = 1619793541094
04-30 20:09:00.480   858   980 D QC-time-services: Lib:time_genoff_operation: Send to server  passed!!
04-30 20:09:00.481   408  3157 I chatty  : uid=1000(system) /vendor/bin/time_daemon expire 10 lines
04-30 20:09:00.485  1063  1047 I chatty  : uid=1000(system) Binder:1063_17 expire 3 lines
04-30 20:09:00.487   858   980 E QC-time-services: Receive Passed == base = 12, unit = 1, operation = 0, result = 0
04-30 20:09:00.487   858   980 D QC-time-services: Lib:time_genoff_operation: pargs->base = 13
04-30 20:09:00.487   858   980 D QC-time-services: Lib:time_genoff_operation: pargs->operation = 0
04-30 20:09:00.487   858   980 D QC-time-services: Lib:time_genoff_operation: pargs->ts_val = 1619793541094
04-30 20:09:00.487   858   980 D QC-time-services: Lib:time_genoff_operation: Send to server  passed!!
04-30 20:09:00.488   408  3158 I chatty  : uid=1000(system) /vendor/bin/time_daemon expire 10 lines
04-30 20:09:00.495   858   980 E QC-time-services: Receive Passed == base = 13, unit = 1, operation = 0, result = 0
04-30 20:09:04.855  2759  3726 D QCNEJ/WwanInfoRelay: onServiceStateChanged: dataState: 0 DDS:1 Notify service state update
04-30 20:09:04.857  2806  2806 D ServiceStateProvider: subId=1
04-30 20:09:04.866  3128  3128 D CellBroadcastReceiver: onReceive Intent { act=android.intent.action.SERVICE_STATE flg=0x1000010 cmp=com.android.cellbroadcastreceiver/.CellBroadcastReceiver (has extras) }
04-30 20:09:04.873  1063  3410 I ActivityManager: Killing 2821:com.google.process.gservices/u0a91 (adj 940): cached #5
04-30 20:09:04.930   414   414 I Zygote  : Process 2821 exited due to signal 9 (Killed)
04-30 20:09:05.580   592   634 D ThermalEngine: zone:1 sensor:xo-therm-buf-adc temp:40963 trip:0 event:0
04-30 20:09:05.588   592   634 D ThermalEngine: zone:2 sensor:pa-therm0-adc temp:39010 trip:0 event:0
04-30 20:09:05.590   592   634 D ThermalEngine: zone:20 sensor:skin-therm-adc temp:24158 trip:0 event:0
04-30 20:09:05.599   858   980 D QC-time-services: Lib:time_genoff_operation: pargs->base = 12
04-30 20:09:05.599   858   980 D QC-time-services: Lib:time_genoff_operation: pargs->operation = 0
04-30 20:09:05.599   858   980 D QC-time-services: Lib:time_genoff_operation: pargs->ts_val = 1619793546214
04-30 20:09:05.599   858   980 D QC-time-services: Lib:time_genoff_operation: Send to server  passed!!
04-30 20:09:05.601   408  3162 I chatty  : uid=1000(system) /vendor/bin/time_daemon expire 10 lines
04-30 20:09:05.635   858   980 E QC-time-services: Receive Passed == base = 12, unit = 1, operation = 0, result = 0
04-30 20:09:05.635   858   980 D QC-time-services: Lib:time_genoff_operation: pargs->base = 13
04-30 20:09:05.635   858   980 D QC-time-services: Lib:time_genoff_operation: pargs->operation = 0
04-30 20:09:05.635   858   980 D QC-time-services: Lib:time_genoff_operation: pargs->ts_val = 1619793546214
04-30 20:09:05.635   858   980 D QC-time-services: Lib:time_genoff_operation: Send to server  passed!!
04-30 20:09:05.636   408  3163 I chatty  : uid=1000(system) /vendor/bin/time_daemon expire 10 lines
04-30 20:09:05.647   858   980 E QC-time-services: Receive Passed == base = 13, unit = 1, operation = 0, result = 0
04-30 20:09:09.849   592   634 D ThermalEngine: zone:0 sensor:xo-therm-adc temp:41144 trip:0 event:0
04-30 20:09:09.849   592   649 D ThermalEngine: sensor_monitor: xo-therm-adc Reading 41144 .
04-30 20:09:09.849   592   649 I ThermalEngine: Sensor:xo-therm-adc:41144 mC
04-30 20:09:09.850   592   649 D ThermalEngine: update_active_thresh: xo-therm-adc Active(1), Hi(1) 43000, Lo(1) 39000, desc(0) Interval(1) 2000
04-30 20:09:09.850   592   649 D ThermalEngine: sensor_monitor: xo-therm-adc Sensor wait.
04-30 20:09:10.700   592   634 D ThermalEngine: zone:20 sensor:skin-therm-adc temp:16308 trip:0 event:0
04-30 20:09:10.702   592   634 D ThermalEngine: zone:2 sensor:pa-therm0-adc temp:38956 trip:0 event:0
04-30 20:09:10.704   592   634 D ThermalEngine: zone:1 sensor:xo-therm-buf-adc temp:40903 trip:0 event:0
04-30 20:09:12.481  2759  3726 D QCNEJ/WwanInfoRelay: onServiceStateChanged: dataState: 0 DDS:1 Notify service state update
04-30 20:09:12.483  2806  2806 D ServiceStateProvider: subId=1
04-30 20:09:12.494  3128  3128 D CellBroadcastReceiver: onReceive Intent { act=android.intent.action.SERVICE_STATE flg=0x1000010 cmp=com.android.cellbroadcastreceiver/.CellBroadcastReceiver (has extras) }
04-30 20:09:12.553   606   606 W vm_bms  : type=1400 audit(0.0:2489): avc: denied { read } for name="u:object_r:default_prop:s0" dev="tmpfs" ino=11629 scontext=u:r:vm_bms:s0 tcontext=u:object_r:default_prop:s0 tclass=file permissive=0
04-30 20:09:12.553   606   606 I chatty  : uid=0(root) /vendor/bin/vm_bms identical 46 lines
04-30 20:09:12.591   490   571 I LocSvc_BatteryListener: operator():153] healthInfo cb thread: cb CHARGING
04-30 20:09:12.606   492   535 I chatty  : uid=1000(system) HwBinder:492_1 expire 4 lines
04-30 20:09:12.623  2463  3167 W RingtonePlayer: STOP command without a player
04-30 20:09:12.660  2463  2463 D StatusBarNotificationPresenter: calling update notifications on Panel
04-30 20:09:13.279   858   980 D QC-time-services: Lib:time_genoff_operation: pargs->base = 12
04-30 20:09:13.279   858   980 D QC-time-services: Lib:time_genoff_operation: pargs->operation = 0
04-30 20:09:13.279   858   980 D QC-time-services: Lib:time_genoff_operation: pargs->ts_val = 1619793553893
04-30 20:09:13.279   858   980 D QC-time-services: Lib:time_genoff_operation: Send to server  passed!!
04-30 20:09:13.281   408  3168 I chatty  : uid=1000(system) /vendor/bin/time_daemon expire 10 lines
04-30 20:09:13.291   858   980 E QC-time-services: Receive Passed == base = 12, unit = 1, operation = 0, result = 0
04-30 20:09:13.291   858   980 D QC-time-services: Lib:time_genoff_operation: pargs->base = 13
04-30 20:09:13.291   858   980 D QC-time-services: Lib:time_genoff_operation: pargs->operation = 0
04-30 20:09:13.291   858   980 D QC-time-services: Lib:time_genoff_operation: pargs->ts_val = 1619793553893
04-30 20:09:13.292   858   980 D QC-time-services: Lib:time_genoff_operation: Send to server  passed!!
04-30 20:09:13.292   408   419 I chatty  : uid=1000(system) /vendor/bin/time_daemon expire 2 lines
04-30 20:09:13.293   408  3169 I chatty  : uid=1000(system) /vendor/bin/time_daemon expire 10 lines
04-30 20:09:13.299   858   980 E QC-time-services: Receive Passed == base = 13, unit = 1, operation = 0, result = 0
04-30 20:09:13.300   408   419 I chatty  : uid=1000(system) /vendor/bin/time_daemon expire 2 lines
04-30 20:09:29.924  3174  3174 I chatty  : uid=1000(system) expire 10 lines
04-30 20:09:29.929  3174  3174 I ServiceManagement: Removing namespace from process name android.hardware.light@2.0-service-lazy to light@2.0-service-lazy.
04-30 20:09:29.930  3174  3174 I         : Registration complete for android.hardware.light@2.0::ILight/default.
04-30 20:09:34.153  3174  3174 I /vendor/bin/hw/android.hardware.light@2.0-service-lazy: Process has 1 (of 1 available) client(s) in use after notification android.hardware.light@2.0::ILight has clients: 1
04-30 20:09:36.300   592   634 I chatty  : uid=0(root) /system/vendor/bin/thermal-engine expire 11 lines
04-30 20:09:36.801  1063  1344 I PowerManagerService: Going to sleep due to timeout (uid 1000)...
04-30 20:09:36.802  1063  1063 W UsageStatsService: Event reported without a package name, eventType:16
04-30 20:09:36.802  1063  1344 I DisplayPowerController: Blocking screen off
04-30 20:09:36.810  1063  1344 I DisplayPowerController: Unblocked screen off after 8 ms
04-30 20:09:36.811  1063  1344 D ActivityTaskManager: Top Process State changed to PROCESS_STATE_TOP_SLEEPING
04-30 20:09:36.825  1063  1333 E KernelCpuSpeedReader: Failed to read cpu-freq: /sys/devices/system/cpu/cpu0/cpufreq/stats/time_in_state: open failed: ENOENT (No such file or directory)
04-30 20:09:36.835  1063  1344 I chatty  : uid=1000(system) PowerManagerSer expire 1 line
04-30 20:09:36.844  1063  1320 I DisplayManagerService: Display device changed state: "Built-in Screen", OFF
04-30 20:09:36.851  2463  2463 D StatusBarNotificationPresenter: calling update notifications on Panel
04-30 20:09:36.855   512   512 D SurfaceFlinger: Setting power mode 0 on display 0
04-30 20:09:36.867  2463  2463 D ImageWallpaper: wallpaper visibility changes to: false
04-30 20:09:38.148   512   512 D SurfaceFlinger: Finished setting power mode 0 on display 0
04-30 20:09:38.149   496   496 I QTI PowerHAL: Got set_interactive hint
04-30 20:09:38.149   496   496 I QTI PowerHAL: Got set_interactive hint on= 0, count= 26
04-30 20:09:38.149   496   496 E QTI PowerHAL: Error opening /sys/kernel/hbtp/display_pwr: No such file or directory
04-30 20:09:38.153  1063  1344 I DreamManagerService: Entering dreamland.
04-30 20:09:38.154  1063  1344 I PowerManagerService: Dozing...
04-30 20:09:38.155  1063  1317 I DreamController: Starting dream: name=ComponentInfo{com.android.systemui/com.android.systemui.doze.DozeService}, isTest=false, canDoze=true, userId=0
04-30 20:09:38.168  1063  1317 I chatty  : uid=1000(system) android.fg expire 9 lines
04-30 20:09:38.171   339   339 I chatty  : uid=1000(system) hwservicemanage expire 10 lines
04-30 20:09:38.173  1063  1317 D AutofillManagerService: Close system dialogs
04-30 20:09:38.197  2463  2463 D StatusBar: updateQsExpansionEnabled - QS Expand enabled: false
04-30 20:09:38.201  2463  2463 D StatusBarNotificationPresenter: calling update notifications on Panel
04-30 20:09:38.210  2463  2463 D StatusBar: updateQsExpansionEnabled - QS Expand enabled: false
04-30 20:09:38.223  2463  2463 D StatusBar: updateQsExpansionEnabled - QS Expand enabled: false
04-30 20:09:38.226  2463  2463 D StatusBarNotificationPresenter: calling update notifications on Panel
04-30 20:09:38.243  2463  2463 D StatusBarNotificationPresenter: calling update notifications on Panel
04-30 20:09:38.244  2463  2463 D StatusBar: disable<e i a s b h r c s > disable2<q i n >
04-30 20:09:38.246  2463  2463 D StatusBar: disable<e i a s b h r c s > disable2<q i n >
04-30 20:09:38.277   486   486 D audio_hw_primary: adev_set_parameters: enter: screen_state=off
04-30 20:09:38.278  2463  2463 I FalsingManagerPlugin: com.android.systemui.classifier.brightline.TypeClassifier: true
04-30 20:09:38.279  2463  2463 D StatusBar: disable<e i a s b h r c s > disable2<q i n >
04-30 20:09:38.280  2463  2463 W View    : requestLayout() improperly called by com.android.keyguard.CarrierText{2d0f730 V.ED..... ......ID 22,0-300,54 #7f0a01ec app:id/keyguard_carrier_text} during layout: running second layout pass
04-30 20:09:38.281  2463  2463 I FalsingManagerPlugin: com.android.systemui.classifier.brightline.TypeClassifier: true
04-30 20:09:38.282  2463  2463 I FalsingManagerPlugin: com.android.systemui.classifier.brightline.TypeClassifier: true
04-30 20:09:38.335  2463  2463 D StatusBar: disable<e i a s b h r c s > disable2<q i n >
04-30 20:09:38.337  2463  2463 I chatty  : uid=10095(com.android.systemui) identical 2 lines
04-30 20:09:38.337  2463  2463 D StatusBar: disable<e i a s b h r c s > disable2<q i n >
04-30 20:09:38.368  2978  2978 I DeviceStatusMonitor: onReceive() : Action = android.intent.action.SCREEN_OFF
04-30 20:09:38.370  2978  2978 W UImeServiceVersionUtil: Package com.google.android.googlequicksearchbox not found.
04-30 20:09:38.371  2978  2978 W UImeServiceVersionUtil: Package com.google.android.carassistant not found.
04-30 20:09:38.388  1930  1930 D FMService: onDataActivity - 4
04-30 20:09:38.388  1930  1930 D FMService: onDataActivity - 4
04-30 20:09:38.410  3315  3178 I chatty  : uid=10045(com.jio.adc.embedded) pool-1-thread-3 expire 11 lines
04-30 20:09:38.420  2903  3675 I NearbySharing: Screen is locked [CONTEXT service_id=194 ]
04-30 20:09:38.420  2903  3675 I NearbySharing: Failed to stop scanning because weren't scanning. [CONTEXT service_id=194 ]
04-30 20:09:38.420  2903  3675 I NearbySharing: Stopping discovery because the screen is locked. [CONTEXT service_id=194 ]
04-30 20:09:38.421  2903  3675 I NearbySharing: Can't stop advertising FastInitiation. Not advertising. [CONTEXT service_id=194 ]
04-30 20:09:38.421  2903  3675 I NearbySharing: Stopping Fast Init advertisement because Bluetooth is off. [CONTEXT service_id=194 ]
04-30 20:09:38.421  2903  3675 I NearbySharing: Failed to stop advertising because we weren't advertising. [CONTEXT service_id=194 ]
04-30 20:09:38.421  2903  3675 I NearbySharing: Stopping advertising because the screen is locked. [CONTEXT service_id=194 ]
04-30 20:09:38.421  2903  3675 I NearbySharing: Stopping Fast Init because the screen is locked. [CONTEXT service_id=194 ]
04-30 20:09:38.421  2903  3675 I NearbySharing: Can't stop scanning for FastInitiation. Not scanning. [CONTEXT service_id=194 ]
04-30 20:09:38.423  2903  3675 I NearbySharing: Fast Initiation Scanning has stopped [CONTEXT service_id=194 ]
04-30 20:09:38.428  3315  3179 I chatty  : uid=10045(com.jio.adc.embedded) pool-8-thread-2 expire 6 lines
04-30 20:09:38.429  3305  3305 D QSLMJ   : SLM received action android.intent.action.SCREEN_OFF
04-30 20:09:38.429  3315  3181 I chatty  : uid=10045(com.jio.adc.embedded) pool-9-thread-2 expire 12 lines
04-30 20:09:38.434  3315  3182 I chatty  : uid=10045(com.jio.adc.embedded) pool-2-thread-2 expire 6 lines
04-30 20:09:38.436  3315  3180 I chatty  : uid=10045(com.jio.adc.embedded) pool-7-thread-2 expire 3 lines
04-30 20:09:38.437  1930  1930 D FMService: ACTION_SCREEN_OFF Intent received
04-30 20:09:38.453  3315  3185 I chatty  : uid=10045(com.jio.adc.embedded) pool-4-thread-2 expire 14 lines
04-30 20:09:38.456  3315  3183 I chatty  : uid=10045(com.jio.adc.embedded) pool-6-thread-2 expire 14 lines
04-30 20:09:38.457  3315  3186 I chatty  : uid=10045(com.jio.adc.embedded) pool-5-thread-2 expire 14 lines
04-30 20:09:38.461  3315  3187 I chatty  : uid=10045(com.jio.adc.embedded) pool-3-thread-3 expire 14 lines
04-30 20:09:39.152  3174  3174 I /vendor/bin/hw/android.hardware.light@2.0-service-lazy: Process has 0 (of 1 available) client(s) in use after notification android.hardware.light@2.0::ILight has clients: 0
04-30 20:09:39.152  3174  3174 I /vendor/bin/hw/android.hardware.light@2.0-service-lazy: Trying to exit HAL. No clients in use for any service in process.
04-30 20:09:39.153  3174  3174 I /vendor/bin/hw/android.hardware.light@2.0-service-lazy: Unregistered all clients and exiting
04-30 20:09:39.926   592   649 I chatty  : uid=0(root) /system/vendor/bin/thermal-engine expire 10 lines
04-30 20:09:47.359  2463  2463 I FalsingManagerPlugin: com.android.systemui.classifier.brightline.TypeClassifier: true
04-30 20:09:51.659   592   634 I chatty  : uid=0(root) /system/vendor/bin/thermal-engine expire 9 lines
04-30 20:10:00.668   592   649 D ThermalEngine: update_active_thresh: xo-therm-adc Active(1), Hi(1) 43000, Lo(1) 39000, desc(0) Interval(1) 2000
04-30 20:10:00.668   592   649 D ThermalEngine: sensor_monitor: xo-therm-adc Sensor wait.
04-30 20:10:00.763   606   606 W vm_bms  : type=1400 audit(0.0:2530): avc: denied { read } for name="u:object_r:default_prop:s0" dev="tmpfs" ino=11629 scontext=u:r:vm_bms:s0 tcontext=u:object_r:default_prop:s0 tclass=file permissive=0
