04-30 20:10:00.763   606   606 W vm_bms  : type=1400 audit(0.0:2531): avc: denied { read } for name="u:object_r:default_prop:s0" dev="tmpfs" ino=11629 scontext=u:r:vm_bms:s0 tcontext=u:object_r:default_prop:s0 tclass=file permissive=0
04-30 20:10:00.763   606   606 W vm_bms  : type=1400 audit(0.0:2532): avc: denied { read } for name="u:object_r:default_prop:s0" dev="tmpfs" ino=11629 scontext=u:r:vm_bms:s0 tcontext=u:object_r:default_prop:s0 tclass=file permissive=0
04-30 20:10:00.763   606   606 W vm_bms  : type=1400 audit(0.0:2533): avc: denied { read } for name="u:object_r:default_prop:s0" dev="tmpfs" ino=11629 scontext=u:r:vm_bms:s0 tcontext=u:object_r:default_prop:s0 tclass=file permissive=0
04-30 20:10:00.766   606   606 E libc    : Access denied finding property "vbms.log.enable"
04-30 20:10:00.766   606   606 I chatty  : uid=0(root) /vendor/bin/vm_bms identical 42 lines
04-30 20:10:00.823   490   571 I LocSvc_BatteryListener: operator():153] healthInfo cb thread: cb CHARGING
04-30 20:10:00.834  2463  2463 I PowerUI.Notification: show battery full warning: level=100 [1] 
04-30 20:10:00.849  2463  2463 I FalsingManagerPlugin: com.android.systemui.classifier.brightline.TypeClassifier: true
04-30 20:10:00.853  2463  3194 W RingtonePlayer: error loading sound for file:///product/media/audio/ui/LowBattery.ogg
04-30 20:10:00.853  2463  3194 W RingtonePlayer: java.io.FileNotFoundException: /product/media/audio/ui/LowBattery.ogg: open failed: ENOENT (No such file or directory)
04-30 20:10:00.853  2463  3194 W RingtonePlayer: 	at libcore.io.IoBridge.open(IoBridge.java:496)
04-30 20:10:00.853  2463  3194 W RingtonePlayer: 	at java.io.FileInputStream.<init>(FileInputStream.java:159)
04-30 20:10:00.853  2463  3194 W RingtonePlayer: 	at android.media.MediaPlayer.setDataSource(MediaPlayer.java:1182)
04-30 20:10:00.853  2463  3194 W RingtonePlayer: 	at android.media.MediaPlayer.setDataSource(MediaPlayer.java:1160)
04-30 20:10:00.853  2463  3194 W RingtonePlayer: 	at android.media.MediaPlayer.setDataSource(MediaPlayer.java:1125)
04-30 20:10:00.853  2463  3194 W RingtonePlayer: 	at android.media.MediaPlayer.setDataSource(MediaPlayer.java:1055)
04-30 20:10:00.853  2463  3194 W RingtonePlayer: 	at android.media.MediaPlayer.setDataSource(MediaPlayer.java:1001)
04-30 20:10:00.853  2463  3194 W RingtonePlayer: 	at com.android.systemui.media.NotificationPlayer$CreationAndCompletionThread.run(NotificationPlayer.java:103)
04-30 20:10:00.853  2463  3194 W RingtonePlayer: Caused by: android.system.ErrnoException: open failed: ENOENT (No such file or directory)
04-30 20:10:00.853  2463  3194 W RingtonePlayer: 	at libcore.io.Linux.open(Native Method)
04-30 20:10:00.853  2463  3194 W RingtonePlayer: 	at libcore.io.ForwardingOs.open(ForwardingOs.java:167)
04-30 20:10:00.853  2463  3194 W RingtonePlayer: 	at libcore.io.BlockGuardOs.open(BlockGuardOs.java:252)
04-30 20:10:00.853  2463  3194 W RingtonePlayer: 	at libcore.io.ForwardingOs.open(ForwardingOs.java:167)
04-30 20:10:00.853  2463  3194 W RingtonePlayer: 	at android.app.ActivityThread$AndroidOs.open(ActivityThread.java:7296)
04-30 20:10:00.853  2463  3194 W RingtonePlayer: 	at libcore.io.IoBridge.open(IoBridge.java:482)
04-30 20:10:00.853  2463  3194 W RingtonePlayer: 	... 7 more
04-30 20:10:00.872  2463  2463 I chatty  : uid=10095(com.android.systemui) identical 1 line
04-30 20:10:00.899  2463  2463 I FalsingManagerPlugin: com.android.systemui.classifier.brightline.TypeClassifier: true
04-30 20:10:00.902  2463  2463 I PowerUI.Notification: show battery full warning: level=100 [1] 
04-30 20:10:00.972  2463  2463 D StatusBarNotificationPresenter: calling update notifications on Panel
04-30 20:10:00.977  1063  2779 I PowerManagerService: Waking up from Dozing (uid=10095, reason=WAKE_REASON_APPLICATION, details=DozeTriggers)...
04-30 20:10:00.978  1063  1063 W UsageStatsService: Event reported without a package name, eventType:15
04-30 20:10:00.980  1063  1344 I DisplayPowerController: Blocking screen on until initial contents have been drawn.
04-30 20:10:00.983   496   496 I QTI PowerHAL: Got set_interactive hint
04-30 20:10:00.983   496   496 I QTI PowerHAL: Got set_interactive hint on= 1, count= 27
04-30 20:10:00.983   496   496 E QTI PowerHAL: Error opening /sys/kernel/hbtp/display_pwr: No such file or directory
04-30 20:10:00.984  1063  1320 I DisplayManagerService: Display device changed state: "Built-in Screen", ON
04-30 20:10:00.989  2463  2463 D StatusBarNotificationPresenter: calling update notifications on Panel
04-30 20:10:00.989   512   512 D SurfaceFlinger: Setting power mode 2 on display 0
04-30 20:10:00.996  2463  2463 I FalsingManagerPlugin: com.android.systemui.classifier.brightline.TypeClassifier: true
04-30 20:10:01.000  2463  2463 D KeyguardClockSwitch: Updating clock: 810
04-30 20:10:01.001   492   541 I chatty  : uid=1000(system) HwBinder:492_2 expire 10 lines
04-30 20:10:01.007  1063  1333 E KernelCpuSpeedReader: Failed to read cpu-freq: /sys/devices/system/cpu/cpu0/cpufreq/stats/time_in_state: open failed: ENOENT (No such file or directory)
04-30 20:10:01.009  1063  1328 W BroadcastQueue: Background execution not allowed: receiving Intent { act=android.intent.action.USER_PRESENT flg=0x24200010 } to com.android.chrome/org.chromium.chrome.browser.sharing.click_to_call.ClickToCallMessageHandler$PhoneUnlockedReceiver
04-30 20:10:01.010  1063  1328 W BroadcastQueue: Background execution not allowed: receiving Intent { act=android.intent.action.USER_PRESENT flg=0x24200010 } to com.facebook.lite/com.facebook.rti.push.service.MqttSystemBroadcastReceiver
04-30 20:10:01.011  1063  1328 W BroadcastQueue: Background execution not allowed: receiving Intent { act=android.intent.action.USER_PRESENT flg=0x24200010 } to com.google.android.gms/.auth.setup.devicesignals.LockScreenReceiver
04-30 20:10:01.011  1063  1328 W BroadcastQueue: Background execution not allowed: receiving Intent { act=android.intent.action.USER_PRESENT flg=0x24200010 } to com.google.android.gms/.trustagent.UserPresentBroadcastReceiver
04-30 20:10:01.011  1063  1328 W BroadcastQueue: Background execution not allowed: receiving Intent { act=android.intent.action.USER_PRESENT flg=0x24200010 } to com.google.android.gms/.chimera.GmsIntentOperationService$PersistentTrustedReceiver
04-30 20:10:01.015  2463  2463 D StatusBarNotificationPresenter: calling update notifications on Panel
04-30 20:10:01.020  1063  1259 I chatty  : uid=1000(system) Binder:1063_18 expire 6 lines
04-30 20:10:01.022  2463  2463 D StatusBar: updateQsExpansionEnabled - QS Expand enabled: true
04-30 20:10:01.024  2463  2463 D StatusBarNotificationPresenter: calling update notifications on Panel
04-30 20:10:01.035  2903  3675 I NearbySharing: Screen is unlocked [CONTEXT service_id=194 ]
04-30 20:10:01.036  2903  3675 I NearbySharing: Failed to stop scanning because weren't scanning. [CONTEXT service_id=194 ]
04-30 20:10:01.036  2903  3675 I NearbySharing: Stopping discovery because Bluetooth is disabled. [CONTEXT service_id=194 ]
04-30 20:10:01.037  2463  2463 I FalsingManagerPlugin: com.android.systemui.classifier.brightline.TypeClassifier: true
04-30 20:10:01.038  1063  1259 D ActivityTaskManager: Top Process State changed to PROCESS_STATE_TOP
04-30 20:10:01.038  2463  2463 D StatusBar: updateQsExpansionEnabled - QS Expand enabled: true
04-30 20:10:01.039  2903  3675 I NearbySharing: Can't stop advertising FastInitiation. Not advertising. [CONTEXT service_id=194 ]
04-30 20:10:01.039  2903  3675 I NearbySharing: Stopping Fast Init advertisement because Bluetooth is off. [CONTEXT service_id=194 ]
04-30 20:10:01.039  2903  3675 I NearbySharing: Failed to stop advertising because we weren't advertising. [CONTEXT service_id=194 ]
04-30 20:10:01.039  2903  3675 I NearbySharing: Stopping advertising because Bluetooth is disabled. [CONTEXT service_id=194 ]
04-30 20:10:01.041  2903  3675 I NearbySharing: Can't stop scanning for FastInitiation. Not scanning. [CONTEXT service_id=194 ]
04-30 20:10:01.041  2903  3675 I NearbySharing: Fast Initiation Scanning has stopped [CONTEXT service_id=194 ]
04-30 20:10:01.042  2903  3675 I NearbySharing: Stopping Fast Init because Bluetooth is disabled. [CONTEXT service_id=194 ]
04-30 20:10:01.048  2463  2463 D StatusBar: updateQsExpansionEnabled - QS Expand enabled: true
04-30 20:10:01.050  2463  2463 D StatusBarNotificationPresenter: calling update notifications on Panel
04-30 20:10:01.051  2463  2463 I FalsingManagerPlugin: com.android.systemui.classifier.brightline.TypeClassifier: true
04-30 20:10:01.064  2463  2463 D StatusBarNotificationPresenter: calling update notifications on Panel
04-30 20:10:01.065  2463  2463 D StatusBar: disable<e i a s b h r c s > disable2<q i n >
04-30 20:10:01.075   486   486 D audio_hw_primary: adev_set_parameters: enter: screen_state=on
04-30 20:10:01.076  2669  2669 E ActivityThread: Failed to find provider info for com.jio.os.content.ContentFeedProvider
04-30 20:10:01.128   414   414 I chatty  : uid=0(root) main expire 3 lines
04-30 20:10:01.151  1063  1329 W ActivityManager: Slow operation: 51ms so far, now at startProcess: done updating battery stats
04-30 20:10:01.151  1063  1329 W ActivityManager: Slow operation: 51ms so far, now at startProcess: building log message
04-30 20:10:01.151  1063  1329 I ActivityManager: Start proc 3202:com.google.android.gms/u0a91 for service {com.google.android.gms/com.google.android.gms.chimera.GmsIntentOperationService}
04-30 20:10:01.151  1063  1329 W ActivityManager: Slow operation: 51ms so far, now at startProcess: starting to update pids map
04-30 20:10:01.152  1063  1329 W ActivityManager: Slow operation: 52ms so far, now at startProcess: done updating pids map
04-30 20:10:01.197  1063  1344 I DisplayPowerController: Unblocked screen on after 218 ms
04-30 20:10:01.210  2463  2463 D StatusBar: disable<e i a s b h r c s > disable2<q i n >
04-30 20:10:01.233  3202  3202 I gle.android.gm: The ClassLoaderContext is a special shared library.
04-30 20:10:01.241  3202  3202 I chatty  : uid=10091(com.google.android.gms) identical 4 lines
04-30 20:10:01.327   512   512 D SurfaceFlinger: Finished setting power mode 2 on display 0
04-30 20:10:01.329  1063  1344 W PowerManagerService: Screen on took 352 ms
04-30 20:10:01.329  1063  1344 I DreamManagerService: Gently waking up from dream.
04-30 20:10:01.331  1063  1317 I DreamManagerService: Performing gentle wake from dream.
04-30 20:10:01.338  1063  1259 I DreamManagerService: Leaving dreamland.
04-30 20:10:01.339  1063  1317 I DreamManagerService: Performing gentle wake from dream.
04-30 20:10:01.339  1063  1317 I DreamController: Stopping dream: name=ComponentInfo{com.android.systemui/com.android.systemui.doze.DozeService}, isTest=false, canDoze=true, userId=0
04-30 20:10:01.346  2463  2463 D ImageWallpaper: wallpaper visibility changes to: true
04-30 20:10:01.352  2463  2463 D KeyguardClockSwitch: Updating clock: 810
04-30 20:10:01.353  2463  2463 D KeyguardClockSwitch: Updating clock: 810
04-30 20:10:01.411  3251  3251 I chatty  : uid=1000(system) expire 10 lines
04-30 20:10:01.418  3251  3251 I ServiceManagement: Removing namespace from process name android.hardware.light@2.0-service-lazy to light@2.0-service-lazy.
04-30 20:10:01.420  3251  3251 I         : Registration complete for android.hardware.light@2.0::ILight/default.
04-30 20:10:01.441  2978  2978 I DeviceStatusMonitor: onReceive() : Action = android.intent.action.SCREEN_ON
04-30 20:10:01.464  1930  1930 D FMService: onDataActivity - 4
04-30 20:10:01.469  1930  1930 D FMService: onDataActivity - 4
04-30 20:10:01.520  3305  3305 D QSLMJ   : SLM received action android.intent.action.SCREEN_ON
04-30 20:10:01.524  2903  3675 I chatty  : uid=10091(com.google.android.gms) highpool[0] expire 10 lines
04-30 20:10:01.573  1930  1930 D FMService: ACTION_SCREEN_ON Intent received
04-30 20:10:01.679  1063  1329 I ActivityManager: Start proc 3258:com.google.process.gservices/u0a91 for content provider {com.google.android.gsf/com.google.android.gsf.gservices.GservicesProvider}
04-30 20:10:01.738  3258  3258 I chatty  : uid=10091(com.google.android.gms) expire 1 line
04-30 20:10:01.774  3258  3258 I Perf    : Connecting to perf service.
04-30 20:10:01.787  3258  3258 W ocess.gservice: Couldn't clamp region space as there are regions in use beyond growth limit.
04-30 20:10:01.793  3258  3258 I GservicesProvider: Gservices pushing to system: true; secure/global: true
04-30 20:10:01.902   592   634 I chatty  : uid=0(root) /system/vendor/bin/thermal-engine expire 5 lines
04-30 20:10:01.981   665  3873 E ANDR-IOP: IIop:: Iop HAL Service is not available.
04-30 20:10:02.066  2463  2547 D ImageWallpaper: finishRendering, preserve=false
04-30 20:10:02.109  3202  3202 W ProviderHelper: Unknown dynamite feature providerinstaller
04-30 20:10:02.111  3202  3202 I DynamiteModule: Considering local module com.google.android.gms.providerinstaller:1 and remote module com.google.android.gms.providerinstaller:0
04-30 20:10:02.111  3202  3202 I DynamiteModule: Selected local version of com.google.android.gms.providerinstaller
04-30 20:10:02.192  3202  3202 D NetworkSecurityConfig: Using Network Security Config from resource network_security_config debugBuild: false
04-30 20:10:02.197  3202  3202 I ProviderInstaller: Installed default security provider GmsCore_OpenSSL
04-30 20:10:02.197  3202  3202 I Safeboot: Checking safeboot...
04-30 20:10:02.198  3202  3202 I Safeboot: Not entering safeboot; wrong process.
04-30 20:10:02.243  3202  3202 I Watchcat: Started
04-30 20:10:02.248  3202  3202 I azqi    : Primes not initialized, returning default (no-op) Primes instance which will ignore all calls. Please call Primes.initialize(...) before using any Primes API.
04-30 20:10:02.250   339   339 I chatty  : uid=1000(system) hwservicemanage expire 14 lines
04-30 20:10:02.251   665  3873 E ANDR-IOP: IIop:: Iop HAL Service is not available.
04-30 20:10:02.464  3202  3202 W ModuleManager: Unable to get current module's fulfilled APIs in ModuleManager created with non-module Context
04-30 20:10:02.506  3202  3202 I MediaRouter: Found default route: MediaRouter.RouteInfo{ uniqueId=android/apy:DEFAULT_ROUTE, name=Phone, description=null, iconUri=null, enabled=true, connectionState=0, canDisconnect=false, playbackType=0, playbackStream=3, deviceType=0, volumeHandling=1, volume=0, volumeMax=15, presentationDisplayId=-1, extras=null, settingsIntent=null, providerPackageName=android }
04-30 20:10:02.506  3202  3202 I MediaRouter: Unselecting the current route because it is no longer selectable: null
04-30 20:10:02.562  3202  3309 I CastDatabase: Opening the database
04-30 20:10:02.584  3202  3309 I SQLiteCastStore: 0 CastNetworkInfo instances loaded, 0 CastDeviceInfo instances loaded, 0 paired guest mode devices loaded.
04-30 20:10:02.673  3202  3304 I CastSocket: 29 >= 18. Adding new CastClientAuthKeyManager. [CONTEXT service_id=161 ]
04-30 20:10:02.692  1063  1328 W BroadcastQueue: Background execution not allowed: receiving Intent { act=android.net.wifi.SCAN_RESULTS flg=0x4000010 (has extras) } to com.jio.myjio/.jionet.receiver.WifiScanReceiver
04-30 20:10:02.712  3202  3304 I DiscoveryManager: WifiGuestModeDeviceScanner enabled.
04-30 20:10:02.714  1063  1319 D BluetoothManagerService: MESSAGE_REGISTER_ADAPTER
04-30 20:10:04.151  3251  3251 I /vendor/bin/hw/android.hardware.light@2.0-service-lazy: Process has 1 (of 1 available) client(s) in use after notification android.hardware.light@2.0::ILight has clients: 1
04-30 20:10:09.152  3251  3251 I /vendor/bin/hw/android.hardware.light@2.0-service-lazy: Process has 0 (of 1 available) client(s) in use after notification android.hardware.light@2.0::ILight has clients: 0
04-30 20:10:09.152  3251  3251 I /vendor/bin/hw/android.hardware.light@2.0-service-lazy: Trying to exit HAL. No clients in use for any service in process.
04-30 20:10:09.154  3251  3251 I /vendor/bin/hw/android.hardware.light@2.0-service-lazy: Unregistered all clients and exiting
04-30 20:10:09.569  1063  2779 I ActivityManager: Killing 3128:com.android.cellbroadcastreceiver/u0a50 (adj 940): cached #5
04-30 20:10:10.860   592   649 I chatty  : uid=0(root) /system/vendor/bin/thermal-engine expire 4 lines
04-30 20:10:10.920  2463  2463 D StatusBarNotificationPresenter: calling update notifications on Panel
04-30 20:10:12.139   592   634 I chatty  : uid=0(root) /system/vendor/bin/thermal-engine expire 7 lines
04-30 20:10:17.421   339   339 I chatty  : uid=1000(system) hwservicemanage expire 8 lines
04-30 20:10:17.596  3202  3319 E GmsRequestQueue: Tried to stop global GMSCore RequestQueue. This is likely unintended, so ignoring.
04-30 20:10:19.439  2463  2463 D StatusBar: disable<e i a s b h r c s > disable2<q i n >
04-30 20:10:19.650  2463  2463 D StatusBar: disable<e i a s b h r c s > disable2<q i n >
04-30 20:10:19.678  2463  3341 W RingtonePlayer: STOP command without a player
04-30 20:10:20.696  3346  3346 I chatty  : uid=2000(shell) app_process expire 16 lines
04-30 20:10:20.889   592   649 I chatty  : uid=0(root) /system/vendor/bin/thermal-engine expire 3 lines
04-30 20:10:20.890   592   649 D ThermalEngine: sensor_monitor: xo-therm-adc Sensor wait.
04-30 20:10:20.924   411   411 I netd    : trafficSwapActiveStatsMap() <9.10ms>
04-30 20:10:20.927   411   411 I netd    : tetherGetStats() <2.11ms>
04-30 20:10:20.936   411   411 I netd    : bandwidthSetGlobalAlert(2097152) <0.49ms>
04-30 20:10:21.453  1063  1063 D BluetoothManagerService: Bluetooth persisted state: 0
04-30 20:10:21.454  1063  1063 D BluetoothManagerService: Airplane Mode change - current state:  OFF, isAirplaneModeOn()=true, mEnableExternal: false
04-30 20:10:21.454  1063  3720 I chatty  : uid=1000(system) LocationService expire 16 lines
04-30 20:10:21.480   414   414 D Zygote  : Forked child process 3393
04-30 20:10:21.490  1063  1329 I ActivityManager: Start proc 3393:com.android.carrierdefaultapp/u0a62 for broadcast {com.android.carrierdefaultapp/com.android.carrierdefaultapp.CarrierDefaultBroadcastReceiver}
04-30 20:10:21.576  1063  3411 I chatty  : uid=1000(system) Binder:1063_E expire 6 lines
04-30 20:10:21.604  1063  3411 W ActivityManager: Permission Denial: not allowed to send broadcast android.intent.action.AIRPLANE_MODE from pid=3425, uid=2000
04-30 20:10:21.642  3393  3393 I Perf    : Connecting to perf service.
04-30 20:10:21.664  3393  3393 W rrierdefaultap: Couldn't clamp region space as there are regions in use beyond growth limit.
04-30 20:10:21.668   665  3873 E ANDR-IOP: IIop:: Iop HAL Service is not available.
04-30 20:10:21.671  3393  3393 D CarrierDefaultBroadcastReceiver: onReceive intent: com.android.internal.telephony.CARRIER_SIGNAL_RESET
04-30 20:10:21.690  3393  3393 D CarrierDefaultBroadcastReceiver: apply carrier action idx: 6
04-30 20:10:21.691  3393  3393 D CarrierActionUtils: onCancelAllNotifications
04-30 20:10:21.692  3393  3393 D CarrierDefaultBroadcastReceiver: apply carrier action idx: 8
04-30 20:10:21.692  3393  3393 D CarrierActionUtils: onDisableDefaultURLHandler
04-30 20:10:21.955   492   535 I chatty  : uid=1000(system) HwBinder:492_1 expire 2 lines
04-30 20:10:22.352  3441  3441 I chatty  : uid=2000(shell) app_process expire 16 lines
04-30 20:10:22.378   592   634 D ThermalEngine: zone:20 sensor:skin-therm-adc temp:11250 trip:0 event:0
04-30 20:10:22.385   592   634 D ThermalEngine: zone:2 sensor:pa-therm0-adc temp:38791 trip:0 event:0
04-30 20:10:22.386   592   634 D ThermalEngine: zone:1 sensor:xo-therm-buf-adc temp:40843 trip:0 event:0
04-30 20:10:23.035  1063  3411 W ActivityManager: Permission Denial: not allowed to send broadcast android.intent.action.AIRPLANE_MODE from pid=3470, uid=2000
04-30 20:10:23.869  3483  3483 I chatty  : uid=2000(shell) app_process expire 16 lines
04-30 20:10:24.354  1063  1063 D BluetoothManagerService: Bluetooth persisted state: 0
04-30 20:10:24.354  1063  1063 D BluetoothManagerService: Airplane Mode change - current state:  OFF, isAirplaneModeOn()=false, mEnableExternal: false
04-30 20:10:24.507  1063  3411 W ActivityManager: Permission Denial: not allowed to send broadcast android.intent.action.AIRPLANE_MODE from pid=3521, uid=2000
04-30 20:10:24.695  1063  3411 I ActivityManager: Killing 3202:com.google.android.gms/u0a91 (adj 940): cached #5
04-30 20:10:24.763   339   339 I hwservicemanager: getTransport: Cannot find entry vendor.qti.hardware.iop@2.0::IIop/default in either framework or device manifest.
04-30 20:10:24.764   414   414 I Zygote  : Process 3202 exited due to signal 9 (Killed)
04-30 20:10:24.766   339   339 I hwservicemanager: getTransport: Cannot find entry vendor.qti.hardware.servicetracker@1.0::IServicetracker/default in either framework or device manifest.
04-30 20:10:24.846   492   535 W SDM     : HWPrimary::PopulateDisplayAttributes: Driver doesn't report panel physical width and height - defaulting to 320dpi
04-30 20:10:25.257  3524  3524 I chatty  : uid=2000(shell) app_process expire 16 lines
04-30 20:10:25.934  1063  2779 W ActivityManager: Permission Denial: not allowed to send broadcast android.intent.action.AIRPLANE_MODE from pid=3549, uid=2000
04-30 20:10:27.499   592   634 D ThermalEngine: zone:1 sensor:xo-therm-buf-adc temp:41084 trip:0 event:0
04-30 20:10:27.503   592   634 D ThermalEngine: zone:2 sensor:pa-therm0-adc temp:38846 trip:0 event:0
04-30 20:10:27.505   592   634 D ThermalEngine: zone:20 sensor:skin-therm-adc temp:24018 trip:0 event:0
04-30 20:10:30.913   592   634 D ThermalEngine: zone:0 sensor:xo-therm-adc temp:41325 trip:0 event:0
04-30 20:10:30.913   592   649 D ThermalEngine: sensor_monitor: xo-therm-adc Reading 41325 .
04-30 20:10:30.913   592   649 I ThermalEngine: Sensor:xo-therm-adc:41325 mC
04-30 20:10:30.913   592   649 D ThermalEngine: update_active_thresh: xo-therm-adc Active(1), Hi(1) 43000, Lo(1) 39000, desc(0) Interval(1) 2000
04-30 20:10:30.914   592   649 D ThermalEngine: sensor_monitor: xo-therm-adc Sensor wait.
04-30 20:10:32.044  3562  3562 I chatty  : uid=2000(shell) app_process expire 16 lines
04-30 20:10:32.550  1063  2779 W BluetoothManagerService: checkPackage(): called with null packageName from 2000
04-30 20:10:32.618   592   634 D ThermalEngine: zone:20 sensor:skin-therm-adc temp:11730 trip:0 event:0
04-30 20:10:32.624   592   634 D ThermalEngine: zone:2 sensor:pa-therm0-adc temp:38956 trip:0 event:0
04-30 20:10:32.626   592   634 D ThermalEngine: zone:1 sensor:xo-therm-buf-adc temp:41084 trip:0 event:0
04-30 20:10:33.221  3580  3580 I chatty  : uid=2000(shell) app_process expire 16 lines
04-30 20:10:34.445  3612  3612 I chatty  : uid=2000(shell) app_process expire 16 lines
04-30 20:10:34.905  1063  2779 I chatty  : uid=1000(system) Binder:1063_9 identical 2 lines
04-30 20:10:35.564  3637  3637 I chatty  : uid=2000(shell) app_process expire 16 lines
04-30 20:10:36.018  1063  2779 W BluetoothManagerService: checkPackage(): called with null packageName from 2000
04-30 20:10:37.147  3663  3663 I chatty  : uid=2000(shell) app_process expire 16 lines
04-30 20:10:37.738   592   634 D ThermalEngine: zone:1 sensor:xo-therm-buf-adc temp:41204 trip:0 event:0
04-30 20:10:37.744   592   634 D ThermalEngine: zone:2 sensor:pa-therm0-adc temp:38956 trip:0 event:0
04-30 20:10:37.745   592   634 D ThermalEngine: zone:20 sensor:skin-therm-adc temp:25238 trip:0 event:0
04-30 20:10:38.247  3681  3681 I chatty  : uid=2000(shell) app_process expire 16 lines
04-30 20:10:38.571  1063  2779 I chatty  : uid=1000(system) Binder:1063_9 expire 1 line
04-30 20:10:38.573  1063  3720 I chatty  : uid=1000(system) LocationService expire 16 lines
04-30 20:10:38.574  1063  2391 I chatty  : uid=1000(system) WifiService expire 2 lines
04-30 20:10:38.574  2759  3726 D QCNEJ/WlanStaInfoRelay: onChange for uri = content://settings/global/wifi_on
04-30 20:10:38.582  1063  1063 I chatty  : uid=1000 system_server expire 4 lines
04-30 20:10:38.582  1063  1328 W BroadcastQueue: Background execution not allowed: receiving Intent { act=android.net.wifi.WIFI_STATE_CHANGED flg=0x4000010 (has extras) } to com.jio.media.ondemand/com.jio.media.mobile.apps.jioondemand.mediaplayer.NetworkChangeReceiver
04-30 20:10:38.585  1063  1328 W BroadcastQueue: Background execution not allowed: receiving Intent { act=android.net.wifi.WIFI_STATE_CHANGED flg=0x4000010 (has extras) } to com.jio.media.ondemand/com.jio.media.framework.services.external.network.NetworkChangedBroadcastListener
04-30 20:10:38.585  3315  3478 I chatty  : uid=10045(com.jio.adc.embedded) LR-HT-NT-2 expire 2 lines
04-30 20:10:38.585  1063  1328 W BroadcastQueue: Background execution not allowed: receiving Intent { act=android.net.wifi.WIFI_STATE_CHANGED flg=0x4000010 (has extras) } to com.jio.myjio/.jionet.receiver.WifiScanReceiver
04-30 20:10:38.585  1063  1328 W BroadcastQueue: Background execution not allowed: receiving Intent { act=android.net.wifi.WIFI_STATE_CHANGED flg=0x4000010 (has extras) } to com.jio.myjio/com.bb.lib.receiver.NetworkChangeReceiver
04-30 20:10:38.585  1063  1328 W BroadcastQueue: Background execution not allowed: receiving Intent { act=android.net.wifi.WIFI_STATE_CHANGED flg=0x4000010 (has extras) } to com.jio.myjio/com.inn.passivesdk.receiver.ServiceStarterReceiver
04-30 20:10:38.608   490   547 I LocSvc_SystemStatusOsObserver: DataItem: IS_WIFI_HARDWARE_ON: true >> Wiper
04-30 20:10:38.657   490   561 I LocSvc_api_v02: ---> locClientSendReq line 2345 QMI_LOC_NOTIFY_WIFI_ENABLED_STATUS_REQ_V02
04-30 20:10:38.658   490   879 I LocSvc_ApiV02: <--- globalRespCb line 192 QMI_LOC_NOTIFY_WIFI_ENABLED_STATUS_REQ_V02
04-30 20:10:38.769  3699  3699 I android.hardware.wifi@1.0-service-lazy: Wifi Hal is booting up...
04-30 20:10:38.770  3699  3699 I android.hardware.wifi@1.0-service-lazy: Registering HAL: android.hardware.wifi@1.3::IWifi with name: default
04-30 20:10:38.773  1063  3547 I chatty  : uid=1000(system) HwBinder:1063_5 expire 6 lines
04-30 20:10:38.774  3699  3699 I ServiceManagement: Registered android.hardware.wifi@1.3::IWifi/default (start delay of 190ms)
04-30 20:10:38.774  3699  3699 I chatty  : uid=1010 wifi@1.0-servic expire 16 lines
04-30 20:10:39.150   339   339 I hwservicemanager: Notifying android.hardware.wifi@1.3::IWifi/default they have clients: 1
04-30 20:10:39.333  3700  3700 I chatty  : uid=2000(shell) app_process expire 16 lines
04-30 20:10:39.474   674   674 I wificond: Regulatory domain changed
04-30 20:10:39.488   674   674 E wificond: Failed to find expected wiphy info from NL80211_CMD_GET_WIPHY responses
04-30 20:10:39.488   674   674 I wificond: 2.4Ghz frequencies:
04-30 20:10:39.488   674   674 I wificond: 5Ghz non-DFS frequencies:
04-30 20:10:39.488   674   674 I wificond: 5Ghz DFS frequencies:
04-30 20:10:39.488   674   674 I wificond: Regulatory domain changed
04-30 20:10:39.488   674   674 E wificond: Failed to find expected wiphy info from NL80211_CMD_GET_WIPHY responses
04-30 20:10:39.488   674   674 I wificond: 2.4Ghz frequencies:
04-30 20:10:39.488   674   674 I wificond: 5Ghz non-DFS frequencies:
04-30 20:10:39.488   674   674 I wificond: 5Ghz DFS frequencies:
04-30 20:10:39.493  3699  3699 I android.hardware.wifi@1.0-service-lazy: Wifi HAL started
04-30 20:10:39.494  1063  2393 I chatty  : uid=1000(system) WifiP2pService expire 6 lines
04-30 20:10:39.514  1063  2422 I chatty  : uid=1000(system) EthernetService expire 4 lines
04-30 20:10:39.523  3699  3699 I android.hardware.wifi@1.0-service-lazy: Process has 1 (of 1 available) client(s) in use after notification android.hardware.wifi@1.3::IWifi has clients: 1
04-30 20:10:39.737  3719  3719 I chatty  : uid=1010(wifi) expire 112 lines
04-30 20:10:39.838  3699  3699 I android.hardware.wifi@1.0-service-lazy: Adding interface handle for p2p0
04-30 20:10:39.838  3699  3699 I android.hardware.wifi@1.0-service-lazy: Adding interface handle for wlan0
04-30 20:10:39.838  3699  3699 W android.hardware.wifi@1.0-service-lazy: No active wlan interfaces in use! Using default
04-30 20:10:39.839  3699  3699 W android.hardware.wifi@1.0-service-lazy: No active wlan interfaces in use! Using default
04-30 20:10:39.844  3699  3699 I android.hardware.wifi@1.0-service-lazy: Configured chip in mode 0
04-30 20:10:39.844  3699  3699 W android.hardware.wifi@1.0-service-lazy: No active wlan interfaces in use! Using default
04-30 20:10:39.845  1063  2392 I chatty  : uid=1000(system) ClientModeImpl expire 58 lines
04-30 20:10:39.860   674   674 I wificond: setting base_wiphy_index_ to 2
04-30 20:10:39.862   674   674 I wificond: create scanner for interface with index: 30
04-30 20:10:39.862   674   674 I wificond: subscribe scan result for interface with index: 30
04-30 20:10:39.864   339   339 I hwservicemanager: getTransport: Cannot find entry android.hardware.wifi.offload@1.0::IOffload/default in either framework or device manifest.
04-30 20:10:39.864   674   674 E wificond: No Offload Service available
04-30 20:10:39.865   674   674 I wificond: Offload HAL not supported 
04-30 20:10:39.883  3719  3719 D wpa_supplicant: nl80211: Register frame type=0xd0 (WLAN_FC_STYPE_ACTION) nl_handle=0xb231b228 match=0801
04-30 20:10:39.883  3719  3719 D wpa_supplicant: nl80211: Register frame type=0xd0 (WLAN_FC_STYPE_ACTION) nl_handle=0xb231b228 match=040e
04-30 20:10:39.883  3719  3719 D wpa_supplicant: nl80211: Register frame type=0xd0 (WLAN_FC_STYPE_ACTION) nl_handle=0xb231b228 match=12
04-30 20:10:39.883  3719  3719 D wpa_supplicant: nl80211: Register frame type=0xd0 (WLAN_FC_STYPE_ACTION) nl_handle=0xb231b228 match=06
04-30 20:10:39.883  3719  3719 D wpa_supplicant: nl80211: Register frame type=0xd0 (WLAN_FC_STYPE_ACTION) nl_handle=0xb231b228 match=0a07
04-30 20:10:39.883  3719  3719 D wpa_supplicant: nl80211: Register frame type=0xd0 (WLAN_FC_STYPE_ACTION) nl_handle=0xb231b228 match=0a11
04-30 20:10:39.883  3719  3719 D wpa_supplicant: nl80211: Register frame type=0xd0 (WLAN_FC_STYPE_ACTION) nl_handle=0xb231b228 match=0a0b
04-30 20:10:39.883  3719  3719 D wpa_supplicant: nl80211: Register frame type=0xd0 (WLAN_FC_STYPE_ACTION) nl_handle=0xb231b228 match=0a1a
04-30 20:10:39.884  3719  3719 D wpa_supplicant: nl80211: Register frame type=0xd0 (WLAN_FC_STYPE_ACTION) nl_handle=0xb231b228 match=1101
04-30 20:10:39.884  3719  3719 D wpa_supplicant: nl80211: Register frame type=0xd0 (WLAN_FC_STYPE_ACTION) nl_handle=0xb231b228 match=1102
04-30 20:10:39.884  3719  3719 D wpa_supplicant: nl80211: Register frame type=0xd0 (WLAN_FC_STYPE_ACTION) nl_handle=0xb231b228 match=0505
04-30 20:10:39.884  3719  3719 I wpa_supplicant: rfkill: Cannot open RFKILL control device
04-30 20:10:39.884  3719  3719 D wpa_supplicant: nl80211: RFKILL status not available
04-30 20:10:39.885  3719  3719 D wpa_supplicant: netlink: Operstate: ifindex=30 linkmode=1 (userspace-control), operstate=5 (IF_OPER_DORMANT)
04-30 20:10:39.888  3719  3719 D wpa_supplicant: Add interface wlan0 to a new radio phy2
04-30 20:10:39.889  3719  3719 D wpa_supplicant: nl80211: Regulatory information - country=IN (DFS-ETSI)
04-30 20:10:39.889  3719  3719 D wpa_supplicant: nl80211: 2402-2482 @ 40 MHz 30 mBm
04-30 20:10:39.889  3719  3719 D wpa_supplicant: nl80211: 5170-5250 @ 80 MHz 30 mBm
04-30 20:10:39.889  3719  3719 D wpa_supplicant: nl80211: 5250-5330 @ 80 MHz 24 mBm (DFS)
04-30 20:10:39.889  3719  3719 D wpa_supplicant: nl80211: 5490-5730 @ 160 MHz 24 mBm (DFS)
04-30 20:10:39.889  3719  3719 D wpa_supplicant: nl80211: 5735-5875 @ 80 MHz 30 mBm
04-30 20:10:39.889  3719  3719 D wpa_supplicant: nl80211: Added 802.11b mode based on 802.11g information
04-30 20:10:39.889  3719  3719 D wpa_supplicant: nl80211: Mode IEEE 802.11g: 2412 2417 2422 2427 2432 2437 2442 2447 2452 2457 2462 2467 2472 2484[DISABLED][NO_IR]
04-30 20:10:39.889  3719  3719 D wpa_supplicant: nl80211: Mode IEEE 802.11b: 2412 2417 2422 2427 2432 2437 2442 2447 2452 2457 2462 2467 2472 2484[DISABLED][NO_IR]
04-30 20:10:39.904  3719  3719 D wpa_supplicant: wlan0: Own MAC address: cc:f5:5f:32:5b:c5
04-30 20:10:39.904  3719  3719 D wpa_supplicant: wpa_driver_nl80211_set_key: ifindex=30 (wlan0) alg=0 addr=0x0 key_idx=0 set_tx=0 seq_len=0 key_len=0
04-30 20:10:39.905  3719  3719 D wpa_supplicant: wpa_driver_nl80211_set_key: ifindex=30 (wlan0) alg=0 addr=0x0 key_idx=1 set_tx=0 seq_len=0 key_len=0
04-30 20:10:39.905  3719  3719 D wpa_supplicant: wpa_driver_nl80211_set_key: ifindex=30 (wlan0) alg=0 addr=0x0 key_idx=2 set_tx=0 seq_len=0 key_len=0
04-30 20:10:39.905  3719  3719 D wpa_supplicant: wpa_driver_nl80211_set_key: ifindex=30 (wlan0) alg=0 addr=0x0 key_idx=3 set_tx=0 seq_len=0 key_len=0
04-30 20:10:39.905  3719  3719 D wpa_supplicant: wpa_driver_nl80211_set_key: ifindex=30 (wlan0) alg=0 addr=0x0 key_idx=4 set_tx=0 seq_len=0 key_len=0
04-30 20:10:39.906  3719  3719 D wpa_supplicant: wpa_driver_nl80211_set_key: ifindex=30 (wlan0) alg=0 addr=0x0 key_idx=5 set_tx=0 seq_len=0 key_len=0
04-30 20:10:39.906  3719  3719 D wpa_supplicant: wlan0: RSN: flushing PMKID list in the driver
04-30 20:10:39.906  3719  3719 D wpa_supplicant: nl80211: Flush PMKIDs
04-30 20:10:39.906  3719  3719 D wpa_supplicant: wlan0: State: DISCONNECTED -> INACTIVE
04-30 20:10:39.906  3719  3719 D wpa_supplicant: Notifying state change event to hidl control: 2
04-30 20:10:39.917  3719  3719 D wpa_supplicant: TDLS: TDLS operation supported by driver
04-30 20:10:39.917  3719  3719 D wpa_supplicant: TDLS: Driver uses external link setup
04-30 20:10:39.917  3719  3719 D wpa_supplicant: TDLS: Driver does not support TDLS channel switching
04-30 20:10:39.917  3719  3719 D wpa_supplicant: wlan0: WPS: UUID based on MAC address: e1249385-aadd-515a-9c15-1d9cdd02b282
04-30 20:10:39.918  3719  3719 E wpa_supplicant: eap_proxy: eap_proxy_init
04-30 20:10:39.918  3719  3719 D wpa_supplicant: EAPOL: SUPP_PAE entering state DISCONNECTED
04-30 20:10:39.918  3719  3719 D wpa_supplicant: EAPOL: Supplicant port status: Unauthorized
04-30 20:10:39.918  3719  3719 D wpa_supplicant: nl80211: Skip set_supp_port(unauthorized) while not associated
04-30 20:10:39.918  3719  3719 D wpa_supplicant: EAPOL: KEY_RX entering state NO_KEY_RECEIVE
04-30 20:10:39.918  3719  3719 D wpa_supplicant: EAPOL: SUPP_BE entering state INITIALIZE
04-30 20:10:39.918  3719  3719 D wpa_supplicant: EAP: EAP entering state DISABLED
04-30 20:10:39.918  3719  3719 D wpa_supplicant: nl80211: Setting wowlan
04-30 20:10:39.919  3719  3719 E wpa_supplicant: eap_proxy:eap_proxy_get_imsi: Not initialized
04-30 20:10:39.919  3719  3719 D wpa_supplicant: eap_proxy: IMSI not available
04-30 20:10:39.919  3719  3719 D wpa_supplicant: MBO: Update non-preferred channels, non_pref_chan=N/A
04-30 20:10:39.919  3719  3719 D wpa_supplicant: nl80211: Scan default IEs - hexdump(len=21): 7f 0a 00 00 0a 02 00 40 00 00 00 01 dd 07 50 6f 9a 16 03 01 03
04-30 20:10:39.919  3719  3719 E wpa_supplicant: nl80211: Set scan default IEs failed: ret=-524 (Unknown error 524)
04-30 20:10:39.919  3719  3719 D wpa_supplicant: Registering interface to hidl control: wlan0
04-30 20:10:39.919  3719  3719 I wpa_supplicant: Mapping to vendor sta iface
04-30 20:10:39.919  3719  3719 D wpa_supplicant: wlan0: Added interface wlan0
04-30 20:10:39.919  3719  3719 D wpa_supplicant: wlan0: State: INACTIVE -> DISCONNECTED
04-30 20:10:39.919  3719  3719 D wpa_supplicant: nl80211: Set wlan0 operstate 0->0 (DORMANT)
04-30 20:10:39.919  3719  3719 D wpa_supplicant: netlink: Operstate: ifindex=30 linkmode=-1 (no change), operstate=5 (IF_OPER_DORMANT)
04-30 20:10:39.919  3719  3719 D wpa_supplicant: Notifying state change event to hidl control: 0
04-30 20:10:39.919  3719  3719 E wpa_supplicant: No VendorStaIfaceCallback is register
04-30 20:10:39.921  3719  3750 E wpa_supplicant: eap_proxy: num_modems = 1
04-30 20:10:39.921  3719  3750 E wpa_supplicant: eap_proxy: eap_proxy Initializing for DUAL SIM build 2 tid 3750
04-30 20:10:39.922  3719  3719 D wpa_supplicant: RTM_NEWLINK: ifi_index=30 ifname=wlan0 operstate=2 linkmode=1 ifi_family=0 ifi_flags=0x1003 ([UP])
04-30 20:10:39.924  3719  3750 E QMI_FW  : QMUXD: WARNING qmi_qmux_if_pwr_up_init failed! rc=-6
04-30 20:10:39.928  3719  3750 E wpa_supplicant: eap_proxy: QMI_UIM_EVENT_REG_REQ_V01, qmi_err_code: 0x0 wpa_uim[0].qmi_uim_svc_client_ptr =0x1Error=0x0
04-30 20:10:39.928  3719  3750 E wpa_supplicant: eap_proxy: event_resp_msg.event=1,
04-30 20:10:39.928  3719  3750 E wpa_supplicant: eap_proxy: reading card 1 values
04-30 20:10:39.930  3719  3750 E wpa_supplicant: eap_proxy: card_info[i].card_state: 0x1
04-30 20:10:39.930  3719  3750 E wpa_supplicant: eap_proxy: card_info[i].error_code: 0x0
04-30 20:10:39.930  3719  3750 E wpa_supplicant: eap_proxy: read_card_status: prime slot = 0
04-30 20:10:39.930  3719  3750 E wpa_supplicant: eap_proxy: card READY
04-30 20:10:39.930  3719  3750 E wpa_supplicant: eap_proxy: card_info[i].app_type: 0x2
04-30 20:10:39.930  3719  3750 E wpa_supplicant: eap_proxy: card_info[i].app_state : 0x7
04-30 20:10:39.930  3719  3750 E wpa_supplicant: eap_proxy: card found for SIM = 1
04-30 20:10:39.930  3719  3750 E wpa_supplicant: eap_proxy: SIM/USIM ready
04-30 20:10:39.930  3719  3750 E wpa_supplicant: eap_proxy: QMI uim service client initialized with success tid is 3750 0x1 0
04-30 20:10:39.930  3719  3750 E wpa_supplicant: eap_proxy: QMI auth service client initialized with success tid is 3750  0x2 eapol_proxy=0x8982d11c
04-30 20:10:39.930  3719  3750 E wpa_supplicant: registering for notification codes
04-30 20:10:39.931  3719  3719 I wpa_supplicant: get vendor sta iface object
04-30 20:10:39.932  3719  3750 E wpa_supplicant: eap_proxy: QMI_UIM_EVENT_REG_REQ_V01, qmi_err_code: 0x0 wpa_uim[1].qmi_uim_svc_client_ptr =0x3Error=0x0
04-30 20:10:39.932  3719  3750 E wpa_supplicant: eap_proxy: event_resp_msg.event=1,
04-30 20:10:39.932  3719  3750 E wpa_supplicant: eap_proxy: reading card 2 values
04-30 20:10:39.933  3719  3750 E wpa_supplicant: eap_proxy: SIM/USIM not ready card_found=0
04-30 20:10:39.933  3719  3750 E wpa_supplicant: eap_proxy: Error while reading SIM card status
04-30 20:10:39.933  3719  3750 E wpa_supplicant: eap_proxy: QMI uim service client initialized with success tid is 3750 0x3 0
04-30 20:10:39.933  3719  3750 E wpa_supplicant: eap_proxy: QMI auth service client initialized with success tid is 3750  0x4 eapol_proxy=0x8982d11c
04-30 20:10:39.933  3719  3750 E wpa_supplicant: registering for notification codes
04-30 20:10:39.934  3719  3750 E wpa_supplicant: eap_proxy: Eap_proxy initialized successfully tid is 3750 
04-30 20:10:39.960   411   411 I netd    : interfaceGetCfg("wlan0") <9.55ms>
04-30 20:10:39.966   411   411 I netd    : interfaceClearAddrs("wlan0") <3.37ms>
04-30 20:10:39.967   411   411 I netd    : interfaceSetIPv6PrivacyExtensions("wlan0", "true") <0.30ms>
04-30 20:10:39.968   411   411 I netd    : interfaceSetEnableIPv6("wlan0", "false") <0.23ms>
04-30 20:10:39.980   411   411 I netd    : interfaceGetCfg("wlan0") <0.52ms>
04-30 20:10:39.984  1063  1328 W BroadcastQueue: Background execution not allowed: receiving Intent { act=android.net.wifi.WIFI_STATE_CHANGED flg=0x4000010 (has extras) } to com.jio.media.ondemand/com.jio.media.mobile.apps.jioondemand.mediaplayer.NetworkChangeReceiver
04-30 20:10:39.984  1063  1328 W BroadcastQueue: Background execution not allowed: receiving Intent { act=android.net.wifi.WIFI_STATE_CHANGED flg=0x4000010 (has extras) } to com.jio.media.ondemand/com.jio.media.framework.services.external.network.NetworkChangedBroadcastListener
04-30 20:10:39.985  1063  1328 W BroadcastQueue: Background execution not allowed: receiving Intent { act=android.net.wifi.WIFI_STATE_CHANGED flg=0x4000010 (has extras) } to com.jio.myjio/.jionet.receiver.WifiScanReceiver
04-30 20:10:39.985  1063  1328 W BroadcastQueue: Background execution not allowed: receiving Intent { act=android.net.wifi.WIFI_STATE_CHANGED flg=0x4000010 (has extras) } to com.jio.myjio/com.bb.lib.receiver.NetworkChangeReceiver
04-30 20:10:39.985  1063  1328 W BroadcastQueue: Background execution not allowed: receiving Intent { act=android.net.wifi.WIFI_STATE_CHANGED flg=0x4000010 (has extras) } to com.jio.myjio/com.inn.passivesdk.receiver.ServiceStarterReceiver
04-30 20:10:39.986  1063  1328 I ActivityManager: Killing 3258:com.google.process.gservices/u0a91 (adj 940): cached #5
04-30 20:10:39.999   411   411 I netd    : interfaceSetEnableIPv6("wlan0", "false") <0.13ms>
04-30 20:10:40.001   411   411 I netd    : interfaceClearAddrs("wlan0") <0.73ms>
04-30 20:10:40.001   339   339 I hwservicemanager: getTransport: Cannot find entry vendor.qti.hardware.iop@2.0::IIop/default in either framework or device manifest.
04-30 20:10:40.007  1063  2394 I chatty  : uid=1000(system) WifiScanningSer expire 2 lines
04-30 20:10:40.017  3315  3186 I chatty  : uid=10045(com.jio.adc.embedded) pool-5-thread-2 expire 3 lines
04-30 20:10:40.017  3315  3185 I chatty  : uid=10045(com.jio.adc.embedded) pool-4-thread-2 expire 7 lines
04-30 20:10:40.019  3315  3181 I chatty  : uid=10045(com.jio.adc.embedded) pool-9-thread-2 expire 6 lines
04-30 20:10:40.020  3315  3187 I chatty  : uid=10045(com.jio.adc.embedded) pool-3-thread-3 expire 5 lines
04-30 20:10:40.040  3315  3183 I chatty  : uid=10045(com.jio.adc.embedded) pool-6-thread-2 expire 7 lines
04-30 20:10:40.050  3719  3719 I wpa_supplicant: wlan0: CTRL-EVENT-REGDOM-CHANGE init=USER type=COUNTRY alpha2=IN
04-30 20:10:40.052  3699  3699 E WifiHAL : wifi_start_pkt_fate_monitoring: packet fate logging feature not supported 0
04-30 20:10:40.057  3699  3699 E WifiHAL : wifi_get_ring_buffers_status: Ring buffer logging feature not supported 0
04-30 20:10:40.070   492   535 W SDM     : HWPrimary::PopulateDisplayAttributes: Driver doesn't report panel physical width and height - defaulting to 320dpi
04-30 20:10:40.092   414   414 I Zygote  : Process 3258 exited due to signal 9 (Killed)
04-30 20:10:40.093   339   339 I hwservicemanager: getTransport: Cannot find entry vendor.qti.hardware.iop@2.0::IIop/default in either framework or device manifest.
04-30 20:10:40.096   339   339 I hwservicemanager: getTransport: Cannot find entry vendor.qti.hardware.servicetracker@1.0::IServicetracker/default in either framework or device manifest.
04-30 20:10:40.130  1063  1330 I chatty  : uid=1000(system) ActivityManager expire 1 line
04-30 20:10:40.252  3315  3178 I chatty  : uid=10045(com.jio.adc.embedded) pool-1-thread-3 expire 1 line
04-30 20:10:40.502   492   535 W SDM     : HWPrimary::PopulateDisplayAttributes: Driver doesn't report panel physical width and height - defaulting to 320dpi
04-30 20:10:40.570  3746  3746 I chatty  : uid=2000(shell) app_process expire 16 lines
04-30 20:10:40.793  1063  3930 I chatty  : uid=1000(system) Binder:1063_16 expire 3 lines
04-30 20:10:40.803  1063  1328 W BroadcastQueue: Background execution not allowed: receiving Intent { act=android.net.wifi.SCAN_RESULTS flg=0x4000010 (has extras) } to com.jio.myjio/.jionet.receiver.WifiScanReceiver
04-30 20:10:40.836  2903  3576 I ChimeraSrvcProxy: NullBinder for android.net.action.RECOMMEND_NETWORKS triggering remote TransactionTooLargeException due to Service without Chimera impl
04-30 20:10:40.938   592   634 D ThermalEngine: zone:0 sensor:xo-therm-adc temp:41626 trip:0 event:0
04-30 20:10:40.938   592   649 D ThermalEngine: sensor_monitor: xo-therm-adc Reading 41626 .
04-30 20:10:40.938   592   649 I ThermalEngine: Sensor:xo-therm-adc:41626 mC
04-30 20:10:40.938   592   649 D ThermalEngine: update_active_thresh: xo-therm-adc Active(1), Hi(1) 43000, Lo(1) 39000, desc(0) Interval(1) 2000
04-30 20:10:40.939   592   649 D ThermalEngine: sensor_monitor: xo-therm-adc Sensor wait.
04-30 20:10:41.900  3779  3779 I chatty  : uid=2000(shell) app_process expire 16 lines
04-30 20:10:42.858   592   634 D ThermalEngine: zone:20 sensor:skin-therm-adc temp:10769 trip:0 event:0
04-30 20:10:42.860   592   634 D ThermalEngine: zone:2 sensor:pa-therm0-adc temp:39065 trip:0 event:0
04-30 20:10:42.861   592   634 D ThermalEngine: zone:1 sensor:xo-therm-buf-adc temp:41566 trip:0 event:0
04-30 20:10:42.982  3809  3809 I chatty  : uid=2000(shell) app_process expire 16 lines
04-30 20:10:43.315  2759  3726 D QCNEJ/WlanStaInfoRelay: onChange for uri = content://settings/global/wifi_on
04-30 20:10:43.316   490   547 I LocSvc_SystemStatusOsObserver: DataItem: IS_WIFI_HARDWARE_ON: false >> Wiper
04-30 20:10:43.316   490   561 I LocSvc_api_v02: ---> locClientSendReq line 2345 QMI_LOC_NOTIFY_WIFI_ENABLED_STATUS_REQ_V02
04-30 20:10:43.318   674   674 W wificond: No pno scan started
04-30 20:10:43.319   490   879 I LocSvc_ApiV02: <--- globalRespCb line 192 QMI_LOC_NOTIFY_WIFI_ENABLED_STATUS_REQ_V02
04-30 20:10:43.319   674   674 W wificond: Scheduled scan is not running!
04-30 20:10:43.320  1063  1328 W BroadcastQueue: Background execution not allowed: receiving Intent { act=android.net.wifi.WIFI_STATE_CHANGED flg=0x4000010 (has extras) } to com.jio.media.ondemand/com.jio.media.mobile.apps.jioondemand.mediaplayer.NetworkChangeReceiver
04-30 20:10:43.322   674   674 W wificond: No pno scan started
04-30 20:10:43.322   674   674 W wificond: Scheduled scan is not running!
04-30 20:10:43.323  3315  3478 I chatty  : uid=10045(com.jio.adc.embedded) LR-HT-NT-2 expire 2 lines
04-30 20:10:43.324  1063  1328 W BroadcastQueue: Background execution not allowed: receiving Intent { act=android.net.wifi.WIFI_STATE_CHANGED flg=0x4000010 (has extras) } to com.jio.media.ondemand/com.jio.media.framework.services.external.network.NetworkChangedBroadcastListener
04-30 20:10:43.324  1063  1328 W BroadcastQueue: Background execution not allowed: receiving Intent { act=android.net.wifi.WIFI_STATE_CHANGED flg=0x4000010 (has extras) } to com.jio.myjio/.jionet.receiver.WifiScanReceiver
04-30 20:10:43.326  1063  1328 W BroadcastQueue: Background execution not allowed: receiving Intent { act=android.net.wifi.WIFI_STATE_CHANGED flg=0x4000010 (has extras) } to com.jio.myjio/com.bb.lib.receiver.NetworkChangeReceiver
04-30 20:10:43.326  1063  1328 W BroadcastQueue: Background execution not allowed: receiving Intent { act=android.net.wifi.WIFI_STATE_CHANGED flg=0x4000010 (has extras) } to com.jio.myjio/com.inn.passivesdk.receiver.ServiceStarterReceiver
04-30 20:10:43.326  3699  3699 W android.hardware.wifi@1.0-service-lazy: No active wlan interfaces in use! Using default
04-30 20:10:43.336  3719  3719 I wpa_supplicant: wlan0: Do not deauthenticate as part of interface deinit since WoWLAN is enabled
04-30 20:10:43.357  3719  3719 E wpa_supplicant: eap_proxy: pthread_join on eap_proxy=0x8982d11c
04-30 20:10:43.357  3719  3719 E wpa_supplicant: eap_proxy: session not started for client = 1
04-30 20:10:43.358  3719  3719 E wpa_supplicant: eap_proxy: Released QMI UIM service client
04-30 20:10:43.359  3719  3719 E wpa_supplicant: eap_proxy: Released QMI EAP service client
04-30 20:10:43.359  3719  3719 E wpa_supplicant: eap_proxy: session not started for client = 2
04-30 20:10:43.360  3719  3719 E wpa_supplicant: eap_proxy: Released QMI UIM service client
04-30 20:10:43.360  3719  3719 E wpa_supplicant: eap_proxy: Released QMI EAP service client
04-30 20:10:43.360  3719  3719 I wpa_supplicant: eap_proxy: eap_proxy Deinitialzed
04-30 20:10:43.363   492   535 W SDM     : HWPrimary::PopulateDisplayAttributes: Driver doesn't report panel physical width and height - defaulting to 320dpi
04-30 20:10:43.403  3719  3719 I wpa_supplicant: nl80211: deinit ifname=wlan0 disabled_11b_rates=0
04-30 20:10:43.436  3719  3719 I wpa_supplicant: Try to unregister vendor interface
04-30 20:10:43.440   674   674 I wificond: Unsubscribe scan result for interface with index: 30
04-30 20:10:43.493  3719  3719 I wpa_supplicant: Terminating...
04-30 20:10:43.524  1063  2736 I chatty  : uid=1000(system) HwBinder:1063_4 expire 1 line
04-30 20:10:43.525  1063  1688 I chatty  : uid=1000(system) HwBinder:1063_2 expire 1 line
04-30 20:10:43.525  1063  1325 I chatty  : uid=1000(system) HwBinder:1063_1 expire 1 line
04-30 20:10:43.533  3699  3699 I chatty  : uid=2000(shell) wifi@1.0-servic expire 3 lines
04-30 20:10:43.534  3699  3699 I WifiHAL : Sent msg on exit sock to unblock poll()
04-30 20:10:43.535  3699  3749 I WifiHAL : exit_event_handler, buf=E
04-30 20:10:43.535  3699  3749 E WifiHAL : wlan_service_update_sys_param: unable to open /proc/sys/net/ipv4/tcp_limit_output_bytes
04-30 20:10:43.536  3699  3749 E WifiHAL : wlan_service_update_sys_param: unable to open /proc/sys/net/ipv4/tcp_use_userconfig
04-30 20:10:43.536  3699  3749 E WifiHAL : wlan_service_update_sys_param: unable to open /proc/sys/net/ipv4/tcp_adv_win_scale
04-30 20:10:43.536  3699  3749 I android.hardware.wifi@1.0-service-lazy: Legacy HAL stop complete callback received
04-30 20:10:43.536  3699  3749 I WifiHAL : wifi_event_loop() exits success
04-30 20:10:43.538  3699  3699 E libc    : Access denied finding property "sys.powerctl"
04-30 20:10:43.716  1063  3511 I chatty  : uid=1000(system) Binder:1063_15 expire 1 line
04-30 20:10:43.827   492   541 W SDM     : HWPrimary::PopulateDisplayAttributes: Driver doesn't report panel physical width and height - defaulting to 320dpi
04-30 20:10:44.272  3828  3828 I chatty  : uid=2000(shell) app_process expire 7 lines
04-30 20:10:44.283  3828  3828 I AndroidRuntime: Leaving lock profiling enabled
04-30 20:10:44.283  3828  3828 E libc    : Access denied finding property "persist.device_config.runtime_native_boot.enable_generational_cc"
04-30 20:10:44.296  3828  3828 W app_process: Could not reserve sentinel fault page
04-30 20:10:44.296  3828  3828 I app_process: Core platform API reporting enabled, enforcing=false
04-30 20:10:44.348  3699  3699 I android.hardware.wifi@1.0-service-lazy: Wifi HAL stopped
04-30 20:10:44.352  1063  2392 I chatty  : uid=1000(system) ClientModeImpl expire 2 lines
04-30 20:10:44.353  1063  1328 W BroadcastQueue: Background execution not allowed: receiving Intent { act=android.net.wifi.STATE_CHANGE flg=0x4000010 (has extras) } to com.jio.myjio/.jionet.receiver.WifiScanReceiver
