--------- beginning of crash
04-28 11:05:08.839  1105  1105 E AndroidRuntime: FATAL EXCEPTION: main
04-28 11:05:08.839  1105  1105 E AndroidRuntime: Process: com.android.calendar, PID: 1105
04-28 11:05:08.839  1105  1105 E AndroidRuntime: java.lang.NullPointerException: Attempt to invoke virtual method 'int[] android.appwidget.AppWidgetManager.getAppWidgetIds(android.content.ComponentName)' on a null object reference
04-28 11:05:08.839  1105  1105 E AndroidRuntime: 	at com.android.calendar.widget.CalendarAppWidgetService$CalendarFactory.onLoadComplete(CalendarAppWidgetService.java:546)
04-28 11:05:08.839  1105  1105 E AndroidRuntime: 	at com.android.calendar.widget.CalendarAppWidgetService$CalendarFactory.onLoadComplete(CalendarAppWidgetService.java:113)
04-28 11:05:08.839  1105  1105 E AndroidRuntime: 	at android.content.Loader.deliverResult(Loader.java:157)
04-28 11:05:08.839  1105  1105 E AndroidRuntime: 	at android.content.CursorLoader.deliverResult(CursorLoader.java:116)
04-28 11:05:08.839  1105  1105 E AndroidRuntime: 	at android.content.CursorLoader.deliverResult(CursorLoader.java:46)
04-28 11:05:08.839  1105  1105 E AndroidRuntime: 	at android.content.AsyncTaskLoader.dispatchOnLoadComplete(AsyncTaskLoader.java:274)
04-28 11:05:08.839  1105  1105 E AndroidRuntime: 	at android.content.AsyncTaskLoader$LoadTask.onPostExecute(AsyncTaskLoader.java:97)
04-28 11:05:08.839  1105  1105 E AndroidRuntime: 	at android.os.AsyncTask.finish(AsyncTask.java:755)
04-28 11:05:08.839  1105  1105 E AndroidRuntime: 	at android.os.AsyncTask.access$900(AsyncTask.java:192)
04-28 11:05:08.839  1105  1105 E AndroidRuntime: 	at android.os.AsyncTask$InternalHandler.handleMessage(AsyncTask.java:772)
04-28 11:05:08.839  1105  1105 E AndroidRuntime: 	at android.os.Handler.dispatchMessage(Handler.java:107)
04-28 11:05:08.839  1105  1105 E AndroidRuntime: 	at android.os.Looper.loop(Looper.java:214)
04-28 11:05:08.839  1105  1105 E AndroidRuntime: 	at android.app.ActivityThread.main(ActivityThread.java:7397)
04-28 11:05:08.839  1105  1105 E AndroidRuntime: 	at java.lang.reflect.Method.invoke(Native Method)
04-28 11:05:08.839  1105  1105 E AndroidRuntime: 	at com.android.internal.os.RuntimeInit$MethodAndArgsCaller.run(RuntimeInit.java:492)
04-28 11:05:08.839  1105  1105 E AndroidRuntime: 	at com.android.internal.os.ZygoteInit.main(ZygoteInit.java:935)
04-28 11:06:30.042  3026  3026 E AndroidRuntime: FATAL EXCEPTION: main
04-28 11:06:30.042  3026  3026 E AndroidRuntime: Process: com.android.calendar, PID: 3026
04-28 11:06:30.042  3026  3026 E AndroidRuntime: java.lang.NullPointerException: Attempt to invoke virtual method 'int[] android.appwidget.AppWidgetManager.getAppWidgetIds(android.content.ComponentName)' on a null object reference
04-28 11:06:30.042  3026  3026 E AndroidRuntime: 	at com.android.calendar.widget.CalendarAppWidgetService$CalendarFactory.onLoadComplete(CalendarAppWidgetService.java:546)
04-28 11:06:30.042  3026  3026 E AndroidRuntime: 	at com.android.calendar.widget.CalendarAppWidgetService$CalendarFactory.onLoadComplete(CalendarAppWidgetService.java:113)
04-28 11:06:30.042  3026  3026 E AndroidRuntime: 	at android.content.Loader.deliverResult(Loader.java:157)
04-28 11:06:30.042  3026  3026 E AndroidRuntime: 	at android.content.CursorLoader.deliverResult(CursorLoader.java:116)
04-28 11:06:30.042  3026  3026 E AndroidRuntime: 	at android.content.CursorLoader.deliverResult(CursorLoader.java:46)
04-28 11:06:30.042  3026  3026 E AndroidRuntime: 	at android.content.AsyncTaskLoader.dispatchOnLoadComplete(AsyncTaskLoader.java:274)
04-28 11:06:30.042  3026  3026 E AndroidRuntime: 	at android.content.AsyncTaskLoader$LoadTask.onPostExecute(AsyncTaskLoader.java:97)
04-28 11:06:30.042  3026  3026 E AndroidRuntime: 	at android.os.AsyncTask.finish(AsyncTask.java:755)
04-28 11:06:30.042  3026  3026 E AndroidRuntime: 	at android.os.AsyncTask.access$900(AsyncTask.java:192)
04-28 11:06:30.042  3026  3026 E AndroidRuntime: 	at android.os.AsyncTask$InternalHandler.handleMessage(AsyncTask.java:772)
04-28 11:06:30.042  3026  3026 E AndroidRuntime: 	at android.os.Handler.dispatchMessage(Handler.java:107)
04-28 11:06:30.042  3026  3026 E AndroidRuntime: 	at android.os.Looper.loop(Looper.java:214)
04-28 11:06:30.042  3026  3026 E AndroidRuntime: 	at android.app.ActivityThread.main(ActivityThread.java:7397)
04-28 11:06:30.042  3026  3026 E AndroidRuntime: 	at java.lang.reflect.Method.invoke(Native Method)
04-28 11:06:30.042  3026  3026 E AndroidRuntime: 	at com.android.internal.os.RuntimeInit$MethodAndArgsCaller.run(RuntimeInit.java:492)
04-28 11:06:30.042  3026  3026 E AndroidRuntime: 	at com.android.internal.os.ZygoteInit.main(ZygoteInit.java:935)
04-28 11:09:04.008  3791  3967 F libc    : Fatal signal 11 (SIGSEGV), code 1 (SEGV_MAPERR), fault addr 0x10 in tid 3967 (Binder:3791_1), pid 3791 (Shutdown thread)
--------- beginning of system
04-28 14:46:44.972  2478  2478 I PowerUI.Notification: show battery full warning: level=100 [1] 
04-28 14:46:45.012  2478  2478 I PowerUI.Notification: show battery full warning: level=100 [1] 
04-28 14:46:45.093  1080   811 I chatty  : uid=1000(system) Binder:1080_20 expire 3 lines
04-28 14:46:45.505  2694  2694 E ActivityThread: Failed to find provider info for com.jio.os.content.ContentFeedProvider
04-28 14:46:45.516  1080  1344 I chatty  : uid=1000(system) PowerManagerSer expire 2 lines
04-28 14:46:53.894  1080  3714 I chatty  : uid=1000(system) Binder:1080_13 expire 1 line
04-28 14:47:06.519  2478  2478 I PowerUI.Notification: show battery full warning: level=100 [1] 
04-28 14:47:10.397  1080  2586 I chatty  : uid=1000(system) Binder:1080_5 expire 2 lines
04-28 14:47:10.500  1080  3288 I chatty  : uid=1000(system) Binder:1080_C expire 1 line
04-28 14:47:10.500  1080  2947 I chatty  : uid=1000(system) Binder:1080_B expire 1 line
04-28 14:47:11.829  1080  2853 I chatty  : uid=1000(system) Binder:1080_1A expire 7 lines
04-28 14:47:17.656  1080   991 I chatty  : uid=1000 system_server expire 1 line
04-28 14:47:30.209   681   681 I chatty  : uid=1010(wifi) /system/bin/wificond expire 115 lines
04-28 14:47:30.243  2893  2893 I chatty  : uid=1010(wifi) app_process expire 12 lines
04-28 14:47:30.786  1080  1321 I chatty  : uid=1000(system) ActivityManager expire 17 lines
04-28 14:47:31.032  1080  1327 I chatty  : uid=1000(system) batterystats-wo expire 2 lines
04-28 14:47:35.308  1080  1080 I chatty  : uid=1000 system_server expire 11 lines
04-28 14:47:35.564  2893  1263 I chatty  : uid=1010(wifi) app_process expire 1 line
04-28 14:47:45.473  1080  1322 I chatty  : uid=1000(system) ActivityManager expire 4 lines
04-28 14:47:45.523  1080  1174 I chatty  : uid=1000(system) Binder:1080_1 expire 3 lines
04-28 14:47:46.000  1080  1211 I chatty  : uid=1000(system) Binder:1080_17 expire 1 line
04-28 14:48:02.503  1080  1344 I chatty  : uid=1000(system) PowerManagerSer expire 2 lines
04-28 14:48:18.084  1080   985 I chatty  : uid=1000(system) Binder:1080_15 expire 11 lines
04-28 14:48:21.618  2478  2478 I PowerUI.Notification: show battery full warning: level=100 [1] 
04-28 14:48:21.713  2478  2478 I chatty  : uid=10095(com.android.systemui) identical 1 line
04-28 14:48:21.754  2478  2478 I PowerUI.Notification: show battery full warning: level=100 [1] 
04-28 14:49:03.979  1080  1320 I chatty  : uid=1000(system) android.bg expire 2 lines
04-28 14:49:06.520  2478  2478 I PowerUI.Notification: show battery full warning: level=100 [1] 
04-28 14:49:37.392  1080  1309 I chatty  : uid=1000(system) android.ui expire 2 lines
04-28 14:50:00.312  1080  1080 I chatty  : uid=1000 system_server expire 4 lines
04-28 14:50:00.355  1080  1321 I chatty  : uid=1000(system) ActivityManager expire 22 lines
04-28 14:50:00.561  2457  2457 I chatty  : uid=1010(wifi) /vendor/bin/hw/android.hardware.wifi@1.0-service-lazy expire 3 lines
04-28 14:50:01.483   681   681 I chatty  : uid=1010(wifi) /system/bin/wificond expire 120 lines
04-28 14:50:01.514  2457  2457 I chatty  : uid=1010(wifi) /vendor/bin/hw/android.hardware.wifi@1.0-service-lazy expire 12 lines
04-28 14:50:08.018  2457  2501 I chatty  : uid=1010(wifi) /vendor/bin/hw/android.hardware.wifi@1.0-service-lazy expire 1 line
04-28 14:50:52.109  1080  2917 I chatty  : uid=1000(system) Binder:1080_9 expire 6 lines
04-28 14:51:01.292  1080  3556 I chatty  : uid=1000(system) Binder:1080_11 expire 2 lines
04-28 14:51:01.859  1080  1314 I chatty  : uid=1000(system) android.display expire 11 lines
04-28 14:51:02.095  1080   985 I chatty  : uid=1000(system) Binder:1080_15 expire 49 lines
04-28 14:51:02.372  1080  1080 I chatty  : uid=1000 system_server expire 78 lines
04-28 14:51:02.619  3152  3152 I TelecomFramework: UserCallIntentProcessor: sendIntentToDestination: trampoline to Telecom.: UCA.oC@AAA
04-28 14:51:02.663  3152  3152 I TelecomFramework: UserCallActivity: onCreate done
04-28 14:51:02.900  1080  1322 I chatty  : uid=1000(system) ActivityManager expire 10 lines
04-28 14:51:02.902  1080  2899 I chatty  : uid=1000(system) uteStateMachine expire 17 lines
04-28 14:51:02.903  1080  2901 I chatty  : uid=1000(system) CallAudioModeSt expire 9 lines
04-28 14:51:03.531  3184  3184 D ActivityThread: Loading provider contacts;com.android.contacts: com.android.providers.contacts.ContactsProvider2
04-28 14:51:06.795  1080   811 I chatty  : uid=1000(system) Binder:1080_20 expire 5 lines
04-28 14:51:07.415  1080  1313 I chatty  : uid=1000(system) android.io expire 9 lines
04-28 14:51:08.147  1080  2749 I chatty  : uid=1000(system) Binder:1080_8 expire 4 lines
04-28 14:51:08.236  1080  2853 I chatty  : uid=1000(system) Binder:1080_1A expire 5 lines
04-28 14:51:08.794  3152  3152 I TelecomFramework: UserCallIntentProcessor: sendIntentToDestination: trampoline to Telecom.: UCA.oC@AAE
04-28 14:51:08.799  1080  2586 I chatty  : uid=1000(system) Binder:1080_5 expire 5 lines
04-28 14:51:08.808  3152  3152 I TelecomFramework: UserCallActivity: onCreate done
04-28 14:51:09.119  2826  2826 I Telephony: TelephonyConnectionService: createConnectionFailed TC@3: (SBC.oSC)->CS.crCoF->H.CS.crCoF->H.CS.crCoF.pICR@E-BGU
04-28 14:51:09.202  1080  1321 I chatty  : uid=1000(system) ActivityManager expire 47 lines
04-28 14:51:10.643  1080  2902 I chatty  : uid=1000(system) ConnectionSvrFo expire 1 line
04-28 14:51:10.770  1080  2722 I chatty  : uid=1000(system) Binder:1080_7 expire 5 lines
04-28 14:51:10.772  2826  2826 I Telephony: TelephonyConnectionService: onCreateOutgoingConnection, request: ConnectionRequest xxxxxxxxxxxxxxxxxxx Bundle[org.codeaurora.extra.CALL_DOMAIN=0, android.telecom.extra.START_CALL_WITH_VIDEO_STATE=0, android.telecom.extra.CALL_TELECOM_ROUTING_END_TIME_MILLIS=13916084, android.telecom.extra.CALL_TELECOM_ROUTING_START_TIME_MILLIS=13916084, ]: (SBC.oSC)->CS.crCo->H.CS.crCo->H.CS.crCo.pICR@E-BGs
04-28 14:51:10.823  2826  2826 I Telephony: GsmConnection: isAddParticipantCapable: isCapable = false: (SBC.oSC)->CS.crCo->H.CS.crCo->H.CS.crCo.pICR@E-BGs
04-28 14:51:10.823  2826  2826 I Telephony: TelephonyConnectionService: updatePhoneAccount setPhoneAccountHandle, account = ComponentInfo{com.android.phone/com.android.services.telephony.TelephonyConnectionService}, ***, UserHandle{0}: (SBC.oSC)->CS.crCo->H.CS.crCo->H.CS.crCo.pICR@E-BGs
04-28 14:51:11.191  2826  2826 I Telephony: GsmConnection: isAddParticipantCapable: isCapable = false: (SBC.oSC)->CS.crCo->H.CS.crCo->H.CS.crCo.pICR@E-BGs
04-28 14:51:11.276  2826  2826 I chatty  : uid=1001(radio) com.android.phone identical 3 lines
04-28 14:51:11.371  2826  2826 I Telephony: GsmConnection: isAddParticipantCapable: isCapable = false: (SBC.oSC)->CS.crCo->H.CS.crCo->H.CS.crCo.pICR@E-BGs
04-28 14:51:11.405  2826  2826 I Telephony: GsmConnection: isAddParticipantCapable: isCapable = false
04-28 14:51:11.422  2826  2826 I Telephony: GsmConnection: isAddParticipantCapable: isCapable = false
04-28 14:51:11.427  2826  2826 I Telephony: GsmConnection: isAddParticipantCapable: isCapable = false
04-28 14:51:11.497  3301  3301 W ContextImpl: Calling a method in the system process without a qualified user: android.app.ContextImpl.startService:1570 android.content.ContextWrapper.startService:669 com.redbend.app.SmmService.sendIntentEvent:373 com.redbend.client.ClientService.sendEvent:586 com.redbend.client.ClientService$DilPhoneStateListener.sendVoiceCallUpdate:1737 
04-28 14:51:11.922  2826  2826 I Telephony: TelephonyConnectionService: notifyCreateConnectionComplete TC@2_1: (...->CSW.hCCC)->CS.crCoC->H.CS.crCoC@E-E-E-BGs
04-28 14:51:11.924  1080  1545 I chatty  : uid=1000(system) Binder:1080_3 expire 3 lines
04-28 14:51:11.925  2826  2826 I Telephony: TelephonyConnectionService: updatePhoneAccount setPhoneAccountHandle, account = ComponentInfo{com.android.phone/com.android.services.telephony.TelephonyConnectionService}, ***, UserHandle{0}: (...->CSW.hCCC)->CS.crCoC->H.CS.crCoC@E-E-E-BGs
04-28 14:51:14.044  2826  2826 I Telephony: GsmConnection: isAddParticipantCapable: isCapable = false
04-28 14:51:14.046  1080  1175 I chatty  : uid=1000(system) Binder:1080_2 expire 7 lines
04-28 14:51:14.110  2826  2826 I Telephony: GsmConnection: isAddParticipantCapable: isCapable = false
04-28 14:51:14.121  2826  2826 I Telephony: GsmConnection: isAddParticipantCapable: isCapable = false
04-28 14:51:16.661  2826  2826 I Telephony: GsmConnection: isAddParticipantCapable: isCapable = false
04-28 14:51:16.665  2826  2826 I Telephony: GsmConnection: isAddParticipantCapable: isCapable = false
04-28 14:51:16.902  2826  3725 I Telephony: : onDisconnect: callId=TC@2_1, cause=LOCAL
04-28 14:51:16.909  2826  2826 I Telephony: GsmConnection: isAddParticipantCapable: isCapable = false
04-28 14:51:16.909  1080  3418 I chatty  : uid=1000(system) Binder:1080_F expire 16 lines
04-28 14:51:16.909  2826  2826 I Telephony: GsmConnection: isAddParticipantCapable: isCapable = false
04-28 14:51:16.931  3301  3301 W ContextImpl: Calling a method in the system process without a qualified user: android.app.ContextImpl.startService:1570 android.content.ContextWrapper.startService:669 com.redbend.app.SmmService.sendIntentEvent:373 com.redbend.client.ClientService.sendEvent:586 com.redbend.client.ClientService$DilPhoneStateListener.sendVoiceCallUpdate:1737 
04-28 14:51:16.978  1080  3291 I chatty  : uid=1000(system) Binder:1080_E expire 1 line
04-28 14:51:16.994  1080   985 I chatty  : uid=1000(system) Binder:1080_15 expire 9 lines
04-28 14:51:17.008  1080  2899 I chatty  : uid=1000(system) uteStateMachine expire 14 lines
04-28 14:51:17.136  1080  1080 I chatty  : uid=1000 system_server expire 12 lines
04-28 14:51:17.142  1080  2883 I chatty  : uid=1000(system) BluetoothRouteM expire 1 line
04-28 14:51:17.142  1080  3826 I chatty  : uid=1000 system_server expire 1 line
04-28 14:51:18.616  1080  3648 I chatty  : uid=1000(system) Binder:1080_1F expire 3 lines
04-28 14:52:22.547  2478  2478 I PowerUI.Notification: show battery full warning: level=100 [1] 
04-28 14:52:22.659  2478  2478 I chatty  : uid=10095(com.android.systemui) identical 3 lines
04-28 14:52:22.708  2478  2478 I PowerUI.Notification: show battery full warning: level=100 [1] 
04-28 14:52:35.154  1080  1306 I chatty  : uid=1000(system) android.fg expire 11 lines
04-28 14:52:35.169  1080  1309 I chatty  : uid=1000(system) android.ui expire 4 lines
04-28 14:52:35.457  2694  2694 E ActivityThread: Failed to find provider info for com.jio.os.content.ContentFeedProvider
04-28 14:52:36.093  1080  1080 I chatty  : uid=1000 system_server expire 21 lines
04-28 14:52:43.449  1080  1321 I chatty  : uid=1000(system) ActivityManager expire 17 lines
04-28 14:52:51.891  1080  2684 I chatty  : uid=1000(system) Binder:1080_6 expire 3 lines
04-28 14:53:06.517  2478  2478 I PowerUI.Notification: show battery full warning: level=100 [1] 
04-28 14:53:28.236  1080  1344 I chatty  : uid=1000(system) PowerManagerSer expire 14 lines
04-28 14:53:36.244  1080  1327 I chatty  : uid=1000(system) batterystats-wo expire 8 lines
04-28 14:53:38.735  1080  1572 I chatty  : uid=1000(system) InputReader expire 1 line
04-28 14:53:38.865  1080  1314 I chatty  : uid=1000(system) android.display expire 3 lines
04-28 14:53:38.997  1080  1211 I chatty  : uid=1000(system) Binder:1080_17 expire 2 lines
04-28 14:53:39.049  2694  2694 E ActivityThread: Failed to find provider info for com.jio.os.content.ContentFeedProvider
04-28 14:54:14.721  1080  2947 I chatty  : uid=1000(system) Binder:1080_B expire 3 lines
04-28 14:54:14.863  1080  1315 I chatty  : uid=1000(system) android.anim expire 1 line
04-28 14:54:15.511  1080  1322 I chatty  : uid=1000(system) ActivityManager expire 10 lines
04-28 14:54:26.593  1080  1623 I chatty  : uid=1000(system) Binder:1080_18 expire 7 lines
04-28 14:54:26.725  2160  4063 E ActivityThread: Failed to find provider info for com.qti.smq.Feedback.provider
04-28 14:54:28.040  1080  3714 I chatty  : uid=1000(system) Binder:1080_13 expire 3 lines
04-28 14:54:32.115  1080  2415 I chatty  : uid=1000(system) ConnectivitySer expire 15 lines
04-28 14:54:36.114  1080  1220 I chatty  : uid=1000(system) Binder:1080_1D expire 2 lines
04-28 14:54:36.231   418   886 E NetlinkEvent: NetlinkEvent::FindParam(): Parameter 'INTERFACE' not found
04-28 14:54:36.231   418   886 E NetlinkEvent: NetlinkEvent::FindParam(): Parameter 'STATE' not found
04-28 14:54:36.231   418   886 E NetlinkEvent: NetlinkEvent::FindParam(): Parameter 'TIME_NS' not found
04-28 14:54:36.231   418   886 E NetlinkEvent: NetlinkEvent::FindParam(): Parameter 'UID' not found
04-28 14:54:36.314   418   886 E NetlinkEvent: NetlinkEvent::FindParam(): Parameter 'INTERFACE' not found
04-28 14:54:36.314   418   886 E NetlinkEvent: NetlinkEvent::FindParam(): Parameter 'STATE' not found
04-28 14:54:36.314   418   886 E NetlinkEvent: NetlinkEvent::FindParam(): Parameter 'TIME_NS' not found
04-28 14:54:36.314   418   886 E NetlinkEvent: NetlinkEvent::FindParam(): Parameter 'UID' not found
04-28 14:54:36.494  3301  3301 W ContextImpl: Calling a method in the system process without a qualified user: android.app.ContextImpl.startService:1570 android.content.ContextWrapper.startService:669 com.redbend.app.SmmService.sendIntentEvent:373 com.redbend.client.ClientService.sendEvent:586 com.redbend.client.ConnectivityStateChangeReceiver$DataChange.sendConnectedEvent:66 
04-28 14:54:36.624  1080  1571 I chatty  : uid=1000(system) InputDispatcher expire 2 lines
04-28 14:54:36.660  2694  2694 E ActivityThread: Failed to find provider info for com.jio.os.content.ContentFeedProvider
04-28 14:54:36.891  2694  2694 E ActivityThread: Failed to find provider info for com.jio.os.content.ContentFeedProvider
04-28 14:54:37.042  2694  2694 E ActivityThread: Failed to find provider info for com.jio.os.content.ContentFeedProvider
04-28 14:54:47.140  2478  2478 I PowerUI.Notification: show battery full warning: level=100 [1] 
04-28 14:54:47.211  2478  2478 I PowerUI.Notification: show battery full warning: level=100 [1] 
04-28 14:55:06.527  2478  2478 I PowerUI.Notification: show battery full warning: level=100 [1] 
04-28 14:55:30.023  1080  1344 I chatty  : uid=1000(system) PowerManagerSer expire 12 lines
04-28 14:55:38.531  2694  2694 E ActivityThread: Failed to find provider info for com.jio.os.content.ContentFeedProvider
04-28 14:56:12.799  1080  3288 I chatty  : uid=1000(system) Binder:1080_C expire 1 line
04-28 14:56:20.768  1080  1080 I chatty  : uid=1000 system_server expire 10 lines
04-28 14:56:23.565  2478  2478 I PowerUI.Notification: show battery full warning: level=100 [1] 
04-28 14:56:23.629  2478  2478 I PowerUI.Notification: show battery full warning: level=100 [1] 
04-28 14:56:27.548  1080  1322 I chatty  : uid=1000(system) ActivityManager expire 5 lines
04-28 14:56:37.922  1080  1321 I chatty  : uid=1000(system) ActivityManager expire 22 lines
04-28 14:56:38.106  2076  2076 I chatty  : uid=1010(wifi) /vendor/bin/hw/android.hardware.wifi@1.0-service-lazy expire 2 lines
04-28 14:56:38.958   681   681 I chatty  : uid=1010(wifi) /system/bin/wificond expire 116 lines
04-28 14:56:38.991  2076  2076 I chatty  : uid=1010(wifi) /vendor/bin/hw/android.hardware.wifi@1.0-service-lazy expire 9 lines
04-28 14:56:39.471   681   681 I chatty  : uid=1010(wifi) /system/bin/wificond expire 9 lines
04-28 14:56:39.822  1080  1327 I chatty  : uid=1000(system) batterystats-wo expire 3 lines
04-28 14:56:44.274  2076  2108 I chatty  : uid=1010(wifi) /vendor/bin/hw/android.hardware.wifi@1.0-service-lazy expire 1 line
04-28 14:56:45.116  2076  2076 I chatty  : uid=1010(wifi) /vendor/bin/hw/android.hardware.wifi@1.0-service-lazy expire 4 lines
04-28 14:56:51.579  1080  1175 I chatty  : uid=1000(system) Binder:1080_2 expire 2 lines
04-28 14:56:58.615  1080  2415 I chatty  : uid=1000(system) ConnectivitySer expire 3 lines
04-28 14:56:58.759  3301  3301 W ContextImpl: Calling a method in the system process without a qualified user: android.app.ContextImpl.startService:1570 android.content.ContextWrapper.startService:669 com.redbend.app.SmmService.sendIntentEvent:373 com.redbend.client.ClientService.sendEvent:586 com.redbend.client.ConnectivityStateChangeReceiver$DataChange.sendConnectedEvent:66 
04-28 14:57:01.036  1080  3679 I chatty  : uid=1000(system) Binder:1080_12 expire 1 line
04-28 14:57:06.201  1080  1344 I chatty  : uid=1000(system) PowerManagerSer expire 14 lines
04-28 14:57:06.521  2478  2478 I PowerUI.Notification: show battery full warning: level=100 [1] 
04-28 14:57:13.279  1080  1314 I chatty  : uid=1000(system) android.display expire 7 lines
04-28 14:57:14.552  1080  1306 I chatty  : uid=1000(system) android.fg expire 9 lines
04-28 14:57:15.218  1080  3288 I chatty  : uid=1000(system) Binder:1080_C expire 3 lines
04-28 14:57:15.299  1080  1321 I chatty  : uid=1000(system) ActivityManager expire 14 lines
04-28 14:57:15.610  1080  3556 I chatty  : uid=1000(system) Binder:1080_11 expire 2 lines
04-28 14:57:15.722  2694  2694 E ActivityThread: Failed to find provider info for com.jio.os.content.ContentFeedProvider
04-28 14:57:15.734  1080  1080 I chatty  : uid=1000 system_server expire 35 lines
04-28 14:57:15.847  1080   684 I chatty  : uid=1000(system) Binder:1080_1C expire 5 lines
04-28 14:57:18.492  1080  2947 I chatty  : uid=1000(system) Binder:1080_B expire 3 lines
04-28 14:57:18.699  1080  1313 I chatty  : uid=1000(system) android.io expire 4 lines
04-28 14:57:25.693  1080  1309 I chatty  : uid=1000(system) android.ui expire 9 lines
04-28 14:57:28.147  1080  2917 I chatty  : uid=1000(system) Binder:1080_9 expire 2 lines
04-28 14:57:32.893  1080  1322 I chatty  : uid=1000(system) ActivityManager expire 11 lines
04-28 14:57:39.178  3320  3320 I TelecomFramework: UserCallIntentProcessor: sendIntentToDestination: trampoline to Telecom.: UCA.oC@AAA
04-28 14:57:39.181  1080  3648 I chatty  : uid=1000(system) Binder:1080_1F expire 3 lines
04-28 14:57:39.200  3320  3320 I TelecomFramework: UserCallActivity: onCreate done
04-28 14:57:39.526  1080  1546 I chatty  : uid=1000(system) Binder:1080_4 expire 1 line
04-28 14:57:39.562  1080  2899 I chatty  : uid=1000(system) uteStateMachine expire 17 lines
04-28 14:57:39.580  1080  2901 I chatty  : uid=1000(system) CallAudioModeSt expire 11 lines
04-28 14:57:40.144  3397  3397 D ActivityThread: Loading provider contacts;com.android.contacts: com.android.providers.contacts.ContactsProvider2
04-28 14:57:42.589  1080  3885 I chatty  : uid=1000(system) Binder:1080_14 expire 4 lines
04-28 14:57:42.693  1080  1080 I chatty  : uid=1000 system_server expire 53 lines
04-28 14:57:42.808  3320  3320 I TelecomFramework: UserCallIntentProcessor: sendIntentToDestination: trampoline to Telecom.: UCA.oC@AAE
04-28 14:57:42.821  3320  3320 I TelecomFramework: UserCallActivity: onCreate done
04-28 14:57:43.158  1080  1157 I chatty  : uid=1000(system) Binder:1080_16 expire 3 lines
04-28 14:57:43.162  2826  2826 I Telephony: TelephonyConnectionService: createConnectionFailed TC@5: (SBC.oSC)->CS.crCoF->H.CS.crCoF->H.CS.crCoF.pICR@E-BXg
04-28 14:57:43.245  1080  2923 I chatty  : uid=1000(system) Binder:1080_A expire 31 lines
04-28 14:57:43.524  1080  3291 I chatty  : uid=1000(system) Binder:1080_E expire 1 line
04-28 14:57:46.996  1080  2902 I chatty  : uid=1000(system) ConnectionSvrFo expire 1 line
04-28 14:57:47.162  1080  1220 I chatty  : uid=1000(system) Binder:1080_1D expire 4 lines
04-28 14:57:47.289  2826  2826 I Telephony: TelephonyConnectionService: onCreateOutgoingConnection, request: ConnectionRequest xxxxxxxxxxxxxxxxxxx Bundle[org.codeaurora.extra.CALL_DOMAIN=0, android.telecom.extra.START_CALL_WITH_VIDEO_STATE=0, android.telecom.extra.CALL_TELECOM_ROUTING_END_TIME_MILLIS=14312576, android.telecom.extra.CALL_TELECOM_ROUTING_START_TIME_MILLIS=14312576, ]: (SBC.oSC)->CS.crCo->H.CS.crCo->H.CS.crCo.pICR@E-BY4
04-28 14:57:47.359  2826  2826 I Telephony: GsmConnection: isAddParticipantCapable: isCapable = false: (SBC.oSC)->CS.crCo->H.CS.crCo->H.CS.crCo.pICR@E-BY4
04-28 14:57:47.360  2826  2826 I Telephony: TelephonyConnectionService: updatePhoneAccount setPhoneAccountHandle, account = ComponentInfo{com.android.phone/com.android.services.telephony.TelephonyConnectionService}, ***, UserHandle{0}: (SBC.oSC)->CS.crCo->H.CS.crCo->H.CS.crCo.pICR@E-BY4
04-28 14:57:47.579  2826  2826 I Telephony: GsmConnection: isAddParticipantCapable: isCapable = false: (SBC.oSC)->CS.crCo->H.CS.crCo->H.CS.crCo.pICR@E-BY4
04-28 14:57:47.620  2826  2826 I chatty  : uid=1001(radio) com.android.phone identical 3 lines
04-28 14:57:47.694  2826  2826 I Telephony: GsmConnection: isAddParticipantCapable: isCapable = false: (SBC.oSC)->CS.crCo->H.CS.crCo->H.CS.crCo.pICR@E-BY4
04-28 14:57:47.779  1080  1321 I chatty  : uid=1000(system) ActivityManager expire 18 lines
04-28 14:57:47.786  3301  3301 W ContextImpl: Calling a method in the system process without a qualified user: android.app.ContextImpl.startService:1570 android.content.ContextWrapper.startService:669 com.redbend.app.SmmService.sendIntentEvent:373 com.redbend.client.ClientService.sendEvent:586 com.redbend.client.ClientService$DilPhoneStateListener.sendVoiceCallUpdate:1737 
04-28 14:57:47.875  2826  2826 I Telephony: GsmConnection: isAddParticipantCapable: isCapable = false
04-28 14:57:47.877  1080  2749 I chatty  : uid=1000(system) Binder:1080_8 expire 8 lines
04-28 14:57:47.881  1080  3714 I chatty  : uid=1000(system) Binder:1080_13 expire 12 lines
04-28 14:57:47.903  2826  2826 I Telephony: GsmConnection: isAddParticipantCapable: isCapable = false
04-28 14:57:47.917  2826  2826 I Telephony: GsmConnection: isAddParticipantCapable: isCapable = false
04-28 14:57:48.039  2826  2826 I Telephony: TelephonyConnectionService: notifyCreateConnectionComplete TC@4_1: (...->CSW.hCCC)->CS.crCoC->H.CS.crCoC@E-E-E-BY4
04-28 14:57:48.091  2826  2826 I Telephony: TelephonyConnectionService: updatePhoneAccount setPhoneAccountHandle, account = ComponentInfo{com.android.phone/com.android.services.telephony.TelephonyConnectionService}, ***, UserHandle{0}: (...->CSW.hCCC)->CS.crCoC->H.CS.crCoC@E-E-E-BY4
04-28 14:57:48.741  2826  2826 I Telephony: GsmConnection: isAddParticipantCapable: isCapable = false
04-28 14:57:48.799  1080  2883 I chatty  : uid=1000(system) BluetoothRouteM expire 2 lines
04-28 14:57:48.889  1080  3893 I chatty  : uid=1000 system_server expire 1 line
04-28 14:58:16.417  1080  3523 I chatty  : uid=1000(system) Binder:1080_10 expire 6 lines
04-28 14:58:18.567  1080  1344 I chatty  : uid=1000(system) PowerManagerSer expire 2 lines
04-28 14:58:36.180  2826  3883 I Telephony: : onDisconnect: callId=TC@4_1, cause=BUSY
04-28 14:58:36.198  2826  2826 I Telephony: GsmConnection: isAddParticipantCapable: isCapable = false
04-28 14:58:36.198  2826  2826 I Telephony: GsmConnection: isAddParticipantCapable: isCapable = false
04-28 14:58:36.199  1080  3418 I chatty  : uid=1000(system) Binder:1080_F expire 16 lines
04-28 14:58:36.230  3301  3301 W ContextImpl: Calling a method in the system process without a qualified user: android.app.ContextImpl.startService:1570 android.content.ContextWrapper.startService:669 com.redbend.app.SmmService.sendIntentEvent:373 com.redbend.client.ClientService.sendEvent:586 com.redbend.client.ClientService$DilPhoneStateListener.sendVoiceCallUpdate:1737 
04-28 14:58:36.232  1080  1321 I chatty  : uid=1000(system) ActivityManager expire 15 lines
04-28 14:58:36.245  1080   985 I chatty  : uid=1000(system) Binder:1080_15 expire 8 lines
04-28 14:58:36.389  1080  2899 I chatty  : uid=1000(system) uteStateMachine expire 14 lines
04-28 14:58:36.402  1080  1080 I chatty  : uid=1000 system_server expire 22 lines
04-28 14:58:36.525  1080  4003 I chatty  : uid=1000(system) pool-1-thread-1 expire 1 line
04-28 14:58:37.056  4008  4008 D ActivityThread: Loading provider contacts;com.android.contacts: com.android.providers.contacts.ContactsProvider2
04-28 14:58:37.937  1080  2296 I chatty  : uid=1000(system) Binder:1080_19 expire 7 lines
04-28 14:58:39.210   374   374 I ActivityThread: Removing dead content provider:android.content.ContentProviderProxy@c89e0ee
04-28 14:58:47.817  1080  1322 I chatty  : uid=1000(system) ActivityManager expire 8 lines
04-28 14:58:48.187  2478  2478 I PowerUI.Notification: show battery full warning: level=100 [1] 
04-28 14:58:48.337  2478  2478 I chatty  : uid=10095(com.android.systemui) identical 1 line
04-28 14:58:48.372  2478  2478 I PowerUI.Notification: show battery full warning: level=100 [1] 
04-28 14:58:49.080  1080  3605 I chatty  : uid=1000(system) Binder:1080_1B expire 1 line
04-28 14:58:53.146  2694  2694 E ActivityThread: Failed to find provider info for com.jio.os.content.ContentFeedProvider
04-28 14:59:01.195  1080  1321 I chatty  : uid=1000(system) ActivityManager expire 14 lines
04-28 14:59:04.599  2694  2694 E ActivityThread: Failed to find provider info for com.jio.os.content.ContentFeedProvider
04-28 14:59:06.522  2478  2478 I PowerUI.Notification: show battery full warning: level=100 [1] 
04-28 14:59:24.459  1080  3290 I chatty  : uid=1000(system) Binder:1080_D expire 1 line
04-28 14:59:24.667  1080  1315 I chatty  : uid=1000(system) android.anim expire 1 line
04-28 14:59:24.825  1080  1327 I chatty  : uid=1000(system) batterystats-wo expire 7 lines
04-28 14:59:26.561  2694  2694 E ActivityThread: Failed to find provider info for com.jio.os.content.ContentFeedProvider
04-28 14:59:26.611  1080  1571 I chatty  : uid=1000(system) InputDispatcher expire 2 lines
04-28 14:59:26.796  2694  2694 E ActivityThread: Failed to find provider info for com.jio.os.content.ContentFeedProvider
04-28 15:00:15.240  1080   811 I chatty  : uid=1000(system) Binder:1080_20 expire 1 line
04-28 15:00:24.645  2478  2478 I PowerUI.Notification: show battery full warning: level=100 [1] 
04-28 15:00:24.693  2478  2478 I PowerUI.Notification: show battery full warning: level=100 [1] 
04-28 15:00:24.716  2478  2478 I PowerUI.Notification: show battery full warning: level=100 [1] 
04-28 15:00:25.090  1080  1174 I chatty  : uid=1000(system) Binder:1080_1 expire 5 lines
04-28 15:00:34.943  1867  1867 I chatty  : uid=1010(wifi) app_process expire 2 lines
04-28 15:00:35.798   681   681 I chatty  : uid=1010(wifi) /system/bin/wificond expire 14 lines
04-28 15:00:35.799   681   681 I wificond: 5Ghz DFS frequencies:
04-28 15:00:35.799   681   681 I wificond: Regulatory domain changed
04-28 15:00:35.799   681   681 E wificond: Failed to find expected wiphy info from NL80211_CMD_GET_WIPHY responses
04-28 15:00:35.799   681   681 I wificond: 2.4Ghz frequencies:
04-28 15:00:35.799   681   681 I wificond: 5Ghz non-DFS frequencies:
04-28 15:00:35.799   681   681 I wificond: 5Ghz DFS frequencies:
04-28 15:00:35.799   681   681 I wificond: Regulatory domain changed
04-28 15:00:35.800   681   681 E wificond: Failed to find expected wiphy info from NL80211_CMD_GET_WIPHY responses
04-28 15:00:35.800   681   681 I wificond: 2.4Ghz frequencies:
04-28 15:00:35.800   681   681 I wificond: 5Ghz non-DFS frequencies:
04-28 15:00:35.800   681   681 I wificond: 5Ghz DFS frequencies:
04-28 15:00:35.800   681   681 I wificond: Regulatory domain changed
04-28 15:00:35.800   681   681 E wificond: Failed to find expected wiphy info from NL80211_CMD_GET_WIPHY responses
04-28 15:00:35.800   681   681 I wificond: 2.4Ghz frequencies:
04-28 15:00:35.800   681   681 I wificond: 5Ghz non-DFS frequencies:
04-28 15:00:35.800   681   681 I wificond: 5Ghz DFS frequencies:
04-28 15:00:35.800   681   681 I wificond: Regulatory domain changed
04-28 15:00:35.800   681   681 E wificond: Failed to find expected wiphy info from NL80211_CMD_GET_WIPHY responses
04-28 15:00:35.800   681   681 I wificond: 2.4Ghz frequencies:
04-28 15:00:35.800   681   681 I wificond: 5Ghz non-DFS frequencies:
04-28 15:00:35.800   681   681 I wificond: 5Ghz DFS frequencies:
04-28 15:00:35.801   681   681 I wificond: Regulatory domain changed
04-28 15:00:35.801   681   681 E wificond: Failed to find expected wiphy info from NL80211_CMD_GET_WIPHY responses
04-28 15:00:35.801   681   681 I wificond: 2.4Ghz frequencies:
04-28 15:00:35.801   681   681 I wificond: 5Ghz non-DFS frequencies:
04-28 15:00:35.801   681   681 I wificond: 5Ghz DFS frequencies:
04-28 15:00:35.801   681   681 I wificond: Regulatory domain changed
04-28 15:00:35.801   681   681 E wificond: Failed to find expected wiphy info from NL80211_CMD_GET_WIPHY responses
04-28 15:00:35.801   681   681 I wificond: 2.4Ghz frequencies:
04-28 15:00:35.801   681   681 I wificond: 5Ghz non-DFS frequencies:
04-28 15:00:35.801   681   681 I wificond: 5Ghz DFS frequencies:
04-28 15:00:35.801   681   681 I wificond: Regulatory domain changed
04-28 15:00:35.828   681   681 E wificond: Failed to find expected wiphy info from NL80211_CMD_GET_WIPHY responses
04-28 15:00:35.828   681   681 I wificond: 2.4Ghz frequencies:
04-28 15:00:35.828   681   681 I wificond: 5Ghz non-DFS frequencies:
04-28 15:00:35.828   681   681 I wificond: 5Ghz DFS frequencies:
04-28 15:00:35.828   681   681 I wificond: Regulatory domain changed
04-28 15:00:35.829   681   681 E wificond: Failed to find expected wiphy info from NL80211_CMD_GET_WIPHY responses
04-28 15:00:35.829   681   681 I wificond: 2.4Ghz frequencies:
04-28 15:00:35.829   681   681 I wificond: 5Ghz non-DFS frequencies:
04-28 15:00:35.829   681   681 I wificond: 5Ghz DFS frequencies:
04-28 15:00:35.829   681   681 I wificond: Regulatory domain changed
04-28 15:00:35.829   681   681 E wificond: Failed to find expected wiphy info from NL80211_CMD_GET_WIPHY responses
04-28 15:00:35.829   681   681 I wificond: 2.4Ghz frequencies:
04-28 15:00:35.829   681   681 I wificond: 5Ghz non-DFS frequencies:
04-28 15:00:35.829   681   681 I wificond: 5Ghz DFS frequencies:
04-28 15:00:35.829   681   681 I wificond: Regulatory domain changed
04-28 15:00:35.829   681   681 E wificond: Failed to find expected wiphy info from NL80211_CMD_GET_WIPHY responses
04-28 15:00:35.829   681   681 I wificond: 2.4Ghz frequencies:
04-28 15:00:35.829   681   681 I wificond: 5Ghz non-DFS frequencies:
04-28 15:00:35.830   681   681 I wificond: 5Ghz DFS frequencies:
04-28 15:00:35.830   681   681 I wificond: Regulatory domain changed
04-28 15:00:35.830   681   681 E wificond: Failed to find expected wiphy info from NL80211_CMD_GET_WIPHY responses
04-28 15:00:35.830   681   681 I wificond: 2.4Ghz frequencies:
04-28 15:00:35.830   681   681 I wificond: 5Ghz non-DFS frequencies:
04-28 15:00:35.830   681   681 I wificond: 5Ghz DFS frequencies:
04-28 15:00:35.830   681   681 I wificond: Regulatory domain changed
04-28 15:00:35.830   681   681 E wificond: Failed to find expected wiphy info from NL80211_CMD_GET_WIPHY responses
04-28 15:00:35.830   681   681 I wificond: 2.4Ghz frequencies:
04-28 15:00:35.830   681   681 I wificond: 5Ghz non-DFS frequencies:
04-28 15:00:35.830   681   681 I wificond: 5Ghz DFS frequencies:
04-28 15:00:35.830   681   681 I wificond: Regulatory domain changed
04-28 15:00:35.831   681   681 E wificond: Failed to find expected wiphy info from NL80211_CMD_GET_WIPHY responses
04-28 15:00:35.831   681   681 I wificond: 2.4Ghz frequencies:
04-28 15:00:35.831   681   681 I wificond: 5Ghz non-DFS frequencies:
04-28 15:00:35.831   681   681 I wificond: 5Ghz DFS frequencies:
04-28 15:00:35.831   681   681 I wificond: Regulatory domain changed
04-28 15:00:35.831   681   681 E wificond: Failed to find expected wiphy info from NL80211_CMD_GET_WIPHY responses
04-28 15:00:35.832   681   681 I wificond: 2.4Ghz frequencies:
04-28 15:00:35.832   681   681 I wificond: 5Ghz non-DFS frequencies:
04-28 15:00:35.832   681   681 I wificond: 5Ghz DFS frequencies:
04-28 15:00:35.832   681   681 I wificond: Regulatory domain changed
04-28 15:00:35.832   681   681 E wificond: Failed to find expected wiphy info from NL80211_CMD_GET_WIPHY responses
04-28 15:00:35.832   681   681 I wificond: 2.4Ghz frequencies:
04-28 15:00:35.832   681   681 I wificond: 5Ghz non-DFS frequencies:
04-28 15:00:35.832   681   681 I wificond: 5Ghz DFS frequencies:
04-28 15:00:35.832   681   681 I wificond: Regulatory domain changed
04-28 15:00:35.832   681   681 E wificond: Failed to find expected wiphy info from NL80211_CMD_GET_WIPHY responses
04-28 15:00:35.832   681   681 I wificond: 2.4Ghz frequencies:
04-28 15:00:35.832   681   681 I wificond: 5Ghz non-DFS frequencies:
04-28 15:00:35.833   681   681 I wificond: 5Ghz DFS frequencies:
04-28 15:00:35.833   681   681 I wificond: Regulatory domain changed
04-28 15:00:35.833   681   681 E wificond: Failed to find expected wiphy info from NL80211_CMD_GET_WIPHY responses
04-28 15:00:35.833   681   681 I wificond: 2.4Ghz frequencies:
04-28 15:00:35.833   681   681 I wificond: 5Ghz non-DFS frequencies:
04-28 15:00:35.833   681   681 I wificond: 5Ghz DFS frequencies:
04-28 15:00:35.833   681   681 I wificond: Regulatory domain changed
04-28 15:00:35.833   681   681 E wificond: Failed to find expected wiphy info from NL80211_CMD_GET_WIPHY responses
04-28 15:00:35.833   681   681 I wificond: 2.4Ghz frequencies:
04-28 15:00:35.833   681   681 I wificond: 5Ghz non-DFS frequencies:
04-28 15:00:35.833   681   681 I wificond: 5Ghz DFS frequencies:
04-28 15:00:35.833   681   681 I wificond: Regulatory domain changed
04-28 15:00:35.834   681   681 E wificond: Failed to find expected wiphy info from NL80211_CMD_GET_WIPHY responses
04-28 15:00:35.834   681   681 I wificond: 2.4Ghz frequencies:
04-28 15:00:35.834   681   681 I wificond: 5Ghz non-DFS frequencies:
04-28 15:00:35.834   681   681 I wificond: 5Ghz DFS frequencies:
04-28 15:00:35.834   681   681 I wificond: Regulatory domain changed
04-28 15:00:35.834   681   681 E wificond: Failed to find expected wiphy info from NL80211_CMD_GET_WIPHY responses
04-28 15:00:35.834   681   681 I wificond: 2.4Ghz frequencies:
04-28 15:00:35.834   681   681 I wificond: 5Ghz non-DFS frequencies:
04-28 15:00:35.834   681   681 I wificond: 5Ghz DFS frequencies:
04-28 15:00:35.834   681   681 I wificond: Regulatory domain changed
04-28 15:00:35.834   681   681 E wificond: Failed to find expected wiphy info from NL80211_CMD_GET_WIPHY responses
04-28 15:00:35.834   681   681 I wificond: 2.4Ghz frequencies:
04-28 15:00:35.835   681   681 I wificond: 5Ghz non-DFS frequencies:
04-28 15:00:35.835   681   681 I wificond: 5Ghz DFS frequencies:
04-28 15:00:35.852  1867  1867 I android.hardware.wifi@1.0-service-lazy: Wifi HAL started
04-28 15:00:35.852  1867  1867 I android.hardware.wifi@1.0-service-lazy: Process has 1 (of 1 available) client(s) in use after notification android.hardware.wifi@1.3::IWifi has clients: 1
04-28 15:00:36.204  1867  1867 I android.hardware.wifi@1.0-service-lazy: Adding interface handle for p2p0
04-28 15:00:36.204  1867  1867 I android.hardware.wifi@1.0-service-lazy: Adding interface handle for wlan0
04-28 15:00:36.204  1867  1867 W android.hardware.wifi@1.0-service-lazy: No active wlan interfaces in use! Using default
04-28 15:00:36.205  1867  1867 W android.hardware.wifi@1.0-service-lazy: No active wlan interfaces in use! Using default
04-28 15:00:36.213  1867  1867 I android.hardware.wifi@1.0-service-lazy: Configured chip in mode 0
04-28 15:00:36.214  1867  1867 W android.hardware.wifi@1.0-service-lazy: No active wlan interfaces in use! Using default
04-28 15:00:36.239   681   681 I wificond: setting base_wiphy_index_ to 24
04-28 15:00:36.242   681   681 I wificond: create scanner for interface with index: 74
04-28 15:00:36.242   681   681 I wificond: subscribe scan result for interface with index: 74
04-28 15:00:36.243   681   681 E wificond: No Offload Service available
04-28 15:00:36.244   681   681 I wificond: Offload HAL not supported 
04-28 15:00:40.805   681   681 W wificond: No pno scan started
04-28 15:00:40.805   681   681 W wificond: Scheduled scan is not running!
04-28 15:00:40.805  1080  1321 I chatty  : uid=1000(system) ActivityManager expire 11 lines
04-28 15:00:40.811   681   681 W wificond: No pno scan started
04-28 15:00:40.812   681   681 W wificond: Scheduled scan is not running!
04-28 15:00:40.877  1867  1867 W android.hardware.wifi@1.0-service-lazy: No active wlan interfaces in use! Using default
04-28 15:00:41.007   681   681 I wificond: Unsubscribe scan result for interface with index: 74
04-28 15:00:41.119  1867  1892 I android.hardware.wifi@1.0-service-lazy: Legacy HAL stop complete callback received
04-28 15:00:41.920  1867  1867 I android.hardware.wifi@1.0-service-lazy: Wifi HAL stopped
04-28 15:00:49.109  1080   985 I chatty  : uid=1000(system) Binder:1080_15 expire 2 lines
04-28 15:01:03.028  1080  1344 I chatty  : uid=1000(system) PowerManagerSer expire 2 lines
04-28 15:01:06.526  2478  2478 I PowerUI.Notification: show battery full warning: level=100 [1] 
04-28 15:01:06.685  1080  1080 I chatty  : uid=1000 system_server expire 34 lines
04-28 15:01:15.572  1867  1867 I android.hardware.wifi@1.0-service-lazy: Process has 0 (of 1 available) client(s) in use after notification android.hardware.wifi@1.3::IWifi has clients: 0
04-28 15:01:15.572  1867  1867 I android.hardware.wifi@1.0-service-lazy: Trying to exit HAL. No clients in use for any service in process.
04-28 15:01:15.575  1867  1867 I android.hardware.wifi@1.0-service-lazy: Unregistered all clients and exiting
04-28 15:01:24.465  1080  1174 I chatty  : uid=1000(system) Binder:1080_1 expire 6 lines
04-28 15:01:33.265  1080  1314 I chatty  : uid=1000(system) android.display expire 1 line
04-28 15:01:33.301  1080  1322 I chatty  : uid=1000(system) ActivityManager expire 2 lines
04-28 15:01:33.812  2751  2751 I TelecomFramework: UserCallIntentProcessor: sendIntentToDestination: trampoline to Telecom.: UCA.oC@AAA
04-28 15:01:33.838  2751  2751 I TelecomFramework: UserCallActivity: onCreate done
04-28 15:01:34.096  1080  2899 I chatty  : uid=1000(system) uteStateMachine expire 4 lines
04-28 15:01:34.098  1080  2901 I chatty  : uid=1000(system) CallAudioModeSt expire 2 lines
04-28 15:01:34.211  1080  1322 I chatty  : uid=1000(system) ActivityManager expire 4 lines
04-28 15:01:34.423  1080  2899 I chatty  : uid=1000(system) uteStateMachine expire 8 lines
04-28 15:01:34.732  1080  3288 I chatty  : uid=1000(system) Binder:1080_C expire 1 line
04-28 15:01:35.357  2837  2837 D ActivityThread: Loading provider contacts;com.android.contacts: com.android.providers.contacts.ContactsProvider2
04-28 15:01:37.651  1080  1080 I chatty  : uid=1000 system_server expire 49 lines
04-28 15:01:37.808  1080   811 I chatty  : uid=1000(system) Binder:1080_20 expire 5 lines
04-28 15:01:38.288  1080  2923 I chatty  : uid=1000(system) Binder:1080_A expire 4 lines
04-28 15:01:39.257  1080  1314 I chatty  : uid=1000(system) android.display expire 3 lines
04-28 15:01:39.396  2751  2751 I TelecomFramework: UserCallIntentProcessor: sendIntentToDestination: trampoline to Telecom.: UCA.oC@AAE
04-28 15:01:39.412  2751  2751 I TelecomFramework: UserCallActivity: onCreate done
04-28 15:01:39.656  1080  1309 I chatty  : uid=1000(system) android.ui expire 1 line
04-28 15:01:39.844  2826  2826 I Telephony: TelephonyConnectionService: createConnectionFailed TC@7: (SBC.oSC)->CS.crCoF->H.CS.crCoF->H.CS.crCoF.pICR@E-BnM
04-28 15:01:40.350  1080  2722 I chatty  : uid=1000(system) Binder:1080_7 expire 2 lines
04-28 15:01:40.352  1080  1321 I chatty  : uid=1000(system) ActivityManager expire 4 lines
04-28 15:01:41.864  1080  2853 I chatty  : uid=1000(system) Binder:1080_1A expire 4 lines
04-28 15:01:41.890  1080  2902 I chatty  : uid=1000(system) ConnectionSvrFo expire 1 line
04-28 15:01:42.049  2826  2826 I Telephony: TelephonyConnectionService: onCreateOutgoingConnection, request: ConnectionRequest xxxxxxxxxxxxxxxxxxx Bundle[org.codeaurora.extra.CALL_DOMAIN=0, android.telecom.extra.START_CALL_WITH_VIDEO_STATE=0, android.telecom.extra.CALL_TELECOM_ROUTING_END_TIME_MILLIS=14547240, android.telecom.extra.CALL_TELECOM_ROUTING_START_TIME_MILLIS=14547240, ]: (SBC.oSC)->CS.crCo->H.CS.crCo->H.CS.crCo.pICR@E-Bnk
04-28 15:01:42.062  2826  2826 I Telephony: GsmConnection: isAddParticipantCapable: isCapable = false: (SBC.oSC)->CS.crCo->H.CS.crCo->H.CS.crCo.pICR@E-Bnk
04-28 15:01:42.063  2826  2826 I Telephony: TelephonyConnectionService: updatePhoneAccount setPhoneAccountHandle, account = ComponentInfo{com.android.phone/com.android.services.telephony.TelephonyConnectionService}, ***, UserHandle{0}: (SBC.oSC)->CS.crCo->H.CS.crCo->H.CS.crCo.pICR@E-Bnk
04-28 15:01:42.688  2826  2826 I Telephony: GsmConnection: isAddParticipantCapable: isCapable = false: (SBC.oSC)->CS.crCo->H.CS.crCo->H.CS.crCo.pICR@E-Bnk
04-28 15:01:42.819  2826  2826 I chatty  : uid=1001(radio) com.android.phone identical 3 lines
04-28 15:01:42.927  2826  2826 I Telephony: GsmConnection: isAddParticipantCapable: isCapable = false: (SBC.oSC)->CS.crCo->H.CS.crCo->H.CS.crCo.pICR@E-Bnk
04-28 15:01:42.939  1080  2853 I chatty  : uid=1000(system) Binder:1080_1A expire 36 lines
04-28 15:01:42.941  1080  2901 I chatty  : uid=1000(system) CallAudioModeSt expire 4 lines
04-28 15:01:42.992  3301  3301 W ContextImpl: Calling a method in the system process without a qualified user: android.app.ContextImpl.startService:1570 android.content.ContextWrapper.startService:669 com.redbend.app.SmmService.sendIntentEvent:373 com.redbend.client.ClientService.sendEvent:586 com.redbend.client.ClientService$DilPhoneStateListener.sendVoiceCallUpdate:1737 
04-28 15:01:42.992  1080  1321 I chatty  : uid=1000(system) ActivityManager expire 22 lines
04-28 15:01:43.024  1080  2899 I chatty  : uid=1000(system) uteStateMachine expire 5 lines
04-28 15:01:43.028  2826  2826 I Telephony: GsmConnection: isAddParticipantCapable: isCapable = false
04-28 15:01:43.055  2826  2826 I Telephony: GsmConnection: isAddParticipantCapable: isCapable = false
04-28 15:01:43.063  2826  2826 I Telephony: GsmConnection: isAddParticipantCapable: isCapable = false
04-28 15:01:43.245  1080  1545 I chatty  : uid=1000(system) Binder:1080_3 expire 2 lines
04-28 15:01:43.256  1080  3679 I chatty  : uid=1000(system) Binder:1080_12 expire 2 lines
04-28 15:01:43.268  1080  2586 I chatty  : uid=1000(system) Binder:1080_5 expire 1 line
04-28 15:01:43.288  2826  2826 I Telephony: TelephonyConnectionService: notifyCreateConnectionComplete TC@6_1: (...->CSW.hCCC)->CS.crCoC->H.CS.crCoC@E-E-E-Bnk
04-28 15:01:43.295  2826  2826 I Telephony: TelephonyConnectionService: updatePhoneAccount setPhoneAccountHandle, account = ComponentInfo{com.android.phone/com.android.services.telephony.TelephonyConnectionService}, ***, UserHandle{0}: (...->CSW.hCCC)->CS.crCoC->H.CS.crCoC@E-E-E-Bnk
04-28 15:01:43.785  2826  2826 I Telephony: GsmConnection: isAddParticipantCapable: isCapable = false
04-28 15:01:43.805  1080  3291 I chatty  : uid=1000(system) Binder:1080_E expire 2 lines
04-28 15:01:43.831  1080  2883 I chatty  : uid=1000(system) BluetoothRouteM expire 1 line
04-28 15:01:43.857  1080  3605 I chatty  : uid=1000(system) Binder:1080_1B expire 2 lines
04-28 15:01:43.911  1080  3294 I chatty  : uid=1000 system_server expire 1 line
04-28 15:01:44.020  1080  1313 I chatty  : uid=1000(system) android.io expire 1 line
04-28 15:01:44.777  1080  1322 I chatty  : uid=1000(system) ActivityManager expire 1 line
04-28 15:01:45.010  1080  2923 I chatty  : uid=1000(system) Binder:1080_A expire 1 line
04-28 15:01:46.327  2826  2826 I Telephony: GsmConnection: isAddParticipantCapable: isCapable = false
04-28 15:01:46.332  2826  2826 I Telephony: GsmConnection: isAddParticipantCapable: isCapable = false
04-28 15:01:46.371  1080  1157 I chatty  : uid=1000(system) Binder:1080_16 expire 7 lines
04-28 15:01:46.424  1080  2684 I chatty  : uid=1000(system) Binder:1080_6 expire 18 lines
04-28 15:01:46.434  2826  2826 I Telephony: GsmConnection: isAddParticipantCapable: isCapable = true
04-28 15:01:46.438  2826  2826 I Telephony: GsmConnection: isAddParticipantCapable: isCapable = true
04-28 15:01:46.442  1080  2901 I chatty  : uid=1000(system) CallAudioModeSt expire 4 lines
04-28 15:01:47.173  1080  1327 I chatty  : uid=1000(system) batterystats-wo expire 2 lines
04-28 15:01:47.687  1080  1322 I chatty  : uid=1000(system) ActivityManager expire 2 lines
04-28 15:01:48.227  1080  3523 I chatty  : uid=1000(system) Binder:1080_10 expire 5 lines
04-28 15:01:52.236  2826  3280 I Telephony: : onDisconnect: callId=TC@6_1, cause=NORMAL
04-28 15:01:52.255  2826  2826 I Telephony: GsmConnection: isAddParticipantCapable: isCapable = true
04-28 15:01:52.296  1080  2586 I chatty  : uid=1000(system) Binder:1080_5 expire 15 lines
04-28 15:01:52.310  3301  3301 W ContextImpl: Calling a method in the system process without a qualified user: android.app.ContextImpl.startService:1570 android.content.ContextWrapper.startService:669 com.redbend.app.SmmService.sendIntentEvent:373 com.redbend.client.ClientService.sendEvent:586 com.redbend.client.ClientService$DilPhoneStateListener.sendVoiceCallUpdate:1737 
04-28 15:01:52.312  1080  1321 I chatty  : uid=1000(system) ActivityManager expire 7 lines
04-28 15:01:52.332  2826  2826 I Telephony: GsmConnection: isAddParticipantCapable: isCapable = false
