04-28 15:15:41.395  1080  3556 I chatty  : uid=1000(system) Binder:1080_11 expire 1 line
04-28 15:15:41.400  2826  2826 I Telephony: TelephonyConnectionService: createConnectionFailed TC@11: (SBC.oSC)->CS.crCoF->H.CS.crCoF->H.CS.crCoF.pICR@E-CVU
04-28 15:15:42.927  1080  1314 I chatty  : uid=1000(system) android.display expire 1 line
04-28 15:15:42.957  1080  3679 I chatty  : uid=1000(system) Binder:1080_12 expire 3 lines
04-28 15:15:43.177  1080  3648 I chatty  : uid=1000(system) Binder:1080_1F expire 26 lines
04-28 15:15:43.178  1080  1321 I chatty  : uid=1000(system) ActivityManager expire 10 lines
04-28 15:15:43.195  1080  1546 I chatty  : uid=1000(system) Binder:1080_4 expire 1 line
04-28 15:15:43.313  1080  1322 I chatty  : uid=1000(system) ActivityManager expire 2 lines
04-28 15:15:44.145  1080  1623 I chatty  : uid=1000(system) Binder:1080_18 expire 1 line
04-28 15:15:44.189  1080  2902 I chatty  : uid=1000(system) ConnectionSvrFo expire 1 line
04-28 15:15:44.278  1080  2586 I chatty  : uid=1000(system) Binder:1080_5 expire 1 line
04-28 15:15:44.282  2826  2826 I Telephony: TelephonyConnectionService: onCreateOutgoingConnection, request: ConnectionRequest xxxxxxxxxxxxxxxxxxx Bundle[org.codeaurora.extra.CALL_DOMAIN=0, android.telecom.extra.START_CALL_WITH_VIDEO_STATE=0, android.telecom.extra.CALL_TELECOM_ROUTING_END_TIME_MILLIS=15390011, android.telecom.extra.CALL_TELECOM_ROUTING_START_TIME_MILLIS=15390011, ]: (SBC.oSC)->CS.crCo->H.CS.crCo->H.CS.crCo.pICR@E-CWs
04-28 15:15:44.290  2826  2826 I Telephony: GsmConnection: isAddParticipantCapable: isCapable = false: (SBC.oSC)->CS.crCo->H.CS.crCo->H.CS.crCo.pICR@E-CWs
04-28 15:15:44.291  2826  2826 I Telephony: TelephonyConnectionService: updatePhoneAccount setPhoneAccountHandle, account = ComponentInfo{com.android.phone/com.android.services.telephony.TelephonyConnectionService}, ***, UserHandle{0}: (SBC.oSC)->CS.crCo->H.CS.crCo->H.CS.crCo.pICR@E-CWs
04-28 15:15:44.671  2826  2826 I Telephony: GsmConnection: isAddParticipantCapable: isCapable = false: (SBC.oSC)->CS.crCo->H.CS.crCo->H.CS.crCo.pICR@E-CWs
04-28 15:15:44.799  2826  2826 I chatty  : uid=1001(radio) com.android.phone identical 3 lines
04-28 15:15:44.933  2826  2826 I Telephony: GsmConnection: isAddParticipantCapable: isCapable = false: (SBC.oSC)->CS.crCo->H.CS.crCo->H.CS.crCo.pICR@E-CWs
04-28 15:15:44.981  1080  2901 I chatty  : uid=1000(system) CallAudioModeSt expire 2 lines
04-28 15:15:45.052  2826  2826 I Telephony: GsmConnection: isAddParticipantCapable: isCapable = false
04-28 15:15:45.074  2826  2826 I Telephony: GsmConnection: isAddParticipantCapable: isCapable = false
04-28 15:15:45.076  1080  2899 I chatty  : uid=1000(system) uteStateMachine expire 5 lines
04-28 15:15:45.097  2826  2826 I Telephony: GsmConnection: isAddParticipantCapable: isCapable = false
04-28 15:15:45.100  1080  3648 I chatty  : uid=1000(system) Binder:1080_1F expire 7 lines
04-28 15:15:45.111  3301  3301 W ContextImpl: Calling a method in the system process without a qualified user: android.app.ContextImpl.startService:1570 android.content.ContextWrapper.startService:669 com.redbend.app.SmmService.sendIntentEvent:373 com.redbend.client.ClientService.sendEvent:586 com.redbend.client.ClientService$DilPhoneStateListener.sendVoiceCallUpdate:1737 
04-28 15:15:45.113  1080  1174 I chatty  : uid=1000(system) Binder:1080_1 expire 4 lines
04-28 15:15:45.252  1080  1321 I chatty  : uid=1000(system) ActivityManager expire 16 lines
04-28 15:15:45.355  1080  3556 I chatty  : uid=1000(system) Binder:1080_11 expire 14 lines
04-28 15:15:45.357  2826  2826 I Telephony: TelephonyConnectionService: notifyCreateConnectionComplete TC@10_1: (...->CSW.hCCC)->CS.crCoC->H.CS.crCoC@E-E-E-CWs
04-28 15:15:45.366  2826  2826 I Telephony: TelephonyConnectionService: updatePhoneAccount setPhoneAccountHandle, account = ComponentInfo{com.android.phone/com.android.services.telephony.TelephonyConnectionService}, ***, UserHandle{0}: (...->CSW.hCCC)->CS.crCoC->H.CS.crCoC@E-E-E-CWs
04-28 15:15:45.530  1080  1546 I chatty  : uid=1000(system) Binder:1080_4 expire 9 lines
04-28 15:15:45.578  1734  1734 I android.hardware.wifi@1.0-service-lazy: Process has 0 (of 1 available) client(s) in use after notification android.hardware.wifi@1.3::IWifi has clients: 0
04-28 15:15:45.580  1734  1734 I android.hardware.wifi@1.0-service-lazy: Trying to exit HAL. No clients in use for any service in process.
04-28 15:15:45.583  1734  1734 I android.hardware.wifi@1.0-service-lazy: Unregistered all clients and exiting
04-28 15:15:46.017  2826  2826 I Telephony: GsmConnection: isAddParticipantCapable: isCapable = false
04-28 15:15:46.150  1080  2901 I chatty  : uid=1000(system) CallAudioModeSt expire 3 lines
04-28 15:15:46.151  1080  2883 I chatty  : uid=1000(system) BluetoothRouteM expire 1 line
04-28 15:15:46.155  1080  2749 I chatty  : uid=1000(system) Binder:1080_8 expire 5 lines
04-28 15:15:46.232  1080  3561 I chatty  : uid=1000 system_server expire 1 line
04-28 15:15:46.322  1080  1313 I chatty  : uid=1000(system) android.io expire 2 lines
04-28 15:15:48.838  2826  2826 I Telephony: GsmConnection: isAddParticipantCapable: isCapable = false
04-28 15:15:48.848  2826  2826 I Telephony: GsmConnection: isAddParticipantCapable: isCapable = false
04-28 15:15:48.856  2826  2826 I Telephony: GsmConnection: isAddParticipantCapable: isCapable = true
04-28 15:15:48.861  2826  2826 I Telephony: GsmConnection: isAddParticipantCapable: isCapable = true
04-28 15:15:48.870  1080  2586 I chatty  : uid=1000(system) Binder:1080_5 expire 4 lines
04-28 15:15:48.876  1080  3648 I chatty  : uid=1000(system) Binder:1080_1F expire 3 lines
04-28 15:15:48.906  1080  1546 I chatty  : uid=1000(system) Binder:1080_4 expire 3 lines
04-28 15:15:50.404  1080  1322 I chatty  : uid=1000(system) ActivityManager expire 1 line
04-28 15:15:57.580  1080   811 I chatty  : uid=1000(system) Binder:1080_20 expire 18 lines
04-28 15:15:57.609  1080  3556 I chatty  : uid=1000(system) Binder:1080_11 expire 8 lines
04-28 15:15:57.615  2826  2826 I Telephony: GsmConnection: isAddParticipantCapable: isCapable = false
04-28 15:15:57.620  2826  2826 I Telephony: GsmConnection: isAddParticipantCapable: isCapable = false
04-28 15:15:57.823  2826  3548 I Telephony: : onDisconnect: callId=TC@10_1, cause=LOCAL
04-28 15:15:57.836  2826  2826 I Telephony: GsmConnection: isAddParticipantCapable: isCapable = false
04-28 15:15:57.862  2826  2826 I Telephony: GsmConnection: isAddParticipantCapable: isCapable = false
04-28 15:15:57.862  2826  2826 I Telephony: GsmConnection: isAddParticipantCapable: isCapable = false
04-28 15:15:57.892  3301  3301 W ContextImpl: Calling a method in the system process without a qualified user: android.app.ContextImpl.startService:1570 android.content.ContextWrapper.startService:669 com.redbend.app.SmmService.sendIntentEvent:373 com.redbend.client.ClientService.sendEvent:586 com.redbend.client.ClientService$DilPhoneStateListener.sendVoiceCallUpdate:1737 
04-28 15:15:57.894  1080  1321 I chatty  : uid=1000(system) ActivityManager expire 12 lines
04-28 15:15:57.973  1080  2899 I chatty  : uid=1000(system) uteStateMachine expire 3 lines
04-28 15:15:57.976  1080  2901 I chatty  : uid=1000(system) CallAudioModeSt expire 5 lines
04-28 15:15:57.981  1080   811 I chatty  : uid=1000(system) Binder:1080_20 expire 5 lines
04-28 15:15:57.993  1080  2899 I chatty  : uid=1000(system) uteStateMachine expire 11 lines
04-28 15:15:57.998  1080  2883 I chatty  : uid=1000(system) BluetoothRouteM expire 1 line
04-28 15:15:57.998  1080  3666 I chatty  : uid=1000 system_server expire 1 line
04-28 15:15:58.000  1080  1080 I chatty  : uid=1000 system_server expire 16 lines
04-28 15:15:58.132  1080  1322 I chatty  : uid=1000(system) ActivityManager expire 5 lines
04-28 15:15:58.776  2694  2694 E ActivityThread: Failed to find provider info for com.jio.os.content.ContentFeedProvider
--------- beginning of main
04-28 15:15:58.958  3034  3034 I Dialer  : InCallFragment.setCallState - PrimaryCallState, state: 2, connectionLabel: null, swapToSecondaryButtonState: 0, sessionModificationState: 0
04-28 15:15:58.963  3034  3034 W Dialer  : BottomSheetHelper shallShowMoreButton - returns false
04-28 15:15:58.964  3034  3034 W Dialer  : BottomSheetHelper shallShowMoreButton - returns false
04-28 15:15:58.966  3034  3034 I Dialer  : VideoPauseController.onStateChange - hasPrimaryCallChanged: false, videoCanPause: false, isInBackground: false
04-28 15:15:58.966  3034  3034 I Dialer  : ReturnToCallController.hide - hide() called without calling show()
04-28 15:15:58.966  3034  3034 I Dialer  : InCallPresenter.onCallListChange - Phone switching state: NO_CALLS -> NO_CALLS
04-28 15:15:58.968  3034  3034 I Dialer  : InCallFragment.setCallState - PrimaryCallState, state: 2, connectionLabel: null, swapToSecondaryButtonState: 0, sessionModificationState: 0
04-28 15:15:58.971  3034  3034 W Dialer  : BottomSheetHelper shallShowMoreButton - returns false
04-28 15:15:58.972  3034  3034 W Dialer  : BottomSheetHelper shallShowMoreButton - returns false
04-28 15:15:58.973  3034  3034 I Dialer  : VideoPauseController.onStateChange - hasPrimaryCallChanged: false, videoCanPause: false, isInBackground: false
04-28 15:15:58.973  3034  3034 I Dialer  : ReturnToCallController.hide - hide() called without calling show()
04-28 15:15:59.011  3034  3108 I deaurora.diale: Background young concurrent copying GC freed 199874(13MB) AllocSpace objects, 27(3592KB) LOS objects, 80% free, 4030KB/20MB, paused 1.316ms total 367.468ms
04-28 15:15:59.188  3680  3680 I System.out: ca=CN=*.jiocloud.com, OU=Domain Control Validated
04-28 15:15:59.196  1080  1080 I chatty  : uid=1000 system_server expire 2 lines
04-28 15:15:59.196   666  4018 D NuPlayerDriver: reset(0xb5835d20) at state 6
04-28 15:15:59.232   666  3675 D NuPlayerDriver: notifyResetComplete(0xb5835d20)
04-28 15:15:59.233   666  4018 W AMessage: failed to post message as target looper for handler 0 is gone.
04-28 15:15:59.239  3034  3034 I Dialer  : ProximitySensor.updateProximitySensorMode - screenOnImmediately: false, dialPadVisible: false, offHook: false, horizontal: false, uiShowing: false, audioRoute: EARPIECE
04-28 15:15:59.239  3034  3034 I Dialer  : ProximitySensor.turnOffProximitySensor - wake lock already released
04-28 15:15:59.240  3034  3034 I Dialer  : ReturnToCallController.hide - hide() called without calling show()
04-28 15:15:59.240  3034  3034 I Dialer  : InCallActivity.showMainInCallFragment - not visible yet/anymore
04-28 15:15:59.240  3034  3034 I Dialer  : InCallPresenter.updateActivity - UI Destroyed
04-28 15:15:59.240  3034  3034 I Dialer  : InCallPresenter.onCallListChange - Phone switching state: NO_CALLS -> NO_CALLS
04-28 15:15:59.241  3034  3034 I Dialer  : InCallFragment.setCallState - PrimaryCallState, state: 2, connectionLabel: null, swapToSecondaryButtonState: 0, sessionModificationState: 0
04-28 15:15:59.244  3034  3034 W Dialer  : BottomSheetHelper shallShowMoreButton - returns false
04-28 15:15:59.244  3034  3034 W Dialer  : BottomSheetHelper.dismissBottomSheet - In call activity is either null or not visible
04-28 15:15:59.245  3034  3034 W Dialer  : BottomSheetHelper shallShowMoreButton - returns false
04-28 15:15:59.245  3034  3034 W Dialer  : BottomSheetHelper.dismissBottomSheet - In call activity is either null or not visible
04-28 15:15:59.251  3034  3034 I Dialer  : VideoPauseController.onStateChange - hasPrimaryCallChanged: false, videoCanPause: false, isInBackground: true
04-28 15:15:59.252  3034  3034 I Dialer  : UiListener.onDetach - enter
04-28 15:15:59.253  3034  3034 I Dialer  : InCallFragment.onButtonGridCreated - InCallUiUnready
04-28 15:15:59.264  3034  3034 I Dialer  : CallCardPresenter.onInCallScreenUnready
04-28 15:15:59.267  3034  3034 I Dialer  : InCallPresenter.unsetActivity - No InCallActivity currently set, no need to unset.
04-28 15:15:59.307   897   924 E Diag_Lib: [IMS_DataD] qpDplConnectionManager.cpp | 1135 | | 924 |qpDsiNetCtrlCB enter, pConnServDb [0x88de6a08]
04-28 15:15:59.307   897   924 E Diag_Lib: [IMS_DataD] qpDplConnectionManager.cpp | 1150 | | 924 |qpDsiNetCtrlCB : Apn Type [1], Apn [ims], Ip Type [2]
04-28 15:15:59.307   897   924 E Diag_Lib: [IMS_DataD] qpDplConnectionManager.cpp | 1257 | | 924 |qpDsiNetCtrlCB : unknown dsi event. [6]
04-28 15:15:59.362   512  3273 I chatty  : uid=1041(audioserver) Binder:512_5 expire 1 line
04-28 15:15:59.411  3680  3726 I FA      : App measurement is starting up, version: 15300
04-28 15:15:59.411  3680  3726 I FA      : To enable debug logging run: adb shell setprop log.tag.FA VERBOSE
04-28 15:15:59.411  3680  3726 I FA      : To enable faster debug mode event logging run:
04-28 15:15:59.411  3680  3726 I FA      :   adb shell setprop debug.firebase.analytics.app com.jio.myjio
04-28 15:15:59.475  2478  2696 I vol.Events: writeEvent level_changed STREAM_SYSTEM 7
04-28 15:15:59.478  2478  2696 I vol.Events: writeEvent level_changed STREAM_RING 7
04-28 15:15:59.491  2478  2696 I vol.Events: writeEvent level_changed STREAM_ALARM 7
04-28 15:15:59.498   512  1704 I chatty  : uid=1041(audioserver) Binder:512_8 expire 1 line
04-28 15:15:59.503  1080  2899 I chatty  : uid=1000(system) uteStateMachine expire 5 lines
04-28 15:15:59.506   512   968 I chatty  : uid=1041(audioserver) Binder:512_1 expire 1 line
04-28 15:15:59.519  2478  2696 I vol.Events: writeEvent level_changed STREAM_MUSIC 0
04-28 15:15:59.563  3680  3750 W Java7Support: Unable to load JDK7 types (annotations, java.nio.file.Path): no Java7 support added
04-28 15:15:59.826   667   667 E ANDR-IOP: IIop:: Iop HAL Service is not available.
04-28 15:15:59.898  1080  3605 I chatty  : uid=1000(system) Binder:1080_1B expire 2 lines
04-28 15:15:59.911  1080  1321 I chatty  : uid=1000(system) ActivityManager expire 8 lines
04-28 15:15:59.970  2478  2491 I ndroid.systemu: Background young concurrent copying GC freed 381688(16MB) AllocSpace objects, 20(400KB) LOS objects, 69% free, 7714KB/24MB, paused 3.566ms total 401.747ms
04-28 15:15:59.994   419   419 I chatty  : uid=0(root) main expire 1 line
04-28 15:16:00.028  2478  2478 D KeyguardClockSwitch: Updating clock: 316
04-28 15:16:00.036  3034  3034 I Dialer  : InCallPresenter.setBoundAndWaitingForOutgoingCall - setBoundAndWaitingForOutgoingCall: false
04-28 15:16:00.036  3034  3034 I Dialer  : InCallPresenter.onCallListChange - Phone switching state: NO_CALLS -> NO_CALLS
04-28 15:16:00.037  3034  3034 I Dialer  : VideoPauseController.onStateChange - hasPrimaryCallChanged: false, videoCanPause: false, isInBackground: true
04-28 15:16:00.038  3034  3034 I Dialer  : ReturnToCallController.hide - hide() called without calling show()
04-28 15:16:00.047  3034  3034 I Dialer  : InCallPresenter.attemptCleanup - Cleaning up
04-28 15:16:00.048  3034  3034 I Dialer  : ProximitySensor.turnOffProximitySensor - wake lock already released
04-28 15:16:00.051   418   892 I chatty  : uid=0(root) Binder:418_1 expire 3 lines
04-28 15:16:00.053  3034  3034 I Dialer  : VideoPauseController.tearDown - enter
04-28 15:16:00.067  3034  3034 I Dialer  : ReturnToCallController.hide - hide() called without calling show()
04-28 15:16:00.123  3680  3760 I DpmTcmClient: RegisterTcmMonitor from: $Proxy0
04-28 15:16:00.199  1080   985 I chatty  : uid=1000(system) Binder:1080_15 expire 15 lines
04-28 15:16:00.204  1080   985 I chatty  : uid=1000(system) Binder:1080_15 expire 2 lines
04-28 15:16:00.287   419   419 I chatty  : uid=0(root) main expire 2 lines
04-28 15:16:00.376  1080  2945 I chatty  : uid=1000(system) Binder:1080_1E expire 4 lines
04-28 15:16:00.383  3680  3726 E FA      : Failed to send app launch to the service: android.os.DeadObjectException: com.google.android.gms.measurement.internal.zzao.zza(Unknown Source:11)
04-28 15:16:00.384  3680  3726 E FA      : Failed to get app instance id: android.os.DeadObjectException: com.google.android.gms.measurement.internal.zzao.zzc(Unknown Source:3)
04-28 15:16:00.425   419   419 D Zygote  : Forked child process 3812
04-28 15:16:00.476  3785  3785 I Perf    : Connecting to perf service.
04-28 15:16:00.493  1080  2945 I chatty  : uid=1000(system) Binder:1080_1E expire 6 lines
04-28 15:16:00.524  3785  3785 W d.calllogbacku: Couldn't clamp region space as there are regions in use beyond growth limit.
04-28 15:16:00.529   667   667 E ANDR-IOP: IIop:: Iop HAL Service is not available.
04-28 15:16:00.554  3812  3812 I chatty  : uid=10090(com.google.android.gms) expire 10 lines
04-28 15:16:00.649  1080  1314 I chatty  : uid=1000(system) android.display expire 1 line
04-28 15:16:00.651   419   419 I Zygote  : Process 3034 exited due to signal 9 (Killed)
04-28 15:16:00.828  2478  2478 D StatusBarNotificationPresenter: calling update notifications on Panel
04-28 15:16:01.140  3812  3812 I ProviderInstaller: Installed default security provider GmsCore_OpenSSL
04-28 15:16:01.140  3812  3812 I Safeboot: Checking safeboot...
04-28 15:16:01.142  3812  3812 I Safeboot: Not entering safeboot; wrong process.
04-28 15:16:01.205  3812  3812 I Watchcat: Started
04-28 15:16:01.211  3812  3812 I azqi    : Primes not initialized, returning default (no-op) Primes instance which will ignore all calls. Please call Primes.initialize(...) before using any Primes API.
04-28 15:16:01.215   667   667 E ANDR-IOP: IIop:: Iop HAL Service is not available.
04-28 15:16:01.285  3812  3835 I DynamiteModule: Considering local module com.google.android.gms.googlecertificates:6 and remote module com.google.android.gms.googlecertificates:6
04-28 15:16:01.285  3812  3835 I DynamiteModule: Selected local version of com.google.android.gms.googlecertificates
04-28 15:16:01.346  1080  3885 I chatty  : uid=1000(system) Binder:1080_14 expire 1 line
04-28 15:16:01.432   419   419 I Zygote  : Process 3680 exited due to signal 9 (Killed)
04-28 15:16:01.787  3812  3835 E JavaBinder: *** Uncaught remote exception!  (Exceptions are not yet supported across processes.)
04-28 15:16:01.787  3812  3835 E JavaBinder: java.lang.RuntimeException: android.os.DeadObjectException
04-28 15:16:01.787  3812  3835 E JavaBinder: 	at android.os.Parcel.writeException(Parcel.java:1898)
04-28 15:16:01.787  3812  3835 E JavaBinder: 	at android.os.Binder.execTransactInternal(Binder.java:1039)
04-28 15:16:01.787  3812  3835 E JavaBinder: 	at android.os.Binder.execTransact(Binder.java:994)
04-28 15:16:01.787  3812  3835 E JavaBinder: Caused by: android.os.DeadObjectException
04-28 15:16:01.787  3812  3835 E JavaBinder: 	at android.os.BinderProxy.transactNative(Native Method)
04-28 15:16:01.787  3812  3835 E JavaBinder: 	at android.os.BinderProxy.transact(BinderProxy.java:511)
04-28 15:16:01.787  3812  3835 E JavaBinder: 	at cqn.b(:com.google.android.gms@203315060@20.33.15 (110300-330018294):2)
04-28 15:16:01.787  3812  3835 E JavaBinder: 	at qfd.a(:com.google.android.gms@203315060@20.33.15 (110300-330018294):3)
04-28 15:16:01.787  3812  3835 E JavaBinder: 	at qee.a(:com.google.android.gms@203315060@20.33.15 (110300-330018294):15)
04-28 15:16:01.787  3812  3835 E JavaBinder: 	at qee.a(:com.google.android.gms@203315060@20.33.15 (110300-330018294):9)
04-28 15:16:01.787  3812  3835 E JavaBinder: 	at adij.a(:com.google.android.gms@203315060@20.33.15 (110300-330018294):3)
04-28 15:16:01.787  3812  3835 E JavaBinder: 	at qcq.a(:com.google.android.gms@203315060@20.33.15 (110300-330018294):28)
04-28 15:16:01.787  3812  3835 E JavaBinder: 	at qfh.onTransact(:com.google.android.gms@203315060@20.33.15 (110300-330018294):6)
04-28 15:16:01.787  3812  3835 E JavaBinder: 	at android.os.Binder.transact(Binder.java:914)
04-28 15:16:01.787  3812  3835 E JavaBinder: 	at cui.onTransact(:com.google.android.gms@203315060@20.33.15 (110300-330018294):2)
04-28 15:16:01.787  3812  3835 E JavaBinder: 	at android.os.Binder.transact(Binder.java:914)
04-28 15:16:01.787  3812  3835 E JavaBinder: 	at yet.onTransact(:com.google.android.gms@203315060@20.33.15 (110300-330018294):17)
04-28 15:16:01.787  3812  3835 E JavaBinder: 	at android.os.Binder.execTransactInternal(Binder.java:1021)
04-28 15:16:01.787  3812  3835 E JavaBinder: 	... 1 more
04-28 15:16:01.869  3812  3850 I FA-SVC  : App measurement initialized, version: 203315
04-28 15:16:02.328   593   636 D ThermalEngine: zone:1 sensor:xo-therm-buf-adc temp:49527 trip:0 event:0
04-28 15:16:02.335   593   636 D ThermalEngine: zone:20 sensor:skin-therm-adc temp:35219 trip:0 event:0
04-28 15:16:02.540   593   636 D ThermalEngine: zone:2 sensor:pa-therm0-adc temp:46148 trip:0 event:0
04-28 15:16:04.663  3337  3437 I chatty  : uid=10045(com.jio.adc.embedded) LR-HT-NT expire 2 lines
04-28 15:16:04.685  2783  3772 I chatty  : uid=1001(radio) FrameworkReceiv expire 2 lines
04-28 15:16:04.687  2332  2332 I CarrierServices: [2] dmn.onReceive: Received SERVICE_STATE intent, clearing cached cell info
04-28 15:16:04.701   419   419 D Zygote  : Forked child process 3857
04-28 15:16:04.764  1080   811 I chatty  : uid=1000(system) Binder:1080_20 expire 11 lines
04-28 15:16:04.881  3857  3857 I Perf    : Connecting to perf service.
04-28 15:16:04.896  3857  3857 W oadcastreceive: Couldn't clamp region space as there are regions in use beyond growth limit.
04-28 15:16:04.931   667   667 E ANDR-IOP: IIop:: Iop HAL Service is not available.
04-28 15:16:04.933  3857  3857 D CellBroadcastReceiver: onReceive Intent { act=android.intent.action.SERVICE_STATE flg=0x1000010 cmp=com.android.cellbroadcastreceiver/.CellBroadcastReceiver (has extras) }
04-28 15:16:05.007   419   419 I Zygote  : Process 3785 exited due to signal 9 (Killed)
04-28 15:16:05.801   881   978 I chatty  : uid=1001(radio) DispatcherModul expire 20 lines
04-28 15:16:05.802   415   428 I chatty  : uid=1000(system) /vendor/bin/time_daemon expire 7 lines
04-28 15:16:05.803   415  3882 I chatty  : uid=1000(system) /vendor/bin/time_daemon expire 10 lines
04-28 15:16:05.806  1080  2586 I chatty  : uid=1000(system) Binder:1080_5 expire 8 lines
04-28 15:16:05.814   415  3883 I chatty  : uid=1000(system) /vendor/bin/time_daemon expire 10 lines
04-28 15:16:06.518  2478  2478 I PowerUI.Notification: show battery full warning: level=100 [1] 
04-28 15:16:06.541  2478  2478 D StatusBarNotificationPresenter: calling update notifications on Panel
04-28 15:16:06.552  2478  2478 D StatusBarNotificationPresenter: calling update notifications on Panel
04-28 15:16:07.447   593   636 D ThermalEngine: zone:20 sensor:skin-therm-adc temp:18084 trip:0 event:0
04-28 15:16:07.455   593   636 D ThermalEngine: zone:1 sensor:xo-therm-buf-adc temp:49189 trip:0 event:0
04-28 15:16:07.663   593   636 D ThermalEngine: zone:2 sensor:pa-therm0-adc temp:46081 trip:0 event:0
04-28 15:16:08.300   593   636 D ThermalEngine: zone:0 sensor:xo-therm-adc temp:49256 trip:0 event:0
04-28 15:16:08.300   593   649 D ThermalEngine: sensor_monitor: xo-therm-adc Reading 49256 .
04-28 15:16:08.300   593   649 I ThermalEngine: Sensor:xo-therm-adc:49256 mC
04-28 15:16:08.300   593   649 D ThermalEngine: update_active_thresh: xo-therm-adc Active(1), Hi(1) 51000, Lo(1) 45000, desc(0) Interval(1) 2000
04-28 15:16:08.301   593   649 D ThermalEngine: sensor_monitor: xo-therm-adc Sensor wait.
04-28 15:16:10.090  1080  1321 I chatty  : uid=1000(system) ActivityManager expire 3 lines
04-28 15:16:10.091  2332  2332 I CarrierServices: [2] dmn.onReceive: Received SERVICE_STATE intent, clearing cached cell info
04-28 15:16:10.093  3857  3857 D CellBroadcastReceiver: onReceive Intent { act=android.intent.action.SERVICE_STATE flg=0x1000010 cmp=com.android.cellbroadcastreceiver/.CellBroadcastReceiver (has extras) }
04-28 15:16:10.925   415  3889 I chatty  : uid=1000(system) /vendor/bin/time_daemon expire 10 lines
04-28 15:16:10.933   415  3890 D QC-time-services: Daemon:Received base = 13, unit = 1, operation = 0,value = 1619603171813
04-28 15:16:10.933   415  3890 D QC-time-services: Daemon:genoff_opr: Base = 13, val = 1619603171813, operation = 0
04-28 15:16:10.933   415  3890 D QC-time-services: Daemon:Value read from QTimer mseconds = 15426963
04-28 15:16:10.933   415  3890 D QC-time-services: Daemon:Value read from RTC mseconds on boot = 10042000
04-28 15:16:10.933   415  3890 D QC-time-services: Daemon:Delta read on boot mseconds = 9943761
04-28 15:16:10.933   415  3890 D QC-time-services: Daemon:new time 1619603171813 
04-28 15:16:10.933   415  3890 D QC-time-services: Daemon: delta 1619577801089 genoff 1619577801089 
04-28 15:16:10.933   415  3890 D QC-time-services: Daemon:genoff_persistent_update: Writing genoff = 1619577801089 to memory
04-28 15:16:10.933   415  3890 D QC-time-services: Daemon:Opening File: /mnt/vendor/persist/time/ats_13 /data/vendor/time/ats_13
04-28 15:16:10.933   415  3890 D QC-time-services: Daemon:time_persistent_memory_opr:Genoff write operation 
04-28 15:16:10.941   415   428 E QC-time-services: Daemon: Time-services: Waiting to acceptconnection
04-28 15:16:12.566   593   636 D ThermalEngine: zone:1 sensor:xo-therm-buf-adc temp:48716 trip:0 event:0
04-28 15:16:12.575   593   636 D ThermalEngine: zone:20 sensor:skin-therm-adc temp:33737 trip:0 event:0
04-28 15:16:12.780   593   636 D ThermalEngine: zone:2 sensor:pa-therm0-adc temp:45945 trip:0 event:0
04-28 15:16:16.295   339   339 I chatty  : uid=1000(system) hwservicemanage expire 10 lines
04-28 15:16:16.567  2478  2478 D StatusBarNotificationPresenter: calling update notifications on Panel
04-28 15:16:16.596   497   497 I chatty  : uid=1000(system) composer@2.1-se expire 11 lines
04-28 15:16:17.699   593   636 D ThermalEngine: zone:20 sensor:skin-therm-adc temp:22897 trip:0 event:0
04-28 15:16:17.709   593   636 D ThermalEngine: zone:1 sensor:xo-therm-buf-adc temp:48243 trip:0 event:0
04-28 15:16:17.900   593   636 D ThermalEngine: zone:2 sensor:pa-therm0-adc temp:45675 trip:0 event:0
04-28 15:16:18.328   593   636 D ThermalEngine: zone:0 sensor:xo-therm-adc temp:48310 trip:0 event:0
04-28 15:16:18.328   593   649 D ThermalEngine: sensor_monitor: xo-therm-adc Reading 48310 .
04-28 15:16:18.328   593   649 I ThermalEngine: Sensor:xo-therm-adc:48310 mC
04-28 15:16:18.328   593   649 D ThermalEngine: update_active_thresh: xo-therm-adc Active(1), Hi(1) 51000, Lo(1) 45000, desc(0) Interval(1) 2000
04-28 15:16:18.329   593   649 D ThermalEngine: sensor_monitor: xo-therm-adc Sensor wait.
04-28 15:16:22.812   593   636 D ThermalEngine: zone:1 sensor:xo-therm-buf-adc temp:47837 trip:0 event:0
04-28 15:16:22.822   593   636 D ThermalEngine: zone:20 sensor:skin-therm-adc temp:32878 trip:0 event:0
04-28 15:16:23.033   593   636 D ThermalEngine: zone:2 sensor:pa-therm0-adc temp:45405 trip:0 event:0
04-28 15:16:27.933   593   636 D ThermalEngine: zone:20 sensor:skin-therm-adc temp:14855 trip:0 event:0
04-28 15:16:27.942   593   636 D ThermalEngine: zone:1 sensor:xo-therm-buf-adc temp:47432 trip:0 event:0
04-28 15:16:28.140   593   636 D ThermalEngine: zone:2 sensor:pa-therm0-adc temp:45135 trip:0 event:0
04-28 15:16:28.198  1080  2441 I chatty  : uid=1000(system) PhotonicModulat expire 4 lines
04-28 15:16:28.298  3897  3897 I chatty  : uid=1000(system) expire 9 lines
04-28 15:16:28.305  3897  3897 I ServiceManagement: Removing namespace from process name android.hardware.light@2.0-service-lazy to light@2.0-service-lazy.
04-28 15:16:28.307  3897  3897 I         : Registration complete for android.hardware.light@2.0::ILight/default.
04-28 15:16:28.353   593   636 D ThermalEngine: zone:0 sensor:xo-therm-adc temp:47635 trip:0 event:0
04-28 15:16:28.353   593   649 D ThermalEngine: sensor_monitor: xo-therm-adc Reading 47635 .
04-28 15:16:28.353   593   649 I ThermalEngine: Sensor:xo-therm-adc:47635 mC
04-28 15:16:28.353   593   649 D ThermalEngine: update_active_thresh: xo-therm-adc Active(1), Hi(1) 51000, Lo(1) 45000, desc(0) Interval(1) 2000
04-28 15:16:28.354   593   649 D ThermalEngine: sensor_monitor: xo-therm-adc Sensor wait.
04-28 15:16:28.833   613   613 W vm_bms  : type=1400 audit(0.0:13366): avc: denied { read } for name="u:object_r:default_prop:s0" dev="tmpfs" ino=12041 scontext=u:r:vm_bms:s0 tcontext=u:object_r:default_prop:s0 tclass=file permissive=0
04-28 15:16:28.833   613   613 I chatty  : uid=0(root) /vendor/bin/vm_bms identical 46 lines
04-28 15:16:28.885   495   579 I LocSvc_BatteryListener: operator():153] healthInfo cb thread: cb CHARGING
04-28 15:16:28.953  2478  2478 D StatusBarNotificationPresenter: calling update notifications on Panel
04-28 15:16:30.573  3897  3897 I /vendor/bin/hw/android.hardware.light@2.0-service-lazy: Process has 1 (of 1 available) client(s) in use after notification android.hardware.light@2.0::ILight has clients: 1
04-28 15:16:31.406  1080  1623 I chatty  : uid=1000(system) Binder:1080_18 expire 2 lines
04-28 15:16:31.457   419   419 I chatty  : uid=0(root) main expire 3 lines
04-28 15:16:31.461  1080  1323 I chatty  : uid=1000(system) ActivityManager expire 3 lines
04-28 15:16:33.053   593   636 I chatty  : uid=0(root) /system/vendor/bin/thermal-engine expire 7 lines
04-28 15:16:35.572  3897  3897 I /vendor/bin/hw/android.hardware.light@2.0-service-lazy: Process has 0 (of 1 available) client(s) in use after notification android.hardware.light@2.0::ILight has clients: 0
04-28 15:16:35.572  3897  3897 I /vendor/bin/hw/android.hardware.light@2.0-service-lazy: Trying to exit HAL. No clients in use for any service in process.
04-28 15:16:35.573   339   339 I chatty  : uid=1000(system) hwservicemanage expire 10 lines
04-28 15:16:35.574  3897  3897 I /vendor/bin/hw/android.hardware.light@2.0-service-lazy: Unregistered all clients and exiting
04-28 15:16:38.382   593   649 I chatty  : uid=0(root) /system/vendor/bin/thermal-engine expire 4 lines
04-28 15:16:39.361   491  1089 I chatty  : uid=1041(audioserver) HwBinder:491_4 expire 1 line
04-28 15:16:39.371   491  2184 I chatty  : uid=1041(audioserver) writer expire 164 lines
04-28 15:16:39.493  1080  1315 I chatty  : uid=1000(system) android.anim expire 2 lines
04-28 15:16:39.554   491   563 I chatty  : uid=1041(audioserver) HwBinder:491_1 expire 50 lines
04-28 15:16:39.575  2694  2694 I         : Borqs:recents LAR.java-- setAnimation(), anim startTime: 16
04-28 15:16:39.578  1080  2412 I chatty  : uid=1000(system) ClientModeImpl expire 7 lines
04-28 15:16:39.587  1080  1327 I chatty  : uid=1000(system) batterystats-wo expire 10 lines
04-28 15:16:39.596  2160  2160 I chatty  : uid=1000(system) com.android.settings expire 22 lines
04-28 15:16:39.695   418   892 I chatty  : uid=0(root) Binder:418_1 expire 4 lines
04-28 15:16:39.896  2160  4063 I chatty  : uid=1000(system) AsyncTask #27 expire 7 lines
04-28 15:16:40.015  2478  2478 D StatusBar: disable<e i a s b h r c s > disable2<q i n >
04-28 15:16:40.056  2160  2203 I chatty  : uid=1000(system) pool-1-thread-1 expire 6 lines
04-28 15:16:40.077   516   516 E Layer   : [Surface(name=AppWindowToken{559f459 token=Token{e93c0a0 ActivityRecord{23585a3 u0 com.android.settings/.Settings t5}}})/@0x9e7d585 - animation-leash#0] No local sync point found
04-28 15:16:40.077   516   516 E Layer   : [Surface(name=AppWindowToken{573fdcc token=Token{da10bff ActivityRecord{4b771e u0 com.android.launcher3/.Launcher t4}}})/@0xfa59b43 - animation-leash#0] No local sync point found
04-28 15:16:40.155  2478  2478 W View    : requestLayout() improperly called by com.android.keyguard.CarrierText{37f57d5 V.ED..... ..S...ID 22,0-300,54 #7f0a01ec app:id/keyguard_carrier_text} during layout: running second layout pass
04-28 15:16:40.168   418   892 I netd    : trafficSwapActiveStatsMap() <44.39ms>
04-28 15:16:40.175   418   892 I netd    : tetherGetStats() <4.49ms>
04-28 15:16:40.224  1080  3291 I chatty  : uid=1000(system) Binder:1080_E expire 7 lines
04-28 15:16:40.226  2478  2478 D ImageWallpaper: wallpaper visibility changes to: false
04-28 15:16:40.265  2478  2478 D StatusBar: disable<e i a s b h r c s > disable2<q i n >
04-28 15:16:40.286  2478  2478 I chatty  : uid=10095(com.android.systemui) identical 1 line
04-28 15:16:40.299  2478  2478 D StatusBar: disable<e i a s b h r c s > disable2<q i n >
04-28 15:16:40.304  2160  3979 I chatty  : uid=1000(system) pool-1-thread-4 expire 3 lines
04-28 15:16:40.436  3903  3903 I Perf    : Connecting to perf service.
04-28 15:16:40.475  3903  3903 W ssioncontrolle: Couldn't clamp region space as there are regions in use beyond growth limit.
04-28 15:16:40.578   667   667 E ANDR-IOP: IIop:: Iop HAL Service is not available.
04-28 15:16:42.794  1080  1571 I chatty  : uid=1000(system) InputDispatcher expire 6 lines
04-28 15:16:42.890  1080  1306 I chatty  : uid=1000(system) android.fg expire 2 lines
04-28 15:16:42.903  1080  1309 I chatty  : uid=1000(system) android.ui expire 2 lines
04-28 15:16:42.913  1080  1309 I chatty  : uid=1000(system) android.ui expire 8 lines
04-28 15:16:42.970  2694  2694 E ActivityThread: Failed to find provider info for com.jio.os.content.ContentFeedProvider
04-28 15:16:43.087  2478  2478 D ImageWallpaper: wallpaper visibility changes to: true
04-28 15:16:43.160  2694  2694 I         : Borqs:recents LAR.java-- setAnimation(), anim startTime: 16
04-28 15:16:43.162  2478  2478 D StatusBar: disable<e i a s b h r c s > disable2<q i n >
04-28 15:16:43.292   593   636 D ThermalEngine: zone:1 sensor:xo-therm-buf-adc temp:47770 trip:0 event:0
04-28 15:16:43.298   593   636 D ThermalEngine: zone:20 sensor:skin-therm-adc temp:32070 trip:0 event:0
04-28 15:16:43.345  2478  2478 D StatusBar: disable<e i a s b h r c s > disable2<q i n >
04-28 15:16:43.500   593   636 D ThermalEngine: zone:2 sensor:pa-therm0-adc temp:44819 trip:0 event:0
04-28 15:16:43.639  1080  1314 I chatty  : uid=1000(system) android.display expire 5 lines
04-28 15:16:43.689  2478  2478 D StatusBar: disable<e i a s b h r c s > disable2<q i n >
04-28 15:16:43.845  2478  2478 D StatusBar: disable<e i a s b h r c s > disable2<q i n >
04-28 15:16:43.855   419   419 I Zygote  : Process 3812 exited due to signal 9 (Killed)
04-28 15:16:44.408   418   892 I netd    : trafficSwapActiveStatsMap() <34.68ms>
04-28 15:16:44.417   418  2648 I netd    : tetherGetStats() <4.92ms>
04-28 15:16:44.435   418  2648 I netd    : bandwidthSetGlobalAlert(2097152) <1.85ms>
04-28 15:16:45.995  2694  2694 E ActivityThread: Failed to find provider info for com.jio.os.content.ContentFeedProvider
04-28 15:16:46.049  2478  2478 D StatusBar: disable<e i a s b h r c s > disable2<q i n >
04-28 15:16:46.159  2478  2478 D StatusBar: disable<e i a s b h r c s > disable2<q i n >
04-28 15:16:46.792  1080  3418 I chatty  : uid=1000(system) Binder:1080_F expire 1 line
04-28 15:16:46.794   339   339 I chatty  : uid=1000(system) hwservicemanage expire 10 lines
04-28 15:16:46.799  1080  3418 I chatty  : uid=1000(system) Binder:1080_F expire 14 lines
04-28 15:16:46.896  2694  2694 I         : Borqs:recents LAR.java-- setAnimation(), anim startTime: 16
04-28 15:16:47.201   418  2648 I netd    : trafficSwapActiveStatsMap() <18.40ms>
04-28 15:16:47.254   418  2648 I netd    : tetherGetStats() <4.02ms>
04-28 15:16:47.388  2478  2478 D ImageWallpaper: wallpaper visibility changes to: false
04-28 15:16:47.392   516   516 E Layer   : [Surface(name=AppWindowToken{573fdcc token=Token{da10bff ActivityRecord{4b771e u0 com.android.launcher3/.Launcher t4}}})/@0xfa59b43 - animation-leash#0] No local sync point found
04-28 15:16:47.392   516   516 E Layer   : [Surface(name=AppWindowToken{559f459 token=Token{e93c0a0 ActivityRecord{23585a3 u0 com.android.settings/.Settings t5}}})/@0x9e7d585 - animation-leash#0] No local sync point found
04-28 15:16:47.399  1080  1327 I chatty  : uid=1000(system) batterystats-wo expire 1 line
04-28 15:16:47.403  1080  3290 I chatty  : uid=1000(system) Binder:1080_D expire 1 line
04-28 15:16:47.487  1080  1080 I chatty  : uid=1000 system_server expire 3 lines
04-28 15:16:47.491   418  2648 I netd    : trafficSwapActiveStatsMap() <22.04ms>
04-28 15:16:47.497   418  2648 I netd    : tetherGetStats() <3.60ms>
04-28 15:16:47.573  2160  2204 I chatty  : uid=1000(system) pool-1-thread-2 expire 3 lines
04-28 15:16:47.679  3939  3939 E light   : light_open lights keyboard failed: -22
04-28 15:16:47.679  3939  3939 E light   : Light passthrough failed to load legacy HAL.
04-28 15:16:47.680  3939  3939 E light   : light_open lights buttons failed: -22
04-28 15:16:47.680  3939  3939 E light   : Light passthrough failed to load legacy HAL.
04-28 15:16:47.682  3939  3939 E light   : light_open lights bluetooth failed: -22
04-28 15:16:47.682  3939  3939 E light   : Light passthrough failed to load legacy HAL.
04-28 15:16:47.683  3939  3939 E light   : light_open lights wifi failed: -22
04-28 15:16:47.683  3939  3939 E light   : Light passthrough failed to load legacy HAL.
04-28 15:16:47.685  3939  3939 I /vendor/bin/hw/android.hardware.light@2.0-service-lazy: Registering HAL: android.hardware.light@2.0::ILight with name: default
04-28 15:16:47.688  3939  3939 I ServiceManagement: Removing namespace from process name android.hardware.light@2.0-service-lazy to light@2.0-service-lazy.
04-28 15:16:47.690  3939  3939 I         : Registration complete for android.hardware.light@2.0::ILight/default.
04-28 15:16:48.406   593   636 D ThermalEngine: zone:20 sensor:skin-therm-adc temp:19018 trip:0 event:0
04-28 15:16:48.416   593   636 D ThermalEngine: zone:1 sensor:xo-therm-buf-adc temp:48175 trip:0 event:0
04-28 15:16:48.417   593   636 D ThermalEngine: zone:0 sensor:xo-therm-adc temp:48310 trip:0 event:0
04-28 15:16:48.418   593   649 D ThermalEngine: sensor_monitor: xo-therm-adc Reading 48310 .
04-28 15:16:48.418   593   649 I ThermalEngine: Sensor:xo-therm-adc:48310 mC
04-28 15:16:48.418   593   649 D ThermalEngine: update_active_thresh: xo-therm-adc Active(1), Hi(1) 51000, Lo(1) 45000, desc(0) Interval(1) 2000
04-28 15:16:48.418   593   649 D ThermalEngine: sensor_monitor: xo-therm-adc Sensor wait.
04-28 15:16:48.619   593   636 D ThermalEngine: zone:2 sensor:pa-therm0-adc temp:44939 trip:0 event:0
04-28 15:16:49.495  1080  3418 I ActivityTaskManager: START u0 {act=android.intent.action.MAIN cmp=com.android.settings/.SubSettings (has extras)} from uid 1000
04-28 15:16:49.502  1080  3418 D ActivityTrigger: ActivityTrigger activityPauseTrigger 
04-28 15:16:49.513  1080   811 I ActivityTaskManager: The Process com.android.settings Already Exists in BG. So sending its PID: 2160
04-28 15:16:49.517  1080   811 D CompatibilityInfo: mCompatibilityFlags - 0
04-28 15:16:49.517  1080   811 D CompatibilityInfo: applicationDensity - 216
04-28 15:16:49.517  1080   811 D CompatibilityInfo: applicationScale - 1.0
04-28 15:16:49.582  2160  4063 E ActivityThread: Failed to find provider info for com.qti.smq.Feedback.provider
04-28 15:16:49.766  1080  2586 I Telecom : PhoneAccountRegistrar: getSimCallManager: SimCallManager for subId 1 queried, returning: null: TSI.gSCM@Cr8
04-28 15:16:49.803  1080  2586 I Telecom : PhoneAccountRegistrar: getSimCallManager: SimCallManager for subId 1 queried, returning: null: TSI.gSCM@CsA
04-28 15:16:49.841  1080  2586 I Telecom : PhoneAccountRegistrar: getSimCallManager: SimCallManager for subId 1 queried, returning: null: TSI.gSCM@CsE
04-28 15:16:49.890  1080  1320 I ActivityTaskManager: Fully drawn com.android.settings/.SubSettings: +394ms
04-28 15:16:49.939  1080  2586 D ConnectivityService: requestNetwork for uid/pid:1000/2160 NetworkRequest [ TRACK_DEFAULT id=243, [ Capabilities: INTERNET&NOT_RESTRICTED&TRUSTED Uid: 1000] ]
04-28 15:16:49.943  2826  2826 I chatty  : uid=1001(radio) com.android.phone expire 35 lines
04-28 15:16:49.943  1080  2412 D WifiNetworkFactory: got request NetworkRequest [ TRACK_DEFAULT id=243, [ Capabilities: INTERNET&NOT_RESTRICTED&TRUSTED Uid: 1000] ] with score 0 and serial 0
04-28 15:16:49.943  1080  2412 D UntrustedWifiNetworkFactory: got request NetworkRequest [ TRACK_DEFAULT id=243, [ Capabilities: INTERNET&NOT_RESTRICTED&TRUSTED Uid: 1000] ] with score 0 and serial 0
04-28 15:16:49.944  1080  2439 D Ethernet: got request NetworkRequest [ TRACK_DEFAULT id=243, [ Capabilities: INTERNET&NOT_RESTRICTED&TRUSTED Uid: 1000] ] with score 0 and serial 0
04-28 15:16:49.994  1080   811 I Telecom : PhoneAccountRegistrar: getSimCallManager: SimCallManager for subId 1 queried, returning: null: TSI.gSCM@CsI
04-28 15:16:49.997  2160  3947 I chatty  : uid=1000(system) com.android.settings expire 1 line
04-28 15:16:50.296  2160  2191 I chatty  : uid=1000(system) RenderThread expire 2 lines
04-28 15:16:50.360  2160  2176 I chatty  : uid=1000(system) HeapTaskDaemon expire 1 line
04-28 15:16:50.360  2160  2176 W ndroid.setting: Reducing the number of considered missed Gc histogram windows from 104 to 100
04-28 15:16:50.362  1080  1320 I chatty  : uid=1000(system) android.bg expire 3 lines
04-28 15:16:50.572  3939  3939 I chatty  : uid=1000(system) expire 4 lines
04-28 15:16:51.505   418  2648 I netd    : trafficSwapActiveStatsMap() <5.88ms>
04-28 15:16:51.509   418  2648 I netd    : tetherGetStats() <2.67ms>
04-28 15:16:51.518   418  2648 I netd    : bandwidthSetGlobalAlert(2097152) <0.56ms>
04-28 15:16:52.207  1080  2586 I ActivityTaskManager: START u0 {act=android.intent.action.MAIN cmp=com.qualcomm.qti.networksetting/.MobileNetworkSettings} from uid 1000
04-28 15:16:52.255  1080  2586 I ActivityTaskManager: The Process com.android.phone Already Exists in BG. So sending its PID: 2826
04-28 15:16:52.377   491   563 I chatty  : uid=1041(audioserver) HwBinder:491_1 identical 25 lines
04-28 15:16:52.607  2826  2826 D MobileNetworkSettings: [0] onSubscriptionsChanged: Slot matched SimSlotIndex: 0
04-28 15:16:52.608  2826  2826 D NetworkOperators: [NetworksList] get network selection mode: auto selection
04-28 15:16:53.191  1080  2415 D ConnectivityService: releasing NetworkRequest [ TRACK_DEFAULT id=243, [ Capabilities: INTERNET&NOT_RESTRICTED&TRUSTED Uid: 1000] ] (release request)
04-28 15:16:53.338   497   533 I chatty  : uid=1000(system) HwBinder:497_1 expire 6 lines
04-28 15:16:53.528   593   636 D ThermalEngine: zone:1 sensor:xo-therm-buf-adc temp:48445 trip:0 event:0
04-28 15:16:53.530   593   636 D ThermalEngine: zone:20 sensor:skin-therm-adc temp:32121 trip:0 event:0
04-28 15:16:53.740   593   636 D ThermalEngine: zone:2 sensor:pa-therm0-adc temp:45067 trip:0 event:0
04-28 15:16:56.262   491  2184 I chatty  : uid=1041(audioserver) writer expire 8 lines
04-28 15:16:56.263   491  2184 D msm8916_platform: platform_split_snd_device: snd_device(2) num devices(1) new_snd_devices(0)
04-28 15:16:56.263   491  2184 I msm8916_platform: platform_check_and_set_codec_backend_cfg: becf: new_snd_devices[0] is speaker
04-28 15:16:56.263   491  2184 I msm8916_platform: platform_check_codec_backend_cfg:becf: afe: Codec selected backend: 0 current bit width: 16 sample rate: 48000 channels: 2 usecase 1 device (speaker)
04-28 15:16:56.263   491  2184 D msm8916_platform: platform_check_codec_backend_cfg:becf: afe: playback on codec device not supporting native playback set default Sample Rate(48k)
04-28 15:16:56.263   491  2184 D msm8916_platform: platform_check_codec_backend_cfg:becf: afe: only 48KHZ sample rate is supported Configure afe to default Sample Rate(48k)
04-28 15:16:56.263   491  2184 I msm8916_platform: platform_check_codec_backend_cfg:becf: afe: Codec selected backend: 0 updated bit width: 16 sample rate: 48000 channels: 2
04-28 15:16:56.263   491  2184 D audio_hw_primary: check_usecases_codec_backend:becf: force routing 0
04-28 15:16:56.263   491  2184 E msm8916_platform: platform_check_backends_match: Invalid snd_device = 
04-28 15:16:56.263   491  2184 D audio_hw_primary: check_usecases_codec_backend:becf: (63) check_usecases curr device: speaker, usecase device: backends match 0
04-28 15:16:56.263   491  2184 D audio_hw_primary: check_usecases_codec_backend:becf: check_usecases num.of Usecases to switch 0
04-28 15:16:56.263   491  2184 D hardware_info: hw_info_append_hw_type : device_name = speaker
04-28 15:16:56.264   491  2184 D msm8916_platform: platform_split_snd_device: snd_device(2) num devices(0) new_snd_devices(0)
04-28 15:16:56.264   491  2184 D audio_hw_primary: enable_snd_device: snd_device(2: speaker)
04-28 15:16:56.264   491  2184 D audio_route: Apply path: speaker
04-28 15:16:56.271  1080   811 I chatty  : uid=1000(system) Binder:1080_20 expire 7 lines
04-28 15:16:56.276   491  2184 D audio_hw_utils: audio_extn_utils_send_app_type_cfg: usecase->out_snd_device speaker
04-28 15:16:56.276   491  2184 D msm8916_platform: platform_split_snd_device: snd_device(2) num devices(0) new_snd_devices(0)
04-28 15:16:56.276   491  2184 D audio_hw_utils: audio_extn_btsco_get_sample_rate:Not a BT SCO device, need not update sampling rate
04-28 15:16:56.277   491  2184 I audio_hw_utils: send_app_type_cfg_for_device PLAYBACK app_type 69937, acdb_dev_id 14, sample_rate 48000, snd_device_be_idx 43
04-28 15:16:56.277   491  2184 D msm8916_platform: platform_split_snd_device: snd_device(2) num devices(1) new_snd_devices(0)
04-28 15:16:56.277   491  2184 D audio_hw_utils: audio_extn_btsco_get_sample_rate:Not a BT SCO device, need not update sampling rate
04-28 15:16:56.277   491  2184 D ACDB-LOADER: ACDB -> send_audio_cal, acdb_id = 14, path = 0, app id = 0x11131, sample rate = 48000, afe_sample_rate = 48000
04-28 15:16:56.277   491  2184 D ACDB-LOADER: ACDB -> send_asm_topology
04-28 15:16:56.277   491  2184 D ACDB-LOADER: ACDB -> ACDB_CMD_GET_AUDPROC_STREAM_TOPOLOGY_ID
04-28 15:16:56.277   491  2184 D ACDB-LOADER: ACDB -> send_adm_topology
04-28 15:16:56.277   491  2184 D ACDB-LOADER: ACDB -> ACDB_CMD_GET_AUDPROC_COMMON_TOPOLOGY_ID
04-28 15:16:56.277   491  2184 D ACDB-LOADER: ACDB -> send_audtable
04-28 15:16:56.277   491  2184 D ACDB-LOADER: ACDB -> ACDB_CMD_GET_AUDPROC_COMMON_TABLE_SIZE
04-28 15:16:56.277   491  2184 D ACDB-LOADER: ACDB -> ACDB_CMD_GET_AUDPROC_COMMON_TABLE
04-28 15:16:56.277   491  2184 D ACDB-LOADER: ACDB -> AUDIO_SET_AUDPROC_CAL cal_type[11] acdb_id[14] app_type[69937]
04-28 15:16:56.277   491  2184 D ACDB-LOADER: ACDB -> send_audvoltable
04-28 15:16:56.277   491  2184 D ACDB-LOADER: ACDB -> ACDB_CMD_GET_AUDPROC_GAIN_DEP_STEP_TABLE_SIZE
04-28 15:16:56.277   491  2184 D ACDB-LOADER: ACDB -> ACDB_CMD_GET_AUDPROC_GAIN_DEP_STEP_TABLE, vol index 0
04-28 15:16:56.277   491  2184 D ACDB-LOADER: ACDB -> AUDIO_SET_VOL_CAL cal type = 12
04-28 15:16:56.277   491  2184 D ACDB-LOADER: ACDB -> ACDB_CMD_GET_AUDPROC_STREAM_TABLE_SIZE
04-28 15:16:56.277   491  2184 D ACDB-LOADER: ACDB -> send_audstrmtable
04-28 15:16:56.277   491  2184 D ACDB-LOADER: ACDB -> ACDB_CMD_GET_AUDPROC_STREAM_TABLE_V2
04-28 15:16:56.277   491  2184 D ACDB-LOADER: ACDB -> audstrm_cal->cal_type.cal_data.cal_size = 16
04-28 15:16:56.277   491  2184 D ACDB-LOADER: ACDB -> send_afe_topology
04-28 15:16:56.277   491  2184 D ACDB-LOADER: ACDB -> ACDB_CMD_GET_AFE_TOPOLOGY_ID
04-28 15:16:56.278   491  2184 D ACDB-LOADER: ACDB -> GET_AFE_TOPOLOGY_ID for adcd_id 14, Topology Id 1000fc01
04-28 15:16:56.278   491  2184 D ACDB-LOADER: ACDB -> send_afe_cal
04-28 15:16:56.278   491  2184 D ACDB-LOADER: ACDB -> ACDB_CMD_GET_AFE_COMMON_TABLE_SIZE
04-28 15:16:56.278   491  2184 D ACDB-LOADER: ACDB -> ACDB_CMD_GET_AFE_COMMON_TABLE
04-28 15:16:56.278   491  2184 D ACDB-LOADER: ACDB -> AUDIO_SET_AFE_CAL cal_type[16] acdb_id[14]
04-28 15:16:56.278   491  2184 D ACDB-LOADER: ACDB -> send_hw_delay : acdb_id = 14 path = 0
04-28 15:16:56.278   491  2184 D ACDB-LOADER: ACDB -> ACDB_AVSYNC_INFO: ACDB_CMD_GET_DEVICE_PROPERTY
04-28 15:16:56.278   491  2184 D msm8916_platform: platform_split_snd_device: snd_device(2) num devices(0) new_snd_devices(0)
04-28 15:16:56.278  2826  2826 D MobileNetworkSettings: [0] onPause:+
04-28 15:16:56.278   491  2184 I msm8916_platform: platform_get_custom_mtmx_params: no matching param with id 0 ip_ch 2 op_ch 1 uc_id 1 snd_dev 2
04-28 15:16:56.278   491  2184 D audio_hw_primary: enable_audio_route: apply mixer and update path: low-latency-playback
04-28 15:16:56.278   491  2184 D audio_route: Apply path: low-latency-playback
04-28 15:16:56.279   491  2184 D audio_hw_primary: select_devices: done
04-28 15:16:56.280  2826  2826 D MobileNetworkSettings: [0] unRegister for call state change for phone Id: 0
04-28 15:16:56.281   491  2184 D msm8916_platform: platform_set_channel_map mixer_ctl_name:Playback Channel Map12
04-28 15:16:56.281   491  2184 D msm8916_platform: platform_set_channel_map: set mapping(1 2 0 0 0 0 0 0) for channel:2
04-28 15:16:56.286  2826  2826 D MobileNetworkSettings: [0] onPause:-
04-28 15:16:56.336   491  2184 D audio_hw_primary: start_output_stream: exit
04-28 15:16:56.336   491  2184 D msm8916_platform: platform_split_snd_device: snd_device(2) num devices(0) new_snd_devices(0)
04-28 15:16:56.336   491  2184 I msm8916_platform: platform_get_custom_mtmx_params: no matching param with id 0 ip_ch 2 op_ch 1 uc_id 1 snd_dev 2
04-28 15:16:56.479  1080  2586 D ConnectivityService: requestNetwork for uid/pid:1000/2160 NetworkRequest [ TRACK_DEFAULT id=246, [ Capabilities: INTERNET&NOT_RESTRICTED&TRUSTED Uid: 1000] ]
04-28 15:16:56.482  1080  2439 I chatty  : uid=1000(system) EthernetService expire 1 line
04-28 15:16:56.483  2826  2826 D PhoneSwitcherNetworkRequstListener: got request NetworkRequest [ TRACK_DEFAULT id=246, [ Capabilities: INTERNET&NOT_RESTRICTED&TRUSTED Uid: 1000] ] with score 0 and serial 0
04-28 15:16:56.515  2160  4063 W TileUtils: Found com.android.settings.Settings$DataUsageSummaryActivity for intent Intent { act=com.android.settings.action.SETTINGS pkg=com.android.settings } missing metadata com.android.settings.category
04-28 15:16:56.562  1080  3418 I Telecom : PhoneAccountRegistrar: getSimCallManager: SimCallManager for subId 1 queried, returning: null: TSI.gSCM@CsU
04-28 15:16:56.574  2160  3954 D SettingsActivity: No enabled state changed, skipping updateCategory call
04-28 15:16:56.594  2160  2160 D MobileNetworkUtils: isImsServiceStateReady=true
04-28 15:16:56.682  2160  2160 D DashboardFragment: Cannot find preference with key vpn_settings in Controller VpnPreferenceController
