04-28 15:16:57.315   497   497 I chatty  : uid=1000(system) composer@2.1-se expire 12 lines
04-28 15:16:58.110  1080  3418 I ActivityTaskManager: START u0 {act=android.intent.action.MAIN cmp=com.qualcomm.qti.networksetting/.MobileNetworkSettings} from uid 1000
04-28 15:16:58.153  1080  3418 I ActivityTaskManager: The Process com.android.phone Already Exists in BG. So sending its PID: 2826
04-28 15:16:58.157  2826  2826 W ActivityThread: handleWindowVisibility: no activity for token android.os.BinderProxy@16884d7
04-28 15:16:58.197  2826  2826 D MobileNetworkSettings: mSimSlotIndexFromIntent: -1
04-28 15:16:58.199  2826  2826 I MobileNetworkSettings: [-1] onCreate:+
04-28 15:16:58.205   339   339 I chatty  : uid=1000(system) hwservicemanage expire 55 lines
04-28 15:16:58.215  2826  2826 I MobileNetworkSettings: [-1] onCreate:-
04-28 15:16:58.220  2826  2826 D MobileNetworkSettings: [-1] initializeSubscriptions:+
04-28 15:16:58.221  2826  2826 I MobileNetworkSettings: [-1] isUpdateTabsNeeded:- DO_NOTHING, newSil.size(): 1, mActiveSubInfos.size(): 0
04-28 15:16:58.221  2826  2826 D MobileNetworkSettings: [-1] initializeSubscriptions: DO_NOTHING
04-28 15:16:58.222  2826  2826 D MobileNetworkSettings: [0] getPreferredNetworkModeForPhoneId: phoneNwMode = 11 phoneId = 0
04-28 15:16:58.222  2826  2826 I MobileNetworkSettings: [0] updatePhone:- slotId=0
04-28 15:16:58.222  2826  2826 I MobileNetworkSettings: [0] updatePhone :: mImsMgr=com.android.ims.ImsManager@c174155
04-28 15:16:58.222  2826  2826 D MobileNetworkSettings: [0] updateBodyBasicFields, phoneSubId: 1, hasActiveSubscriptions: true
04-28 15:16:58.253  2826  2826 D MobileNetworkSettings: [0] set sub screenState phoneId=0, simState=5
04-28 15:16:58.253  2826  2826 D MobileNetworkSettings: [0] initializeSubscriptions:-
04-28 15:16:58.258  2826  2826 I MobileNetworkSettings: [0] onResume:+
04-28 15:16:58.258  2826  2826 D MobileNetworkSettings: [0] getPreferredNetworkModeForPhoneId: phoneNwMode = 11 phoneId = 0
04-28 15:16:58.258  2826  2826 I MobileNetworkSettings: [0] updatePhone:- slotId=0
04-28 15:16:58.258  2826  2826 I MobileNetworkSettings: [0] updatePhone :: mImsMgr=com.android.ims.ImsManager@c174155
04-28 15:16:58.261  2826  2826 D MobileNetworkSettings: [0] set sub screenState phoneId=0, simState=5
04-28 15:16:58.261  2826  2826 D MobileNetworkSettings: [0] getPreferredNetworkModeForPhoneId: phoneNwMode = 11 phoneId = 0
04-28 15:16:58.275  2826  2826 D MobileNetworkSettings: [0] Register for call state change for phone Id: 0
04-28 15:16:58.336  2826  2826 D GsmUmtsOptions: updatePhone:- subId=1
04-28 15:16:58.338  2826  2826 D GsmUmtsOptions: Not a CDMA phone for subid 1
04-28 15:16:58.342  2826  2826 D networkSelect: [NetworksList] Updating summary to Jio 4G for subID 1
04-28 15:16:58.342  2826  2826 D NetworkOperators: [NetworksList] getting network selection mode...
04-28 15:16:58.347  2826  2826 I MobileNetworkSettings: [0] onResume:-
04-28 15:16:58.359  2826  2826 D MobileNetworkSettings: [0] connection created, binding local service.
04-28 15:16:58.366  2826  2826 D MobileNetworkSettings: [0] set sub screenState phoneId=0, simState=5
04-28 15:16:58.368  2826  2826 D MobileNetworkSettings: [0] updateBodyBasicFields, phoneSubId: 1, hasActiveSubscriptions: true
04-28 15:16:58.394  2826  2826 D MobileNetworkSettings: [0] set sub screenState phoneId=0, simState=5
04-28 15:16:58.395  2826  2826 D MobileNetworkSettings: [0] PhoneStateListener onCallStateChanged: state=0 SubId: 1
04-28 15:16:58.397  2826  2826 D MobileNetworkSettings: [0] callstate: 0
04-28 15:16:58.402  2826  2826 I MobileNetworkSettings: [0] updatePreferredNetworkType: true
04-28 15:16:58.403  2826  2826 D MobileNetworkSettings: [0] onSubscriptionsChanged:
04-28 15:16:58.405  2826  2826 D MobileNetworkSettings: [0] onSubscriptionsChanged: newSil: [{id=1, iccId=89918680400118017108 simSlotIndex=0 carrierId=2018 displayName=Jio 4G carrierName=Jio 4G nameSource=1 iconTint=-16746133 mNumber=916360807621 dataRoaming=0 iconBitmap=android.graphics.Bitmap@a41bdb4 mcc 405 mnc 861mCountryIso=in isEmbedded false nativeAccessRules null cardString=89918680400118017108 cardId=0 isOpportunistic false mGroupUUID=null mIsGroupDisabled=false profileClass=-1 ehplmns = [405840, 405854, 405855, 405856, 405857, 405858, 405859, 405860, 405861, 405862, 405863, 405864, 405865, 405866, 405867, 405868, 405869, 405870, 405871, 405872, 405873, 405874] hplmns = [405861] subscriptionType=0 mGroupOwner=null carrierConfigAccessRules=null}] mActiveSubInfos: [{id=1, iccId=89918680400118017108 simSlotIndex=0 carrierId=2018 displayName=Jio 4G carrierName=Jio 4G nameSource=1 iconTint=-16746133 mNumber=916360807621 dataRoaming=0 iconBitmap=android.graphics.Bitmap@a41bdb4 mcc 405 mnc 861mCountryIso=in isEmbedded false nativeAccessRules null cardString=89918680400118017108 cardId=0 isOpportunistic false mGroupUUID=null mIsGroupDisabled=false profileClass=-1 ehplmns = [405840, 405854, 405855, 405856, 405857, 405858, 405859, 405860, 405861, 405862, 405863, 405864, 405865, 405866, 405867, 405868, 405869, 405870, 405871, 405872, 405873, 405874] hplmns = [405861] subscriptionType=0 mGroupOwner=null carrierConfigAccessRules=null}]
04-28 15:16:58.405  2826  2826 D MobileNetworkSettings: [0] onSubscriptionsChanged: Slot matched SimSlotIndex: 0
04-28 15:16:58.406  2826  2826 D NetworkOperators: [NetworksList] get network selection mode: auto selection
04-28 15:16:58.435   593   636 D ThermalEngine: zone:0 sensor:xo-therm-adc temp:48648 trip:0 event:0
04-28 15:16:58.436   593   649 D ThermalEngine: sensor_monitor: xo-therm-adc Reading 48648 .
04-28 15:16:58.436   593   649 I ThermalEngine: Sensor:xo-therm-adc:48648 mC
04-28 15:16:58.436   593   649 D ThermalEngine: update_active_thresh: xo-therm-adc Active(1), Hi(1) 51000, Lo(1) 45000, desc(0) Interval(1) 2000
04-28 15:16:58.436   593   649 D ThermalEngine: sensor_monitor: xo-therm-adc Sensor wait.
04-28 15:16:58.646   593   636 D ThermalEngine: zone:20 sensor:skin-therm-adc temp:18364 trip:0 event:0
04-28 15:16:58.651   593   636 D ThermalEngine: zone:1 sensor:xo-therm-buf-adc temp:48513 trip:0 event:0
04-28 15:16:58.859   593   636 D ThermalEngine: zone:2 sensor:pa-therm0-adc temp:45135 trip:0 event:0
04-28 15:16:58.989  1080  2415 D ConnectivityService: releasing NetworkRequest [ TRACK_DEFAULT id=246, [ Capabilities: INTERNET&NOT_RESTRICTED&TRUSTED Uid: 1000] ] (release request)
04-28 15:16:59.433  2826  2826 D TelephonyManager: setDataEnabled: enabled=true
04-28 15:16:59.476  2826  2826 D TelephonyProvider: subIdString = 1 subId = 1
04-28 15:16:59.530  2826  2826 D QtiMultiSimSettingController: onUserDataEnabled
04-28 15:16:59.531  2826  2826 D QtiMultiSimSettingController: setUserDataEnabledForGroup subId 1 enable true
04-28 15:16:59.531  2783  3772 D QCNEJ/WwanInfoRelay: Received action: android.intent.action.ANY_DATA_STATE
04-28 15:16:59.549  3315  3315 W DPMJ    : |SERVICE| DPM received ACTION_ANY_DATA_CONNECTION_STATE_CHANGEDdefault
04-28 15:16:59.549  3315  3315 W DPMJ    : |SERVICE| If apn type is default ->default
04-28 15:16:59.554  2783  3772 I QCNEJ/WwanInfoRelay: cacheWwanInfo state = DISCONNECTED
04-28 15:16:59.554  2783  3772 I QCNEJ/WwanInfoRelay: cacheWwanInfo subId = 1 phoneId = 0 slotId = 0
04-28 15:16:59.719  1080  1306 I chatty  : uid=1000(system) android.fg expire 2 lines
04-28 15:17:00.005  2478  2478 D KeyguardClockSwitch: Updating clock: 317
04-28 15:17:00.045   418  2648 I netd    : trafficSwapActiveStatsMap() <40.94ms>
04-28 15:17:00.052   418  2648 I netd    : tetherGetStats() <4.99ms>
04-28 15:17:00.063   418  2648 I netd    : bandwidthSetGlobalAlert(2097152) <0.48ms>
04-28 15:17:00.408  2783  3772 D QCNEJ/WwanInfoRelay: Received action: android.intent.action.ANY_DATA_STATE
04-28 15:17:00.411  3315  3315 W DPMJ    : |SERVICE| DPM received ACTION_ANY_DATA_CONNECTION_STATE_CHANGEDdefault
04-28 15:17:00.411  3315  3315 W DPMJ    : |SERVICE| If apn type is default ->default
04-28 15:17:00.411  1080   811 D ConnectivityService: registerNetworkAgent NetworkAgentInfo{ ni{[type: MOBILE[LTE], state: CONNECTED/CONNECTED, reason: connected, extra: jionet, failover: false, available: true, roaming: false]}  network{107}  nethandle{462967197709}  lp{{InterfaceName: rmnet_data2 LinkAddresses: [ 56.90.63.211/29 ] DnsAddresses: [ /49.45.0.1 ] Domains: null MTU: 1500 TcpBufferSizes: 2097152,4194304,8388608,262144,524288,1048576 Routes: [ 0.0.0.0/0 -> 56.90.63.212 rmnet_data2,56.90.63.208/29 -> 0.0.0.0 rmnet_data2 ]}}  nc{[ Transports: CELLULAR Capabilities: INTERNET&NOT_RESTRICTED&TRUSTED&NOT_VPN&NOT_ROAMING&FOREGROUND&NOT_CONGESTED&NOT_SUSPENDED LinkUpBandwidth>=15000Kbps LinkDnBandwidth>=30000Kbps Specifier: <1>]}  Score{10}  everValidated{false}  lastValidated{false}  created{false} lingering{false} explicitlySelected{false} acceptUnvalidated{false} everCaptivePortalDetected{false} lastCaptivePortalDetected{false} captivePortalValidationPending{false} partialConnectivity{false} acceptPartialConnectivity{false} clat{mBaseIface: null, mIface: null, mState: IDLE} }
04-28 15:17:00.420  2783  3772 I QCNEJ/WwanInfoRelay: cacheWwanInfo state = CONNECTED
04-28 15:17:00.420  2783  3772 I QCNEJ/WwanInfoRelay: cacheWwanInfo subId = 1 phoneId = 0 slotId = 0
04-28 15:17:00.438  1080  2415 D ConnectivityService: NetworkAgentInfo [MOBILE (LTE) - 107] EVENT_NETWORK_INFO_CHANGED, going from null to CONNECTED
04-28 15:17:00.448   418  2648 D TcpSocketMonitor: resuming tcpinfo polling (interval=30000ms)
04-28 15:17:00.448   418  2648 I netd    : networkCreatePhysical(107, 0) <0.12ms>
04-28 15:17:00.475  1080  1306 D AutofillManagerService: Close system dialogs
04-28 15:17:00.479  1080  1309 I ActivityTaskManager: START u0 {act=android.intent.action.MAIN cat=[android.intent.category.HOME] flg=0x10000100 cmp=com.android.launcher3/.Launcher (has extras)} from uid 0
04-28 15:17:00.511   418   892 I netd    : createNetworkCache(107) <8.36ms>
04-28 15:17:00.513  1080  2415 W DnsManager: updatePrivateDns(107, PrivateDnsConfig{true:/[]})
04-28 15:17:00.514  1080  2415 D ConnectivityService: Setting DNS servers for network 107 to [/49.45.0.1]
04-28 15:17:00.514  2826  2826 D MobileNetworkSettings: [0] onPause:+
04-28 15:17:00.514  1080  2415 D DnsManager: setDnsConfigurationForNetwork(107, [49.45.0.1], [], 1800, 25, 8, 64, 0, 0, , [49.45.0.1])
04-28 15:17:00.517   418  2648 I netd    : DnsResolverService::setResolverConfiguration(107, [49.45.0.1], [], 1800, 25, 8, 64, 0, 0, [49.45.0.1], []) -> (0) (2ms)
04-28 15:17:00.518  2826  2826 D MobileNetworkSettings: [0] unRegister for call state change for phone Id: 0
04-28 15:17:00.518   418  2648 I netd    : setResolverConfiguration() <2.59ms>
04-28 15:17:00.518  1080  2415 D ConnectivityService: Adding iface rmnet_data2 to network 107
04-28 15:17:00.572  2694  2694 E ActivityThread: Failed to find provider info for com.jio.os.content.ContentFeedProvider
04-28 15:17:00.577  1080  3270 I chatty  : uid=1000(system) AsyncTask #10 expire 1 line
04-28 15:17:00.583  2826  2826 D MobileNetworkSettings: [0] onPause:-
04-28 15:17:00.589   418  2648 I netd    : networkAddInterface(107, "rmnet_data2") <69.64ms>
04-28 15:17:00.594   418   892 I netd    : interfaceSetMtu("rmnet_data2", 1500) <0.68ms>
04-28 15:17:00.603   418   892 I netd    : networkAddRoute(107, "rmnet_data2", "56.90.63.208/29", "") <3.86ms>
04-28 15:17:00.605   418   418 I netd    : networkAddRoute(107, "rmnet_data2", "0.0.0.0/0", "56.90.63.212") <0.54ms>
04-28 15:17:00.607  1080  2415 D ConnectivityService: Setting DNS servers for network 107 to [/49.45.0.1]
04-28 15:17:00.608  1080  2415 D DnsManager: setDnsConfigurationForNetwork(107, [49.45.0.1], [], 1800, 25, 8, 64, 0, 0, , [49.45.0.1])
04-28 15:17:00.609   418   418 I netd    : DnsResolverService::setResolverConfiguration(107, [49.45.0.1], [], 1800, 25, 8, 64, 0, 0, [49.45.0.1], []) -> (0) (1ms)
04-28 15:17:00.610   418   418 I netd    : setResolverConfiguration() <1.27ms>
04-28 15:17:00.629  2478  2478 D ImageWallpaper: wallpaper visibility changes to: true
04-28 15:17:00.690   418   886 E NetlinkEvent: NetlinkEvent::FindParam(): Parameter 'INTERFACE' not found
04-28 15:17:00.690   418   886 E NetlinkEvent: NetlinkEvent::FindParam(): Parameter 'STATE' not found
04-28 15:17:00.690   418   886 E NetlinkEvent: NetlinkEvent::FindParam(): Parameter 'TIME_NS' not found
04-28 15:17:00.690   418   886 E NetlinkEvent: NetlinkEvent::FindParam(): Parameter 'UID' not found
04-28 15:17:00.708  2694  2694 I         : Borqs:recents LAR.java-- setAnimation(), anim startTime: 16
04-28 15:17:00.731   418  2648 I netd    : trafficSwapActiveStatsMap() <31.53ms>
04-28 15:17:00.739   418  2648 I netd    : tetherGetStats() <3.54ms>
04-28 15:17:00.769  2783  3772 D QCNEJ/WwanInfoRelay: Received action: android.intent.action.ANY_DATA_STATE
04-28 15:17:00.775  3315  3315 W DPMJ    : |SERVICE| DPM received ACTION_ANY_DATA_CONNECTION_STATE_CHANGEDdefault
04-28 15:17:00.775  3315  3315 W DPMJ    : |SERVICE| If apn type is default ->default
04-28 15:17:00.776  2783  3772 I QCNEJ/WwanInfoRelay: cacheWwanInfo state = CONNECTED
04-28 15:17:00.778  2783  3772 I QCNEJ/WwanInfoRelay: cacheWwanInfo subId = 1 phoneId = 0 slotId = 0
04-28 15:17:00.822   418  2648 I netd    : networkSetPermissionForNetwork(107, 0) <0.02ms>
04-28 15:17:00.826   418   886 E NetlinkEvent: NetlinkEvent::FindParam(): Parameter 'INTERFACE' not found
04-28 15:17:00.826   418   886 E NetlinkEvent: NetlinkEvent::FindParam(): Parameter 'STATE' not found
04-28 15:17:00.826   418   886 E NetlinkEvent: NetlinkEvent::FindParam(): Parameter 'TIME_NS' not found
04-28 15:17:00.826   418   886 E NetlinkEvent: NetlinkEvent::FindParam(): Parameter 'UID' not found
04-28 15:17:00.837   418  2648 I netd    : idletimerAddInterface("rmnet_data2", 10, "0") <13.38ms>
04-28 15:17:00.840  1080  2415 D ConnectivityService: Switching to new default network: NetworkAgentInfo{ ni{[type: MOBILE[LTE], state: CONNECTED/CONNECTED, reason: connected, extra: jionet, failover: false, available: true, roaming: false]}  network{107}  nethandle{462967197709}  lp{{InterfaceName: rmnet_data2 LinkAddresses: [ 56.90.63.211/29 ] DnsAddresses: [ /49.45.0.1 ] Domains: null MTU: 1500 TcpBufferSizes: 2097152,4194304,8388608,262144,524288,1048576 Routes: [ 0.0.0.0/0 -> 56.90.63.212 rmnet_data2,56.90.63.208/29 -> 0.0.0.0 rmnet_data2 ]}}  nc{[ Transports: CELLULAR Capabilities: INTERNET&NOT_RESTRICTED&TRUSTED&NOT_VPN&NOT_ROAMING&FOREGROUND&NOT_CONGESTED&NOT_SUSPENDED LinkUpBandwidth>=15000Kbps LinkDnBandwidth>=30000Kbps Specifier: <1>]}  Score{10}  everValidated{false}  lastValidated{false}  created{true} lingering{false} explicitlySelected{false} acceptUnvalidated{false} everCaptivePortalDetected{false} lastCaptivePortalDetected{false} captivePortalValidationPending{false} partialConnectivity{false} acceptPartialConnectivity{false} clat{mBaseIface: null, mIface: null, mState: IDLE} }
04-28 15:17:00.843   418  2648 I netd    : networkSetDefault(107) <1.34ms>
04-28 15:17:00.926   418  2648 I netd    : trafficSwapActiveStatsMap() <29.22ms>
04-28 15:17:00.952   418  2648 I netd    : tetherGetStats() <16.22ms>
04-28 15:17:00.969  2783  3772 D QCNEJ/WwanInfoRelay: network available: 107
04-28 15:17:00.973  2783  3772 D QCNEJ/DefaultNetworkInfoRelay: Default network available: 107
04-28 15:17:00.975  1080  2738 I chatty  : uid=1000(system) NetworkTimeUpda expire 1 line
04-28 15:17:00.981  1080  2415 D ConnectivityService: Sending CONNECTED broadcast for type 0 NetworkAgentInfo [MOBILE (LTE) - 107] isDefaultNetwork=true
04-28 15:17:00.996  3337  3337 I chatty  : uid=10045(com.jio.adc.embedded) expire 1 line
04-28 15:17:00.997  3301  3301 I ConnectivityStateChangeReceiver: sending connect update status directly using ClientService
04-28 15:17:01.014  2783  3772 D QCNEJ/NativeHalConnector: -> SND notifyDefaultNetworkChanged(0)
04-28 15:17:01.066  1080  3996 I chatty  : uid=1000 system_server expire 3 lines
04-28 15:17:01.077   418  2648 I netd    : networkAddRoute(107, "rmnet_data2", "2409:4070:4318:a7ab::/64", "") <0.80ms>
04-28 15:17:01.081   418   418 E Netd    : Error adding route ::/0 -> fe80::b58a:3db7:dc20:3446 rmnet_data2 to table 1010: File exists
04-28 15:17:01.081   418   418 I netd    : networkAddRoute(107, "rmnet_data2", "::/0", "fe80::b58a:3db7:dc20:3446") <0.54ms>
04-28 15:17:01.081  1080  2415 D ConnectivityService: Setting DNS servers for network 107 to [/49.45.0.1, /2405:200:800::1]
04-28 15:17:01.082  1080  2415 D DnsManager: setDnsConfigurationForNetwork(107, [49.45.0.1, 2405:200:800::1], [], 1800, 25, 8, 64, 0, 0, , [49.45.0.1, 2405:200:800::1])
04-28 15:17:01.090  1080  1313 I DropBoxManagerService: add tag=system_server_strictmode isTagEnabled=true flags=0x2
04-28 15:17:01.091  2332  2445 I CarrierServices: [513] cnd.onConnectivityChange: FiST: Wifi connectivity status false
04-28 15:17:01.092   418   418 I netd    : DnsResolverService::setResolverConfiguration(107, [49.45.0.1, 2405:200:800::1], [], 1800, 25, 8, 64, 0, 0, [49.45.0.1, 2405:200:800::1], []) -> (0) (1ms)
04-28 15:17:01.092   418   418 I netd    : setResolverConfiguration() <1.51ms>
04-28 15:17:01.108  1080  3995 I chatty  : uid=1000 system_server expire 2 lines
04-28 15:17:01.109  1080  1313 I chatty  : uid=1000(system) android.io identical 1 line
04-28 15:17:01.115   418  2648 I netd    : trafficSwapActiveStatsMap() <34.61ms>
04-28 15:17:01.136  3337  4003 D [1487  ] ANH-ADC: com.jio.adc.core.WER > Event: NE30
04-28 15:17:01.146   418  2648 I netd    : tetherGetStats() <28.30ms>
04-28 15:17:01.154  1080  1313 I DropBoxManagerService: add tag=system_server_strictmode isTagEnabled=true flags=0x2
04-28 15:17:01.159   419   419 D Zygote  : Forked child process 4008
04-28 15:17:01.173  3337  4006 D [1490  ] ANH-EX_NA: c.j.a.core.module.exna.EEP$a call> bitField: 0
04-28 15:17:01.175  3301  3301 W ContextImpl: Calling a method in the system process without a qualified user: android.app.ContextImpl.startService:1570 android.content.ContextWrapper.startService:669 com.redbend.app.SmmService.sendIntentEvent:373 com.redbend.client.ClientService.sendEvent:586 com.redbend.client.ConnectivityStateChangeReceiver$DataChange.sendConnectedEvent:66 
04-28 15:17:01.175  1080  1313 I DropBoxManagerService: add tag=system_server_strictmode isTagEnabled=true flags=0x2
04-28 15:17:01.179  3337  4005 D [1489  ] ANH-EX_DE: c.j.a.core.module.exde.EEP$a call> bitField: 32
04-28 15:17:01.183  2506  2506 I DeviceStatusMonitor: onReceive() : Action = android.net.conn.CONNECTIVITY_CHANGE
04-28 15:17:01.192  2506  2506 I DeviceStatusMonitor: getCurrentNetworkState(): activeNetwork = 107,  newState = METERED
04-28 15:17:01.198  3337  4019 D [1495  ] ANH-EX_S: c.j.a.core.module.exs.EEP$b call> bitField: 8
04-28 15:17:01.216  1080  1322 I ActivityManager: Start proc 4008:com.google.process.gservices/u0a90 for content provider {com.google.android.gsf/com.google.android.gsf.gservices.GservicesProvider}
04-28 15:17:01.222  3301  3301 I EventIntentService: onStartCommand received intent: Intent { act=com.redbend.event.D2B_STS_MOBILE_DATA cmp=com.redbend.client/.BasicService (has extras) }
04-28 15:17:01.223  3301  3301 I EventIntentService: Outgoing Event D2B_STS_MOBILE_DATA
04-28 15:17:01.229  2506  2506 I NetworkInfoNotification: onNetworkAvailable: networkState = METERED
04-28 15:17:01.256  3301  1748 I BasicService: Resetting Alarm ID #1
04-28 15:17:01.265  3337  4014 D [1492  ] ANH-ADC-EX_CO: com.jio.adc.core.CEP$ > Setting Data
04-28 15:17:01.275  3337  4004 D [1488  ] ANH-EX_NM: c.j.a.core.module.exnm.EEP$b call> bitField: 0
04-28 15:17:01.277  3337  4016 D [1493  ] ANH-EX_BAT: c.j.a.core.module.exbat.EEP$a call> bitField: 0
04-28 15:17:01.278   418  2648 I netd    : trafficSwapActiveStatsMap() <51.68ms>
04-28 15:17:01.284   418  2648 I netd    : tetherGetStats() <3.01ms>
04-28 15:17:01.290  3337  4017 D [1494  ] ANH-EX_LOC: c.j.a.core.module.exloc.EEP$b call> bitField: 0
04-28 15:17:01.343  2506  4023 I NetworkInfoNotification: onNetworkAvailable: networkState = METERED
04-28 15:17:01.363   418  2648 I netd    : bandwidthSetInterfaceQuota("rmnet_data2", 9223372036854775807) <30.15ms>
04-28 15:17:01.370   418  2648 I netd    : bandwidthSetGlobalAlert(2097152) <0.59ms>
04-28 15:17:01.433   418  2648 I netd    : bandwidthRemoveInterfaceQuota("rmnet_data2") <7.91ms>
04-28 15:17:01.443   418  2648 I netd    : bandwidthSetInterfaceQuota("rmnet_data2", 9223372036854775807) <7.98ms>
04-28 15:17:01.449   418  2648 I netd    : bandwidthSetGlobalAlert(2097152) <0.36ms>
04-28 15:17:01.457  1080  3523 I chatty  : uid=1000(system) Binder:1080_10 expire 13 lines
04-28 15:17:01.470  3301  1748 I BasicService: Setting Alarm ID #1 in 3355s @2021-04-28 16:12:56
04-28 15:17:01.552  4008  4008 I ocess.gservice: The ClassLoaderContext is a special shared library.
04-28 15:17:01.696  4008  4008 I Perf    : Connecting to perf service.
04-28 15:17:01.716  3337  4003 D [1487  ] ANH-ADC: com.jio.adc.core. > Captured: NE30
04-28 15:17:01.723  1080  3994 I chatty  : uid=1000 system_server expire 1 line
04-28 15:17:01.727  1080  1321 W BroadcastQueue: Background execution not allowed: receiving Intent { act=android.net.conn.NETWORK_CONDITIONS_MEASURED flg=0x10 (has extras) } to com.google.android.gms/.chimera.GmsIntentOperationService$PersistentTrustedReceiver
04-28 15:17:01.734  1080  2415 D ConnectivityService: NetworkAgentInfo [MOBILE (LTE) - 107] validation passed
04-28 15:17:01.738  1080   985 I chatty  : uid=1000(system) Binder:1080_15 expire 3 lines
04-28 15:17:01.739  4008  4008 W ocess.gservice: Couldn't clamp region space as there are regions in use beyond growth limit.
04-28 15:17:01.752  1080  2415 D ConnectivityService: Setting DNS servers for network 107 to [/49.45.0.1, /2405:200:800::1]
04-28 15:17:01.753  1080  2415 D DnsManager: setDnsConfigurationForNetwork(107, [49.45.0.1, 2405:200:800::1], [], 1800, 25, 8, 64, 0, 0, , [49.45.0.1, 2405:200:800::1])
04-28 15:17:01.755   418  2648 I netd    : DnsResolverService::setResolverConfiguration(107, [49.45.0.1, 2405:200:800::1], [], 1800, 25, 8, 64, 0, 0, [49.45.0.1, 2405:200:800::1], []) -> (0) (0.8ms)
04-28 15:17:01.755   418  2648 I netd    : setResolverConfiguration() <1.25ms>
04-28 15:17:01.775  4008  4008 I GservicesProvider: Gservices pushing to system: true; secure/global: true
04-28 15:17:01.784  1080  1080 I chatty  : uid=1000 system_server expire 3 lines
04-28 15:17:01.802   495   495 I LocSvc__AGnssRilInterface: ===> updateNetworkState_2_0 line 110 
04-28 15:17:01.824   495   547 I LocSvc_SystemStatusOsObserver: DataItem: ACTIVE_NETWORK_INFO::TYPEs_MASK: 1, TYPE_NAME: , SUB_TYPE_NAME: , IS_AVAILABLE: true, IS_CONNECTED: true, IS_ROAMING: false, NETWORK_HANDLE_0: 462967197709:0, NETWORK_HANDLE_1: 18446744073709551615:10, NETWORK_HANDLE_2: 18446744073709551615:10, NETWORK_HANDLE_3: 18446744073709551615:10, NETWORK_HANDLE_4: 18446744073709551615:10, NETWORK_HANDLE_5: 18446744073709551615:10, NETWORK_HANDLE_6: 18446744073709551615:10, NETWORK_HANDLE_7: 18446744073709551615:10, NETWORK_HANDLE_8: 18446744073709551615:10, NETWORK_HANDLE_9: 18446744073709551615:10 >> XtraSystemStatusObserver
04-28 15:17:01.827  1080  1080 W BackupManagerService: Backup pass but enabled=false setupComplete=true
04-28 15:17:01.890  1080  2586 I chatty  : uid=1000(system) Binder:1080_5 expire 30 lines
04-28 15:17:02.027  2919   852 I NetworkScheduler.Stats: Task com.google.android.gms/com.google.android.gms.auth.account.be.legacy.AuthCronService started execution. cause:8 exec_start_elapsed_seconds: 15474 [CONTEXT service_id=218 ]
04-28 15:17:02.139   667   667 E ANDR-IOP: IIop:: Iop HAL Service is not available.
04-28 15:17:02.162   419   419 D Zygote  : Forked child process 4046
04-28 15:17:02.165  1080  1322 I ActivityManager: Start proc 4046:com.google.android.gms.unstable/u0a90 for service {com.google.android.gms/com.google.android.gms.droidguard.DroidGuardService}
04-28 15:17:02.175  2332  2687 I CarrierServices: [547] cuo.c: (PEv2-SM): WaitingForGoogleTosState: event Connectivity event [5eb15cb0-9835-4faa-b23c-9f0e636da724]
04-28 15:17:02.177  2332  2445 I CarrierServices: [513] cnx.d: Connected state: [1], networkType: [MOBILE]
04-28 15:17:02.201   419   419 D Zygote  : Forked child process 4052
04-28 15:17:02.205  2332  2701 I CarrierServices: [549] daa.d: RCS Configuration storage in Bugle is disabled by p/h flag, using ProvisioningEngineStateCacheUtil.getProvisioningConfigurationForGivenSim()
04-28 15:17:02.205  1080  1322 I ActivityManager: Start proc 4052:com.google.android.gms/u0a90 for service {com.google.android.gms/com.google.android.gms.security.snet.SnetNormalTaskService}
04-28 15:17:02.219  2332  2445 I CarrierServices: [513] cnd.onConnectivityChange: FiST: Wifi connectivity status false
04-28 15:17:02.231  2332  2687 I CarrierServices: [547] cuo.c: (PEv2-SM): EnabledState: event Connectivity event [5eb15cb0-9835-4faa-b23c-9f0e636da724]
04-28 15:17:02.242  2332  2445 I CarrierServices: [513] cnx.d: Connected state: [1], networkType: [MOBILE]
04-28 15:17:02.259  2332  2687 I CarrierServices: [547] cuo.c: (PEv2-SM): WaitingForGoogleTosState: event Connectivity event [5eb15cb0-9835-4faa-b23c-9f0e636da724]
04-28 15:17:02.271  2332  2701 I CarrierServices: [549] daa.d: RCS Configuration storage in Bugle is disabled by p/h flag, using ProvisioningEngineStateCacheUtil.getProvisioningConfigurationForGivenSim()
04-28 15:17:02.271  2332  2687 I CarrierServices: [547] cuo.c: (PEv2-SM): EnabledState: event Connectivity event [5eb15cb0-9835-4faa-b23c-9f0e636da724]
04-28 15:17:02.292  4046  4046 I id.gms.unstabl: The ClassLoaderContext is a special shared library.
04-28 15:17:02.303  2332  2445 I CarrierServices: [513] cnd.onConnectivityChange: FiST: Wifi connectivity status false
04-28 15:17:02.309  4046  4046 I id.gms.unstabl: The ClassLoaderContext is a special shared library.
04-28 15:17:02.322  4046  4046 I id.gms.unstabl: The ClassLoaderContext is a special shared library.
04-28 15:17:02.337  2332  2687 I CarrierServices: [547] cuo.c: (PEv2-SM): WaitingForGoogleTosState: event Connectivity event [5eb15cb0-9835-4faa-b23c-9f0e636da724]
04-28 15:17:02.339  2332  2445 I CarrierServices: [513] cnx.d: Connected state: [1], networkType: [MOBILE]
04-28 15:17:02.348  4052  4052 I gle.android.gm: The ClassLoaderContext is a special shared library.
04-28 15:17:02.357  2332  2687 I CarrierServices: [547] cuo.c: (PEv2-SM): EnabledState: event Connectivity event [5eb15cb0-9835-4faa-b23c-9f0e636da724]
04-28 15:17:02.357  4052  4052 I gle.android.gm: The ClassLoaderContext is a special shared library.
04-28 15:17:02.364  4052  4052 I gle.android.gm: The ClassLoaderContext is a special shared library.
04-28 15:17:02.366  2332  2701 I CarrierServices: [549] daa.d: RCS Configuration storage in Bugle is disabled by p/h flag, using ProvisioningEngineStateCacheUtil.getProvisioningConfigurationForGivenSim()
04-28 15:17:02.490  4046  4046 I Perf    : Connecting to perf service.
04-28 15:17:02.490  4052  4052 I Perf    : Connecting to perf service.
04-28 15:17:02.509  4046  4046 W id.gms.unstabl: Couldn't clamp region space as there are regions in use beyond growth limit.
04-28 15:17:02.510  4052  4052 W gle.android.gm: Couldn't clamp region space as there are regions in use beyond growth limit.
04-28 15:17:02.802  4046  4046 W ProviderHelper: Unknown dynamite feature providerinstaller
04-28 15:17:02.808  4046  4046 I DynamiteModule: Considering local module com.google.android.gms.providerinstaller:1 and remote module com.google.android.gms.providerinstaller:0
04-28 15:17:02.808  4046  4046 I DynamiteModule: Selected local version of com.google.android.gms.providerinstaller
04-28 15:17:02.953  4052  4052 W ProviderHelper: Unknown dynamite feature providerinstaller
04-28 15:17:02.956  4052  4052 I DynamiteModule: Considering local module com.google.android.gms.providerinstaller:1 and remote module com.google.android.gms.providerinstaller:0
04-28 15:17:02.956  4052  4052 I DynamiteModule: Selected local version of com.google.android.gms.providerinstaller
04-28 15:17:02.987  4046  4046 D NetworkSecurityConfig: Using Network Security Config from resource network_security_config debugBuild: false
04-28 15:17:02.997  4046  4046 I ProviderInstaller: Installed default security provider GmsCore_OpenSSL
04-28 15:17:03.001  4046  4046 I Safeboot: Checking safeboot...
04-28 15:17:03.003  4046  4046 I Safeboot: Not entering safeboot; wrong process.
04-28 15:17:03.041  1080  1169 I chatty  : uid=1000(system) HeapTaskDaemon expire 1 line
04-28 15:17:03.066  4052  4052 D NetworkSecurityConfig: Using Network Security Config from resource network_security_config debugBuild: false
04-28 15:17:03.070  4052  4052 I ProviderInstaller: Installed default security provider GmsCore_OpenSSL
04-28 15:17:03.070  4052  4052 I Safeboot: Checking safeboot...
04-28 15:17:03.071  4052  4052 I Safeboot: Not entering safeboot; wrong process.
04-28 15:17:03.109  4046  4046 I Watchcat: Started
04-28 15:17:03.112  1080  1321 W BroadcastQueue: Background execution not allowed: receiving Intent { act=android.intent.action.DROPBOX_ENTRY_ADDED flg=0x10 (has extras) } to com.google.android.gms/.stats.service.DropBoxEntryAddedReceiver
04-28 15:17:03.113  1080  1321 W BroadcastQueue: Background execution not allowed: receiving Intent { act=android.intent.action.DROPBOX_ENTRY_ADDED flg=0x10 (has extras) } to com.google.android.gms/.chimera.GmsIntentOperationService$PersistentTrustedReceiver
04-28 15:17:03.130  4046  4046 I azqi    : Primes not initialized, returning default (no-op) Primes instance which will ignore all calls. Please call Primes.initialize(...) before using any Primes API.
04-28 15:17:03.134   667   667 E ANDR-IOP: IIop:: Iop HAL Service is not available.
04-28 15:17:03.160  4052  4052 I Watchcat: Started
04-28 15:17:03.166  4052  4052 I azqi    : Primes not initialized, returning default (no-op) Primes instance which will ignore all calls. Please call Primes.initialize(...) before using any Primes API.
04-28 15:17:03.171   667   667 E ANDR-IOP: IIop:: Iop HAL Service is not available.
04-28 15:17:03.243  2919  2330 I NetworkScheduler.Stats: Task com.google.android.gms/com.google.android.gms.security.snet.SnetNormalTaskService started execution. cause:8 exec_start_elapsed_seconds: 15475 [CONTEXT service_id=218 ]
04-28 15:17:03.448   491   563 D audio_hw_primary: out_standby: enter: stream (0xa201c000) usecase(1: low-latency-playback)
04-28 15:17:03.463  2919   852 I NetworkScheduler.Stats: Task com.google.android.gms/com.google.android.gms.security.snet.SnetNormalTaskService finished executing. cause:8 result: 1 elapsed_millis: 1398 uptime_millis: 1397 exec_start_elapsed_seconds: 15475 [CONTEXT service_id=218 ]
04-28 15:17:03.556   491   563 D audio_hw_primary: disable_audio_route: reset and update mixer path: low-latency-playback
04-28 15:17:03.557   491   563 D msm8916_platform: platform_split_snd_device: snd_device(2) num devices(0) new_snd_devices(0)
04-28 15:17:03.558   491   563 I msm8916_platform: platform_get_custom_mtmx_params: no matching param with id 0 ip_ch 2 op_ch 1 uc_id 1 snd_dev 2
04-28 15:17:03.558   491   563 D hardware_info: hw_info_append_hw_type : device_name = speaker
04-28 15:17:03.558   491   563 D audio_hw_primary: disable_snd_device: snd_device(2: speaker)
04-28 15:17:03.558   491   563 D msm8916_platform: platform_split_snd_device: snd_device(2) num devices(0) new_snd_devices(0)
04-28 15:17:03.564   491   563 D audio_hw_primary: out_standby: exit
04-28 15:17:03.619  2919  2330 I NetworkScheduler.Stats: Task com.google.android.gms/com.google.android.gms.checkin.EventLogService started execution. cause:5 exec_start_elapsed_seconds: 15476 [CONTEXT service_id=218 ]
04-28 15:17:03.675  4052   434 I Checkin : [EventLogChimeraService] Opted in for usage reporting: false
04-28 15:17:03.682  4052   434 I Checkin : [EventLogChimeraService] Aggregate from 1619601148562 (log), 1619601148562 (data)
04-28 15:17:03.766   593   636 D ThermalEngine: zone:1 sensor:xo-therm-buf-adc temp:48986 trip:0 event:0
04-28 15:17:03.767   593   636 D ThermalEngine: zone:20 sensor:skin-therm-adc temp:33585 trip:0 event:0
04-28 15:17:03.779  1080  2917 I DropBoxManagerService: add tag=event_log isTagEnabled=true flags=0x2
04-28 15:17:03.783  1080  2917 I DropBoxManagerService: add tag=event_data isTagEnabled=true flags=0x2
04-28 15:17:03.783  1080  1321 W BroadcastQueue: Background execution not allowed: receiving Intent { act=android.intent.action.DROPBOX_ENTRY_ADDED flg=0x10 (has extras) } to com.google.android.gms/.stats.service.DropBoxEntryAddedReceiver
04-28 15:17:03.784  1080  1321 W BroadcastQueue: Background execution not allowed: receiving Intent { act=android.intent.action.DROPBOX_ENTRY_ADDED flg=0x10 (has extras) } to com.google.android.gms/.chimera.GmsIntentOperationService$PersistentTrustedReceiver
04-28 15:17:03.791  1080  1321 W BroadcastQueue: Background execution not allowed: receiving Intent { act=android.intent.action.DROPBOX_ENTRY_ADDED flg=0x10 (has extras) } to com.google.android.gms/.stats.service.DropBoxEntryAddedReceiver
04-28 15:17:03.791  1080  1321 W BroadcastQueue: Background execution not allowed: receiving Intent { act=android.intent.action.DROPBOX_ENTRY_ADDED flg=0x10 (has extras) } to com.google.android.gms/.chimera.GmsIntentOperationService$PersistentTrustedReceiver
04-28 15:17:03.891  2919   852 I NetworkScheduler.Stats: Task com.google.android.gms/com.google.android.gms.checkin.EventLogService finished executing. cause:5 result: 1 elapsed_millis: 344 uptime_millis: 344 exec_start_elapsed_seconds: 15476 [CONTEXT service_id=218 ]
04-28 15:17:03.931  2919  3818 I DpmTcmClient: RegisterTcmMonitor from: $Proxy0
04-28 15:17:03.984   593   636 D ThermalEngine: zone:2 sensor:pa-therm0-adc temp:45337 trip:0 event:0
04-28 15:17:04.065  2919  2330 I NetworkScheduler.Stats: Task com.google.android.gms/com.google.android.gms.phenotype.service.sync.PhenotypeConfigurator started execution. cause:5 exec_start_elapsed_seconds: 15477 [CONTEXT service_id=218 ]
04-28 15:17:04.089  2919  3818 W Conscrypt: Could not set socket write timeout: java.net.SocketException: Socket closed
04-28 15:17:04.106  2919  3818 W Conscrypt: 	at com.google.android.gms.org.conscrypt.Platform.setSocketWriteTimeout(:com.google.android.gms@203315060@20.33.15 (110300-330018294):2)
04-28 15:17:04.106  2919  3818 W Conscrypt: 	at com.google.android.gms.org.conscrypt.ConscryptFileDescriptorSocket.setSoWriteTimeout(:com.google.android.gms@203315060@20.33.15 (110300-330018294):0)
04-28 15:17:04.292  2919  3818 W Conscrypt: Could not set socket write timeout: java.net.SocketException: Socket closed
04-28 15:17:04.292  2919  3818 W Conscrypt: 	at com.google.android.gms.org.conscrypt.Platform.setSocketWriteTimeout(:com.google.android.gms@203315060@20.33.15 (110300-330018294):2)
04-28 15:17:04.292  2919  3818 W Conscrypt: 	at com.google.android.gms.org.conscrypt.ConscryptFileDescriptorSocket.setSoWriteTimeout(:com.google.android.gms@203315060@20.33.15 (110300-330018294):0)
04-28 15:17:04.564  2919   852 I NetworkScheduler.Stats: Task com.google.android.gms/com.google.android.gms.auth.account.be.legacy.AuthCronService finished executing. cause:8 result: 1 elapsed_millis: 2883 uptime_millis: 2884 exec_start_elapsed_seconds: 15474 [CONTEXT service_id=218 ]
04-28 15:17:04.868  2919   455 I albb    : Removed 0 invalid users [CONTEXT service_id=51 ]
04-28 15:17:05.142  1080  2441 I chatty  : uid=1000(system) PhotonicModulat expire 2 lines
04-28 15:17:05.276   465   465 I chatty  : uid=1000(system) expire 7 lines
04-28 15:17:05.280   465   465 E light   : Light passthrough failed to load legacy HAL.
04-28 15:17:05.283   465   465 I /vendor/bin/hw/android.hardware.light@2.0-service-lazy: Registering HAL: android.hardware.light@2.0::ILight with name: default
04-28 15:17:05.286   465   465 I ServiceManagement: Removing namespace from process name android.hardware.light@2.0-service-lazy to light@2.0-service-lazy.
04-28 15:17:05.288   465   465 I         : Registration complete for android.hardware.light@2.0::ILight/default.
04-28 15:17:05.572   465   465 I /vendor/bin/hw/android.hardware.light@2.0-service-lazy: Process has 1 (of 1 available) client(s) in use after notification android.hardware.light@2.0::ILight has clients: 1
04-28 15:17:06.132  2919   467 I NetworkManagementSocketTagger: tagSocketFd(-1, 805307399, -1) failed with errno-9
04-28 15:17:06.134  2919   467 W GCM     : socket file descriptor unavailable.
04-28 15:17:06.632  1080  2917 I chatty  : uid=1000(system) Binder:1080_9 expire 6 lines
04-28 15:17:06.651  2919  2285 I NetworkScheduler.Stats: Task com.google.android.gms/com.google.android.gms.auth.account.be.legacy.AuthCronService started execution. cause:2 exec_start_elapsed_seconds: 15479 [CONTEXT service_id=218 ]
04-28 15:17:06.660  2919   852 I NetworkScheduler.Stats: Task com.google.android.gms/com.google.android.gms.auth.account.be.legacy.AuthCronService finished executing. cause:2 result: 1 elapsed_millis: 72 uptime_millis: 72 exec_start_elapsed_seconds: 15479 [CONTEXT service_id=218 ]
04-28 15:17:06.710  2919   469 E WakeLock: GCM_CONN_ALARM release without a matched acquire!
04-28 15:17:07.025  1080  1321 I chatty  : uid=1000(system) ActivityManager expire 4 lines
04-28 15:17:07.035  2919   455 I alaq    : Scheduling adaptive one off task with window [14400, 604800] in seconds [CONTEXT service_id=51 ]
04-28 15:17:07.039  2506  2506 I PhenotypeExperimentUpdateAvailableBroadcastReceiver: onReceive() urgent = false
04-28 15:17:07.192  2919  2285 I NetworkScheduler.Stats: Task com.google.android.gms/com.google.android.gms.phenotype.service.sync.PhenotypeConfigurator finished executing. cause:5 result: 1 elapsed_millis: 3231 uptime_millis: 3231 exec_start_elapsed_seconds: 15477 [CONTEXT service_id=218 ]
04-28 15:17:08.010   497   497 W SDM     : HWPrimary::PopulateDisplayAttributes: Driver doesn't report panel physical width and height - defaulting to 320dpi
04-28 15:17:08.460   593   636 D ThermalEngine: zone:0 sensor:xo-therm-adc temp:49527 trip:0 event:0
04-28 15:17:08.460   593   649 D ThermalEngine: sensor_monitor: xo-therm-adc Reading 49527 .
04-28 15:17:08.460   593   649 I ThermalEngine: Sensor:xo-therm-adc:49527 mC
04-28 15:17:08.460   593   649 D ThermalEngine: update_active_thresh: xo-therm-adc Active(1), Hi(1) 51000, Lo(1) 45000, desc(0) Interval(1) 2000
04-28 15:17:08.460   593   649 D ThermalEngine: sensor_monitor: xo-therm-adc Sensor wait.
04-28 15:17:08.887   593   636 D ThermalEngine: zone:20 sensor:skin-therm-adc temp:10192 trip:0 event:0
04-28 15:17:08.889   593   636 D ThermalEngine: zone:1 sensor:xo-therm-buf-adc temp:49324 trip:0 event:0
04-28 15:17:08.895   339   339 I chatty  : uid=1000(system) hwservicemanage expire 14 lines
04-28 15:17:08.908  1080  2586 I ActivityManager: Killing 3857:com.android.cellbroadcastreceiver/u0a52 (adj 940): cached #5
04-28 15:17:08.968   419   419 I Zygote  : Process 3857 exited due to signal 9 (Killed)
04-28 15:17:08.986  1080  1323 I chatty  : uid=1000(system) ActivityManager expire 3 lines
04-28 15:17:09.099   593   636 D ThermalEngine: zone:2 sensor:pa-therm0-adc temp:45608 trip:0 event:0
04-28 15:17:09.569  2783  3772 D QCNEJ/WwanInfoRelay: onServiceStateChanged: dataState: 2 DDS:1 Notify service state update
04-28 15:17:09.570  2826  2826 D ServiceStateProvider: subId=1
04-28 15:17:09.573  2332  2332 I CarrierServices: [2] dmn.onReceive: Received SERVICE_STATE intent, clearing cached cell info
04-28 15:17:09.605   419   419 D Zygote  : Forked child process 482
04-28 15:17:09.618  1080  1322 I ActivityManager: Start proc 482:com.android.cellbroadcastreceiver/u0a52 for broadcast {com.android.cellbroadcastreceiver/com.android.cellbroadcastreceiver.CellBroadcastReceiver}
04-28 15:17:09.629   497   533 W SDM     : HWPrimary::PopulateDisplayAttributes: Driver doesn't report panel physical width and height - defaulting to 320dpi
04-28 15:17:09.713   482   482 I Perf    : Connecting to perf service.
04-28 15:17:09.713   497   533 W SDM     : HWPrimary::PopulateDisplayAttributes: Driver doesn't report panel physical width and height - defaulting to 320dpi
04-28 15:17:09.729   482   482 W oadcastreceive: Couldn't clamp region space as there are regions in use beyond growth limit.
04-28 15:17:09.741   667   667 E ANDR-IOP: IIop:: Iop HAL Service is not available.
04-28 15:17:09.743   482   482 D CellBroadcastReceiver: onReceive Intent { act=android.intent.action.SERVICE_STATE flg=0x1000010 cmp=com.android.cellbroadcastreceiver/.CellBroadcastReceiver (has extras) }
04-28 15:17:09.754  1080  2586 I ActivityManager: Killing 3903:com.android.permissioncontroller/u0a46 (adj 940): cached #5
04-28 15:17:09.798   419   419 I Zygote  : Process 3903 exited due to signal 9 (Killed)
04-28 15:17:09.801   881   978 D QC-time-services: Lib:time_genoff_operation: pargs->base = 12
04-28 15:17:09.801   881   978 D QC-time-services: Lib:time_genoff_operation: pargs->operation = 0
04-28 15:17:09.801   881   978 D QC-time-services: Lib:time_genoff_operation: pargs->ts_val = 1619603230694
04-28 15:17:09.802   415   428 I chatty  : uid=1000(system) /vendor/bin/time_daemon expire 5 lines
04-28 15:17:09.802   881   978 D QC-time-services: Lib:time_genoff_operation: Send to server  passed!!
04-28 15:17:09.803   415   548 I chatty  : uid=1000(system) /vendor/bin/time_daemon expire 10 lines
04-28 15:17:09.823   881   978 E QC-time-services: Receive Passed == base = 12, unit = 1, operation = 0, result = 0
04-28 15:17:09.823   881   978 D QC-time-services: Lib:time_genoff_operation: pargs->base = 13
04-28 15:17:09.823   881   978 D QC-time-services: Lib:time_genoff_operation: pargs->operation = 0
04-28 15:17:09.823   881   978 D QC-time-services: Lib:time_genoff_operation: pargs->ts_val = 1619603230694
04-28 15:17:09.823   881   978 D QC-time-services: Lib:time_genoff_operation: Send to server  passed!!
04-28 15:17:09.824   415   553 I chatty  : uid=1000(system) /vendor/bin/time_daemon expire 10 lines
04-28 15:17:09.832   881   978 E QC-time-services: Receive Passed == base = 13, unit = 1, operation = 0, result = 0
04-28 15:17:09.932   497   533 W SDM     : HWPrimary::PopulateDisplayAttributes: Driver doesn't report panel physical width and height - defaulting to 320dpi
04-28 15:17:10.015   497   497 W SDM     : HWPrimary::PopulateDisplayAttributes: Driver doesn't report panel physical width and height - defaulting to 320dpi
04-28 15:17:10.573   465   465 I /vendor/bin/hw/android.hardware.light@2.0-service-lazy: Process has 0 (of 1 available) client(s) in use after notification android.hardware.light@2.0::ILight has clients: 0
04-28 15:17:10.573   465   465 I /vendor/bin/hw/android.hardware.light@2.0-service-lazy: Trying to exit HAL. No clients in use for any service in process.
04-28 15:17:10.574   339   339 I hwservicemanager: Notifying android.hardware.light@2.0::ILight/default they have clients: 1
04-28 15:17:10.574   465   465 I /vendor/bin/hw/android.hardware.light@2.0-service-lazy: Unregistered all clients and exiting
04-28 15:17:10.867   339   339 I hwservicemanager: getTransport: Cannot find entry vendor.qti.hardware.servicetracker@1.0::IServicetracker/default in either framework or device manifest.
04-28 15:17:10.887   339   339 I hwservicemanager: getTransport: Cannot find entry vendor.qti.hardware.servicetracker@1.0::IServicetracker/default in either framework or device manifest.
04-28 15:17:10.902  1080   811 I ActivityManager: Killing 4052:com.google.android.gms/u0a90 (adj 940): cached #5
04-28 15:17:10.904   339   339 I hwservicemanager: getTransport: Cannot find entry vendor.qti.hardware.iop@2.0::IIop/default in either framework or device manifest.
04-28 15:17:10.958   419   419 I Zygote  : Process 4052 exited due to signal 9 (Killed)
04-28 15:17:10.958   339   339 I hwservicemanager: getTransport: Cannot find entry vendor.qti.hardware.iop@2.0::IIop/default in either framework or device manifest.
04-28 15:17:10.961   339   339 I hwservicemanager: getTransport: Cannot find entry vendor.qti.hardware.servicetracker@1.0::IServicetracker/default in either framework or device manifest.
04-28 15:17:11.818  2783  3772 D QCNEJ/WwanInfoRelay: onServiceStateChanged: dataState: 2 DDS:1 Notify service state update
04-28 15:17:11.821  2826  2826 D ServiceStateProvider: subId=1
04-28 15:17:11.825  2332  2332 I CarrierServices: [2] dmn.onReceive: Received SERVICE_STATE intent, clearing cached cell info
04-28 15:17:11.825  1080  1321 D CompatibilityInfo: applicationDensity - 216
04-28 15:17:11.825  1080  1321 D CompatibilityInfo: applicationScale - 1.0
04-28 15:17:11.828   482   482 D CellBroadcastReceiver: onReceive Intent { act=android.intent.action.SERVICE_STATE flg=0x1000010 cmp=com.android.cellbroadcastreceiver/.CellBroadcastReceiver (has extras) }
04-28 15:17:11.869   497   497 W SDM     : HWPrimary::PopulateDisplayAttributes: Driver doesn't report panel physical width and height - defaulting to 320dpi
04-28 15:17:11.953   497   497 W SDM     : HWPrimary::PopulateDisplayAttributes: Driver doesn't report panel physical width and height - defaulting to 320dpi
04-28 15:17:12.361   881   978 D QC-time-services: Lib:time_genoff_operation: pargs->base = 12
04-28 15:17:12.361   881   978 D QC-time-services: Lib:time_genoff_operation: pargs->operation = 0
04-28 15:17:12.361   881   978 D QC-time-services: Lib:time_genoff_operation: pargs->ts_val = 1619603233254
04-28 15:17:12.361   881   978 D QC-time-services: Lib:time_genoff_operation: Send to server  passed!!
04-28 15:17:12.362   415   576 I chatty  : uid=1000(system) /vendor/bin/time_daemon expire 3 lines
04-28 15:17:12.363   415   576 D QC-time-services: Daemon:Value read from RTC mseconds on boot = 10042000
04-28 15:17:12.363   415   576 D QC-time-services: Daemon:Delta read on boot mseconds = 9943761
04-28 15:17:12.363   415   576 D QC-time-services: Daemon:new time 1619603233254 
04-28 15:17:12.363   415   576 D QC-time-services: Daemon: delta 1619577801100 genoff 1619577801100 
04-28 15:17:12.363   415   576 D QC-time-services: Daemon:genoff_persistent_update: Writing genoff = 1619577801100 to memory
04-28 15:17:12.363   415   576 D QC-time-services: Daemon:Opening File: /mnt/vendor/persist/time/ats_12 /data/vendor/time/ats_12
04-28 15:17:12.363   415   576 D QC-time-services: Daemon:time_persistent_memory_opr:Genoff write operation 
04-28 15:17:12.364  1080  1157 D AlarmManagerService: Kernel timezone updated to -330 minutes west of GMT
04-28 15:17:12.373   881   978 E QC-time-services: Receive Passed == base = 12, unit = 1, operation = 0, result = 0
04-28 15:17:12.373   415   428 E QC-time-services: Daemon: Time-services: Waiting to acceptconnection
04-28 15:17:12.373   881   978 D QC-time-services: Lib:time_genoff_operation: pargs->base = 13
04-28 15:17:12.373   881   978 D QC-time-services: Lib:time_genoff_operation: pargs->operation = 0
04-28 15:17:12.373   881   978 D QC-time-services: Lib:time_genoff_operation: pargs->ts_val = 1619603233254
04-28 15:17:12.373   881   978 D QC-time-services: Lib:time_genoff_operation: Send to server  passed!!
04-28 15:17:12.373   415   428 D QC-time-services: Daemon: Connection accepted:time_genoff
04-28 15:17:12.374   415   577 D QC-time-services: Daemon:Received base = 13, unit = 1, operation = 0,value = 1619603233254
04-28 15:17:12.374   415   577 D QC-time-services: Daemon:genoff_opr: Base = 13, val = 1619603233254, operation = 0
04-28 15:17:12.374   415   577 D QC-time-services: Daemon:Value read from QTimer mseconds = 15488404
04-28 15:17:12.374   415   577 D QC-time-services: Daemon:Value read from RTC mseconds on boot = 10042000
04-28 15:17:12.374   415   577 D QC-time-services: Daemon:Delta read on boot mseconds = 9943761
04-28 15:17:12.374   415   577 D QC-time-services: Daemon:new time 1619603233254 
04-28 15:17:12.374   415   577 D QC-time-services: Daemon: delta 1619577801089 genoff 1619577801089 
04-28 15:17:12.374   415   577 D QC-time-services: Daemon:genoff_persistent_update: Writing genoff = 1619577801089 to memory
04-28 15:17:12.374   415   577 D QC-time-services: Daemon:Opening File: /mnt/vendor/persist/time/ats_13 /data/vendor/time/ats_13
04-28 15:17:12.374   415   577 D QC-time-services: Daemon:time_persistent_memory_opr:Genoff write operation 
04-28 15:17:12.378   881   978 E QC-time-services: Receive Passed == base = 13, unit = 1, operation = 0, result = 0
04-28 15:17:12.379   415   428 E QC-time-services: Daemon: Time-services: Waiting to acceptconnection
04-28 15:17:14.006   593   636 D ThermalEngine: zone:1 sensor:xo-therm-buf-adc temp:49189 trip:0 event:0
04-28 15:17:14.011   593   636 D ThermalEngine: zone:20 sensor:skin-therm-adc temp:32474 trip:0 event:0
04-28 15:17:14.220   593   636 D ThermalEngine: zone:2 sensor:pa-therm0-adc temp:45743 trip:0 event:0
04-28 15:17:16.864  2478  2478 D StatusBar: disable<e i a s b h r c s > disable2<q i n >
04-28 15:17:16.881   497   497 W SDM     : HWPrimary::PopulateDisplayAttributes: Driver doesn't report panel physical width and height - defaulting to 320dpi
04-28 15:17:17.026   613   613 W vm_bms  : type=1400 audit(0.0:13407): avc: denied { read } for name="u:object_r:default_prop:s0" dev="tmpfs" ino=12041 scontext=u:r:vm_bms:s0 tcontext=u:object_r:default_prop:s0 tclass=file permissive=0
04-28 15:17:17.026   613   613 I chatty  : uid=0(root) /vendor/bin/vm_bms identical 2 lines
04-28 15:17:17.026   613   613 W vm_bms  : type=1400 audit(0.0:13410): avc: denied { read } for name="u:object_r:default_prop:s0" dev="tmpfs" ino=12041 scontext=u:r:vm_bms:s0 tcontext=u:object_r:default_prop:s0 tclass=file permissive=0
04-28 15:17:17.028   613   613 E libc    : Access denied finding property "vbms.log.enable"
