04-28 15:01:52.333  2826  2826 I Telephony: GsmConnection: isAddParticipantCapable: isCapable = false
04-28 15:01:52.340  1080  3605 I chatty  : uid=1000(system) Binder:1080_1B expire 6 lines
04-28 15:01:52.438  1080  2899 I chatty  : uid=1000(system) uteStateMachine expire 7 lines
04-28 15:01:52.450  1080  2883 I chatty  : uid=1000(system) BluetoothRouteM expire 1 line
04-28 15:01:52.450  1080  3482 I chatty  : uid=1000 system_server expire 1 line
04-28 15:01:52.455  1080  1080 I chatty  : uid=1000 system_server expire 13 lines
04-28 15:01:52.577  1080  2945 I chatty  : uid=1000(system) Binder:1080_1E expire 3 lines
04-28 15:01:53.371  1080  2853 I chatty  : uid=1000(system) Binder:1080_1A expire 3 lines
04-28 15:01:53.887  1080  2901 I chatty  : uid=1000(system) CallAudioModeSt expire 2 lines
04-28 15:01:54.125  1080  1321 I chatty  : uid=1000(system) ActivityManager expire 12 lines
04-28 15:01:54.153  1080  2899 I chatty  : uid=1000(system) uteStateMachine expire 7 lines
04-28 15:01:54.245  1080  1322 I chatty  : uid=1000(system) ActivityManager expire 7 lines
04-28 15:01:55.100  1080  2917 I chatty  : uid=1000(system) Binder:1080_9 expire 1 line
04-28 15:01:57.256  1080  1545 I chatty  : uid=1000(system) Binder:1080_3 expire 2 lines
04-28 15:02:16.313  1080  1306 I chatty  : uid=1000(system) android.fg expire 5 lines
04-28 15:02:16.327  1080  1309 I chatty  : uid=1000(system) android.ui expire 2 lines
04-28 15:02:16.587  2694  2694 E ActivityThread: Failed to find provider info for com.jio.os.content.ContentFeedProvider
04-28 15:02:16.864  1080  1314 I chatty  : uid=1000(system) android.display expire 4 lines
04-28 15:02:17.470  1080  1080 I chatty  : uid=1000 system_server expire 8 lines
04-28 15:02:22.449  1080  1313 I chatty  : uid=1000(system) android.io expire 2 lines
04-28 15:02:32.557  1080  2586 I chatty  : uid=1000(system) Binder:1080_5 expire 3 lines
04-28 15:02:33.951  1080  1546 I chatty  : uid=1000(system) Binder:1080_4 expire 2 lines
04-28 15:02:35.595  1080   507 I chatty  : uid=1000(system) Signal Catcher expire 1 line
04-28 15:03:09.320  1080  1344 I chatty  : uid=1000(system) PowerManagerSer expire 10 lines
04-28 15:03:17.230  1080  1327 I chatty  : uid=1000(system) batterystats-wo expire 2 lines
04-28 15:03:19.529  1080   985 I chatty  : uid=1000(system) Binder:1080_15 expire 2 lines
04-28 15:03:29.249  1080  1174 I chatty  : uid=1000(system) Binder:1080_1 expire 3 lines
04-28 15:03:37.451  2478  2478 I PowerUI.Notification: show battery full warning: level=100 [1] 
04-28 15:03:37.505  2478  2478 I chatty  : uid=10095(com.android.systemui) identical 1 line
04-28 15:03:37.521  2478  2478 I PowerUI.Notification: show battery full warning: level=100 [1] 
04-28 15:03:37.716  1080  1321 I chatty  : uid=1000(system) ActivityManager expire 5 lines
04-28 15:03:37.804  2694  2694 E ActivityThread: Failed to find provider info for com.jio.os.content.ContentFeedProvider
04-28 15:03:37.985  1080  1344 I chatty  : uid=1000(system) PowerManagerSer expire 8 lines
04-28 15:03:40.281  1080  1321 I chatty  : uid=1000(system) ActivityManager expire 1 line
04-28 15:03:40.307  1080  1313 I chatty  : uid=1000(system) android.io expire 3 lines
04-28 15:03:47.069  1080  1175 I chatty  : uid=1000(system) Binder:1080_2 expire 1 line
04-28 15:03:54.805  1080  1322 I chatty  : uid=1000(system) ActivityManager expire 1 line
04-28 15:04:02.562  1080  1546 I chatty  : uid=1000(system) Binder:1080_4 expire 1 line
04-28 15:04:06.519  2478  2478 I PowerUI.Notification: show battery full warning: level=100 [1] 
04-28 15:04:25.599  2478  2478 I chatty  : uid=10095(com.android.systemui) identical 1 line
04-28 15:04:25.636  2478  2478 I PowerUI.Notification: show battery full warning: level=100 [1] 
04-28 15:04:31.439  1080   985 I chatty  : uid=1000(system) Binder:1080_15 expire 1 line
04-28 15:04:42.673  1080  1080 I chatty  : uid=1000 system_server expire 17 lines
04-28 15:04:42.682  1080  1327 I chatty  : uid=1000(system) batterystats-wo expire 4 lines
04-28 15:04:42.711  1080  1344 I chatty  : uid=1000(system) PowerManagerSer expire 20 lines
04-28 15:04:42.723  1080  1314 I chatty  : uid=1000(system) android.display expire 5 lines
04-28 15:04:44.124  1080  1306 I chatty  : uid=1000(system) android.fg expire 11 lines
04-28 15:05:05.093  2478  2478 I PowerUI.Notification: show battery full warning: level=100 [1] 
04-28 15:05:06.537  2478  2478 I chatty  : uid=10095(com.android.systemui) identical 3 lines
04-28 15:05:06.586  2478  2478 I PowerUI.Notification: show battery full warning: level=100 [1] 
04-28 15:05:52.701  1080  1174 I chatty  : uid=1000(system) Binder:1080_1 expire 1 line
04-28 15:05:52.748  1080  1321 I chatty  : uid=1000(system) ActivityManager expire 11 lines
04-28 15:05:52.840  1080  3605 I chatty  : uid=1000(system) Binder:1080_1B expire 1 line
04-28 15:05:53.192  2694  2694 E ActivityThread: Failed to find provider info for com.jio.os.content.ContentFeedProvider
04-28 15:05:53.256  1080  1309 I chatty  : uid=1000(system) android.ui expire 1 line
04-28 15:05:53.434  1080  2945 I chatty  : uid=1000(system) Binder:1080_1E expire 3 lines
04-28 15:05:54.052  1080  1313 I chatty  : uid=1000(system) android.io expire 1 line
04-28 15:06:02.046  2478  2478 I PowerUI.Notification: show battery full warning: level=100 [1] 
04-28 15:06:06.517  2478  2478 I PowerUI.Notification: show battery full warning: level=100 [1] 
04-28 15:06:47.082  1080  1322 I chatty  : uid=1000(system) ActivityManager expire 3 lines
04-28 15:07:18.129  1080  3648 I chatty  : uid=1000(system) Binder:1080_1F expire 4 lines
04-28 15:07:18.165  2694  2694 E ActivityThread: Failed to find provider info for com.jio.os.content.ContentFeedProvider
04-28 15:07:18.441  1080  1321 I chatty  : uid=1000(system) ActivityManager expire 1 line
04-28 15:07:18.442  1080  1344 I chatty  : uid=1000(system) PowerManagerSer expire 3 lines
04-28 15:07:26.090  1080  1175 I chatty  : uid=1000(system) Binder:1080_2 expire 3 lines
04-28 15:07:33.332  1080  1322 I chatty  : uid=1000(system) ActivityManager expire 5 lines
04-28 15:07:34.924  1080  3648 I chatty  : uid=1000(system) Binder:1080_1F expire 4 lines
04-28 15:07:38.516  2478  2478 I PowerUI.Notification: show battery full warning: level=100 [1] 
04-28 15:07:38.545  2478  2478 I chatty  : uid=10095(com.android.systemui) identical 1 line
04-28 15:07:38.615  2478  2478 I PowerUI.Notification: show battery full warning: level=100 [1] 
04-28 15:07:42.862  1080  1080 I chatty  : uid=1000 system_server expire 33 lines
04-28 15:07:42.868  1080  1321 I chatty  : uid=1000(system) ActivityManager expire 22 lines
04-28 15:07:43.042  1801  1801 I android.hardware.wifi@1.0-service-lazy: Wifi Hal is booting up...
04-28 15:07:43.043  1801  1801 I android.hardware.wifi@1.0-service-lazy: Registering HAL: android.hardware.wifi@1.3::IWifi with name: default
04-28 15:07:43.892   681   681 I wificond: Regulatory domain changed
04-28 15:07:43.906   681   681 E wificond: Failed to find expected wiphy info from NL80211_CMD_GET_WIPHY responses
04-28 15:07:43.907   681   681 I wificond: 2.4Ghz frequencies:
04-28 15:07:43.907   681   681 I wificond: 5Ghz non-DFS frequencies:
04-28 15:07:43.907   681   681 I wificond: 5Ghz DFS frequencies:
04-28 15:07:43.907   681   681 I wificond: Regulatory domain changed
04-28 15:07:43.907   681   681 E wificond: Failed to find expected wiphy info from NL80211_CMD_GET_WIPHY responses
04-28 15:07:43.907   681   681 I wificond: 2.4Ghz frequencies:
04-28 15:07:43.907   681   681 I wificond: 5Ghz non-DFS frequencies:
04-28 15:07:43.907   681   681 I wificond: 5Ghz DFS frequencies:
04-28 15:07:43.907   681   681 I wificond: Regulatory domain changed
04-28 15:07:43.907   681   681 E wificond: Failed to find expected wiphy info from NL80211_CMD_GET_WIPHY responses
04-28 15:07:43.908   681   681 I wificond: 2.4Ghz frequencies:
04-28 15:07:43.908   681   681 I wificond: 5Ghz non-DFS frequencies:
04-28 15:07:43.908   681   681 I wificond: 5Ghz DFS frequencies:
04-28 15:07:43.908   681   681 I wificond: Regulatory domain changed
04-28 15:07:43.908   681   681 E wificond: Failed to find expected wiphy info from NL80211_CMD_GET_WIPHY responses
04-28 15:07:43.908   681   681 I wificond: 2.4Ghz frequencies:
04-28 15:07:43.908   681   681 I wificond: 5Ghz non-DFS frequencies:
04-28 15:07:43.908   681   681 I wificond: 5Ghz DFS frequencies:
04-28 15:07:43.908   681   681 I wificond: Regulatory domain changed
04-28 15:07:43.908   681   681 E wificond: Failed to find expected wiphy info from NL80211_CMD_GET_WIPHY responses
04-28 15:07:43.908   681   681 I wificond: 2.4Ghz frequencies:
04-28 15:07:43.909   681   681 I wificond: 5Ghz non-DFS frequencies:
04-28 15:07:43.909   681   681 I wificond: 5Ghz DFS frequencies:
04-28 15:07:43.909   681   681 I wificond: Regulatory domain changed
04-28 15:07:43.909   681   681 E wificond: Failed to find expected wiphy info from NL80211_CMD_GET_WIPHY responses
04-28 15:07:43.909   681   681 I wificond: 2.4Ghz frequencies:
04-28 15:07:43.909   681   681 I wificond: 5Ghz non-DFS frequencies:
04-28 15:07:43.909   681   681 I wificond: 5Ghz DFS frequencies:
04-28 15:07:43.909   681   681 I wificond: Regulatory domain changed
04-28 15:07:43.909   681   681 E wificond: Failed to find expected wiphy info from NL80211_CMD_GET_WIPHY responses
04-28 15:07:43.909   681   681 I wificond: 2.4Ghz frequencies:
04-28 15:07:43.909   681   681 I wificond: 5Ghz non-DFS frequencies:
04-28 15:07:43.909   681   681 I wificond: 5Ghz DFS frequencies:
04-28 15:07:43.909   681   681 I wificond: Regulatory domain changed
04-28 15:07:43.910   681   681 E wificond: Failed to find expected wiphy info from NL80211_CMD_GET_WIPHY responses
04-28 15:07:43.910   681   681 I wificond: 2.4Ghz frequencies:
04-28 15:07:43.910   681   681 I wificond: 5Ghz non-DFS frequencies:
04-28 15:07:43.910   681   681 I wificond: 5Ghz DFS frequencies:
04-28 15:07:43.910   681   681 I wificond: Regulatory domain changed
04-28 15:07:43.910   681   681 E wificond: Failed to find expected wiphy info from NL80211_CMD_GET_WIPHY responses
04-28 15:07:43.910   681   681 I wificond: 2.4Ghz frequencies:
04-28 15:07:43.910   681   681 I wificond: 5Ghz non-DFS frequencies:
04-28 15:07:43.910   681   681 I wificond: 5Ghz DFS frequencies:
04-28 15:07:43.910   681   681 I wificond: Regulatory domain changed
04-28 15:07:43.910   681   681 E wificond: Failed to find expected wiphy info from NL80211_CMD_GET_WIPHY responses
04-28 15:07:43.910   681   681 I wificond: 2.4Ghz frequencies:
04-28 15:07:43.911   681   681 I wificond: 5Ghz non-DFS frequencies:
04-28 15:07:43.911   681   681 I wificond: 5Ghz DFS frequencies:
04-28 15:07:43.911   681   681 I wificond: Regulatory domain changed
04-28 15:07:43.911   681   681 E wificond: Failed to find expected wiphy info from NL80211_CMD_GET_WIPHY responses
04-28 15:07:43.911   681   681 I wificond: 2.4Ghz frequencies:
04-28 15:07:43.911   681   681 I wificond: 5Ghz non-DFS frequencies:
04-28 15:07:43.911   681   681 I wificond: 5Ghz DFS frequencies:
04-28 15:07:43.911   681   681 I wificond: Regulatory domain changed
04-28 15:07:43.911   681   681 E wificond: Failed to find expected wiphy info from NL80211_CMD_GET_WIPHY responses
04-28 15:07:43.911   681   681 I wificond: 2.4Ghz frequencies:
04-28 15:07:43.911   681   681 I wificond: 5Ghz non-DFS frequencies:
04-28 15:07:43.911   681   681 I wificond: 5Ghz DFS frequencies:
04-28 15:07:43.912   681   681 I wificond: Regulatory domain changed
04-28 15:07:43.912   681   681 E wificond: Failed to find expected wiphy info from NL80211_CMD_GET_WIPHY responses
04-28 15:07:43.912   681   681 I wificond: 2.4Ghz frequencies:
04-28 15:07:43.912   681   681 I wificond: 5Ghz non-DFS frequencies:
04-28 15:07:43.912   681   681 I wificond: 5Ghz DFS frequencies:
04-28 15:07:43.912   681   681 I wificond: Regulatory domain changed
04-28 15:07:43.912   681   681 E wificond: Failed to find expected wiphy info from NL80211_CMD_GET_WIPHY responses
04-28 15:07:43.912   681   681 I wificond: 2.4Ghz frequencies:
04-28 15:07:43.912   681   681 I wificond: 5Ghz non-DFS frequencies:
04-28 15:07:43.912   681   681 I wificond: 5Ghz DFS frequencies:
04-28 15:07:43.912   681   681 I wificond: Regulatory domain changed
04-28 15:07:43.912   681   681 E wificond: Failed to find expected wiphy info from NL80211_CMD_GET_WIPHY responses
04-28 15:07:43.912   681   681 I wificond: 2.4Ghz frequencies:
04-28 15:07:43.913   681   681 I wificond: 5Ghz non-DFS frequencies:
04-28 15:07:43.913   681   681 I wificond: 5Ghz DFS frequencies:
04-28 15:07:43.913   681   681 I wificond: Regulatory domain changed
04-28 15:07:43.913   681   681 E wificond: Failed to find expected wiphy info from NL80211_CMD_GET_WIPHY responses
04-28 15:07:43.913   681   681 I wificond: 2.4Ghz frequencies:
04-28 15:07:43.913   681   681 I wificond: 5Ghz non-DFS frequencies:
04-28 15:07:43.913   681   681 I wificond: 5Ghz DFS frequencies:
04-28 15:07:43.913   681   681 I wificond: Regulatory domain changed
04-28 15:07:43.913   681   681 E wificond: Failed to find expected wiphy info from NL80211_CMD_GET_WIPHY responses
04-28 15:07:43.913   681   681 I wificond: 2.4Ghz frequencies:
04-28 15:07:43.913   681   681 I wificond: 5Ghz non-DFS frequencies:
04-28 15:07:43.913   681   681 I wificond: 5Ghz DFS frequencies:
04-28 15:07:43.913   681   681 I wificond: Regulatory domain changed
04-28 15:07:43.914   681   681 E wificond: Failed to find expected wiphy info from NL80211_CMD_GET_WIPHY responses
04-28 15:07:43.914   681   681 I wificond: 2.4Ghz frequencies:
04-28 15:07:43.914   681   681 I wificond: 5Ghz non-DFS frequencies:
04-28 15:07:43.914   681   681 I wificond: 5Ghz DFS frequencies:
04-28 15:07:43.914   681   681 I wificond: Regulatory domain changed
04-28 15:07:43.914   681   681 E wificond: Failed to find expected wiphy info from NL80211_CMD_GET_WIPHY responses
04-28 15:07:43.915   681   681 I wificond: 2.4Ghz frequencies:
04-28 15:07:43.915   681   681 I wificond: 5Ghz non-DFS frequencies:
04-28 15:07:43.915   681   681 I wificond: 5Ghz DFS frequencies:
04-28 15:07:43.915   681   681 I wificond: Regulatory domain changed
04-28 15:07:43.915   681   681 E wificond: Failed to find expected wiphy info from NL80211_CMD_GET_WIPHY responses
04-28 15:07:43.915   681   681 I wificond: 2.4Ghz frequencies:
04-28 15:07:43.915   681   681 I wificond: 5Ghz non-DFS frequencies:
04-28 15:07:43.915   681   681 I wificond: 5Ghz DFS frequencies:
04-28 15:07:43.915   681   681 I wificond: Regulatory domain changed
04-28 15:07:43.915   681   681 E wificond: Failed to find expected wiphy info from NL80211_CMD_GET_WIPHY responses
04-28 15:07:43.916   681   681 I wificond: 2.4Ghz frequencies:
04-28 15:07:43.916   681   681 I wificond: 5Ghz non-DFS frequencies:
04-28 15:07:43.916   681   681 I wificond: 5Ghz DFS frequencies:
04-28 15:07:43.916   681   681 I wificond: Regulatory domain changed
04-28 15:07:43.916   681   681 E wificond: Failed to find expected wiphy info from NL80211_CMD_GET_WIPHY responses
04-28 15:07:43.916   681   681 I wificond: 2.4Ghz frequencies:
04-28 15:07:43.916   681   681 I wificond: 5Ghz non-DFS frequencies:
04-28 15:07:43.916   681   681 I wificond: 5Ghz DFS frequencies:
04-28 15:07:43.916   681   681 I wificond: Regulatory domain changed
04-28 15:07:43.916   681   681 E wificond: Failed to find expected wiphy info from NL80211_CMD_GET_WIPHY responses
04-28 15:07:43.916   681   681 I wificond: 2.4Ghz frequencies:
04-28 15:07:43.916   681   681 I wificond: 5Ghz non-DFS frequencies:
04-28 15:07:43.916   681   681 I wificond: 5Ghz DFS frequencies:
04-28 15:07:43.916   681   681 I wificond: Regulatory domain changed
04-28 15:07:43.917   681   681 E wificond: Failed to find expected wiphy info from NL80211_CMD_GET_WIPHY responses
04-28 15:07:43.917   681   681 I wificond: 2.4Ghz frequencies:
04-28 15:07:43.917   681   681 I wificond: 5Ghz non-DFS frequencies:
04-28 15:07:43.917   681   681 I wificond: 5Ghz DFS frequencies:
04-28 15:07:43.917   681   681 I wificond: Regulatory domain changed
04-28 15:07:43.917   681   681 E wificond: Failed to find expected wiphy info from NL80211_CMD_GET_WIPHY responses
04-28 15:07:43.917   681   681 I wificond: 2.4Ghz frequencies:
04-28 15:07:43.917   681   681 I wificond: 5Ghz non-DFS frequencies:
04-28 15:07:43.917   681   681 I wificond: 5Ghz DFS frequencies:
04-28 15:07:43.925  1801  1801 I android.hardware.wifi@1.0-service-lazy: Wifi HAL started
04-28 15:07:44.379  1801  1801 I android.hardware.wifi@1.0-service-lazy: Adding interface handle for p2p0
04-28 15:07:44.379  1801  1801 I android.hardware.wifi@1.0-service-lazy: Adding interface handle for wlan0
04-28 15:07:44.379  1801  1801 W android.hardware.wifi@1.0-service-lazy: No active wlan interfaces in use! Using default
04-28 15:07:44.380  1801  1801 W android.hardware.wifi@1.0-service-lazy: No active wlan interfaces in use! Using default
04-28 15:07:44.386  1801  1801 I android.hardware.wifi@1.0-service-lazy: Configured chip in mode 0
04-28 15:07:44.386  1801  1801 W android.hardware.wifi@1.0-service-lazy: No active wlan interfaces in use! Using default
04-28 15:07:44.405   681   681 I wificond: setting base_wiphy_index_ to 25
04-28 15:07:44.407   681   681 I wificond: create scanner for interface with index: 76
04-28 15:07:44.407   681   681 I wificond: subscribe scan result for interface with index: 76
04-28 15:07:44.409   681   681 E wificond: No Offload Service available
04-28 15:07:44.409   681   681 I wificond: Offload HAL not supported 
04-28 15:07:44.778  1080  1327 I chatty  : uid=1000(system) batterystats-wo expire 1 line
04-28 15:07:45.572  1801  1801 I android.hardware.wifi@1.0-service-lazy: Process has 1 (of 1 available) client(s) in use after notification android.hardware.wifi@1.3::IWifi has clients: 1
04-28 15:07:48.920   681   681 W wificond: No pno scan started
04-28 15:07:48.921   681   681 W wificond: Scheduled scan is not running!
04-28 15:07:48.922   681   681 W wificond: No pno scan started
04-28 15:07:48.923   681   681 W wificond: Scheduled scan is not running!
04-28 15:07:48.927  1801  1801 W android.hardware.wifi@1.0-service-lazy: No active wlan interfaces in use! Using default
04-28 15:07:49.083   681   681 I wificond: Unsubscribe scan result for interface with index: 76
04-28 15:07:49.179  1801  1827 I android.hardware.wifi@1.0-service-lazy: Legacy HAL stop complete callback received
04-28 15:07:50.026  1801  1801 I android.hardware.wifi@1.0-service-lazy: Wifi HAL stopped
04-28 15:08:06.518  2478  2478 I PowerUI.Notification: show battery full warning: level=100 [1] 
04-28 15:08:13.060  1080  2722 I chatty  : uid=1000(system) Binder:1080_7 expire 3 lines
04-28 15:08:13.162  1080  1344 I chatty  : uid=1000(system) PowerManagerSer expire 2 lines
04-28 15:08:32.539  1080  1309 I chatty  : uid=1000(system) android.ui expire 1 line
04-28 15:08:42.401  1080  3605 I chatty  : uid=1000(system) Binder:1080_1B expire 4 lines
04-28 15:08:42.933  1080  1314 I chatty  : uid=1000(system) android.display expire 1 line
04-28 15:08:43.345  2617  2617 I TelecomFramework: UserCallIntentProcessor: sendIntentToDestination: trampoline to Telecom.: UCA.oC@AAA
04-28 15:08:43.363  2617  2617 I TelecomFramework: UserCallActivity: onCreate done
04-28 15:08:43.505  1080  2899 I chatty  : uid=1000(system) uteStateMachine expire 4 lines
04-28 15:08:43.508  1080  2901 I chatty  : uid=1000(system) CallAudioModeSt expire 2 lines
04-28 15:08:43.632  1080  2899 I chatty  : uid=1000(system) uteStateMachine expire 8 lines
04-28 15:08:43.655  1080  1322 I chatty  : uid=1000(system) ActivityManager expire 5 lines
04-28 15:08:44.534  2669  2669 D ActivityThread: Loading provider contacts;com.android.contacts: com.android.providers.contacts.ContactsProvider2
04-28 15:08:47.672  1080  2722 I chatty  : uid=1000(system) Binder:1080_7 expire 4 lines
04-28 15:08:48.242  1080  1080 I chatty  : uid=1000 system_server expire 39 lines
04-28 15:08:48.253  1080  1314 I chatty  : uid=1000(system) android.display expire 5 lines
04-28 15:08:49.293  1080  3648 I chatty  : uid=1000(system) Binder:1080_1F expire 1 line
04-28 15:08:49.613  1080  3605 I chatty  : uid=1000(system) Binder:1080_1B expire 1 line
04-28 15:08:50.145  1080  3418 I chatty  : uid=1000(system) Binder:1080_F expire 1 line
04-28 15:08:50.720  1080  1157 I chatty  : uid=1000(system) Binder:1080_16 expire 1 line
04-28 15:08:50.916  2617  2617 I TelecomFramework: UserCallIntentProcessor: sendIntentToDestination: trampoline to Telecom.: UCA.oC@AAE
04-28 15:08:50.918  1080  1623 I chatty  : uid=1000(system) Binder:1080_18 expire 3 lines
04-28 15:08:50.925  1080  2684 I chatty  : uid=1000(system) Binder:1080_6 expire 7 lines
04-28 15:08:50.994  2617  2617 I TelecomFramework: UserCallActivity: onCreate done
04-28 15:08:51.135  1080  1175 I chatty  : uid=1000(system) Binder:1080_2 expire 1 line
04-28 15:08:51.257  1080  1321 I chatty  : uid=1000(system) ActivityManager expire 20 lines
04-28 15:08:51.415  2826  2826 I Telephony: TelephonyConnectionService: createConnectionFailed TC@9: (SBC.oSC)->CS.crCoF->H.CS.crCoF->H.CS.crCoF.pICR@E-B+0
04-28 15:08:52.963  1080  1080 I chatty  : uid=1000 system_server expire 10 lines
04-28 15:08:53.011  1080  2902 I chatty  : uid=1000(system) ConnectionSvrFo expire 1 line
04-28 15:08:53.132  1080  2684 I chatty  : uid=1000(system) Binder:1080_6 expire 8 lines
04-28 15:08:53.136  2826  2826 I Telephony: TelephonyConnectionService: onCreateOutgoingConnection, request: ConnectionRequest xxxxxxxxxxxxxxxxxxx Bundle[org.codeaurora.extra.CALL_DOMAIN=0, android.telecom.extra.START_CALL_WITH_VIDEO_STATE=0, android.telecom.extra.CALL_TELECOM_ROUTING_END_TIME_MILLIS=14976719, android.telecom.extra.CALL_TELECOM_ROUTING_START_TIME_MILLIS=14976719, ]: (SBC.oSC)->CS.crCo->H.CS.crCo->H.CS.crCo.pICR@E-B/M
04-28 15:08:53.172  2826  2826 I Telephony: GsmConnection: isAddParticipantCapable: isCapable = false: (SBC.oSC)->CS.crCo->H.CS.crCo->H.CS.crCo.pICR@E-B/M
04-28 15:08:53.172  2826  2826 I Telephony: TelephonyConnectionService: updatePhoneAccount setPhoneAccountHandle, account = ComponentInfo{com.android.phone/com.android.services.telephony.TelephonyConnectionService}, ***, UserHandle{0}: (SBC.oSC)->CS.crCo->H.CS.crCo->H.CS.crCo.pICR@E-B/M
04-28 15:08:53.672  2826  2826 I Telephony: GsmConnection: isAddParticipantCapable: isCapable = false: (SBC.oSC)->CS.crCo->H.CS.crCo->H.CS.crCo.pICR@E-B/M
04-28 15:08:53.896  2826  2826 I chatty  : uid=1001(radio) com.android.phone identical 3 lines
04-28 15:08:54.006  2826  2826 I Telephony: GsmConnection: isAddParticipantCapable: isCapable = false: (SBC.oSC)->CS.crCo->H.CS.crCo->H.CS.crCo.pICR@E-B/M
04-28 15:08:54.022  1080  2853 I chatty  : uid=1000(system) Binder:1080_1A expire 27 lines
04-28 15:08:54.034  1080  2901 I chatty  : uid=1000(system) CallAudioModeSt expire 2 lines
04-28 15:08:54.054  3301  3301 W ContextImpl: Calling a method in the system process without a qualified user: android.app.ContextImpl.startService:1570 android.content.ContextWrapper.startService:669 com.redbend.app.SmmService.sendIntentEvent:373 com.redbend.client.ClientService.sendEvent:586 com.redbend.client.ClientService$DilPhoneStateListener.sendVoiceCallUpdate:1737 
04-28 15:08:54.144  1080  2899 I chatty  : uid=1000(system) uteStateMachine expire 5 lines
04-28 15:08:54.300  2826  2826 I Telephony: GsmConnection: isAddParticipantCapable: isCapable = false
04-28 15:08:54.308  2826  2826 I Telephony: GsmConnection: isAddParticipantCapable: isCapable = false
04-28 15:08:54.339  2826  2826 I Telephony: GsmConnection: isAddParticipantCapable: isCapable = false
04-28 15:08:54.491  1080  3885 I chatty  : uid=1000(system) Binder:1080_14 expire 8 lines
04-28 15:08:54.493  2826  2826 I Telephony: TelephonyConnectionService: notifyCreateConnectionComplete TC@8_1: (...->CSW.hCCC)->CS.crCoC->H.CS.crCoC@E-E-E-B/M
04-28 15:08:54.496  2826  2826 I Telephony: TelephonyConnectionService: updatePhoneAccount setPhoneAccountHandle, account = ComponentInfo{com.android.phone/com.android.services.telephony.TelephonyConnectionService}, ***, UserHandle{0}: (...->CSW.hCCC)->CS.crCoC->H.CS.crCoC@E-E-E-B/M
04-28 15:08:54.748  2826  2826 I Telephony: GsmConnection: isAddParticipantCapable: isCapable = false
04-28 15:08:54.756  1080  2901 I chatty  : uid=1000(system) CallAudioModeSt expire 3 lines
04-28 15:08:54.764  1080  2883 I chatty  : uid=1000(system) BluetoothRouteM expire 1 line
04-28 15:08:54.854  1080  2684 I chatty  : uid=1000(system) Binder:1080_6 expire 5 lines
04-28 15:08:54.870  1080  3405 I chatty  : uid=1000 system_server expire 1 line
04-28 15:08:54.871  1080  1321 I chatty  : uid=1000(system) ActivityManager expire 14 lines
04-28 15:08:54.962  1080  1220 I chatty  : uid=1000(system) Binder:1080_1D expire 1 line
04-28 15:08:54.975  1080  3407 I chatty  : uid=1000 system_server expire 1 line
04-28 15:08:55.923  1080  1322 I chatty  : uid=1000(system) ActivityManager expire 2 lines
04-28 15:08:56.260  1080  2722 I chatty  : uid=1000(system) Binder:1080_7 expire 16 lines
04-28 15:08:56.272  1080  1313 I chatty  : uid=1000(system) android.io expire 1 line
04-28 15:08:59.476  2826  2826 I Telephony: GsmConnection: isAddParticipantCapable: isCapable = false
04-28 15:08:59.478  1080  2853 I chatty  : uid=1000(system) Binder:1080_1A expire 12 lines
04-28 15:08:59.499  2826  2826 I Telephony: GsmConnection: isAddParticipantCapable: isCapable = false
04-28 15:08:59.520  2826  2826 I Telephony: GsmConnection: isAddParticipantCapable: isCapable = true
04-28 15:08:59.528  1080  2947 I chatty  : uid=1000(system) Binder:1080_B expire 10 lines
04-28 15:08:59.533  2826  2826 I Telephony: GsmConnection: isAddParticipantCapable: isCapable = true
04-28 15:09:02.116  1080  1080 I chatty  : uid=1000 system_server expire 1 line
04-28 15:09:15.061  1080  1157 I chatty  : uid=1000(system) Binder:1080_16 expire 2 lines
04-28 15:09:15.062  2826  2826 I Telephony: GsmConnection: isAddParticipantCapable: isCapable = false
04-28 15:09:15.066  2826  2826 I Telephony: GsmConnection: isAddParticipantCapable: isCapable = false
04-28 15:09:15.209  2478  2478 I PowerUI.Notification: show battery full warning: level=100 [1] 
04-28 15:09:15.261  2826  3356 I Telephony: : onDisconnect: callId=TC@8_1, cause=LOCAL
04-28 15:09:15.264  1080  3648 I chatty  : uid=1000(system) Binder:1080_1F expire 2 lines
04-28 15:09:15.284  2826  2826 I Telephony: GsmConnection: isAddParticipantCapable: isCapable = false
04-28 15:09:15.295  2826  2826 I chatty  : uid=1001(radio) com.android.phone identical 1 line
04-28 15:09:15.299  2826  2826 I Telephony: GsmConnection: isAddParticipantCapable: isCapable = false
04-28 15:09:15.305  2478  2478 I PowerUI.Notification: show battery full warning: level=100 [1] 
04-28 15:09:15.309  1080  2947 I chatty  : uid=1000(system) Binder:1080_B expire 2 lines
04-28 15:09:15.316  2478  2478 I PowerUI.Notification: show battery full warning: level=100 [1] 
04-28 15:09:15.324  1080   684 I chatty  : uid=1000(system) Binder:1080_1C expire 13 lines
04-28 15:09:15.333  3301  3301 W ContextImpl: Calling a method in the system process without a qualified user: android.app.ContextImpl.startService:1570 android.content.ContextWrapper.startService:669 com.redbend.app.SmmService.sendIntentEvent:373 com.redbend.client.ClientService.sendEvent:586 com.redbend.client.ClientService$DilPhoneStateListener.sendVoiceCallUpdate:1737 
04-28 15:09:15.337  1080  1321 I chatty  : uid=1000(system) ActivityManager expire 20 lines
04-28 15:09:15.424  1080  2899 I chatty  : uid=1000(system) uteStateMachine expire 14 lines
04-28 15:09:15.434  1080  2901 I chatty  : uid=1000(system) CallAudioModeSt expire 5 lines
04-28 15:09:15.437  1080  1080 I chatty  : uid=1000 system_server expire 12 lines
04-28 15:09:15.443  1080  2883 I chatty  : uid=1000(system) BluetoothRouteM expire 1 line
04-28 15:09:15.449  1080  3570 I chatty  : uid=1000 system_server expire 1 line
04-28 15:09:15.466  1080  3556 I chatty  : uid=1000(system) Binder:1080_11 expire 1 line
04-28 15:09:15.572  1080  1322 I chatty  : uid=1000(system) ActivityManager expire 4 lines
04-28 15:09:15.966  1080  3648 I chatty  : uid=1000(system) Binder:1080_1F expire 4 lines
04-28 15:09:16.567  3585  3585 D ActivityThread: Loading provider contacts;com.android.contacts: com.android.providers.contacts.ContactsProvider2
04-28 15:09:18.867  1080  1157 I chatty  : uid=1000(system) Binder:1080_16 expire 2 lines
04-28 15:09:19.372  1080  2923 I chatty  : uid=1000(system) Binder:1080_A expire 1 line
04-28 15:09:19.664  1080  3679 I chatty  : uid=1000(system) Binder:1080_12 expire 1 line
04-28 15:09:20.847  1080  1314 I chatty  : uid=1000(system) android.display expire 1 line
04-28 15:09:28.244  1080  1322 I chatty  : uid=1000(system) ActivityManager expire 1 line
04-28 15:09:29.254  1080  1174 I chatty  : uid=1000(system) Binder:1080_1 expire 1 line
04-28 15:09:35.578  1801  1801 I android.hardware.wifi@1.0-service-lazy: Process has 0 (of 1 available) client(s) in use after notification android.hardware.wifi@1.3::IWifi has clients: 0
04-28 15:09:35.578  1801  1801 I android.hardware.wifi@1.0-service-lazy: Trying to exit HAL. No clients in use for any service in process.
04-28 15:09:35.581  1801  1801 I android.hardware.wifi@1.0-service-lazy: Unregistered all clients and exiting
04-28 15:09:44.501  1080  2917 I chatty  : uid=1000(system) Binder:1080_9 expire 4 lines
04-28 15:09:44.605  1080  1314 I chatty  : uid=1000(system) android.display expire 4 lines
04-28 15:11:02.097  1080  1320 I chatty  : uid=1000(system) android.bg expire 2 lines
04-28 15:12:17.492  1080  1322 I chatty  : uid=1000(system) ActivityManager expire 5 lines
04-28 15:12:19.481  1080  1313 I chatty  : uid=1000(system) android.io expire 3 lines
04-28 15:12:20.255  1080  1344 I chatty  : uid=1000(system) PowerManagerSer expire 13 lines
04-28 15:12:20.303  1080  1080 I chatty  : uid=1000 system_server expire 13 lines
04-28 15:12:20.420  1080  1327 I chatty  : uid=1000(system) batterystats-wo expire 2 lines
04-28 15:12:21.495  1080  1321 I chatty  : uid=1000(system) ActivityManager expire 9 lines
04-28 15:12:21.780  1080  1306 I chatty  : uid=1000(system) android.fg expire 6 lines
04-28 15:12:23.037  1080  1174 I chatty  : uid=1000(system) Binder:1080_1 expire 3 lines
04-28 15:12:29.257  1080  1175 I chatty  : uid=1000(system) Binder:1080_2 expire 2 lines
04-28 15:12:54.725  1080  1567 I chatty  : uid=1000(system) AlarmManager expire 2 lines
04-28 15:12:55.159   466   466 E LoadedApk: Unable to instantiate appComponentFactory
04-28 15:12:55.159   466   466 E LoadedApk: java.lang.ClassNotFoundException: Didn't find class "androidx.core.app.CoreComponentFactory" on path: DexPathList[[zip file "/system/app/Facebook/Facebook.apk"],nativeLibraryDirectories=[/system/app/Facebook/lib/arm, /system/app/Facebook/Facebook.apk!/lib/armeabi-v7a, /system/lib, /system/product/lib, /system/lib, /system/product/lib]]
04-28 15:12:55.159   466   466 E LoadedApk: 	at dalvik.system.BaseDexClassLoader.findClass(BaseDexClassLoader.java:196)
04-28 15:12:55.159   466   466 E LoadedApk: 	at java.lang.ClassLoader.loadClass(ClassLoader.java:379)
04-28 15:12:55.159   466   466 E LoadedApk: 	at java.lang.ClassLoader.loadClass(ClassLoader.java:312)
04-28 15:12:55.159   466   466 E LoadedApk: 	at android.app.LoadedApk.createAppFactory(LoadedApk.java:256)
04-28 15:12:55.159   466   466 E LoadedApk: 	at android.app.LoadedApk.createOrUpdateClassLoaderLocked(LoadedApk.java:855)
04-28 15:12:55.159   466   466 E LoadedApk: 	at android.app.LoadedApk.getClassLoader(LoadedApk.java:950)
04-28 15:12:55.159   466   466 E LoadedApk: 	at android.app.LoadedApk.getResources(LoadedApk.java:1188)
04-28 15:12:55.159   466   466 E LoadedApk: 	at android.app.ContextImpl.createAppContext(ContextImpl.java:2462)
04-28 15:12:55.159   466   466 E LoadedApk: 	at android.app.ContextImpl.createAppContext(ContextImpl.java:2454)
04-28 15:12:55.159   466   466 E LoadedApk: 	at android.app.ActivityThread.handleBindApplication(ActivityThread.java:6353)
04-28 15:12:55.159   466   466 E LoadedApk: 	at android.app.ActivityThread.access$1300(ActivityThread.java:220)
04-28 15:12:55.159   466   466 E LoadedApk: 	at android.app.ActivityThread$H.handleMessage(ActivityThread.java:1860)
04-28 15:12:55.159   466   466 E LoadedApk: 	at android.os.Handler.dispatchMessage(Handler.java:107)
04-28 15:12:55.159   466   466 E LoadedApk: 	at android.os.Looper.loop(Looper.java:214)
04-28 15:12:55.159   466   466 E LoadedApk: 	at android.app.ActivityThread.main(ActivityThread.java:7397)
04-28 15:12:55.159   466   466 E LoadedApk: 	at java.lang.reflect.Method.invoke(Native Method)
04-28 15:12:55.159   466   466 E LoadedApk: 	at com.android.internal.os.RuntimeInit$MethodAndArgsCaller.run(RuntimeInit.java:492)
04-28 15:12:55.159   466   466 E LoadedApk: 	at com.android.internal.os.ZygoteInit.main(ZygoteInit.java:935)
04-28 15:12:58.055  1080  1545 I chatty  : uid=1000(system) Binder:1080_3 expire 1 line
04-28 15:13:13.859  1080  2853 I chatty  : uid=1000(system) Binder:1080_1A expire 1 line
04-28 15:13:13.959  1080  2749 I chatty  : uid=1000(system) Binder:1080_8 expire 1 line
04-28 15:13:14.468  1080  2684 I chatty  : uid=1000(system) Binder:1080_6 expire 1 line
04-28 15:13:15.625  1080  1571 I chatty  : uid=1000(system) InputDispatcher expire 3 lines
04-28 15:13:16.088  2478  2478 I PowerUI.Notification: show battery full warning: level=100 [1] 
04-28 15:13:16.166  2478  2478 I chatty  : uid=10095(com.android.systemui) identical 1 line
04-28 15:13:16.185  2478  2478 I PowerUI.Notification: show battery full warning: level=100 [1] 
04-28 15:13:16.220  1080  1309 I chatty  : uid=1000(system) android.ui expire 3 lines
04-28 15:13:19.436  2694  2694 E ActivityThread: Failed to find provider info for com.jio.os.content.ContentFeedProvider
04-28 15:13:19.713  1080  1080 I chatty  : uid=1000 system_server expire 4 lines
04-28 15:13:22.630  1080  3679 I chatty  : uid=1000(system) Binder:1080_12 expire 1 line
04-28 15:13:23.196  1080  2917 I chatty  : uid=1000(system) Binder:1080_9 expire 3 lines
04-28 15:13:24.913  1080  1080 I chatty  : uid=1000 system_server expire 14 lines
04-28 15:13:25.352  1080  1313 I chatty  : uid=1000(system) android.io expire 1 line
04-28 15:13:27.360  1080  1321 I chatty  : uid=1000(system) ActivityManager expire 13 lines
04-28 15:13:33.883  1080  2853 I chatty  : uid=1000(system) Binder:1080_1A expire 11 lines
04-28 15:13:41.716  1734  1734 I android.hardware.wifi@1.0-service-lazy: Wifi Hal is booting up...
04-28 15:13:41.717  1734  1734 I android.hardware.wifi@1.0-service-lazy: Registering HAL: android.hardware.wifi@1.3::IWifi with name: default
04-28 15:13:42.569   681   681 I wificond: Regulatory domain changed
04-28 15:13:42.588   681   681 E wificond: Failed to find expected wiphy info from NL80211_CMD_GET_WIPHY responses
04-28 15:13:42.588   681   681 I wificond: 2.4Ghz frequencies:
04-28 15:13:42.588   681   681 I wificond: 5Ghz non-DFS frequencies:
04-28 15:13:42.588   681   681 I wificond: 5Ghz DFS frequencies:
04-28 15:13:42.588   681   681 I wificond: Regulatory domain changed
04-28 15:13:42.588   681   681 E wificond: Failed to find expected wiphy info from NL80211_CMD_GET_WIPHY responses
04-28 15:13:42.588   681   681 I wificond: 2.4Ghz frequencies:
04-28 15:13:42.588   681   681 I wificond: 5Ghz non-DFS frequencies:
04-28 15:13:42.588   681   681 I wificond: 5Ghz DFS frequencies:
04-28 15:13:42.588   681   681 I wificond: Regulatory domain changed
04-28 15:13:42.588   681   681 E wificond: Failed to find expected wiphy info from NL80211_CMD_GET_WIPHY responses
04-28 15:13:42.588   681   681 I wificond: 2.4Ghz frequencies:
04-28 15:13:42.589   681   681 I wificond: 5Ghz non-DFS frequencies:
04-28 15:13:42.589   681   681 I wificond: 5Ghz DFS frequencies:
04-28 15:13:42.589   681   681 I wificond: Regulatory domain changed
04-28 15:13:42.589   681   681 E wificond: Failed to find expected wiphy info from NL80211_CMD_GET_WIPHY responses
04-28 15:13:42.589   681   681 I wificond: 2.4Ghz frequencies:
04-28 15:13:42.589   681   681 I wificond: 5Ghz non-DFS frequencies:
04-28 15:13:42.589   681   681 I wificond: 5Ghz DFS frequencies:
04-28 15:13:42.589   681   681 I wificond: Regulatory domain changed
04-28 15:13:42.589   681   681 E wificond: Failed to find expected wiphy info from NL80211_CMD_GET_WIPHY responses
04-28 15:13:42.589   681   681 I wificond: 2.4Ghz frequencies:
04-28 15:13:42.589   681   681 I wificond: 5Ghz non-DFS frequencies:
04-28 15:13:42.589   681   681 I wificond: 5Ghz DFS frequencies:
04-28 15:13:42.589   681   681 I wificond: Regulatory domain changed
04-28 15:13:42.589   681   681 E wificond: Failed to find expected wiphy info from NL80211_CMD_GET_WIPHY responses
04-28 15:13:42.590   681   681 I wificond: 2.4Ghz frequencies:
04-28 15:13:42.590   681   681 I wificond: 5Ghz non-DFS frequencies:
04-28 15:13:42.590   681   681 I wificond: 5Ghz DFS frequencies:
04-28 15:13:42.590   681   681 I wificond: Regulatory domain changed
04-28 15:13:42.590   681   681 E wificond: Failed to find expected wiphy info from NL80211_CMD_GET_WIPHY responses
04-28 15:13:42.590   681   681 I wificond: 2.4Ghz frequencies:
04-28 15:13:42.590   681   681 I wificond: 5Ghz non-DFS frequencies:
04-28 15:13:42.590   681   681 I wificond: 5Ghz DFS frequencies:
04-28 15:13:42.590   681   681 I wificond: Regulatory domain changed
04-28 15:13:42.590   681   681 E wificond: Failed to find expected wiphy info from NL80211_CMD_GET_WIPHY responses
04-28 15:13:42.590   681   681 I wificond: 2.4Ghz frequencies:
04-28 15:13:42.590   681   681 I wificond: 5Ghz non-DFS frequencies:
04-28 15:13:42.590   681   681 I wificond: 5Ghz DFS frequencies:
04-28 15:13:42.590   681   681 I wificond: Regulatory domain changed
04-28 15:13:42.591   681   681 E wificond: Failed to find expected wiphy info from NL80211_CMD_GET_WIPHY responses
04-28 15:13:42.591   681   681 I wificond: 2.4Ghz frequencies:
04-28 15:13:42.591   681   681 I wificond: 5Ghz non-DFS frequencies:
04-28 15:13:42.591   681   681 I wificond: 5Ghz DFS frequencies:
04-28 15:13:42.591   681   681 I wificond: Regulatory domain changed
04-28 15:13:42.592   681   681 E wificond: Failed to find expected wiphy info from NL80211_CMD_GET_WIPHY responses
04-28 15:13:42.593   681   681 I wificond: 2.4Ghz frequencies:
04-28 15:13:42.593   681   681 I wificond: 5Ghz non-DFS frequencies:
04-28 15:13:42.593   681   681 I wificond: 5Ghz DFS frequencies:
04-28 15:13:42.593   681   681 I wificond: Regulatory domain changed
04-28 15:13:42.593   681   681 E wificond: Failed to find expected wiphy info from NL80211_CMD_GET_WIPHY responses
04-28 15:13:42.593   681   681 I wificond: 2.4Ghz frequencies:
04-28 15:13:42.593   681   681 I wificond: 5Ghz non-DFS frequencies:
04-28 15:13:42.593   681   681 I wificond: 5Ghz DFS frequencies:
04-28 15:13:42.593   681   681 I wificond: Regulatory domain changed
04-28 15:13:42.593   681   681 E wificond: Failed to find expected wiphy info from NL80211_CMD_GET_WIPHY responses
04-28 15:13:42.593   681   681 I wificond: 2.4Ghz frequencies:
04-28 15:13:42.593   681   681 I wificond: 5Ghz non-DFS frequencies:
04-28 15:13:42.594   681   681 I wificond: 5Ghz DFS frequencies:
04-28 15:13:42.594   681   681 I wificond: Regulatory domain changed
04-28 15:13:42.594   681   681 E wificond: Failed to find expected wiphy info from NL80211_CMD_GET_WIPHY responses
04-28 15:13:42.594   681   681 I wificond: 2.4Ghz frequencies:
04-28 15:13:42.594   681   681 I wificond: 5Ghz non-DFS frequencies:
04-28 15:13:42.594   681   681 I wificond: 5Ghz DFS frequencies:
04-28 15:13:42.594   681   681 I wificond: Regulatory domain changed
04-28 15:13:42.594   681   681 E wificond: Failed to find expected wiphy info from NL80211_CMD_GET_WIPHY responses
04-28 15:13:42.594   681   681 I wificond: 2.4Ghz frequencies:
04-28 15:13:42.594   681   681 I wificond: 5Ghz non-DFS frequencies:
04-28 15:13:42.594   681   681 I wificond: 5Ghz DFS frequencies:
04-28 15:13:42.595   681   681 I wificond: Regulatory domain changed
04-28 15:13:42.595   681   681 E wificond: Failed to find expected wiphy info from NL80211_CMD_GET_WIPHY responses
04-28 15:13:42.595   681   681 I wificond: 2.4Ghz frequencies:
04-28 15:13:42.595   681   681 I wificond: 5Ghz non-DFS frequencies:
04-28 15:13:42.595   681   681 I wificond: 5Ghz DFS frequencies:
04-28 15:13:42.595   681   681 I wificond: Regulatory domain changed
04-28 15:13:42.595   681   681 E wificond: Failed to find expected wiphy info from NL80211_CMD_GET_WIPHY responses
04-28 15:13:42.595   681   681 I wificond: 2.4Ghz frequencies:
04-28 15:13:42.595   681   681 I wificond: 5Ghz non-DFS frequencies:
04-28 15:13:42.595   681   681 I wificond: 5Ghz DFS frequencies:
04-28 15:13:42.595   681   681 I wificond: Regulatory domain changed
04-28 15:13:42.595   681   681 E wificond: Failed to find expected wiphy info from NL80211_CMD_GET_WIPHY responses
04-28 15:13:42.595   681   681 I wificond: 2.4Ghz frequencies:
04-28 15:13:42.595   681   681 I wificond: 5Ghz non-DFS frequencies:
04-28 15:13:42.596   681   681 I wificond: 5Ghz DFS frequencies:
04-28 15:13:42.596   681   681 I wificond: Regulatory domain changed
04-28 15:13:42.596   681   681 E wificond: Failed to find expected wiphy info from NL80211_CMD_GET_WIPHY responses
04-28 15:13:42.596   681   681 I wificond: 2.4Ghz frequencies:
04-28 15:13:42.596   681   681 I wificond: 5Ghz non-DFS frequencies:
04-28 15:13:42.596   681   681 I wificond: 5Ghz DFS frequencies:
04-28 15:13:42.596   681   681 I wificond: Regulatory domain changed
04-28 15:13:42.596   681   681 E wificond: Failed to find expected wiphy info from NL80211_CMD_GET_WIPHY responses
04-28 15:13:42.596   681   681 I wificond: 2.4Ghz frequencies:
04-28 15:13:42.596   681   681 I wificond: 5Ghz non-DFS frequencies:
04-28 15:13:42.596   681   681 I wificond: 5Ghz DFS frequencies:
04-28 15:13:42.596   681   681 I wificond: Regulatory domain changed
04-28 15:13:42.596   681   681 E wificond: Failed to find expected wiphy info from NL80211_CMD_GET_WIPHY responses
04-28 15:13:42.597   681   681 I wificond: 2.4Ghz frequencies:
04-28 15:13:42.597   681   681 I wificond: 5Ghz non-DFS frequencies:
04-28 15:13:42.597   681   681 I wificond: 5Ghz DFS frequencies:
04-28 15:13:42.597   681   681 I wificond: Regulatory domain changed
04-28 15:13:42.597   681   681 E wificond: Failed to find expected wiphy info from NL80211_CMD_GET_WIPHY responses
04-28 15:13:42.597   681   681 I wificond: 2.4Ghz frequencies:
04-28 15:13:42.597   681   681 I wificond: 5Ghz non-DFS frequencies:
04-28 15:13:42.597   681   681 I wificond: 5Ghz DFS frequencies:
04-28 15:13:42.597   681   681 I wificond: Regulatory domain changed
04-28 15:13:42.597   681   681 E wificond: Failed to find expected wiphy info from NL80211_CMD_GET_WIPHY responses
04-28 15:13:42.602   681   681 I wificond: 2.4Ghz frequencies:
04-28 15:13:42.602   681   681 I wificond: 5Ghz non-DFS frequencies:
04-28 15:13:42.602   681   681 I wificond: 5Ghz DFS frequencies:
04-28 15:13:42.602   681   681 I wificond: Regulatory domain changed
04-28 15:13:42.603   681   681 E wificond: Failed to find expected wiphy info from NL80211_CMD_GET_WIPHY responses
04-28 15:13:42.604  1734  1734 I android.hardware.wifi@1.0-service-lazy: Wifi HAL started
04-28 15:13:42.615   681   681 I wificond: 2.4Ghz frequencies:
04-28 15:13:42.615   681   681 I wificond: 5Ghz non-DFS frequencies:
04-28 15:13:42.615   681   681 I wificond: 5Ghz DFS frequencies:
04-28 15:13:42.615   681   681 I wificond: Regulatory domain changed
04-28 15:13:42.615   681   681 E wificond: Failed to find expected wiphy info from NL80211_CMD_GET_WIPHY responses
04-28 15:13:42.616   681   681 I wificond: 2.4Ghz frequencies:
04-28 15:13:42.616   681   681 I wificond: 5Ghz non-DFS frequencies:
04-28 15:13:42.616   681   681 I wificond: 5Ghz DFS frequencies:
04-28 15:13:42.616   681   681 I wificond: Regulatory domain changed
04-28 15:13:42.616   681   681 E wificond: Failed to find expected wiphy info from NL80211_CMD_GET_WIPHY responses
04-28 15:13:42.616   681   681 I wificond: 2.4Ghz frequencies:
04-28 15:13:42.616   681   681 I wificond: 5Ghz non-DFS frequencies:
04-28 15:13:42.617   681   681 I wificond: 5Ghz DFS frequencies:
04-28 15:13:42.617   681   681 I wificond: Regulatory domain changed
04-28 15:13:42.617   681   681 E wificond: Failed to find expected wiphy info from NL80211_CMD_GET_WIPHY responses
04-28 15:13:42.617   681   681 I wificond: 2.4Ghz frequencies:
04-28 15:13:42.617   681   681 I wificond: 5Ghz non-DFS frequencies:
04-28 15:13:42.617   681   681 I wificond: 5Ghz DFS frequencies:
04-28 15:13:42.953  1734  1734 I android.hardware.wifi@1.0-service-lazy: Adding interface handle for p2p0
04-28 15:13:42.953  1734  1734 I android.hardware.wifi@1.0-service-lazy: Adding interface handle for wlan0
04-28 15:13:42.953  1734  1734 W android.hardware.wifi@1.0-service-lazy: No active wlan interfaces in use! Using default
04-28 15:13:42.953  1734  1734 W android.hardware.wifi@1.0-service-lazy: No active wlan interfaces in use! Using default
04-28 15:13:42.959  1734  1734 I android.hardware.wifi@1.0-service-lazy: Configured chip in mode 0
04-28 15:13:42.959  1734  1734 W android.hardware.wifi@1.0-service-lazy: No active wlan interfaces in use! Using default
04-28 15:13:42.981   681   681 I wificond: setting base_wiphy_index_ to 26
04-28 15:13:42.983   681   681 I wificond: create scanner for interface with index: 78
04-28 15:13:42.983   681   681 I wificond: subscribe scan result for interface with index: 78
04-28 15:13:42.985   681   681 E wificond: No Offload Service available
04-28 15:13:42.985   681   681 I wificond: Offload HAL not supported 
04-28 15:13:43.312  1080  1327 I chatty  : uid=1000(system) batterystats-wo expire 1 line
04-28 15:13:45.573  1734  1734 I android.hardware.wifi@1.0-service-lazy: Process has 1 (of 1 available) client(s) in use after notification android.hardware.wifi@1.3::IWifi has clients: 1
04-28 15:13:47.289  1080  1306 I chatty  : uid=1000(system) android.fg expire 4 lines
04-28 15:13:47.290  1080  1309 I chatty  : uid=1000(system) android.ui expire 5 lines
04-28 15:13:47.295  2694  2694 E ActivityThread: Failed to find provider info for com.jio.os.content.ContentFeedProvider
04-28 15:13:47.555  2694  2694 E ActivityThread: Failed to find provider info for com.jio.os.content.ContentFeedProvider
04-28 15:13:47.810  2694  2694 E ActivityThread: Failed to find provider info for com.jio.os.content.ContentFeedProvider
04-28 15:13:48.048  2694  2694 E ActivityThread: Failed to find provider info for com.jio.os.content.ContentFeedProvider
04-28 15:14:03.977  1080  1321 I chatty  : uid=1000(system) ActivityManager expire 14 lines
04-28 15:14:19.798  1080  2684 I chatty  : uid=1000(system) Binder:1080_6 expire 5 lines
04-28 15:14:45.158   681   681 W wificond: No pno scan started
04-28 15:14:45.159   681   681 W wificond: Scheduled scan is not running!
04-28 15:14:45.162   681   681 W wificond: No pno scan started
04-28 15:14:45.162   681   681 W wificond: Scheduled scan is not running!
04-28 15:14:45.166  1734  1734 W android.hardware.wifi@1.0-service-lazy: No active wlan interfaces in use! Using default
04-28 15:14:45.266   681   681 I wificond: Unsubscribe scan result for interface with index: 78
04-28 15:14:45.421  1734  1761 I android.hardware.wifi@1.0-service-lazy: Legacy HAL stop complete callback received
04-28 15:14:46.232  1734  1734 I android.hardware.wifi@1.0-service-lazy: Wifi HAL stopped
04-28 15:15:10.498  1080  1080 I chatty  : uid=1000 system_server expire 8 lines
04-28 15:15:36.176  1080  1314 I chatty  : uid=1000(system) android.display expire 1 line
04-28 15:15:36.210  1080  1322 I chatty  : uid=1000(system) ActivityManager expire 1 line
04-28 15:15:36.593  2974  2974 I TelecomFramework: UserCallIntentProcessor: sendIntentToDestination: trampoline to Telecom.: UCA.oC@AAA
04-28 15:15:36.596  1080  1211 I chatty  : uid=1000(system) Binder:1080_17 expire 3 lines
04-28 15:15:36.612  2974  2974 I TelecomFramework: UserCallActivity: onCreate done
04-28 15:15:36.669  1080  1080 I chatty  : uid=1000 system_server expire 48 lines
04-28 15:15:36.702  1080  1322 I chatty  : uid=1000(system) ActivityManager expire 4 lines
04-28 15:15:36.773  1080  2899 I chatty  : uid=1000(system) uteStateMachine expire 12 lines
04-28 15:15:36.775  1080  2901 I chatty  : uid=1000(system) CallAudioModeSt expire 2 lines
04-28 15:15:37.122  1080  2853 I chatty  : uid=1000(system) Binder:1080_1A expire 4 lines
04-28 15:15:37.899  3011  3011 D ActivityThread: Loading provider contacts;com.android.contacts: com.android.providers.contacts.ContactsProvider2
04-28 15:15:39.141  1080  1309 I chatty  : uid=1000(system) android.ui expire 1 line
04-28 15:15:39.802  1080  1314 I chatty  : uid=1000(system) android.display expire 1 line
04-28 15:15:39.883  2694  2694 E ActivityThread: Failed to find provider info for com.jio.os.content.ContentFeedProvider
04-28 15:15:40.538  1080  3556 I chatty  : uid=1000(system) Binder:1080_11 expire 3 lines
04-28 15:15:40.741  2974  2974 I TelecomFramework: UserCallIntentProcessor: sendIntentToDestination: trampoline to Telecom.: UCA.oC@AAE
04-28 15:15:40.745  1080  1545 I chatty  : uid=1000(system) Binder:1080_3 expire 3 lines
04-28 15:15:40.753  2974  2974 I TelecomFramework: UserCallActivity: onCreate done
04-28 15:15:40.789  2478  2478 I PowerUI.Notification: show battery full warning: level=100 [1] 
04-28 15:15:40.800  1080  2749 I chatty  : uid=1000(system) Binder:1080_8 expire 1 line
04-28 15:15:41.010  2478  2478 I PowerUI.Notification: show battery full warning: level=100 [1] 
04-28 15:15:41.084  2478  2478 I PowerUI.Notification: show battery full warning: level=100 [1] 
04-28 15:15:41.351  1080  1080 I chatty  : uid=1000 system_server expire 24 lines
