04-28 15:18:32.903  2046  2046 I chatty  : uid=2000(shell) app_process identical 1 line
04-28 15:18:32.906  2046  2046 W app_process: type=1400 audit(0.0:13589): avc: denied { read } for name="u:object_r:device_config_runtime_native_boot_prop:s0" dev="tmpfs" ino=12048 scontext=u:r:shell:s0 tcontext=u:object_r:device_config_runtime_native_boot_prop:s0 tclass=file permissive=0
04-28 15:18:32.907  2046  2046 E libc    : Access denied finding property "persist.device_config.runtime_native_boot.enable_apex_image"
04-28 15:18:32.907  2046  2046 I AndroidRuntime: Using default boot image
04-28 15:18:32.907  2046  2046 E libc    : Access denied finding property "persist.device_config.runtime_native_boot.disable_lock_profiling"
04-28 15:18:32.907  2046  2046 I AndroidRuntime: Leaving lock profiling enabled
04-28 15:18:32.908  2046  2046 E libc    : Access denied finding property "persist.device_config.runtime_native_boot.enable_generational_cc"
04-28 15:18:32.926  2046  2046 W app_process: Could not reserve sentinel fault page
04-28 15:18:32.926  2046  2046 I app_process: Core platform API reporting enabled, enforcing=false
04-28 15:18:33.158   497   537 W SDM     : HWPrimary::PopulateDisplayAttributes: Driver doesn't report panel physical width and height - defaulting to 320dpi
04-28 15:18:33.222  2046  2046 D ICU     : Time zone APEX file found: /apex/com.android.tzdata/etc/icu/icu_tzdata.dat
04-28 15:18:33.256  2046  2046 I app_process: The ClassLoaderContext is a special shared library.
04-28 15:18:33.323  2046  2046 W app_process: JNI RegisterNativeMethods: attempt to register 0 native methods for android.media.AudioAttributes
04-28 15:18:33.352  2046  2046 D AndroidRuntime: Calling main entry com.android.commands.input.Input
04-28 15:18:33.360  2046  2046 D AndroidRuntime: Shutting down VM
04-28 15:18:33.633  1080  3418 I ActivityTaskManager: START u0 {act=android.media.action.IMAGE_CAPTURE flg=0x10000000 cmp=com.android.camera2/com.android.camera.CaptureActivity} from uid 2000
04-28 15:18:33.674   339   339 I hwservicemanager: getTransport: Cannot find entry vendor.qti.hardware.iop@2.0::IIop/default in either framework or device manifest.
04-28 15:18:33.687  1080  3418 D CompatibilityInfo: mCompatibilityFlags - 0
04-28 15:18:33.688  1080  3418 D CompatibilityInfo: applicationDensity - 216
04-28 15:18:33.688  1080  3418 D CompatibilityInfo: applicationScale - 1.0
04-28 15:18:33.689  1080  3418 D ActivityTrigger: ActivityTrigger activityPauseTrigger 
04-28 15:18:33.695   497   537 W SDM     : HWPrimary::PopulateDisplayAttributes: Driver doesn't report panel physical width and height - defaulting to 320dpi
04-28 15:18:33.703  1080  3418 I ActivityTaskManager: The Process com.android.camera2 Already Exists in BG. So sending its PID: 1591
04-28 15:18:33.707  1080  3418 D CompatibilityInfo: mCompatibilityFlags - 0
04-28 15:18:33.707  1080  3418 D CompatibilityInfo: applicationDensity - 216
04-28 15:18:33.707  1080  3418 D CompatibilityInfo: applicationScale - 1.0
04-28 15:18:33.710  1591  1591 W ActivityThread: handleWindowVisibility: no activity for token android.os.BinderProxy@1448d1a
04-28 15:18:33.720  1080  1315 E system_server: Invalid ID 0x00000000.
04-28 15:18:33.788  1591  1591 D CAM_LocationManager: Using LegacyLocationProvider
04-28 15:18:33.808  1591  1591 I CAM_OneCamFtrCnfgCrtr: CaptureModule? true
04-28 15:18:33.817  1591  1591 D CAM_Camera2OneCamMgr: Getting First BACK Camera
04-28 15:18:33.823  1591  1591 W android.camera2: type=1400 audit(0.0:13590): avc: denied { read } for name="u:object_r:persist_camera_prop:s0" dev="tmpfs" ino=12114 scontext=u:r:untrusted_app_27:s0:c99,c256,c512,c768 tcontext=u:object_r:persist_camera_prop:s0 tclass=file permissive=0
04-28 15:18:33.827  1591  1591 E libc    : Access denied finding property "vendor.camera.aux.packagelist"
04-28 15:18:33.833  1591  1591 W android.camera2: type=1400 audit(0.0:13591): avc: denied { read } for name="u:object_r:persist_camera_prop:s0" dev="tmpfs" ino=12114 scontext=u:r:untrusted_app_27:s0:c99,c256,c512,c768 tcontext=u:object_r:persist_camera_prop:s0 tclass=file permissive=0
04-28 15:18:33.834  1591  1591 D CAM_Camera2OneCamMgr: Getting First FRONT Camera
04-28 15:18:33.834  1591  1591 E libc    : Access denied finding property "vendor.camera.aux.packagelist"
04-28 15:18:33.843  1591  1591 I CAM_Profiler: [ 59.643ms][ui] GUARD: CameraActivity.onCreateTasks - [28.422ms] OneCameraManager.get
04-28 15:18:33.863  1591  1591 E SoundPool: error loading /product/media/audio/ui/camera_click.ogg
04-28 15:18:33.866  1591  1591 W android.camera2: type=1400 audit(0.0:13592): avc: denied { read } for name="u:object_r:persist_camera_prop:s0" dev="tmpfs" ino=12114 scontext=u:r:untrusted_app_27:s0:c99,c256,c512,c768 tcontext=u:object_r:persist_camera_prop:s0 tclass=file permissive=0
04-28 15:18:33.868  1591  1591 E SoundPool: error loading /system/media/audio/ui/camera_click.ogg
04-28 15:18:33.868  1591  1591 E MediaActionSound: load() error loading sound: 0
04-28 15:18:33.869  1591  1591 W android.camera2: type=1400 audit(0.0:13593): avc: denied { read } for name="u:object_r:persist_camera_prop:s0" dev="tmpfs" ino=12114 scontext=u:r:untrusted_app_27:s0:c99,c256,c512,c768 tcontext=u:object_r:persist_camera_prop:s0 tclass=file permissive=0
04-28 15:18:33.869  1591  1591 E libc    : Access denied finding property "vendor.camera.aux.packagelist"
04-28 15:18:33.872  1591  1591 E libc    : Access denied finding property "vendor.camera.aux.packagelist"
04-28 15:18:33.883  1591  1591 I chatty  : uid=10099(com.android.camera2) identical 9 lines
04-28 15:18:34.096  2478  2478 D ImageWallpaper: wallpaper visibility changes to: false
04-28 15:18:34.234  1591  2085 W CAM2PORT_AndCamAgntImp: Releasing camera without any camera opened.
04-28 15:18:34.236  1591  1591 W android.camera2: type=1400 audit(0.0:13599): avc: denied { read } for name="u:object_r:persist_camera_prop:s0" dev="tmpfs" ino=12114 scontext=u:r:untrusted_app_27:s0:c99,c256,c512,c768 tcontext=u:object_r:persist_camera_prop:s0 tclass=file permissive=0
04-28 15:18:34.240  1591  1591 D CAM_Camera2OneCamMgr: Getting First BACK Camera
04-28 15:18:34.240  1591  1591 E libc    : Access denied finding property "vendor.camera.aux.packagelist"
04-28 15:18:34.243  1591  1591 W android.camera2: type=1400 audit(0.0:13600): avc: denied { read } for name="u:object_r:persist_camera_prop:s0" dev="tmpfs" ino=12114 scontext=u:r:untrusted_app_27:s0:c99,c256,c512,c768 tcontext=u:object_r:persist_camera_prop:s0 tclass=file permissive=0
04-28 15:18:34.244  1591  1591 D CAM_Camera2OneCamMgr: Getting First FRONT Camera
04-28 15:18:34.245  1591  1591 E libc    : Access denied finding property "vendor.camera.aux.packagelist"
04-28 15:18:34.255  1591  1591 D CAM_StateMachine: Change state : com.android.camera.captureintent.stateful.StateMachineImpl$StateUninitialized@3972666 => com.android.camera.captureintent.state.StateBackground@df29da7
04-28 15:18:34.273  1591  1591 I CAM_Profiler: [489.970ms][ui] GUARD: CameraActivity.onCreateTasks - STOP
04-28 15:18:34.299  1591  1591 D CAM_StateMachine: Process event : com.android.camera.captureintent.event.EventResume@46226d8
04-28 15:18:34.299  1591  2095 D CAM_Storage: External storage state=mounted
04-28 15:18:34.299  1591  1591 D CAM_StateMachine: Change state : com.android.camera.captureintent.state.StateBackground@df29da7 => com.android.camera.captureintent.state.StateForeground@8b08a31
04-28 15:18:34.327   497   537 W SDM     : HWPrimary::PopulateDisplayAttributes: Driver doesn't report panel physical width and height - defaulting to 320dpi
04-28 15:18:34.343   497   537 W SDM     : HWPrimary::PopulateDisplayAttributes: Driver doesn't report panel physical width and height - defaulting to 320dpi
04-28 15:18:34.414  1591  1591 D CAM_StateMachine: Process event : com.android.camera.captureintent.event.EventOnSurfaceTextureAvailable@aa9cfc6
04-28 15:18:34.415  1591  1591 D CAM_StateMachine: Change state : com.android.camera.captureintent.state.StateForeground@8b08a31 => com.android.camera.captureintent.state.StateForegroundWithSurfaceTexture@bffb87
04-28 15:18:34.419  1591  1591 D CAM_StateMachine: Forward state : com.android.camera.captureintent.state.StateForegroundWithSurfaceTexture@bffb87 => com.android.camera.captureintent.state.StateOpeningCamera@1cb6ab4
04-28 15:18:34.420  1591  1591 I CAM_OneCamera1Opnr: Opening Camera: CameraId{Api2='0',Api1:0}
04-28 15:18:34.423  1591  1591 W android.camera2: type=1400 audit(0.0:13601): avc: denied { read } for name="u:object_r:persist_camera_prop:s0" dev="tmpfs" ino=12114 scontext=u:r:untrusted_app_27:s0:c99,c256,c512,c768 tcontext=u:object_r:persist_camera_prop:s0 tclass=file permissive=0
04-28 15:18:34.424  1591  1591 E libc    : Access denied finding property "persist.vendor.camera.privapp.list"
04-28 15:18:34.425   617  2761 I chatty  : uid=1047(cameraserver) Binder:617_7 expire 9 lines
04-28 15:18:34.426   617   617 I chatty  : uid=1047(cameraserver) /system/bin/cameraserver expire 1 line
04-28 15:18:34.429  1591  1591 W Binder:1591_7: type=1400 audit(0.0:13603): avc: denied { read } for name="u:object_r:persist_camera_prop:s0" dev="tmpfs" ino=12114 scontext=u:r:untrusted_app_27:s0:c99,c256,c512,c768 tcontext=u:object_r:persist_camera_prop:s0 tclass=file permissive=0
04-28 15:18:34.432  1591  2158 E libc    : Access denied finding property "vendor.camera.aux.packagelist"
04-28 15:18:34.433  1591  2158 E libc    : Access denied finding property "vendor.camera.aux.packagelist"
04-28 15:18:34.563  1591  1651 D CAM_MemoryQuery: timestamp=15567537, availMem=382, totalMem=897, totalPSS=22, lastTrimLevel=0, largeMemoryClass=256, nativePSS=3, dalvikPSS=1, otherPSS=10,threshold=144, lowMemory=false
04-28 15:18:34.629  2098  2098 I chatty  : uid=1047(cameraserver) provider@2.4-se expire 133 lines
04-28 15:18:34.850  2919  2099 E WakeLock: GCM_HB_ALARM release without a matched acquire!
04-28 15:18:34.850  2919  2099 W WakeLock: GCM_HB_ALARM counter does not exist
04-28 15:18:34.857  2919  2099 E WakeLock: GCM_CONN_ALARM release without a matched acquire!
04-28 15:18:35.061  2080  2080 D AndroidRuntime: >>>>>> START com.android.internal.os.RuntimeInit uid 2000 <<<<<<
04-28 15:18:35.076  2080  2080 E libc    : Access denied finding property "persist.device_config.runtime_native_boot.enable_apex_image"
04-28 15:18:35.077  2080  2080 I AndroidRuntime: Using default boot image
04-28 15:18:35.077  2080  2080 E libc    : Access denied finding property "persist.device_config.runtime_native_boot.disable_lock_profiling"
04-28 15:18:35.078  2080  2080 I AndroidRuntime: Leaving lock profiling enabled
04-28 15:18:35.080  2080  2080 E libc    : Access denied finding property "persist.device_config.runtime_native_boot.enable_generational_cc"
04-28 15:18:35.097  2080  2080 W app_process: Could not reserve sentinel fault page
04-28 15:18:35.097  2080  2080 I app_process: Core platform API reporting enabled, enforcing=false
04-28 15:18:35.415  2080  2080 D ICU     : Time zone APEX file found: /apex/com.android.tzdata/etc/icu/icu_tzdata.dat
04-28 15:18:35.449  2080  2080 I app_process: The ClassLoaderContext is a special shared library.
04-28 15:18:35.517  2080  2080 W app_process: JNI RegisterNativeMethods: attempt to register 0 native methods for android.media.AudioAttributes
04-28 15:18:35.543  2080  2080 D AndroidRuntime: Calling main entry com.android.commands.input.Input
04-28 15:18:35.551  2080  2080 D AndroidRuntime: Shutting down VM
04-28 15:18:35.619  2098  2098 W android.hardwar: type=1400 audit(0.0:13608): avc: denied { read } for name="name" dev="sysfs" ino=26993 scontext=u:r:hal_camera_default:s0 tcontext=u:object_r:sysfs:s0 tclass=file permissive=0
04-28 15:18:35.674  2098  2150 I chatty  : uid=1047(cameraserver) provider@2.4-se expire 5 lines
04-28 15:18:35.674  2098  2151 I chatty  : uid=1047(cameraserver) provider@2.4-se expire 5 lines
04-28 15:18:35.675  2098  2153 I chatty  : uid=1047(cameraserver) provider@2.4-se expire 6 lines
04-28 15:18:35.676  2098  2157 I chatty  : uid=1047(cameraserver) provider@2.4-se expire 5 lines
04-28 15:18:35.678  2098  2162 I chatty  : uid=1047(cameraserver) provider@2.4-se expire 5 lines
04-28 15:18:35.680  2098  2164 I chatty  : uid=1047(cameraserver) provider@2.4-se expire 5 lines
04-28 15:18:35.726  2098  2185 I chatty  : uid=1047(cameraserver) provider@2.4-se expire 2 lines
04-28 15:18:35.763   491   563 D audio_hw_primary: disable_audio_route: reset and update mixer path: low-latency-playback
04-28 15:18:35.764   491   563 D msm8916_platform: platform_split_snd_device: snd_device(2) num devices(0) new_snd_devices(0)
04-28 15:18:35.764   491   563 I msm8916_platform: platform_get_custom_mtmx_params: no matching param with id 0 ip_ch 2 op_ch 1 uc_id 1 snd_dev 2
04-28 15:18:35.764   491   563 D hardware_info: hw_info_append_hw_type : device_name = speaker
04-28 15:18:35.764   491   563 D audio_hw_primary: disable_snd_device: snd_device(2: speaker)
04-28 15:18:35.764   491   563 D msm8916_platform: platform_split_snd_device: snd_device(2) num devices(0) new_snd_devices(0)
04-28 15:18:35.770   491   563 D audio_hw_primary: out_standby: exit
04-28 15:18:35.810  1080  1157 I ActivityTaskManager: START u0 {act=android.media.action.IMAGE_CAPTURE flg=0x10000000 cmp=com.android.camera2/com.android.camera.CaptureActivity} from uid 2000
04-28 15:18:35.878  2098  2148 I chatty  : uid=1047(cameraserver) provider@2.4-se expire 9 lines
04-28 15:18:35.885  2098  2207 I chatty  : uid=1047(cameraserver) provider@2.4-se expire 2 lines
04-28 15:18:35.886  2098  2208 I chatty  : uid=1047(cameraserver) provider@2.4-se expire 2 lines
04-28 15:18:35.890  2098  2209 I chatty  : uid=1047(cameraserver) provider@2.4-se expire 3 lines
04-28 15:18:35.890  2098  2210 I chatty  : uid=1047(cameraserver) provider@2.4-se expire 1 line
04-28 15:18:35.892  2098  2211 I chatty  : uid=1047(cameraserver) provider@2.4-se expire 1 line
04-28 15:18:35.892  2098  2213 I chatty  : uid=1047(cameraserver) provider@2.4-se expire 2 lines
04-28 15:18:35.894  2098  2211 I chatty  : uid=1047(cameraserver) provider@2.4-se expire 2 lines
04-28 15:18:35.894  2098  2098 I chatty  : uid=1047(cameraserver) provider@2.4-se expire 35 lines
04-28 15:18:35.898  2098  2210 I chatty  : uid=1047(cameraserver) provider@2.4-se expire 1 line
04-28 15:18:35.904  2098  2217 I chatty  : uid=1047(cameraserver) provider@2.4-se expire 5 lines
04-28 15:18:35.905  2098  2219 I chatty  : uid=1047(cameraserver) provider@2.4-se expire 5 lines
04-28 15:18:35.906  2098  2220 I chatty  : uid=1047(cameraserver) provider@2.4-se expire 6 lines
04-28 15:18:35.906  2098  2222 I chatty  : uid=1047(cameraserver) provider@2.4-se expire 5 lines
04-28 15:18:35.909  2098  2224 I chatty  : uid=1047(cameraserver) provider@2.4-se expire 5 lines
04-28 15:18:35.912  2098  2226 I chatty  : uid=1047(cameraserver) provider@2.4-se expire 5 lines
04-28 15:18:35.926   593   636 D ThermalEngine: zone:1 sensor:xo-therm-buf-adc temp:47500 trip:0 event:0
04-28 15:18:35.936   593   636 D ThermalEngine: zone:20 sensor:skin-therm-adc temp:9123 trip:0 event:0
04-28 15:18:35.952  2098  2098 I chatty  : uid=1047(cameraserver) provider@2.4-se expire 20 lines
04-28 15:18:36.135  2098  2218 I chatty  : uid=1047(cameraserver) provider@2.4-se expire 2 lines
04-28 15:18:36.135  2098  2214 I chatty  : uid=1047(cameraserver) provider@2.4-se expire 9 lines
04-28 15:18:36.141   593   636 D ThermalEngine: zone:2 sensor:pa-therm0-adc temp:44939 trip:0 event:0
04-28 15:18:36.142  2098  2248 I chatty  : uid=1047(cameraserver) provider@2.4-se expire 2 lines
04-28 15:18:36.143  2098  2249 I chatty  : uid=1047(cameraserver) provider@2.4-se expire 2 lines
04-28 15:18:36.145  2098  2250 I chatty  : uid=1047(cameraserver) provider@2.4-se expire 3 lines
04-28 15:18:36.146  2098  2251 I chatty  : uid=1047(cameraserver) provider@2.4-se expire 2 lines
04-28 15:18:36.148  2098  2252 I chatty  : uid=1047(cameraserver) provider@2.4-se expire 3 lines
04-28 15:18:36.152  2098  2253 I chatty  : uid=1047(cameraserver) provider@2.4-se expire 2 lines
04-28 15:18:36.157  2098  2098 I chatty  : uid=1047(cameraserver) provider@2.4-se expire 7 lines
04-28 15:18:36.173  2098  2254 I chatty  : uid=1047(cameraserver) HwBinder:2098_1 expire 14 lines
04-28 15:18:36.196   504   504 E ANDR-PERF-TARGET: Error: Invalid logical cluster id 1
04-28 15:18:36.196   504   504 E ANDR-PERF-REQUEST: Translate to physical failed
04-28 15:18:36.196   504   504 E ANDR-PERF-TARGET: Error: Invalid logical cluster id 1
04-28 15:18:36.196   504   504 E ANDR-PERF-REQUEST: Translate to physical failed
04-28 15:18:36.197   617  2761 I chatty  : uid=1047(cameraserver) Binder:617_7 expire 6 lines
04-28 15:18:36.200  2098  2259 I chatty  : uid=1047(cameraserver) provider@2.4-se expire 5 lines
04-28 15:18:36.200  2098  2260 I chatty  : uid=1047(cameraserver) provider@2.4-se expire 5 lines
04-28 15:18:36.200  2098  2262 I chatty  : uid=1047(cameraserver) provider@2.4-se expire 6 lines
04-28 15:18:36.201  2098  2263 I chatty  : uid=1047(cameraserver) provider@2.4-se expire 5 lines
04-28 15:18:36.202  2098  2266 I chatty  : uid=1047(cameraserver) provider@2.4-se expire 5 lines
04-28 15:18:36.203  2098  2268 I chatty  : uid=1047(cameraserver) provider@2.4-se expire 5 lines
04-28 15:18:36.230  2098  2254 I chatty  : uid=1047(cameraserver) HwBinder:2098_1 expire 29 lines
04-28 15:18:36.242   497   523 I SDM     : ResourceImpl::SetMaxBandwidthMode: new bandwidth mode=1
04-28 15:18:36.246  2098  2098 W HwBinder:2098_1: type=1400 audit(0.0:13609): avc: denied { read } for name="u:object_r:default_prop:s0" dev="tmpfs" ino=12041 scontext=u:r:hal_camera_default:s0 tcontext=u:object_r:default_prop:s0 tclass=file permissive=0
04-28 15:18:36.246  2098  2098 W HwBinder:2098_1: type=1400 audit(0.0:13610): avc: denied { read } for name="u:object_r:default_prop:s0" dev="tmpfs" ino=12041 scontext=u:r:hal_camera_default:s0 tcontext=u:object_r:default_prop:s0 tclass=file permissive=0
04-28 15:18:36.247   593   655 I ThermalEngine: Thermal-Server: Adding thermal event listener on fd 31
04-28 15:18:36.247   593   655 D ThermalEngine: bw_client_hal_callback: received 0x1 value from client:camera_bw
04-28 15:18:36.247  2098  2284 I chatty  : uid=1047(cameraserver) HwBinder:2098_1 expire 2 lines
04-28 15:18:36.252   617  2309 I chatty  : uid=1047(cameraserver) HwBinder:617_5 expire 1 line
04-28 15:18:36.258  1591  1591 I CAM_FocusRingView: Computing center via view bounds.
04-28 15:18:36.272  1591  2094 I CAM_OneCamCreator: Camera support level: ZSL
04-28 15:18:36.279  1591  1618 I OpenGLRenderer: Davey! duration=1957ms; Flags=1, IntendedVsync=11807300266097, Vsync=11807300266097, OldestInputEvent=9223372036854775807, NewestInputEvent=0, HandleInputStart=11807306577785, AnimationStart=11807306677525, PerformTraversalsStart=11807306686379, DrawStart=11807393035867, SyncQueued=11809243005270, SyncStart=11809245212978, IssueDrawCommandsStart=11809245847301, SwapBuffers=11809254844698, FrameCompleted=11809260032355, DequeueBufferDuration=324000, QueueBufferDuration=816000, 
04-28 15:18:36.287  1591  1591 I Choreographer: Skipped 117 frames!  The application may be doing too much work on its main thread.
04-28 15:18:36.319  1591  2094 I CAM_OneCamCreator: Picture Size Configuration: PictureSizeCalculator.Configuration{native size=2592x1944, crop=Rect(0, 0 - 2592, 1944)}
04-28 15:18:36.330  1591  2094 D CAM_StateMachine: Process event : com.android.camera.captureintent.event.EventOnOpenCameraSucceeded@1b7a495
04-28 15:18:36.331  1591  2094 D CAM_StateMachine: Change state : com.android.camera.captureintent.state.StateOpeningCamera@1cb6ab4 => com.android.camera.captureintent.state.StateStartingPreview@f94a9aa
04-28 15:18:36.358  1591  1591 W CAM_ResSurfaceTexture: Do nothing since mPreviewLayoutSize is 0
04-28 15:18:36.364   617  2761 I chatty  : uid=1047(cameraserver) Binder:617_7 expire 3 lines
04-28 15:18:36.373   504   504 E ANDR-PERF-TARGET: Error: Invalid logical cluster id 1
04-28 15:18:36.376   504   504 E ANDR-PERF-REQUEST: Translate to physical failed
04-28 15:18:36.376   504   504 E ANDR-PERF-TARGET: Error: Invalid logical cluster id 1
04-28 15:18:36.376   504   504 E ANDR-PERF-REQUEST: Translate to physical failed
04-28 15:18:36.378  2098  2257 I chatty  : uid=1047(cameraserver) CAM_MctServ_1 expire 75 lines
04-28 15:18:36.381  1080  3288 D ActivityTrigger: ActivityTrigger activityStopTrigger 
04-28 15:18:36.400   339   339 I hwservicemanager: getTransport: Cannot find entry vendor.qti.hardware.iop@2.0::IIop/default in either framework or device manifest.
04-28 15:18:36.401  1080  1320 I ActivityTaskManager: Displayed com.android.camera2/com.android.camera.CaptureActivity: +2s656ms
04-28 15:18:36.409   339   339 I hwservicemanager: getTransport: Cannot find entry vendor.qti.hardware.servicetracker@1.0::IServicetracker/default in either framework or device manifest.
04-28 15:18:36.415   339   339 I hwservicemanager: getTransport: Cannot find entry vendor.qti.hardware.iop@2.0::IIop/default in either framework or device manifest.
04-28 15:18:36.427  1591  2094 I CAM_OneCamCharImpl: Unknown higher hardware level mapped to FULL: 3
04-28 15:18:36.427  1591  2094 I CAM_OneCamCharImpl: Unknown higher hardware level mapped to FULL: 3
04-28 15:18:36.430  1591  2094 D CAM_StateMachine: Process event : com.android.camera.captureintent.event.EventOnStartPreviewSucceeded@5e2450a
04-28 15:18:36.438  1591  2298 D CAM_CommandExecutor: Executing command: com.android.camera.one.v2.commands.ZslPreviewCommand@21ca17b START
04-28 15:18:36.465  1591  2298 D CAM_CommandExecutor: Executing command: com.android.camera.one.v2.commands.ZslPreviewCommand@21ca17b END
04-28 15:18:36.488   339   339 I hwservicemanager: getTransport: Cannot find entry android.hardware.graphics.mapper@3.0::IMapper/default in either framework or device manifest.
04-28 15:18:36.508   504   504 E ANDR-PERF-TARGET: Error: Invalid logical cluster id 1
04-28 15:18:36.508   504   504 E ANDR-PERF-REQUEST: Translate to physical failed
04-28 15:18:36.508   504   504 E ANDR-PERF-TARGET: Error: Invalid logical cluster id 1
04-28 15:18:36.508   504   504 E ANDR-PERF-REQUEST: Translate to physical failed
04-28 15:18:36.632  2098  2274 I chatty  : uid=1047(cameraserver) CAM_AECAWB expire 1 line
04-28 15:18:36.633  2098  2102 I chatty  : uid=1047(cameraserver) CAM_imgTh expire 11 lines
04-28 15:18:36.637  2098  2274 I chatty  : uid=1047(cameraserver) CAM_AECAWB expire 1 line
04-28 15:18:36.638  2098  2275 I chatty  : uid=1047(cameraserver) CAM_AF expire 1 line
04-28 15:18:36.640  2098  2257 I chatty  : uid=1047(cameraserver) CAM_MctServ_1 expire 24 lines
04-28 15:18:36.648   497   533 W SDM     : HWPrimary::PopulateDisplayAttributes: Driver doesn't report panel physical width and height - defaulting to 320dpi
04-28 15:18:36.655  1591  2094 D CAM_StateMachine: Change state : com.android.camera.captureintent.state.StateStartingPreview@f94a9aa => com.android.camera.captureintent.state.StateReadyForCapture@a1041e5
04-28 15:18:36.658  1591  1591 W CAM_IndicatorIconCtrlr: Trying to sync a pano indicator that is not initialized.
04-28 15:18:36.669  2098  2314 I chatty  : uid=1047(cameraserver) CAM_iface_hw expire 24 lines
04-28 15:18:36.674  2098  2257 I chatty  : uid=1047(cameraserver) CAM_MctServ_1 expire 19 lines
04-28 15:18:36.674  2098  2264 I chatty  : uid=1047(cameraserver) CAM_iface_ses expire 7 lines
04-28 15:18:36.677   660  2626 I MMParserExtractor: Created(0xb6899780)
04-28 15:18:36.682   497   537 W SDM     : HWPrimary::PopulateDisplayAttributes: Driver doesn't report panel physical width and height - defaulting to 320dpi
04-28 15:18:36.696  2098  2276 I chatty  : uid=1047(cameraserver) CAM_AFD expire 3 lines
04-28 15:18:36.704  2098  2271 I chatty  : uid=1047(cameraserver) CAM_cpp expire 2 lines
04-28 15:18:36.723  1591  2315 I OMXClient: IOmx service obtained
04-28 15:18:36.724   682  2620 I OMXMaster: makeComponentInstance(OMX.google.vorbis.decoder) in android.hardwar process
04-28 15:18:36.729   682  3692 E OMXNodeInstance: getConfig(0xb061b740:google.vorbis.decoder, ConfigAndroidVendorExtension(0x6f100004)) ERROR: Undefined(0x80001001)
04-28 15:18:36.731  1591  2315 W ExtendedACodec: Failed to get extension for extradata parameter
04-28 15:18:36.759   660  2626 D MediaBufferGroup: creating MemoryDealer
04-28 15:18:36.764   497   537 W SDM     : HWPrimary::PopulateDisplayAttributes: Driver doesn't report panel physical width and height - defaulting to 320dpi
04-28 15:18:36.818  2098  2313 I chatty  : uid=1047(cameraserver) CAM_iface_poll expire 21 lines
04-28 15:18:36.821  1080  1567 D CompatibilityInfo: mCompatibilityFlags - 0
04-28 15:18:36.821  1080  1567 D CompatibilityInfo: applicationDensity - 216
04-28 15:18:36.821  1080  1567 D CompatibilityInfo: applicationScale - 1.0
04-28 15:18:36.826   339   339 I hwservicemanager: getTransport: Cannot find entry vendor.qti.hardware.servicetracker@1.0::IServicetracker/default in either framework or device manifest.
04-28 15:18:36.940   660  2519 I MMParserExtractor: Created(0xb6899780)
04-28 15:18:36.951  2098  2265 I chatty  : uid=1047(cameraserver) CAM_isp_trigger expire 2 lines
04-28 15:18:36.964  1591  2325 I OMXClient: IOmx service obtained
04-28 15:18:36.965   682  3692 I OMXMaster: makeComponentInstance(OMX.google.vorbis.decoder) in android.hardwar process
04-28 15:18:36.970   682  3692 E OMXNodeInstance: getConfig(0xb061b6e0:google.vorbis.decoder, ConfigAndroidVendorExtension(0x6f100004)) ERROR: Undefined(0x80001001)
04-28 15:18:36.975  2098  2258 I chatty  : uid=1047(cameraserver) CAM_MctBus_1 expire 18 lines
04-28 15:18:36.994  1591  2325 W ExtendedACodec: Failed to get extension for extradata parameter
04-28 15:18:37.011   497   537 W SDM     : HWPrimary::PopulateDisplayAttributes: Driver doesn't report panel physical width and height - defaulting to 320dpi
04-28 15:18:37.033  1591  1591 D CAM_StateMachine: Process event : com.android.camera.captureintent.event.EventCameraReady@914df6b
04-28 15:18:37.042   660   933 D MediaBufferGroup: creating MemoryDealer
04-28 15:18:37.238  2098  2303 I chatty  : uid=1047(cameraserver) CAM_PREVIEW expire 1 line
04-28 15:18:37.260   660  2519 I MMParserExtractor: Created(0xb6899780)
04-28 15:18:37.273  1591  2330 I OMXClient: IOmx service obtained
04-28 15:18:37.273   682  3692 I OMXMaster: makeComponentInstance(OMX.google.vorbis.decoder) in android.hardwar process
04-28 15:18:37.278   682  3692 E OMXNodeInstance: getConfig(0xb061b6e0:google.vorbis.decoder, ConfigAndroidVendorExtension(0x6f100004)) ERROR: Undefined(0x80001001)
04-28 15:18:37.279  1591  2330 W ExtendedACodec: Failed to get extension for extradata parameter
04-28 15:18:37.279  1699  2328 E GmsRequestQueue: Tried to stop global GMSCore RequestQueue. This is likely unintended, so ignoring.
04-28 15:18:37.296  1591  2295 I CAM_AutoFlashZslImgFltr: Flash not required
04-28 15:18:37.311  1591  1591 D CAM_StateMachine: Process event : com.android.camera.captureintent.event.EventOnSurfaceTextureUpdated@1b7eac8
04-28 15:18:37.312   660  2519 D MediaBufferGroup: creating MemoryDealer
04-28 15:18:37.337  1591  1591 D CameraPerformanceTracker: First preview frame received
04-28 15:18:37.389   339   339 I hwservicemanager: getTransport: Cannot find entry vendor.qti.hardware.servicetracker@1.0::IServicetracker/default in either framework or device manifest.
04-28 15:18:37.405   339   339 I hwservicemanager: getTransport: Cannot find entry vendor.qti.hardware.servicetracker@1.0::IServicetracker/default in either framework or device manifest.
04-28 15:18:37.641  1591  1591 I CAM_FocusRingView: Computing center via view bounds.
04-28 15:18:38.088  2098  2313 E mm-camera: <IFACE ><ERROR> 2441: iface_axi_handle_sof_event: Event SOF session 1 VFE1, src 0 with frame_id 18 ts: 15571349553000
04-28 15:18:38.091  2098  2258 E mm-camera: <IMGLIB><ERROR> 5398: module_faceproc_client_send_info: Both processing and reporting streams are same or it is hal3
04-28 15:18:38.189  2098  2313 E mm-camera: <IFACE ><ERROR> 2441: iface_axi_handle_sof_event: Event SOF session 1 VFE1, src 0 with frame_id 19 ts: 15571449549000
04-28 15:18:38.192  2098  2258 E mm-camera: <IMGLIB><ERROR> 5398: module_faceproc_client_send_info: Both processing and reporting streams are same or it is hal3
04-28 15:18:38.289  2098  2313 E mm-camera: <IFACE ><ERROR> 2441: iface_axi_handle_sof_event: Event SOF session 1 VFE1, src 0 with frame_id 20 ts: 15571549596000
04-28 15:18:38.293  2098  2258 E mm-camera: <IMGLIB><ERROR> 5398: module_faceproc_client_send_info: Both processing and reporting streams are same or it is hal3
04-28 15:18:38.352   339   339 I hwservicemanager: getTransport: Cannot find entry vendor.qti.hardware.servicetracker@1.0::IServicetracker/default in either framework or device manifest.
04-28 15:18:38.356   339   339 I chatty  : uid=1000(system) hwservicemanage identical 1 line
04-28 15:18:38.362   339   339 I hwservicemanager: getTransport: Cannot find entry vendor.qti.hardware.servicetracker@1.0::IServicetracker/default in either framework or device manifest.
04-28 15:18:38.389  2098  2313 E mm-camera: <IFACE ><ERROR> 2441: iface_axi_handle_sof_event: Event SOF session 1 VFE1, src 0 with frame_id 21 ts: 15571649669000
04-28 15:18:38.392  2098  2258 E mm-camera: <IMGLIB><ERROR> 5398: module_faceproc_client_send_info: Both processing and reporting streams are same or it is hal3
04-28 15:18:38.489  2098  2313 E mm-camera: <IFACE ><ERROR> 2441: iface_axi_handle_sof_event: Event SOF session 1 VFE1, src 0 with frame_id 22 ts: 15571749733000
04-28 15:18:38.492  2098  2258 E mm-camera: <IMGLIB><ERROR> 5398: module_faceproc_client_send_info: Both processing and reporting streams are same or it is hal3
04-28 15:18:38.585   418  2648 I netd    : trafficSwapActiveStatsMap() <30.57ms>
04-28 15:18:38.589  2098  2313 E mm-camera: <IFACE ><ERROR> 2441: iface_axi_handle_sof_event: Event SOF session 1 VFE1, src 0 with frame_id 23 ts: 15571849809000
04-28 15:18:38.592   418  2648 I netd    : tetherGetStats() <4.59ms>
04-28 15:18:38.592  2098  2258 E mm-camera: <IMGLIB><ERROR> 5398: module_faceproc_client_send_info: Both processing and reporting streams are same or it is hal3
04-28 15:18:38.614   418  2648 I netd    : bandwidthSetGlobalAlert(2097152) <0.82ms>
04-28 15:18:38.689  2098  2313 E mm-camera: <IFACE ><ERROR> 2441: iface_axi_handle_sof_event: Event SOF session 1 VFE1, src 0 with frame_id 24 ts: 15571949866000
04-28 15:18:38.692  2098  2258 E mm-camera: <IMGLIB><ERROR> 5398: module_faceproc_client_send_info: Both processing and reporting streams are same or it is hal3
04-28 15:18:38.702   593   636 D ThermalEngine: zone:0 sensor:xo-therm-adc temp:47905 trip:0 event:0
04-28 15:18:38.702   593   649 D ThermalEngine: sensor_monitor: xo-therm-adc Reading 47905 .
04-28 15:18:38.702   593   649 I ThermalEngine: Sensor:xo-therm-adc:47905 mC
04-28 15:18:38.702   593   649 D ThermalEngine: update_active_thresh: xo-therm-adc Active(1), Hi(1) 51000, Lo(1) 45000, desc(0) Interval(1) 2000
04-28 15:18:38.705   593   649 D ThermalEngine: sensor_monitor: xo-therm-adc Sensor wait.
04-28 15:18:38.789  2098  2313 E mm-camera: <IFACE ><ERROR> 2441: iface_axi_handle_sof_event: Event SOF session 1 VFE1, src 0 with frame_id 25 ts: 15572049946000
04-28 15:18:38.792  2098  2258 E mm-camera: <IMGLIB><ERROR> 5398: module_faceproc_client_send_info: Both processing and reporting streams are same or it is hal3
04-28 15:18:38.893  2098  2313 E mm-camera: <IFACE ><ERROR> 2441: iface_axi_handle_sof_event: Event SOF session 1 VFE1, src 0 with frame_id 26 ts: 15572150014000
04-28 15:18:38.897  2098  2258 E mm-camera: <IMGLIB><ERROR> 5398: module_faceproc_client_send_info: Both processing and reporting streams are same or it is hal3
04-28 15:18:38.989  2098  2313 E mm-camera: <IFACE ><ERROR> 2441: iface_axi_handle_sof_event: Event SOF session 1 VFE1, src 0 with frame_id 27 ts: 15572250177000
04-28 15:18:38.992  2098  2258 E mm-camera: <IMGLIB><ERROR> 5398: module_faceproc_client_send_info: Both processing and reporting streams are same or it is hal3
04-28 15:18:39.089  2098  2313 E mm-camera: <IFACE ><ERROR> 2441: iface_axi_handle_sof_event: Event SOF session 1 VFE1, src 0 with frame_id 28 ts: 15572350242000
04-28 15:18:39.093  2098  2258 E mm-camera: <IMGLIB><ERROR> 5398: module_faceproc_client_send_info: Both processing and reporting streams are same or it is hal3
04-28 15:18:39.189  2098  2313 E mm-camera: <IFACE ><ERROR> 2441: iface_axi_handle_sof_event: Event SOF session 1 VFE1, src 0 with frame_id 29 ts: 15572450205000
04-28 15:18:39.194  2098  2258 E mm-camera: <IMGLIB><ERROR> 5398: module_faceproc_client_send_info: Both processing and reporting streams are same or it is hal3
04-28 15:18:39.289  2098  2313 E mm-camera: <IFACE ><ERROR> 2441: iface_axi_handle_sof_event: Event SOF session 1 VFE1, src 0 with frame_id 30 ts: 15572550274000
04-28 15:18:39.294  2098  2258 E mm-camera: <IMGLIB><ERROR> 5398: module_faceproc_client_send_info: Both processing and reporting streams are same or it is hal3
04-28 15:18:39.311  2098  2275 I mm-camera: <STATS_AF >< INFO> 439: af_util_done: MainCamera=1 final lens pos 363
04-28 15:18:39.389  2098  2313 E mm-camera: <IFACE ><ERROR> 2441: iface_axi_handle_sof_event: Event SOF session 1 VFE1, src 0 with frame_id 31 ts: 15572650386000
04-28 15:18:39.393  2098  2258 E mm-camera: <IMGLIB><ERROR> 5398: module_faceproc_client_send_info: Both processing and reporting streams are same or it is hal3
04-28 15:18:39.489  2098  2313 E mm-camera: <IFACE ><ERROR> 2441: iface_axi_handle_sof_event: Event SOF session 1 VFE1, src 0 with frame_id 32 ts: 15572750450000
04-28 15:18:39.494  2098  2258 E mm-camera: <IMGLIB><ERROR> 5398: module_faceproc_client_send_info: Both processing and reporting streams are same or it is hal3
04-28 15:18:39.589  2098  2313 E mm-camera: <IFACE ><ERROR> 2441: iface_axi_handle_sof_event: Event SOF session 1 VFE1, src 0 with frame_id 33 ts: 15572850470000
04-28 15:18:39.595  2098  2258 E mm-camera: <IMGLIB><ERROR> 5398: module_faceproc_client_send_info: Both processing and reporting streams are same or it is hal3
04-28 15:18:39.690  2098  2313 E mm-camera: <IFACE ><ERROR> 2441: iface_axi_handle_sof_event: Event SOF session 1 VFE1, src 0 with frame_id 34 ts: 15572950655000
04-28 15:18:39.693  2098  2258 E mm-camera: <IMGLIB><ERROR> 5398: module_faceproc_client_send_info: Both processing and reporting streams are same or it is hal3
04-28 15:18:39.790  2098  2313 E mm-camera: <IFACE ><ERROR> 2441: iface_axi_handle_sof_event: Event SOF session 1 VFE1, src 0 with frame_id 35 ts: 15573050598000
04-28 15:18:39.795  2098  2258 E mm-camera: <IMGLIB><ERROR> 5398: module_faceproc_client_send_info: Both processing and reporting streams are same or it is hal3
04-28 15:18:39.890  2098  2313 E mm-camera: <IFACE ><ERROR> 2441: iface_axi_handle_sof_event: Event SOF session 1 VFE1, src 0 with frame_id 36 ts: 15573150667000
04-28 15:18:39.893  2098  2258 E mm-camera: <IMGLIB><ERROR> 5398: module_faceproc_client_send_info: Both processing and reporting streams are same or it is hal3
04-28 15:18:39.925   497   533 W SDM     : HWPrimary::PopulateDisplayAttributes: Driver doesn't report panel physical width and height - defaulting to 320dpi
04-28 15:18:39.942   497   533 W SDM     : HWPrimary::PopulateDisplayAttributes: Driver doesn't report panel physical width and height - defaulting to 320dpi
04-28 15:18:39.990  2098  2313 E mm-camera: <IFACE ><ERROR> 2441: iface_axi_handle_sof_event: Event SOF session 1 VFE1, src 0 with frame_id 37 ts: 15573250775000
04-28 15:18:39.993  2098  2258 E mm-camera: <IMGLIB><ERROR> 5398: module_faceproc_client_send_info: Both processing and reporting streams are same or it is hal3
04-28 15:18:40.090  2098  2313 E mm-camera: <IFACE ><ERROR> 2441: iface_axi_handle_sof_event: Event SOF session 1 VFE1, src 0 with frame_id 38 ts: 15573350790000
04-28 15:18:40.093  2098  2258 E mm-camera: <IMGLIB><ERROR> 5398: module_faceproc_client_send_info: Both processing and reporting streams are same or it is hal3
04-28 15:18:40.190  2098  2313 E mm-camera: <IFACE ><ERROR> 2441: iface_axi_handle_sof_event: Event SOF session 1 VFE1, src 0 with frame_id 39 ts: 15573450916000
04-28 15:18:40.193  2098  2258 E mm-camera: <IMGLIB><ERROR> 5398: module_faceproc_client_send_info: Both processing and reporting streams are same or it is hal3
04-28 15:18:40.290  2098  2313 E mm-camera: <IFACE ><ERROR> 2441: iface_axi_handle_sof_event: Event SOF session 1 VFE1, src 0 with frame_id 40 ts: 15573550962000
04-28 15:18:40.293  2098  2258 E mm-camera: <IMGLIB><ERROR> 5398: module_faceproc_client_send_info: Both processing and reporting streams are same or it is hal3
04-28 15:18:40.390  2098  2313 E mm-camera: <IFACE ><ERROR> 2441: iface_axi_handle_sof_event: Event SOF session 1 VFE1, src 0 with frame_id 41 ts: 15573651001000
04-28 15:18:40.393  2098  2258 E mm-camera: <IMGLIB><ERROR> 5398: module_faceproc_client_send_info: Both processing and reporting streams are same or it is hal3
04-28 15:18:40.490  2098  2313 E mm-camera: <IFACE ><ERROR> 2441: iface_axi_handle_sof_event: Event SOF session 1 VFE1, src 0 with frame_id 42 ts: 15573751056000
04-28 15:18:40.493  2098  2258 E mm-camera: <IMGLIB><ERROR> 5398: module_faceproc_client_send_info: Both processing and reporting streams are same or it is hal3
04-28 15:18:40.572   339   339 I hwservicemanager: Notifying android.hardware.camera.provider@2.4::ICameraProvider/legacy/0 they have clients: 1
04-28 15:18:40.573  2098  2098 I /vendor/bin/hw/android.hardware.camera.provider@2.4-service-lazy: Process has 1 (of 1 available) client(s) in use after notification android.hardware.camera.provider@2.4::ICameraProvider has clients: 1
04-28 15:18:40.590  2098  2313 E mm-camera: <IFACE ><ERROR> 2441: iface_axi_handle_sof_event: Event SOF session 1 VFE1, src 0 with frame_id 43 ts: 15573851168000
04-28 15:18:40.593  2098  2258 E mm-camera: <IMGLIB><ERROR> 5398: module_faceproc_client_send_info: Both processing and reporting streams are same or it is hal3
04-28 15:18:40.690  2098  2313 E mm-camera: <IFACE ><ERROR> 2441: iface_axi_handle_sof_event: Event SOF session 1 VFE1, src 0 with frame_id 44 ts: 15573951192000
04-28 15:18:40.693  2098  2258 E mm-camera: <IMGLIB><ERROR> 5398: module_faceproc_client_send_info: Both processing and reporting streams are same or it is hal3
04-28 15:18:40.790  2098  2313 E mm-camera: <IFACE ><ERROR> 2441: iface_axi_handle_sof_event: Event SOF session 1 VFE1, src 0 with frame_id 45 ts: 15574051323000
04-28 15:18:40.794  2098  2258 E mm-camera: <IMGLIB><ERROR> 5398: module_faceproc_client_send_info: Both processing and reporting streams are same or it is hal3
04-28 15:18:40.890  2098  2313 E mm-camera: <IFACE ><ERROR> 2441: iface_axi_handle_sof_event: Event SOF session 1 VFE1, src 0 with frame_id 46 ts: 15574151425000
04-28 15:18:40.893  2098  2258 E mm-camera: <IMGLIB><ERROR> 5398: module_faceproc_client_send_info: Both processing and reporting streams are same or it is hal3
04-28 15:18:40.990  2098  2313 E mm-camera: <IFACE ><ERROR> 2441: iface_axi_handle_sof_event: Event SOF session 1 VFE1, src 0 with frame_id 47 ts: 15574251399000
04-28 15:18:40.994  2098  2258 E mm-camera: <IMGLIB><ERROR> 5398: module_faceproc_client_send_info: Both processing and reporting streams are same or it is hal3
04-28 15:18:41.051   593   636 D ThermalEngine: zone:20 sensor:skin-therm-adc temp:9587 trip:0 event:0
04-28 15:18:41.059   593   636 D ThermalEngine: zone:1 sensor:xo-therm-buf-adc temp:47905 trip:0 event:0
04-28 15:18:41.090  2098  2313 E mm-camera: <IFACE ><ERROR> 2441: iface_axi_handle_sof_event: Event SOF session 1 VFE1, src 0 with frame_id 48 ts: 15574351479000
04-28 15:18:41.096  2098  2258 E mm-camera: <IMGLIB><ERROR> 5398: module_faceproc_client_send_info: Both processing and reporting streams are same or it is hal3
04-28 15:18:41.191  2098  2313 E mm-camera: <IFACE ><ERROR> 2441: iface_axi_handle_sof_event: Event SOF session 1 VFE1, src 0 with frame_id 49 ts: 15574451526000
04-28 15:18:41.194  2098  2258 E mm-camera: <IMGLIB><ERROR> 5398: module_faceproc_client_send_info: Both processing and reporting streams are same or it is hal3
04-28 15:18:41.260   593   636 D ThermalEngine: zone:2 sensor:pa-therm0-adc temp:44939 trip:0 event:0
04-28 15:18:41.291  2098  2313 E mm-camera: <IFACE ><ERROR> 2441: iface_axi_handle_sof_event: Event SOF session 1 VFE1, src 0 with frame_id 50 ts: 15574551597000
04-28 15:18:41.294  2098  2258 E mm-camera: <IMGLIB><ERROR> 5398: module_faceproc_client_send_info: Both processing and reporting streams are same or it is hal3
04-28 15:18:41.391  2098  2313 E mm-camera: <IFACE ><ERROR> 2441: iface_axi_handle_sof_event: Event SOF session 1 VFE1, src 0 with frame_id 51 ts: 15574651671000
04-28 15:18:41.394  2098  2258 E mm-camera: <IMGLIB><ERROR> 5398: module_faceproc_client_send_info: Both processing and reporting streams are same or it is hal3
04-28 15:18:41.435   418  2648 I netd    : trafficSwapActiveStatsMap() <38.50ms>
04-28 15:18:41.442   418  2648 I netd    : tetherGetStats() <2.67ms>
04-28 15:18:41.453   418  2648 I netd    : bandwidthSetGlobalAlert(2097152) <0.50ms>
04-28 15:18:41.491  2098  2313 E mm-camera: <IFACE ><ERROR> 2441: iface_axi_handle_sof_event: Event SOF session 1 VFE1, src 0 with frame_id 52 ts: 15574751762000
04-28 15:18:41.494  2098  2258 E mm-camera: <IMGLIB><ERROR> 5398: module_faceproc_client_send_info: Both processing and reporting streams are same or it is hal3
