04-28 15:17:41.745   681   681 I wificond: 5Ghz DFS frequencies:
04-28 15:17:41.745   681   681 I wificond: Regulatory domain changed
04-28 15:17:41.745   681   681 E wificond: Failed to find expected wiphy info from NL80211_CMD_GET_WIPHY responses
04-28 15:17:41.745   681   681 I wificond: 2.4Ghz frequencies:
04-28 15:17:41.745   681   681 I wificond: 5Ghz non-DFS frequencies:
04-28 15:17:41.745   681   681 I wificond: 5Ghz DFS frequencies:
04-28 15:17:41.746   681   681 I wificond: Regulatory domain changed
04-28 15:17:41.746   681   681 E wificond: Failed to find expected wiphy info from NL80211_CMD_GET_WIPHY responses
04-28 15:17:41.746   681   681 I wificond: 2.4Ghz frequencies:
04-28 15:17:41.746   681   681 I wificond: 5Ghz non-DFS frequencies:
04-28 15:17:41.746   681   681 I wificond: 5Ghz DFS frequencies:
04-28 15:17:41.746   681   681 I wificond: Regulatory domain changed
04-28 15:17:41.747   681   681 E wificond: Failed to find expected wiphy info from NL80211_CMD_GET_WIPHY responses
04-28 15:17:41.747   681   681 I wificond: 2.4Ghz frequencies:
04-28 15:17:41.747   681   681 I wificond: 5Ghz non-DFS frequencies:
04-28 15:17:41.747   681   681 I wificond: 5Ghz DFS frequencies:
04-28 15:17:41.747   681   681 I wificond: Regulatory domain changed
04-28 15:17:41.747   681   681 E wificond: Failed to find expected wiphy info from NL80211_CMD_GET_WIPHY responses
04-28 15:17:41.747   681   681 I wificond: 2.4Ghz frequencies:
04-28 15:17:41.747   681   681 I wificond: 5Ghz non-DFS frequencies:
04-28 15:17:41.748   681   681 I wificond: 5Ghz DFS frequencies:
04-28 15:17:41.748   681   681 I wificond: Regulatory domain changed
04-28 15:17:41.748   681   681 E wificond: Failed to find expected wiphy info from NL80211_CMD_GET_WIPHY responses
04-28 15:17:41.748   681   681 I wificond: 2.4Ghz frequencies:
04-28 15:17:41.748   681   681 I wificond: 5Ghz non-DFS frequencies:
04-28 15:17:41.748   681   681 I wificond: 5Ghz DFS frequencies:
04-28 15:17:41.748   681   681 I wificond: Regulatory domain changed
04-28 15:17:41.748   681   681 E wificond: Failed to find expected wiphy info from NL80211_CMD_GET_WIPHY responses
04-28 15:17:41.748   681   681 I wificond: 2.4Ghz frequencies:
04-28 15:17:41.748   681   681 I wificond: 5Ghz non-DFS frequencies:
04-28 15:17:41.748   681   681 I wificond: 5Ghz DFS frequencies:
04-28 15:17:41.748   681   681 I wificond: Regulatory domain changed
04-28 15:17:41.749   681   681 E wificond: Failed to find expected wiphy info from NL80211_CMD_GET_WIPHY responses
04-28 15:17:41.749   681   681 I wificond: 2.4Ghz frequencies:
04-28 15:17:41.749   681   681 I wificond: 5Ghz non-DFS frequencies:
04-28 15:17:41.749   681   681 I wificond: 5Ghz DFS frequencies:
04-28 15:17:41.749   681   681 I wificond: Regulatory domain changed
04-28 15:17:41.749   681   681 E wificond: Failed to find expected wiphy info from NL80211_CMD_GET_WIPHY responses
04-28 15:17:41.749   681   681 I wificond: 2.4Ghz frequencies:
04-28 15:17:41.749   681   681 I wificond: 5Ghz non-DFS frequencies:
04-28 15:17:41.749   681   681 I wificond: 5Ghz DFS frequencies:
04-28 15:17:41.749   681   681 I wificond: Regulatory domain changed
04-28 15:17:41.749   681   681 E wificond: Failed to find expected wiphy info from NL80211_CMD_GET_WIPHY responses
04-28 15:17:41.749   681   681 I wificond: 2.4Ghz frequencies:
04-28 15:17:41.749   681   681 I wificond: 5Ghz non-DFS frequencies:
04-28 15:17:41.750   681   681 I wificond: 5Ghz DFS frequencies:
04-28 15:17:41.750   681   681 I wificond: Regulatory domain changed
04-28 15:17:41.750   681   681 E wificond: Failed to find expected wiphy info from NL80211_CMD_GET_WIPHY responses
04-28 15:17:41.750   681   681 I wificond: 2.4Ghz frequencies:
04-28 15:17:41.750   681   681 I wificond: 5Ghz non-DFS frequencies:
04-28 15:17:41.750   681   681 I wificond: 5Ghz DFS frequencies:
04-28 15:17:41.750   681   681 I wificond: Regulatory domain changed
04-28 15:17:41.750   681   681 E wificond: Failed to find expected wiphy info from NL80211_CMD_GET_WIPHY responses
04-28 15:17:41.750   681   681 I wificond: 2.4Ghz frequencies:
04-28 15:17:41.750   681   681 I wificond: 5Ghz non-DFS frequencies:
04-28 15:17:41.750   681   681 I wificond: 5Ghz DFS frequencies:
04-28 15:17:41.750   681   681 I wificond: Regulatory domain changed
04-28 15:17:41.751   681   681 E wificond: Failed to find expected wiphy info from NL80211_CMD_GET_WIPHY responses
04-28 15:17:41.751   681   681 I wificond: 2.4Ghz frequencies:
04-28 15:17:41.752   681   681 I wificond: 5Ghz non-DFS frequencies:
04-28 15:17:41.752   681   681 I wificond: 5Ghz DFS frequencies:
04-28 15:17:41.752   681   681 I wificond: Regulatory domain changed
04-28 15:17:41.752   681   681 E wificond: Failed to find expected wiphy info from NL80211_CMD_GET_WIPHY responses
04-28 15:17:41.752   681   681 I wificond: 2.4Ghz frequencies:
04-28 15:17:41.755  1181  1181 I android.hardware.wifi@1.0-service-lazy: Wifi HAL started
04-28 15:17:41.766   681   681 I wificond: 5Ghz non-DFS frequencies:
04-28 15:17:41.766   681   681 I wificond: 5Ghz DFS frequencies:
04-28 15:17:41.766   681   681 I wificond: Regulatory domain changed
04-28 15:17:41.766   681   681 E wificond: Failed to find expected wiphy info from NL80211_CMD_GET_WIPHY responses
04-28 15:17:41.766   681   681 I wificond: 2.4Ghz frequencies:
04-28 15:17:41.766   681   681 I wificond: 5Ghz non-DFS frequencies:
04-28 15:17:41.766   681   681 I wificond: 5Ghz DFS frequencies:
04-28 15:17:41.766   681   681 I wificond: Regulatory domain changed
04-28 15:17:41.767   681   681 E wificond: Failed to find expected wiphy info from NL80211_CMD_GET_WIPHY responses
04-28 15:17:41.767   681   681 I wificond: 2.4Ghz frequencies:
04-28 15:17:41.767   681   681 I wificond: 5Ghz non-DFS frequencies:
04-28 15:17:41.767   681   681 I wificond: 5Ghz DFS frequencies:
04-28 15:17:42.204  1181  1181 I android.hardware.wifi@1.0-service-lazy: Adding interface handle for p2p0
04-28 15:17:42.204  1181  1181 I android.hardware.wifi@1.0-service-lazy: Adding interface handle for wlan0
04-28 15:17:42.204  1181  1181 W android.hardware.wifi@1.0-service-lazy: No active wlan interfaces in use! Using default
04-28 15:17:42.205  1181  1181 W android.hardware.wifi@1.0-service-lazy: No active wlan interfaces in use! Using default
04-28 15:17:42.210  1181  1181 I android.hardware.wifi@1.0-service-lazy: Configured chip in mode 0
04-28 15:17:42.210  1181  1181 W android.hardware.wifi@1.0-service-lazy: No active wlan interfaces in use! Using default
04-28 15:17:42.248   681   681 I wificond: setting base_wiphy_index_ to 27
04-28 15:17:42.250   681   681 I wificond: create scanner for interface with index: 80
04-28 15:17:42.250   681   681 I wificond: subscribe scan result for interface with index: 80
04-28 15:17:42.252   681   681 E wificond: No Offload Service available
04-28 15:17:42.252   681   681 I wificond: Offload HAL not supported 
04-28 15:17:42.410  1080  1321 W BroadcastQueue: Background execution not allowed: receiving Intent { act=android.net.wifi.WIFI_STATE_CHANGED flg=0x4000010 (has extras) } to com.jio.media.ondemand/com.jio.media.mobile.apps.jioondemand.mediaplayer.NetworkChangeReceiver
04-28 15:17:42.413  1080  1321 W BroadcastQueue: Background execution not allowed: receiving Intent { act=android.net.wifi.WIFI_STATE_CHANGED flg=0x4000010 (has extras) } to com.jio.media.ondemand/com.jio.media.framework.services.external.network.NetworkChangedBroadcastListener
04-28 15:17:42.414  1080  1321 W BroadcastQueue: Background execution not allowed: receiving Intent { act=android.net.wifi.WIFI_STATE_CHANGED flg=0x4000010 (has extras) } to com.jio.myjio/.jionet.receiver.WifiScanReceiver
04-28 15:17:42.414  1080  1321 W BroadcastQueue: Background execution not allowed: receiving Intent { act=android.net.wifi.WIFI_STATE_CHANGED flg=0x4000010 (has extras) } to com.jio.myjio/com.bb.lib.receiver.NetworkChangeReceiver
04-28 15:17:42.414  1080  1321 W BroadcastQueue: Background execution not allowed: receiving Intent { act=android.net.wifi.WIFI_STATE_CHANGED flg=0x4000010 (has extras) } to com.jio.myjio/com.inn.passivesdk.receiver.ServiceStarterReceiver
04-28 15:17:43.217  1080  1321 W BroadcastQueue: Background execution not allowed: receiving Intent { act=android.net.wifi.SCAN_RESULTS flg=0x4000010 (has extras) } to com.jio.myjio/.jionet.receiver.WifiScanReceiver
04-28 15:17:45.572  1181  1181 I android.hardware.wifi@1.0-service-lazy: Process has 1 (of 1 available) client(s) in use after notification android.hardware.wifi@1.3::IWifi has clients: 1
04-28 15:17:46.805  1080  1321 W BroadcastQueue: Background execution not allowed: receiving Intent { act=android.net.wifi.WIFI_STATE_CHANGED flg=0x4000010 (has extras) } to com.jio.media.ondemand/com.jio.media.mobile.apps.jioondemand.mediaplayer.NetworkChangeReceiver
04-28 15:17:46.806  1080  1321 W BroadcastQueue: Background execution not allowed: receiving Intent { act=android.net.wifi.WIFI_STATE_CHANGED flg=0x4000010 (has extras) } to com.jio.media.ondemand/com.jio.media.framework.services.external.network.NetworkChangedBroadcastListener
04-28 15:17:46.806  1080  1321 W BroadcastQueue: Background execution not allowed: receiving Intent { act=android.net.wifi.WIFI_STATE_CHANGED flg=0x4000010 (has extras) } to com.jio.myjio/.jionet.receiver.WifiScanReceiver
04-28 15:17:46.806  1080  1321 W BroadcastQueue: Background execution not allowed: receiving Intent { act=android.net.wifi.WIFI_STATE_CHANGED flg=0x4000010 (has extras) } to com.jio.myjio/com.bb.lib.receiver.NetworkChangeReceiver
04-28 15:17:46.806  1080  1321 W BroadcastQueue: Background execution not allowed: receiving Intent { act=android.net.wifi.WIFI_STATE_CHANGED flg=0x4000010 (has extras) } to com.jio.myjio/com.inn.passivesdk.receiver.ServiceStarterReceiver
04-28 15:17:46.808   681   681 W wificond: No pno scan started
04-28 15:17:46.808   681   681 W wificond: Scheduled scan is not running!
04-28 15:17:46.809   681   681 W wificond: No pno scan started
04-28 15:17:46.809   681   681 W wificond: Scheduled scan is not running!
04-28 15:17:46.838  1181  1181 W android.hardware.wifi@1.0-service-lazy: No active wlan interfaces in use! Using default
04-28 15:17:46.992   681   681 I wificond: Unsubscribe scan result for interface with index: 80
04-28 15:17:47.097  1181  1244 I android.hardware.wifi@1.0-service-lazy: Legacy HAL stop complete callback received
04-28 15:17:47.946  1181  1181 I android.hardware.wifi@1.0-service-lazy: Wifi HAL stopped
04-28 15:17:47.955  1080  1321 W BroadcastQueue: Background execution not allowed: receiving Intent { act=android.net.wifi.STATE_CHANGE flg=0x4000010 (has extras) } to com.jio.myjio/.jionet.receiver.WifiScanReceiver
04-28 15:17:47.962  1080  1321 W BroadcastQueue: Background execution not allowed: receiving Intent { act=android.net.wifi.WIFI_STATE_CHANGED flg=0x4000010 (has extras) } to com.jio.media.ondemand/com.jio.media.mobile.apps.jioondemand.mediaplayer.NetworkChangeReceiver
04-28 15:17:47.964  1080  1321 W BroadcastQueue: Background execution not allowed: receiving Intent { act=android.net.wifi.WIFI_STATE_CHANGED flg=0x4000010 (has extras) } to com.jio.media.ondemand/com.jio.media.framework.services.external.network.NetworkChangedBroadcastListener
04-28 15:17:47.965  1080  1321 W BroadcastQueue: Background execution not allowed: receiving Intent { act=android.net.wifi.WIFI_STATE_CHANGED flg=0x4000010 (has extras) } to com.jio.myjio/.jionet.receiver.WifiScanReceiver
04-28 15:17:47.965  1080  1321 W BroadcastQueue: Background execution not allowed: receiving Intent { act=android.net.wifi.WIFI_STATE_CHANGED flg=0x4000010 (has extras) } to com.jio.myjio/com.bb.lib.receiver.NetworkChangeReceiver
04-28 15:17:47.965  1080  1321 W BroadcastQueue: Background execution not allowed: receiving Intent { act=android.net.wifi.WIFI_STATE_CHANGED flg=0x4000010 (has extras) } to com.jio.myjio/com.inn.passivesdk.receiver.ServiceStarterReceiver
04-28 15:18:01.017  1080  2415 D ConnectivityService: NetworkAgentInfo [MOBILE (LTE) - 107] EVENT_NETWORK_INFO_CHANGED, going from CONNECTED to DISCONNECTED
04-28 15:18:01.018  1080  2853 I ActivityManager: Killing 4008:com.google.process.gservices/u0a90 (adj 940): cached #5
04-28 15:18:01.025  1080  2415 D ConnectivityService: NetworkAgentInfo [MOBILE (LTE) - 107] got DISCONNECTED, was satisfying 15
04-28 15:18:01.161  1080  1322 I ActivityManager: Start proc 1540:com.jio.media.ondemand/u0a71 for service {com.jio.media.ondemand/com.madme.mobile.sdk.service.LSJobService2}
04-28 15:18:01.219  1080  2415 D ConnectivityService: Sending DISCONNECTED broadcast for type 0 NetworkAgentInfo [MOBILE (LTE) - 107] isDefaultNetwork=true
04-28 15:18:01.233  3301  3301 W ContextImpl: Calling a method in the system process without a qualified user: android.app.ContextImpl.startService:1570 android.content.ContextWrapper.startService:669 com.redbend.app.SmmService.sendIntentEvent:373 com.redbend.client.ClientService.sendEvent:586 com.redbend.client.ConnectivityStateChangeReceiver$DataChange.sendConnectedEvent:66 
04-28 15:18:01.311  1080  1322 I ActivityManager: Start proc 1580:com.jio.jioplay.tv/u0a73 for service {com.jio.jioplay.tv/com.madme.mobile.sdk.service.LSJobService2}
04-28 15:18:01.472  1080  1322 I ActivityManager: Start proc 1622:com.google.process.gservices/u0a90 for content provider {com.google.android.gsf/com.google.android.gsf.gservices.GservicesProvider}
04-28 15:18:01.540  1080  1080 I chatty  : uid=1000 system_server identical 1 line
04-28 15:18:01.622  1080  2586 W ActivityManager: Slow operation: 63ms so far, now at attachApplicationLocked: after mServices.attachApplicationLocked
04-28 15:18:02.935  1080  1157 W ActivityManager: Unable to start service Intent { cmp=com.jio.media.ondemand/com.jio.media.framework.services.external.mediamanager.JioMediaDownloaderService } U=0: not found
04-28 15:18:03.042  1080  1322 I ActivityManager: Start proc 1699:com.google.android.gms/u0a90 for service {com.google.android.gms/com.google.android.gms.measurement.service.MeasurementBrokerService}
04-28 15:18:03.121  1080  2853 W ActivityManager: Permission Denial: opening provider o.aeG from ProcessRecord{6802080 1580:com.jio.jioplay.tv/u0a73} (pid=1580, uid=10073) that is not exported from UID 10068
04-28 15:18:03.252  1080  1157 W ActivityManager: Permission Denial: opening provider o.aeG from ProcessRecord{6802080 1580:com.jio.jioplay.tv/u0a73} (pid=1580, uid=10073) that is not exported from UID 10068
04-28 15:18:05.363  2478  2478 I PowerUI.Notification: show battery full warning: level=100 [1] 
04-28 15:18:05.438  2478  2478 I chatty  : uid=10095(com.android.systemui) identical 1 line
04-28 15:18:05.483  2478  2478 I PowerUI.Notification: show battery full warning: level=100 [1] 
04-28 15:18:05.833  1080  1835 I DropBoxManagerService: add tag=system_app_wtf isTagEnabled=true flags=0x2
04-28 15:18:06.538  2478  2478 I PowerUI.Notification: show battery full warning: level=100 [1] 
04-28 15:18:07.842  1080  1321 W BroadcastQueue: Background execution not allowed: receiving Intent { act=android.intent.action.DROPBOX_ENTRY_ADDED flg=0x10 (has extras) } to com.google.android.gms/.stats.service.DropBoxEntryAddedReceiver
04-28 15:18:07.842  1080  1321 W BroadcastQueue: Background execution not allowed: receiving Intent { act=android.intent.action.DROPBOX_ENTRY_ADDED flg=0x10 (has extras) } to com.google.android.gms/.chimera.GmsIntentOperationService$PersistentTrustedReceiver
04-28 15:18:13.598  1080  1080 W JobServiceContext: No response from client for onStartJob 806c4ac #u0a71/1011 com.jio.media.ondemand/com.jio.media.analytics.AnalyticsService
04-28 15:18:15.135  1080  1623 I ActivityManager: Killing 659:com.android.carrierdefaultapp/u0a61 (adj 940): cached #5
04-28 15:18:16.955  1080  1344 I PowerManagerService: Going to sleep due to timeout (uid 1000)...
04-28 15:18:16.956  1080  1344 I DisplayPowerController: Blocking screen off
04-28 15:18:16.957  1080  1080 W UsageStatsService: Event reported without a package name, eventType:16
04-28 15:18:16.971  1080  1344 I DisplayPowerController: Unblocked screen off after 1 ms
04-28 15:18:16.979  1080  1344 D ActivityTaskManager: Top Process State changed to PROCESS_STATE_TOP_SLEEPING
04-28 15:18:17.020  1080  1327 E KernelCpuSpeedReader: Failed to read cpu-freq: /sys/devices/system/cpu/cpu0/cpufreq/stats/time_in_state: open failed: ENOENT (No such file or directory)
04-28 15:18:17.069  1080  1314 I DisplayManagerService: Display device changed state: "Built-in Screen", OFF
04-28 15:18:18.633  1080  1344 I DreamManagerService: Entering dreamland.
04-28 15:18:18.635  1080  1344 I PowerManagerService: Dozing...
04-28 15:18:18.642  1080  1306 I DreamController: Starting dream: name=ComponentInfo{com.android.systemui/com.android.systemui.doze.DozeService}, isTest=false, canDoze=true, userId=0
04-28 15:18:18.671  1080  1306 D AutofillManagerService: Close system dialogs
04-28 15:18:19.599  1080  1157 I PowerManagerService: Waking up from Dozing (uid=1000, reason=WAKE_REASON_WAKE_KEY, details=android.policy:KEY)...
04-28 15:18:19.600  1080  1080 W UsageStatsService: Event reported without a package name, eventType:15
04-28 15:18:19.604  1080  1344 I DisplayPowerController: Blocking screen on until initial contents have been drawn.
04-28 15:18:20.366  1080  1327 E KernelCpuSpeedReader: Failed to read cpu-freq: /sys/devices/system/cpu/cpu0/cpufreq/stats/time_in_state: open failed: ENOENT (No such file or directory)
04-28 15:18:20.387  1080  1080 W Looper  : Slow dispatch took 788ms main h=com.android.server.power.Notifier$NotifierHandler c=com.android.server.power.Notifier$1@ad5bba2 m=0
04-28 15:18:20.415  1080  1309 W Looper  : Slow dispatch took 796ms android.ui h=com.android.server.am.ActivityManagerService$UiHandler c=null m=53
04-28 15:18:20.425  1080  1080 W Looper  : Slow delivery took 788ms main h=com.android.server.power.Notifier$NotifierHandler c=com.android.server.power.Notifier$5@f399325 m=0
04-28 15:18:20.439  1080  1080 W Looper  : Drained
04-28 15:18:20.452  1080  1314 I DisplayManagerService: Display device changed state: "Built-in Screen", ON
04-28 15:18:20.510  1080  1321 W BroadcastQueue: Background execution not allowed: receiving Intent { act=android.intent.action.USER_PRESENT flg=0x24200010 } to com.android.chrome/org.chromium.chrome.browser.sharing.click_to_call.ClickToCallMessageHandler$PhoneUnlockedReceiver
04-28 15:18:20.513  1080  1321 W BroadcastQueue: Background execution not allowed: receiving Intent { act=android.intent.action.USER_PRESENT flg=0x24200010 } to com.facebook.lite/com.facebook.rti.push.service.MqttSystemBroadcastReceiver
04-28 15:18:20.514  1080  1321 W BroadcastQueue: Background execution not allowed: receiving Intent { act=android.intent.action.USER_PRESENT flg=0x24200010 } to com.google.android.gms/.auth.setup.devicesignals.LockScreenReceiver
04-28 15:18:20.514  1080  1321 W BroadcastQueue: Background execution not allowed: receiving Intent { act=android.intent.action.USER_PRESENT flg=0x24200010 } to com.google.android.gms/.trustagent.UserPresentBroadcastReceiver
04-28 15:18:20.514  1080  1321 W BroadcastQueue: Background execution not allowed: receiving Intent { act=android.intent.action.USER_PRESENT flg=0x24200010 } to com.google.android.gms/.chimera.GmsIntentOperationService$PersistentTrustedReceiver
04-28 15:18:20.604  1080  1309 W WindowManager: Keyguard drawn timeout. Setting mKeyguardDrawComplete
--------- beginning of main
04-28 15:18:20.635  2919  3818 I NearbySharing: Can't stop advertising FastInitiation. Not advertising. [CONTEXT service_id=194 ]
04-28 15:18:20.636  2919  3818 I NearbySharing: Stopping Fast Init advertisement because Bluetooth is off. [CONTEXT service_id=194 ]
04-28 15:18:20.636  2919  3818 I NearbySharing: Failed to stop advertising because we weren't advertising. [CONTEXT service_id=194 ]
04-28 15:18:20.636  2919  3818 I NearbySharing: Stopping advertising because Bluetooth is disabled. [CONTEXT service_id=194 ]
04-28 15:18:20.639  2919  3818 I NearbySharing: Can't stop scanning for FastInitiation. Not scanning. [CONTEXT service_id=194 ]
04-28 15:18:20.653  2919  3818 I NearbySharing: Fast Initiation Scanning has stopped [CONTEXT service_id=194 ]
04-28 15:18:20.653  2919  3818 I NearbySharing: Stopping Fast Init because Bluetooth is disabled. [CONTEXT service_id=194 ]
04-28 15:18:20.779   593   636 D ThermalEngine: zone:2 sensor:pa-therm0-adc temp:45000 trip:0 event:0
04-28 15:18:20.788   516   516 D SurfaceFlinger: Finished setting power mode 2 on display 0
04-28 15:18:20.798  1080  1080 W Looper  : Slow dispatch took 263ms main h=android.app.ActivityThread$H c=android.app.-$$Lambda$LoadedApk$ReceiverDispatcher$Args$_BumDX2UKsnxLVrE6UJsJZkotuA@32b41b4 m=0
04-28 15:18:20.801  1080  1623 I chatty  : uid=1000(system) Binder:1080_18 expire 7 lines
04-28 15:18:20.803  2478  2478 D KeyguardClockSwitch: Updating clock: 318
04-28 15:18:20.807  1080  1309 W Looper  : Slow dispatch took 203ms android.ui h=com.android.server.policy.PhoneWindowManager$PolicyHandler c=null m=6
04-28 15:18:20.824   497   497 W SDM     : HWPrimary::PopulateDisplayAttributes: Driver doesn't report panel physical width and height - defaulting to 320dpi
04-28 15:18:20.858  2478  2478 D StatusBar: disable<e i a s b h r c s > disable2<q i n >
04-28 15:18:20.859  2478  2478 I chatty  : uid=10095(com.android.systemui) identical 2 lines
04-28 15:18:20.859  2478  2478 D StatusBar: disable<e i a s b h r c s > disable2<q i n >
04-28 15:18:20.865  2478  2478 D StatusBar: updateQsExpansionEnabled - QS Expand enabled: true
04-28 15:18:20.868  2478  2478 D StatusBarNotificationPresenter: calling update notifications on Panel
04-28 15:18:20.879  2478  2478 I FalsingManagerPlugin: com.android.systemui.classifier.brightline.TypeClassifier: true
04-28 15:18:20.880  2478  2478 D StatusBar: updateQsExpansionEnabled - QS Expand enabled: true
04-28 15:18:20.880  1080  1157 D ActivityTaskManager: Top Process State changed to PROCESS_STATE_TOP
04-28 15:18:20.887   516   864 W HWComposer: Ignoring duplicate VSYNC event from HWC for display 0 (t=11793865548373)
04-28 15:18:20.888  2478  2478 D StatusBar: updateQsExpansionEnabled - QS Expand enabled: true
04-28 15:18:20.890  2478  2478 D StatusBarNotificationPresenter: calling update notifications on Panel
04-28 15:18:20.891  2478  2478 I FalsingManagerPlugin: com.android.systemui.classifier.brightline.TypeClassifier: true
04-28 15:18:20.899  2478  2478 D StatusBarNotificationPresenter: calling update notifications on Panel
04-28 15:18:20.901  2478  2478 D StatusBar: disable<e i a s b h r c s > disable2<q i n >
04-28 15:18:20.943  2694  2694 E ActivityThread: Failed to find provider info for com.jio.os.content.ContentFeedProvider
04-28 15:18:21.011  1080  3270 I chatty  : uid=1000(system) AsyncTask #10 expire 1 line
04-28 15:18:21.156  1080  3288 D WindowManager: relayoutVisibleWindow: Window{ddc67a8 u0 NavigationBar0 EXITING} mAnimatingExit=true, mRemoveOnExit=false, mDestroying=false
04-28 15:18:21.211  2478  2746 I OpenGLRenderer: Davey! duration=729ms; Flags=1, IntendedVsync=11793460000624, Vsync=11793926667272, OldestInputEvent=9223372036854775807, NewestInputEvent=0, HandleInputStart=11793931815828, AnimationStart=11793932141349, PerformTraversalsStart=11793943762548, DrawStart=11794178216998, SyncQueued=11794180875905, SyncStart=11794183178144, IssueDrawCommandsStart=11794183567467, SwapBuffers=11794190293458, FrameCompleted=11794192065854, DequeueBufferDuration=273000, QueueBufferDuration=1061000, 
04-28 15:18:21.265  1080  1344 I DisplayPowerController: Unblocked screen on after 1660 ms
04-28 15:18:21.268  1080  1344 W PowerManagerService: Screen on took 1675 ms
04-28 15:18:21.269  1080  1344 I DreamManagerService: Gently waking up from dream.
04-28 15:18:21.273  1080  1306 I DreamManagerService: Performing gentle wake from dream.
04-28 15:18:21.303  2478  2478 D StatusBar: disable<e i a s b h r c s > disable2<q i n >
04-28 15:18:21.379  2478  2478 D ImageWallpaper: wallpaper visibility changes to: true
04-28 15:18:21.382  1080  1623 I DreamManagerService: Leaving dreamland.
04-28 15:18:21.383  1080  1306 I DreamManagerService: Performing gentle wake from dream.
04-28 15:18:21.383  1080  1306 I DreamController: Stopping dream: name=ComponentInfo{com.android.systemui/com.android.systemui.doze.DozeService}, isTest=false, canDoze=true, userId=0
04-28 15:18:21.660  1080  3288 I chatty  : uid=1000(system) Binder:1080_C expire 8 lines
04-28 15:18:21.796   497   533 W SDM     : HWPrimary::PopulateDisplayAttributes: Driver doesn't report panel physical width and height - defaulting to 320dpi
04-28 15:18:21.826  3315  3315 D QSLMJ   : SLM received action android.intent.action.SCREEN_OFF
04-28 15:18:21.826  2919  3818 I NearbySharing: Screen is unlocked [CONTEXT service_id=194 ]
04-28 15:18:21.838  2506  2506 I DeviceStatusMonitor: onReceive() : Action = android.intent.action.SCREEN_OFF
04-28 15:18:21.849  2919  3818 I NearbySharing: Failed to stop scanning because weren't scanning. [CONTEXT service_id=194 ]
04-28 15:18:21.849  2919  3818 I NearbySharing: Stopping discovery because Bluetooth is disabled. [CONTEXT service_id=194 ]
04-28 15:18:21.850  2919  3818 I NearbySharing: Can't stop advertising FastInitiation. Not advertising. [CONTEXT service_id=194 ]
04-28 15:18:21.867  2919  3818 I NearbySharing: Stopping Fast Init advertisement because Bluetooth is off. [CONTEXT service_id=194 ]
04-28 15:18:21.868  2919  3818 I NearbySharing: Failed to stop advertising because we weren't advertising. [CONTEXT service_id=194 ]
04-28 15:18:21.870  2919  3818 I NearbySharing: Stopping advertising because Bluetooth is disabled. [CONTEXT service_id=194 ]
04-28 15:18:21.871  2506  2506 I VoiceImeUtils: S3 recognizer enabled.
04-28 15:18:21.901  2478  2563 D ImageWallpaper: finishRendering, preserve=false
04-28 15:18:21.907  3337  4006 I chatty  : uid=10045(com.jio.adc.embedded) pool-4-thread-1 expire 4 lines
04-28 15:18:21.929  2919  3818 I NearbySharing: Can't stop scanning for FastInitiation. Not scanning. [CONTEXT service_id=194 ]
04-28 15:18:21.931  2919  3818 I NearbySharing: Fast Initiation Scanning has stopped [CONTEXT service_id=194 ]
04-28 15:18:21.932  2919  3818 I NearbySharing: Stopping Fast Init because Bluetooth is disabled. [CONTEXT service_id=194 ]
04-28 15:18:21.995  1080  1157 I chatty  : uid=1000(system) Binder:1080_16 expire 3 lines
04-28 15:18:22.021  1540  1691 W .media.ondeman: Long monitor contention with owner AsyncTask #3 (1964) at java.lang.Object bnk.doInTransaction(com.madme.mobile.dao.DatabaseCallback)(SourceFile:42) waiters=0 in java.lang.Object bnk.doWithoutTransaction(com.madme.mobile.dao.DatabaseCallback) for 153ms
04-28 15:18:22.057  1699  1699 W ModuleManager: Unable to get current module's fulfilled APIs in ModuleManager created with non-module Context
04-28 15:18:22.124  1955  1955 I chatty  : uid=2000(shell) app_process expire 19 lines
04-28 15:18:22.160  1580  1580 W JobInfo : Requested backoff +5s0ms for job 1000 is too small; raising to +10s0ms
04-28 15:18:22.219  1540  1540 W JobInfo : Requested backoff +5s0ms for job 1000 is too small; raising to +10s0ms
04-28 15:18:22.219  1699  1699 I MediaRouter: Found default route: MediaRouter.RouteInfo{ uniqueId=android/apy:DEFAULT_ROUTE, name=Phone, description=null, iconUri=null, enabled=true, connectionState=0, canDisconnect=false, playbackType=0, playbackStream=3, deviceType=0, volumeHandling=1, volume=15, volumeMax=15, presentationDisplayId=-1, extras=null, settingsIntent=null, providerPackageName=android }
04-28 15:18:22.220  1699  1699 I MediaRouter: Unselecting the current route because it is no longer selectable: null
04-28 15:18:22.244  2478  2478 D KeyguardClockSwitch: Updating clock: 318
04-28 15:18:22.264  3337  4005 I chatty  : uid=10045(com.jio.adc.embedded) pool-3-thread-1 expire 2 lines
04-28 15:18:22.266  1080  3288 D CompatibilityInfo: applicationScale - 1.0
04-28 15:18:22.270   339   339 I chatty  : uid=1000(system) hwservicemanage expire 22 lines
04-28 15:18:22.280  1080  2412 E WifiClientModeImpl: getWifiLinkLayerStats called without an interface
04-28 15:18:22.284   497   537 W SDM     : HWPrimary::PopulateDisplayAttributes: Driver doesn't report panel physical width and height - defaulting to 320dpi
04-28 15:18:22.288   491   563 D audio_hw_primary: adev_set_parameters: enter: screen_state=on
04-28 15:18:22.291  1080  1080 W AlarmManager: Unrecognized alarm listener com.android.server.job.controllers.idle.-$$Lambda$DeviceIdlenessTracker$-H1-ZwZAJ-vh10A0PeYXaZLj_R0@414eee
04-28 15:18:22.367   497   537 W SDM     : HWPrimary::PopulateDisplayAttributes: Driver doesn't report panel physical width and height - defaulting to 320dpi
04-28 15:18:22.370  3337  4003 D [1487  ] ANH-ADC: com.jio.adc.core.WER > Event: DE23
04-28 15:18:22.376  3337  4004 D [1488  ] ANH-EX_NM: c.j.a.core.module.exnm.EEP$b call> bitField: 0
04-28 15:18:22.378  3337  4005 D [1489  ] ANH-EX_DE: c.j.a.core.module.exde.EEP$a call> bitField: 32
04-28 15:18:22.382  3337  4006 D [1490  ] ANH-EX_NA: c.j.a.core.module.exna.EEP$a call> bitField: 0
04-28 15:18:22.383   497   537 W SDM     : HWPrimary::PopulateDisplayAttributes: Driver doesn't report panel physical width and height - defaulting to 320dpi
04-28 15:18:22.387  3337  4019 D [1495  ] ANH-EX_S: c.j.a.core.module.exs.EEP$b call> bitField: 8
04-28 15:18:22.387  3337  4014 D [1492  ] ANH-ADC-EX_CO: com.jio.adc.core.CEP$ > Setting Data
04-28 15:18:22.388  3337  4017 D [1494  ] ANH-EX_LOC: c.j.a.core.module.exloc.EEP$b call> bitField: 0
04-28 15:18:22.388  3337  4016 D [1493  ] ANH-EX_BAT: c.j.a.core.module.exbat.EEP$a call> bitField: 0
04-28 15:18:22.396  1080  1623 D CompatibilityInfo: mCompatibilityFlags - 0
04-28 15:18:22.396  1080  1623 D CompatibilityInfo: applicationDensity - 216
04-28 15:18:22.396  1080  1623 D CompatibilityInfo: applicationScale - 1.0
04-28 15:18:22.488  1080  1623 D CompatibilityInfo: mCompatibilityFlags - 0
04-28 15:18:22.488  1080  1623 D CompatibilityInfo: applicationDensity - 216
04-28 15:18:22.488  1080  1623 D CompatibilityInfo: applicationScale - 1.0
04-28 15:18:22.508  2919  3818 I NearbySharing: Screen is unlocked [CONTEXT service_id=194 ]
04-28 15:18:22.508  2919  3818 I NearbySharing: Failed to stop scanning because weren't scanning. [CONTEXT service_id=194 ]
04-28 15:18:22.509  2919  3818 I NearbySharing: Stopping discovery because Bluetooth is disabled. [CONTEXT service_id=194 ]
04-28 15:18:22.509  2919  3818 I NearbySharing: Can't stop advertising FastInitiation. Not advertising. [CONTEXT service_id=194 ]
04-28 15:18:22.509  2919  3818 I NearbySharing: Stopping Fast Init advertisement because Bluetooth is off. [CONTEXT service_id=194 ]
04-28 15:18:22.509  2919  3818 I NearbySharing: Failed to stop advertising because we weren't advertising. [CONTEXT service_id=194 ]
04-28 15:18:22.509  2919  3818 I NearbySharing: Stopping advertising because Bluetooth is disabled. [CONTEXT service_id=194 ]
04-28 15:18:22.519  2919  3818 I NearbySharing: Can't stop scanning for FastInitiation. Not scanning. [CONTEXT service_id=194 ]
04-28 15:18:22.520  2919  3818 I NearbySharing: Fast Initiation Scanning has stopped [CONTEXT service_id=194 ]
04-28 15:18:22.521  2919  3818 I NearbySharing: Stopping Fast Init because Bluetooth is disabled. [CONTEXT service_id=194 ]
04-28 15:18:22.528  1080  1157 D CompatibilityInfo: mCompatibilityFlags - 0
04-28 15:18:22.528  1080  1157 D CompatibilityInfo: applicationDensity - 216
04-28 15:18:22.528  1080  1157 D CompatibilityInfo: applicationScale - 1.0
04-28 15:18:22.534  3315  3315 D QSLMJ   : SLM received action android.intent.action.SCREEN_ON
04-28 15:18:22.558  2506  2506 I DeviceStatusMonitor: onReceive() : Action = android.intent.action.SCREEN_ON
04-28 15:18:22.602  1699  1978 I CastDatabase: Opening the database
04-28 15:18:22.745  3337  4003 D [1487  ] ANH-ADC: com.jio.adc.core. > Captured: DE23
04-28 15:18:22.820  1699  1978 I SQLiteCastStore: 0 CastNetworkInfo instances loaded, 0 CastDeviceInfo instances loaded, 0 paired guest mode devices loaded.
04-28 15:18:23.009  2478  2696 I vol.Events: writeEvent level_changed STREAM_MUSIC 0
04-28 15:18:23.026  2478  2696 I vol.Events: writeEvent mute_changed STREAM_MUSIC true
04-28 15:18:23.039   339   339 I hwservicemanager: getTransport: Cannot find entry vendor.qti.hardware.servicetracker@1.0::IServicetracker/default in either framework or device manifest.
04-28 15:18:23.200  1699  1967 I CastSocket: 29 >= 18. Adding new CastClientAuthKeyManager. [CONTEXT service_id=161 ]
04-28 15:18:23.232  1080  1157 I WifiService: startScan uid=10090
04-28 15:18:23.237  1080  2412 E WifiScanRequestProxy: Scan failure received. reason: -1,description: not available
04-28 15:18:23.240  1080  1321 W BroadcastQueue: Background execution not allowed: receiving Intent { act=android.net.wifi.SCAN_RESULTS flg=0x4000010 (has extras) } to com.jio.myjio/.jionet.receiver.WifiScanReceiver
04-28 15:18:23.271  1699  1967 I DiscoveryManager: WifiGuestModeDeviceScanner enabled.
04-28 15:18:23.273  1080  1313 D BluetoothManagerService: MESSAGE_REGISTER_ADAPTER
04-28 15:18:23.299   497   533 W SDM     : HWPrimary::PopulateDisplayAttributes: Driver doesn't report panel physical width and height - defaulting to 320dpi
04-28 15:18:23.319   339   339 I hwservicemanager: getTransport: Cannot find entry vendor.qti.hardware.servicetracker@1.0::IServicetracker/default in either framework or device manifest.
04-28 15:18:24.216  2002  2002 I chatty  : uid=2000(shell) app_process expire 4 lines
04-28 15:18:24.227  2002  2002 E libc    : Access denied finding property "persist.device_config.runtime_native_boot.enable_apex_image"
04-28 15:18:24.228  2002  2002 I AndroidRuntime: Using default boot image
04-28 15:18:24.228  2002  2002 E libc    : Access denied finding property "persist.device_config.runtime_native_boot.disable_lock_profiling"
04-28 15:18:24.228  2002  2002 I AndroidRuntime: Leaving lock profiling enabled
04-28 15:18:24.229  2002  2002 E libc    : Access denied finding property "persist.device_config.runtime_native_boot.enable_generational_cc"
04-28 15:18:24.243  2002  2002 W app_process: Could not reserve sentinel fault page
04-28 15:18:24.243  2002  2002 I app_process: Core platform API reporting enabled, enforcing=false
04-28 15:18:24.315   418  2648 I netd    : trafficSwapActiveStatsMap() <35.45ms>
04-28 15:18:24.321   418  2648 I netd    : tetherGetStats() <3.11ms>
04-28 15:18:24.335   418  2648 I netd    : bandwidthSetGlobalAlert(2097152) <0.83ms>
04-28 15:18:24.499  2002  2002 D ICU     : Time zone APEX file found: /apex/com.android.tzdata/etc/icu/icu_tzdata.dat
04-28 15:18:24.531  2002  2002 I app_process: The ClassLoaderContext is a special shared library.
04-28 15:18:24.589  2002  2002 W app_process: JNI RegisterNativeMethods: attempt to register 0 native methods for android.media.AudioAttributes
04-28 15:18:24.613  2002  2002 D AndroidRuntime: Calling main entry com.android.commands.input.Input
04-28 15:18:24.621  2002  2002 D AndroidRuntime: Shutting down VM
04-28 15:18:25.571   339   339 I hwservicemanager: Notifying android.hardware.light@2.0::ILight/default they have clients: 0
04-28 15:18:25.572  1920  1920 I /vendor/bin/hw/android.hardware.light@2.0-service-lazy: Process has 0 (of 1 available) client(s) in use after notification android.hardware.light@2.0::ILight has clients: 0
04-28 15:18:25.572  1920  1920 I /vendor/bin/hw/android.hardware.light@2.0-service-lazy: Trying to exit HAL. No clients in use for any service in process.
04-28 15:18:25.573   339   339 I hwservicemanager: Notifying android.hardware.light@2.0::ILight/default they have clients: 1
04-28 15:18:25.573  1920  1920 I /vendor/bin/hw/android.hardware.light@2.0-service-lazy: Unregistered all clients and exiting
04-28 15:18:25.578  2021  2021 D AndroidRuntime: >>>>>> START com.android.internal.os.RuntimeInit uid 2000 <<<<<<
04-28 15:18:25.586  2021  2021 W app_process: type=1400 audit(0.0:13583): avc: denied { read } for name="u:object_r:device_config_runtime_native_boot_prop:s0" dev="tmpfs" ino=12048 scontext=u:r:shell:s0 tcontext=u:object_r:device_config_runtime_native_boot_prop:s0 tclass=file permissive=0
04-28 15:18:25.586  2021  2021 W app_process: type=1400 audit(0.0:13584): avc: denied { read } for name="u:object_r:device_config_runtime_native_boot_prop:s0" dev="tmpfs" ino=12048 scontext=u:r:shell:s0 tcontext=u:object_r:device_config_runtime_native_boot_prop:s0 tclass=file permissive=0
04-28 15:18:25.589  2021  2021 W app_process: type=1400 audit(0.0:13585): avc: denied { read } for name="u:object_r:device_config_runtime_native_boot_prop:s0" dev="tmpfs" ino=12048 scontext=u:r:shell:s0 tcontext=u:object_r:device_config_runtime_native_boot_prop:s0 tclass=file permissive=0
04-28 15:18:25.589  2021  2021 E libc    : Access denied finding property "persist.device_config.runtime_native_boot.enable_apex_image"
04-28 15:18:25.590  2021  2021 I AndroidRuntime: Using default boot image
04-28 15:18:25.590  2021  2021 E libc    : Access denied finding property "persist.device_config.runtime_native_boot.disable_lock_profiling"
04-28 15:18:25.590  2021  2021 I AndroidRuntime: Leaving lock profiling enabled
04-28 15:18:25.591  2021  2021 E libc    : Access denied finding property "persist.device_config.runtime_native_boot.enable_generational_cc"
04-28 15:18:25.605  2021  2021 W app_process: Could not reserve sentinel fault page
04-28 15:18:25.605  2021  2021 I app_process: Core platform API reporting enabled, enforcing=false
04-28 15:18:25.686   593   636 D ThermalEngine: zone:1 sensor:xo-therm-buf-adc temp:47770 trip:0 event:0
04-28 15:18:25.696   593   636 D ThermalEngine: zone:20 sensor:skin-therm-adc temp:33181 trip:0 event:0
04-28 15:18:25.872   497   537 W SDM     : HWPrimary::PopulateDisplayAttributes: Driver doesn't report panel physical width and height - defaulting to 320dpi
04-28 15:18:25.874  2021  2021 D ICU     : Time zone APEX file found: /apex/com.android.tzdata/etc/icu/icu_tzdata.dat
04-28 15:18:25.892  2478  2478 D StatusBar: disable<e i a s b h r c s > disable2<q i n >
04-28 15:18:25.901   593   636 D ThermalEngine: zone:2 sensor:pa-therm0-adc temp:45000 trip:0 event:0
04-28 15:18:25.912  2021  2021 I app_process: The ClassLoaderContext is a special shared library.
04-28 15:18:26.010  2021  2021 W app_process: JNI RegisterNativeMethods: attempt to register 0 native methods for android.media.AudioAttributes
04-28 15:18:26.049  2021  2021 D AndroidRuntime: Calling main entry com.android.commands.media.Media
04-28 15:18:26.089  2478  2478 D StatusBar: disable<e i a s b h r c s > disable2<q i n >
04-28 15:18:26.098  2478  2036 W RingtonePlayer: STOP command without a player
04-28 15:18:26.146  2021  2021 W main    : type=1400 audit(0.0:13586): avc: denied { execute } for name="idmap2" dev="dm-0" ino=600 scontext=u:r:shell:s0 tcontext=u:object_r:idmap_exec:s0 tclass=file permissive=0
04-28 15:18:26.150  2021  2021 W asset   : unable to execute idmap2: Permission denied
04-28 15:18:26.150  2021  2021 W AssetManager: 'idmap2 --scan' failed: no static="true" overlays targeting "android" will be loaded
04-28 15:18:26.188  2021  2021 D AndroidRuntime: Shutting down VM
04-28 15:18:26.457   497   537 W SDM     : HWPrimary::PopulateDisplayAttributes: Driver doesn't report panel physical width and height - defaulting to 320dpi
04-28 15:18:26.541  2826  2841 I m.android.phon: Background concurrent copying GC freed 154019(16MB) AllocSpace objects, 37(712KB) LOS objects, 82% free, 3844KB/21MB, paused 315us total 308.079ms
04-28 15:18:28.343   339   339 I hwservicemanager: getTransport: Cannot find entry vendor.qti.hardware.servicetracker@1.0::IServicetracker/default in either framework or device manifest.
04-28 15:18:28.673   593   636 D ThermalEngine: zone:0 sensor:xo-therm-adc temp:47905 trip:0 event:0
04-28 15:18:28.673   593   649 D ThermalEngine: sensor_monitor: xo-therm-adc Reading 47905 .
04-28 15:18:28.673   593   649 I ThermalEngine: Sensor:xo-therm-adc:47905 mC
04-28 15:18:28.673   593   649 D ThermalEngine: update_active_thresh: xo-therm-adc Active(1), Hi(1) 51000, Lo(1) 45000, desc(0) Interval(1) 2000
04-28 15:18:28.674   593   649 D ThermalEngine: sensor_monitor: xo-therm-adc Sensor wait.
04-28 15:18:29.320   339   339 I hwservicemanager: getTransport: Cannot find entry vendor.qti.hardware.servicetracker@1.0::IServicetracker/default in either framework or device manifest.
04-28 15:18:30.799   518   518 I vendor.rmt_storage: rmt_storage_connect_cb: clnt_h=0x2c conn_h=0xa6c0a020
04-28 15:18:30.799   518   518 I vendor.rmt_storage: rmt_storage_rw_iovec_cb: /boot/modem_fs1: req_h=0x2c msg_id=3: R/W request received (wr_count 36)
04-28 15:18:30.799   518   518 I vendor.rmt_storage: wakelock acquired: 1, error no: 42
04-28 15:18:30.799   518   830 I vendor.rmt_storage: rmt_storage_client_thread: /boot/modem_fs1: Unblock worker thread (th_id: -1498955216)
04-28 15:18:30.806   593   636 D ThermalEngine: zone:20 sensor:skin-therm-adc temp:18037 trip:0 event:0
04-28 15:18:30.807   593   636 D ThermalEngine: zone:1 sensor:xo-therm-buf-adc temp:47635 trip:0 event:0
04-28 15:18:30.886   518   830 I vendor.rmt_storage: rmt_storage_client_thread: /boot/modem_fs1: req_h=0x2c msg_id=3: Bytes written = 1572864, wr_count 36
04-28 15:18:30.886   518   830 I vendor.rmt_storage: rmt_storage_client_thread: /boot/modem_fs1: req_h=0x2c msg_id=3: Send response: res=0 err=0, wr_count 36
04-28 15:18:30.886   518   830 I vendor.rmt_storage: rmt_storage_client_thread: /boot/modem_fs1: About to block rmt_storage client thread (th_id: -1498955216) wakelock released: 1, error no: 0
04-28 15:18:30.886   518   830 I vendor.rmt_storage: 
04-28 15:18:30.888   518   518 I vendor.rmt_storage: rmt_storage_disconnect_cb: clnt_h=0x2c conn_h=0xa6c0a020
04-28 15:18:31.019   593   636 D ThermalEngine: zone:2 sensor:pa-therm0-adc temp:45000 trip:0 event:0
04-28 15:18:31.386   339   339 I hwservicemanager: getTransport: Cannot find entry vendor.qti.hardware.servicetracker@1.0::IServicetracker/default in either framework or device manifest.
04-28 15:18:32.456  2478  2478 I KeyButtonView: Back button event: ACTION_DOWN
04-28 15:18:32.489   491  2184 D audio_hw_primary: start_output_stream: enter: stream(0xa201c000)usecase(1: low-latency-playback) devices(0x2)
04-28 15:18:32.489   497   537 W SDM     : HWPrimary::PopulateDisplayAttributes: Driver doesn't report panel physical width and height - defaulting to 320dpi
04-28 15:18:32.490   491  2184 D audio_hw_primary: select_devices for use case (low-latency-playback)
04-28 15:18:32.490   491  2184 D audio_hw_primary: select_devices: out_snd_device(2: speaker) in_snd_device(0: )
04-28 15:18:32.490   491  2184 I msm8916_platform: platform_check_and_set_codec_backend_cfg:becf: afe: bitwidth 16, samplerate 48000 channels 2, backend_idx 0 usecase = 1 device (speaker)
04-28 15:18:32.490   491  2184 D msm8916_platform: platform_split_snd_device: snd_device(2) num devices(1) new_snd_devices(0)
04-28 15:18:32.490   491  2184 I msm8916_platform: platform_check_and_set_codec_backend_cfg: becf: new_snd_devices[0] is speaker
04-28 15:18:32.490   491  2184 I msm8916_platform: platform_check_codec_backend_cfg:becf: afe: Codec selected backend: 0 current bit width: 16 sample rate: 48000 channels: 2 usecase 1 device (speaker)
04-28 15:18:32.490   491  2184 D msm8916_platform: platform_check_codec_backend_cfg:becf: afe: playback on codec device not supporting native playback set default Sample Rate(48k)
04-28 15:18:32.490   491  2184 D msm8916_platform: platform_check_codec_backend_cfg:becf: afe: only 48KHZ sample rate is supported Configure afe to default Sample Rate(48k)
04-28 15:18:32.490   491  2184 I msm8916_platform: platform_check_codec_backend_cfg:becf: afe: Codec selected backend: 0 updated bit width: 16 sample rate: 48000 channels: 2
04-28 15:18:32.490   491  2184 D audio_hw_primary: check_usecases_codec_backend:becf: force routing 0
04-28 15:18:32.490   491  2184 E msm8916_platform: platform_check_backends_match: Invalid snd_device = 
04-28 15:18:32.490   491  2184 D audio_hw_primary: check_usecases_codec_backend:becf: (63) check_usecases curr device: speaker, usecase device: backends match 0
04-28 15:18:32.490   491  2184 D audio_hw_primary: check_usecases_codec_backend:becf: check_usecases num.of Usecases to switch 0
04-28 15:18:32.490   491  2184 D hardware_info: hw_info_append_hw_type : device_name = speaker
04-28 15:18:32.490   491  2184 D msm8916_platform: platform_split_snd_device: snd_device(2) num devices(0) new_snd_devices(0)
04-28 15:18:32.490   491  2184 D audio_hw_primary: enable_snd_device: snd_device(2: speaker)
04-28 15:18:32.490   491  2184 D audio_route: Apply path: speaker
04-28 15:18:32.498   491  2184 D audio_hw_utils: audio_extn_utils_send_app_type_cfg: usecase->out_snd_device speaker
04-28 15:18:32.498   491  2184 D msm8916_platform: platform_split_snd_device: snd_device(2) num devices(0) new_snd_devices(0)
04-28 15:18:32.499   491  2184 D audio_hw_utils: audio_extn_btsco_get_sample_rate:Not a BT SCO device, need not update sampling rate
04-28 15:18:32.499   491  2184 I audio_hw_utils: send_app_type_cfg_for_device PLAYBACK app_type 69937, acdb_dev_id 14, sample_rate 48000, snd_device_be_idx 43
04-28 15:18:32.499   491  2184 D msm8916_platform: platform_split_snd_device: snd_device(2) num devices(1) new_snd_devices(0)
04-28 15:18:32.499   491  2184 D audio_hw_utils: audio_extn_btsco_get_sample_rate:Not a BT SCO device, need not update sampling rate
04-28 15:18:32.499   491  2184 D ACDB-LOADER: ACDB -> send_audio_cal, acdb_id = 14, path = 0, app id = 0x11131, sample rate = 48000, afe_sample_rate = 48000
04-28 15:18:32.499   491  2184 D ACDB-LOADER: ACDB -> send_asm_topology
04-28 15:18:32.499   491  2184 D ACDB-LOADER: ACDB -> ACDB_CMD_GET_AUDPROC_STREAM_TOPOLOGY_ID
04-28 15:18:32.499   491  2184 D ACDB-LOADER: ACDB -> send_adm_topology
04-28 15:18:32.499   491  2184 D ACDB-LOADER: ACDB -> ACDB_CMD_GET_AUDPROC_COMMON_TOPOLOGY_ID
04-28 15:18:32.499   491  2184 D ACDB-LOADER: ACDB -> send_audtable
04-28 15:18:32.499   491  2184 D ACDB-LOADER: ACDB -> ACDB_CMD_GET_AUDPROC_COMMON_TABLE_SIZE
04-28 15:18:32.499   491  2184 D ACDB-LOADER: ACDB -> ACDB_CMD_GET_AUDPROC_COMMON_TABLE
04-28 15:18:32.499   491  2184 D ACDB-LOADER: ACDB -> AUDIO_SET_AUDPROC_CAL cal_type[11] acdb_id[14] app_type[69937]
04-28 15:18:32.499   491  2184 D ACDB-LOADER: ACDB -> send_audvoltable
04-28 15:18:32.499   491  2184 D ACDB-LOADER: ACDB -> ACDB_CMD_GET_AUDPROC_GAIN_DEP_STEP_TABLE_SIZE
04-28 15:18:32.499   491  2184 D ACDB-LOADER: ACDB -> ACDB_CMD_GET_AUDPROC_GAIN_DEP_STEP_TABLE, vol index 0
04-28 15:18:32.499   491  2184 D ACDB-LOADER: ACDB -> AUDIO_SET_VOL_CAL cal type = 12
04-28 15:18:32.499   491  2184 D ACDB-LOADER: ACDB -> ACDB_CMD_GET_AUDPROC_STREAM_TABLE_SIZE
04-28 15:18:32.499   491  2184 D ACDB-LOADER: ACDB -> send_audstrmtable
04-28 15:18:32.499   491  2184 D ACDB-LOADER: ACDB -> ACDB_CMD_GET_AUDPROC_STREAM_TABLE_V2
04-28 15:18:32.499   491  2184 D ACDB-LOADER: ACDB -> audstrm_cal->cal_type.cal_data.cal_size = 16
04-28 15:18:32.500   491  2184 D ACDB-LOADER: ACDB -> send_afe_topology
04-28 15:18:32.500   491  2184 D ACDB-LOADER: ACDB -> ACDB_CMD_GET_AFE_TOPOLOGY_ID
04-28 15:18:32.500   491  2184 D ACDB-LOADER: ACDB -> GET_AFE_TOPOLOGY_ID for adcd_id 14, Topology Id 1000fc01
04-28 15:18:32.500   491  2184 D ACDB-LOADER: ACDB -> send_afe_cal
04-28 15:18:32.500   491  2184 D ACDB-LOADER: ACDB -> ACDB_CMD_GET_AFE_COMMON_TABLE_SIZE
04-28 15:18:32.500   491  2184 D ACDB-LOADER: ACDB -> ACDB_CMD_GET_AFE_COMMON_TABLE
04-28 15:18:32.500   491  2184 D ACDB-LOADER: ACDB -> AUDIO_SET_AFE_CAL cal_type[16] acdb_id[14]
04-28 15:18:32.500   491  2184 D ACDB-LOADER: ACDB -> send_hw_delay : acdb_id = 14 path = 0
04-28 15:18:32.500   491  2184 D ACDB-LOADER: ACDB -> ACDB_AVSYNC_INFO: ACDB_CMD_GET_DEVICE_PROPERTY
04-28 15:18:32.500   491  2184 D msm8916_platform: platform_split_snd_device: snd_device(2) num devices(0) new_snd_devices(0)
04-28 15:18:32.500   491  2184 I msm8916_platform: platform_get_custom_mtmx_params: no matching param with id 0 ip_ch 2 op_ch 1 uc_id 1 snd_dev 2
04-28 15:18:32.500   491  2184 D audio_hw_primary: enable_audio_route: apply mixer and update path: low-latency-playback
04-28 15:18:32.500   491  2184 D audio_route: Apply path: low-latency-playback
04-28 15:18:32.501   491  2184 D audio_hw_primary: select_devices: done
04-28 15:18:32.504   491  2184 D msm8916_platform: platform_set_channel_map mixer_ctl_name:Playback Channel Map12
04-28 15:18:32.505   491  2184 D msm8916_platform: platform_set_channel_map: set mapping(1 2 0 0 0 0 0 0) for channel:2
04-28 15:18:32.551   491  2184 D audio_hw_primary: start_output_stream: exit
04-28 15:18:32.551   491  2184 D msm8916_platform: platform_split_snd_device: snd_device(2) num devices(0) new_snd_devices(0)
04-28 15:18:32.551   491  2184 I msm8916_platform: platform_get_custom_mtmx_params: no matching param with id 0 ip_ch 2 op_ch 1 uc_id 1 snd_dev 2
04-28 15:18:32.556  2478  2478 I KeyButtonView: Back button event: ACTION_UP
04-28 15:18:32.559  1080  1309 D AutofillManagerService: onBackKeyPressed()
04-28 15:18:32.604  2478  2478 D StatusBar: disable<e i a s b h r c s > disable2<q i n >
04-28 15:18:32.709   491   563 I chatty  : uid=1041(audioserver) HwBinder:491_1 identical 12 lines
04-28 15:18:32.733  2478  2478 D StatusBar: disable<e i a s b h r c s > disable2<q i n >
04-28 15:18:32.893  2046  2046 D AndroidRuntime: >>>>>> START com.android.internal.os.RuntimeInit uid 2000 <<<<<<
04-28 15:18:32.903  2046  2046 W app_process: type=1400 audit(0.0:13587): avc: denied { read } for name="u:object_r:device_config_runtime_native_boot_prop:s0" dev="tmpfs" ino=12048 scontext=u:r:shell:s0 tcontext=u:object_r:device_config_runtime_native_boot_prop:s0 tclass=file permissive=0
