04-28 15:18:05.498  2478  1827 W RingtonePlayer: 	at libcore.io.IoBridge.open(IoBridge.java:496)
04-28 15:18:05.498  2478  1827 W RingtonePlayer: 	at java.io.FileInputStream.<init>(FileInputStream.java:159)
04-28 15:18:05.498  2478  1827 W RingtonePlayer: 	at android.media.MediaPlayer.setDataSource(MediaPlayer.java:1182)
04-28 15:18:05.498  2478  1827 W RingtonePlayer: 	at android.media.MediaPlayer.setDataSource(MediaPlayer.java:1160)
04-28 15:18:05.498  2478  1827 W RingtonePlayer: 	at android.media.MediaPlayer.setDataSource(MediaPlayer.java:1125)
04-28 15:18:05.498  2478  1827 W RingtonePlayer: 	at android.media.MediaPlayer.setDataSource(MediaPlayer.java:1055)
04-28 15:18:05.498  2478  1827 W RingtonePlayer: 	at android.media.MediaPlayer.setDataSource(MediaPlayer.java:1001)
04-28 15:18:05.498  2478  1827 W RingtonePlayer: 	at com.android.systemui.media.NotificationPlayer$CreationAndCompletionThread.run(NotificationPlayer.java:103)
04-28 15:18:05.498  2478  1827 W RingtonePlayer: Caused by: android.system.ErrnoException: open failed: ENOENT (No such file or directory)
04-28 15:18:05.498  2478  1827 W RingtonePlayer: 	at libcore.io.Linux.open(Native Method)
04-28 15:18:05.498  2478  1827 W RingtonePlayer: 	at libcore.io.ForwardingOs.open(ForwardingOs.java:167)
04-28 15:18:05.498  2478  1827 W RingtonePlayer: 	at libcore.io.BlockGuardOs.open(BlockGuardOs.java:252)
04-28 15:18:05.498  2478  1827 W RingtonePlayer: 	at libcore.io.ForwardingOs.open(ForwardingOs.java:167)
04-28 15:18:05.498  2478  1827 W RingtonePlayer: 	at android.app.ActivityThread$AndroidOs.open(ActivityThread.java:7296)
04-28 15:18:05.498  2478  1827 W RingtonePlayer: 	at libcore.io.IoBridge.open(IoBridge.java:482)
04-28 15:18:05.498  2478  1827 W RingtonePlayer: 	... 7 more
04-28 15:18:05.719  1540  1540 W RoamingAdTrigger: Null network info object
04-28 15:18:05.726  1080  1623 I chatty  : uid=1000(system) Binder:1080_18 expire 12 lines
04-28 15:18:05.805  1540  1540 E JOB     : JioDownload Service
04-28 15:18:05.815  2478  2478 D StatusBarNotificationPresenter: calling update notifications on Panel
04-28 15:18:05.833  1080  1835 I DropBoxManagerService: add tag=system_app_wtf isTagEnabled=true flags=0x2
04-28 15:18:05.839  2478  2478 D StatusBarNotificationPresenter: calling update notifications on Panel
04-28 15:18:06.538  2478  2478 I PowerUI.Notification: show battery full warning: level=100 [1] 
04-28 15:18:06.555  2478  2478 D StatusBarNotificationPresenter: calling update notifications on Panel
04-28 15:18:06.575  2478  2478 D StatusBarNotificationPresenter: calling update notifications on Panel
04-28 15:18:06.696  1580  1603 W System  : A resource failed to call close. 
04-28 15:18:06.703  1580  1603 I chatty  : uid=10073(com.jio.jioplay.tv) FinalizerDaemon identical 5 lines
04-28 15:18:06.705  1580  1603 W System  : A resource failed to call close. 
04-28 15:18:07.842  1080  1321 W BroadcastQueue: Background execution not allowed: receiving Intent { act=android.intent.action.DROPBOX_ENTRY_ADDED flg=0x10 (has extras) } to com.google.android.gms/.stats.service.DropBoxEntryAddedReceiver
04-28 15:18:07.842  1080  1321 W BroadcastQueue: Background execution not allowed: receiving Intent { act=android.intent.action.DROPBOX_ENTRY_ADDED flg=0x10 (has extras) } to com.google.android.gms/.chimera.GmsIntentOperationService$PersistentTrustedReceiver
04-28 15:18:08.620   593   636 D ThermalEngine: zone:0 sensor:xo-therm-adc temp:48513 trip:0 event:0
04-28 15:18:08.620   593   649 D ThermalEngine: sensor_monitor: xo-therm-adc Reading 48513 .
04-28 15:18:08.621   593   649 I ThermalEngine: Sensor:xo-therm-adc:48513 mC
04-28 15:18:08.621   593   649 D ThermalEngine: update_active_thresh: xo-therm-adc Active(1), Hi(1) 51000, Lo(1) 45000, desc(0) Interval(1) 2000
04-28 15:18:08.621   593   649 D ThermalEngine: sensor_monitor: xo-therm-adc Sensor wait.
04-28 15:18:10.371   593   636 D ThermalEngine: zone:20 sensor:skin-therm-adc temp:16495 trip:0 event:0
04-28 15:18:10.379   593   636 D ThermalEngine: zone:1 sensor:xo-therm-buf-adc temp:48175 trip:0 event:0
04-28 15:18:10.573  1660  1660 I /vendor/bin/hw/android.hardware.light@2.0-service-lazy: Process has 0 (of 1 available) client(s) in use after notification android.hardware.light@2.0::ILight has clients: 0
04-28 15:18:10.573  1660  1660 I /vendor/bin/hw/android.hardware.light@2.0-service-lazy: Trying to exit HAL. No clients in use for any service in process.
04-28 15:18:10.575   593   636 D ThermalEngine: zone:2 sensor:pa-therm0-adc temp:45135 trip:0 event:0
04-28 15:18:10.576  1660  1660 I /vendor/bin/hw/android.hardware.light@2.0-service-lazy: Unregistered all clients and exiting
04-28 15:18:12.656  1869  1869 I chatty  : uid=2000(shell) app_process expire 16 lines
04-28 15:18:13.598  1080  1080 W JobServiceContext: No response from client for onStartJob 806c4ac #u0a71/1011 com.jio.media.ondemand/com.jio.media.analytics.AnalyticsService
04-28 15:18:14.050  1883  1883 I chatty  : uid=2000(shell) app_process expire 19 lines
04-28 15:18:14.659  2478  2696 I vol.Events: writeEvent level_changed STREAM_MUSIC 15
04-28 15:18:14.664  2478  2696 I vol.Events: writeEvent mute_changed STREAM_MUSIC false
04-28 15:18:14.820  2919  1901 E WakeLock: GCM_HB_ALARM release without a matched acquire!
04-28 15:18:14.820  2919  1901 W WakeLock: GCM_HB_ALARM counter does not exist
04-28 15:18:14.824  2919  1901 E WakeLock: GCM_CONN_ALARM release without a matched acquire!
04-28 15:18:15.135  1080  1623 I ActivityManager: Killing 659:com.android.carrierdefaultapp/u0a61 (adj 940): cached #5
04-28 15:18:15.236   419   419 I Zygote  : Process 659 exited due to signal 9 (Killed)
04-28 15:18:15.446   593   636 D ThermalEngine: zone:1 sensor:xo-therm-buf-adc temp:47770 trip:0 event:0
04-28 15:18:15.447   593   636 D ThermalEngine: zone:20 sensor:skin-therm-adc temp:32272 trip:0 event:0
04-28 15:18:15.660   593   636 D ThermalEngine: zone:2 sensor:pa-therm0-adc temp:45067 trip:0 event:0
04-28 15:18:15.734  1899  1899 I chatty  : uid=2000(shell) app_process expire 16 lines
04-28 15:18:16.569  2478  2478 D StatusBarNotificationPresenter: calling update notifications on Panel
04-28 15:18:16.682   497   497 I chatty  : uid=1000(system) composer@2.1-se expire 9 lines
04-28 15:18:16.955  1080  1344 I PowerManagerService: Going to sleep due to timeout (uid 1000)...
04-28 15:18:16.956  1080  1344 I DisplayPowerController: Blocking screen off
04-28 15:18:16.957  1080  1080 W UsageStatsService: Event reported without a package name, eventType:16
04-28 15:18:16.971  1080  1344 I DisplayPowerController: Unblocked screen off after 1 ms
04-28 15:18:16.979  1080  1344 D ActivityTaskManager: Top Process State changed to PROCESS_STATE_TOP_SLEEPING
04-28 15:18:17.020  1080  1327 E KernelCpuSpeedReader: Failed to read cpu-freq: /sys/devices/system/cpu/cpu0/cpufreq/stats/time_in_state: open failed: ENOENT (No such file or directory)
04-28 15:18:17.031  2478  2478 D StatusBarNotificationPresenter: calling update notifications on Panel
04-28 15:18:17.041  1080  1344 I chatty  : uid=1000(system) PowerManagerSer expire 2 lines
04-28 15:18:17.069  1080  1314 I DisplayManagerService: Display device changed state: "Built-in Screen", OFF
04-28 15:18:17.074  2478  2478 D StatusBarNotificationPresenter: calling update notifications on Panel
04-28 15:18:17.083  2478  2478 D StatusBar: disable<e i a s b h r c s > disable2<q i n >
04-28 15:18:17.144  1080  1314 I chatty  : uid=1000(system) android.display expire 1 line
04-28 15:18:17.225  2478  2478 D StatusBar: disable<e i a s b h r c s > disable2<q i n >
04-28 15:18:17.240  2478  2478 D ImageWallpaper: wallpaper visibility changes to: false
04-28 15:18:17.260  1916  1916 I chatty  : uid=2000(shell) app_process expire 12 lines
04-28 15:18:17.328  1920  1920 I chatty  : uid=1000(system) expire 5 lines
04-28 15:18:17.339  1920  1920 E light   : Light passthrough failed to load legacy HAL.
04-28 15:18:17.339  1920  1920 E light   : light_open lights wifi failed: -22
04-28 15:18:17.339  1920  1920 E light   : Light passthrough failed to load legacy HAL.
04-28 15:18:17.341  1920  1920 I /vendor/bin/hw/android.hardware.light@2.0-service-lazy: Registering HAL: android.hardware.light@2.0::ILight with name: default
04-28 15:18:17.345  1920  1920 I ServiceManagement: Removing namespace from process name android.hardware.light@2.0-service-lazy to light@2.0-service-lazy.
04-28 15:18:17.354  1920  1920 I         : Registration complete for android.hardware.light@2.0::ILight/default.
04-28 15:18:17.356   516   516 D SurfaceFlinger: Setting power mode 0 on display 0
04-28 15:18:17.610  1916  1916 I app_process: The ClassLoaderContext is a special shared library.
04-28 15:18:17.673  1916  1916 W app_process: JNI RegisterNativeMethods: attempt to register 0 native methods for android.media.AudioAttributes
04-28 15:18:17.704  1916  1916 D AndroidRuntime: Calling main entry com.android.commands.media.Media
04-28 15:18:17.783  1916  1916 W main    : type=1400 audit(0.0:13572): avc: denied { execute } for name="idmap2" dev="dm-0" ino=600 scontext=u:r:shell:s0 tcontext=u:object_r:idmap_exec:s0 tclass=file permissive=0
04-28 15:18:17.784  1916  1916 W asset   : unable to execute idmap2: Permission denied
04-28 15:18:17.784  1916  1916 W AssetManager: 'idmap2 --scan' failed: no static="true" overlays targeting "android" will be loaded
04-28 15:18:17.816  1916  1916 D AndroidRuntime: Shutting down VM
04-28 15:18:18.619   516   516 D SurfaceFlinger: Finished setting power mode 0 on display 0
04-28 15:18:18.630   500   500 I QTI PowerHAL: Got set_interactive hint
04-28 15:18:18.631   500   500 I QTI PowerHAL: Got set_interactive hint on= 0, count= 164
04-28 15:18:18.631   500   500 E QTI PowerHAL: Error opening /sys/kernel/hbtp/display_pwr: No such file or directory
04-28 15:18:18.633  1080  1344 I DreamManagerService: Entering dreamland.
04-28 15:18:18.635  1080  1344 I PowerManagerService: Dozing...
04-28 15:18:18.642  1080  1306 I DreamController: Starting dream: name=ComponentInfo{com.android.systemui/com.android.systemui.doze.DozeService}, isTest=false, canDoze=true, userId=0
04-28 15:18:18.646   593   636 D ThermalEngine: zone:0 sensor:xo-therm-adc temp:47837 trip:0 event:0
04-28 15:18:18.646   593   649 D ThermalEngine: sensor_monitor: xo-therm-adc Reading 47837 .
04-28 15:18:18.646   593   649 I ThermalEngine: Sensor:xo-therm-adc:47837 mC
04-28 15:18:18.646   593   649 D ThermalEngine: update_active_thresh: xo-therm-adc Active(1), Hi(1) 51000, Lo(1) 45000, desc(0) Interval(1) 2000
04-28 15:18:18.646   593   649 D ThermalEngine: sensor_monitor: xo-therm-adc Sensor wait.
04-28 15:18:18.661  1080  1306 I chatty  : uid=1000(system) android.fg expire 3 lines
04-28 15:18:18.671  1080  1306 D AutofillManagerService: Close system dialogs
04-28 15:18:19.017  1940  1940 D AndroidRuntime: >>>>>> START com.android.internal.os.RuntimeInit uid 2000 <<<<<<
04-28 15:18:19.026  1940  1940 W app_process: type=1400 audit(0.0:13573): avc: denied { read } for name="u:object_r:device_config_runtime_native_boot_prop:s0" dev="tmpfs" ino=12048 scontext=u:r:shell:s0 tcontext=u:object_r:device_config_runtime_native_boot_prop:s0 tclass=file permissive=0
04-28 15:18:19.026  1940  1940 W app_process: type=1400 audit(0.0:13574): avc: denied { read } for name="u:object_r:device_config_runtime_native_boot_prop:s0" dev="tmpfs" ino=12048 scontext=u:r:shell:s0 tcontext=u:object_r:device_config_runtime_native_boot_prop:s0 tclass=file permissive=0
04-28 15:18:19.029  1940  1940 W app_process: type=1400 audit(0.0:13575): avc: denied { read } for name="u:object_r:device_config_runtime_native_boot_prop:s0" dev="tmpfs" ino=12048 scontext=u:r:shell:s0 tcontext=u:object_r:device_config_runtime_native_boot_prop:s0 tclass=file permissive=0
04-28 15:18:19.030  1940  1940 E libc    : Access denied finding property "persist.device_config.runtime_native_boot.enable_apex_image"
04-28 15:18:19.030  1940  1940 I AndroidRuntime: Using default boot image
04-28 15:18:19.030  1940  1940 E libc    : Access denied finding property "persist.device_config.runtime_native_boot.disable_lock_profiling"
04-28 15:18:19.030  1940  1940 I AndroidRuntime: Leaving lock profiling enabled
04-28 15:18:19.032  1940  1940 E libc    : Access denied finding property "persist.device_config.runtime_native_boot.enable_generational_cc"
04-28 15:18:19.047  1940  1940 W app_process: Could not reserve sentinel fault page
04-28 15:18:19.047  1940  1940 I app_process: Core platform API reporting enabled, enforcing=false
04-28 15:18:19.329  1940  1940 D ICU     : Time zone APEX file found: /apex/com.android.tzdata/etc/icu/icu_tzdata.dat
04-28 15:18:19.388  1940  1940 I app_process: The ClassLoaderContext is a special shared library.
04-28 15:18:19.422  2478  2478 D StatusBar: updateQsExpansionEnabled - QS Expand enabled: false
04-28 15:18:19.472  2478  2478 D StatusBarNotificationPresenter: calling update notifications on Panel
04-28 15:18:19.538  2478  2478 D StatusBar: updateQsExpansionEnabled - QS Expand enabled: false
04-28 15:18:19.560  1940  1940 W app_process: JNI RegisterNativeMethods: attempt to register 0 native methods for android.media.AudioAttributes
04-28 15:18:19.580  2478  2478 D StatusBar: updateQsExpansionEnabled - QS Expand enabled: false
04-28 15:18:19.585  2478  2478 D StatusBarNotificationPresenter: calling update notifications on Panel
04-28 15:18:19.590  1940  1940 D AndroidRuntime: Calling main entry com.android.commands.input.Input
04-28 15:18:19.599  1080  1157 I PowerManagerService: Waking up from Dozing (uid=1000, reason=WAKE_REASON_WAKE_KEY, details=android.policy:KEY)...
04-28 15:18:19.600  1080  1080 W UsageStatsService: Event reported without a package name, eventType:15
04-28 15:18:19.604  1080  1344 I DisplayPowerController: Blocking screen on until initial contents have been drawn.
04-28 15:18:19.607  2478  2478 D StatusBarNotificationPresenter: calling update notifications on Panel
04-28 15:18:19.609  2478  2478 D StatusBar: disable<e i a s b h r c s > disable2<q i n >
04-28 15:18:19.619  2478  2478 D StatusBar: disable<e i a s b h r c s > disable2<q i n >
04-28 15:18:20.355  1940  1940 D AndroidRuntime: Shutting down VM
04-28 15:18:20.366  1080  1327 E KernelCpuSpeedReader: Failed to read cpu-freq: /sys/devices/system/cpu/cpu0/cpufreq/stats/time_in_state: open failed: ENOENT (No such file or directory)
04-28 15:18:20.383  1080  1080 I chatty  : uid=1000 system_server expire 2 lines
04-28 15:18:20.387  1080  1080 W Looper  : Slow dispatch took 788ms main h=com.android.server.power.Notifier$NotifierHandler c=com.android.server.power.Notifier$1@ad5bba2 m=0
04-28 15:18:20.387  1080  1309 I chatty  : uid=1000(system) android.ui expire 2 lines
04-28 15:18:20.388  1080  2853 I chatty  : uid=1000(system) Binder:1080_1A expire 10 lines
04-28 15:18:20.415  1080  1309 W Looper  : Slow dispatch took 796ms android.ui h=com.android.server.am.ActivityManagerService$UiHandler c=null m=53
04-28 15:18:20.425  1080  1080 W Looper  : Slow delivery took 788ms main h=com.android.server.power.Notifier$NotifierHandler c=com.android.server.power.Notifier$5@f399325 m=0
04-28 15:18:20.439  1080  1080 W Looper  : Drained
04-28 15:18:20.440  2478  2478 I Choreographer: Skipped 104 frames!  The application may be doing too much work on its main thread.
04-28 15:18:20.447   500   500 I QTI PowerHAL: Got set_interactive hint
04-28 15:18:20.447   500   500 I QTI PowerHAL: Got set_interactive hint on= 1, count= 165
04-28 15:18:20.447   500   500 E QTI PowerHAL: Error opening /sys/kernel/hbtp/display_pwr: No such file or directory
04-28 15:18:20.452   516   516 D SurfaceFlinger: Setting power mode 2 on display 0
04-28 15:18:20.452  1080  1314 I DisplayManagerService: Display device changed state: "Built-in Screen", ON
04-28 15:18:20.459  1080  2412 I chatty  : uid=1000(system) ClientModeImpl expire 1 line
04-28 15:18:20.495   491   563 D audio_hw_primary: adev_set_parameters: enter: screen_state=off
04-28 15:18:20.510  1080  1321 W BroadcastQueue: Background execution not allowed: receiving Intent { act=android.intent.action.USER_PRESENT flg=0x24200010 } to com.android.chrome/org.chromium.chrome.browser.sharing.click_to_call.ClickToCallMessageHandler$PhoneUnlockedReceiver
04-28 15:18:20.513  1080  1321 W BroadcastQueue: Background execution not allowed: receiving Intent { act=android.intent.action.USER_PRESENT flg=0x24200010 } to com.facebook.lite/com.facebook.rti.push.service.MqttSystemBroadcastReceiver
04-28 15:18:20.514  1080  1321 W BroadcastQueue: Background execution not allowed: receiving Intent { act=android.intent.action.USER_PRESENT flg=0x24200010 } to com.google.android.gms/.auth.setup.devicesignals.LockScreenReceiver
04-28 15:18:20.514  1080  1321 W BroadcastQueue: Background execution not allowed: receiving Intent { act=android.intent.action.USER_PRESENT flg=0x24200010 } to com.google.android.gms/.trustagent.UserPresentBroadcastReceiver
04-28 15:18:20.514  1080  1321 W BroadcastQueue: Background execution not allowed: receiving Intent { act=android.intent.action.USER_PRESENT flg=0x24200010 } to com.google.android.gms/.chimera.GmsIntentOperationService$PersistentTrustedReceiver
04-28 15:18:20.518  2478  2478 I FalsingManagerPlugin: com.android.systemui.classifier.brightline.TypeClassifier: true
04-28 15:18:20.521  2478  2478 D StatusBar: disable<e i a s b h r c s > disable2<q i n >
04-28 15:18:20.523  2478  2478 W View    : requestLayout() improperly called by com.android.keyguard.CarrierText{37f57d5 V.ED..... ......ID 22,0-314,54 #7f0a01ec app:id/keyguard_carrier_text} during layout: running second layout pass
04-28 15:18:20.524  2478  2478 I FalsingManagerPlugin: com.android.systemui.classifier.brightline.TypeClassifier: true
04-28 15:18:20.525  2478  2478 I FalsingManagerPlugin: com.android.systemui.classifier.brightline.TypeClassifier: true
04-28 15:18:20.566   593   636 D ThermalEngine: zone:20 sensor:skin-therm-adc temp:27285 trip:0 event:0
04-28 15:18:20.572  1920  1920 I /vendor/bin/hw/android.hardware.light@2.0-service-lazy: Process has 1 (of 1 available) client(s) in use after notification android.hardware.light@2.0::ILight has clients: 1
04-28 15:18:20.575   593   636 D ThermalEngine: zone:1 sensor:xo-therm-buf-adc temp:47635 trip:0 event:0
04-28 15:18:20.604  1080  1309 W WindowManager: Keyguard drawn timeout. Setting mKeyguardDrawComplete
04-28 15:18:20.630  2919  3818 I NearbySharing: Screen is unlocked [CONTEXT service_id=194 ]
04-28 15:18:20.634  2919  3818 I NearbySharing: Failed to stop scanning because weren't scanning. [CONTEXT service_id=194 ]
04-28 15:18:20.634  2919  3818 I NearbySharing: Stopping discovery because Bluetooth is disabled. [CONTEXT service_id=194 ]
04-28 15:18:20.635  2919  3818 I NearbySharing: Can't stop advertising FastInitiation. Not advertising. [CONTEXT service_id=194 ]
04-28 15:18:20.636  2919  3818 I NearbySharing: Stopping Fast Init advertisement because Bluetooth is off. [CONTEXT service_id=194 ]
04-28 15:18:20.636  2919  3818 I NearbySharing: Failed to stop advertising because we weren't advertising. [CONTEXT service_id=194 ]
04-28 15:18:20.636  2919  3818 I NearbySharing: Stopping advertising because Bluetooth is disabled. [CONTEXT service_id=194 ]
04-28 15:18:20.639  2919  3818 I NearbySharing: Can't stop scanning for FastInitiation. Not scanning. [CONTEXT service_id=194 ]
04-28 15:18:20.653  2919  3818 I NearbySharing: Fast Initiation Scanning has stopped [CONTEXT service_id=194 ]
04-28 15:18:20.653  2919  3818 I NearbySharing: Stopping Fast Init because Bluetooth is disabled. [CONTEXT service_id=194 ]
04-28 15:18:20.779   593   636 D ThermalEngine: zone:2 sensor:pa-therm0-adc temp:45000 trip:0 event:0
04-28 15:18:20.788   516   516 D SurfaceFlinger: Finished setting power mode 2 on display 0
04-28 15:18:20.798  1080  1080 W Looper  : Slow dispatch took 263ms main h=android.app.ActivityThread$H c=android.app.-$$Lambda$LoadedApk$ReceiverDispatcher$Args$_BumDX2UKsnxLVrE6UJsJZkotuA@32b41b4 m=0
04-28 15:18:20.801  1080  1623 I chatty  : uid=1000(system) Binder:1080_18 expire 4 lines
04-28 15:18:20.803  2478  2478 D KeyguardClockSwitch: Updating clock: 318
04-28 15:18:20.807  1080  1309 W Looper  : Slow dispatch took 203ms android.ui h=com.android.server.policy.PhoneWindowManager$PolicyHandler c=null m=6
04-28 15:18:20.824   497   497 W SDM     : HWPrimary::PopulateDisplayAttributes: Driver doesn't report panel physical width and height - defaulting to 320dpi
04-28 15:18:20.858  2478  2478 D StatusBar: disable<e i a s b h r c s > disable2<q i n >
04-28 15:18:20.859  2478  2478 I chatty  : uid=10095(com.android.systemui) identical 2 lines
04-28 15:18:20.859  2478  2478 D StatusBar: disable<e i a s b h r c s > disable2<q i n >
04-28 15:18:20.865  2478  2478 D StatusBar: updateQsExpansionEnabled - QS Expand enabled: true
04-28 15:18:20.868  2478  2478 D StatusBarNotificationPresenter: calling update notifications on Panel
04-28 15:18:20.879  2478  2478 I FalsingManagerPlugin: com.android.systemui.classifier.brightline.TypeClassifier: true
04-28 15:18:20.880  2478  2478 D StatusBar: updateQsExpansionEnabled - QS Expand enabled: true
04-28 15:18:20.880  1080  1157 D ActivityTaskManager: Top Process State changed to PROCESS_STATE_TOP
04-28 15:18:20.887   516   864 W HWComposer: Ignoring duplicate VSYNC event from HWC for display 0 (t=11793865548373)
04-28 15:18:20.888  2478  2478 D StatusBar: updateQsExpansionEnabled - QS Expand enabled: true
04-28 15:18:20.890  2478  2478 D StatusBarNotificationPresenter: calling update notifications on Panel
04-28 15:18:20.891  2478  2478 I FalsingManagerPlugin: com.android.systemui.classifier.brightline.TypeClassifier: true
04-28 15:18:20.899  2478  2478 D StatusBarNotificationPresenter: calling update notifications on Panel
04-28 15:18:20.901  2478  2478 D StatusBar: disable<e i a s b h r c s > disable2<q i n >
04-28 15:18:20.943  2694  2694 E ActivityThread: Failed to find provider info for com.jio.os.content.ContentFeedProvider
04-28 15:18:21.011  1080  3270 I chatty  : uid=1000(system) AsyncTask #10 expire 1 line
04-28 15:18:21.156  1080  3288 D WindowManager: relayoutVisibleWindow: Window{ddc67a8 u0 NavigationBar0 EXITING} mAnimatingExit=true, mRemoveOnExit=false, mDestroying=false
04-28 15:18:21.211  2478  2746 I OpenGLRenderer: Davey! duration=729ms; Flags=1, IntendedVsync=11793460000624, Vsync=11793926667272, OldestInputEvent=9223372036854775807, NewestInputEvent=0, HandleInputStart=11793931815828, AnimationStart=11793932141349, PerformTraversalsStart=11793943762548, DrawStart=11794178216998, SyncQueued=11794180875905, SyncStart=11794183178144, IssueDrawCommandsStart=11794183567467, SwapBuffers=11794190293458, FrameCompleted=11794192065854, DequeueBufferDuration=273000, QueueBufferDuration=1061000, 
04-28 15:18:21.265  1080  1344 I DisplayPowerController: Unblocked screen on after 1660 ms
04-28 15:18:21.268  1080  1344 W PowerManagerService: Screen on took 1675 ms
04-28 15:18:21.269  1080  1344 I DreamManagerService: Gently waking up from dream.
04-28 15:18:21.273  1080  1306 I DreamManagerService: Performing gentle wake from dream.
04-28 15:18:21.303  2478  2478 D StatusBar: disable<e i a s b h r c s > disable2<q i n >
04-28 15:18:21.379  2478  2478 D ImageWallpaper: wallpaper visibility changes to: true
04-28 15:18:21.382  1080  1623 I DreamManagerService: Leaving dreamland.
04-28 15:18:21.383  1080  1306 I DreamManagerService: Performing gentle wake from dream.
04-28 15:18:21.383  1080  1306 I DreamController: Stopping dream: name=ComponentInfo{com.android.systemui/com.android.systemui.doze.DozeService}, isTest=false, canDoze=true, userId=0
04-28 15:18:21.660  1080  3288 I chatty  : uid=1000(system) Binder:1080_C expire 6 lines
04-28 15:18:21.796   497   533 W SDM     : HWPrimary::PopulateDisplayAttributes: Driver doesn't report panel physical width and height - defaulting to 320dpi
04-28 15:18:21.826  3315  3315 D QSLMJ   : SLM received action android.intent.action.SCREEN_OFF
04-28 15:18:21.826  2919  3818 I NearbySharing: Screen is unlocked [CONTEXT service_id=194 ]
04-28 15:18:21.838  2506  2506 I DeviceStatusMonitor: onReceive() : Action = android.intent.action.SCREEN_OFF
04-28 15:18:21.849  2919  3818 I NearbySharing: Failed to stop scanning because weren't scanning. [CONTEXT service_id=194 ]
04-28 15:18:21.849  2919  3818 I NearbySharing: Stopping discovery because Bluetooth is disabled. [CONTEXT service_id=194 ]
04-28 15:18:21.850  2919  3818 I NearbySharing: Can't stop advertising FastInitiation. Not advertising. [CONTEXT service_id=194 ]
04-28 15:18:21.867  2919  3818 I NearbySharing: Stopping Fast Init advertisement because Bluetooth is off. [CONTEXT service_id=194 ]
04-28 15:18:21.868  2919  3818 I NearbySharing: Failed to stop advertising because we weren't advertising. [CONTEXT service_id=194 ]
04-28 15:18:21.870  2919  3818 I NearbySharing: Stopping advertising because Bluetooth is disabled. [CONTEXT service_id=194 ]
04-28 15:18:21.871  2506  2506 I VoiceImeUtils: S3 recognizer enabled.
04-28 15:18:21.901  2478  2563 D ImageWallpaper: finishRendering, preserve=false
04-28 15:18:21.907  3337  4006 I chatty  : uid=10045(com.jio.adc.embedded) pool-4-thread-1 expire 4 lines
04-28 15:18:21.929  2919  3818 I NearbySharing: Can't stop scanning for FastInitiation. Not scanning. [CONTEXT service_id=194 ]
04-28 15:18:21.931  2919  3818 I NearbySharing: Fast Initiation Scanning has stopped [CONTEXT service_id=194 ]
04-28 15:18:21.932  2919  3818 I NearbySharing: Stopping Fast Init because Bluetooth is disabled. [CONTEXT service_id=194 ]
04-28 15:18:21.995  1080  1157 D CompatibilityInfo: mCompatibilityFlags - 0
04-28 15:18:21.996  1080  1157 D CompatibilityInfo: applicationDensity - 216
04-28 15:18:21.996  1080  1157 D CompatibilityInfo: applicationScale - 1.0
04-28 15:18:22.021  1540  1691 W .media.ondeman: Long monitor contention with owner AsyncTask #3 (1964) at java.lang.Object bnk.doInTransaction(com.madme.mobile.dao.DatabaseCallback)(SourceFile:42) waiters=0 in java.lang.Object bnk.doWithoutTransaction(com.madme.mobile.dao.DatabaseCallback) for 153ms
04-28 15:18:22.057  1699  1699 W ModuleManager: Unable to get current module's fulfilled APIs in ModuleManager created with non-module Context
04-28 15:18:22.124  1955  1955 D AndroidRuntime: >>>>>> START com.android.internal.os.RuntimeInit uid 2000 <<<<<<
04-28 15:18:22.136  1955  1955 W app_process: type=1400 audit(0.0:13576): avc: denied { read } for name="u:object_r:device_config_runtime_native_boot_prop:s0" dev="tmpfs" ino=12048 scontext=u:r:shell:s0 tcontext=u:object_r:device_config_runtime_native_boot_prop:s0 tclass=file permissive=0
04-28 15:18:22.136  1955  1955 W app_process: type=1400 audit(0.0:13577): avc: denied { read } for name="u:object_r:device_config_runtime_native_boot_prop:s0" dev="tmpfs" ino=12048 scontext=u:r:shell:s0 tcontext=u:object_r:device_config_runtime_native_boot_prop:s0 tclass=file permissive=0
04-28 15:18:22.136  1955  1955 W app_process: type=1400 audit(0.0:13578): avc: denied { read } for name="u:object_r:device_config_runtime_native_boot_prop:s0" dev="tmpfs" ino=12048 scontext=u:r:shell:s0 tcontext=u:object_r:device_config_runtime_native_boot_prop:s0 tclass=file permissive=0
04-28 15:18:22.138  1955  1955 E libc    : Access denied finding property "persist.device_config.runtime_native_boot.enable_apex_image"
04-28 15:18:22.138  1955  1955 I AndroidRuntime: Using default boot image
04-28 15:18:22.138  1955  1955 E libc    : Access denied finding property "persist.device_config.runtime_native_boot.disable_lock_profiling"
04-28 15:18:22.138  1955  1955 I AndroidRuntime: Leaving lock profiling enabled
04-28 15:18:22.139  1955  1955 E libc    : Access denied finding property "persist.device_config.runtime_native_boot.enable_generational_cc"
04-28 15:18:22.155  1955  1955 W app_process: Could not reserve sentinel fault page
04-28 15:18:22.155  1955  1955 I app_process: Core platform API reporting enabled, enforcing=false
04-28 15:18:22.160  1580  1580 W JobInfo : Requested backoff +5s0ms for job 1000 is too small; raising to +10s0ms
04-28 15:18:22.192  1080  1623 D CompatibilityInfo: mCompatibilityFlags - 0
04-28 15:18:22.192  1080  1623 D CompatibilityInfo: applicationDensity - 216
04-28 15:18:22.192  1080  1623 D CompatibilityInfo: applicationScale - 1.0
04-28 15:18:22.219  1540  1540 W JobInfo : Requested backoff +5s0ms for job 1000 is too small; raising to +10s0ms
04-28 15:18:22.219  1699  1699 I MediaRouter: Found default route: MediaRouter.RouteInfo{ uniqueId=android/apy:DEFAULT_ROUTE, name=Phone, description=null, iconUri=null, enabled=true, connectionState=0, canDisconnect=false, playbackType=0, playbackStream=3, deviceType=0, volumeHandling=1, volume=15, volumeMax=15, presentationDisplayId=-1, extras=null, settingsIntent=null, providerPackageName=android }
04-28 15:18:22.220  1699  1699 I MediaRouter: Unselecting the current route because it is no longer selectable: null
04-28 15:18:22.244  2478  2478 D KeyguardClockSwitch: Updating clock: 318
04-28 15:18:22.264  3337  4005 I chatty  : uid=10045(com.jio.adc.embedded) pool-3-thread-1 expire 2 lines
04-28 15:18:22.266  1080  3288 D CompatibilityInfo: mCompatibilityFlags - 0
04-28 15:18:22.266  1080  3288 D CompatibilityInfo: applicationDensity - 216
04-28 15:18:22.266  1080  3288 D CompatibilityInfo: applicationScale - 1.0
04-28 15:18:22.270   339   339 I chatty  : uid=1000(system) hwservicemanage expire 18 lines
04-28 15:18:22.280  1080  2412 E WifiClientModeImpl: getWifiLinkLayerStats called without an interface
04-28 15:18:22.284   497   537 W SDM     : HWPrimary::PopulateDisplayAttributes: Driver doesn't report panel physical width and height - defaulting to 320dpi
04-28 15:18:22.288   491   563 D audio_hw_primary: adev_set_parameters: enter: screen_state=on
04-28 15:18:22.291  1080  1080 W AlarmManager: Unrecognized alarm listener com.android.server.job.controllers.idle.-$$Lambda$DeviceIdlenessTracker$-H1-ZwZAJ-vh10A0PeYXaZLj_R0@414eee
04-28 15:18:22.367   497   537 W SDM     : HWPrimary::PopulateDisplayAttributes: Driver doesn't report panel physical width and height - defaulting to 320dpi
04-28 15:18:22.370  3337  4003 D [1487  ] ANH-ADC: com.jio.adc.core.WER > Event: DE23
04-28 15:18:22.376  3337  4004 D [1488  ] ANH-EX_NM: c.j.a.core.module.exnm.EEP$b call> bitField: 0
04-28 15:18:22.378  3337  4005 D [1489  ] ANH-EX_DE: c.j.a.core.module.exde.EEP$a call> bitField: 32
04-28 15:18:22.382  3337  4006 D [1490  ] ANH-EX_NA: c.j.a.core.module.exna.EEP$a call> bitField: 0
04-28 15:18:22.383   497   537 W SDM     : HWPrimary::PopulateDisplayAttributes: Driver doesn't report panel physical width and height - defaulting to 320dpi
04-28 15:18:22.387  3337  4019 D [1495  ] ANH-EX_S: c.j.a.core.module.exs.EEP$b call> bitField: 8
04-28 15:18:22.387  3337  4014 D [1492  ] ANH-ADC-EX_CO: com.jio.adc.core.CEP$ > Setting Data
04-28 15:18:22.388  3337  4017 D [1494  ] ANH-EX_LOC: c.j.a.core.module.exloc.EEP$b call> bitField: 0
04-28 15:18:22.388  3337  4016 D [1493  ] ANH-EX_BAT: c.j.a.core.module.exbat.EEP$a call> bitField: 0
04-28 15:18:22.396  1080  1623 D CompatibilityInfo: mCompatibilityFlags - 0
04-28 15:18:22.396  1080  1623 D CompatibilityInfo: applicationDensity - 216
04-28 15:18:22.396  1080  1623 D CompatibilityInfo: applicationScale - 1.0
04-28 15:18:22.488  1080  1623 D CompatibilityInfo: mCompatibilityFlags - 0
04-28 15:18:22.488  1080  1623 D CompatibilityInfo: applicationDensity - 216
04-28 15:18:22.488  1080  1623 D CompatibilityInfo: applicationScale - 1.0
04-28 15:18:22.508  2919  3818 I NearbySharing: Screen is unlocked [CONTEXT service_id=194 ]
04-28 15:18:22.508  2919  3818 I NearbySharing: Failed to stop scanning because weren't scanning. [CONTEXT service_id=194 ]
04-28 15:18:22.509  2919  3818 I NearbySharing: Stopping discovery because Bluetooth is disabled. [CONTEXT service_id=194 ]
04-28 15:18:22.509  2919  3818 I NearbySharing: Can't stop advertising FastInitiation. Not advertising. [CONTEXT service_id=194 ]
04-28 15:18:22.509  2919  3818 I NearbySharing: Stopping Fast Init advertisement because Bluetooth is off. [CONTEXT service_id=194 ]
04-28 15:18:22.509  2919  3818 I NearbySharing: Failed to stop advertising because we weren't advertising. [CONTEXT service_id=194 ]
04-28 15:18:22.509  2919  3818 I NearbySharing: Stopping advertising because Bluetooth is disabled. [CONTEXT service_id=194 ]
04-28 15:18:22.519  2919  3818 I NearbySharing: Can't stop scanning for FastInitiation. Not scanning. [CONTEXT service_id=194 ]
04-28 15:18:22.520  2919  3818 I NearbySharing: Fast Initiation Scanning has stopped [CONTEXT service_id=194 ]
04-28 15:18:22.521  2919  3818 I NearbySharing: Stopping Fast Init because Bluetooth is disabled. [CONTEXT service_id=194 ]
04-28 15:18:22.528  1080  1157 D CompatibilityInfo: mCompatibilityFlags - 0
04-28 15:18:22.528  1080  1157 D CompatibilityInfo: applicationDensity - 216
04-28 15:18:22.528  1080  1157 D CompatibilityInfo: applicationScale - 1.0
04-28 15:18:22.534  3315  3315 D QSLMJ   : SLM received action android.intent.action.SCREEN_ON
04-28 15:18:22.558  2506  2506 I DeviceStatusMonitor: onReceive() : Action = android.intent.action.SCREEN_ON
04-28 15:18:22.602  1699  1978 I CastDatabase: Opening the database
04-28 15:18:22.649  1955  1955 D ICU     : Time zone APEX file found: /apex/com.android.tzdata/etc/icu/icu_tzdata.dat
04-28 15:18:22.708  1955  1955 I app_process: The ClassLoaderContext is a special shared library.
04-28 15:18:22.745  3337  4003 D [1487  ] ANH-ADC: com.jio.adc.core. > Captured: DE23
04-28 15:18:22.785  1955  1955 W app_process: JNI RegisterNativeMethods: attempt to register 0 native methods for android.media.AudioAttributes
04-28 15:18:22.820  1699  1978 I SQLiteCastStore: 0 CastNetworkInfo instances loaded, 0 CastDeviceInfo instances loaded, 0 paired guest mode devices loaded.
04-28 15:18:22.821  1955  1955 D AndroidRuntime: Calling main entry com.android.commands.media.Media
04-28 15:18:22.916  1955  1955 W main    : type=1400 audit(0.0:13579): avc: denied { execute } for name="idmap2" dev="dm-0" ino=600 scontext=u:r:shell:s0 tcontext=u:object_r:idmap_exec:s0 tclass=file permissive=0
04-28 15:18:22.919  1955  1955 W asset   : unable to execute idmap2: Permission denied
04-28 15:18:22.919  1955  1955 W AssetManager: 'idmap2 --scan' failed: no static="true" overlays targeting "android" will be loaded
04-28 15:18:22.982   339   339 I chatty  : uid=1000(system) hwservicemanage expire 2 lines
04-28 15:18:22.990   339   339 I hwservicemanager: getTransport: Cannot find entry vendor.qti.hardware.servicetracker@1.0::IServicetracker/default in either framework or device manifest.
04-28 15:18:23.009  2478  2696 I vol.Events: writeEvent level_changed STREAM_MUSIC 0
04-28 15:18:23.026  2478  2696 I vol.Events: writeEvent mute_changed STREAM_MUSIC true
04-28 15:18:23.034   339   339 I hwservicemanager: getTransport: Cannot find entry vendor.qti.hardware.servicetracker@1.0::IServicetracker/default in either framework or device manifest.
04-28 15:18:23.039   339   339 I hwservicemanager: getTransport: Cannot find entry vendor.qti.hardware.servicetracker@1.0::IServicetracker/default in either framework or device manifest.
04-28 15:18:23.064  1955  1955 D AndroidRuntime: Shutting down VM
04-28 15:18:23.200  1699  1967 I CastSocket: 29 >= 18. Adding new CastClientAuthKeyManager. [CONTEXT service_id=161 ]
04-28 15:18:23.232  1080  1157 I WifiService: startScan uid=10090
04-28 15:18:23.237  1080  2412 E WifiScanRequestProxy: Scan failure received. reason: -1,description: not available
04-28 15:18:23.240  1080  1321 W BroadcastQueue: Background execution not allowed: receiving Intent { act=android.net.wifi.SCAN_RESULTS flg=0x4000010 (has extras) } to com.jio.myjio/.jionet.receiver.WifiScanReceiver
04-28 15:18:23.271  1699  1967 I DiscoveryManager: WifiGuestModeDeviceScanner enabled.
04-28 15:18:23.273  1080  1313 D BluetoothManagerService: MESSAGE_REGISTER_ADAPTER
04-28 15:18:23.299   497   533 W SDM     : HWPrimary::PopulateDisplayAttributes: Driver doesn't report panel physical width and height - defaulting to 320dpi
04-28 15:18:23.319   339   339 I hwservicemanager: getTransport: Cannot find entry vendor.qti.hardware.servicetracker@1.0::IServicetracker/default in either framework or device manifest.
04-28 15:18:24.216  2002  2002 D AndroidRuntime: >>>>>> START com.android.internal.os.RuntimeInit uid 2000 <<<<<<
04-28 15:18:24.223  2002  2002 W app_process: type=1400 audit(0.0:13580): avc: denied { read } for name="u:object_r:device_config_runtime_native_boot_prop:s0" dev="tmpfs" ino=12048 scontext=u:r:shell:s0 tcontext=u:object_r:device_config_runtime_native_boot_prop:s0 tclass=file permissive=0
04-28 15:18:24.226  2002  2002 W app_process: type=1400 audit(0.0:13581): avc: denied { read } for name="u:object_r:device_config_runtime_native_boot_prop:s0" dev="tmpfs" ino=12048 scontext=u:r:shell:s0 tcontext=u:object_r:device_config_runtime_native_boot_prop:s0 tclass=file permissive=0
04-28 15:18:24.226  2002  2002 W app_process: type=1400 audit(0.0:13582): avc: denied { read } for name="u:object_r:device_config_runtime_native_boot_prop:s0" dev="tmpfs" ino=12048 scontext=u:r:shell:s0 tcontext=u:object_r:device_config_runtime_native_boot_prop:s0 tclass=file permissive=0
04-28 15:18:24.227  2002  2002 E libc    : Access denied finding property "persist.device_config.runtime_native_boot.enable_apex_image"
04-28 15:18:24.228  2002  2002 I AndroidRuntime: Using default boot image
04-28 15:18:24.228  2002  2002 E libc    : Access denied finding property "persist.device_config.runtime_native_boot.disable_lock_profiling"
04-28 15:18:24.228  2002  2002 I AndroidRuntime: Leaving lock profiling enabled
04-28 15:18:24.229  2002  2002 E libc    : Access denied finding property "persist.device_config.runtime_native_boot.enable_generational_cc"
04-28 15:18:24.243  2002  2002 W app_process: Could not reserve sentinel fault page
04-28 15:18:24.243  2002  2002 I app_process: Core platform API reporting enabled, enforcing=false
04-28 15:18:24.315   418  2648 I netd    : trafficSwapActiveStatsMap() <35.45ms>
04-28 15:18:24.321   418  2648 I netd    : tetherGetStats() <3.11ms>
04-28 15:18:24.335   418  2648 I netd    : bandwidthSetGlobalAlert(2097152) <0.83ms>
04-28 15:18:24.499  2002  2002 D ICU     : Time zone APEX file found: /apex/com.android.tzdata/etc/icu/icu_tzdata.dat
04-28 15:18:24.531  2002  2002 I app_process: The ClassLoaderContext is a special shared library.
04-28 15:18:24.589  2002  2002 W app_process: JNI RegisterNativeMethods: attempt to register 0 native methods for android.media.AudioAttributes
04-28 15:18:24.613  2002  2002 D AndroidRuntime: Calling main entry com.android.commands.input.Input
04-28 15:18:24.621  2002  2002 D AndroidRuntime: Shutting down VM
04-28 15:18:25.571   339   339 I hwservicemanager: Notifying android.hardware.light@2.0::ILight/default they have clients: 0
04-28 15:18:25.572  1920  1920 I /vendor/bin/hw/android.hardware.light@2.0-service-lazy: Process has 0 (of 1 available) client(s) in use after notification android.hardware.light@2.0::ILight has clients: 0
04-28 15:18:25.572  1920  1920 I /vendor/bin/hw/android.hardware.light@2.0-service-lazy: Trying to exit HAL. No clients in use for any service in process.
04-28 15:18:25.573   339   339 I hwservicemanager: Notifying android.hardware.light@2.0::ILight/default they have clients: 1
04-28 15:18:25.573  1920  1920 I /vendor/bin/hw/android.hardware.light@2.0-service-lazy: Unregistered all clients and exiting
04-28 15:18:25.578  2021  2021 D AndroidRuntime: >>>>>> START com.android.internal.os.RuntimeInit uid 2000 <<<<<<
04-28 15:18:25.586  2021  2021 W app_process: type=1400 audit(0.0:13583): avc: denied { read } for name="u:object_r:device_config_runtime_native_boot_prop:s0" dev="tmpfs" ino=12048 scontext=u:r:shell:s0 tcontext=u:object_r:device_config_runtime_native_boot_prop:s0 tclass=file permissive=0
04-28 15:18:25.586  2021  2021 W app_process: type=1400 audit(0.0:13584): avc: denied { read } for name="u:object_r:device_config_runtime_native_boot_prop:s0" dev="tmpfs" ino=12048 scontext=u:r:shell:s0 tcontext=u:object_r:device_config_runtime_native_boot_prop:s0 tclass=file permissive=0
04-28 15:18:25.589  2021  2021 W app_process: type=1400 audit(0.0:13585): avc: denied { read } for name="u:object_r:device_config_runtime_native_boot_prop:s0" dev="tmpfs" ino=12048 scontext=u:r:shell:s0 tcontext=u:object_r:device_config_runtime_native_boot_prop:s0 tclass=file permissive=0
04-28 15:18:25.589  2021  2021 E libc    : Access denied finding property "persist.device_config.runtime_native_boot.enable_apex_image"
04-28 15:18:25.590  2021  2021 I AndroidRuntime: Using default boot image
04-28 15:18:25.590  2021  2021 E libc    : Access denied finding property "persist.device_config.runtime_native_boot.disable_lock_profiling"
04-28 15:18:25.590  2021  2021 I AndroidRuntime: Leaving lock profiling enabled
04-28 15:18:25.591  2021  2021 E libc    : Access denied finding property "persist.device_config.runtime_native_boot.enable_generational_cc"
04-28 15:18:25.605  2021  2021 W app_process: Could not reserve sentinel fault page
04-28 15:18:25.605  2021  2021 I app_process: Core platform API reporting enabled, enforcing=false
04-28 15:18:25.686   593   636 D ThermalEngine: zone:1 sensor:xo-therm-buf-adc temp:47770 trip:0 event:0
04-28 15:18:25.696   593   636 D ThermalEngine: zone:20 sensor:skin-therm-adc temp:33181 trip:0 event:0
04-28 15:18:25.872   497   537 W SDM     : HWPrimary::PopulateDisplayAttributes: Driver doesn't report panel physical width and height - defaulting to 320dpi
04-28 15:18:25.874  2021  2021 D ICU     : Time zone APEX file found: /apex/com.android.tzdata/etc/icu/icu_tzdata.dat
04-28 15:18:25.892  2478  2478 D StatusBar: disable<e i a s b h r c s > disable2<q i n >
04-28 15:18:25.901   593   636 D ThermalEngine: zone:2 sensor:pa-therm0-adc temp:45000 trip:0 event:0
04-28 15:18:25.912  2021  2021 I app_process: The ClassLoaderContext is a special shared library.
04-28 15:18:26.010  2021  2021 W app_process: JNI RegisterNativeMethods: attempt to register 0 native methods for android.media.AudioAttributes
04-28 15:18:26.049  2021  2021 D AndroidRuntime: Calling main entry com.android.commands.media.Media
04-28 15:18:26.089  2478  2478 D StatusBar: disable<e i a s b h r c s > disable2<q i n >
04-28 15:18:26.098  2478  2036 W RingtonePlayer: STOP command without a player
04-28 15:18:26.146  2021  2021 W main    : type=1400 audit(0.0:13586): avc: denied { execute } for name="idmap2" dev="dm-0" ino=600 scontext=u:r:shell:s0 tcontext=u:object_r:idmap_exec:s0 tclass=file permissive=0
04-28 15:18:26.150  2021  2021 W asset   : unable to execute idmap2: Permission denied
04-28 15:18:26.150  2021  2021 W AssetManager: 'idmap2 --scan' failed: no static="true" overlays targeting "android" will be loaded
04-28 15:18:26.188  2021  2021 D AndroidRuntime: Shutting down VM
04-28 15:18:26.457   497   537 W SDM     : HWPrimary::PopulateDisplayAttributes: Driver doesn't report panel physical width and height - defaulting to 320dpi
04-28 15:18:26.541  2826  2841 I m.android.phon: Background concurrent copying GC freed 154019(16MB) AllocSpace objects, 37(712KB) LOS objects, 82% free, 3844KB/21MB, paused 315us total 308.079ms
04-28 15:18:28.343   339   339 I hwservicemanager: getTransport: Cannot find entry vendor.qti.hardware.servicetracker@1.0::IServicetracker/default in either framework or device manifest.
04-28 15:18:28.673   593   636 D ThermalEngine: zone:0 sensor:xo-therm-adc temp:47905 trip:0 event:0
04-28 15:18:28.673   593   649 D ThermalEngine: sensor_monitor: xo-therm-adc Reading 47905 .
04-28 15:18:28.673   593   649 I ThermalEngine: Sensor:xo-therm-adc:47905 mC
04-28 15:18:28.673   593   649 D ThermalEngine: update_active_thresh: xo-therm-adc Active(1), Hi(1) 51000, Lo(1) 45000, desc(0) Interval(1) 2000
04-28 15:18:28.674   593   649 D ThermalEngine: sensor_monitor: xo-therm-adc Sensor wait.
04-28 15:18:29.320   339   339 I hwservicemanager: getTransport: Cannot find entry vendor.qti.hardware.servicetracker@1.0::IServicetracker/default in either framework or device manifest.
04-28 15:18:30.799   518   518 I vendor.rmt_storage: rmt_storage_connect_cb: clnt_h=0x2c conn_h=0xa6c0a020
04-28 15:18:30.799   518   518 I vendor.rmt_storage: rmt_storage_rw_iovec_cb: /boot/modem_fs1: req_h=0x2c msg_id=3: R/W request received (wr_count 36)
04-28 15:18:30.799   518   518 I vendor.rmt_storage: wakelock acquired: 1, error no: 42
04-28 15:18:30.799   518   830 I vendor.rmt_storage: rmt_storage_client_thread: /boot/modem_fs1: Unblock worker thread (th_id: -1498955216)
04-28 15:18:30.806   593   636 D ThermalEngine: zone:20 sensor:skin-therm-adc temp:18037 trip:0 event:0
04-28 15:18:30.807   593   636 D ThermalEngine: zone:1 sensor:xo-therm-buf-adc temp:47635 trip:0 event:0
04-28 15:18:30.886   518   830 I vendor.rmt_storage: rmt_storage_client_thread: /boot/modem_fs1: req_h=0x2c msg_id=3: Bytes written = 1572864, wr_count 36
04-28 15:18:30.886   518   830 I vendor.rmt_storage: rmt_storage_client_thread: /boot/modem_fs1: req_h=0x2c msg_id=3: Send response: res=0 err=0, wr_count 36
04-28 15:18:30.886   518   830 I vendor.rmt_storage: rmt_storage_client_thread: /boot/modem_fs1: About to block rmt_storage client thread (th_id: -1498955216) wakelock released: 1, error no: 0
04-28 15:18:30.886   518   830 I vendor.rmt_storage: 
04-28 15:18:30.888   518   518 I vendor.rmt_storage: rmt_storage_disconnect_cb: clnt_h=0x2c conn_h=0xa6c0a020
04-28 15:18:31.019   593   636 D ThermalEngine: zone:2 sensor:pa-therm0-adc temp:45000 trip:0 event:0
04-28 15:18:31.386   339   339 I hwservicemanager: getTransport: Cannot find entry vendor.qti.hardware.servicetracker@1.0::IServicetracker/default in either framework or device manifest.
