04-28 15:17:00.840  1080  2415 D ConnectivityService: Switching to new default network: NetworkAgentInfo{ ni{[type: MOBILE[LTE], state: CONNECTED/CONNECTED, reason: connected, extra: jionet, failover: false, available: true, roaming: false]}  network{107}  nethandle{462967197709}  lp{{InterfaceName: rmnet_data2 LinkAddresses: [ 56.90.63.211/29 ] DnsAddresses: [ /49.45.0.1 ] Domains: null MTU: 1500 TcpBufferSizes: 2097152,4194304,8388608,262144,524288,1048576 Routes: [ 0.0.0.0/0 -> 56.90.63.212 rmnet_data2,56.90.63.208/29 -> 0.0.0.0 rmnet_data2 ]}}  nc{[ Transports: CELLULAR Capabilities: INTERNET&NOT_RESTRICTED&TRUSTED&NOT_VPN&NOT_ROAMING&FOREGROUND&NOT_CONGESTED&NOT_SUSPENDED LinkUpBandwidth>=15000Kbps LinkDnBandwidth>=30000Kbps Specifier: <1>]}  Score{10}  everValidated{false}  lastValidated{false}  created{true} lingering{false} explicitlySelected{false} acceptUnvalidated{false} everCaptivePortalDetected{false} lastCaptivePortalDetected{false} captivePortalValidationPending{false} partialConnectivity{false} acceptPartialConnectivity{false} clat{mBaseIface: null, mIface: null, mState: IDLE} }
04-28 15:17:00.843   418  2648 I netd    : networkSetDefault(107) <1.34ms>
04-28 15:17:00.926   418  2648 I netd    : trafficSwapActiveStatsMap() <29.22ms>
04-28 15:17:00.952   418  2648 I netd    : tetherGetStats() <16.22ms>
04-28 15:17:00.969  2783  3772 D QCNEJ/WwanInfoRelay: network available: 107
04-28 15:17:00.973  2783  3772 D QCNEJ/DefaultNetworkInfoRelay: Default network available: 107
04-28 15:17:00.975  1080  2738 I chatty  : uid=1000(system) NetworkTimeUpda expire 1 line
04-28 15:17:00.981  1080  2415 D ConnectivityService: Sending CONNECTED broadcast for type 0 NetworkAgentInfo [MOBILE (LTE) - 107] isDefaultNetwork=true
04-28 15:17:00.996  3337  3337 I chatty  : uid=10045(com.jio.adc.embedded) expire 1 line
04-28 15:17:00.997  3301  3301 I ConnectivityStateChangeReceiver: sending connect update status directly using ClientService
04-28 15:17:01.014  2783  3772 D QCNEJ/NativeHalConnector: -> SND notifyDefaultNetworkChanged(0)
04-28 15:17:01.066  1080  3996 I chatty  : uid=1000 system_server expire 3 lines
04-28 15:17:01.077   418  2648 I netd    : networkAddRoute(107, "rmnet_data2", "2409:4070:4318:a7ab::/64", "") <0.80ms>
04-28 15:17:01.081   418   418 E Netd    : Error adding route ::/0 -> fe80::b58a:3db7:dc20:3446 rmnet_data2 to table 1010: File exists
04-28 15:17:01.081   418   418 I netd    : networkAddRoute(107, "rmnet_data2", "::/0", "fe80::b58a:3db7:dc20:3446") <0.54ms>
04-28 15:17:01.081  1080  2415 D ConnectivityService: Setting DNS servers for network 107 to [/49.45.0.1, /2405:200:800::1]
04-28 15:17:01.082  1080  2415 D DnsManager: setDnsConfigurationForNetwork(107, [49.45.0.1, 2405:200:800::1], [], 1800, 25, 8, 64, 0, 0, , [49.45.0.1, 2405:200:800::1])
04-28 15:17:01.090  1080  1313 I DropBoxManagerService: add tag=system_server_strictmode isTagEnabled=true flags=0x2
04-28 15:17:01.091  2332  2445 I CarrierServices: [513] cnd.onConnectivityChange: FiST: Wifi connectivity status false
04-28 15:17:01.092   418   418 I netd    : DnsResolverService::setResolverConfiguration(107, [49.45.0.1, 2405:200:800::1], [], 1800, 25, 8, 64, 0, 0, [49.45.0.1, 2405:200:800::1], []) -> (0) (1ms)
04-28 15:17:01.092   418   418 I netd    : setResolverConfiguration() <1.51ms>
04-28 15:17:01.108  1080  3995 I chatty  : uid=1000 system_server expire 2 lines
04-28 15:17:01.109  1080  1313 I chatty  : uid=1000(system) android.io identical 1 line
04-28 15:17:01.115   418  2648 I netd    : trafficSwapActiveStatsMap() <34.61ms>
04-28 15:17:01.136  3337  4003 I chatty  : uid=10045(com.jio.adc.embedded) pool-1-thread-1 expire 9 lines
04-28 15:17:01.146   418  2648 I netd    : tetherGetStats() <28.30ms>
04-28 15:17:01.154  1080  1313 I DropBoxManagerService: add tag=system_server_strictmode isTagEnabled=true flags=0x2
04-28 15:17:01.159   419   419 D Zygote  : Forked child process 4008
04-28 15:17:01.173  3337  4006 I chatty  : uid=10045(com.jio.adc.embedded) pool-4-thread-1 expire 1 line
04-28 15:17:01.175  3301  3301 W ContextImpl: Calling a method in the system process without a qualified user: android.app.ContextImpl.startService:1570 android.content.ContextWrapper.startService:669 com.redbend.app.SmmService.sendIntentEvent:373 com.redbend.client.ClientService.sendEvent:586 com.redbend.client.ConnectivityStateChangeReceiver$DataChange.sendConnectedEvent:66 
04-28 15:17:01.175  1080  1313 I DropBoxManagerService: add tag=system_server_strictmode isTagEnabled=true flags=0x2
04-28 15:17:01.179  3337  4005 I chatty  : uid=10045(com.jio.adc.embedded) pool-3-thread-1 expire 1 line
04-28 15:17:01.183  2506  2506 I DeviceStatusMonitor: onReceive() : Action = android.net.conn.CONNECTIVITY_CHANGE
04-28 15:17:01.192  2506  2506 I DeviceStatusMonitor: getCurrentNetworkState(): activeNetwork = 107,  newState = METERED
04-28 15:17:01.198  3337  4019 I chatty  : uid=10045(com.jio.adc.embedded) pool-2-thread-1 expire 1 line
04-28 15:17:01.216  1080  1322 I ActivityManager: Start proc 4008:com.google.process.gservices/u0a90 for content provider {com.google.android.gsf/com.google.android.gsf.gservices.GservicesProvider}
04-28 15:17:01.222  3301  3301 I EventIntentService: onStartCommand received intent: Intent { act=com.redbend.event.D2B_STS_MOBILE_DATA cmp=com.redbend.client/.BasicService (has extras) }
04-28 15:17:01.223  3301  3301 I EventIntentService: Outgoing Event D2B_STS_MOBILE_DATA
04-28 15:17:01.229  2506  2506 I NetworkInfoNotification: onNetworkAvailable: networkState = METERED
04-28 15:17:01.256  3301  1748 I BasicService: Resetting Alarm ID #1
04-28 15:17:01.265  3337  4014 I chatty  : uid=10045(com.jio.adc.embedded) pool-7-thread-9 expire 1 line
04-28 15:17:01.266  3337  4007 I chatty  : uid=10045(com.jio.adc.embedded) pool-6-thread-1 expire 2 lines
04-28 15:17:01.275  3337  4004 I chatty  : uid=10045(com.jio.adc.embedded) pool-5-thread-1 expire 1 line
04-28 15:17:01.277  3337  4016 I chatty  : uid=10045(com.jio.adc.embedded) pool-8-thread-1 expire 1 line
04-28 15:17:01.278   418  2648 I netd    : trafficSwapActiveStatsMap() <51.68ms>
04-28 15:17:01.284   418  2648 I netd    : tetherGetStats() <3.01ms>
04-28 15:17:01.284  3337  4007 I chatty  : uid=10045(com.jio.adc.embedded) pool-6-thread-1 expire 5 lines
04-28 15:17:01.290  3337  4017 I chatty  : uid=10045(com.jio.adc.embedded) pool-9-thread-1 expire 2 lines
04-28 15:17:01.294  3337  4016 I chatty  : uid=10045(com.jio.adc.embedded) pool-8-thread-1 expire 1 line
04-28 15:17:01.296  3337  4019 I chatty  : uid=10045(com.jio.adc.embedded) pool-2-thread-1 expire 1 line
04-28 15:17:01.303  3337  4017 I chatty  : uid=10045(com.jio.adc.embedded) pool-9-thread-1 expire 4 lines
04-28 15:17:01.341  3337  4004 I chatty  : uid=10045(com.jio.adc.embedded) pool-5-thread-1 expire 5 lines
04-28 15:17:01.343  2506  4023 I NetworkInfoNotification: onNetworkAvailable: networkState = METERED
04-28 15:17:01.352  3337  4005 I chatty  : uid=10045(com.jio.adc.embedded) pool-3-thread-1 expire 6 lines
04-28 15:17:01.363   418  2648 I netd    : bandwidthSetInterfaceQuota("rmnet_data2", 9223372036854775807) <30.15ms>
04-28 15:17:01.370   418  2648 I netd    : bandwidthSetGlobalAlert(2097152) <0.59ms>
04-28 15:17:01.433   418  2648 I netd    : bandwidthRemoveInterfaceQuota("rmnet_data2") <7.91ms>
04-28 15:17:01.443   418  2648 I netd    : bandwidthSetInterfaceQuota("rmnet_data2", 9223372036854775807) <7.98ms>
04-28 15:17:01.449   418  2648 I netd    : bandwidthSetGlobalAlert(2097152) <0.36ms>
04-28 15:17:01.457  1080  3523 I chatty  : uid=1000(system) Binder:1080_10 expire 13 lines
04-28 15:17:01.470  3301  1748 I BasicService: Setting Alarm ID #1 in 3355s @2021-04-28 16:12:56
04-28 15:17:01.552  4008  4008 I ocess.gservice: The ClassLoaderContext is a special shared library.
04-28 15:17:01.696  4008  4008 I Perf    : Connecting to perf service.
04-28 15:17:01.716  3337  4003 I chatty  : uid=10045(com.jio.adc.embedded) pool-1-thread-1 expire 1 line
04-28 15:17:01.723  1080  3994 I chatty  : uid=1000 system_server expire 1 line
04-28 15:17:01.727  1080  1321 W BroadcastQueue: Background execution not allowed: receiving Intent { act=android.net.conn.NETWORK_CONDITIONS_MEASURED flg=0x10 (has extras) } to com.google.android.gms/.chimera.GmsIntentOperationService$PersistentTrustedReceiver
04-28 15:17:01.734  1080  2415 D ConnectivityService: NetworkAgentInfo [MOBILE (LTE) - 107] validation passed
04-28 15:17:01.738  1080   985 I chatty  : uid=1000(system) Binder:1080_15 expire 3 lines
04-28 15:17:01.739  4008  4008 W ocess.gservice: Couldn't clamp region space as there are regions in use beyond growth limit.
04-28 15:17:01.752  1080  2415 D ConnectivityService: Setting DNS servers for network 107 to [/49.45.0.1, /2405:200:800::1]
04-28 15:17:01.753  1080  2415 D DnsManager: setDnsConfigurationForNetwork(107, [49.45.0.1, 2405:200:800::1], [], 1800, 25, 8, 64, 0, 0, , [49.45.0.1, 2405:200:800::1])
04-28 15:17:01.755   418  2648 I netd    : DnsResolverService::setResolverConfiguration(107, [49.45.0.1, 2405:200:800::1], [], 1800, 25, 8, 64, 0, 0, [49.45.0.1, 2405:200:800::1], []) -> (0) (0.8ms)
04-28 15:17:01.755   418  2648 I netd    : setResolverConfiguration() <1.25ms>
04-28 15:17:01.775  4008  4008 I GservicesProvider: Gservices pushing to system: true; secure/global: true
04-28 15:17:01.784  1080  1080 I chatty  : uid=1000 system_server expire 4 lines
04-28 15:17:01.802   495   495 I LocSvc__AGnssRilInterface: ===> updateNetworkState_2_0 line 110 
04-28 15:17:01.824   495   547 I LocSvc_SystemStatusOsObserver: DataItem: ACTIVE_NETWORK_INFO::TYPEs_MASK: 1, TYPE_NAME: , SUB_TYPE_NAME: , IS_AVAILABLE: true, IS_CONNECTED: true, IS_ROAMING: false, NETWORK_HANDLE_0: 462967197709:0, NETWORK_HANDLE_1: 18446744073709551615:10, NETWORK_HANDLE_2: 18446744073709551615:10, NETWORK_HANDLE_3: 18446744073709551615:10, NETWORK_HANDLE_4: 18446744073709551615:10, NETWORK_HANDLE_5: 18446744073709551615:10, NETWORK_HANDLE_6: 18446744073709551615:10, NETWORK_HANDLE_7: 18446744073709551615:10, NETWORK_HANDLE_8: 18446744073709551615:10, NETWORK_HANDLE_9: 18446744073709551615:10 >> XtraSystemStatusObserver
04-28 15:17:01.827  1080  1080 W BackupManagerService: Backup pass but enabled=false setupComplete=true
04-28 15:17:01.890  1080  2586 I chatty  : uid=1000(system) Binder:1080_5 expire 30 lines
04-28 15:17:02.027  2919   852 I NetworkScheduler.Stats: Task com.google.android.gms/com.google.android.gms.auth.account.be.legacy.AuthCronService started execution. cause:8 exec_start_elapsed_seconds: 15474 [CONTEXT service_id=218 ]
04-28 15:17:02.139   667   667 E ANDR-IOP: IIop:: Iop HAL Service is not available.
04-28 15:17:02.162   419   419 D Zygote  : Forked child process 4046
04-28 15:17:02.165  1080  1322 I ActivityManager: Start proc 4046:com.google.android.gms.unstable/u0a90 for service {com.google.android.gms/com.google.android.gms.droidguard.DroidGuardService}
04-28 15:17:02.175  2332  2687 I CarrierServices: [547] cuo.c: (PEv2-SM): WaitingForGoogleTosState: event Connectivity event [5eb15cb0-9835-4faa-b23c-9f0e636da724]
04-28 15:17:02.177  2332  2445 I CarrierServices: [513] cnx.d: Connected state: [1], networkType: [MOBILE]
04-28 15:17:02.201   419   419 D Zygote  : Forked child process 4052
04-28 15:17:02.205  2332  2701 I CarrierServices: [549] daa.d: RCS Configuration storage in Bugle is disabled by p/h flag, using ProvisioningEngineStateCacheUtil.getProvisioningConfigurationForGivenSim()
04-28 15:17:02.205  1080  1322 I ActivityManager: Start proc 4052:com.google.android.gms/u0a90 for service {com.google.android.gms/com.google.android.gms.security.snet.SnetNormalTaskService}
04-28 15:17:02.219  2332  2445 I CarrierServices: [513] cnd.onConnectivityChange: FiST: Wifi connectivity status false
04-28 15:17:02.231  2332  2687 I CarrierServices: [547] cuo.c: (PEv2-SM): EnabledState: event Connectivity event [5eb15cb0-9835-4faa-b23c-9f0e636da724]
04-28 15:17:02.242  2332  2445 I CarrierServices: [513] cnx.d: Connected state: [1], networkType: [MOBILE]
04-28 15:17:02.259  2332  2687 I CarrierServices: [547] cuo.c: (PEv2-SM): WaitingForGoogleTosState: event Connectivity event [5eb15cb0-9835-4faa-b23c-9f0e636da724]
04-28 15:17:02.271  2332  2701 I CarrierServices: [549] daa.d: RCS Configuration storage in Bugle is disabled by p/h flag, using ProvisioningEngineStateCacheUtil.getProvisioningConfigurationForGivenSim()
04-28 15:17:02.271  2332  2687 I CarrierServices: [547] cuo.c: (PEv2-SM): EnabledState: event Connectivity event [5eb15cb0-9835-4faa-b23c-9f0e636da724]
04-28 15:17:02.292  4046  4046 I id.gms.unstabl: The ClassLoaderContext is a special shared library.
04-28 15:17:02.303  2332  2445 I CarrierServices: [513] cnd.onConnectivityChange: FiST: Wifi connectivity status false
04-28 15:17:02.309  4046  4046 I id.gms.unstabl: The ClassLoaderContext is a special shared library.
04-28 15:17:02.322  4046  4046 I id.gms.unstabl: The ClassLoaderContext is a special shared library.
04-28 15:17:02.337  2332  2687 I CarrierServices: [547] cuo.c: (PEv2-SM): WaitingForGoogleTosState: event Connectivity event [5eb15cb0-9835-4faa-b23c-9f0e636da724]
04-28 15:17:02.339  2332  2445 I CarrierServices: [513] cnx.d: Connected state: [1], networkType: [MOBILE]
04-28 15:17:02.348  4052  4052 I gle.android.gm: The ClassLoaderContext is a special shared library.
04-28 15:17:02.357  2332  2687 I CarrierServices: [547] cuo.c: (PEv2-SM): EnabledState: event Connectivity event [5eb15cb0-9835-4faa-b23c-9f0e636da724]
04-28 15:17:02.357  4052  4052 I gle.android.gm: The ClassLoaderContext is a special shared library.
04-28 15:17:02.364  4052  4052 I gle.android.gm: The ClassLoaderContext is a special shared library.
04-28 15:17:02.366  2332  2701 I CarrierServices: [549] daa.d: RCS Configuration storage in Bugle is disabled by p/h flag, using ProvisioningEngineStateCacheUtil.getProvisioningConfigurationForGivenSim()
04-28 15:17:02.490  4046  4046 I Perf    : Connecting to perf service.
04-28 15:17:02.490  4052  4052 I Perf    : Connecting to perf service.
04-28 15:17:02.509  4046  4046 W id.gms.unstabl: Couldn't clamp region space as there are regions in use beyond growth limit.
04-28 15:17:02.510  4052  4052 W gle.android.gm: Couldn't clamp region space as there are regions in use beyond growth limit.
04-28 15:17:02.802  4046  4046 W ProviderHelper: Unknown dynamite feature providerinstaller
04-28 15:17:02.808  4046  4046 I DynamiteModule: Considering local module com.google.android.gms.providerinstaller:1 and remote module com.google.android.gms.providerinstaller:0
04-28 15:17:02.808  4046  4046 I DynamiteModule: Selected local version of com.google.android.gms.providerinstaller
04-28 15:17:02.953  4052  4052 W ProviderHelper: Unknown dynamite feature providerinstaller
04-28 15:17:02.956  4052  4052 I DynamiteModule: Considering local module com.google.android.gms.providerinstaller:1 and remote module com.google.android.gms.providerinstaller:0
04-28 15:17:02.956  4052  4052 I DynamiteModule: Selected local version of com.google.android.gms.providerinstaller
04-28 15:17:02.987  4046  4046 D NetworkSecurityConfig: Using Network Security Config from resource network_security_config debugBuild: false
04-28 15:17:02.997  4046  4046 I ProviderInstaller: Installed default security provider GmsCore_OpenSSL
04-28 15:17:03.001  4046  4046 I Safeboot: Checking safeboot...
04-28 15:17:03.003  4046  4046 I Safeboot: Not entering safeboot; wrong process.
04-28 15:17:03.041  1080  1169 I chatty  : uid=1000(system) HeapTaskDaemon expire 1 line
04-28 15:17:03.066  4052  4052 D NetworkSecurityConfig: Using Network Security Config from resource network_security_config debugBuild: false
04-28 15:17:03.070  4052  4052 I ProviderInstaller: Installed default security provider GmsCore_OpenSSL
04-28 15:17:03.070  4052  4052 I Safeboot: Checking safeboot...
04-28 15:17:03.071  4052  4052 I Safeboot: Not entering safeboot; wrong process.
04-28 15:17:03.109  4046  4046 I Watchcat: Started
04-28 15:17:03.112  1080  1321 W BroadcastQueue: Background execution not allowed: receiving Intent { act=android.intent.action.DROPBOX_ENTRY_ADDED flg=0x10 (has extras) } to com.google.android.gms/.stats.service.DropBoxEntryAddedReceiver
04-28 15:17:03.113  1080  1321 W BroadcastQueue: Background execution not allowed: receiving Intent { act=android.intent.action.DROPBOX_ENTRY_ADDED flg=0x10 (has extras) } to com.google.android.gms/.chimera.GmsIntentOperationService$PersistentTrustedReceiver
04-28 15:17:03.130  4046  4046 I azqi    : Primes not initialized, returning default (no-op) Primes instance which will ignore all calls. Please call Primes.initialize(...) before using any Primes API.
04-28 15:17:03.134   667   667 E ANDR-IOP: IIop:: Iop HAL Service is not available.
04-28 15:17:03.160  4052  4052 I Watchcat: Started
04-28 15:17:03.166  4052  4052 I azqi    : Primes not initialized, returning default (no-op) Primes instance which will ignore all calls. Please call Primes.initialize(...) before using any Primes API.
04-28 15:17:03.171   667   667 E ANDR-IOP: IIop:: Iop HAL Service is not available.
04-28 15:17:03.243  2919  2330 I NetworkScheduler.Stats: Task com.google.android.gms/com.google.android.gms.security.snet.SnetNormalTaskService started execution. cause:8 exec_start_elapsed_seconds: 15475 [CONTEXT service_id=218 ]
04-28 15:17:03.448   491   563 D audio_hw_primary: out_standby: enter: stream (0xa201c000) usecase(1: low-latency-playback)
04-28 15:17:03.463  2919   852 I NetworkScheduler.Stats: Task com.google.android.gms/com.google.android.gms.security.snet.SnetNormalTaskService finished executing. cause:8 result: 1 elapsed_millis: 1398 uptime_millis: 1397 exec_start_elapsed_seconds: 15475 [CONTEXT service_id=218 ]
04-28 15:17:03.556   491   563 D audio_hw_primary: disable_audio_route: reset and update mixer path: low-latency-playback
04-28 15:17:03.557   491   563 D msm8916_platform: platform_split_snd_device: snd_device(2) num devices(0) new_snd_devices(0)
04-28 15:17:03.558   491   563 I msm8916_platform: platform_get_custom_mtmx_params: no matching param with id 0 ip_ch 2 op_ch 1 uc_id 1 snd_dev 2
04-28 15:17:03.558   491   563 D hardware_info: hw_info_append_hw_type : device_name = speaker
04-28 15:17:03.558   491   563 D audio_hw_primary: disable_snd_device: snd_device(2: speaker)
04-28 15:17:03.558   491   563 D msm8916_platform: platform_split_snd_device: snd_device(2) num devices(0) new_snd_devices(0)
04-28 15:17:03.564   491   563 D audio_hw_primary: out_standby: exit
04-28 15:17:03.619  2919  2330 I NetworkScheduler.Stats: Task com.google.android.gms/com.google.android.gms.checkin.EventLogService started execution. cause:5 exec_start_elapsed_seconds: 15476 [CONTEXT service_id=218 ]
04-28 15:17:03.675  4052   434 I Checkin : [EventLogChimeraService] Opted in for usage reporting: false
04-28 15:17:03.682  4052   434 I Checkin : [EventLogChimeraService] Aggregate from 1619601148562 (log), 1619601148562 (data)
04-28 15:17:03.766   593   636 D ThermalEngine: zone:1 sensor:xo-therm-buf-adc temp:48986 trip:0 event:0
04-28 15:17:03.767   593   636 D ThermalEngine: zone:20 sensor:skin-therm-adc temp:33585 trip:0 event:0
04-28 15:17:03.779  1080  2917 I DropBoxManagerService: add tag=event_log isTagEnabled=true flags=0x2
04-28 15:17:03.783  1080  2917 I DropBoxManagerService: add tag=event_data isTagEnabled=true flags=0x2
04-28 15:17:03.783  1080  1321 W BroadcastQueue: Background execution not allowed: receiving Intent { act=android.intent.action.DROPBOX_ENTRY_ADDED flg=0x10 (has extras) } to com.google.android.gms/.stats.service.DropBoxEntryAddedReceiver
04-28 15:17:03.784  1080  1321 W BroadcastQueue: Background execution not allowed: receiving Intent { act=android.intent.action.DROPBOX_ENTRY_ADDED flg=0x10 (has extras) } to com.google.android.gms/.chimera.GmsIntentOperationService$PersistentTrustedReceiver
04-28 15:17:03.791  1080  1321 W BroadcastQueue: Background execution not allowed: receiving Intent { act=android.intent.action.DROPBOX_ENTRY_ADDED flg=0x10 (has extras) } to com.google.android.gms/.stats.service.DropBoxEntryAddedReceiver
04-28 15:17:03.791  1080  1321 W BroadcastQueue: Background execution not allowed: receiving Intent { act=android.intent.action.DROPBOX_ENTRY_ADDED flg=0x10 (has extras) } to com.google.android.gms/.chimera.GmsIntentOperationService$PersistentTrustedReceiver
04-28 15:17:03.891  2919   852 I NetworkScheduler.Stats: Task com.google.android.gms/com.google.android.gms.checkin.EventLogService finished executing. cause:5 result: 1 elapsed_millis: 344 uptime_millis: 344 exec_start_elapsed_seconds: 15476 [CONTEXT service_id=218 ]
04-28 15:17:03.931  2919  3818 I DpmTcmClient: RegisterTcmMonitor from: $Proxy0
04-28 15:17:03.984   593   636 D ThermalEngine: zone:2 sensor:pa-therm0-adc temp:45337 trip:0 event:0
04-28 15:17:04.065  2919  2330 I NetworkScheduler.Stats: Task com.google.android.gms/com.google.android.gms.phenotype.service.sync.PhenotypeConfigurator started execution. cause:5 exec_start_elapsed_seconds: 15477 [CONTEXT service_id=218 ]
04-28 15:17:04.089  2919  3818 W Conscrypt: Could not set socket write timeout: java.net.SocketException: Socket closed
04-28 15:17:04.106  2919  3818 W Conscrypt: 	at com.google.android.gms.org.conscrypt.Platform.setSocketWriteTimeout(:com.google.android.gms@203315060@20.33.15 (110300-330018294):2)
04-28 15:17:04.106  2919  3818 W Conscrypt: 	at com.google.android.gms.org.conscrypt.ConscryptFileDescriptorSocket.setSoWriteTimeout(:com.google.android.gms@203315060@20.33.15 (110300-330018294):0)
04-28 15:17:04.292  2919  3818 W Conscrypt: Could not set socket write timeout: java.net.SocketException: Socket closed
04-28 15:17:04.292  2919  3818 W Conscrypt: 	at com.google.android.gms.org.conscrypt.Platform.setSocketWriteTimeout(:com.google.android.gms@203315060@20.33.15 (110300-330018294):2)
04-28 15:17:04.292  2919  3818 W Conscrypt: 	at com.google.android.gms.org.conscrypt.ConscryptFileDescriptorSocket.setSoWriteTimeout(:com.google.android.gms@203315060@20.33.15 (110300-330018294):0)
04-28 15:17:04.564  2919   852 I NetworkScheduler.Stats: Task com.google.android.gms/com.google.android.gms.auth.account.be.legacy.AuthCronService finished executing. cause:8 result: 1 elapsed_millis: 2883 uptime_millis: 2884 exec_start_elapsed_seconds: 15474 [CONTEXT service_id=218 ]
04-28 15:17:04.868  2919   455 I albb    : Removed 0 invalid users [CONTEXT service_id=51 ]
04-28 15:17:05.142  1080  2441 I chatty  : uid=1000(system) PhotonicModulat expire 4 lines
04-28 15:17:05.276   465   465 I chatty  : uid=1000(system) expire 10 lines
04-28 15:17:05.288   465   465 I         : Registration complete for android.hardware.light@2.0::ILight/default.
04-28 15:17:05.572   465   465 I /vendor/bin/hw/android.hardware.light@2.0-service-lazy: Process has 1 (of 1 available) client(s) in use after notification android.hardware.light@2.0::ILight has clients: 1
04-28 15:17:06.132  2919   467 I NetworkManagementSocketTagger: tagSocketFd(-1, 805307399, -1) failed with errno-9
04-28 15:17:06.134  2919   467 W GCM     : socket file descriptor unavailable.
04-28 15:17:06.632  1080  2917 I chatty  : uid=1000(system) Binder:1080_9 expire 6 lines
04-28 15:17:06.651  2919  2285 I NetworkScheduler.Stats: Task com.google.android.gms/com.google.android.gms.auth.account.be.legacy.AuthCronService started execution. cause:2 exec_start_elapsed_seconds: 15479 [CONTEXT service_id=218 ]
04-28 15:17:06.660  2919   852 I NetworkScheduler.Stats: Task com.google.android.gms/com.google.android.gms.auth.account.be.legacy.AuthCronService finished executing. cause:2 result: 1 elapsed_millis: 72 uptime_millis: 72 exec_start_elapsed_seconds: 15479 [CONTEXT service_id=218 ]
04-28 15:17:06.710  2919   469 E WakeLock: GCM_CONN_ALARM release without a matched acquire!
04-28 15:17:07.025  1080  1321 I chatty  : uid=1000(system) ActivityManager expire 10 lines
04-28 15:17:07.035  2919   455 I alaq    : Scheduling adaptive one off task with window [14400, 604800] in seconds [CONTEXT service_id=51 ]
04-28 15:17:07.039  2506  2506 I PhenotypeExperimentUpdateAvailableBroadcastReceiver: onReceive() urgent = false
04-28 15:17:07.192  2919  2285 I NetworkScheduler.Stats: Task com.google.android.gms/com.google.android.gms.phenotype.service.sync.PhenotypeConfigurator finished executing. cause:5 result: 1 elapsed_millis: 3231 uptime_millis: 3231 exec_start_elapsed_seconds: 15477 [CONTEXT service_id=218 ]
04-28 15:17:08.460   593   636 D ThermalEngine: zone:0 sensor:xo-therm-adc temp:49527 trip:0 event:0
04-28 15:17:08.460   593   649 D ThermalEngine: sensor_monitor: xo-therm-adc Reading 49527 .
04-28 15:17:08.460   593   649 I ThermalEngine: Sensor:xo-therm-adc:49527 mC
04-28 15:17:08.460   593   649 D ThermalEngine: update_active_thresh: xo-therm-adc Active(1), Hi(1) 51000, Lo(1) 45000, desc(0) Interval(1) 2000
04-28 15:17:08.460   593   649 D ThermalEngine: sensor_monitor: xo-therm-adc Sensor wait.
04-28 15:17:08.887   593   636 D ThermalEngine: zone:20 sensor:skin-therm-adc temp:10192 trip:0 event:0
04-28 15:17:08.889   593   636 D ThermalEngine: zone:1 sensor:xo-therm-buf-adc temp:49324 trip:0 event:0
04-28 15:17:08.895   339   339 I chatty  : uid=1000(system) hwservicemanage expire 22 lines
04-28 15:17:08.908  1080  2586 I ActivityManager: Killing 3857:com.android.cellbroadcastreceiver/u0a52 (adj 940): cached #5
04-28 15:17:08.968   419   419 I Zygote  : Process 3857 exited due to signal 9 (Killed)
04-28 15:17:08.986  1080  1323 I chatty  : uid=1000(system) ActivityManager expire 4 lines
04-28 15:17:09.099   593   636 D ThermalEngine: zone:2 sensor:pa-therm0-adc temp:45608 trip:0 event:0
04-28 15:17:09.563  3337  3437 I chatty  : uid=10045(com.jio.adc.embedded) LR-HT-NT expire 4 lines
04-28 15:17:09.569  2783  3772 D QCNEJ/WwanInfoRelay: onServiceStateChanged: dataState: 2 DDS:1 Notify service state update
04-28 15:17:09.570  2826  2826 D ServiceStateProvider: subId=1
04-28 15:17:09.573  2332  2332 I CarrierServices: [2] dmn.onReceive: Received SERVICE_STATE intent, clearing cached cell info
04-28 15:17:09.605   419   419 D Zygote  : Forked child process 482
04-28 15:17:09.618  1080  1322 I ActivityManager: Start proc 482:com.android.cellbroadcastreceiver/u0a52 for broadcast {com.android.cellbroadcastreceiver/com.android.cellbroadcastreceiver.CellBroadcastReceiver}
04-28 15:17:09.713   482   482 I Perf    : Connecting to perf service.
04-28 15:17:09.729   482   482 W oadcastreceive: Couldn't clamp region space as there are regions in use beyond growth limit.
04-28 15:17:09.741   667   667 E ANDR-IOP: IIop:: Iop HAL Service is not available.
04-28 15:17:09.743   482   482 D CellBroadcastReceiver: onReceive Intent { act=android.intent.action.SERVICE_STATE flg=0x1000010 cmp=com.android.cellbroadcastreceiver/.CellBroadcastReceiver (has extras) }
04-28 15:17:09.754  1080  2586 I ActivityManager: Killing 3903:com.android.permissioncontroller/u0a46 (adj 940): cached #5
04-28 15:17:09.798   419   419 I Zygote  : Process 3903 exited due to signal 9 (Killed)
04-28 15:17:09.801   881   978 D QC-time-services: Lib:time_genoff_operation: pargs->base = 12
04-28 15:17:09.801   881   978 D QC-time-services: Lib:time_genoff_operation: pargs->operation = 0
04-28 15:17:09.801   881   978 D QC-time-services: Lib:time_genoff_operation: pargs->ts_val = 1619603230694
04-28 15:17:09.802   415   428 I chatty  : uid=1000(system) /vendor/bin/time_daemon expire 15 lines
04-28 15:17:09.802   881   978 D QC-time-services: Lib:time_genoff_operation: Send to server  passed!!
04-28 15:17:09.803   415   548 I chatty  : uid=1000(system) /vendor/bin/time_daemon expire 10 lines
04-28 15:17:09.823   881   978 E QC-time-services: Receive Passed == base = 12, unit = 1, operation = 0, result = 0
04-28 15:17:09.823   881   978 D QC-time-services: Lib:time_genoff_operation: pargs->base = 13
04-28 15:17:09.823   881   978 D QC-time-services: Lib:time_genoff_operation: pargs->operation = 0
04-28 15:17:09.823   881   978 D QC-time-services: Lib:time_genoff_operation: pargs->ts_val = 1619603230694
04-28 15:17:09.823   881   978 D QC-time-services: Lib:time_genoff_operation: Send to server  passed!!
04-28 15:17:09.824   415   553 I chatty  : uid=1000(system) /vendor/bin/time_daemon expire 10 lines
04-28 15:17:09.832   881   978 E QC-time-services: Receive Passed == base = 13, unit = 1, operation = 0, result = 0
04-28 15:17:10.015   497   497 I chatty  : uid=1000(system) composer@2.1-se expire 9 lines
04-28 15:17:10.573   465   465 I /vendor/bin/hw/android.hardware.light@2.0-service-lazy: Process has 0 (of 1 available) client(s) in use after notification android.hardware.light@2.0::ILight has clients: 0
04-28 15:17:10.573   465   465 I /vendor/bin/hw/android.hardware.light@2.0-service-lazy: Trying to exit HAL. No clients in use for any service in process.
04-28 15:17:10.574   465   465 I /vendor/bin/hw/android.hardware.light@2.0-service-lazy: Unregistered all clients and exiting
04-28 15:17:10.902  1080   811 I ActivityManager: Killing 4052:com.google.android.gms/u0a90 (adj 940): cached #5
04-28 15:17:10.958   419   419 I Zygote  : Process 4052 exited due to signal 9 (Killed)
04-28 15:17:11.818  2783  3772 D QCNEJ/WwanInfoRelay: onServiceStateChanged: dataState: 2 DDS:1 Notify service state update
04-28 15:17:11.821  2826  2826 D ServiceStateProvider: subId=1
04-28 15:17:11.825  2332  2332 I CarrierServices: [2] dmn.onReceive: Received SERVICE_STATE intent, clearing cached cell info
04-28 15:17:11.828   482   482 D CellBroadcastReceiver: onReceive Intent { act=android.intent.action.SERVICE_STATE flg=0x1000010 cmp=com.android.cellbroadcastreceiver/.CellBroadcastReceiver (has extras) }
04-28 15:17:12.361   881   978 D QC-time-services: Lib:time_genoff_operation: pargs->base = 12
04-28 15:17:12.361   881   978 D QC-time-services: Lib:time_genoff_operation: pargs->operation = 0
04-28 15:17:12.361   881   978 D QC-time-services: Lib:time_genoff_operation: pargs->ts_val = 1619603233254
04-28 15:17:12.361   881   978 D QC-time-services: Lib:time_genoff_operation: Send to server  passed!!
04-28 15:17:12.362   415   576 I chatty  : uid=1000(system) /vendor/bin/time_daemon expire 10 lines
04-28 15:17:12.364  1080  1157 I chatty  : uid=1000(system) Binder:1080_16 expire 2 lines
04-28 15:17:12.373   881   978 E QC-time-services: Receive Passed == base = 12, unit = 1, operation = 0, result = 0
04-28 15:17:12.373   881   978 D QC-time-services: Lib:time_genoff_operation: pargs->base = 13
04-28 15:17:12.373   881   978 D QC-time-services: Lib:time_genoff_operation: pargs->operation = 0
04-28 15:17:12.373   881   978 D QC-time-services: Lib:time_genoff_operation: pargs->ts_val = 1619603233254
04-28 15:17:12.373   881   978 D QC-time-services: Lib:time_genoff_operation: Send to server  passed!!
04-28 15:17:12.374   415   577 I chatty  : uid=1000(system) /vendor/bin/time_daemon expire 10 lines
04-28 15:17:12.378   881   978 E QC-time-services: Receive Passed == base = 13, unit = 1, operation = 0, result = 0
04-28 15:17:14.006   593   636 D ThermalEngine: zone:1 sensor:xo-therm-buf-adc temp:49189 trip:0 event:0
04-28 15:17:14.011   593   636 D ThermalEngine: zone:20 sensor:skin-therm-adc temp:32474 trip:0 event:0
04-28 15:17:14.220   593   636 D ThermalEngine: zone:2 sensor:pa-therm0-adc temp:45743 trip:0 event:0
04-28 15:17:16.864  2478  2478 D StatusBar: disable<e i a s b h r c s > disable2<q i n >
04-28 15:17:17.026   613   613 W vm_bms  : type=1400 audit(0.0:13407): avc: denied { read } for name="u:object_r:default_prop:s0" dev="tmpfs" ino=12041 scontext=u:r:vm_bms:s0 tcontext=u:object_r:default_prop:s0 tclass=file permissive=0
04-28 15:17:17.026   613   613 I chatty  : uid=0(root) /vendor/bin/vm_bms identical 35 lines
04-28 15:17:17.026   613   613 W vm_bms  : type=1400 audit(0.0:13410): avc: denied { read } for name="u:object_r:default_prop:s0" dev="tmpfs" ino=12041 scontext=u:r:vm_bms:s0 tcontext=u:object_r:default_prop:s0 tclass=file permissive=0
04-28 15:17:17.028   613   613 E libc    : Access denied finding property "vbms.log.enable"
04-28 15:17:17.029   613   613 W vm_bms  : type=1400 audit(0.0:13411): avc: denied { read } for name="u:object_r:default_prop:s0" dev="tmpfs" ino=12041 scontext=u:r:vm_bms:s0 tcontext=u:object_r:default_prop:s0 tclass=file permissive=0
04-28 15:17:17.029   613   613 E libc    : Access denied finding property "vbms.log.enable"
04-28 15:17:17.033   613   613 E libc    : Access denied finding property "vbms.log.enable"
04-28 15:17:17.037   613   613 E libc    : Access denied finding property "vbms.log.enable"
04-28 15:17:17.037   613   613 E libc    : Access denied finding property "vbms.log.enable"
04-28 15:17:17.038   613   613 E libc    : Access denied finding property "vbms.log.enable"
04-28 15:17:17.041  2478  2478 D StatusBar: disable<e i a s b h r c s > disable2<q i n >
04-28 15:17:17.043   613   613 I VM_BMS  : power_supply_update: ocv_uv=4173829 ibatt=-146315 soc=99 seq_num=269
04-28 15:17:17.043   613   613 E libc    : Access denied finding property "vbms.log.enable"
04-28 15:17:17.043   613   613 E libc    : Access denied finding property "vbms.log.enable"
04-28 15:17:18.486   593   636 D ThermalEngine: zone:0 sensor:xo-therm-adc temp:49189 trip:0 event:0
04-28 15:17:18.486   593   649 D ThermalEngine: sensor_monitor: xo-therm-adc Reading 49189 .
04-28 15:17:18.486   593   649 I ThermalEngine: Sensor:xo-therm-adc:49189 mC
04-28 15:17:18.486   593   649 D ThermalEngine: update_active_thresh: xo-therm-adc Active(1), Hi(1) 51000, Lo(1) 45000, desc(0) Interval(1) 2000
04-28 15:17:18.486   593   649 D ThermalEngine: sensor_monitor: xo-therm-adc Sensor wait.
04-28 15:17:18.775   587   587 D AndroidRuntime: >>>>>> START com.android.internal.os.RuntimeInit uid 2000 <<<<<<
04-28 15:17:18.803   587   587 W app_process: type=1400 audit(0.0:13448): avc: denied { read } for name="u:object_r:device_config_runtime_native_boot_prop:s0" dev="tmpfs" ino=12048 scontext=u:r:shell:s0 tcontext=u:object_r:device_config_runtime_native_boot_prop:s0 tclass=file permissive=0
04-28 15:17:18.803   587   587 I chatty  : uid=2000(shell) app_process identical 14 lines
04-28 15:17:19.125   593   636 D ThermalEngine: zone:20 sensor:skin-therm-adc temp:13750 trip:0 event:0
04-28 15:17:19.127   593   636 D ThermalEngine: zone:1 sensor:xo-therm-buf-adc temp:48986 trip:0 event:0
04-28 15:17:19.339   593   636 D ThermalEngine: zone:2 sensor:pa-therm0-adc temp:45675 trip:0 event:0
04-28 15:17:19.656  1080  1080 D BluetoothManagerService: Bluetooth persisted state: 0
04-28 15:17:19.656  1080  1080 D BluetoothManagerService: Airplane Mode change - current state:  OFF, isAirplaneModeOn()=true, mEnableExternal: false
04-28 15:17:19.660  1080  3740 I chatty  : uid=1000(system) LocationService expire 16 lines
04-28 15:17:19.689   419   419 D Zygote  : Forked child process 659
04-28 15:17:19.704  1080  1322 I ActivityManager: Start proc 659:com.android.carrierdefaultapp/u0a61 for broadcast {com.android.carrierdefaultapp/com.android.carrierdefaultapp.CarrierDefaultBroadcastReceiver}
04-28 15:17:19.766  1080  3679 I chatty  : uid=1000(system) Binder:1080_12 expire 6 lines
04-28 15:17:19.842   659   659 I Perf    : Connecting to perf service.
04-28 15:17:19.871   659   659 W rrierdefaultap: Couldn't clamp region space as there are regions in use beyond growth limit.
04-28 15:17:19.876   339   339 I chatty  : uid=1000(system) hwservicemanage expire 3 lines
04-28 15:17:19.878   667   667 E ANDR-IOP: IIop:: Iop HAL Service is not available.
04-28 15:17:19.882   659   659 D CarrierDefaultBroadcastReceiver: onReceive intent: com.android.internal.telephony.CARRIER_SIGNAL_RESET
04-28 15:17:19.914  1080  3679 W ActivityManager: Permission Denial: not allowed to send broadcast android.intent.action.AIRPLANE_MODE from pid=725, uid=2000
04-28 15:17:19.917   659   659 D CarrierDefaultBroadcastReceiver: apply carrier action idx: 6
04-28 15:17:19.917   659   659 D CarrierActionUtils: onCancelAllNotifications
04-28 15:17:19.919   659   659 D CarrierDefaultBroadcastReceiver: apply carrier action idx: 8
04-28 15:17:19.919   659   659 D CarrierActionUtils: onDisableDefaultURLHandler
04-28 15:17:19.938  1080  2586 I ActivityManager: Killing 4046:com.google.android.gms.unstable/u0a90 (adj 940): cached #5
04-28 15:17:20.024   419   419 I Zygote  : Process 4046 exited due to signal 9 (Killed)
04-28 15:17:20.028   339   339 I hwservicemanager: getTransport: Cannot find entry vendor.qti.hardware.servicetracker@1.0::IServicetracker/default in either framework or device manifest.
04-28 15:17:21.071   732   732 I chatty  : uid=2000(shell) app_process expire 16 lines
04-28 15:17:21.934  1080  2586 W ActivityManager: Permission Denial: not allowed to send broadcast android.intent.action.AIRPLANE_MODE from pid=819, uid=2000
04-28 15:17:22.118   339   339 I hwservicemanager: getTransport: Cannot find entry vendor.qti.hardware.servicetracker@1.0::IServicetracker/default in either framework or device manifest.
04-28 15:17:22.205   339   339 I hwservicemanager: getTransport: Cannot find entry vendor.qti.hardware.servicetracker@1.0::IServicetracker/default in either framework or device manifest.
04-28 15:17:22.260  1080  1080 I chatty  : uid=1000 system_server identical 1 line
04-28 15:17:22.406   842   842 I chatty  : uid=1000(system) expire 9 lines
04-28 15:17:22.415   842   842 I ServiceManagement: Removing namespace from process name android.hardware.light@2.0-service-lazy to light@2.0-service-lazy.
04-28 15:17:22.417   842   842 I         : Registration complete for android.hardware.light@2.0::ILight/default.
04-28 15:17:22.418   339   339 I hwservicemanager: Notifying android.hardware.light@2.0::ILight/default they have clients: 1
04-28 15:17:22.420   842   842 I /vendor/bin/hw/android.hardware.light@2.0-service-lazy: Process has 1 (of 1 available) client(s) in use after notification android.hardware.light@2.0::ILight has clients: 1
04-28 15:17:23.063   838   838 I chatty  : uid=2000(shell) app_process expire 16 lines
04-28 15:17:23.697  1080  1080 D BluetoothManagerService: Bluetooth persisted state: 0
04-28 15:17:23.697  1080  1080 D BluetoothManagerService: Airplane Mode change - current state:  OFF, isAirplaneModeOn()=false, mEnableExternal: false
04-28 15:17:23.737   497   497 W SDM     : HWPrimary::PopulateDisplayAttributes: Driver doesn't report panel physical width and height - defaulting to 320dpi
04-28 15:17:23.905  1080  1157 W ActivityManager: Permission Denial: not allowed to send broadcast android.intent.action.AIRPLANE_MODE from pid=906, uid=2000
04-28 15:17:24.185   497   533 W SDM     : HWPrimary::PopulateDisplayAttributes: Driver doesn't report panel physical width and height - defaulting to 320dpi
04-28 15:17:24.246   593   636 D ThermalEngine: zone:1 sensor:xo-therm-buf-adc temp:48986 trip:0 event:0
04-28 15:17:24.256   593   636 D ThermalEngine: zone:20 sensor:skin-therm-adc temp:34040 trip:0 event:0
04-28 15:17:24.459   593   636 D ThermalEngine: zone:2 sensor:pa-therm0-adc temp:45675 trip:0 event:0
04-28 15:17:24.884   912   912 I chatty  : uid=2000(shell) /vendor/bin/hw/android.hardware.wifi@1.0-service-lazy expire 13 lines
04-28 15:17:24.893   912   912 I chatty  : uid=1010(wifi) /vendor/bin/hw/android.hardware.wifi@1.0-service-lazy expire 3 lines
04-28 15:17:25.262  2783  3772 D QCNEJ/WwanInfoRelay: onServiceStateChanged: dataState: 2 DDS:1 Notify service state update
04-28 15:17:25.271  2826  2826 D ServiceStateProvider: subId=1
04-28 15:17:25.282   482   482 D CellBroadcastReceiver: onReceive Intent { act=android.intent.action.SERVICE_STATE flg=0x1000010 cmp=com.android.cellbroadcastreceiver/.CellBroadcastReceiver (has extras) }
04-28 15:17:25.336   497   497 W SDM     : HWPrimary::PopulateDisplayAttributes: Driver doesn't report panel physical width and height - defaulting to 320dpi
04-28 15:17:25.342  2332  2332 I CarrierServices: [2] dmn.onReceive: Received SERVICE_STATE intent, clearing cached cell info
04-28 15:17:25.420   497   497 W SDM     : HWPrimary::PopulateDisplayAttributes: Driver doesn't report panel physical width and height - defaulting to 320dpi
04-28 15:17:25.826  1080  1157 W ActivityManager: Permission Denial: not allowed to send broadcast android.intent.action.AIRPLANE_MODE from pid=949, uid=2000
04-28 15:17:26.441   881   978 D QC-time-services: Lib:time_genoff_operation: pargs->base = 12
04-28 15:17:26.441   881   978 D QC-time-services: Lib:time_genoff_operation: pargs->operation = 0
04-28 15:17:26.441   881   978 D QC-time-services: Lib:time_genoff_operation: pargs->ts_val = 1619603247335
04-28 15:17:26.442   881   978 D QC-time-services: Lib:time_genoff_operation: Send to server  passed!!
04-28 15:17:26.442   415   957 I chatty  : uid=1000(system) /vendor/bin/time_daemon expire 10 lines
04-28 15:17:26.444  1080  2586 I chatty  : uid=1000(system) Binder:1080_5 expire 2 lines
04-28 15:17:26.445   418  2648 I netd    : trafficSwapActiveStatsMap() <24.80ms>
04-28 15:17:26.450   881   978 E QC-time-services: Receive Passed == base = 12, unit = 1, operation = 0, result = 0
04-28 15:17:26.450   418  2648 I netd    : tetherGetStats() <3.17ms>
04-28 15:17:26.450   881   978 D QC-time-services: Lib:time_genoff_operation: pargs->base = 13
04-28 15:17:26.450   881   978 D QC-time-services: Lib:time_genoff_operation: pargs->operation = 0
04-28 15:17:26.450   881   978 D QC-time-services: Lib:time_genoff_operation: pargs->ts_val = 1619603247335
04-28 15:17:26.451   881   978 D QC-time-services: Lib:time_genoff_operation: Send to server  passed!!
04-28 15:17:26.451   415   959 I chatty  : uid=1000(system) /vendor/bin/time_daemon expire 10 lines
04-28 15:17:26.457   881   978 E QC-time-services: Receive Passed == base = 13, unit = 1, operation = 0, result = 0
04-28 15:17:28.515   593   636 D ThermalEngine: zone:0 sensor:xo-therm-adc temp:49121 trip:0 event:0
04-28 15:17:28.515   593   649 D ThermalEngine: sensor_monitor: xo-therm-adc Reading 49121 .
04-28 15:17:28.515   593   649 I ThermalEngine: Sensor:xo-therm-adc:49121 mC
04-28 15:17:28.515   593   649 D ThermalEngine: update_active_thresh: xo-therm-adc Active(1), Hi(1) 51000, Lo(1) 45000, desc(0) Interval(1) 2000
04-28 15:17:28.516   593   649 D ThermalEngine: sensor_monitor: xo-therm-adc Sensor wait.
04-28 15:17:28.866  2826  2826 D ServiceStateProvider: subId=1
04-28 15:17:28.869  2332  2332 I CarrierServices: [2] dmn.onReceive: Received SERVICE_STATE intent, clearing cached cell info
04-28 15:17:28.872  1080  1321 I chatty  : uid=1000(system) ActivityManager expire 2 lines
04-28 15:17:28.874   482   482 D CellBroadcastReceiver: onReceive Intent { act=android.intent.action.SERVICE_STATE flg=0x1000010 cmp=com.android.cellbroadcastreceiver/.CellBroadcastReceiver (has extras) }
04-28 15:17:28.894  2783  3772 D QCNEJ/WwanInfoRelay: onServiceStateChanged: dataState: 2 DDS:1 Notify service state update
04-28 15:17:28.932   497   533 W SDM     : HWPrimary::PopulateDisplayAttributes: Driver doesn't report panel physical width and height - defaulting to 320dpi
04-28 15:17:29.000   881   978 D QC-time-services: Lib:time_genoff_operation: pargs->base = 12
04-28 15:17:29.000   881   978 D QC-time-services: Lib:time_genoff_operation: pargs->operation = 0
04-28 15:17:29.000   881   978 D QC-time-services: Lib:time_genoff_operation: pargs->ts_val = 1619603249895
04-28 15:17:29.002   881   978 D QC-time-services: Lib:time_genoff_operation: Send to server  passed!!
04-28 15:17:29.002   415   966 I chatty  : uid=1000(system) /vendor/bin/time_daemon expire 10 lines
04-28 15:17:29.013   497   533 W SDM     : HWPrimary::PopulateDisplayAttributes: Driver doesn't report panel physical width and height - defaulting to 320dpi
04-28 15:17:29.018   881   978 E QC-time-services: Receive Passed == base = 12, unit = 1, operation = 0, result = 0
04-28 15:17:29.018   881   978 D QC-time-services: Lib:time_genoff_operation: pargs->base = 13
04-28 15:17:29.018   881   978 D QC-time-services: Lib:time_genoff_operation: pargs->operation = 0
04-28 15:17:29.018   881   978 D QC-time-services: Lib:time_genoff_operation: pargs->ts_val = 1619603249895
04-28 15:17:29.018   881   978 D QC-time-services: Lib:time_genoff_operation: Send to server  passed!!
04-28 15:17:29.019   415   970 I chatty  : uid=1000(system) /vendor/bin/time_daemon expire 10 lines
04-28 15:17:29.024   881   978 E QC-time-services: Receive Passed == base = 13, unit = 1, operation = 0, result = 0
04-28 15:17:29.026   415   428 E QC-time-services: Daemon: Time-services: Waiting to acceptconnection
04-28 15:17:29.370   593   636 D ThermalEngine: zone:20 sensor:skin-therm-adc temp:35439 trip:0 event:0
04-28 15:17:29.379   593   636 D ThermalEngine: zone:1 sensor:xo-therm-buf-adc temp:48918 trip:0 event:0
04-28 15:17:29.582   593   636 D ThermalEngine: zone:2 sensor:pa-therm0-adc temp:45608 trip:0 event:0
04-28 15:17:30.572   339   339 I hwservicemanager: Notifying android.hardware.light@2.0::ILight/default they have clients: 0
04-28 15:17:30.573   842   842 I /vendor/bin/hw/android.hardware.light@2.0-service-lazy: Process has 0 (of 1 available) client(s) in use after notification android.hardware.light@2.0::ILight has clients: 0
04-28 15:17:30.573   842   842 I /vendor/bin/hw/android.hardware.light@2.0-service-lazy: Trying to exit HAL. No clients in use for any service in process.
04-28 15:17:30.574   339   339 I hwservicemanager: Notifying android.hardware.light@2.0::ILight/default they have clients: 1
04-28 15:17:30.574   842   842 I /vendor/bin/hw/android.hardware.light@2.0-service-lazy: Unregistered all clients and exiting
04-28 15:17:31.924   418  3992 W DnsTlsSocket: SSL_connect error 5, errno=110
04-28 15:17:32.196   979   979 I chatty  : uid=2000(shell) app_process expire 16 lines
04-28 15:17:32.860  1080  1157 W BluetoothManagerService: checkPackage(): called with null packageName from 2000
04-28 15:17:33.631   418  4002 W DnsTlsSocket: SSL_connect error 5, errno=110
04-28 15:17:33.754  1008  1008 I chatty  : uid=2000(shell) app_process expire 16 lines
04-28 15:17:34.486   593   636 D ThermalEngine: zone:1 sensor:xo-therm-buf-adc temp:48648 trip:0 event:0
04-28 15:17:34.495   593   636 D ThermalEngine: zone:20 sensor:skin-therm-adc temp:33686 trip:0 event:0
04-28 15:17:34.699   593   636 D ThermalEngine: zone:2 sensor:pa-therm0-adc temp:45540 trip:0 event:0
04-28 15:17:35.426  1077  1077 I chatty  : uid=2000(shell) app_process expire 16 lines
04-28 15:17:36.022  1080  1157 I chatty  : uid=1000(system) Binder:1080_16 identical 2 lines
04-28 15:17:36.904  1099  1099 I chatty  : uid=2000(shell) app_process expire 16 lines
04-28 15:17:37.489  1080  1157 W BluetoothManagerService: checkPackage(): called with null packageName from 2000
04-28 15:17:38.540   593   636 D ThermalEngine: zone:0 sensor:xo-therm-adc temp:48716 trip:0 event:0
04-28 15:17:38.541   593   649 D ThermalEngine: sensor_monitor: xo-therm-adc Reading 48716 .
04-28 15:17:38.541   593   649 I ThermalEngine: Sensor:xo-therm-adc:48716 mC
04-28 15:17:38.541   593   649 D ThermalEngine: update_active_thresh: xo-therm-adc Active(1), Hi(1) 51000, Lo(1) 45000, desc(0) Interval(1) 2000
04-28 15:17:38.541   593   649 D ThermalEngine: sensor_monitor: xo-therm-adc Sensor wait.
04-28 15:17:38.863  1135  1135 I chatty  : uid=2000(shell) app_process expire 16 lines
04-28 15:17:39.606   593   636 D ThermalEngine: zone:20 sensor:skin-therm-adc temp:11057 trip:0 event:0
04-28 15:17:39.615   593   636 D ThermalEngine: zone:1 sensor:xo-therm-buf-adc temp:48513 trip:0 event:0
04-28 15:17:39.819   593   636 D ThermalEngine: zone:2 sensor:pa-therm0-adc temp:45405 trip:0 event:0
04-28 15:17:40.233  1150  1150 I chatty  : uid=2000(shell) app_process expire 11 lines
04-28 15:17:40.510  1150  1150 D ICU     : Time zone APEX file found: /apex/com.android.tzdata/etc/icu/icu_tzdata.dat
04-28 15:17:40.570  1150  1150 I app_process: The ClassLoaderContext is a special shared library.
04-28 15:17:40.629  1150  1150 W app_process: JNI RegisterNativeMethods: attempt to register 0 native methods for android.media.AudioAttributes
04-28 15:17:40.653  1150  1150 D AndroidRuntime: Calling main entry com.android.commands.svc.Svc
04-28 15:17:40.658  1150  1150 D AndroidRuntime: Shutting down VM
04-28 15:17:40.658  1080  3740 I chatty  : uid=1000(system) LocationService expire 8 lines
04-28 15:17:40.659   495   547 I LocSvc_SystemStatusOsObserver: DataItem: IS_WIFI_HARDWARE_ON: true >> Wiper
04-28 15:17:40.660   495   572 I LocSvc_api_v02: ---> locClientSendReq line 2345 QMI_LOC_NOTIFY_WIFI_ENABLED_STATUS_REQ_V02
04-28 15:17:40.660  1080  2411 I chatty  : uid=1000(system) WifiService expire 1 line
04-28 15:17:40.660  1080  2412 I chatty  : uid=1000(system) ClientModeImpl expire 14 lines
04-28 15:17:40.660  2783  3772 D QCNEJ/WlanStaInfoRelay: onChange for uri = content://settings/global/wifi_on
04-28 15:17:40.663   495   871 I LocSvc_ApiV02: <--- globalRespCb line 192 QMI_LOC_NOTIFY_WIFI_ENABLED_STATUS_REQ_V02
04-28 15:17:40.665  1080  1321 W BroadcastQueue: Background execution not allowed: receiving Intent { act=android.net.wifi.WIFI_STATE_CHANGED flg=0x4000010 (has extras) } to com.jio.media.ondemand/com.jio.media.mobile.apps.jioondemand.mediaplayer.NetworkChangeReceiver
04-28 15:17:40.665  1080  1321 W BroadcastQueue: Background execution not allowed: receiving Intent { act=android.net.wifi.WIFI_STATE_CHANGED flg=0x4000010 (has extras) } to com.jio.media.ondemand/com.jio.media.framework.services.external.network.NetworkChangedBroadcastListener
04-28 15:17:40.666  1080  1321 W BroadcastQueue: Background execution not allowed: receiving Intent { act=android.net.wifi.WIFI_STATE_CHANGED flg=0x4000010 (has extras) } to com.jio.myjio/.jionet.receiver.WifiScanReceiver
