04-28 15:17:40.666  1080  1321 W BroadcastQueue: Background execution not allowed: receiving Intent { act=android.net.wifi.WIFI_STATE_CHANGED flg=0x4000010 (has extras) } to com.jio.myjio/com.bb.lib.receiver.NetworkChangeReceiver
04-28 15:17:40.666  1080  1321 W BroadcastQueue: Background execution not allowed: receiving Intent { act=android.net.wifi.WIFI_STATE_CHANGED flg=0x4000010 (has extras) } to com.jio.myjio/com.inn.passivesdk.receiver.ServiceStarterReceiver
04-28 15:17:40.673  3337  3438 I chatty  : uid=10045(com.jio.adc.embedded) LR-HT-NT-2 expire 2 lines
04-28 15:17:40.874  1181  1181 I android.hardware.wifi@1.0-service-lazy: Wifi Hal is booting up...
04-28 15:17:40.875  1181  1181 I android.hardware.wifi@1.0-service-lazy: Registering HAL: android.hardware.wifi@1.3::IWifi with name: default
04-28 15:17:40.881  1181  1181 I chatty  : uid=1010 wifi@1.0-servic expire 16 lines
04-28 15:17:40.881  1080  1762 I chatty  : uid=1000(system) HwBinder:1080_2 expire 6 lines
04-28 15:17:41.625  1183  1183 D AndroidRuntime: >>>>>> START com.android.internal.os.RuntimeInit uid 2000 <<<<<<
04-28 15:17:41.639  1183  1183 W app_process: type=1400 audit(0.0:13478): avc: denied { read } for name="u:object_r:device_config_runtime_native_boot_prop:s0" dev="tmpfs" ino=12048 scontext=u:r:shell:s0 tcontext=u:object_r:device_config_runtime_native_boot_prop:s0 tclass=file permissive=0
04-28 15:17:41.643  1183  1183 W app_process: type=1400 audit(0.0:13479): avc: denied { read } for name="u:object_r:device_config_runtime_native_boot_prop:s0" dev="tmpfs" ino=12048 scontext=u:r:shell:s0 tcontext=u:object_r:device_config_runtime_native_boot_prop:s0 tclass=file permissive=0
04-28 15:17:41.643  1183  1183 W app_process: type=1400 audit(0.0:13480): avc: denied { read } for name="u:object_r:device_config_runtime_native_boot_prop:s0" dev="tmpfs" ino=12048 scontext=u:r:shell:s0 tcontext=u:object_r:device_config_runtime_native_boot_prop:s0 tclass=file permissive=0
04-28 15:17:41.644  1183  1183 E libc    : Access denied finding property "persist.device_config.runtime_native_boot.enable_apex_image"
04-28 15:17:41.644  1183  1183 I AndroidRuntime: Using default boot image
04-28 15:17:41.644  1183  1183 E libc    : Access denied finding property "persist.device_config.runtime_native_boot.disable_lock_profiling"
04-28 15:17:41.644  1183  1183 I AndroidRuntime: Leaving lock profiling enabled
04-28 15:17:41.645  1183  1183 E libc    : Access denied finding property "persist.device_config.runtime_native_boot.enable_generational_cc"
04-28 15:17:41.659  1183  1183 W app_process: Could not reserve sentinel fault page
04-28 15:17:41.659  1183  1183 I app_process: Core platform API reporting enabled, enforcing=false
04-28 15:17:41.718   681   681 I wificond: Regulatory domain changed
04-28 15:17:41.728   681   681 E wificond: Failed to find expected wiphy info from NL80211_CMD_GET_WIPHY responses
04-28 15:17:41.728   681   681 I wificond: 2.4Ghz frequencies:
04-28 15:17:41.728   681   681 I wificond: 5Ghz non-DFS frequencies:
04-28 15:17:41.728   681   681 I wificond: 5Ghz DFS frequencies:
04-28 15:17:41.728   681   681 I wificond: Regulatory domain changed
04-28 15:17:41.737   681   681 E wificond: Failed to find expected wiphy info from NL80211_CMD_GET_WIPHY responses
04-28 15:17:41.738   681   681 I wificond: 2.4Ghz frequencies:
04-28 15:17:41.738   681   681 I wificond: 5Ghz non-DFS frequencies:
04-28 15:17:41.738   681   681 I wificond: 5Ghz DFS frequencies:
04-28 15:17:41.738   681   681 I wificond: Regulatory domain changed
04-28 15:17:41.738   681   681 E wificond: Failed to find expected wiphy info from NL80211_CMD_GET_WIPHY responses
04-28 15:17:41.738   681   681 I wificond: 2.4Ghz frequencies:
04-28 15:17:41.738   681   681 I wificond: 5Ghz non-DFS frequencies:
04-28 15:17:41.738   681   681 I wificond: 5Ghz DFS frequencies:
04-28 15:17:41.738   681   681 I wificond: Regulatory domain changed
04-28 15:17:41.738   681   681 E wificond: Failed to find expected wiphy info from NL80211_CMD_GET_WIPHY responses
04-28 15:17:41.738   681   681 I wificond: 2.4Ghz frequencies:
04-28 15:17:41.738   681   681 I wificond: 5Ghz non-DFS frequencies:
04-28 15:17:41.739   681   681 I wificond: 5Ghz DFS frequencies:
04-28 15:17:41.739   681   681 I wificond: Regulatory domain changed
04-28 15:17:41.739   681   681 E wificond: Failed to find expected wiphy info from NL80211_CMD_GET_WIPHY responses
04-28 15:17:41.739   681   681 I wificond: 2.4Ghz frequencies:
04-28 15:17:41.739   681   681 I wificond: 5Ghz non-DFS frequencies:
04-28 15:17:41.739   681   681 I wificond: 5Ghz DFS frequencies:
04-28 15:17:41.739   681   681 I wificond: Regulatory domain changed
04-28 15:17:41.739   681   681 E wificond: Failed to find expected wiphy info from NL80211_CMD_GET_WIPHY responses
04-28 15:17:41.739   681   681 I wificond: 2.4Ghz frequencies:
04-28 15:17:41.739   681   681 I wificond: 5Ghz non-DFS frequencies:
04-28 15:17:41.739   681   681 I wificond: 5Ghz DFS frequencies:
04-28 15:17:41.739   681   681 I wificond: Regulatory domain changed
04-28 15:17:41.740   681   681 E wificond: Failed to find expected wiphy info from NL80211_CMD_GET_WIPHY responses
04-28 15:17:41.740   681   681 I wificond: 2.4Ghz frequencies:
04-28 15:17:41.740   681   681 I wificond: 5Ghz non-DFS frequencies:
04-28 15:17:41.740   681   681 I wificond: 5Ghz DFS frequencies:
04-28 15:17:41.740   681   681 I wificond: Regulatory domain changed
04-28 15:17:41.740   681   681 E wificond: Failed to find expected wiphy info from NL80211_CMD_GET_WIPHY responses
04-28 15:17:41.740   681   681 I wificond: 2.4Ghz frequencies:
04-28 15:17:41.740   681   681 I wificond: 5Ghz non-DFS frequencies:
04-28 15:17:41.740   681   681 I wificond: 5Ghz DFS frequencies:
04-28 15:17:41.740   681   681 I wificond: Regulatory domain changed
04-28 15:17:41.740   681   681 E wificond: Failed to find expected wiphy info from NL80211_CMD_GET_WIPHY responses
04-28 15:17:41.741   681   681 I wificond: 2.4Ghz frequencies:
04-28 15:17:41.741   681   681 I wificond: 5Ghz non-DFS frequencies:
04-28 15:17:41.741   681   681 I wificond: 5Ghz DFS frequencies:
04-28 15:17:41.741   681   681 I wificond: Regulatory domain changed
04-28 15:17:41.741   681   681 E wificond: Failed to find expected wiphy info from NL80211_CMD_GET_WIPHY responses
04-28 15:17:41.741   681   681 I wificond: 2.4Ghz frequencies:
04-28 15:17:41.742   681   681 I wificond: 5Ghz non-DFS frequencies:
04-28 15:17:41.742   681   681 I wificond: 5Ghz DFS frequencies:
04-28 15:17:41.742   681   681 I wificond: Regulatory domain changed
04-28 15:17:41.742   681   681 E wificond: Failed to find expected wiphy info from NL80211_CMD_GET_WIPHY responses
04-28 15:17:41.743   681   681 I wificond: 2.4Ghz frequencies:
04-28 15:17:41.743   681   681 I wificond: 5Ghz non-DFS frequencies:
04-28 15:17:41.743   681   681 I wificond: 5Ghz DFS frequencies:
04-28 15:17:41.744   681   681 I wificond: Regulatory domain changed
04-28 15:17:41.744   681   681 E wificond: Failed to find expected wiphy info from NL80211_CMD_GET_WIPHY responses
04-28 15:17:41.744   681   681 I wificond: 2.4Ghz frequencies:
04-28 15:17:41.745   681   681 I wificond: 5Ghz non-DFS frequencies:
04-28 15:17:41.745   681   681 I wificond: 5Ghz DFS frequencies:
04-28 15:17:41.745   681   681 I wificond: Regulatory domain changed
04-28 15:17:41.745   681   681 E wificond: Failed to find expected wiphy info from NL80211_CMD_GET_WIPHY responses
04-28 15:17:41.745   681   681 I wificond: 2.4Ghz frequencies:
04-28 15:17:41.745   681   681 I wificond: 5Ghz non-DFS frequencies:
04-28 15:17:41.745   681   681 I wificond: 5Ghz DFS frequencies:
04-28 15:17:41.746   681   681 I wificond: Regulatory domain changed
04-28 15:17:41.746   681   681 E wificond: Failed to find expected wiphy info from NL80211_CMD_GET_WIPHY responses
04-28 15:17:41.746   681   681 I wificond: 2.4Ghz frequencies:
04-28 15:17:41.746   681   681 I wificond: 5Ghz non-DFS frequencies:
04-28 15:17:41.746   681   681 I wificond: 5Ghz DFS frequencies:
04-28 15:17:41.746   681   681 I wificond: Regulatory domain changed
04-28 15:17:41.747   681   681 E wificond: Failed to find expected wiphy info from NL80211_CMD_GET_WIPHY responses
04-28 15:17:41.747   681   681 I wificond: 2.4Ghz frequencies:
04-28 15:17:41.747   681   681 I wificond: 5Ghz non-DFS frequencies:
04-28 15:17:41.747   681   681 I wificond: 5Ghz DFS frequencies:
04-28 15:17:41.747   681   681 I wificond: Regulatory domain changed
04-28 15:17:41.747   681   681 E wificond: Failed to find expected wiphy info from NL80211_CMD_GET_WIPHY responses
04-28 15:17:41.747   681   681 I wificond: 2.4Ghz frequencies:
04-28 15:17:41.747   681   681 I wificond: 5Ghz non-DFS frequencies:
04-28 15:17:41.748   681   681 I wificond: 5Ghz DFS frequencies:
04-28 15:17:41.748   681   681 I wificond: Regulatory domain changed
04-28 15:17:41.748   681   681 E wificond: Failed to find expected wiphy info from NL80211_CMD_GET_WIPHY responses
04-28 15:17:41.748   681   681 I wificond: 2.4Ghz frequencies:
04-28 15:17:41.748   681   681 I wificond: 5Ghz non-DFS frequencies:
04-28 15:17:41.748   681   681 I wificond: 5Ghz DFS frequencies:
04-28 15:17:41.748   681   681 I wificond: Regulatory domain changed
04-28 15:17:41.748   681   681 E wificond: Failed to find expected wiphy info from NL80211_CMD_GET_WIPHY responses
04-28 15:17:41.748   681   681 I wificond: 2.4Ghz frequencies:
04-28 15:17:41.748   681   681 I wificond: 5Ghz non-DFS frequencies:
04-28 15:17:41.748   681   681 I wificond: 5Ghz DFS frequencies:
04-28 15:17:41.748   681   681 I wificond: Regulatory domain changed
04-28 15:17:41.749   681   681 E wificond: Failed to find expected wiphy info from NL80211_CMD_GET_WIPHY responses
04-28 15:17:41.749   681   681 I wificond: 2.4Ghz frequencies:
04-28 15:17:41.749   681   681 I wificond: 5Ghz non-DFS frequencies:
04-28 15:17:41.749   681   681 I wificond: 5Ghz DFS frequencies:
04-28 15:17:41.749   681   681 I wificond: Regulatory domain changed
04-28 15:17:41.749   681   681 E wificond: Failed to find expected wiphy info from NL80211_CMD_GET_WIPHY responses
04-28 15:17:41.749   681   681 I wificond: 2.4Ghz frequencies:
04-28 15:17:41.749   681   681 I wificond: 5Ghz non-DFS frequencies:
04-28 15:17:41.749   681   681 I wificond: 5Ghz DFS frequencies:
04-28 15:17:41.749   681   681 I wificond: Regulatory domain changed
04-28 15:17:41.749   681   681 E wificond: Failed to find expected wiphy info from NL80211_CMD_GET_WIPHY responses
04-28 15:17:41.749   681   681 I wificond: 2.4Ghz frequencies:
04-28 15:17:41.749   681   681 I wificond: 5Ghz non-DFS frequencies:
04-28 15:17:41.750   681   681 I wificond: 5Ghz DFS frequencies:
04-28 15:17:41.750   681   681 I wificond: Regulatory domain changed
04-28 15:17:41.750   681   681 E wificond: Failed to find expected wiphy info from NL80211_CMD_GET_WIPHY responses
04-28 15:17:41.750   681   681 I wificond: 2.4Ghz frequencies:
04-28 15:17:41.750   681   681 I wificond: 5Ghz non-DFS frequencies:
04-28 15:17:41.750   681   681 I wificond: 5Ghz DFS frequencies:
04-28 15:17:41.750   681   681 I wificond: Regulatory domain changed
04-28 15:17:41.750   681   681 E wificond: Failed to find expected wiphy info from NL80211_CMD_GET_WIPHY responses
04-28 15:17:41.750   681   681 I wificond: 2.4Ghz frequencies:
04-28 15:17:41.750   681   681 I wificond: 5Ghz non-DFS frequencies:
04-28 15:17:41.750   681   681 I wificond: 5Ghz DFS frequencies:
04-28 15:17:41.750   681   681 I wificond: Regulatory domain changed
04-28 15:17:41.751   681   681 E wificond: Failed to find expected wiphy info from NL80211_CMD_GET_WIPHY responses
04-28 15:17:41.751   681   681 I wificond: 2.4Ghz frequencies:
04-28 15:17:41.752   681   681 I wificond: 5Ghz non-DFS frequencies:
04-28 15:17:41.752   681   681 I wificond: 5Ghz DFS frequencies:
04-28 15:17:41.752   681   681 I wificond: Regulatory domain changed
04-28 15:17:41.752   681   681 E wificond: Failed to find expected wiphy info from NL80211_CMD_GET_WIPHY responses
04-28 15:17:41.752   681   681 I wificond: 2.4Ghz frequencies:
04-28 15:17:41.755  1181  1181 I android.hardware.wifi@1.0-service-lazy: Wifi HAL started
04-28 15:17:41.756  1080  2413 I chatty  : uid=1000(system) WifiP2pService expire 4 lines
04-28 15:17:41.766   681   681 I wificond: 5Ghz non-DFS frequencies:
04-28 15:17:41.766   681   681 I wificond: 5Ghz DFS frequencies:
04-28 15:17:41.766   681   681 I wificond: Regulatory domain changed
04-28 15:17:41.766   681   681 E wificond: Failed to find expected wiphy info from NL80211_CMD_GET_WIPHY responses
04-28 15:17:41.766   681   681 I wificond: 2.4Ghz frequencies:
04-28 15:17:41.766   681   681 I wificond: 5Ghz non-DFS frequencies:
04-28 15:17:41.766   681   681 I wificond: 5Ghz DFS frequencies:
04-28 15:17:41.766   681   681 I wificond: Regulatory domain changed
04-28 15:17:41.767   681   681 E wificond: Failed to find expected wiphy info from NL80211_CMD_GET_WIPHY responses
04-28 15:17:41.767   681   681 I wificond: 2.4Ghz frequencies:
04-28 15:17:41.767   681   681 I wificond: 5Ghz non-DFS frequencies:
04-28 15:17:41.767   681   681 I wificond: 5Ghz DFS frequencies:
04-28 15:17:41.983  1183  1183 D ICU     : Time zone APEX file found: /apex/com.android.tzdata/etc/icu/icu_tzdata.dat
04-28 15:17:42.021  1183  1183 I app_process: The ClassLoaderContext is a special shared library.
04-28 15:17:42.079  1213  1213 I chatty  : uid=1010(wifi) expire 116 lines
04-28 15:17:42.085  1183  1183 W app_process: JNI RegisterNativeMethods: attempt to register 0 native methods for android.media.AudioAttributes
04-28 15:17:42.112  1183  1183 D AndroidRuntime: Calling main entry com.android.commands.input.Input
04-28 15:17:42.120  1183  1183 D AndroidRuntime: Shutting down VM
04-28 15:17:42.204  1181  1181 I android.hardware.wifi@1.0-service-lazy: Adding interface handle for p2p0
04-28 15:17:42.204  1181  1181 I android.hardware.wifi@1.0-service-lazy: Adding interface handle for wlan0
04-28 15:17:42.204  1181  1181 W android.hardware.wifi@1.0-service-lazy: No active wlan interfaces in use! Using default
04-28 15:17:42.205  1181  1181 W android.hardware.wifi@1.0-service-lazy: No active wlan interfaces in use! Using default
04-28 15:17:42.210  1181  1181 I android.hardware.wifi@1.0-service-lazy: Configured chip in mode 0
04-28 15:17:42.210  1181  1181 W android.hardware.wifi@1.0-service-lazy: No active wlan interfaces in use! Using default
04-28 15:17:42.248   681   681 I wificond: setting base_wiphy_index_ to 27
04-28 15:17:42.250   681   681 I wificond: create scanner for interface with index: 80
04-28 15:17:42.250   681   681 I wificond: subscribe scan result for interface with index: 80
04-28 15:17:42.252   339   339 I hwservicemanager: getTransport: Cannot find entry android.hardware.wifi.offload@1.0::IOffload/default in either framework or device manifest.
04-28 15:17:42.252   681   681 E wificond: No Offload Service available
04-28 15:17:42.252   681   681 I wificond: Offload HAL not supported 
04-28 15:17:42.293  1213  1213 D wpa_supplicant: nl80211: Register frame type=0xd0 (WLAN_FC_STYPE_ACTION) nl_handle=0xaa61b228 match=0a0b
04-28 15:17:42.293  1213  1213 D wpa_supplicant: nl80211: Register frame type=0xd0 (WLAN_FC_STYPE_ACTION) nl_handle=0xaa61b228 match=0a1a
04-28 15:17:42.293  1213  1213 D wpa_supplicant: nl80211: Register frame type=0xd0 (WLAN_FC_STYPE_ACTION) nl_handle=0xaa61b228 match=1101
04-28 15:17:42.293  1213  1213 D wpa_supplicant: nl80211: Register frame type=0xd0 (WLAN_FC_STYPE_ACTION) nl_handle=0xaa61b228 match=1102
04-28 15:17:42.293  1213  1213 D wpa_supplicant: nl80211: Register frame type=0xd0 (WLAN_FC_STYPE_ACTION) nl_handle=0xaa61b228 match=0505
04-28 15:17:42.294  1213  1213 I wpa_supplicant: rfkill: Cannot open RFKILL control device
04-28 15:17:42.294  1213  1213 D wpa_supplicant: nl80211: RFKILL status not available
04-28 15:17:42.295  1213  1213 D wpa_supplicant: netlink: Operstate: ifindex=80 linkmode=1 (userspace-control), operstate=5 (IF_OPER_DORMANT)
04-28 15:17:42.299  1080  1306 I chatty  : uid=1000(system) android.fg expire 1 line
04-28 15:17:42.300  1213  1213 D wpa_supplicant: Add interface wlan0 to a new radio phy27
04-28 15:17:42.301  1213  1213 D wpa_supplicant: nl80211: Regulatory information - country=IN (DFS-ETSI)
04-28 15:17:42.301  1213  1213 D wpa_supplicant: nl80211: 2402-2482 @ 40 MHz 30 mBm
04-28 15:17:42.301  1213  1213 D wpa_supplicant: nl80211: 5170-5250 @ 80 MHz 30 mBm
04-28 15:17:42.301  1213  1213 D wpa_supplicant: nl80211: 5250-5330 @ 80 MHz 24 mBm (DFS)
04-28 15:17:42.301  1213  1213 D wpa_supplicant: nl80211: 5490-5730 @ 160 MHz 24 mBm (DFS)
04-28 15:17:42.301  1213  1213 D wpa_supplicant: nl80211: 5735-5875 @ 80 MHz 30 mBm
04-28 15:17:42.301  1213  1213 D wpa_supplicant: nl80211: Added 802.11b mode based on 802.11g information
04-28 15:17:42.301  1213  1213 D wpa_supplicant: nl80211: Mode IEEE 802.11g: 2412 2417 2422 2427 2432 2437 2442 2447 2452 2457 2462 2467 2472 2484[DISABLED][NO_IR]
04-28 15:17:42.301  1213  1213 D wpa_supplicant: nl80211: Mode IEEE 802.11b: 2412 2417 2422 2427 2432 2437 2442 2447 2452 2457 2462 2467 2472 2484[DISABLED][NO_IR]
04-28 15:17:42.341  1213  1213 D wpa_supplicant: wlan0: Own MAC address: cc:f5:5f:32:5b:c5
04-28 15:17:42.342  1213  1213 D wpa_supplicant: wpa_driver_nl80211_set_key: ifindex=80 (wlan0) alg=0 addr=0x0 key_idx=0 set_tx=0 seq_len=0 key_len=0
04-28 15:17:42.342  1213  1213 D wpa_supplicant: wpa_driver_nl80211_set_key: ifindex=80 (wlan0) alg=0 addr=0x0 key_idx=1 set_tx=0 seq_len=0 key_len=0
04-28 15:17:42.342  1213  1213 D wpa_supplicant: wpa_driver_nl80211_set_key: ifindex=80 (wlan0) alg=0 addr=0x0 key_idx=2 set_tx=0 seq_len=0 key_len=0
04-28 15:17:42.343  1213  1213 D wpa_supplicant: wpa_driver_nl80211_set_key: ifindex=80 (wlan0) alg=0 addr=0x0 key_idx=3 set_tx=0 seq_len=0 key_len=0
04-28 15:17:42.343  1213  1213 D wpa_supplicant: wpa_driver_nl80211_set_key: ifindex=80 (wlan0) alg=0 addr=0x0 key_idx=4 set_tx=0 seq_len=0 key_len=0
04-28 15:17:42.344  1213  1213 D wpa_supplicant: wpa_driver_nl80211_set_key: ifindex=80 (wlan0) alg=0 addr=0x0 key_idx=5 set_tx=0 seq_len=0 key_len=0
04-28 15:17:42.344  1213  1213 D wpa_supplicant: wlan0: RSN: flushing PMKID list in the driver
04-28 15:17:42.344  1213  1213 D wpa_supplicant: nl80211: Flush PMKIDs
04-28 15:17:42.344  1213  1213 D wpa_supplicant: wlan0: State: DISCONNECTED -> INACTIVE
04-28 15:17:42.344  1213  1213 D wpa_supplicant: Notifying state change event to hidl control: 2
04-28 15:17:42.358  1213  1213 D wpa_supplicant: TDLS: TDLS operation supported by driver
04-28 15:17:42.358  1213  1213 D wpa_supplicant: TDLS: Driver uses external link setup
04-28 15:17:42.358  1213  1213 D wpa_supplicant: TDLS: Driver does not support TDLS channel switching
04-28 15:17:42.362  1213  1213 D wpa_supplicant: wlan0: WPS: UUID based on MAC address: e1249385-aadd-515a-9c15-1d9cdd02b282
04-28 15:17:42.363  1213  1213 E wpa_supplicant: eap_proxy: eap_proxy_init
04-28 15:17:42.363  1213  1213 D wpa_supplicant: EAPOL: SUPP_PAE entering state DISCONNECTED
04-28 15:17:42.363  1213  1213 D wpa_supplicant: EAPOL: Supplicant port status: Unauthorized
04-28 15:17:42.363  1213  1213 D wpa_supplicant: nl80211: Skip set_supp_port(unauthorized) while not associated
04-28 15:17:42.363  1213  1213 D wpa_supplicant: EAPOL: KEY_RX entering state NO_KEY_RECEIVE
04-28 15:17:42.363  1213  1213 D wpa_supplicant: EAPOL: SUPP_BE entering state INITIALIZE
04-28 15:17:42.363  1213  1213 D wpa_supplicant: EAP: EAP entering state DISABLED
04-28 15:17:42.364  1213  1247 E wpa_supplicant: eap_proxy: num_modems = 1
04-28 15:17:42.364  1213  1247 E wpa_supplicant: eap_proxy: eap_proxy Initializing for DUAL SIM build 2 tid 1247
04-28 15:17:42.364  1213  1213 D wpa_supplicant: nl80211: Setting wowlan
04-28 15:17:42.364  1213  1213 E wpa_supplicant: eap_proxy:eap_proxy_get_imsi: Not initialized
04-28 15:17:42.364  1213  1213 D wpa_supplicant: eap_proxy: IMSI not available
04-28 15:17:42.365  1213  1213 D wpa_supplicant: MBO: Update non-preferred channels, non_pref_chan=N/A
04-28 15:17:42.365  1213  1213 D wpa_supplicant: nl80211: Scan default IEs - hexdump(len=21): 7f 0a 00 00 0a 02 00 40 00 00 00 01 dd 07 50 6f 9a 16 03 01 03
04-28 15:17:42.365  1213  1213 E wpa_supplicant: nl80211: Set scan default IEs failed: ret=-524 (Unknown error 524)
04-28 15:17:42.365  1213  1213 D wpa_supplicant: Registering interface to hidl control: wlan0
04-28 15:17:42.365  1213  1213 I wpa_supplicant: Mapping to vendor sta iface
04-28 15:17:42.365  1213  1213 D wpa_supplicant: wlan0: Added interface wlan0
04-28 15:17:42.365  1213  1213 D wpa_supplicant: wlan0: State: INACTIVE -> DISCONNECTED
04-28 15:17:42.365  1213  1213 D wpa_supplicant: nl80211: Set wlan0 operstate 0->0 (DORMANT)
04-28 15:17:42.365  1213  1213 D wpa_supplicant: netlink: Operstate: ifindex=80 linkmode=-1 (no change), operstate=5 (IF_OPER_DORMANT)
04-28 15:17:42.365  1213  1213 D wpa_supplicant: Notifying state change event to hidl control: 0
04-28 15:17:42.365  1213  1213 E wpa_supplicant: No VendorStaIfaceCallback is register
04-28 15:17:42.366  1213  1247 E QMI_FW  : QMUXD: WARNING qmi_qmux_if_pwr_up_init failed! rc=-6
04-28 15:17:42.369  1213  1213 D wpa_supplicant: RTM_NEWLINK: ifi_index=80 ifname=wlan0 operstate=2 linkmode=1 ifi_family=0 ifi_flags=0x1003 ([UP])
04-28 15:17:42.370  1213  1247 E wpa_supplicant: eap_proxy: QMI_UIM_EVENT_REG_REQ_V01, qmi_err_code: 0x0 wpa_uim[0].qmi_uim_svc_client_ptr =0x1Error=0x0
04-28 15:17:42.370  1213  1247 E wpa_supplicant: eap_proxy: event_resp_msg.event=1,
04-28 15:17:42.370  1213  1247 E wpa_supplicant: eap_proxy: reading card 1 values
04-28 15:17:42.371  1213  1247 E wpa_supplicant: eap_proxy: card_info[i].card_state: 0x1
04-28 15:17:42.371  1213  1247 E wpa_supplicant: eap_proxy: card_info[i].error_code: 0x0
04-28 15:17:42.371  1213  1247 E wpa_supplicant: eap_proxy: read_card_status: prime slot = 0
04-28 15:17:42.371  1213  1247 E wpa_supplicant: eap_proxy: card READY
04-28 15:17:42.371  1213  1247 E wpa_supplicant: eap_proxy: card_info[i].app_type: 0x2
04-28 15:17:42.372  1213  1247 E wpa_supplicant: eap_proxy: card_info[i].app_state : 0x7
04-28 15:17:42.372  1213  1247 E wpa_supplicant: eap_proxy: card found for SIM = 1
04-28 15:17:42.372  1213  1247 E wpa_supplicant: eap_proxy: SIM/USIM ready
04-28 15:17:42.372  1213  1247 E wpa_supplicant: eap_proxy: QMI uim service client initialized with success tid is 1247 0x1 0
04-28 15:17:42.372  1213  1247 E wpa_supplicant: eap_proxy: QMI auth service client initialized with success tid is 1247  0x2 eapol_proxy=0x81f8911c
04-28 15:17:42.372  1213  1247 E wpa_supplicant: registering for notification codes
04-28 15:17:42.373  1080  2412 I chatty  : uid=1000(system) ClientModeImpl expire 24 lines
04-28 15:17:42.379  1213  1213 I wpa_supplicant: get vendor sta iface object
04-28 15:17:42.383   418  2648 I netd    : interfaceGetCfg("wlan0") <0.64ms>
04-28 15:17:42.384  1213  1247 E wpa_supplicant: eap_proxy: QMI_UIM_EVENT_REG_REQ_V01, qmi_err_code: 0x0 wpa_uim[1].qmi_uim_svc_client_ptr =0x3Error=0x0
04-28 15:17:42.384  1213  1247 E wpa_supplicant: eap_proxy: event_resp_msg.event=1,
04-28 15:17:42.384  1213  1247 E wpa_supplicant: eap_proxy: reading card 2 values
04-28 15:17:42.387   418  2648 I netd    : interfaceClearAddrs("wlan0") <1.92ms>
04-28 15:17:42.388  1213  1247 E wpa_supplicant: eap_proxy: SIM/USIM not ready card_found=0
04-28 15:17:42.389  1213  1247 E wpa_supplicant: eap_proxy: Error while reading SIM card status
04-28 15:17:42.389  1213  1247 E wpa_supplicant: eap_proxy: QMI uim service client initialized with success tid is 1247 0x3 0
04-28 15:17:42.389   418  2648 I netd    : interfaceSetIPv6PrivacyExtensions("wlan0", "true") <0.30ms>
04-28 15:17:42.389  1213  1247 E wpa_supplicant: eap_proxy: QMI auth service client initialized with success tid is 1247  0x4 eapol_proxy=0x81f8911c
04-28 15:17:42.389  1213  1247 E wpa_supplicant: registering for notification codes
04-28 15:17:42.390   418  2648 I netd    : interfaceSetEnableIPv6("wlan0", "false") <0.32ms>
04-28 15:17:42.392  1213  1247 E wpa_supplicant: eap_proxy: Eap_proxy initialized successfully tid is 1247 
04-28 15:17:42.405   418  2648 I netd    : interfaceGetCfg("wlan0") <0.38ms>
04-28 15:17:42.409  1080  1080 I chatty  : uid=1000 system_server expire 2 lines
04-28 15:17:42.410  1080  1321 W BroadcastQueue: Background execution not allowed: receiving Intent { act=android.net.wifi.WIFI_STATE_CHANGED flg=0x4000010 (has extras) } to com.jio.media.ondemand/com.jio.media.mobile.apps.jioondemand.mediaplayer.NetworkChangeReceiver
04-28 15:17:42.413  1080  1321 W BroadcastQueue: Background execution not allowed: receiving Intent { act=android.net.wifi.WIFI_STATE_CHANGED flg=0x4000010 (has extras) } to com.jio.media.ondemand/com.jio.media.framework.services.external.network.NetworkChangedBroadcastListener
04-28 15:17:42.414  1080  1321 W BroadcastQueue: Background execution not allowed: receiving Intent { act=android.net.wifi.WIFI_STATE_CHANGED flg=0x4000010 (has extras) } to com.jio.myjio/.jionet.receiver.WifiScanReceiver
04-28 15:17:42.414  1080  1321 W BroadcastQueue: Background execution not allowed: receiving Intent { act=android.net.wifi.WIFI_STATE_CHANGED flg=0x4000010 (has extras) } to com.jio.myjio/com.bb.lib.receiver.NetworkChangeReceiver
04-28 15:17:42.414  1080  1321 W BroadcastQueue: Background execution not allowed: receiving Intent { act=android.net.wifi.WIFI_STATE_CHANGED flg=0x4000010 (has extras) } to com.jio.myjio/com.inn.passivesdk.receiver.ServiceStarterReceiver
04-28 15:17:42.422  3337  4003 I chatty  : uid=10045(com.jio.adc.embedded) pool-1-thread-1 expire 3 lines
04-28 15:17:42.423   418  2648 I netd    : interfaceSetEnableIPv6("wlan0", "false") <0.16ms>
04-28 15:17:42.426   418  2648 I netd    : interfaceClearAddrs("wlan0") <0.48ms>
04-28 15:17:42.430  3337  4004 I chatty  : uid=10045(com.jio.adc.embedded) pool-5-thread-1 expire 1 line
04-28 15:17:42.430  3337  4006 I chatty  : uid=10045(com.jio.adc.embedded) pool-4-thread-1 expire 1 line
04-28 15:17:42.430  3337  4005 I chatty  : uid=10045(com.jio.adc.embedded) pool-3-thread-1 expire 1 line
04-28 15:17:42.431  3337  4014 I chatty  : uid=10045(com.jio.adc.embedded) pool-7-thread-9 expire 1 line
04-28 15:17:42.439  3337  4007 I chatty  : uid=10045(com.jio.adc.embedded) pool-6-thread-1 expire 2 lines
04-28 15:17:42.440  3337  4016 I chatty  : uid=10045(com.jio.adc.embedded) pool-8-thread-1 expire 1 line
04-28 15:17:42.440  3337  4007 I chatty  : uid=10045(com.jio.adc.embedded) pool-6-thread-1 expire 5 lines
04-28 15:17:42.443  3337  4019 I chatty  : uid=10045(com.jio.adc.embedded) pool-2-thread-1 expire 2 lines
04-28 15:17:42.443  3337  4017 I chatty  : uid=10045(com.jio.adc.embedded) pool-9-thread-1 expire 6 lines
04-28 15:17:42.445  3337  4016 I chatty  : uid=10045(com.jio.adc.embedded) pool-8-thread-1 expire 1 line
04-28 15:17:42.466  3337  4005 I chatty  : uid=10045(com.jio.adc.embedded) pool-3-thread-1 expire 4 lines
04-28 15:17:42.469  1213  1213 I wpa_supplicant: wlan0: CTRL-EVENT-REGDOM-CHANGE init=USER type=COUNTRY alpha2=IN
04-28 15:17:42.474  1181  1181 E WifiHAL : wifi_start_pkt_fate_monitoring: packet fate logging feature not supported 0
04-28 15:17:42.483  1181  1181 E WifiHAL : wifi_get_ring_buffers_status: Ring buffer logging feature not supported 0
04-28 15:17:42.499   497   497 W SDM     : HWPrimary::PopulateDisplayAttributes: Driver doesn't report panel physical width and height - defaulting to 320dpi
04-28 15:17:42.521  1080  2414 I chatty  : uid=1000(system) WifiScanningSer expire 2 lines
04-28 15:17:42.526  1080  2412 I chatty  : uid=1000(system) ClientModeImpl expire 22 lines
04-28 15:17:42.639  3337  4004 I chatty  : uid=10045(com.jio.adc.embedded) pool-5-thread-1 expire 6 lines
04-28 15:17:42.733  3337  4003 I chatty  : uid=10045(com.jio.adc.embedded) pool-1-thread-1 expire 1 line
04-28 15:17:42.748   418  2648 I netd    : trafficSwapActiveStatsMap() <37.53ms>
04-28 15:17:42.755   418  2648 I netd    : tetherGetStats() <3.80ms>
04-28 15:17:42.932   497   533 W SDM     : HWPrimary::PopulateDisplayAttributes: Driver doesn't report panel physical width and height - defaulting to 320dpi
04-28 15:17:43.207  1080  2853 I chatty  : uid=1000(system) Binder:1080_1A expire 3 lines
04-28 15:17:43.217  1080  1321 W BroadcastQueue: Background execution not allowed: receiving Intent { act=android.net.wifi.SCAN_RESULTS flg=0x4000010 (has extras) } to com.jio.myjio/.jionet.receiver.WifiScanReceiver
04-28 15:17:43.258  2919  2943 I ChimeraSrvcProxy: NullBinder for android.net.action.RECOMMEND_NETWORKS triggering remote TransactionTooLargeException due to Service without Chimera impl
04-28 15:17:43.382  1245  1245 D AndroidRuntime: >>>>>> START com.android.internal.os.RuntimeInit uid 2000 <<<<<<
04-28 15:17:43.389  1245  1245 W app_process: type=1400 audit(0.0:13481): avc: denied { read } for name="u:object_r:device_config_runtime_native_boot_prop:s0" dev="tmpfs" ino=12048 scontext=u:r:shell:s0 tcontext=u:object_r:device_config_runtime_native_boot_prop:s0 tclass=file permissive=0
04-28 15:17:43.389  1245  1245 W app_process: type=1400 audit(0.0:13482): avc: denied { read } for name="u:object_r:device_config_runtime_native_boot_prop:s0" dev="tmpfs" ino=12048 scontext=u:r:shell:s0 tcontext=u:object_r:device_config_runtime_native_boot_prop:s0 tclass=file permissive=0
04-28 15:17:43.393  1245  1245 W app_process: type=1400 audit(0.0:13483): avc: denied { read } for name="u:object_r:device_config_runtime_native_boot_prop:s0" dev="tmpfs" ino=12048 scontext=u:r:shell:s0 tcontext=u:object_r:device_config_runtime_native_boot_prop:s0 tclass=file permissive=0
04-28 15:17:43.393  1245  1245 E libc    : Access denied finding property "persist.device_config.runtime_native_boot.enable_apex_image"
04-28 15:17:43.393  1245  1245 I AndroidRuntime: Using default boot image
04-28 15:17:43.394  1245  1245 E libc    : Access denied finding property "persist.device_config.runtime_native_boot.disable_lock_profiling"
04-28 15:17:43.394  1245  1245 I AndroidRuntime: Leaving lock profiling enabled
04-28 15:17:43.395  1245  1245 E libc    : Access denied finding property "persist.device_config.runtime_native_boot.enable_generational_cc"
04-28 15:17:43.409  1245  1245 W app_process: Could not reserve sentinel fault page
04-28 15:17:43.409  1245  1245 I app_process: Core platform API reporting enabled, enforcing=false
04-28 15:17:43.697  1245  1245 D ICU     : Time zone APEX file found: /apex/com.android.tzdata/etc/icu/icu_tzdata.dat
04-28 15:17:43.729  1245  1245 I app_process: The ClassLoaderContext is a special shared library.
04-28 15:17:43.790  1245  1245 W app_process: JNI RegisterNativeMethods: attempt to register 0 native methods for android.media.AudioAttributes
04-28 15:17:43.814  1245  1245 D AndroidRuntime: Calling main entry com.android.commands.svc.Svc
04-28 15:17:43.819  1245  1245 D AndroidRuntime: Shutting down VM
04-28 15:17:44.726   593   636 D ThermalEngine: zone:1 sensor:xo-therm-buf-adc temp:48581 trip:0 event:0
04-28 15:17:44.727   593   636 D ThermalEngine: zone:20 sensor:skin-therm-adc temp:31818 trip:0 event:0
04-28 15:17:44.939   593   636 D ThermalEngine: zone:2 sensor:pa-therm0-adc temp:45337 trip:0 event:0
04-28 15:17:44.990  1276  1276 D AndroidRuntime: >>>>>> START com.android.internal.os.RuntimeInit uid 2000 <<<<<<
04-28 15:17:44.999  1276  1276 W app_process: type=1400 audit(0.0:13484): avc: denied { read } for name="u:object_r:device_config_runtime_native_boot_prop:s0" dev="tmpfs" ino=12048 scontext=u:r:shell:s0 tcontext=u:object_r:device_config_runtime_native_boot_prop:s0 tclass=file permissive=0
04-28 15:17:44.999  1276  1276 W app_process: type=1400 audit(0.0:13485): avc: denied { read } for name="u:object_r:device_config_runtime_native_boot_prop:s0" dev="tmpfs" ino=12048 scontext=u:r:shell:s0 tcontext=u:object_r:device_config_runtime_native_boot_prop:s0 tclass=file permissive=0
04-28 15:17:44.999  1276  1276 W app_process: type=1400 audit(0.0:13486): avc: denied { read } for name="u:object_r:device_config_runtime_native_boot_prop:s0" dev="tmpfs" ino=12048 scontext=u:r:shell:s0 tcontext=u:object_r:device_config_runtime_native_boot_prop:s0 tclass=file permissive=0
04-28 15:17:45.001  1276  1276 E libc    : Access denied finding property "persist.device_config.runtime_native_boot.enable_apex_image"
04-28 15:17:45.002  1276  1276 I AndroidRuntime: Using default boot image
04-28 15:17:45.002  1276  1276 E libc    : Access denied finding property "persist.device_config.runtime_native_boot.disable_lock_profiling"
04-28 15:17:45.002  1276  1276 I AndroidRuntime: Leaving lock profiling enabled
04-28 15:17:45.003  1276  1276 E libc    : Access denied finding property "persist.device_config.runtime_native_boot.enable_generational_cc"
04-28 15:17:45.017  1276  1276 W app_process: Could not reserve sentinel fault page
04-28 15:17:45.017  1276  1276 I app_process: Core platform API reporting enabled, enforcing=false
04-28 15:17:45.282  1276  1276 D ICU     : Time zone APEX file found: /apex/com.android.tzdata/etc/icu/icu_tzdata.dat
04-28 15:17:45.314  1276  1276 I app_process: The ClassLoaderContext is a special shared library.
04-28 15:17:45.373  1276  1276 W app_process: JNI RegisterNativeMethods: attempt to register 0 native methods for android.media.AudioAttributes
04-28 15:17:45.397  1276  1276 D AndroidRuntime: Calling main entry com.android.commands.input.Input
04-28 15:17:45.405  1276  1276 D AndroidRuntime: Shutting down VM
04-28 15:17:45.571   339   339 I hwservicemanager: Notifying android.hardware.wifi@1.3::IWifi/default they have clients: 1
04-28 15:17:45.572  1181  1181 I android.hardware.wifi@1.0-service-lazy: Process has 1 (of 1 available) client(s) in use after notification android.hardware.wifi@1.3::IWifi has clients: 1
04-28 15:17:46.393  1305  1305 D AndroidRuntime: >>>>>> START com.android.internal.os.RuntimeInit uid 2000 <<<<<<
04-28 15:17:46.403  1305  1305 W app_process: type=1400 audit(0.0:13487): avc: denied { read } for name="u:object_r:device_config_runtime_native_boot_prop:s0" dev="tmpfs" ino=12048 scontext=u:r:shell:s0 tcontext=u:object_r:device_config_runtime_native_boot_prop:s0 tclass=file permissive=0
04-28 15:17:46.403  1305  1305 W app_process: type=1400 audit(0.0:13488): avc: denied { read } for name="u:object_r:device_config_runtime_native_boot_prop:s0" dev="tmpfs" ino=12048 scontext=u:r:shell:s0 tcontext=u:object_r:device_config_runtime_native_boot_prop:s0 tclass=file permissive=0
04-28 15:17:46.403  1305  1305 W app_process: type=1400 audit(0.0:13489): avc: denied { read } for name="u:object_r:device_config_runtime_native_boot_prop:s0" dev="tmpfs" ino=12048 scontext=u:r:shell:s0 tcontext=u:object_r:device_config_runtime_native_boot_prop:s0 tclass=file permissive=0
04-28 15:17:46.405  1305  1305 E libc    : Access denied finding property "persist.device_config.runtime_native_boot.enable_apex_image"
04-28 15:17:46.405  1305  1305 I AndroidRuntime: Using default boot image
04-28 15:17:46.406  1305  1305 E libc    : Access denied finding property "persist.device_config.runtime_native_boot.disable_lock_profiling"
04-28 15:17:46.406  1305  1305 I AndroidRuntime: Leaving lock profiling enabled
04-28 15:17:46.407  1305  1305 E libc    : Access denied finding property "persist.device_config.runtime_native_boot.enable_generational_cc"
04-28 15:17:46.420  1305  1305 W app_process: Could not reserve sentinel fault page
04-28 15:17:46.421  1305  1305 I app_process: Core platform API reporting enabled, enforcing=false
04-28 15:17:46.676  1305  1305 D ICU     : Time zone APEX file found: /apex/com.android.tzdata/etc/icu/icu_tzdata.dat
04-28 15:17:46.709  1305  1305 I app_process: The ClassLoaderContext is a special shared library.
04-28 15:17:46.767  1305  1305 W app_process: JNI RegisterNativeMethods: attempt to register 0 native methods for android.media.AudioAttributes
04-28 15:17:46.791  1305  1305 D AndroidRuntime: Calling main entry com.android.commands.svc.Svc
04-28 15:17:46.796  1080  3740 I chatty  : uid=1000(system) LocationService expire 8 lines
04-28 15:17:46.796  1305  1305 D AndroidRuntime: Shutting down VM
04-28 15:17:46.797  2783  3772 D QCNEJ/WlanStaInfoRelay: onChange for uri = content://settings/global/wifi_on
04-28 15:17:46.798   495   547 I LocSvc_SystemStatusOsObserver: DataItem: IS_WIFI_HARDWARE_ON: false >> Wiper
04-28 15:17:46.798   495   572 I LocSvc_api_v02: ---> locClientSendReq line 2345 QMI_LOC_NOTIFY_WIFI_ENABLED_STATUS_REQ_V02
04-28 15:17:46.800   495   871 I LocSvc_ApiV02: <--- globalRespCb line 192 QMI_LOC_NOTIFY_WIFI_ENABLED_STATUS_REQ_V02
04-28 15:17:46.801  1080  2411 I chatty  : uid=1000(system) WifiService expire 1 line
04-28 15:17:46.805  1080  1321 W BroadcastQueue: Background execution not allowed: receiving Intent { act=android.net.wifi.WIFI_STATE_CHANGED flg=0x4000010 (has extras) } to com.jio.media.ondemand/com.jio.media.mobile.apps.jioondemand.mediaplayer.NetworkChangeReceiver
04-28 15:17:46.806  1080  1321 W BroadcastQueue: Background execution not allowed: receiving Intent { act=android.net.wifi.WIFI_STATE_CHANGED flg=0x4000010 (has extras) } to com.jio.media.ondemand/com.jio.media.framework.services.external.network.NetworkChangedBroadcastListener
04-28 15:17:46.806  1080  1321 W BroadcastQueue: Background execution not allowed: receiving Intent { act=android.net.wifi.WIFI_STATE_CHANGED flg=0x4000010 (has extras) } to com.jio.myjio/.jionet.receiver.WifiScanReceiver
04-28 15:17:46.806  1080  1321 W BroadcastQueue: Background execution not allowed: receiving Intent { act=android.net.wifi.WIFI_STATE_CHANGED flg=0x4000010 (has extras) } to com.jio.myjio/com.bb.lib.receiver.NetworkChangeReceiver
04-28 15:17:46.806  1080  1321 W BroadcastQueue: Background execution not allowed: receiving Intent { act=android.net.wifi.WIFI_STATE_CHANGED flg=0x4000010 (has extras) } to com.jio.myjio/com.inn.passivesdk.receiver.ServiceStarterReceiver
04-28 15:17:46.808   681   681 W wificond: No pno scan started
04-28 15:17:46.808   681   681 W wificond: Scheduled scan is not running!
04-28 15:17:46.809   681   681 W wificond: No pno scan started
04-28 15:17:46.809   681   681 W wificond: Scheduled scan is not running!
04-28 15:17:46.809  1080  1080 I chatty  : uid=1000 system_server expire 1 line
04-28 15:17:46.838  1181  1181 W android.hardware.wifi@1.0-service-lazy: No active wlan interfaces in use! Using default
04-28 15:17:46.847  1080  2412 I android_os_HwBinder: HwBinder: Starting thread pool for getting: android.hardware.wifi.supplicant@1.0::ISupplicant/default
04-28 15:17:46.855  1213  1213 I wpa_supplicant: wlan0: Do not deauthenticate as part of interface deinit since WoWLAN is enabled
04-28 15:17:46.859   497   497 W SDM     : HWPrimary::PopulateDisplayAttributes: Driver doesn't report panel physical width and height - defaulting to 320dpi
04-28 15:17:46.885  1213  1213 E wpa_supplicant: eap_proxy: pthread_join on eap_proxy=0x81f8911c
04-28 15:17:46.885  1213  1213 E wpa_supplicant: eap_proxy: session not started for client = 1
04-28 15:17:46.886  1213  1213 E wpa_supplicant: eap_proxy: Released QMI UIM service client
04-28 15:17:46.886  1213  1213 E wpa_supplicant: eap_proxy: Released QMI EAP service client
04-28 15:17:46.886  1213  1213 E wpa_supplicant: eap_proxy: session not started for client = 2
04-28 15:17:46.886  1213  1213 E wpa_supplicant: eap_proxy: Released QMI UIM service client
04-28 15:17:46.887  1213  1213 E wpa_supplicant: eap_proxy: Released QMI EAP service client
04-28 15:17:46.887  1213  1213 I wpa_supplicant: eap_proxy: eap_proxy Deinitialzed
04-28 15:17:46.935  1213  1213 I wpa_supplicant: nl80211: deinit ifname=wlan0 disabled_11b_rates=0
04-28 15:17:46.989  1213  1213 I wpa_supplicant: Try to unregister vendor interface
04-28 15:17:46.991  1080  1306 I EthernetTracker: interfaceLinkStateChanged, iface: wlan0, up: false
04-28 15:17:46.992   681   681 I wificond: Unsubscribe scan result for interface with index: 80
04-28 15:17:47.011  1080  1306 I EthernetTracker: interfaceLinkStateChanged, iface: wlan0, up: false
04-28 15:17:47.026  1080  2412 I SupplicantStaIfaceHal: Terminating supplicant using HIDL
04-28 15:17:47.040  1080  2412 I android_os_HwBinder: HwBinder: Starting thread pool for getting: android.hardware.wifi.supplicant@1.0::ISupplicant/default
04-28 15:17:47.046  1213  1213 I wpa_supplicant: Terminating...
04-28 15:17:47.088  1080  1762 D SupplicantStaIfaceHal: ISupplicant died: cookie=-603059980757222646
04-28 15:17:47.089  1080  2412 D WificondControl: tearing down interfaces in wificond
04-28 15:17:47.090  1080  1762 W SupplicantStaIfaceHal: ISupplicantVendor/ISupplicantVendorStaIface died: cookie=0
04-28 15:17:47.090  1080  2719 W SupplicantStaIfaceHal: ISupplicantVendor/ISupplicantVendorStaIface died: cookie=0
04-28 15:17:47.093  1181  1181 W wifi@1.0-servic: type=1400 audit(0.0:13490): avc: denied { write } for name="tcp_limit_output_bytes" dev="proc" ino=728715 scontext=u:r:hal_wifi_default:s0 tcontext=u:object_r:proc_net:s0 tclass=file permissive=0
04-28 15:17:47.093  1181  1181 W wifi@1.0-servic: type=1400 audit(0.0:13491): avc: denied { write } for name="tcp_use_userconfig" dev="proc" ino=726563 scontext=u:r:hal_wifi_default:s0 tcontext=u:object_r:proc_net:s0 tclass=file permissive=0
04-28 15:17:47.093  1181  1181 W wifi@1.0-servic: type=1400 audit(0.0:13492): avc: denied { write } for name="tcp_adv_win_scale" dev="proc" ino=728716 scontext=u:r:hal_wifi_default:s0 tcontext=u:object_r:proc_net:s0 tclass=file permissive=0
04-28 15:17:47.096  1181  1181 I WifiHAL : Sent msg on exit sock to unblock poll()
04-28 15:17:47.096  1181  1244 I WifiHAL : exit_event_handler, buf=E
04-28 15:17:47.097  1181  1244 E WifiHAL : wlan_service_update_sys_param: unable to open /proc/sys/net/ipv4/tcp_limit_output_bytes
04-28 15:17:47.097  1181  1244 E WifiHAL : wlan_service_update_sys_param: unable to open /proc/sys/net/ipv4/tcp_use_userconfig
04-28 15:17:47.097  1181  1244 E WifiHAL : wlan_service_update_sys_param: unable to open /proc/sys/net/ipv4/tcp_adv_win_scale
04-28 15:17:47.097  1181  1244 I android.hardware.wifi@1.0-service-lazy: Legacy HAL stop complete callback received
04-28 15:17:47.098  1181  1244 I WifiHAL : wifi_event_loop() exits success
04-28 15:17:47.102  1181  1181 E libc    : Access denied finding property "sys.powerctl"
04-28 15:17:47.309   497   533 W SDM     : HWPrimary::PopulateDisplayAttributes: Driver doesn't report panel physical width and height - defaulting to 320dpi
04-28 15:17:47.310  1080  2853 D IpClient.wlan0: interfaceRemoved(wlan0)
04-28 15:17:47.312  1080  2439 D EthernetNetworkFactory: updateCapabilityFilter: []
04-28 15:17:47.382  1080  2439 D EthernetNetworkFactory: updateCapabilityFilter: []
04-28 15:17:47.915  1337  1337 D AndroidRuntime: >>>>>> START com.android.internal.os.RuntimeInit uid 2000 <<<<<<
04-28 15:17:47.923  1337  1337 W app_process: type=1400 audit(0.0:13494): avc: denied { read } for name="u:object_r:device_config_runtime_native_boot_prop:s0" dev="tmpfs" ino=12048 scontext=u:r:shell:s0 tcontext=u:object_r:device_config_runtime_native_boot_prop:s0 tclass=file permissive=0
04-28 15:17:47.926  1337  1337 W app_process: type=1400 audit(0.0:13495): avc: denied { read } for name="u:object_r:device_config_runtime_native_boot_prop:s0" dev="tmpfs" ino=12048 scontext=u:r:shell:s0 tcontext=u:object_r:device_config_runtime_native_boot_prop:s0 tclass=file permissive=0
04-28 15:17:47.926  1337  1337 W app_process: type=1400 audit(0.0:13496): avc: denied { read } for name="u:object_r:device_config_runtime_native_boot_prop:s0" dev="tmpfs" ino=12048 scontext=u:r:shell:s0 tcontext=u:object_r:device_config_runtime_native_boot_prop:s0 tclass=file permissive=0
04-28 15:17:47.927  1337  1337 E libc    : Access denied finding property "persist.device_config.runtime_native_boot.enable_apex_image"
04-28 15:17:47.927  1337  1337 I AndroidRuntime: Using default boot image
04-28 15:17:47.927  1337  1337 E libc    : Access denied finding property "persist.device_config.runtime_native_boot.disable_lock_profiling"
04-28 15:17:47.928  1337  1337 I AndroidRuntime: Leaving lock profiling enabled
04-28 15:17:47.928  1337  1337 E libc    : Access denied finding property "persist.device_config.runtime_native_boot.enable_generational_cc"
04-28 15:17:47.942  1337  1337 W app_process: Could not reserve sentinel fault page
04-28 15:17:47.942  1337  1337 I app_process: Core platform API reporting enabled, enforcing=false
04-28 15:17:47.946  1181  1181 I android.hardware.wifi@1.0-service-lazy: Wifi HAL stopped
04-28 15:17:47.951  1080  2412 I WifiVendorHal: Vendor Hal stopped
04-28 15:17:47.952  1080  2412 D WifiClientModeManager: STA iface wlan0 was destroyed, stopping client mode
04-28 15:17:47.952  1080  2412 E SupplicantStaIfaceHal: Can't call setPowerSave, ISupplicantStaIface is null
04-28 15:17:47.952  1080  2412 E SupplicantStaIfaceHal: Can't call setBtCoexistenceMode, ISupplicantStaIface is null
04-28 15:17:47.955  1080  1321 W BroadcastQueue: Background execution not allowed: receiving Intent { act=android.net.wifi.STATE_CHANGE flg=0x4000010 (has extras) } to com.jio.myjio/.jionet.receiver.WifiScanReceiver
04-28 15:17:47.956  1080  2412 I WifiNative: Successfully torn down Iface:{Name=wlan0,Id=27,Type=STA_CONNECTIVITY}
04-28 15:17:47.956  2783  3772 D QCNEJ/WlanStaInfoRelay: Received action: android.net.wifi.STATE_CHANGE
04-28 15:17:47.956  1080  2412 E HalDevMgr: getAllChipInfo: called but mWifi is null!?
04-28 15:17:47.957  1080  2412 E HalDevMgr: dispatchAvailableForRequestListeners: no chip info found
04-28 15:17:47.957  2783  3772 D QCNEJ/WlanStaInfoRelay: reset CountryCodeRetriever
04-28 15:17:47.957  1080  2412 W HalDevMgr: stopWifi called but mWifi is null!?
04-28 15:17:47.957  1080  2412 I WifiNative: Successfully initiated teardown for iface=wlan0
04-28 15:17:47.957  1080  2412 D WifiClientModeManager: expected stop, not triggering callbacks: newState = 1
04-28 15:17:47.958  1080  2413 W HalDevMgr: isWifiStarted called but mWifi is null!?
04-28 15:17:47.960  1080  1080 D WifiP2pService: Wifi enabled=false, P2P Interface availability=true
04-28 15:17:47.960  1080  2412 E SupplicantStaIfaceHal: Can't call listNetworks, ISupplicantStaIface is null
04-28 15:17:47.960  1080  2412 E SupplicantStaIfaceHal: removeAllNetworks failed, got null networks
04-28 15:17:47.960  1080  2412 E WifiClientModeImpl: Failed to remove networks on exiting connect mode
04-28 15:17:47.960  1080  2412 D WifiDiags: stopLogging() iface list is {} after removing wlan0
04-28 15:17:47.960  1080  2412 W WifiDiags: Fail to reset log handler
04-28 15:17:47.962  1080  1321 W BroadcastQueue: Background execution not allowed: receiving Intent { act=android.net.wifi.WIFI_STATE_CHANGED flg=0x4000010 (has extras) } to com.jio.media.ondemand/com.jio.media.mobile.apps.jioondemand.mediaplayer.NetworkChangeReceiver
04-28 15:17:47.964  1080  1321 W BroadcastQueue: Background execution not allowed: receiving Intent { act=android.net.wifi.WIFI_STATE_CHANGED flg=0x4000010 (has extras) } to com.jio.media.ondemand/com.jio.media.framework.services.external.network.NetworkChangedBroadcastListener
04-28 15:17:47.965  1080  1321 W BroadcastQueue: Background execution not allowed: receiving Intent { act=android.net.wifi.WIFI_STATE_CHANGED flg=0x4000010 (has extras) } to com.jio.myjio/.jionet.receiver.WifiScanReceiver
04-28 15:17:47.965  1080  1321 W BroadcastQueue: Background execution not allowed: receiving Intent { act=android.net.wifi.WIFI_STATE_CHANGED flg=0x4000010 (has extras) } to com.jio.myjio/com.bb.lib.receiver.NetworkChangeReceiver
04-28 15:17:47.965  1080  1321 W BroadcastQueue: Background execution not allowed: receiving Intent { act=android.net.wifi.WIFI_STATE_CHANGED flg=0x4000010 (has extras) } to com.jio.myjio/com.inn.passivesdk.receiver.ServiceStarterReceiver
04-28 15:17:47.968  1080  2412 E WifiNative: Could not get Iface object for interface null
04-28 15:17:47.968  1080  2412 W SupplicantStaIfaceHal: ISupplicant died: cookie=28
04-28 15:17:47.968  1080  2412 W HalDevMgr: isWifiStarted called but mWifi is null!?
04-28 15:17:47.983  1080  2412 E WifiNative: Could not get Iface object for interface null
04-28 15:17:47.985  3337  4003 D [1487  ] ANH-ADC: com.jio.adc.core.WER > Event: DE12
04-28 15:17:47.986  2919  3693 W Settings: Setting airplane_mode_on has moved from android.provider.Settings.System to android.provider.Settings.Global, returning read-only value.
04-28 15:17:47.990  3337  4005 D [1489  ] ANH-EX_DE: c.j.a.core.module.exde.EEP$a call> bitField: 32
04-28 15:17:47.990  3337  4006 D [1490  ] ANH-EX_NA: c.j.a.core.module.exna.EEP$a call> bitField: 0
04-28 15:17:47.990  3337  4004 D [1488  ] ANH-EX_NM: c.j.a.core.module.exnm.EEP$b call> bitField: 0
04-28 15:17:47.994  3337  4014 D [1492  ] ANH-ADC-EX_CO: com.jio.adc.core.CEP$ > Setting Data
04-28 15:17:47.997  3337  4016 D [1493  ] ANH-EX_BAT: c.j.a.core.module.exbat.EEP$a call> bitField: 0
04-28 15:17:48.000  3337  4017 D [1494  ] ANH-EX_LOC: c.j.a.core.module.exloc.EEP$b call> bitField: 0
04-28 15:17:48.007  3337  4019 D [1495  ] ANH-EX_S: c.j.a.core.module.exs.EEP$b call> bitField: 8
04-28 15:17:48.135   418  2648 I netd    : trafficSwapActiveStatsMap() <9.07ms>
04-28 15:17:48.139   418  2648 I netd    : tetherGetStats() <2.93ms>
04-28 15:17:48.150  3337  4003 D [1487  ] ANH-ADC: com.jio.adc.core. > Captured: DE12
04-28 15:17:48.152   418  2648 I netd    : bandwidthSetGlobalAlert(2097152) <0.57ms>
04-28 15:17:48.208  1337  1337 D ICU     : Time zone APEX file found: /apex/com.android.tzdata/etc/icu/icu_tzdata.dat
04-28 15:17:48.240  1337  1337 I app_process: The ClassLoaderContext is a special shared library.
04-28 15:17:48.298  1337  1337 W app_process: JNI RegisterNativeMethods: attempt to register 0 native methods for android.media.AudioAttributes
