04-28 15:17:41.744   681   681 E wificond: Failed to find expected wiphy info from NL80211_CMD_GET_WIPHY responses
04-28 15:17:41.744   681   681 I wificond: 2.4Ghz frequencies:
04-28 15:17:41.745   681   681 I wificond: 5Ghz non-DFS frequencies:
04-28 15:17:41.745   681   681 I wificond: 5Ghz DFS frequencies:
04-28 15:17:41.745   681   681 I wificond: Regulatory domain changed
04-28 15:17:41.745   681   681 E wificond: Failed to find expected wiphy info from NL80211_CMD_GET_WIPHY responses
04-28 15:17:41.745   681   681 I wificond: 2.4Ghz frequencies:
04-28 15:17:41.745   681   681 I wificond: 5Ghz non-DFS frequencies:
04-28 15:17:41.745   681   681 I wificond: 5Ghz DFS frequencies:
04-28 15:17:41.746   681   681 I wificond: Regulatory domain changed
04-28 15:17:41.746   681   681 E wificond: Failed to find expected wiphy info from NL80211_CMD_GET_WIPHY responses
04-28 15:17:41.746   681   681 I wificond: 2.4Ghz frequencies:
04-28 15:17:41.746   681   681 I wificond: 5Ghz non-DFS frequencies:
04-28 15:17:41.746   681   681 I wificond: 5Ghz DFS frequencies:
04-28 15:17:41.746   681   681 I wificond: Regulatory domain changed
04-28 15:17:41.747   681   681 E wificond: Failed to find expected wiphy info from NL80211_CMD_GET_WIPHY responses
04-28 15:17:41.747   681   681 I wificond: 2.4Ghz frequencies:
04-28 15:17:41.747   681   681 I wificond: 5Ghz non-DFS frequencies:
04-28 15:17:41.747   681   681 I wificond: 5Ghz DFS frequencies:
04-28 15:17:41.747   681   681 I wificond: Regulatory domain changed
04-28 15:17:41.747   681   681 E wificond: Failed to find expected wiphy info from NL80211_CMD_GET_WIPHY responses
04-28 15:17:41.747   681   681 I wificond: 2.4Ghz frequencies:
04-28 15:17:41.747   681   681 I wificond: 5Ghz non-DFS frequencies:
04-28 15:17:41.748   681   681 I wificond: 5Ghz DFS frequencies:
04-28 15:17:41.748   681   681 I wificond: Regulatory domain changed
04-28 15:17:41.748   681   681 E wificond: Failed to find expected wiphy info from NL80211_CMD_GET_WIPHY responses
04-28 15:17:41.748   681   681 I wificond: 2.4Ghz frequencies:
04-28 15:17:41.748   681   681 I wificond: 5Ghz non-DFS frequencies:
04-28 15:17:41.748   681   681 I wificond: 5Ghz DFS frequencies:
04-28 15:17:41.748   681   681 I wificond: Regulatory domain changed
04-28 15:17:41.748   681   681 E wificond: Failed to find expected wiphy info from NL80211_CMD_GET_WIPHY responses
04-28 15:17:41.748   681   681 I wificond: 2.4Ghz frequencies:
04-28 15:17:41.748   681   681 I wificond: 5Ghz non-DFS frequencies:
04-28 15:17:41.748   681   681 I wificond: 5Ghz DFS frequencies:
04-28 15:17:41.748   681   681 I wificond: Regulatory domain changed
04-28 15:17:41.749   681   681 E wificond: Failed to find expected wiphy info from NL80211_CMD_GET_WIPHY responses
04-28 15:17:41.749   681   681 I wificond: 2.4Ghz frequencies:
04-28 15:17:41.749   681   681 I wificond: 5Ghz non-DFS frequencies:
04-28 15:17:41.749   681   681 I wificond: 5Ghz DFS frequencies:
04-28 15:17:41.749   681   681 I wificond: Regulatory domain changed
04-28 15:17:41.749   681   681 E wificond: Failed to find expected wiphy info from NL80211_CMD_GET_WIPHY responses
04-28 15:17:41.749   681   681 I wificond: 2.4Ghz frequencies:
04-28 15:17:41.749   681   681 I wificond: 5Ghz non-DFS frequencies:
04-28 15:17:41.749   681   681 I wificond: 5Ghz DFS frequencies:
04-28 15:17:41.749   681   681 I wificond: Regulatory domain changed
04-28 15:17:41.749   681   681 E wificond: Failed to find expected wiphy info from NL80211_CMD_GET_WIPHY responses
04-28 15:17:41.749   681   681 I wificond: 2.4Ghz frequencies:
04-28 15:17:41.749   681   681 I wificond: 5Ghz non-DFS frequencies:
04-28 15:17:41.750   681   681 I wificond: 5Ghz DFS frequencies:
04-28 15:17:41.750   681   681 I wificond: Regulatory domain changed
04-28 15:17:41.750   681   681 E wificond: Failed to find expected wiphy info from NL80211_CMD_GET_WIPHY responses
04-28 15:17:41.750   681   681 I wificond: 2.4Ghz frequencies:
04-28 15:17:41.750   681   681 I wificond: 5Ghz non-DFS frequencies:
04-28 15:17:41.750   681   681 I wificond: 5Ghz DFS frequencies:
04-28 15:17:41.750   681   681 I wificond: Regulatory domain changed
04-28 15:17:41.750   681   681 E wificond: Failed to find expected wiphy info from NL80211_CMD_GET_WIPHY responses
04-28 15:17:41.750   681   681 I wificond: 2.4Ghz frequencies:
04-28 15:17:41.750   681   681 I wificond: 5Ghz non-DFS frequencies:
04-28 15:17:41.750   681   681 I wificond: 5Ghz DFS frequencies:
04-28 15:17:41.750   681   681 I wificond: Regulatory domain changed
04-28 15:17:41.751   681   681 E wificond: Failed to find expected wiphy info from NL80211_CMD_GET_WIPHY responses
04-28 15:17:41.751   681   681 I wificond: 2.4Ghz frequencies:
04-28 15:17:41.752   681   681 I wificond: 5Ghz non-DFS frequencies:
04-28 15:17:41.752   681   681 I wificond: 5Ghz DFS frequencies:
04-28 15:17:41.752   681   681 I wificond: Regulatory domain changed
04-28 15:17:41.752   681   681 E wificond: Failed to find expected wiphy info from NL80211_CMD_GET_WIPHY responses
04-28 15:17:41.752   681   681 I wificond: 2.4Ghz frequencies:
04-28 15:17:41.755  1181  1181 I android.hardware.wifi@1.0-service-lazy: Wifi HAL started
04-28 15:17:41.766   681   681 I wificond: 5Ghz non-DFS frequencies:
04-28 15:17:41.766   681   681 I wificond: 5Ghz DFS frequencies:
04-28 15:17:41.766   681   681 I wificond: Regulatory domain changed
04-28 15:17:41.766   681   681 E wificond: Failed to find expected wiphy info from NL80211_CMD_GET_WIPHY responses
04-28 15:17:41.766   681   681 I wificond: 2.4Ghz frequencies:
04-28 15:17:41.766   681   681 I wificond: 5Ghz non-DFS frequencies:
04-28 15:17:41.766   681   681 I wificond: 5Ghz DFS frequencies:
04-28 15:17:41.766   681   681 I wificond: Regulatory domain changed
04-28 15:17:41.767   681   681 E wificond: Failed to find expected wiphy info from NL80211_CMD_GET_WIPHY responses
04-28 15:17:41.767   681   681 I wificond: 2.4Ghz frequencies:
04-28 15:17:41.767   681   681 I wificond: 5Ghz non-DFS frequencies:
04-28 15:17:41.767   681   681 I wificond: 5Ghz DFS frequencies:
04-28 15:17:42.204  1181  1181 I android.hardware.wifi@1.0-service-lazy: Adding interface handle for p2p0
04-28 15:17:42.204  1181  1181 I android.hardware.wifi@1.0-service-lazy: Adding interface handle for wlan0
04-28 15:17:42.204  1181  1181 W android.hardware.wifi@1.0-service-lazy: No active wlan interfaces in use! Using default
04-28 15:17:42.205  1181  1181 W android.hardware.wifi@1.0-service-lazy: No active wlan interfaces in use! Using default
04-28 15:17:42.210  1181  1181 I android.hardware.wifi@1.0-service-lazy: Configured chip in mode 0
04-28 15:17:42.210  1181  1181 W android.hardware.wifi@1.0-service-lazy: No active wlan interfaces in use! Using default
04-28 15:17:42.248   681   681 I wificond: setting base_wiphy_index_ to 27
04-28 15:17:42.250   681   681 I wificond: create scanner for interface with index: 80
04-28 15:17:42.250   681   681 I wificond: subscribe scan result for interface with index: 80
04-28 15:17:42.252   681   681 E wificond: No Offload Service available
04-28 15:17:42.252   681   681 I wificond: Offload HAL not supported 
--------- beginning of main
04-28 15:17:42.363  1213  1213 D wpa_supplicant: EAPOL: KEY_RX entering state NO_KEY_RECEIVE
04-28 15:17:42.363  1213  1213 D wpa_supplicant: EAPOL: SUPP_BE entering state INITIALIZE
04-28 15:17:42.363  1213  1213 D wpa_supplicant: EAP: EAP entering state DISABLED
04-28 15:17:42.364  1213  1247 E wpa_supplicant: eap_proxy: num_modems = 1
04-28 15:17:42.364  1213  1247 E wpa_supplicant: eap_proxy: eap_proxy Initializing for DUAL SIM build 2 tid 1247
04-28 15:17:42.364  1213  1213 D wpa_supplicant: nl80211: Setting wowlan
04-28 15:17:42.364  1213  1213 E wpa_supplicant: eap_proxy:eap_proxy_get_imsi: Not initialized
04-28 15:17:42.364  1213  1213 D wpa_supplicant: eap_proxy: IMSI not available
04-28 15:17:42.365  1213  1213 D wpa_supplicant: MBO: Update non-preferred channels, non_pref_chan=N/A
04-28 15:17:42.365  1213  1213 D wpa_supplicant: nl80211: Scan default IEs - hexdump(len=21): 7f 0a 00 00 0a 02 00 40 00 00 00 01 dd 07 50 6f 9a 16 03 01 03
04-28 15:17:42.365  1213  1213 E wpa_supplicant: nl80211: Set scan default IEs failed: ret=-524 (Unknown error 524)
04-28 15:17:42.365  1213  1213 D wpa_supplicant: Registering interface to hidl control: wlan0
04-28 15:17:42.365  1213  1213 I wpa_supplicant: Mapping to vendor sta iface
04-28 15:17:42.365  1213  1213 D wpa_supplicant: wlan0: Added interface wlan0
04-28 15:17:42.365  1213  1213 D wpa_supplicant: wlan0: State: INACTIVE -> DISCONNECTED
04-28 15:17:42.365  1213  1213 D wpa_supplicant: nl80211: Set wlan0 operstate 0->0 (DORMANT)
04-28 15:17:42.365  1213  1213 D wpa_supplicant: netlink: Operstate: ifindex=80 linkmode=-1 (no change), operstate=5 (IF_OPER_DORMANT)
04-28 15:17:42.365  1213  1213 D wpa_supplicant: Notifying state change event to hidl control: 0
04-28 15:17:42.365  1213  1213 E wpa_supplicant: No VendorStaIfaceCallback is register
04-28 15:17:42.366  1213  1247 E QMI_FW  : QMUXD: WARNING qmi_qmux_if_pwr_up_init failed! rc=-6
04-28 15:17:42.369  1213  1213 D wpa_supplicant: RTM_NEWLINK: ifi_index=80 ifname=wlan0 operstate=2 linkmode=1 ifi_family=0 ifi_flags=0x1003 ([UP])
04-28 15:17:42.370  1213  1247 E wpa_supplicant: eap_proxy: QMI_UIM_EVENT_REG_REQ_V01, qmi_err_code: 0x0 wpa_uim[0].qmi_uim_svc_client_ptr =0x1Error=0x0
04-28 15:17:42.370  1213  1247 E wpa_supplicant: eap_proxy: event_resp_msg.event=1,
04-28 15:17:42.370  1213  1247 E wpa_supplicant: eap_proxy: reading card 1 values
04-28 15:17:42.371  1213  1247 E wpa_supplicant: eap_proxy: card_info[i].card_state: 0x1
04-28 15:17:42.371  1213  1247 E wpa_supplicant: eap_proxy: card_info[i].error_code: 0x0
04-28 15:17:42.371  1213  1247 E wpa_supplicant: eap_proxy: read_card_status: prime slot = 0
04-28 15:17:42.371  1213  1247 E wpa_supplicant: eap_proxy: card READY
04-28 15:17:42.371  1213  1247 E wpa_supplicant: eap_proxy: card_info[i].app_type: 0x2
04-28 15:17:42.372  1213  1247 E wpa_supplicant: eap_proxy: card_info[i].app_state : 0x7
04-28 15:17:42.372  1213  1247 E wpa_supplicant: eap_proxy: card found for SIM = 1
04-28 15:17:42.372  1213  1247 E wpa_supplicant: eap_proxy: SIM/USIM ready
04-28 15:17:42.372  1213  1247 E wpa_supplicant: eap_proxy: QMI uim service client initialized with success tid is 1247 0x1 0
04-28 15:17:42.372  1213  1247 E wpa_supplicant: eap_proxy: QMI auth service client initialized with success tid is 1247  0x2 eapol_proxy=0x81f8911c
04-28 15:17:42.372  1213  1247 E wpa_supplicant: registering for notification codes
04-28 15:17:42.379  1213  1213 I wpa_supplicant: get vendor sta iface object
04-28 15:17:42.383   418  2648 I netd    : interfaceGetCfg("wlan0") <0.64ms>
04-28 15:17:42.384  1213  1247 E wpa_supplicant: eap_proxy: QMI_UIM_EVENT_REG_REQ_V01, qmi_err_code: 0x0 wpa_uim[1].qmi_uim_svc_client_ptr =0x3Error=0x0
04-28 15:17:42.384  1213  1247 E wpa_supplicant: eap_proxy: event_resp_msg.event=1,
04-28 15:17:42.384  1213  1247 E wpa_supplicant: eap_proxy: reading card 2 values
04-28 15:17:42.387   418  2648 I netd    : interfaceClearAddrs("wlan0") <1.92ms>
04-28 15:17:42.388  1213  1247 E wpa_supplicant: eap_proxy: SIM/USIM not ready card_found=0
04-28 15:17:42.389  1213  1247 E wpa_supplicant: eap_proxy: Error while reading SIM card status
04-28 15:17:42.389  1213  1247 E wpa_supplicant: eap_proxy: QMI uim service client initialized with success tid is 1247 0x3 0
04-28 15:17:42.389   418  2648 I netd    : interfaceSetIPv6PrivacyExtensions("wlan0", "true") <0.30ms>
04-28 15:17:42.389  1213  1247 E wpa_supplicant: eap_proxy: QMI auth service client initialized with success tid is 1247  0x4 eapol_proxy=0x81f8911c
04-28 15:17:42.389  1213  1247 E wpa_supplicant: registering for notification codes
04-28 15:17:42.390   418  2648 I netd    : interfaceSetEnableIPv6("wlan0", "false") <0.32ms>
04-28 15:17:42.392  1213  1247 E wpa_supplicant: eap_proxy: Eap_proxy initialized successfully tid is 1247 
04-28 15:17:42.405   418  2648 I netd    : interfaceGetCfg("wlan0") <0.38ms>
04-28 15:17:42.410  1080  1321 W BroadcastQueue: Background execution not allowed: receiving Intent { act=android.net.wifi.WIFI_STATE_CHANGED flg=0x4000010 (has extras) } to com.jio.media.ondemand/com.jio.media.mobile.apps.jioondemand.mediaplayer.NetworkChangeReceiver
04-28 15:17:42.413  1080  1321 W BroadcastQueue: Background execution not allowed: receiving Intent { act=android.net.wifi.WIFI_STATE_CHANGED flg=0x4000010 (has extras) } to com.jio.media.ondemand/com.jio.media.framework.services.external.network.NetworkChangedBroadcastListener
04-28 15:17:42.414  1080  1321 W BroadcastQueue: Background execution not allowed: receiving Intent { act=android.net.wifi.WIFI_STATE_CHANGED flg=0x4000010 (has extras) } to com.jio.myjio/.jionet.receiver.WifiScanReceiver
04-28 15:17:42.414  1080  1321 W BroadcastQueue: Background execution not allowed: receiving Intent { act=android.net.wifi.WIFI_STATE_CHANGED flg=0x4000010 (has extras) } to com.jio.myjio/com.bb.lib.receiver.NetworkChangeReceiver
04-28 15:17:42.414  1080  1321 W BroadcastQueue: Background execution not allowed: receiving Intent { act=android.net.wifi.WIFI_STATE_CHANGED flg=0x4000010 (has extras) } to com.jio.myjio/com.inn.passivesdk.receiver.ServiceStarterReceiver
04-28 15:17:42.422  3337  4003 I chatty  : uid=10045(com.jio.adc.embedded) pool-1-thread-1 expire 19 lines
04-28 15:17:42.423   418  2648 I netd    : interfaceSetEnableIPv6("wlan0", "false") <0.16ms>
04-28 15:17:42.426   418  2648 I netd    : interfaceClearAddrs("wlan0") <0.48ms>
04-28 15:17:42.469  1213  1213 I wpa_supplicant: wlan0: CTRL-EVENT-REGDOM-CHANGE init=USER type=COUNTRY alpha2=IN
04-28 15:17:42.474  1181  1181 E WifiHAL : wifi_start_pkt_fate_monitoring: packet fate logging feature not supported 0
04-28 15:17:42.483  1181  1181 E WifiHAL : wifi_get_ring_buffers_status: Ring buffer logging feature not supported 0
04-28 15:17:42.499   497   497 I chatty  : uid=1000(system) composer@2.1-se expire 3 lines
04-28 15:17:42.521  1080  2414 I chatty  : uid=1000(system) WifiScanningSer expire 2 lines
04-28 15:17:42.748   418  2648 I netd    : trafficSwapActiveStatsMap() <37.53ms>
04-28 15:17:42.755   418  2648 I netd    : tetherGetStats() <3.80ms>
04-28 15:17:43.207  1080  2853 I chatty  : uid=1000(system) Binder:1080_1A expire 4 lines
04-28 15:17:43.217  1080  1321 W BroadcastQueue: Background execution not allowed: receiving Intent { act=android.net.wifi.SCAN_RESULTS flg=0x4000010 (has extras) } to com.jio.myjio/.jionet.receiver.WifiScanReceiver
04-28 15:17:43.258  2919  2943 I ChimeraSrvcProxy: NullBinder for android.net.action.RECOMMEND_NETWORKS triggering remote TransactionTooLargeException due to Service without Chimera impl
04-28 15:17:43.382  1245  1245 I chatty  : uid=2000(shell) app_process expire 16 lines
04-28 15:17:44.726   593   636 D ThermalEngine: zone:1 sensor:xo-therm-buf-adc temp:48581 trip:0 event:0
04-28 15:17:44.727   593   636 D ThermalEngine: zone:20 sensor:skin-therm-adc temp:31818 trip:0 event:0
04-28 15:17:44.939   593   636 D ThermalEngine: zone:2 sensor:pa-therm0-adc temp:45337 trip:0 event:0
04-28 15:17:44.990  1276  1276 I chatty  : uid=2000(shell) app_process expire 16 lines
04-28 15:17:45.571   339   339 I chatty  : uid=1000(system) hwservicemanage expire 10 lines
04-28 15:17:45.572  1181  1181 I android.hardware.wifi@1.0-service-lazy: Process has 1 (of 1 available) client(s) in use after notification android.hardware.wifi@1.3::IWifi has clients: 1
04-28 15:17:46.393  1305  1305 I chatty  : uid=2000(shell) app_process expire 16 lines
04-28 15:17:46.797  2783  3772 D QCNEJ/WlanStaInfoRelay: onChange for uri = content://settings/global/wifi_on
04-28 15:17:46.798   495   547 I LocSvc_SystemStatusOsObserver: DataItem: IS_WIFI_HARDWARE_ON: false >> Wiper
04-28 15:17:46.798   495   572 I LocSvc_api_v02: ---> locClientSendReq line 2345 QMI_LOC_NOTIFY_WIFI_ENABLED_STATUS_REQ_V02
04-28 15:17:46.800   495   871 I LocSvc_ApiV02: <--- globalRespCb line 192 QMI_LOC_NOTIFY_WIFI_ENABLED_STATUS_REQ_V02
04-28 15:17:46.805  1080  1321 W BroadcastQueue: Background execution not allowed: receiving Intent { act=android.net.wifi.WIFI_STATE_CHANGED flg=0x4000010 (has extras) } to com.jio.media.ondemand/com.jio.media.mobile.apps.jioondemand.mediaplayer.NetworkChangeReceiver
04-28 15:17:46.806  1080  1321 W BroadcastQueue: Background execution not allowed: receiving Intent { act=android.net.wifi.WIFI_STATE_CHANGED flg=0x4000010 (has extras) } to com.jio.media.ondemand/com.jio.media.framework.services.external.network.NetworkChangedBroadcastListener
04-28 15:17:46.806  1080  1321 W BroadcastQueue: Background execution not allowed: receiving Intent { act=android.net.wifi.WIFI_STATE_CHANGED flg=0x4000010 (has extras) } to com.jio.myjio/.jionet.receiver.WifiScanReceiver
04-28 15:17:46.806  1080  1321 W BroadcastQueue: Background execution not allowed: receiving Intent { act=android.net.wifi.WIFI_STATE_CHANGED flg=0x4000010 (has extras) } to com.jio.myjio/com.bb.lib.receiver.NetworkChangeReceiver
04-28 15:17:46.806  1080  1321 W BroadcastQueue: Background execution not allowed: receiving Intent { act=android.net.wifi.WIFI_STATE_CHANGED flg=0x4000010 (has extras) } to com.jio.myjio/com.inn.passivesdk.receiver.ServiceStarterReceiver
04-28 15:17:46.808   681   681 W wificond: No pno scan started
04-28 15:17:46.808   681   681 W wificond: Scheduled scan is not running!
04-28 15:17:46.809   681   681 W wificond: No pno scan started
04-28 15:17:46.809   681   681 W wificond: Scheduled scan is not running!
04-28 15:17:46.838  1181  1181 W android.hardware.wifi@1.0-service-lazy: No active wlan interfaces in use! Using default
04-28 15:17:46.855  1213  1213 I wpa_supplicant: wlan0: Do not deauthenticate as part of interface deinit since WoWLAN is enabled
04-28 15:17:46.885  1213  1213 E wpa_supplicant: eap_proxy: pthread_join on eap_proxy=0x81f8911c
04-28 15:17:46.885  1213  1213 E wpa_supplicant: eap_proxy: session not started for client = 1
04-28 15:17:46.886  1213  1213 E wpa_supplicant: eap_proxy: Released QMI UIM service client
04-28 15:17:46.886  1213  1213 E wpa_supplicant: eap_proxy: Released QMI EAP service client
04-28 15:17:46.886  1213  1213 E wpa_supplicant: eap_proxy: session not started for client = 2
04-28 15:17:46.886  1213  1213 E wpa_supplicant: eap_proxy: Released QMI UIM service client
04-28 15:17:46.887  1213  1213 E wpa_supplicant: eap_proxy: Released QMI EAP service client
04-28 15:17:46.887  1213  1213 I wpa_supplicant: eap_proxy: eap_proxy Deinitialzed
04-28 15:17:46.935  1213  1213 I wpa_supplicant: nl80211: deinit ifname=wlan0 disabled_11b_rates=0
04-28 15:17:46.989  1213  1213 I wpa_supplicant: Try to unregister vendor interface
04-28 15:17:46.992   681   681 I wificond: Unsubscribe scan result for interface with index: 80
04-28 15:17:47.046  1213  1213 I wpa_supplicant: Terminating...
04-28 15:17:47.090  1080  2719 I chatty  : uid=1000(system) HwBinder:1080_4 expire 1 line
04-28 15:17:47.093  1181  1181 W wifi@1.0-servic: type=1400 audit(0.0:13490): avc: denied { write } for name="tcp_limit_output_bytes" dev="proc" ino=728715 scontext=u:r:hal_wifi_default:s0 tcontext=u:object_r:proc_net:s0 tclass=file permissive=0
04-28 15:17:47.093  1181  1181 W wifi@1.0-servic: type=1400 audit(0.0:13491): avc: denied { write } for name="tcp_use_userconfig" dev="proc" ino=726563 scontext=u:r:hal_wifi_default:s0 tcontext=u:object_r:proc_net:s0 tclass=file permissive=0
04-28 15:17:47.093  1181  1181 W wifi@1.0-servic: type=1400 audit(0.0:13492): avc: denied { write } for name="tcp_adv_win_scale" dev="proc" ino=728716 scontext=u:r:hal_wifi_default:s0 tcontext=u:object_r:proc_net:s0 tclass=file permissive=0
04-28 15:17:47.096  1181  1181 I WifiHAL : Sent msg on exit sock to unblock poll()
04-28 15:17:47.096  1181  1244 I WifiHAL : exit_event_handler, buf=E
04-28 15:17:47.097  1181  1244 E WifiHAL : wlan_service_update_sys_param: unable to open /proc/sys/net/ipv4/tcp_limit_output_bytes
04-28 15:17:47.097  1181  1244 E WifiHAL : wlan_service_update_sys_param: unable to open /proc/sys/net/ipv4/tcp_use_userconfig
04-28 15:17:47.097  1181  1244 E WifiHAL : wlan_service_update_sys_param: unable to open /proc/sys/net/ipv4/tcp_adv_win_scale
04-28 15:17:47.097  1181  1244 I android.hardware.wifi@1.0-service-lazy: Legacy HAL stop complete callback received
04-28 15:17:47.098  1181  1244 I WifiHAL : wifi_event_loop() exits success
04-28 15:17:47.102  1181  1181 E libc    : Access denied finding property "sys.powerctl"
04-28 15:17:47.309   497   533 I chatty  : uid=1000(system) HwBinder:497_1 expire 1 line
04-28 15:17:47.312  1080  2439 I chatty  : uid=1000(system) EthernetService expire 2 lines
04-28 15:17:47.915  1337  1337 I chatty  : uid=2000(shell) app_process expire 13 lines
04-28 15:17:47.923  1337  1337 W app_process: type=1400 audit(0.0:13494): avc: denied { read } for name="u:object_r:device_config_runtime_native_boot_prop:s0" dev="tmpfs" ino=12048 scontext=u:r:shell:s0 tcontext=u:object_r:device_config_runtime_native_boot_prop:s0 tclass=file permissive=0
04-28 15:17:47.926  1337  1337 W app_process: type=1400 audit(0.0:13495): avc: denied { read } for name="u:object_r:device_config_runtime_native_boot_prop:s0" dev="tmpfs" ino=12048 scontext=u:r:shell:s0 tcontext=u:object_r:device_config_runtime_native_boot_prop:s0 tclass=file permissive=0
04-28 15:17:47.926  1337  1337 W app_process: type=1400 audit(0.0:13496): avc: denied { read } for name="u:object_r:device_config_runtime_native_boot_prop:s0" dev="tmpfs" ino=12048 scontext=u:r:shell:s0 tcontext=u:object_r:device_config_runtime_native_boot_prop:s0 tclass=file permissive=0
04-28 15:17:47.946  1181  1181 I android.hardware.wifi@1.0-service-lazy: Wifi HAL stopped
04-28 15:17:47.955  1080  1321 W BroadcastQueue: Background execution not allowed: receiving Intent { act=android.net.wifi.STATE_CHANGE flg=0x4000010 (has extras) } to com.jio.myjio/.jionet.receiver.WifiScanReceiver
04-28 15:17:47.956  2783  3772 D QCNEJ/WlanStaInfoRelay: Received action: android.net.wifi.STATE_CHANGE
04-28 15:17:47.957  2783  3772 D QCNEJ/WlanStaInfoRelay: reset CountryCodeRetriever
04-28 15:17:47.960  1080  1080 I chatty  : uid=1000 system_server expire 1 line
04-28 15:17:47.962  1080  1321 W BroadcastQueue: Background execution not allowed: receiving Intent { act=android.net.wifi.WIFI_STATE_CHANGED flg=0x4000010 (has extras) } to com.jio.media.ondemand/com.jio.media.mobile.apps.jioondemand.mediaplayer.NetworkChangeReceiver
04-28 15:17:47.964  1080  1321 W BroadcastQueue: Background execution not allowed: receiving Intent { act=android.net.wifi.WIFI_STATE_CHANGED flg=0x4000010 (has extras) } to com.jio.media.ondemand/com.jio.media.framework.services.external.network.NetworkChangedBroadcastListener
04-28 15:17:47.965  1080  1321 W BroadcastQueue: Background execution not allowed: receiving Intent { act=android.net.wifi.WIFI_STATE_CHANGED flg=0x4000010 (has extras) } to com.jio.myjio/.jionet.receiver.WifiScanReceiver
04-28 15:17:47.965  1080  1321 W BroadcastQueue: Background execution not allowed: receiving Intent { act=android.net.wifi.WIFI_STATE_CHANGED flg=0x4000010 (has extras) } to com.jio.myjio/com.bb.lib.receiver.NetworkChangeReceiver
04-28 15:17:47.965  1080  1321 W BroadcastQueue: Background execution not allowed: receiving Intent { act=android.net.wifi.WIFI_STATE_CHANGED flg=0x4000010 (has extras) } to com.jio.myjio/com.inn.passivesdk.receiver.ServiceStarterReceiver
04-28 15:17:47.986  2919  3693 W Settings: Setting airplane_mode_on has moved from android.provider.Settings.System to android.provider.Settings.Global, returning read-only value.
04-28 15:17:47.990  3337  4005 I chatty  : uid=10045(com.jio.adc.embedded) pool-3-thread-1 expire 9 lines
04-28 15:17:47.990  3337  4004 I chatty  : uid=10045(com.jio.adc.embedded) pool-5-thread-1 expire 8 lines
04-28 15:17:47.995  3337  4007 I chatty  : uid=10045(com.jio.adc.embedded) pool-6-thread-1 expire 7 lines
04-28 15:17:48.000  3337  4017 I chatty  : uid=10045(com.jio.adc.embedded) pool-9-thread-1 expire 6 lines
04-28 15:17:48.007  3337  4019 I chatty  : uid=10045(com.jio.adc.embedded) pool-2-thread-1 expire 2 lines
04-28 15:17:48.135   418  2648 I netd    : trafficSwapActiveStatsMap() <9.07ms>
04-28 15:17:48.139   418  2648 I netd    : tetherGetStats() <2.93ms>
04-28 15:17:48.152   418  2648 I netd    : bandwidthSetGlobalAlert(2097152) <0.57ms>
04-28 15:17:48.566   593   636 D ThermalEngine: zone:0 sensor:xo-therm-adc temp:48716 trip:0 event:0
04-28 15:17:48.566   593   649 D ThermalEngine: sensor_monitor: xo-therm-adc Reading 48716 .
04-28 15:17:48.566   593   649 I ThermalEngine: Sensor:xo-therm-adc:48716 mC
04-28 15:17:48.566   593   649 D ThermalEngine: update_active_thresh: xo-therm-adc Active(1), Hi(1) 51000, Lo(1) 45000, desc(0) Interval(1) 2000
04-28 15:17:48.567   593   649 D ThermalEngine: sensor_monitor: xo-therm-adc Sensor wait.
04-28 15:17:49.294  1378  1378 I chatty  : uid=2000(shell) app_process expire 16 lines
04-28 15:17:49.692  1080  1157 I chatty  : uid=1000(system) Binder:1080_16 expire 1 line
04-28 15:17:49.846   593   636 D ThermalEngine: zone:20 sensor:skin-therm-adc temp:13605 trip:0 event:0
04-28 15:17:49.847   593   636 D ThermalEngine: zone:1 sensor:xo-therm-buf-adc temp:48513 trip:0 event:0
04-28 15:17:50.114   593   636 D ThermalEngine: zone:2 sensor:pa-therm0-adc temp:45337 trip:0 event:0
04-28 15:17:54.985   593   636 D ThermalEngine: zone:1 sensor:xo-therm-buf-adc temp:48310 trip:0 event:0
04-28 15:17:54.995   593   636 D ThermalEngine: zone:20 sensor:skin-therm-adc temp:32828 trip:0 event:0
04-28 15:17:55.179   593   636 D ThermalEngine: zone:2 sensor:pa-therm0-adc temp:45270 trip:0 event:0
04-28 15:17:56.182  1415  1415 I chatty  : uid=2000(shell) app_process expire 3 lines
04-28 15:17:56.193  1415  1415 W app_process: type=1400 audit(0.0:13502): avc: denied { read } for name="u:object_r:device_config_runtime_native_boot_prop:s0" dev="tmpfs" ino=12048 scontext=u:r:shell:s0 tcontext=u:object_r:device_config_runtime_native_boot_prop:s0 tclass=file permissive=0
04-28 15:17:56.193  1415  1415 E libc    : Access denied finding property "persist.device_config.runtime_native_boot.enable_apex_image"
04-28 15:17:56.193  1415  1415 I AndroidRuntime: Using default boot image
04-28 15:17:56.194  1415  1415 E libc    : Access denied finding property "persist.device_config.runtime_native_boot.disable_lock_profiling"
04-28 15:17:56.194  1415  1415 I AndroidRuntime: Leaving lock profiling enabled
04-28 15:17:56.194  1415  1415 E libc    : Access denied finding property "persist.device_config.runtime_native_boot.enable_generational_cc"
04-28 15:17:56.208  1415  1415 W app_process: Could not reserve sentinel fault page
04-28 15:17:56.209  1415  1415 I app_process: Core platform API reporting enabled, enforcing=false
04-28 15:17:56.462  1415  1415 D ICU     : Time zone APEX file found: /apex/com.android.tzdata/etc/icu/icu_tzdata.dat
04-28 15:17:56.493  1415  1415 I app_process: The ClassLoaderContext is a special shared library.
04-28 15:17:56.552  1415  1415 W app_process: JNI RegisterNativeMethods: attempt to register 0 native methods for android.media.AudioAttributes
04-28 15:17:56.577  1415  1415 D AndroidRuntime: Calling main entry com.android.commands.input.Input
04-28 15:17:56.585  1415  1415 D AndroidRuntime: Shutting down VM
04-28 15:17:57.591  1438  1438 D AndroidRuntime: >>>>>> START com.android.internal.os.RuntimeInit uid 2000 <<<<<<
04-28 15:17:57.599  1438  1438 W app_process: type=1400 audit(0.0:13503): avc: denied { read } for name="u:object_r:device_config_runtime_native_boot_prop:s0" dev="tmpfs" ino=12048 scontext=u:r:shell:s0 tcontext=u:object_r:device_config_runtime_native_boot_prop:s0 tclass=file permissive=0
04-28 15:17:57.599  1438  1438 W app_process: type=1400 audit(0.0:13504): avc: denied { read } for name="u:object_r:device_config_runtime_native_boot_prop:s0" dev="tmpfs" ino=12048 scontext=u:r:shell:s0 tcontext=u:object_r:device_config_runtime_native_boot_prop:s0 tclass=file permissive=0
04-28 15:17:57.603  1438  1438 W app_process: type=1400 audit(0.0:13505): avc: denied { read } for name="u:object_r:device_config_runtime_native_boot_prop:s0" dev="tmpfs" ino=12048 scontext=u:r:shell:s0 tcontext=u:object_r:device_config_runtime_native_boot_prop:s0 tclass=file permissive=0
04-28 15:17:57.603  1438  1438 E libc    : Access denied finding property "persist.device_config.runtime_native_boot.enable_apex_image"
04-28 15:17:57.603  1438  1438 I AndroidRuntime: Using default boot image
04-28 15:17:57.603  1438  1438 E libc    : Access denied finding property "persist.device_config.runtime_native_boot.disable_lock_profiling"
04-28 15:17:57.603  1438  1438 I AndroidRuntime: Leaving lock profiling enabled
04-28 15:17:57.604  1438  1438 E libc    : Access denied finding property "persist.device_config.runtime_native_boot.enable_generational_cc"
04-28 15:17:57.618  1438  1438 W app_process: Could not reserve sentinel fault page
04-28 15:17:57.619  1438  1438 I app_process: Core platform API reporting enabled, enforcing=false
04-28 15:17:57.870  1438  1438 D ICU     : Time zone APEX file found: /apex/com.android.tzdata/etc/icu/icu_tzdata.dat
04-28 15:17:57.901  1438  1438 I app_process: The ClassLoaderContext is a special shared library.
04-28 15:17:57.960  1438  1438 W app_process: JNI RegisterNativeMethods: attempt to register 0 native methods for android.media.AudioAttributes
04-28 15:17:57.985  1438  1438 D AndroidRuntime: Calling main entry com.android.commands.input.Input
04-28 15:17:57.992  1438  1438 D AndroidRuntime: Shutting down VM
04-28 15:17:58.592   593   636 D ThermalEngine: zone:0 sensor:xo-therm-adc temp:48310 trip:0 event:0
04-28 15:17:58.593   593   649 D ThermalEngine: sensor_monitor: xo-therm-adc Reading 48310 .
04-28 15:17:58.593   593   649 I ThermalEngine: Sensor:xo-therm-adc:48310 mC
04-28 15:17:58.593   593   649 D ThermalEngine: update_active_thresh: xo-therm-adc Active(1), Hi(1) 51000, Lo(1) 45000, desc(0) Interval(1) 2000
04-28 15:17:58.593   593   649 D ThermalEngine: sensor_monitor: xo-therm-adc Sensor wait.
04-28 15:17:59.173  1474  1474 D AndroidRuntime: >>>>>> START com.android.internal.os.RuntimeInit uid 2000 <<<<<<
04-28 15:17:59.179  1474  1474 W app_process: type=1400 audit(0.0:13506): avc: denied { read } for name="u:object_r:device_config_runtime_native_boot_prop:s0" dev="tmpfs" ino=12048 scontext=u:r:shell:s0 tcontext=u:object_r:device_config_runtime_native_boot_prop:s0 tclass=file permissive=0
04-28 15:17:59.183  1474  1474 W app_process: type=1400 audit(0.0:13507): avc: denied { read } for name="u:object_r:device_config_runtime_native_boot_prop:s0" dev="tmpfs" ino=12048 scontext=u:r:shell:s0 tcontext=u:object_r:device_config_runtime_native_boot_prop:s0 tclass=file permissive=0
04-28 15:17:59.183  1474  1474 W app_process: type=1400 audit(0.0:13508): avc: denied { read } for name="u:object_r:device_config_runtime_native_boot_prop:s0" dev="tmpfs" ino=12048 scontext=u:r:shell:s0 tcontext=u:object_r:device_config_runtime_native_boot_prop:s0 tclass=file permissive=0
04-28 15:17:59.184  1474  1474 E libc    : Access denied finding property "persist.device_config.runtime_native_boot.enable_apex_image"
04-28 15:17:59.184  1474  1474 I AndroidRuntime: Using default boot image
04-28 15:17:59.184  1474  1474 E libc    : Access denied finding property "persist.device_config.runtime_native_boot.disable_lock_profiling"
04-28 15:17:59.185  1474  1474 I AndroidRuntime: Leaving lock profiling enabled
04-28 15:17:59.185  1474  1474 E libc    : Access denied finding property "persist.device_config.runtime_native_boot.enable_generational_cc"
04-28 15:17:59.199  1474  1474 W app_process: Could not reserve sentinel fault page
04-28 15:17:59.199  1474  1474 I app_process: Core platform API reporting enabled, enforcing=false
04-28 15:17:59.444  1474  1474 D ICU     : Time zone APEX file found: /apex/com.android.tzdata/etc/icu/icu_tzdata.dat
04-28 15:17:59.475  1474  1474 I app_process: The ClassLoaderContext is a special shared library.
04-28 15:17:59.532  1474  1474 W app_process: JNI RegisterNativeMethods: attempt to register 0 native methods for android.media.AudioAttributes
04-28 15:17:59.556  1474  1474 D AndroidRuntime: Calling main entry com.android.commands.input.Input
04-28 15:17:59.563  1474  1474 D AndroidRuntime: Shutting down VM
04-28 15:18:00.004  2478  2478 D KeyguardClockSwitch: Updating clock: 318
04-28 15:18:00.086   593   636 D ThermalEngine: zone:20 sensor:skin-therm-adc temp:18691 trip:0 event:0
04-28 15:18:00.087   593   636 D ThermalEngine: zone:1 sensor:xo-therm-buf-adc temp:48108 trip:0 event:0
04-28 15:18:00.141   497   497 W SDM     : HWPrimary::PopulateDisplayAttributes: Driver doesn't report panel physical width and height - defaulting to 320dpi
04-28 15:18:00.299   593   636 D ThermalEngine: zone:2 sensor:pa-therm0-adc temp:45135 trip:0 event:0
04-28 15:18:00.560  1497  1497 D AndroidRuntime: >>>>>> START com.android.internal.os.RuntimeInit uid 2000 <<<<<<
04-28 15:18:00.569  1497  1497 W app_process: type=1400 audit(0.0:13509): avc: denied { read } for name="u:object_r:device_config_runtime_native_boot_prop:s0" dev="tmpfs" ino=12048 scontext=u:r:shell:s0 tcontext=u:object_r:device_config_runtime_native_boot_prop:s0 tclass=file permissive=0
04-28 15:18:00.569  1497  1497 W app_process: type=1400 audit(0.0:13510): avc: denied { read } for name="u:object_r:device_config_runtime_native_boot_prop:s0" dev="tmpfs" ino=12048 scontext=u:r:shell:s0 tcontext=u:object_r:device_config_runtime_native_boot_prop:s0 tclass=file permissive=0
04-28 15:18:00.569  1497  1497 W app_process: type=1400 audit(0.0:13511): avc: denied { read } for name="u:object_r:device_config_runtime_native_boot_prop:s0" dev="tmpfs" ino=12048 scontext=u:r:shell:s0 tcontext=u:object_r:device_config_runtime_native_boot_prop:s0 tclass=file permissive=0
04-28 15:18:00.572  1497  1497 E libc    : Access denied finding property "persist.device_config.runtime_native_boot.enable_apex_image"
04-28 15:18:00.572  1497  1497 I AndroidRuntime: Using default boot image
04-28 15:18:00.572  1497  1497 E libc    : Access denied finding property "persist.device_config.runtime_native_boot.disable_lock_profiling"
04-28 15:18:00.572  1497  1497 I AndroidRuntime: Leaving lock profiling enabled
04-28 15:18:00.573  1497  1497 E libc    : Access denied finding property "persist.device_config.runtime_native_boot.enable_generational_cc"
04-28 15:18:00.587  1497  1497 W app_process: Could not reserve sentinel fault page
04-28 15:18:00.587  1497  1497 I app_process: Core platform API reporting enabled, enforcing=false
04-28 15:18:00.835  1497  1497 D ICU     : Time zone APEX file found: /apex/com.android.tzdata/etc/icu/icu_tzdata.dat
04-28 15:18:00.866  1497  1497 I app_process: The ClassLoaderContext is a special shared library.
04-28 15:18:00.924  1497  1497 W app_process: JNI RegisterNativeMethods: attempt to register 0 native methods for android.media.AudioAttributes
04-28 15:18:00.949  1497  1497 D AndroidRuntime: Calling main entry com.android.commands.svc.Svc
04-28 15:18:00.985  1497  1497 D AndroidRuntime: Shutting down VM
04-28 15:18:00.997  1080  1321 I chatty  : uid=1000(system) ActivityManager expire 3 lines
04-28 15:18:01.004   659   659 D CarrierDefaultBroadcastReceiver: onReceive intent: com.android.internal.telephony.CARRIER_SIGNAL_RESET
04-28 15:18:01.013   659   659 D CarrierDefaultBroadcastReceiver: apply carrier action idx: 6
04-28 15:18:01.013   659   659 D CarrierActionUtils: onCancelAllNotifications
04-28 15:18:01.014   659   659 D CarrierDefaultBroadcastReceiver: apply carrier action idx: 8
04-28 15:18:01.014   659   659 D CarrierActionUtils: onDisableDefaultURLHandler
04-28 15:18:01.017  1080  2415 D ConnectivityService: NetworkAgentInfo [MOBILE (LTE) - 107] EVENT_NETWORK_INFO_CHANGED, going from CONNECTED to DISCONNECTED
04-28 15:18:01.018  1080  2853 I ActivityManager: Killing 4008:com.google.process.gservices/u0a90 (adj 940): cached #5
04-28 15:18:01.023  2826  2826 D QtiMultiSimSettingController: onUserDataEnabled
04-28 15:18:01.024  2826  2826 D QtiMultiSimSettingController: setUserDataEnabledForGroup subId 1 enable false
04-28 15:18:01.025  1080  2415 D ConnectivityService: NetworkAgentInfo [MOBILE (LTE) - 107] got DISCONNECTED, was satisfying 15
04-28 15:18:01.026  2826  3265 D DcNetworkAgent-8: NetworkAgent: NetworkAgent channel lost
04-28 15:18:01.062   418  2648 I netd    : trafficSwapActiveStatsMap() <33.21ms>
04-28 15:18:01.068   418  2648 I netd    : tetherGetStats() <3.88ms>
04-28 15:18:01.086   419   419 I Zygote  : Process 4008 exited due to signal 9 (Killed)
04-28 15:18:01.104  2783  3772 D QCNEJ/DefaultNetworkInfoRelay: Default network lost: 107
04-28 15:18:01.105   495   495 I LocSvc__AGnssRilInterface: ===> updateNetworkState_2_0 line 110 
04-28 15:18:01.106   495   547 I LocSvc_SystemStatusOsObserver: DataItem: ACTIVE_NETWORK_INFO::TYPEs_MASK: 0, TYPE_NAME: , SUB_TYPE_NAME: , IS_AVAILABLE: false, IS_CONNECTED: false, IS_ROAMING: false, NETWORK_HANDLE_0: 18446744073709551615:10, NETWORK_HANDLE_1: 18446744073709551615:10, NETWORK_HANDLE_2: 18446744073709551615:10, NETWORK_HANDLE_3: 18446744073709551615:10, NETWORK_HANDLE_4: 18446744073709551615:10, NETWORK_HANDLE_5: 18446744073709551615:10, NETWORK_HANDLE_6: 18446744073709551615:10, NETWORK_HANDLE_7: 18446744073709551615:10, NETWORK_HANDLE_8: 18446744073709551615:10, NETWORK_HANDLE_9: 18446744073709551615:10 >> XtraSystemStatusObserver
04-28 15:18:01.110  2783  3772 D QCNEJ/NativeHalConnector: -> SND notifyDefaultNetworkChanged(0)
04-28 15:18:01.110  2783  3772 D QCNEJ/WwanInfoRelay: network lost: 107
04-28 15:18:01.115  1080  1323 I chatty  : uid=1000(system) ActivityManager expire 1 line
04-28 15:18:01.117   497   497 W SDM     : HWPrimary::PopulateDisplayAttributes: Driver doesn't report panel physical width and height - defaulting to 320dpi
04-28 15:18:01.150   419   419 D Zygote  : Forked child process 1540
04-28 15:18:01.161  1080  1322 I ActivityManager: Start proc 1540:com.jio.media.ondemand/u0a71 for service {com.jio.media.ondemand/com.madme.mobile.sdk.service.LSJobService2}
04-28 15:18:01.208   418  2648 I netd    : idletimerRemoveInterface("rmnet_data2", 10, "0") <23.93ms>
04-28 15:18:01.219  1080  2415 D ConnectivityService: Sending DISCONNECTED broadcast for type 0 NetworkAgentInfo [MOBILE (LTE) - 107] isDefaultNetwork=true
04-28 15:18:01.231  3301  3301 I ConnectivityStateChangeReceiver: sending connect update status directly using ClientService
04-28 15:18:01.233  3301  3301 W ContextImpl: Calling a method in the system process without a qualified user: android.app.ContextImpl.startService:1570 android.content.ContextWrapper.startService:669 com.redbend.app.SmmService.sendIntentEvent:373 com.redbend.client.ClientService.sendEvent:586 com.redbend.client.ConnectivityStateChangeReceiver$DataChange.sendConnectedEvent:66 
04-28 15:18:01.235  3337  3337 I chatty  : uid=10045(com.jio.adc.embedded) expire 1 line
04-28 15:18:01.243  2506  2506 I DeviceStatusMonitor: onReceive() : Action = android.net.conn.CONNECTIVITY_CHANGE
04-28 15:18:01.258  3301  3301 I EventIntentService: onStartCommand received intent: Intent { act=com.redbend.event.D2B_STS_MOBILE_DATA cmp=com.redbend.client/.BasicService (has extras) }
04-28 15:18:01.259  3301  3301 I EventIntentService: Outgoing Event D2B_STS_MOBILE_DATA
04-28 15:18:01.268  2506  2506 I DeviceStatusMonitor: getCurrentNetworkState(): activeNetwork = 100,  newState = NON_METERED
04-28 15:18:01.277   419   419 D Zygote  : Forked child process 1580
04-28 15:18:01.282  3301  1748 I BasicService: Resetting Alarm ID #1
04-28 15:18:01.285  2506  2506 I NetworkInfoNotification: onNetworkAvailable: networkState = NON_METERED
04-28 15:18:01.311  1080  1322 I ActivityManager: Start proc 1580:com.jio.jioplay.tv/u0a73 for service {com.jio.jioplay.tv/com.madme.mobile.sdk.service.LSJobService2}
04-28 15:18:01.349  2506  1586 I NetworkInfoNotification: onNetworkAvailable: networkState = NON_METERED
04-28 15:18:01.356   418  2648 D TcpSocketMonitor: resuming tcpinfo polling (interval=30000ms)
04-28 15:18:01.356   418  2648 I netd    : networkDestroy(107) <129.76ms>
04-28 15:18:01.357   418   887 I Netd    : Destroyed 3 sockets on 2409:4070:4318:a7ab:76c8:b33e:3094:2d06 in 0.4 ms
04-28 15:18:01.358   418   418 I netd    : destroyNetworkCache(107) <0.27ms>
04-28 15:18:01.367  2332  2445 I CarrierServices: [513] cnd.onConnectivityChange: FiST: Wifi connectivity status false
04-28 15:18:01.378   418  2648 I netd    : bandwidthRemoveInterfaceQuota("rmnet_data2") <11.29ms>
04-28 15:18:01.394  2919  1579 E WakeLock: GCM_HB_ALARM release without a matched acquire!
04-28 15:18:01.394  2919  1579 W WakeLock: GCM_HB_ALARM counter does not exist
04-28 15:18:01.405  3337  4006 D [1490  ] ANH-EX_NA: c.j.a.core.module.exna.EEP$a call> bitField: 0
04-28 15:18:01.412  3337  4016 D [1493  ] ANH-EX_BAT: c.j.a.core.module.exbat.EEP$a call> bitField: 0
04-28 15:18:01.414  3337  4014 D [1492  ] ANH-ADC-EX_CO: com.jio.adc.core.CEP$ > Setting Data
04-28 15:18:01.419  3337  4017 D [1494  ] ANH-EX_LOC: c.j.a.core.module.exloc.EEP$b call> bitField: 0
04-28 15:18:01.419  3337  4019 D [1495  ] ANH-EX_S: c.j.a.core.module.exs.EEP$b call> bitField: 8
04-28 15:18:01.423  2919  1579 E WakeLock: GCM_CONN_ALARM release without a matched acquire!
04-28 15:18:01.423  2919  1579 W WakeLock: GCM_CONN_ALARM counter does not exist
04-28 15:18:01.428   497   497 W SDM     : HWPrimary::PopulateDisplayAttributes: Driver doesn't report panel physical width and height - defaulting to 320dpi
04-28 15:18:01.434   418  2648 I netd    : bandwidthSetGlobalAlert(2097152) <0.62ms>
04-28 15:18:01.469   419   419 D Zygote  : Forked child process 1622
04-28 15:18:01.472  1080  1322 I ActivityManager: Start proc 1622:com.google.process.gservices/u0a90 for content provider {com.google.android.gsf/com.google.android.gsf.gservices.GservicesProvider}
04-28 15:18:01.534  1080  2441 I chatty  : uid=1000(system) PhotonicModulat expire 1 line
04-28 15:18:01.540  1080  1080 I chatty  : uid=1000 system_server identical 1 line
04-28 15:18:01.562  1080  2586 I chatty  : uid=1000(system) Binder:1080_5 expire 6 lines
04-28 15:18:01.595   497   497 W SDM     : HWPrimary::PopulateDisplayAttributes: Driver doesn't report panel physical width and height - defaulting to 320dpi
04-28 15:18:01.603  3301  1748 I BasicService: Setting Alarm ID #1 in 3295s @2021-04-28 16:12:56
04-28 15:18:01.622  1080  2586 W ActivityManager: Slow operation: 63ms so far, now at attachApplicationLocked: after mServices.attachApplicationLocked
04-28 15:18:01.623  1080  2945 I chatty  : uid=1000(system) Binder:1080_1E expire 3 lines
04-28 15:18:01.634  1080  3288 I chatty  : uid=1000(system) Binder:1080_C expire 6 lines
04-28 15:18:01.695   497   497 W SDM     : HWPrimary::PopulateDisplayAttributes: Driver doesn't report panel physical width and height - defaulting to 320dpi
04-28 15:18:01.700  1540  1540 W ApplicationLoaders: Unexpected environment for cached library: (null|[dalvik.system.PathClassLoader[DexPathList[[zip file "/system/framework/android.hidl.base-V1.0-java.jar"],nativeLibraryDirectories=[/system/lib, /system/product/lib]]]])
04-28 15:18:01.701  1622  1622 I ocess.gservice: The ClassLoaderContext is a special shared library.
04-28 15:18:01.708  1580  1580 W ApplicationLoaders: Unexpected environment for cached library: (null|[dalvik.system.PathClassLoader[DexPathList[[zip file "/system/framework/android.hidl.base-V1.0-java.jar"],nativeLibraryDirectories=[/system/lib, /system/product/lib]]]])
04-28 15:18:01.724  1580  1580 I .jio.jioplay.t: The ClassLoaderContext is a special shared library.
04-28 15:18:01.726  1540  1540 I .media.ondeman: The ClassLoaderContext is a special shared library.
04-28 15:18:01.749  1540  1540 D ApplicationLoaders: Returning zygote-cached class loader: /system/framework/android.hidl.base-V1.0-java.jar
04-28 15:18:01.753  1660  1660 E light   : light_open lights keyboard failed: -22
04-28 15:18:01.753  1660  1660 E light   : Light passthrough failed to load legacy HAL.
04-28 15:18:01.754  1660  1660 E light   : light_open lights buttons failed: -22
04-28 15:18:01.754  1660  1660 E light   : Light passthrough failed to load legacy HAL.
04-28 15:18:01.756  1660  1660 E light   : light_open lights bluetooth failed: -22
04-28 15:18:01.756  1660  1660 E light   : Light passthrough failed to load legacy HAL.
04-28 15:18:01.757  1660  1660 E light   : light_open lights wifi failed: -22
04-28 15:18:01.757  1660  1660 E light   : Light passthrough failed to load legacy HAL.
04-28 15:18:01.763  1580  1580 D ApplicationLoaders: Returning zygote-cached class loader: /system/framework/android.hidl.base-V1.0-java.jar
04-28 15:18:01.767  1580  1580 I .jio.jioplay.t: The ClassLoaderContext is a special shared library.
04-28 15:18:01.772  1660  1660 I /vendor/bin/hw/android.hardware.light@2.0-service-lazy: Registering HAL: android.hardware.light@2.0::ILight with name: default
04-28 15:18:01.775  1660  1660 I ServiceManagement: Removing namespace from process name android.hardware.light@2.0-service-lazy to light@2.0-service-lazy.
04-28 15:18:01.784  1540  1540 I .media.ondeman: The ClassLoaderContext is a special shared library.
04-28 15:18:01.794  1622  1622 I Perf    : Connecting to perf service.
04-28 15:18:01.799  1660  1660 I         : Registration complete for android.hardware.light@2.0::ILight/default.
04-28 15:18:01.803  1660  1660 I /vendor/bin/hw/android.hardware.light@2.0-service-lazy: Process has 1 (of 1 available) client(s) in use after notification android.hardware.light@2.0::ILight has clients: 1
04-28 15:18:01.803  3337  4003 D [1487  ] ANH-ADC: com.jio.adc.core. > Captured: NE30
04-28 15:18:01.803  1080  2441 I chatty  : uid=1000(system) PhotonicModulat expire 1 line
04-28 15:18:01.841  1622  1622 W ocess.gservice: Couldn't clamp region space as there are regions in use beyond growth limit.
04-28 15:18:01.889  1622  1622 I GservicesProvider: Gservices pushing to system: true; secure/global: true
04-28 15:18:01.929  3315  3315 W DPMJ    : |SERVICE| DPM received ACTION_ANY_DATA_CONNECTION_STATE_CHANGEDhipri
04-28 15:18:01.931  2783  3772 D QCNEJ/WwanInfoRelay: Received action: android.intent.action.ANY_DATA_STATE
04-28 15:18:01.933  2783  3772 D QCNEJ/WwanInfoRelay: Received action: android.intent.action.ANY_DATA_STATE
04-28 15:18:01.934  3315  3315 W DPMJ    : |SERVICE| DPM received ACTION_ANY_DATA_CONNECTION_STATE_CHANGEDdefault
04-28 15:18:01.934  3315  3315 W DPMJ    : |SERVICE| If apn type is default ->default
04-28 15:18:01.939  2783  3772 I QCNEJ/WwanInfoRelay: cacheWwanInfo state = DISCONNECTED
04-28 15:18:01.940  2783  3772 I QCNEJ/WwanInfoRelay: cacheWwanInfo subId = 1 phoneId = 0 slotId = 0
04-28 15:18:01.985  1580  1580 I Perf    : Connecting to perf service.
04-28 15:18:02.048  1580  1580 I MultiDex: VM with version 2.1.0 has multidex support
04-28 15:18:02.048  1580  1580 I MultiDex: Installing application
04-28 15:18:02.048  1580  1580 I MultiDex: VM has multidex support, MultiDex support library is disabled.
04-28 15:18:02.048  1580  1580 I MultiDex: Installing application
04-28 15:18:02.048  1580  1580 I MultiDex: VM has multidex support, MultiDex support library is disabled.
04-28 15:18:02.067  1540  1540 I Perf    : Connecting to perf service.
04-28 15:18:02.147  1540  1540 I MultiDex: VM with version 2.1.0 has multidex support
04-28 15:18:02.147  1540  1540 I MultiDex: Installing application
04-28 15:18:02.147  1540  1540 I MultiDex: VM has multidex support, MultiDex support library is disabled.
04-28 15:18:02.147  1540  1540 I MultiDex: Installing application
04-28 15:18:02.147  1540  1540 I MultiDex: VM has multidex support, MultiDex support library is disabled.
04-28 15:18:02.267  1540  1540 D FirebaseApp: com.google.firebase.auth.FirebaseAuth is not linked. Skipping initialization.
04-28 15:18:02.268  1540  1540 D FirebaseApp: com.google.firebase.crash.FirebaseCrash is not linked. Skipping initialization.
04-28 15:18:02.268  1540  1540 D FirebaseApp: com.google.android.gms.measurement.AppMeasurement is not linked. Skipping initialization.
04-28 15:18:02.268  1540  1540 I FirebaseInitProvider: FirebaseApp initialization successful
04-28 15:18:02.304   339   339 I chatty  : uid=1000(system) hwservicemanage expire 17 lines
04-28 15:18:02.305   667   667 E ANDR-IOP: IIop:: Iop HAL Service is not available.
04-28 15:18:02.349  2332  2445 I CarrierServices: [513] cnx.d: Connected state: [2], networkType: [null]
04-28 15:18:02.366  1580  1580 D FirebaseApp: com.google.firebase.auth.FirebaseAuth is not linked. Skipping initialization.
04-28 15:18:02.367  1580  1580 D FirebaseApp: com.google.firebase.crash.FirebaseCrash is not linked. Skipping initialization.
04-28 15:18:02.368  1580  1580 I FirebaseInitProvider: FirebaseApp initialization successful
04-28 15:18:02.431  2332  2701 I CarrierServices: [549] daa.d: RCS Configuration storage in Bugle is disabled by p/h flag, using ProvisioningEngineStateCacheUtil.getProvisioningConfigurationForGivenSim()
04-28 15:18:02.570  1540  1540 I CleverTap: Activity Lifecycle Callback successfully registered
04-28 15:18:02.624  1580  1580 I CleverTap: Activity Lifecycle Callback successfully registered
04-28 15:18:02.641  1580  1580 I MultiDex: Installing application
04-28 15:18:02.641  1580  1580 I MultiDex: VM has multidex support, MultiDex support library is disabled.
04-28 15:18:02.653  1580  1580 E class com.jio.jiowebviewsdk.JioWebViewManager: Lat =  Lang = 
04-28 15:18:02.665  1580  1681 I FA      : App measurement is starting up, version: 16250
04-28 15:18:02.666  1580  1681 I FA      : To enable debug logging run: adb shell setprop log.tag.FA VERBOSE
