04-28 15:18:02.666  1580  1681 I FA      : To enable faster debug mode event logging run:
04-28 15:18:02.666  1580  1681 I FA      :   adb shell setprop debug.firebase.analytics.app com.jio.jioplay.tv
04-28 15:18:02.691  2919  4015 W DpmTcmClient: read failed bytes countRead: -1
04-28 15:18:02.693  1080   420 I chatty  : uid=1000(system) TcmReceiver expire 1 line
04-28 15:18:02.920  1580  1690 I DpmTcmClient: RegisterTcmMonitor from: $Proxy0
04-28 15:18:02.935  1080  1157 W ActivityManager: Unable to start service Intent { cmp=com.jio.media.ondemand/com.jio.media.framework.services.external.mediamanager.JioMediaDownloaderService } U=0: not found
04-28 15:18:02.956  1080  1157 I chatty  : uid=1000(system) Binder:1080_16 expire 1 line
04-28 15:18:02.957  1080  1157 D CompatibilityInfo: applicationDensity - 216
04-28 15:18:02.957  1080  1157 D CompatibilityInfo: applicationScale - 1.0
04-28 15:18:02.968  1580  1690 D NetworkSecurityConfig: Using Network Security Config from resource network_security_config debugBuild: false
04-28 15:18:02.971  1538  1538 D AndroidRuntime: >>>>>> START com.android.internal.os.RuntimeInit uid 2000 <<<<<<
04-28 15:18:02.983  1538  1538 W app_process: type=1400 audit(0.0:13512): avc: denied { read } for name="u:object_r:device_config_runtime_native_boot_prop:s0" dev="tmpfs" ino=12048 scontext=u:r:shell:s0 tcontext=u:object_r:device_config_runtime_native_boot_prop:s0 tclass=file permissive=0
04-28 15:18:02.986  1538  1538 W app_process: type=1400 audit(0.0:13513): avc: denied { read } for name="u:object_r:device_config_runtime_native_boot_prop:s0" dev="tmpfs" ino=12048 scontext=u:r:shell:s0 tcontext=u:object_r:device_config_runtime_native_boot_prop:s0 tclass=file permissive=0
04-28 15:18:02.986  1538  1538 W app_process: type=1400 audit(0.0:13514): avc: denied { read } for name="u:object_r:device_config_runtime_native_boot_prop:s0" dev="tmpfs" ino=12048 scontext=u:r:shell:s0 tcontext=u:object_r:device_config_runtime_native_boot_prop:s0 tclass=file permissive=0
04-28 15:18:02.987  1538  1538 E libc    : Access denied finding property "persist.device_config.runtime_native_boot.enable_apex_image"
04-28 15:18:02.987  1538  1538 I AndroidRuntime: Using default boot image
04-28 15:18:02.988  1538  1538 E libc    : Access denied finding property "persist.device_config.runtime_native_boot.disable_lock_profiling"
04-28 15:18:02.988  1538  1538 I AndroidRuntime: Leaving lock profiling enabled
04-28 15:18:02.989  1538  1538 E libc    : Access denied finding property "persist.device_config.runtime_native_boot.enable_generational_cc"
04-28 15:18:03.003  1538  1538 W app_process: Could not reserve sentinel fault page
04-28 15:18:03.004  1538  1538 I app_process: Core platform API reporting enabled, enforcing=false
04-28 15:18:03.039   419   419 D Zygote  : Forked child process 1699
04-28 15:18:03.042  1080  1322 I ActivityManager: Start proc 1699:com.google.android.gms/u0a90 for service {com.google.android.gms/com.google.android.gms.measurement.service.MeasurementBrokerService}
04-28 15:18:03.054  1080  2853 D CompatibilityInfo: mCompatibilityFlags - 0
04-28 15:18:03.054  1080  2853 D CompatibilityInfo: applicationDensity - 216
04-28 15:18:03.054  1080  2853 D CompatibilityInfo: applicationScale - 1.0
04-28 15:18:03.057  1540  1540 I GAv4    : Google Analytics 12.4.51 is starting up. To enable debug logging on a device run:
04-28 15:18:03.057  1540  1540 I GAv4    :   adb shell setprop log.tag.GAv4 DEBUG
04-28 15:18:03.057  1540  1540 I GAv4    :   adb logcat -s GAv4
04-28 15:18:03.121  1080  2853 W ActivityManager: Permission Denial: opening provider o.aeG from ProcessRecord{6802080 1580:com.jio.jioplay.tv/u0a73} (pid=1580, uid=10073) that is not exported from UID 10068
04-28 15:18:03.123  1580  1580 W System.err: java.lang.SecurityException: Permission Denial: opening provider o.aeG from ProcessRecord{6802080 1580:com.jio.jioplay.tv/u0a73} (pid=1580, uid=10073) that is not exported from UID 10068
04-28 15:18:03.124  1580  1580 W System.err: 	at android.os.Parcel.createException(Parcel.java:2071)
04-28 15:18:03.124  1580  1580 W System.err: 	at android.os.Parcel.readException(Parcel.java:2039)
04-28 15:18:03.124  1580  1580 W System.err: 	at android.os.Parcel.readException(Parcel.java:1987)
04-28 15:18:03.124  1580  1580 W System.err: 	at android.app.IActivityManager$Stub$Proxy.getContentProvider(IActivityManager.java:5056)
04-28 15:18:03.125  1580  1580 W System.err: 	at android.app.ActivityThread.acquireProvider(ActivityThread.java:6602)
04-28 15:18:03.125  1580  1580 W System.err: 	at android.app.ContextImpl$ApplicationContentResolver.acquireUnstableProvider(ContextImpl.java:2725)
04-28 15:18:03.125  1580  1580 W System.err: 	at android.content.ContentResolver.acquireUnstableProvider(ContentResolver.java:2120)
04-28 15:18:03.125  1580  1580 W System.err: 	at android.content.ContentResolver.query(ContentResolver.java:930)
04-28 15:18:03.125  1580  1580 W System.err: 	at android.content.ContentResolver.query(ContentResolver.java:881)
04-28 15:18:03.125  1580  1580 W System.err: 	at android.content.CursorLoader.loadInBackground(CursorLoader.java:71)
04-28 15:18:03.125  1580  1580 W System.err: 	at com.jio.media.sdk.sso.content.a.a(ContentOperations.java:6)
04-28 15:18:03.125  1580  1580 W System.err: 	at com.jio.media.sdk.sso.content.d.b(SSOSetUp.java:4)
04-28 15:18:03.125  1580  1580 W System.err: 	at com.jio.media.sdk.sso.content.d.a(SSOSetUp.java:3)
04-28 15:18:03.125  1580  1580 W System.err: 	at com.jio.media.sdk.sso.content.ProviderManager.e(ProviderManager.java:1)
04-28 15:18:03.125  1580  1580 W System.err: 	at com.jio.media.sdk.sso.content.SSOContentRequestHelper.setUpAccount(SSOContentRequestHelper.java:1)
04-28 15:18:03.125  1580  1580 W System.err: 	at com.jio.media.sdk.sso.JioMediaSSOController.<init>(JioMediaSSOController.java:11)
04-28 15:18:03.125  1580  1580 W System.err: 	at com.jio.media.sdk.sso.JioMediaSSOController.initializeSSO(JioMediaSSOController.java:3)
04-28 15:18:03.126  1580  1580 W System.err: 	at com.jio.jioplay.tv.application.JioTVApplication.onCreate(JioTVApplication.java:23)
04-28 15:18:03.126  1580  1580 W System.err: 	at android.app.Instrumentation.callApplicationOnCreate(Instrumentation.java:1190)
04-28 15:18:03.126  1580  1580 W System.err: 	at android.app.ActivityThread.handleBindApplication(ActivityThread.java:6479)
04-28 15:18:03.126  1580  1580 W System.err: 	at android.app.ActivityThread.access$1300(ActivityThread.java:220)
04-28 15:18:03.126  1580  1580 W System.err: 	at android.app.ActivityThread$H.handleMessage(ActivityThread.java:1860)
04-28 15:18:03.126  1580  1580 W System.err: 	at android.os.Handler.dispatchMessage(Handler.java:107)
04-28 15:18:03.126  1580  1580 W System.err: 	at android.os.Looper.loop(Looper.java:214)
04-28 15:18:03.126  1580  1580 W System.err: 	at android.app.ActivityThread.main(ActivityThread.java:7397)
04-28 15:18:03.126  1580  1580 W System.err: 	at java.lang.reflect.Method.invoke(Native Method)
04-28 15:18:03.126  1580  1580 W System.err: 	at com.android.internal.os.RuntimeInit$MethodAndArgsCaller.run(RuntimeInit.java:492)
04-28 15:18:03.126  1580  1580 W System.err: 	at com.android.internal.os.ZygoteInit.main(ZygoteInit.java:935)
04-28 15:18:03.151  1080  2853 D CompatibilityInfo: mCompatibilityFlags - 0
04-28 15:18:03.151  1080  2853 D CompatibilityInfo: applicationDensity - 216
04-28 15:18:03.151  1080  2853 D CompatibilityInfo: applicationScale - 1.0
04-28 15:18:03.180  1080  2853 D CompatibilityInfo: mCompatibilityFlags - 0
04-28 15:18:03.180  1080  2853 D CompatibilityInfo: applicationDensity - 216
04-28 15:18:03.180  1080  2853 D CompatibilityInfo: applicationScale - 1.0
04-28 15:18:03.246  1699  1699 I gle.android.gm: The ClassLoaderContext is a special shared library.
04-28 15:18:03.252  1080  1157 W ActivityManager: Permission Denial: opening provider o.aeG from ProcessRecord{6802080 1580:com.jio.jioplay.tv/u0a73} (pid=1580, uid=10073) that is not exported from UID 10068
04-28 15:18:03.253  1580  1580 W System.err: java.lang.SecurityException: Permission Denial: opening provider o.aeG from ProcessRecord{6802080 1580:com.jio.jioplay.tv/u0a73} (pid=1580, uid=10073) that is not exported from UID 10068
04-28 15:18:03.254  1580  1580 W System.err: 	at android.os.Parcel.createException(Parcel.java:2071)
04-28 15:18:03.254  1580  1580 W System.err: 	at android.os.Parcel.readException(Parcel.java:2039)
04-28 15:18:03.256  1580  1580 W System.err: 	at android.os.Parcel.readException(Parcel.java:1987)
04-28 15:18:03.256  1580  1580 W System.err: 	at android.app.IActivityManager$Stub$Proxy.getContentProvider(IActivityManager.java:5056)
04-28 15:18:03.256  1580  1580 W System.err: 	at android.app.ActivityThread.acquireProvider(ActivityThread.java:6602)
04-28 15:18:03.257  1580  1580 W System.err: 	at android.app.ContextImpl$ApplicationContentResolver.acquireUnstableProvider(ContextImpl.java:2725)
04-28 15:18:03.257  1580  1580 W System.err: 	at android.content.ContentResolver.acquireUnstableProvider(ContentResolver.java:2120)
04-28 15:18:03.257  1580  1580 W System.err: 	at android.content.ContentResolver.query(ContentResolver.java:930)
04-28 15:18:03.257  1580  1580 W System.err: 	at android.content.ContentResolver.query(ContentResolver.java:881)
04-28 15:18:03.257  1580  1580 W System.err: 	at android.content.CursorLoader.loadInBackground(CursorLoader.java:71)
04-28 15:18:03.257  1580  1580 W System.err: 	at com.jio.media.sdk.sso.content.a.a(ContentOperations.java:6)
04-28 15:18:03.257  1580  1580 W System.err: 	at com.jio.media.sdk.sso.content.d.b(SSOSetUp.java:4)
04-28 15:18:03.258  1580  1580 W System.err: 	at com.jio.media.sdk.sso.content.d.a(SSOSetUp.java:3)
04-28 15:18:03.258  1580  1580 W System.err: 	at com.jio.media.sdk.sso.content.ProviderManager.e(ProviderManager.java:1)
04-28 15:18:03.258  1580  1580 W System.err: 	at com.jio.media.sdk.sso.content.ProviderManager.b(ProviderManager.java:1)
04-28 15:18:03.258  1580  1580 W System.err: 	at com.jio.media.sdk.sso.content.SSOContentRequestHelper.isUserAvailable(SSOContentRequestHelper.java:1)
04-28 15:18:03.258  1580  1580 W System.err: 	at com.jio.media.sdk.sso.zla.ZLAManager.updateZlaStatus(ZLAManager.java:1)
04-28 15:18:03.258  1580  1580 W System.err: 	at com.jio.media.sdk.sso.JioMediaSSOController.<init>(JioMediaSSOController.java:13)
04-28 15:18:03.259  1580  1580 W System.err: 	at com.jio.media.sdk.sso.JioMediaSSOController.initializeSSO(JioMediaSSOController.java:3)
04-28 15:18:03.259  1580  1580 W System.err: 	at com.jio.jioplay.tv.application.JioTVApplication.onCreate(JioTVApplication.java:23)
04-28 15:18:03.259  1580  1580 W System.err: 	at android.app.Instrumentation.callApplicationOnCreate(Instrumentation.java:1190)
04-28 15:18:03.259  1580  1580 W System.err: 	at android.app.ActivityThread.handleBindApplication(ActivityThread.java:6479)
04-28 15:18:03.259  1580  1580 W System.err: 	at android.app.ActivityThread.access$1300(ActivityThread.java:220)
04-28 15:18:03.259  1580  1580 W System.err: 	at android.app.ActivityThread$H.handleMessage(ActivityThread.java:1860)
04-28 15:18:03.259  1580  1580 W System.err: 	at android.os.Handler.dispatchMessage(Handler.java:107)
04-28 15:18:03.259  1580  1580 W System.err: 	at android.os.Looper.loop(Looper.java:214)
04-28 15:18:03.259  1580  1580 W System.err: 	at android.app.ActivityThread.main(ActivityThread.java:7397)
04-28 15:18:03.259  1580  1580 W System.err: 	at java.lang.reflect.Method.invoke(Native Method)
04-28 15:18:03.259  1580  1580 W System.err: 	at com.android.internal.os.RuntimeInit$MethodAndArgsCaller.run(RuntimeInit.java:492)
04-28 15:18:03.259  1580  1580 W System.err: 	at com.android.internal.os.ZygoteInit.main(ZygoteInit.java:935)
04-28 15:18:03.262  1699  1699 I gle.android.gm: The ClassLoaderContext is a special shared library.
04-28 15:18:03.273  1699  1699 I gle.android.gm: The ClassLoaderContext is a special shared library.
04-28 15:18:03.352  1540  1540 W .media.ondeman: Long monitor contention with owner Thread-3 (1698) at long android.content.res.ApkAssets.nativeLoad(java.lang.String, boolean, boolean, boolean)(ApkAssets.java:-2) waiters=0 in android.content.res.Resources android.app.ResourcesManager.getOrCreateResources(android.os.IBinder, android.content.res.ResourcesKey, java.lang.ClassLoader) for 219ms
04-28 15:18:03.362  1699  1699 I Perf    : Connecting to perf service.
04-28 15:18:03.392  1699  1699 W gle.android.gm: Couldn't clamp region space as there are regions in use beyond growth limit.
04-28 15:18:03.424  1540  1696 I CrashlyticsCore: Initializing Crashlytics 2.4.1.19
04-28 15:18:03.428   667   667 E ANDR-IOP: IIop:: Iop HAL Service is not available.
04-28 15:18:03.434  1080  1157 D CompatibilityInfo: mCompatibilityFlags - 0
04-28 15:18:03.434  1080  1157 D CompatibilityInfo: applicationDensity - 216
04-28 15:18:03.434  1080  1157 D CompatibilityInfo: applicationScale - 1.0
04-28 15:18:03.484  1540  1540 W GoogleTagManager: Failed to extract the container from the resource file. Resource is a UTF-8 encoded string but doesn't contain a JSON container
04-28 15:18:03.550  1580  1580 W RoamingAdTrigger: Null network info object
04-28 15:18:03.582  1538  1538 D ICU     : Time zone APEX file found: /apex/com.android.tzdata/etc/icu/icu_tzdata.dat
04-28 15:18:03.620  1538  1538 I app_process: The ClassLoaderContext is a special shared library.
04-28 15:18:03.638  1540  1723 D NetworkSecurityConfig: Using Network Security Config from resource network_security_config debugBuild: false
04-28 15:18:03.645  1540  1723 I DpmTcmClient: RegisterTcmMonitor from: $Proxy0
04-28 15:18:03.660  1540  1723 E Fabric  : Settings request failed.
04-28 15:18:03.666  1540  1724 E Answers : Failed to retrieve settings
04-28 15:18:03.668  1540  1725 W CrashlyticsCore: Received null settings, skipping report submission!
04-28 15:18:03.688  1538  1538 W app_process: JNI RegisterNativeMethods: attempt to register 0 native methods for android.media.AudioAttributes
04-28 15:18:03.713  1538  1538 D AndroidRuntime: Calling main entry com.android.commands.input.Input
04-28 15:18:03.721  1538  1538 D AndroidRuntime: Shutting down VM
04-28 15:18:03.772  1699  1699 W ProviderHelper: Unknown dynamite feature providerinstaller
04-28 15:18:03.774  1699  1699 I DynamiteModule: Considering local module com.google.android.gms.providerinstaller:1 and remote module com.google.android.gms.providerinstaller:0
04-28 15:18:03.774  1699  1699 I DynamiteModule: Selected local version of com.google.android.gms.providerinstaller
04-28 15:18:03.889  1699  1699 D NetworkSecurityConfig: Using Network Security Config from resource network_security_config debugBuild: false
04-28 15:18:03.896  1699  1699 I ProviderInstaller: Installed default security provider GmsCore_OpenSSL
04-28 15:18:03.896  1699  1699 I Safeboot: Checking safeboot...
04-28 15:18:03.897  1699  1699 I Safeboot: Not entering safeboot; wrong process.
04-28 15:18:03.960  1699  1699 I Watchcat: Started
04-28 15:18:03.966  1699  1699 I azqi    : Primes not initialized, returning default (no-op) Primes instance which will ignore all calls. Please call Primes.initialize(...) before using any Primes API.
04-28 15:18:03.971   667   667 E ANDR-IOP: IIop:: Iop HAL Service is not available.
04-28 15:18:04.121  2783  3772 D QCNEJ/WwanInfoRelay: onServiceStateChanged: dataState: 0 DDS:1 Notify service state update
04-28 15:18:04.127  1699  1728 I DynamiteModule: Considering local module com.google.android.gms.googlecertificates:6 and remote module com.google.android.gms.googlecertificates:6
04-28 15:18:04.127  1699  1728 I DynamiteModule: Selected local version of com.google.android.gms.googlecertificates
04-28 15:18:04.148  2826  2826 D ServiceStateProvider: subId=1
04-28 15:18:04.156  1080  1321 D CompatibilityInfo: mCompatibilityFlags - 0
04-28 15:18:04.156  1080  1321 D CompatibilityInfo: applicationDensity - 216
04-28 15:18:04.156  1080  1321 D CompatibilityInfo: applicationScale - 1.0
04-28 15:18:04.177   482   482 D CellBroadcastReceiver: onReceive Intent { act=android.intent.action.SERVICE_STATE flg=0x1000010 cmp=com.android.cellbroadcastreceiver/.CellBroadcastReceiver (has extras) }
04-28 15:18:04.180  1540  1540 E GoogleTagManager: Invalid macro: _gtm.loadEventEnabled
04-28 15:18:04.223   497   533 W SDM     : HWPrimary::PopulateDisplayAttributes: Driver doesn't report panel physical width and height - defaulting to 320dpi
04-28 15:18:04.248   658  2426 I ServiceManagement: getService: Trying again for android.hardware.drm@1.0::IDrmFactory/clearkey...
04-28 15:18:04.255  2332  2332 I CarrierServices: [2] dmn.onReceive: Received SERVICE_STATE intent, clearing cached cell info
04-28 15:18:04.318   497   533 W SDM     : HWPrimary::PopulateDisplayAttributes: Driver doesn't report panel physical width and height - defaulting to 320dpi
04-28 15:18:04.526  1793  1793 I /vendor/bin/hw/android.hardware.drm@1.2-service-lazy.clearkey: Registering HAL: android.hardware.drm@1.2::IDrmFactory with name: clearkey
04-28 15:18:04.531  1793  1793 I ServiceManagement: Removing namespace from process name android.hardware.drm@1.2-service-lazy.clearkey to drm@1.2-service-lazy.clearkey.
04-28 15:18:04.536  1793  1793 I /vendor/bin/hw/android.hardware.drm@1.2-service-lazy.clearkey: Registering HAL: android.hardware.drm@1.2::ICryptoFactory with name: clearkey
04-28 15:18:04.543  1793  1793 I ServiceManagement: Removing namespace from process name android.hardware.drm@1.2-service-lazy.clearkey to drm@1.2-service-lazy.clearkey.
04-28 15:18:04.563   658  2426 I ServiceManagement: getService: Trying again for android.hardware.drm@1.0::IDrmFactory/default...
04-28 15:18:04.566  1699  1797 I FA-SVC  : App measurement initialized, version: 203315
04-28 15:18:04.687  1080  1321 D CompatibilityInfo: mCompatibilityFlags - 0
04-28 15:18:04.687  1080  1321 D CompatibilityInfo: applicationDensity - 216
04-28 15:18:04.687  1080  1321 D CompatibilityInfo: applicationScale - 1.0
04-28 15:18:04.725  1804  1804 I /vendor/bin/hw/android.hardware.drm@1.0-service-lazy: Registering HAL: android.hardware.drm@1.0::IDrmFactory with name: default
04-28 15:18:04.728  1804  1804 I ServiceManagement: Removing namespace from process name android.hardware.drm@1.0-service-lazy to drm@1.0-service-lazy.
04-28 15:18:04.731  1804  1804 I         : Registration complete for android.hardware.drm@1.0::IDrmFactory/default.
04-28 15:18:04.738  1080  1321 D CompatibilityInfo: mCompatibilityFlags - 0
04-28 15:18:04.738  1080  1321 D CompatibilityInfo: applicationDensity - 216
04-28 15:18:04.738  1080  1321 D CompatibilityInfo: applicationScale - 1.0
04-28 15:18:04.751  1804  1804 I /vendor/bin/hw/android.hardware.drm@1.0-service-lazy: Registering HAL: android.hardware.drm@1.0::ICryptoFactory with name: default
04-28 15:18:04.757  1804  1804 I ServiceManagement: Removing namespace from process name android.hardware.drm@1.0-service-lazy to drm@1.0-service-lazy.
04-28 15:18:04.760  1804  1804 I         : Registration complete for android.hardware.drm@1.0::ICryptoFactory/default.
04-28 15:18:04.765   658  2426 I ServiceManagement: getService: Trying again for android.hardware.drm@1.0::IDrmFactory/widevine...
04-28 15:18:04.800  2919  1811 E WakeLock: GCM_HB_ALARM release without a matched acquire!
04-28 15:18:04.800  2919  1811 W WakeLock: GCM_HB_ALARM counter does not exist
04-28 15:18:04.806  2919  1811 E WakeLock: GCM_CONN_ALARM release without a matched acquire!
04-28 15:18:04.840   881   978 D QC-time-services: Lib:time_genoff_operation: pargs->base = 12
04-28 15:18:04.841   881   978 D QC-time-services: Lib:time_genoff_operation: pargs->operation = 0
04-28 15:18:04.841   881   978 D QC-time-services: Lib:time_genoff_operation: pargs->ts_val = 1619603285735
04-28 15:18:04.842   881   978 D QC-time-services: Lib:time_genoff_operation: Send to server  passed!!
04-28 15:18:04.845   415  1813 I chatty  : uid=1000(system) /vendor/bin/time_daemon expire 10 lines
04-28 15:18:04.846  1080  2853 D AlarmManagerService: Kernel timezone updated to -330 minutes west of GMT
04-28 15:18:04.850   415   428 I chatty  : uid=1000(system) /vendor/bin/time_daemon expire 6 lines
04-28 15:18:04.850   881   978 E QC-time-services: Receive Passed == base = 12, unit = 1, operation = 0, result = 0
04-28 15:18:04.851   881   978 D QC-time-services: Lib:time_genoff_operation: pargs->base = 13
04-28 15:18:04.851   881   978 D QC-time-services: Lib:time_genoff_operation: pargs->operation = 0
04-28 15:18:04.851   881   978 D QC-time-services: Lib:time_genoff_operation: pargs->ts_val = 1619603285735
04-28 15:18:04.851   881   978 D QC-time-services: Lib:time_genoff_operation: Send to server  passed!!
04-28 15:18:04.854   415  1814 I chatty  : uid=1000(system) /vendor/bin/time_daemon expire 10 lines
04-28 15:18:04.863   881   978 E QC-time-services: Receive Passed == base = 13, unit = 1, operation = 0, result = 0
04-28 15:18:04.873  1080  1321 D CompatibilityInfo: mCompatibilityFlags - 0
04-28 15:18:04.873  1080  1321 D CompatibilityInfo: applicationDensity - 216
04-28 15:18:04.873  1080  1321 D CompatibilityInfo: applicationScale - 1.0
04-28 15:18:04.957  1810  1810 I /vendor/bin/hw/android.hardware.drm@1.2-service-lazy.widevine: Registering HAL: android.hardware.drm@1.2::IDrmFactory with name: widevine
04-28 15:18:04.961  1810  1810 I ServiceManagement: Removing namespace from process name android.hardware.drm@1.2-service-lazy.widevine to drm@1.2-service-lazy.widevine.
04-28 15:18:04.963  1810  1810 I /vendor/bin/hw/android.hardware.drm@1.2-service-lazy.widevine: Registering HAL: android.hardware.drm@1.2::ICryptoFactory with name: widevine
04-28 15:18:04.966  1810  1810 I ServiceManagement: Removing namespace from process name android.hardware.drm@1.2-service-lazy.widevine to drm@1.2-service-lazy.widevine.
04-28 15:18:04.989  1793  1801 I /vendor/bin/hw/android.hardware.drm@1.2-service-lazy.clearkey: Process has 1 (of 2 available) client(s) in use after notification android.hardware.drm@1.2::IDrmFactory has clients: 1
04-28 15:18:04.994  1810  1816 I /vendor/bin/hw/android.hardware.drm@1.2-service-lazy.widevine: Process has 1 (of 2 available) client(s) in use after notification android.hardware.drm@1.2::IDrmFactory has clients: 1
04-28 15:18:05.008  1804  1804 I /vendor/bin/hw/android.hardware.drm@1.0-service-lazy: Process has 1 (of 2 available) client(s) in use after notification android.hardware.drm@1.0::IDrmFactory has clients: 1
04-28 15:18:05.018   339   339 I hwservicemanager: getTransport: Cannot find entry vendor.qti.hardware.servicetracker@1.0::IServicetracker/default in either framework or device manifest.
04-28 15:18:05.029  1810  1816 D WVCdm   : Instantiating CDM.
04-28 15:18:05.033  1810  1816 I WVCdm   : [cdm_engine.cpp(528):QueryStatus] CdmEngine::QueryStatus
04-28 15:18:05.035  1810  1816 I WVCdm   : [oemcrypto_adapter_dynamic.cpp(636):Initialize] Level 3 Build Info (v15): OEMCrypto Level3 Code 8158 Apr 18 2019 19:27:36
04-28 15:18:05.035  1810  1818 I WVCdm   : [(0):] Level3 Library 8158 Apr 18 2019 19:27:36
04-28 15:18:05.055  1810  1816 I WVCdm   : [oemcrypto_adapter_dynamic.cpp(650):Initialize] L3 Initialized. Trying L1.
04-28 15:18:05.089  1810  1816 D QSEECOMAPI: QSEECom_get_handle sb_length = 0x19000
04-28 15:18:05.089  1810  1816 D QSEECOMAPI: App is not loaded in QSEE
04-28 15:18:05.093  1810  1816 D QSEECOMAPI: app_arch = 2, total_files = 8
04-28 15:18:05.135  1810  1816 D QSEECOMAPI: Loaded image: APP id = 4325378
04-28 15:18:05.141  1810  1816 D QSAPPSVER: qsapps_get_capabilities: Capability from secure side: 0x1
04-28 15:18:05.141  1810  1816 D QSAPPSVER: qsapps_get_capabilities: returns 0
04-28 15:18:05.142  1810  1816 I DrmWidevineDash: hlos api version =  15
04-28 15:18:05.142  1810  1816 I DrmWidevineDash: tz api version =  15
04-28 15:18:05.151   376   382 I chatty  : uid=1000(system) /vendor/bin/qseecomd expire 14 lines
04-28 15:18:05.153   415  1819 I chatty  : uid=1000(system) /vendor/bin/time_daemon expire 3 lines
04-28 15:18:05.153   415  1820 I chatty  : uid=1000(system) /vendor/bin/time_daemon expire 5 lines
04-28 15:18:05.153   415  1820 D QC-time-services: Daemon:Value read from QTimer mseconds = 15541184
04-28 15:18:05.153   415  1820 D QC-time-services: Daemon:Value read from generic offset = 1619577801089
04-28 15:18:05.154   415  1820 D QC-time-services: Daemon:Delta read on boot mseconds = 9943761
04-28 15:18:05.154   415  1820 D QC-time-services: Daemon:Final Time = 1619603286034
04-28 15:18:05.154   376   382 D DrmLibTime: time_getutcsec returns 0, sec = 1619603286; nsec = 0
04-28 15:18:05.154   376   382 D DrmLibTime: time_getutcsec finished! 
04-28 15:18:05.154   376   382 D DrmLibTime: iotcl_continue_command finished! and return 0 
04-28 15:18:05.154   376   382 D DrmLibTime: before calling ioctl to read the next time_cmd
04-28 15:18:05.155   415   428 E QC-time-services: Daemon: Time-services: Waiting to acceptconnection
04-28 15:18:05.180  1810  1816 I DrmWidevineDash: hlos api version =  15
04-28 15:18:05.180  1810  1816 I DrmWidevineDash: tz api version =  15
04-28 15:18:05.181  1810  1816 I DrmWidevineDash: hlos api version =  15
04-28 15:18:05.181  1810  1816 I DrmWidevineDash: tz api version =  15
04-28 15:18:05.184  1810  1816 W WVCdm   : [oemcrypto_adapter_dynamic.cpp(842):LoadLevel1] Could not find /factory/wv.keys. Falling Back to L3.
04-28 15:18:05.184  1810  1816 D QSEECOMAPI: QSEECom_dealloc_memory 
04-28 15:18:05.185  1810  1816 D QSEECOMAPI: QSEECom_shutdown_app, app_id = 4325378
04-28 15:18:05.187  1810  1816 D WVCdm   : [crypto_session.cpp(646):Open] CryptoSession::Open: requested_security_level: Default
04-28 15:18:05.191  1810  1816 I WVCdm   : [usage_table_header.cpp(38):Init] UsageTableHeader::Init: security level: 3
04-28 15:18:05.194  1810  1816 I WVCdm   : [usage_table_header.cpp(70):Init] UsageTableHeader::Init: number of usage entries: 0
04-28 15:18:05.206   593   636 D ThermalEngine: zone:1 sensor:xo-therm-buf-adc temp:48378 trip:0 event:0
04-28 15:18:05.207   593   636 D ThermalEngine: zone:20 sensor:skin-therm-adc temp:32525 trip:0 event:0
04-28 15:18:05.209  1810  1816 I WVCdm   : [(0):] L3 Terminate.
04-28 15:18:05.209  1810  1816 I WVCdm   : [cdm_engine.cpp(115):OpenSession] CdmEngine::OpenSession
04-28 15:18:05.209  1810  1816 I WVCdm   : [oemcrypto_adapter_dynamic.cpp(636):Initialize] Level 3 Build Info (v15): OEMCrypto Level3 Code 8158 Apr 18 2019 19:27:36
04-28 15:18:05.210  1810  1821 I WVCdm   : [(0):] Level3 Library 8158 Apr 18 2019 19:27:36
04-28 15:18:05.225  1810  1816 I WVCdm   : [oemcrypto_adapter_dynamic.cpp(650):Initialize] L3 Initialized. Trying L1.
04-28 15:18:05.225  1810  1816 D QSEECOMAPI: QSEECom_get_handle sb_length = 0x19000
04-28 15:18:05.226  1810  1816 D QSEECOMAPI: App is not loaded in QSEE
04-28 15:18:05.226  1810  1816 D QSEECOMAPI: app_arch = 2, total_files = 8
04-28 15:18:05.262  1810  1816 D QSEECOMAPI: Loaded image: APP id = 4390914
04-28 15:18:05.267  1810  1816 D QSAPPSVER: qsapps_get_capabilities: Capability from secure side: 0x1
04-28 15:18:05.267  1810  1816 D QSAPPSVER: qsapps_get_capabilities: returns 0
04-28 15:18:05.268  1810  1816 I DrmWidevineDash: hlos api version =  15
04-28 15:18:05.268  1810  1816 I DrmWidevineDash: tz api version =  15
04-28 15:18:05.280   376   382 D DrmLibTime: got the req here! ret=0
04-28 15:18:05.280   376   382 D DrmLibTime: command id, time_cmd_id = 770
04-28 15:18:05.280   376   382 D DrmLibTime: time_getutcsec starts!
04-28 15:18:05.280   376   382 D DrmLibTime: QSEE Time Listener: time_getutcsec
04-28 15:18:05.280   376   382 D DrmLibTime: QSEE Time Listener: get_utc_seconds
04-28 15:18:05.280   376   382 D DrmLibTime: QSEE Time Listener: time_get_modem_time
04-28 15:18:05.280   376   382 D DrmLibTime: QSEE Time Listener: Checking if ATS_MODEM is set or not.
04-28 15:18:05.280   376   382 D QC-time-services: Lib:time_genoff_operation: pargs->base = 13
04-28 15:18:05.280   376   382 D QC-time-services: Lib:time_genoff_operation: pargs->operation = 2
04-28 15:18:05.280   376   382 D QC-time-services: Lib:time_genoff_operation: pargs->ts_val = 0
04-28 15:18:05.280   376   382 D QC-time-services: Lib:time_genoff_operation: Send to server  passed!!
04-28 15:18:05.280   415   428 D QC-time-services: Daemon: Connection accepted:time_genoff
04-28 15:18:05.281   415  1823 D QC-time-services: Daemon:Received base = 13, unit = 1, operation = 2,value = 0
04-28 15:18:05.281   415  1823 D QC-time-services: Daemon:genoff_opr: Base = 13, val = 0, operation = 2
04-28 15:18:05.281   415  1823 D QC-time-services: offset is: 3 for base: 1
04-28 15:18:05.281   376   382 E QC-time-services: Receive Passed == base = 13, unit = 1, operation = 2, result = 0
04-28 15:18:05.281   376   382 D DrmLibTime: QSEE Time Listener: ATS_MODEM is set. Try to retrieve it.
04-28 15:18:05.281   415   428 E QC-time-services: Daemon: Time-services: Waiting to acceptconnection
04-28 15:18:05.281   415   428 D QC-time-services: Daemon: Connection accepted:time_genoff
04-28 15:18:05.282   415  1824 D QC-time-services: Daemon:Received base = 13, unit = 1, operation = 1,value = 0
04-28 15:18:05.282   415  1824 D QC-time-services: Daemon:genoff_opr: Base = 13, val = 0, operation = 1
04-28 15:18:05.282   415  1824 D QC-time-services: Daemon: genoff get for 13
04-28 15:18:05.282   415  1824 D QC-time-services: Daemon:Value read from QTimer mseconds = 15541312
04-28 15:18:05.282   415  1824 D QC-time-services: Daemon:Value read from RTC mseconds on boot = 10042000
04-28 15:18:05.282   415  1824 D QC-time-services: Daemon:Value read from QTimer mseconds = 15541312
04-28 15:18:05.282   415  1824 D QC-time-services: Daemon:Value read from generic offset = 1619577801089
04-28 15:18:05.282   415  1824 D QC-time-services: Daemon:Delta read on boot mseconds = 9943761
04-28 15:18:05.282   415  1824 D QC-time-services: Daemon:Final Time = 1619603286162
04-28 15:18:05.282   376   382 D DrmLibTime: QSEE Time Listener: Time GenOff - seconds: 1619603286
04-28 15:18:05.282   376   382 D DrmLibTime: time_getutcsec returns 0, sec = 1619603286; nsec = 0
04-28 15:18:05.282   376   382 D DrmLibTime: time_getutcsec finished! 
04-28 15:18:05.282   376   382 D DrmLibTime: iotcl_continue_command finished! and return 0 
04-28 15:18:05.282   376   382 D DrmLibTime: before calling ioctl to read the next time_cmd
04-28 15:18:05.282   415   428 E QC-time-services: Daemon: Time-services: Waiting to acceptconnection
04-28 15:18:05.289   613   613 W vm_bms  : type=1400 audit(0.0:13515): avc: denied { read } for name="u:object_r:default_prop:s0" dev="tmpfs" ino=12041 scontext=u:r:vm_bms:s0 tcontext=u:object_r:default_prop:s0 tclass=file permissive=0
04-28 15:18:05.289   613   613 I chatty  : uid=0(root) /vendor/bin/vm_bms identical 2 lines
04-28 15:18:05.289   613   613 W vm_bms  : type=1400 audit(0.0:13518): avc: denied { read } for name="u:object_r:default_prop:s0" dev="tmpfs" ino=12041 scontext=u:r:vm_bms:s0 tcontext=u:object_r:default_prop:s0 tclass=file permissive=0
04-28 15:18:05.292  1810  1816 I DrmWidevineDash: hlos api version =  15
04-28 15:18:05.292  1810  1816 I DrmWidevineDash: tz api version =  15
04-28 15:18:05.292   613   613 E libc    : Access denied finding property "vbms.log.enable"
04-28 15:18:05.292   613   613 I chatty  : uid=0(root) /vendor/bin/vm_bms identical 1 line
04-28 15:18:05.292   613   613 E libc    : Access denied finding property "vbms.log.enable"
04-28 15:18:05.293   613   613 W vm_bms  : type=1400 audit(0.0:13519): avc: denied { read } for name="u:object_r:default_prop:s0" dev="tmpfs" ino=12041 scontext=u:r:vm_bms:s0 tcontext=u:object_r:default_prop:s0 tclass=file permissive=0
04-28 15:18:05.293  1810  1816 I DrmWidevineDash: hlos api version =  15
04-28 15:18:05.293   613   613 E libc    : Access denied finding property "vbms.log.enable"
04-28 15:18:05.293  1810  1816 I DrmWidevineDash: tz api version =  15
04-28 15:18:05.296   613   613 I chatty  : uid=0(root) /vendor/bin/vm_bms expire 3 lines
04-28 15:18:05.296   613   613 W vm_bms  : type=1400 audit(0.0:13523): avc: denied { read } for name="u:object_r:default_prop:s0" dev="tmpfs" ino=12041 scontext=u:r:vm_bms:s0 tcontext=u:object_r:default_prop:s0 tclass=file permissive=0
04-28 15:18:05.296  1810  1816 W WVCdm   : [oemcrypto_adapter_dynamic.cpp(842):LoadLevel1] Could not find /factory/wv.keys. Falling Back to L3.
04-28 15:18:05.297  1810  1816 D QSEECOMAPI: QSEECom_dealloc_memory 
04-28 15:18:05.297  1810  1816 D QSEECOMAPI: QSEECom_shutdown_app, app_id = 4390914
04-28 15:18:05.297   613   613 E libc    : Access denied finding property "vbms.log.enable"
04-28 15:18:05.299   613   613 I chatty  : uid=0(root) /vendor/bin/vm_bms identical 13 lines
04-28 15:18:05.299  1810  1816 D WVCdm   : [crypto_session.cpp(646):Open] CryptoSession::Open: requested_security_level: Default
04-28 15:18:05.299   613   613 E libc    : Access denied finding property "vbms.log.enable"
04-28 15:18:05.299   613   613 E libc    : Access denied finding property "vbms.log.enable"
04-28 15:18:05.303   613   613 I chatty  : uid=0(root) /vendor/bin/vm_bms identical 18 lines
04-28 15:18:05.303   613   613 E libc    : Access denied finding property "vbms.log.enable"
04-28 15:18:05.303   613   613 I VM_BMS  : power_supply_update: ocv_uv=4174502 ibatt=-81723 soc=100 seq_num=270
04-28 15:18:05.304   613   613 E libc    : Access denied finding property "vbms.log.enable"
04-28 15:18:05.304   613   613 E libc    : Access denied finding property "vbms.log.enable"
04-28 15:18:05.304  1810  1816 I WVCdm   : [usage_table_header.cpp(38):Init] UsageTableHeader::Init: security level: 3
04-28 15:18:05.305  1810  1816 I WVCdm   : [usage_table_header.cpp(70):Init] UsageTableHeader::Init: number of usage entries: 0
04-28 15:18:05.308  1810  1816 W WVCdm   : [device_files.cpp(1193):RetrieveHashedFile] DeviceFiles::RetrieveHashedFile: /data/vendor/mediadrm/IDM1013/L3/cert.bin does not exist
04-28 15:18:05.308  1810  1816 W WVCdm   : [device_files.cpp(123):RetrieveCertificate] DeviceFiles::RetrieveCertificate: unable to retrieve file
04-28 15:18:05.314  1810  1816 I WVCdm   : [(0):] L3 Terminate.
04-28 15:18:05.316  1540  1540 W System.err: android.media.NotProvisionedException: Failed to open session
04-28 15:18:05.320  1540  1540 W System.err: 	at android.media.MediaDrm.openSession(Native Method)
04-28 15:18:05.320  1540  1540 W System.err: 	at android.media.MediaDrm.openSession(MediaDrm.java:888)
04-28 15:18:05.320  1540  1540 W System.err: 	at ava.c(SourceFile:48)
04-28 15:18:05.320  1540  1540 W System.err: 	at com.jio.media.mobile.apps.jioondemand.JioVodApplication.P(SourceFile:363)
04-28 15:18:05.321  1540  1540 W System.err: 	at com.jio.media.mobile.apps.jioondemand.JioVodApplication.onCreate(SourceFile:242)
04-28 15:18:05.321  1540  1540 W System.err: 	at android.app.Instrumentation.callApplicationOnCreate(Instrumentation.java:1190)
04-28 15:18:05.321  1540  1540 W System.err: 	at android.app.ActivityThread.handleBindApplication(ActivityThread.java:6479)
04-28 15:18:05.321  1540  1540 W System.err: 	at android.app.ActivityThread.access$1300(ActivityThread.java:220)
04-28 15:18:05.321  1540  1540 W System.err: 	at android.app.ActivityThread$H.handleMessage(ActivityThread.java:1860)
04-28 15:18:05.321  1540  1540 W System.err: 	at android.os.Handler.dispatchMessage(Handler.java:107)
04-28 15:18:05.321  1540  1540 W System.err: 	at android.os.Looper.loop(Looper.java:214)
04-28 15:18:05.321  1540  1540 W System.err: 	at android.app.ActivityThread.main(ActivityThread.java:7397)
04-28 15:18:05.321  1540  1540 W System.err: 	at java.lang.reflect.Method.invoke(Native Method)
04-28 15:18:05.321  1540  1540 W System.err: 	at com.android.internal.os.RuntimeInit$MethodAndArgsCaller.run(RuntimeInit.java:492)
04-28 15:18:05.321  1540  1540 W System.err: 	at com.android.internal.os.ZygoteInit.main(ZygoteInit.java:935)
04-28 15:18:05.322  1767  1767 D AndroidRuntime: >>>>>> START com.android.internal.os.RuntimeInit uid 2000 <<<<<<
04-28 15:18:05.335  1767  1767 E libc    : Access denied finding property "persist.device_config.runtime_native_boot.enable_apex_image"
04-28 15:18:05.335  1767  1767 I AndroidRuntime: Using default boot image
04-28 15:18:05.336  1767  1767 E libc    : Access denied finding property "persist.device_config.runtime_native_boot.disable_lock_profiling"
04-28 15:18:05.336  1767  1767 I AndroidRuntime: Leaving lock profiling enabled
04-28 15:18:05.337  1767  1767 E libc    : Access denied finding property "persist.device_config.runtime_native_boot.enable_generational_cc"
04-28 15:18:05.353   495   579 I LocSvc_BatteryListener: operator():153] healthInfo cb thread: cb CHARGING
04-28 15:18:05.356  1767  1767 W app_process: Could not reserve sentinel fault page
04-28 15:18:05.357  1767  1767 I app_process: Core platform API reporting enabled, enforcing=false
04-28 15:18:05.357   339   339 I hwservicemanager: getTransport: Cannot find entry vendor.qti.hardware.iop@2.0::IIop/default in either framework or device manifest.
04-28 15:18:05.357   667   667 E ANDR-IOP: IIop:: Iop HAL Service is not available.
04-28 15:18:05.363  2478  2478 I PowerUI.Notification: show battery full warning: level=100 [1] 
04-28 15:18:05.422   497   533 W SDM     : HWPrimary::PopulateDisplayAttributes: Driver doesn't report panel physical width and height - defaulting to 320dpi
04-28 15:18:05.429   593   636 D ThermalEngine: zone:2 sensor:pa-therm0-adc temp:45067 trip:0 event:0
04-28 15:18:05.438  2478  2478 I chatty  : uid=10095(com.android.systemui) identical 1 line
04-28 15:18:05.483  2478  2478 I PowerUI.Notification: show battery full warning: level=100 [1] 
04-28 15:18:05.498  2478  1827 W RingtonePlayer: error loading sound for file:///product/media/audio/ui/LowBattery.ogg
04-28 15:18:05.498  2478  1827 W RingtonePlayer: java.io.FileNotFoundException: /product/media/audio/ui/LowBattery.ogg: open failed: ENOENT (No such file or directory)
04-28 15:18:05.498  2478  1827 W RingtonePlayer: 	at libcore.io.IoBridge.open(IoBridge.java:496)
04-28 15:18:05.498  2478  1827 W RingtonePlayer: 	at java.io.FileInputStream.<init>(FileInputStream.java:159)
04-28 15:18:05.498  2478  1827 W RingtonePlayer: 	at android.media.MediaPlayer.setDataSource(MediaPlayer.java:1182)
04-28 15:18:05.498  2478  1827 W RingtonePlayer: 	at android.media.MediaPlayer.setDataSource(MediaPlayer.java:1160)
04-28 15:18:05.498  2478  1827 W RingtonePlayer: 	at android.media.MediaPlayer.setDataSource(MediaPlayer.java:1125)
04-28 15:18:05.498  2478  1827 W RingtonePlayer: 	at android.media.MediaPlayer.setDataSource(MediaPlayer.java:1055)
04-28 15:18:05.498  2478  1827 W RingtonePlayer: 	at android.media.MediaPlayer.setDataSource(MediaPlayer.java:1001)
04-28 15:18:05.498  2478  1827 W RingtonePlayer: 	at com.android.systemui.media.NotificationPlayer$CreationAndCompletionThread.run(NotificationPlayer.java:103)
04-28 15:18:05.498  2478  1827 W RingtonePlayer: Caused by: android.system.ErrnoException: open failed: ENOENT (No such file or directory)
04-28 15:18:05.498  2478  1827 W RingtonePlayer: 	at libcore.io.Linux.open(Native Method)
04-28 15:18:05.498  2478  1827 W RingtonePlayer: 	at libcore.io.ForwardingOs.open(ForwardingOs.java:167)
04-28 15:18:05.498  2478  1827 W RingtonePlayer: 	at libcore.io.BlockGuardOs.open(BlockGuardOs.java:252)
04-28 15:18:05.498  2478  1827 W RingtonePlayer: 	at libcore.io.ForwardingOs.open(ForwardingOs.java:167)
04-28 15:18:05.498  2478  1827 W RingtonePlayer: 	at android.app.ActivityThread$AndroidOs.open(ActivityThread.java:7296)
04-28 15:18:05.498  2478  1827 W RingtonePlayer: 	at libcore.io.IoBridge.open(IoBridge.java:482)
04-28 15:18:05.498  2478  1827 W RingtonePlayer: 	... 7 more
04-28 15:18:05.666   339   339 I hwservicemanager: getTransport: Cannot find entry vendor.qti.hardware.servicetracker@1.0::IServicetracker/default in either framework or device manifest.
04-28 15:18:05.681   339   339 I chatty  : uid=1000(system) hwservicemanage identical 2 lines
04-28 15:18:05.684   339   339 I hwservicemanager: getTransport: Cannot find entry vendor.qti.hardware.servicetracker@1.0::IServicetracker/default in either framework or device manifest.
04-28 15:18:05.719  1540  1540 W RoamingAdTrigger: Null network info object
04-28 15:18:05.724   339   339 I hwservicemanager: getTransport: Cannot find entry vendor.qti.hardware.servicetracker@1.0::IServicetracker/default in either framework or device manifest.
04-28 15:18:05.726  1080  1623 D CompatibilityInfo: mCompatibilityFlags - 0
04-28 15:18:05.726  1080  1623 D CompatibilityInfo: applicationDensity - 216
04-28 15:18:05.726  1080  1623 D CompatibilityInfo: applicationScale - 1.0
04-28 15:18:05.729   339   339 I hwservicemanager: getTransport: Cannot find entry vendor.qti.hardware.servicetracker@1.0::IServicetracker/default in either framework or device manifest.
04-28 15:18:05.745   339   339 I chatty  : uid=1000(system) hwservicemanage identical 1 line
04-28 15:18:05.749   339   339 I hwservicemanager: getTransport: Cannot find entry vendor.qti.hardware.servicetracker@1.0::IServicetracker/default in either framework or device manifest.
04-28 15:18:05.755   497   533 W SDM     : HWPrimary::PopulateDisplayAttributes: Driver doesn't report panel physical width and height - defaulting to 320dpi
04-28 15:18:05.788   339   339 I hwservicemanager: getTransport: Cannot find entry vendor.qti.hardware.servicetracker@1.0::IServicetracker/default in either framework or device manifest.
04-28 15:18:05.792   339   339 I hwservicemanager: getTransport: Cannot find entry vendor.qti.hardware.servicetracker@1.0::IServicetracker/default in either framework or device manifest.
04-28 15:18:05.805  1540  1540 E JOB     : JioDownload Service
04-28 15:18:05.815  2478  2478 D StatusBarNotificationPresenter: calling update notifications on Panel
04-28 15:18:05.833  1080  1835 I DropBoxManagerService: add tag=system_app_wtf isTagEnabled=true flags=0x2
04-28 15:18:05.839  2478  2478 D StatusBarNotificationPresenter: calling update notifications on Panel
04-28 15:18:05.873   497   533 W SDM     : HWPrimary::PopulateDisplayAttributes: Driver doesn't report panel physical width and height - defaulting to 320dpi
04-28 15:18:05.885  1767  1767 D ICU     : Time zone APEX file found: /apex/com.android.tzdata/etc/icu/icu_tzdata.dat
04-28 15:18:05.927  1767  1767 I app_process: The ClassLoaderContext is a special shared library.
04-28 15:18:06.016  1767  1767 W app_process: JNI RegisterNativeMethods: attempt to register 0 native methods for android.media.AudioAttributes
04-28 15:18:06.051  1767  1767 D AndroidRuntime: Calling main entry com.android.commands.svc.Svc
04-28 15:18:06.062  1767  1767 D AndroidRuntime: Shutting down VM
04-28 15:18:06.225   497   533 W SDM     : HWPrimary::PopulateDisplayAttributes: Driver doesn't report panel physical width and height - defaulting to 320dpi
04-28 15:18:06.538  2478  2478 I PowerUI.Notification: show battery full warning: level=100 [1] 
04-28 15:18:06.555  2478  2478 D StatusBarNotificationPresenter: calling update notifications on Panel
04-28 15:18:06.565   497   533 W SDM     : HWPrimary::PopulateDisplayAttributes: Driver doesn't report panel physical width and height - defaulting to 320dpi
04-28 15:18:06.575  2478  2478 D StatusBarNotificationPresenter: calling update notifications on Panel
04-28 15:18:06.696  1580  1603 W System  : A resource failed to call close. 
04-28 15:18:06.703  1580  1603 I chatty  : uid=10073(com.jio.jioplay.tv) FinalizerDaemon identical 5 lines
04-28 15:18:06.705  1580  1603 W System  : A resource failed to call close. 
04-28 15:18:06.709   497   533 W SDM     : HWPrimary::PopulateDisplayAttributes: Driver doesn't report panel physical width and height - defaulting to 320dpi
04-28 15:18:06.743   339   339 I hwservicemanager: getTransport: Cannot find entry vendor.qti.hardware.servicetracker@1.0::IServicetracker/default in either framework or device manifest.
04-28 15:18:07.842  1080  1321 W BroadcastQueue: Background execution not allowed: receiving Intent { act=android.intent.action.DROPBOX_ENTRY_ADDED flg=0x10 (has extras) } to com.google.android.gms/.stats.service.DropBoxEntryAddedReceiver
04-28 15:18:07.842  1080  1321 W BroadcastQueue: Background execution not allowed: receiving Intent { act=android.intent.action.DROPBOX_ENTRY_ADDED flg=0x10 (has extras) } to com.google.android.gms/.chimera.GmsIntentOperationService$PersistentTrustedReceiver
04-28 15:18:07.847  1080  1623 D CompatibilityInfo: mCompatibilityFlags - 0
04-28 15:18:07.847  1080  1623 D CompatibilityInfo: applicationDensity - 216
04-28 15:18:07.847  1080  1623 D CompatibilityInfo: applicationScale - 1.0
04-28 15:18:07.849   339   339 I hwservicemanager: getTransport: Cannot find entry vendor.qti.hardware.servicetracker@1.0::IServicetracker/default in either framework or device manifest.
04-28 15:18:07.878  1080  1623 D CompatibilityInfo: mCompatibilityFlags - 0
04-28 15:18:07.878  1080  1623 D CompatibilityInfo: applicationDensity - 216
04-28 15:18:07.878  1080  1623 D CompatibilityInfo: applicationScale - 1.0
04-28 15:18:07.880   339   339 I hwservicemanager: getTransport: Cannot find entry vendor.qti.hardware.servicetracker@1.0::IServicetracker/default in either framework or device manifest.
04-28 15:18:07.889  1080  1623 D CompatibilityInfo: mCompatibilityFlags - 0
04-28 15:18:07.890  1080  1623 D CompatibilityInfo: applicationDensity - 216
04-28 15:18:07.890  1080  1623 D CompatibilityInfo: applicationScale - 1.0
04-28 15:18:07.892   339   339 I hwservicemanager: getTransport: Cannot find entry vendor.qti.hardware.servicetracker@1.0::IServicetracker/default in either framework or device manifest.
04-28 15:18:07.916   339   339 I hwservicemanager: getTransport: Cannot find entry vendor.qti.hardware.servicetracker@1.0::IServicetracker/default in either framework or device manifest.
04-28 15:18:08.620   593   636 D ThermalEngine: zone:0 sensor:xo-therm-adc temp:48513 trip:0 event:0
04-28 15:18:08.620   593   649 D ThermalEngine: sensor_monitor: xo-therm-adc Reading 48513 .
04-28 15:18:08.621   593   649 I ThermalEngine: Sensor:xo-therm-adc:48513 mC
04-28 15:18:08.621   593   649 D ThermalEngine: update_active_thresh: xo-therm-adc Active(1), Hi(1) 51000, Lo(1) 45000, desc(0) Interval(1) 2000
04-28 15:18:08.621   593   649 D ThermalEngine: sensor_monitor: xo-therm-adc Sensor wait.
04-28 15:18:10.371   593   636 D ThermalEngine: zone:20 sensor:skin-therm-adc temp:16495 trip:0 event:0
04-28 15:18:10.379   593   636 D ThermalEngine: zone:1 sensor:xo-therm-buf-adc temp:48175 trip:0 event:0
04-28 15:18:10.573   339   339 I hwservicemanager: Notifying android.hardware.light@2.0::ILight/default they have clients: 0
04-28 15:18:10.573  1660  1660 I /vendor/bin/hw/android.hardware.light@2.0-service-lazy: Process has 0 (of 1 available) client(s) in use after notification android.hardware.light@2.0::ILight has clients: 0
04-28 15:18:10.573  1660  1660 I /vendor/bin/hw/android.hardware.light@2.0-service-lazy: Trying to exit HAL. No clients in use for any service in process.
04-28 15:18:10.574   339   339 I hwservicemanager: Notifying android.hardware.light@2.0::ILight/default they have clients: 1
04-28 15:18:10.575   593   636 D ThermalEngine: zone:2 sensor:pa-therm0-adc temp:45135 trip:0 event:0
04-28 15:18:10.576  1660  1660 I /vendor/bin/hw/android.hardware.light@2.0-service-lazy: Unregistered all clients and exiting
