01-06 07:19:18.409  9009  9009 I FocusManager:    current focused element, tag: LI, id: , class: none-select
01-06 07:19:18.409  9009  9009 I FocusManager: <- blur on, tag: LI, id: , class: none-select
01-06 07:19:18.409  9009  9009 I FocusManager: -> focus is now on, tag: LI, id: , class: focus
01-06 07:19:18.419  9009  9009 I Gecko   : [BrowserElement] event type: keydown, key: ArrowDown, target: [object HTMLLIElement], class: none-select
01-06 07:19:18.439  2525  2525 E sdcard  : missing packages.list; retrying
01-06 07:19:18.589   485   485 I Gecko   : [BrowserElement] event type: keyup, key: ArrowDown, target: [object HTMLIFrameElement], src: app://settings.gaiamobile.org/index.html, id: browser23, class: browser
01-06 07:19:18.589  9009  9009 I Gecko   : [BrowserElement] event type: keyup, key: ArrowDown, target: [object HTMLLIElement], class: focus
01-06 07:19:18.669  9009  9009 I FocusManager: << focus() called >>
01-06 07:19:18.669  9009  9009 I FocusManager:    trying to set focus on, tag: FORM, id: softkeyPanel, class: skbar none-paddings visible focused
01-06 07:19:18.689  9009  9009 I FocusManager: Warning: element is not focusable.
01-06 07:19:19.389   485   485 I Gecko   : [BrowserElement] event type: keydown, key: Enter, target: [object HTMLIFrameElement], src: app://settings.gaiamobile.org/index.html, id: browser23, class: browser
01-06 07:19:19.389  9009  9009 I FocusManager: << focus() called >>
01-06 07:19:19.389  9009  9009 I FocusManager:    trying to set focus on, tag: LI, id: , class: focus
01-06 07:19:19.389  9009  9009 I FocusManager: Warning: element is already focused.
01-06 07:19:19.409  9009  9009 I Gecko   : [BrowserElement] event type: keydown, key: Enter, target: [object HTMLLIElement], class: focus
01-06 07:19:19.499   485   485 D NS_TELEPHONY_SERVICE: EnumerateCalls:
01-06 07:19:19.589   485   485 I Gecko   : [BrowserElement] event type: keyup, key: Enter, target: [object HTMLIFrameElement], src: app://settings.gaiamobile.org/index.html, id: browser23, class: browser
01-06 07:19:19.619  9009  9009 I Gecko   : [BrowserElement] event type: keyup, key: Enter, target: [object HTMLLIElement], class: focus
01-06 07:19:20.059  9009  9009 I Settings: Content JS LOG: ***open new page operation, previous panel --> #about 
01-06 07:19:20.059  9009  9009 I Settings:     at _findNaviId (app://settings.gaiamobile.org/js/navigation_map.js:440:9)
01-06 07:19:20.059  9009  9009 I Settings: Content JS LOG: ***previous panel focus navi id --> 37 
01-06 07:19:20.059  9009  9009 I Settings:     at _findNaviId (app://settings.gaiamobile.org/js/navigation_map.js:452:9)
01-06 07:19:20.059  9009  9009 I FocusManager: << focus() called >>
01-06 07:19:20.069  9009  9009 I FocusManager:    trying to set focus on, tag: LI, id: , class: focus
01-06 07:19:20.099  9009  9009 I FocusManager:    current focused element, tag: LI, id: , class: 
01-06 07:19:20.099  9009  9009 I FocusManager: <- blur on, tag: LI, id: , class: 
01-06 07:19:20.099  9009  9009 I FocusManager: -> focus is now on, tag: LI, id: , class: focus
01-06 07:19:20.109  9009  9009 I Settings: Content JS LOG: NavigationMap update 
01-06 07:19:20.109  9009  9009 I Settings:     at _update (app://settings.gaiamobile.org/js/navigation_map.js:401:7)
01-06 07:19:20.219   475   658 D ThermalEngine: sensor_wait: xo_therm Wait done.
01-06 07:19:20.219   475   658 D ThermalEngine: sensor_monitor: xo_therm Reading 38000 .
01-06 07:19:20.219   475   658 I ThermalEngine: Sensor:xo_therm:38000 mC
01-06 07:19:20.219   475   658 D ThermalEngine: update_active_thresh: xo_therm Active(1), Hi(1) 39000, Lo(0) -2147483648, Interval(1) 5000
01-06 07:19:20.219   475   658 D ThermalEngine: sensor_monitor: xo_therm Sensor wait.
01-06 07:19:20.219   475   658 D ThermalEngine: sensor_wait: xo_therm Wait start. 5000ms
01-06 07:19:20.219   475   660 D ThermalEngine: sensor_wait: case_therm Wait done.
01-06 07:19:20.219   475   660 D ThermalEngine: sensor_monitor: case_therm Reading 30000 .
01-06 07:19:20.219   475   660 I ThermalEngine: Sensor:case_therm:30000 mC
01-06 07:19:20.219   475   660 D ThermalEngine: update_active_thresh: case_therm Active(1), Hi(1) 42000, Lo(0) -2147483648, Interval(1) 5000
01-06 07:19:20.219   475   660 D ThermalEngine: sensor_monitor: case_therm Sensor wait.
01-06 07:19:20.219   475   660 D ThermalEngine: sensor_wait: case_therm Wait start. 5000ms
01-06 07:19:20.749   485   485 I Gecko   : [BrowserElement] event type: keydown, key: ArrowDown, target: [object HTMLIFrameElement], src: app://settings.gaiamobile.org/index.html, id: browser23, class: browser
01-06 07:19:20.769  9009  9009 I FocusManager: << focus() called >>
01-06 07:19:20.769  9009  9009 I FocusManager:    trying to set focus on, tag: LI, id: , class: focus
01-06 07:19:20.769  9009  9009 I FocusManager:    current focused element, tag: LI, id: , class: 
01-06 07:19:20.779  9009  9009 I FocusManager: <- blur on, tag: LI, id: , class: 
01-06 07:19:20.779  9009  9009 I FocusManager: -> focus is now on, tag: LI, id: , class: focus
01-06 07:19:20.789  9009  9009 I Gecko   : [BrowserElement] event type: keydown, key: ArrowDown, target: [object HTMLLIElement]
01-06 07:19:20.909   485   485 I Gecko   : [BrowserElement] event type: keyup, key: ArrowDown, target: [object HTMLIFrameElement], src: app://settings.gaiamobile.org/index.html, id: browser23, class: browser
01-06 07:19:20.919  9009  9009 I Gecko   : [BrowserElement] event type: keyup, key: ArrowDown, target: [object HTMLLIElement], class: focus
01-06 07:19:21.439  2525  2525 E sdcard  : missing packages.list; retrying
01-06 07:19:22.559   485   485 I Gecko   : [BrowserElement] event type: keydown, key: Enter, target: [object HTMLIFrameElement], src: app://settings.gaiamobile.org/index.html, id: browser23, class: browser
01-06 07:19:22.559  9009  9009 I FocusManager: << focus() called >>
01-06 07:19:22.559  9009  9009 I FocusManager:    trying to set focus on, tag: LI, id: , class: focus
01-06 07:19:22.559  9009  9009 I FocusManager: Warning: element is already focused.
01-06 07:19:22.569  9009  9009 I Gecko   : [BrowserElement] event type: keydown, key: Enter, target: [object HTMLLIElement], class: focus
01-06 07:19:22.739   485   485 I Gecko   : [BrowserElement] event type: keyup, key: Enter, target: [object HTMLIFrameElement], src: app://settings.gaiamobile.org/index.html, id: browser23, class: browser
01-06 07:19:22.749  9009  9009 I Gecko   : [BrowserElement] event type: keyup, key: Enter, target: [object HTMLLIElement], class: focus
01-06 07:19:24.159   485   485 I Gecko   : [BrowserElement] event type: keydown, key: ArrowDown, target: [object HTMLIFrameElement], src: app://settings.gaiamobile.org/index.html, id: browser23, class: browser
01-06 07:19:24.169  9009  9009 I FocusManager: << focus() called >>
01-06 07:19:24.179  9009  9009 I FocusManager:    trying to set focus on, tag: LI, id: , class: focus
01-06 07:19:24.179  9009  9009 I FocusManager:    current focused element, tag: LI, id: , class: 
01-06 07:19:24.179  9009  9009 I FocusManager: <- blur on, tag: LI, id: , class: 
01-06 07:19:24.179  9009  9009 I FocusManager: -> focus is now on, tag: LI, id: , class: focus
01-06 07:19:24.189  9009  9009 I Gecko   : [BrowserElement] event type: keydown, key: ArrowDown, target: [object HTMLLIElement]
01-06 07:19:24.339   485   485 I Gecko   : [BrowserElement] event type: keyup, key: ArrowDown, target: [object HTMLIFrameElement], src: app://settings.gaiamobile.org/index.html, id: browser23, class: browser
01-06 07:19:24.339  9009  9009 I Gecko   : [BrowserElement] event type: keyup, key: ArrowDown, target: [object HTMLLIElement], class: focus
01-06 07:19:24.439  2525  2525 E sdcard  : missing packages.list; retrying
01-06 07:19:24.629   485   485 I Gecko   : [BrowserElement] event type: keydown, key: ArrowDown, target: [object HTMLIFrameElement], src: app://settings.gaiamobile.org/index.html, id: browser23, class: browser
01-06 07:19:24.639  9009  9009 I FocusManager: << focus() called >>
01-06 07:19:24.639  9009  9009 I FocusManager:    trying to set focus on, tag: LI, id: , class: list-imeis focus
01-06 07:19:24.639  9009  9009 I FocusManager:    current focused element, tag: LI, id: , class: 
01-06 07:19:24.639  9009  9009 I FocusManager: <- blur on, tag: LI, id: , class: 
01-06 07:19:24.639  9009  9009 I FocusManager: -> focus is now on, tag: LI, id: , class: list-imeis focus
01-06 07:19:24.649  9009  9009 I Gecko   : [BrowserElement] event type: keydown, key: ArrowDown, target: [object HTMLLIElement]
01-06 07:19:24.739   485   485 I Gecko   : [BrowserElement] event type: keyup, key: ArrowDown, target: [object HTMLIFrameElement], src: app://settings.gaiamobile.org/index.html, id: browser23, class: browser
01-06 07:19:24.739  9009  9009 I Gecko   : [BrowserElement] event type: keyup, key: ArrowDown, target: [object HTMLLIElement], class: list-imeis focus
01-06 07:19:25.049   485   485 I Gecko   : [BrowserElement] event type: keydown, key: ArrowDown, target: [object HTMLIFrameElement], src: app://settings.gaiamobile.org/index.html, id: browser23, class: browser
01-06 07:19:25.059  9009  9009 I FocusManager: << focus() called >>
01-06 07:19:25.059  9009  9009 I FocusManager:    trying to set focus on, tag: LI, id: , class: focus
01-06 07:19:25.059  9009  9009 I FocusManager:    current focused element, tag: LI, id: , class: list-imeis
01-06 07:19:25.069  9009  9009 I FocusManager: <- blur on, tag: LI, id: , class: list-imeis
01-06 07:19:25.069  9009  9009 I FocusManager: -> focus is now on, tag: LI, id: , class: focus
01-06 07:19:25.079  9009  9009 I Gecko   : [BrowserElement] event type: keydown, key: ArrowDown, target: [object HTMLLIElement], class: list-imeis
01-06 07:19:25.169   485   485 I Gecko   : [BrowserElement] event type: keyup, key: ArrowDown, target: [object HTMLIFrameElement], src: app://settings.gaiamobile.org/index.html, id: browser23, class: browser
01-06 07:19:25.169  9009  9009 I Gecko   : [BrowserElement] event type: keyup, key: ArrowDown, target: [object HTMLLIElement], class: focus
01-06 07:19:25.219   475   658 D ThermalEngine: sensor_wait: xo_therm Wait done.
01-06 07:19:25.219   475   660 D ThermalEngine: sensor_wait: case_therm Wait done.
01-06 07:19:25.219   475   658 D ThermalEngine: sensor_monitor: xo_therm Reading 38000 .
01-06 07:19:25.219   475   658 I ThermalEngine: Sensor:xo_therm:38000 mC
01-06 07:19:25.219   475   658 D ThermalEngine: update_active_thresh: xo_therm Active(1), Hi(1) 39000, Lo(0) -2147483648, Interval(1) 5000
01-06 07:19:25.219   475   658 D ThermalEngine: sensor_monitor: xo_therm Sensor wait.
01-06 07:19:25.219   475   658 D ThermalEngine: sensor_wait: xo_therm Wait start. 5000ms
01-06 07:19:25.219   475   660 D ThermalEngine: sensor_monitor: case_therm Reading 30000 .
01-06 07:19:25.219   475   660 I ThermalEngine: Sensor:case_therm:30000 mC
01-06 07:19:25.219   475   660 D ThermalEngine: update_active_thresh: case_therm Active(1), Hi(1) 42000, Lo(0) -2147483648, Interval(1) 5000
01-06 07:19:25.219   475   660 D ThermalEngine: sensor_monitor: case_therm Sensor wait.
01-06 07:19:25.219   475   660 D ThermalEngine: sensor_wait: case_therm Wait start. 5000ms
01-06 07:19:26.399   485   485 I Gecko   : [BrowserElement] event type: keydown, key: ArrowDown, target: [object HTMLIFrameElement], src: app://settings.gaiamobile.org/index.html, id: browser23, class: browser
01-06 07:19:26.409  9009  9009 I FocusManager: << focus() called >>
01-06 07:19:26.419  9009  9009 I FocusManager:    trying to set focus on, tag: LI, id: , class: list-iccids focus
01-06 07:19:26.419  9009  9009 I FocusManager:    current focused element, tag: LI, id: , class: 
01-06 07:19:26.419  9009  9009 I FocusManager: <- blur on, tag: LI, id: , class: 
01-06 07:19:26.419  9009  9009 I FocusManager: -> focus is now on, tag: LI, id: , class: list-iccids focus
01-06 07:19:26.429  9009  9009 I Gecko   : [BrowserElement] event type: keydown, key: ArrowDown, target: [object HTMLLIElement]
01-06 07:19:26.579   485   485 I Gecko   : [BrowserElement] event type: keyup, key: ArrowDown, target: [object HTMLIFrameElement], src: app://settings.gaiamobile.org/index.html, id: browser23, class: browser
01-06 07:19:26.589  9009  9009 I Gecko   : [BrowserElement] event type: keyup, key: ArrowDown, target: [object HTMLLIElement], class: list-iccids focus
01-06 07:19:27.049   485   485 I Gecko   : [BrowserElement] event type: keydown, key: ArrowDown, target: [object HTMLIFrameElement], src: app://settings.gaiamobile.org/index.html, id: browser23, class: browser
01-06 07:19:27.059  9009  9009 I FocusManager: << focus() called >>
01-06 07:19:27.069  9009  9009 I FocusManager:    trying to set focus on, tag: LI, id: , class: focus
01-06 07:19:27.069  9009  9009 I FocusManager:    current focused element, tag: LI, id: , class: list-iccids
01-06 07:19:27.069  9009  9009 I FocusManager: <- blur on, tag: LI, id: , class: list-iccids
01-06 07:19:27.069  9009  9009 I FocusManager: -> focus is now on, tag: LI, id: , class: focus
01-06 07:19:27.079  9009  9009 I Gecko   : [BrowserElement] event type: keydown, key: ArrowDown, target: [object HTMLLIElement], class: list-iccids
01-06 07:19:27.129   485   485 I Gecko   : [BrowserElement] event type: keyup, key: ArrowDown, target: [object HTMLIFrameElement], src: app://settings.gaiamobile.org/index.html, id: browser23, class: browser
01-06 07:19:27.139  9009  9009 I Gecko   : [BrowserElement] event type: keyup, key: ArrowDown, target: [object HTMLLIElement], class: focus
01-06 07:19:27.439  2525  2525 E sdcard  : missing packages.list; retrying
