01-06 07:18:38.999  9110  9110 I dnsmasq : DHCPOFFER(rndis0) 192.168.30.10 02:56:02:54:33:64 
01-06 07:18:38.999  9110  9110 I dnsmasq : DHCPREQUEST(rndis0) 192.168.30.10 02:56:02:54:33:64 
01-06 07:18:38.999  9110  9110 I dnsmasq : DHCPACK(rndis0) 192.168.30.10 02:56:02:54:33:64 VTA063L
01-06 07:18:39.279   485  9124 I DongleCrypto:  3. Generate my random string(16byte)
01-06 07:18:39.279   485  9124 E DongleCrypto: error in read socket options 35
01-06 07:18:39.279   485  9124 I DongleCrypto: main init fail...return connect_fail
01-06 07:18:39.299  2406  4514 E NetlinkEvent: Unknown ifindex 37 in RTM_DELADDR
01-06 07:18:39.299  2406  4514 E NetlinkEvent: Unknown ifindex 37 in RTM_DELADDR
01-06 07:18:39.309   485   485 I Gecko   : [SUB0] QCONTENT_HELPER Received observer notification: mozsettings-changed
01-06 07:18:39.379  5455  5455 D bt_btif : BTHF: device_status_notification
01-06 07:18:39.399   485   485 I GeckoConsole: QLOC: MozSettingShim: Got topic change:gonkhal-battery-notifier
01-06 07:18:39.399   485   485 D QLOC-OSAgent: POWERSTATE: 0
01-06 07:18:39.399   485   485 E IzatSvc_OSObserver: I/LocTech-Label :: OSOBSERVER :: Data Items In
01-06 07:18:39.399   485   485 E IzatSvc_OSObserver: I/LocTech-Value :: Data Item Value: IS_POWER_CONNECTED: false
01-06 07:18:39.399  5455  5455 D bt_btif : BTHF: device_status_notification
01-06 07:18:39.399   485  2991 E LocSvc_api_v02: I/---> locClientSendReq line 2035 QMI_LOC_SET_EXTERNAL_POWER_CONFIG_REQ_V02
01-06 07:18:39.399   485  3030 E LocSvc_libulp: I/int ulp_msg_process_system_update(UlpSystemEvent): systemEvent:3 
01-06 07:18:39.399   485  3030 E LocSvc_libulp: I/int ulp_msg_process_start_req(), at ulp state = 1
01-06 07:18:39.399   485  3021 E LocSvc_ApiV02: I/<--- void globalRespCb(locClientHandleType, uint32_t, locClientRespIndUnionType, uint32_t, void*) line 117 QMI_LOC_SET_EXTERNAL_POWER_CONFIG_REQ_V02
01-06 07:18:39.399  2406  4521 D TetherController: untetherInterface(rndis0)
01-06 07:18:39.429  2525  2525 E sdcard  : missing packages.list; retrying
01-06 07:18:39.469  2406  4521 D TetherController: Stopping tethering services
01-06 07:18:39.479  9110  9110 I dnsmasq : exiting on receipt of SIGTERM
01-06 07:18:39.479  2406  4521 D TetherController: Tethering services stopped
01-06 07:18:39.489   485   485 I GeckoDump: fota_system:Network now is connected:false
01-06 07:18:39.489   485   485 I Gecko   : -*- SalesTrackerService: network:offline-status-changed - offline: Stop service when network status change to offline
01-06 07:18:39.499   485  1150 I AutoMounter: AutoMounter state changed from RNDIS_CONFIGURED to IDLE
01-06 07:18:39.499   485  1150 I AutoMounter: UpdateState: ums:A0C0E0 mtp:A1C0E1 mode:3 usb:0 tryToShare:0 state:IDLE
01-06 07:18:39.499   485  1150 I AutoMounter: UpdateState: Volume sdcard is Mounted and inserted @ /data/usbmsc_mnt gen 1 locked 0 sharing x
01-06 07:18:39.499   485   485 I DongleAutoMounter: Dongle USB Status : usb: 0, rndis: 0, retry: false
01-06 07:18:39.509   485   485 I DongleAutoMounter: Dongle disable debouncing start
01-06 07:18:39.509   485   485 I DongleAutoMounter: Dongle unpluged ?
01-06 07:18:39.529  5455  5455 D bt_btif : BTHF: device_status_notification
01-06 07:18:39.539  5455  5455 D bt_btif : BTHF: device_status_notification
01-06 07:18:39.539   485   485 I GeckoConsole: QLOC: MozSettingShim: Got topic change:gonkhal-battery-notifier
01-06 07:18:39.539   485   485 D QLOC-OSAgent: POWERSTATE: 1
01-06 07:18:39.539   485   485 E IzatSvc_OSObserver: I/LocTech-Label :: OSOBSERVER :: Data Items In
01-06 07:18:39.539   485   485 E IzatSvc_OSObserver: I/LocTech-Value :: Data Item Value: IS_POWER_CONNECTED: true
01-06 07:18:39.539   485  2991 E LocSvc_api_v02: I/---> locClientSendReq line 2035 QMI_LOC_SET_EXTERNAL_POWER_CONFIG_REQ_V02
01-06 07:18:39.539   485  3030 E LocSvc_libulp: I/int ulp_msg_process_system_update(UlpSystemEvent): systemEvent:2 
01-06 07:18:39.539   485  3030 E LocSvc_libulp: I/int ulp_msg_process_start_req(), at ulp state = 1
01-06 07:18:39.539   485  3021 E LocSvc_ApiV02: I/<--- void globalRespCb(locClientHandleType, uint32_t, locClientRespIndUnionType, uint32_t, void*) line 117 QMI_LOC_SET_EXTERNAL_POWER_CONFIG_REQ_V02
01-06 07:18:39.649  5455  5455 D bt_btif : BTHF: device_status_notification
01-06 07:18:39.649  5455  5455 D bt_btif : BTHF: device_status_notification
01-06 07:18:39.649   485   485 I GeckoConsole: QLOC: MozSettingShim: Got topic change:gonkhal-battery-notifier
01-06 07:18:39.689   485  1150 I AutoMounter: SetUsbFunction(mtp) sys.usb.config from 'diag,serial_smd,rmnet_qti_bam,adb' to 'mtp,adb'
01-06 07:18:39.699   485  1150 I AutoMounter: AutoMounter state changed from IDLE to MTP_CONFIGURING
01-06 07:18:39.699   485  1150 I AutoMounter: UpdateState: ums:A0C0E0 mtp:A1C0E1 mode:3 usb:1 tryToShare:0 state:MTP_CONFIGURING
01-06 07:18:39.699   485  1150 I AutoMounter: UpdateState: Volume sdcard is Mounted and inserted @ /data/usbmsc_mnt gen 1 locked 0 sharing x
01-06 07:18:39.699   485   485 I DongleAutoMounter: Dongle USB Status : usb: 1, rndis: 0, retry: false
01-06 07:18:39.699   485   485 I DongleAutoMounter: Dongle disable debouncing start
01-06 07:18:39.709   485   485 I DongleAutoMounter: Usb debouncing, no need to disable tether
01-06 07:18:39.759  5455  5455 D bt_btif : BTHF: device_status_notification
01-06 07:18:39.769  5455  5455 D bt_btif : BTHF: device_status_notification
01-06 07:18:39.769   485   485 I GeckoConsole: QLOC: MozSettingShim: Got topic change:gonkhal-battery-notifier
01-06 07:18:39.769   485   485 D QLOC-OSAgent: POWERSTATE: 0
01-06 07:18:39.769   485   485 E IzatSvc_OSObserver: I/LocTech-Label :: OSOBSERVER :: Data Items In
01-06 07:18:39.769   485   485 E IzatSvc_OSObserver: I/LocTech-Value :: Data Item Value: IS_POWER_CONNECTED: false
01-06 07:18:39.769   485  2991 E LocSvc_api_v02: I/---> locClientSendReq line 2035 QMI_LOC_SET_EXTERNAL_POWER_CONFIG_REQ_V02
01-06 07:18:39.769   485  3030 E LocSvc_libulp: I/int ulp_msg_process_system_update(UlpSystemEvent): systemEvent:3 
01-06 07:18:39.769   485  3030 E LocSvc_libulp: I/int ulp_msg_process_start_req(), at ulp state = 1
01-06 07:18:39.769   485  3021 E LocSvc_ApiV02: I/<--- void globalRespCb(locClientHandleType, uint32_t, locClientRespIndUnionType, uint32_t, void*) line 117 QMI_LOC_SET_EXTERNAL_POWER_CONFIG_REQ_V02
01-06 07:18:39.769   485   485 I DongleAutoMounter: Usb debouncing, no need to disable tether
01-06 07:18:39.769   485   485 I DongleAutoMounter: USB debouncing, no need to setup retry flag
01-06 07:18:39.859   485  1150 I AutoMounter: UpdateState: ums:A0C0E0 mtp:A1C0E1 mode:3 usb:0 tryToShare:0 state:MTP_CONFIGURING
01-06 07:18:39.859   485  1150 I AutoMounter: UpdateState: Volume sdcard is Mounted and inserted @ /data/usbmsc_mnt gen 1 locked 0 sharing x
01-06 07:18:39.869   485   485 I DongleAutoMounter: Dongle USB Status : usb: 0, rndis: 0, retry: false
01-06 07:18:39.869   485   485 I DongleAutoMounter: Dongle disable debouncing start
01-06 07:18:39.869   485   485 I DongleAutoMounter: Dongle unpluged ?
01-06 07:18:39.889  5455  5455 D bt_btif : BTHF: device_status_notification
01-06 07:18:39.899  5455  5455 D bt_btif : BTHF: device_status_notification
01-06 07:18:39.899   485   485 I GeckoConsole: QLOC: MozSettingShim: Got topic change:gonkhal-battery-notifier
01-06 07:18:39.899   485   485 D QLOC-OSAgent: POWERSTATE: 1
01-06 07:18:39.899   485   485 E IzatSvc_OSObserver: I/LocTech-Label :: OSOBSERVER :: Data Items In
01-06 07:18:39.899   485   485 E IzatSvc_OSObserver: I/LocTech-Value :: Data Item Value: IS_POWER_CONNECTED: true
01-06 07:18:39.899   485  2991 E LocSvc_api_v02: I/---> locClientSendReq line 2035 QMI_LOC_SET_EXTERNAL_POWER_CONFIG_REQ_V02
01-06 07:18:39.899   485  3030 E LocSvc_libulp: I/int ulp_msg_process_system_update(UlpSystemEvent): systemEvent:2 
01-06 07:18:39.899   485  3030 E LocSvc_libulp: I/int ulp_msg_process_start_req(), at ulp state = 1
01-06 07:18:39.899   485  3021 E LocSvc_ApiV02: I/<--- void globalRespCb(locClientHandleType, uint32_t, locClientRespIndUnionType, uint32_t, void*) line 117 QMI_LOC_SET_EXTERNAL_POWER_CONFIG_REQ_V02
01-06 07:18:40.009  5455  5455 D bt_btif : BTHF: device_status_notification
01-06 07:18:40.009  5455  5455 D bt_btif : BTHF: device_status_notification
01-06 07:18:40.009   485   485 I GeckoConsole: QLOC: MozSettingShim: Got topic change:gonkhal-battery-notifier
01-06 07:18:40.049   485  1150 I AutoMounter: Starting MtpServer
01-06 07:18:40.049   485  1150 I MozMtp  : Init: Opened '/dev/mtp_usb' fd 142
01-06 07:18:40.049   485  1150 I MozMtp  : MozMtpStorage: Storage constructed for Volume sdcard mStorageID 0x00010001
01-06 07:18:40.049   485  1150 I MozMtp  : Notify: Volume sdcard mStorageID 0x00010001 state changed to Mounted SharingEnabled: 0
01-06 07:18:40.049   485  1150 I MozMtp  : StorageAvailable: Adding Volume sdcard mStorageID 0x00010001 mountPoint /data/usbmsc_mnt to MozMtpDatabase
01-06 07:18:40.049   485  1150 I MozMtp  : AddStorage: added 2 items from tree '/data/usbmsc_mnt'
01-06 07:18:40.049   485  1150 I MozMtp  : StorageAvailable: Adding Volume sdcard mStorageID 0x00010001 mountPoint /data/usbmsc_mnt to MtpServer
01-06 07:18:40.049   485  1150 I MozMtp  : Notify: Volume sdcard mStorageID 0x00010001 state changed to Mounted SharingEnabled: 0
01-06 07:18:40.049   485   485 I DongleAutoMounter: Dongle USB Status : usb: 1, rndis: 0, retry: false
01-06 07:18:40.049   485   485 I DongleAutoMounter: Dongle disable debouncing start
01-06 07:18:40.049   485   485 I DongleAutoMounter: Usb debouncing, no need to disable tether
01-06 07:18:40.049   485  1150 I AutoMounter: AutoMounter state changed from MTP_CONFIGURING to MTP_STARTED
01-06 07:18:40.049   485  1150 I AutoMounter: UpdateState: ums:A0C0E0 mtp:A1C1E1 mode:3 usb:1 tryToShare:0 state:MTP_STARTED
01-06 07:18:40.049   485  1150 I AutoMounter: UpdateState: Volume sdcard is Mounted and inserted @ /data/usbmsc_mnt gen 1 locked 0 sharing x
01-06 07:18:40.049   485  9160 I MozMtp  : Run: MozMtpServer started
01-06 07:18:40.049   485  9160 I MozMtp  : sessionStarted: 
01-06 07:18:40.049   485  9160 I MozMtp  : getSupportedPlaybackFormats: returning Supported Playback Formats
01-06 07:18:40.049   485  9160 I MozMtp  : getSupportedCaptureFormats: returning MTP_FORMAT_ASSOCIATION, MTP_FORMAT_PNG
01-06 07:18:40.049   485  9160 I MozMtp  : getSupportedDeviceProperties: 
01-06 07:18:40.049   485  9160 I MozMtp  : getObjectPropertyDesc: Property: MTP_PROPERTY_OBJECT_SIZE 0x0000dc04
01-06 07:18:40.049   485  9160 I MozMtp  : getObjectPropertyDesc: Property: MTP_PROPERTY_OBJECT_SIZE 0x0000dc04
01-06 07:18:40.049   485  9160 I MozMtp  : getObjectPropertyDesc: Property: MTP_PROPERTY_OBJECT_SIZE 0x0000dc04
01-06 07:18:40.049   485  9160 I MozMtp  : getObjectPropertyDesc: Property: MTP_PROPERTY_OBJECT_SIZE 0x0000dc04
01-06 07:18:40.049   485  9160 I MozMtp  : getObjectPropertyDesc: Property: MTP_PROPERTY_OBJECT_SIZE 0x0000dc04
01-06 07:18:40.049   485  9160 I MozMtp  : getObjectPropertyDesc: Property: MTP_PROPERTY_OBJECT_SIZE 0x0000dc04
01-06 07:18:40.049   485  9160 I MozMtp  : getObjectPropertyDesc: Property: MTP_PROPERTY_OBJECT_SIZE 0x0000dc04
01-06 07:18:40.049   485  9160 I MozMtp  : getObjectPropertyDesc: Property: MTP_PROPERTY_OBJECT_SIZE 0x0000dc04
01-06 07:18:40.059   485  9160 I MozMtp  : getObjectPropertyDesc: Property: MTP_PROPERTY_OBJECT_SIZE 0x0000dc04
01-06 07:18:40.059   485  9160 I MozMtp  : getObjectPropertyDesc: Property: MTP_PROPERTY_OBJECT_SIZE 0x0000dc04
01-06 07:18:40.059   485  9160 I MozMtp  : getObjectPropertyDesc: Property: MTP_PROPERTY_OBJECT_SIZE 0x0000dc04
01-06 07:18:40.059   485  9160 I MozMtp  : getObjectPropertyDesc: Property: MTP_PROPERTY_OBJECT_SIZE 0x0000dc04
01-06 07:18:40.059   485  9160 I MozMtp  : getObjectPropertyDesc: Property: MTP_PROPERTY_OBJECT_SIZE 0x0000dc04
01-06 07:18:40.059   485  9160 I MozMtp  : getObjectPropertyDesc: Property: MTP_PROPERTY_OBJECT_SIZE 0x0000dc04
01-06 07:18:40.059   485  9160 I MozMtp  : getObjectPropertyDesc: Property: MTP_PROPERTY_OBJECT_SIZE 0x0000dc04
01-06 07:18:40.059   485  9160 I MozMtp  : getObjectPropertyDesc: Property: MTP_PROPERTY_OBJECT_SIZE 0x0000dc04
01-06 07:18:40.059   485  9160 I MozMtp  : getObjectPropertyDesc: Property: MTP_PROPERTY_OBJECT_SIZE 0x0000dc04
01-06 07:18:40.059   485  9160 I MozMtp  : getObjectPropertyDesc: Property: MTP_PROPERTY_OBJECT_SIZE 0x0000dc04
01-06 07:18:40.059   485  9160 I MozMtp  : getObjectPropertyDesc: Property: MTP_PROPERTY_OBJECT_SIZE 0x0000dc04
01-06 07:18:40.059   485  9160 I MozMtp  : getObjectPropertyDesc: Property: MTP_PROPERTY_OBJECT_SIZE 0x0000dc04
01-06 07:18:40.119   485   485 I DongleAutoMounter: Usb debouncing, no need to disable tether
01-06 07:18:40.119   485   485 I DongleAutoMounter: USB debouncing, no need to setup retry flag
01-06 07:18:40.139  5455  5465 W bt_hci  : filter_incoming_event command complete event with no matching command. opcode: 0x0.
01-06 07:18:40.139  5455  5465 W bt_hci  : filter_incoming_event command complete event with no matching command. opcode: 0x0.
01-06 07:18:40.139  5455  5465 W bt_hci  : filter_incoming_event command complete event with no matching command. opcode: 0x0.
01-06 07:18:40.159  5455  5465 W bt_hci  : filter_incoming_event command complete event with no matching command. opcode: 0x0.
01-06 07:18:40.179  5455  5465 W bt_hci  : filter_incoming_event command complete event with no matching command. opcode: 0x0.
01-06 07:18:40.179  5455  5465 W bt_hci  : filter_incoming_event command complete event with no matching command. opcode: 0x0.
01-06 07:18:40.189  5455  5465 W bt_hci  : filter_incoming_event command complete event with no matching command. opcode: 0x0.
01-06 07:18:40.189  5455  5465 W bt_hci  : filter_incoming_event command complete event with no matching command. opcode: 0x0.
01-06 07:18:40.199   475   658 D ThermalEngine: sensor_wait: xo_therm Wait done.
01-06 07:18:40.199   475   660 D ThermalEngine: sensor_wait: case_therm Wait done.
01-06 07:18:40.199   475   658 D ThermalEngine: sensor_monitor: xo_therm Reading 35000 .
01-06 07:18:40.199   475   658 I ThermalEngine: Sensor:xo_therm:35000 mC
01-06 07:18:40.199   475   658 D ThermalEngine: update_active_thresh: xo_therm Active(1), Hi(1) 39000, Lo(0) -2147483648, Interval(1) 5000
01-06 07:18:40.199   475   658 D ThermalEngine: sensor_monitor: xo_therm Sensor wait.
01-06 07:18:40.199   475   658 D ThermalEngine: sensor_wait: xo_therm Wait start. 5000ms
01-06 07:18:40.199   475   660 D ThermalEngine: sensor_monitor: case_therm Reading 30000 .
01-06 07:18:40.199   475   660 I ThermalEngine: Sensor:case_therm:30000 mC
01-06 07:18:40.199   475   660 D ThermalEngine: update_active_thresh: case_therm Active(1), Hi(1) 42000, Lo(0) -2147483648, Interval(1) 5000
01-06 07:18:40.199   475   660 D ThermalEngine: sensor_monitor: case_therm Sensor wait.
01-06 07:18:40.199   475   660 D ThermalEngine: sensor_wait: case_therm Wait start. 5000ms
01-06 07:18:40.229  5455  5465 W bt_hci  : filter_incoming_event command complete event with no matching command. opcode: 0x0.
01-06 07:18:42.439  2525  2525 E sdcard  : missing packages.list; retrying
01-06 07:18:42.479   680   680 D VM_BMS  : wake_lock acquired
01-06 07:18:42.479   680   680 D VM_BMS  : New BMS data - Size=56
01-06 07:18:42.479   680   680 D VM_BMS  : Start process_bms_data
01-06 07:18:42.479   680   680 D VM_BMS  : For batt_temp=295 fcc_mah=2030
01-06 07:18:42.479   680   680 D VM_BMS  : For ocv=3793127 batt_temp=295 soc=49
01-06 07:18:42.479   680   680 D VM_BMS  : fifo_count=5 acc_count=0
01-06 07:18:42.479   680   680 D VM_BMS  : INIT: ocv=3793127 last_ocv=3793127 batt_temp=295 soc=49
01-06 07:18:42.479   680   680 D VM_BMS  : For soc=49 batt_temp=295 slope=2800
01-06 07:18:42.479   680   680 D VM_BMS  : For soc=49 batt_temp=295 rbatt_sf=97
01-06 07:18:42.479   680   680 D VM_BMS  : rbatt_mohm_default=136, rbatt_mohm=131, sf=97 batt_temp=295
01-06 07:18:42.479   680   680 D VM_BMS  : For ocv=3793087 batt_temp=295 soc=49
01-06 07:18:42.479   680   680 D VM_BMS  : FIFO=0 fifo_avg=3.772272 rbatt=0.181000 slope=0.280000 ibatt=0.115112 ocv=3.793087 soc=49 fcc_ah=2.030000 sample_count=128 sample_interval=70 seq_num=80
01-06 07:18:42.479   680   680 D VM_BMS  : For soc=49 batt_temp=295 slope=2800
01-06 07:18:42.479   680   680 D VM_BMS  : For soc=49 batt_temp=295 rbatt_sf=97
01-06 07:18:42.479   680   680 D VM_BMS  : rbatt_mohm_default=136, rbatt_mohm=131, sf=97 batt_temp=295
01-06 07:18:42.479   680   680 D VM_BMS  : For ocv=3793047 batt_temp=295 soc=49
01-06 07:18:42.479   680   680 D VM_BMS  : FIFO=1 fifo_avg=3.771975 rbatt=0.181000 slope=0.280000 ibatt=0.116530 ocv=3.793047 soc=49 fcc_ah=2.030000 sample_count=128 sample_interval=70 seq_num=80
01-06 07:18:42.479   680   680 D VM_BMS  : For soc=49 batt_temp=295 slope=2800
01-06 07:18:42.479   680   680 D VM_BMS  : For soc=49 batt_temp=295 rbatt_sf=97
01-06 07:18:42.479   680   680 D VM_BMS  : rbatt_mohm_default=136, rbatt_mohm=131, sf=97 batt_temp=295
01-06 07:18:42.479   680   680 D VM_BMS  : For ocv=3793005 batt_temp=295 soc=49
01-06 07:18:42.489   680   680 D VM_BMS  : FIFO=2 fifo_avg=3.771082 rbatt=0.181000 slope=0.280000 ibatt=0.121239 ocv=3.793005 soc=49 fcc_ah=2.030000 sample_count=128 sample_interval=70 seq_num=80
01-06 07:18:42.489   680   680 D VM_BMS  : For soc=49 batt_temp=295 slope=2800
01-06 07:18:42.489   680   680 D VM_BMS  : For soc=49 batt_temp=295 rbatt_sf=97
01-06 07:18:42.489   680   680 D VM_BMS  : rbatt_mohm_default=136, rbatt_mohm=131, sf=97 batt_temp=295
01-06 07:18:42.489   680   680 D VM_BMS  : For ocv=3792961 batt_temp=295 soc=49
01-06 07:18:42.489   680   680 D VM_BMS  : FIFO=3 fifo_avg=3.770200 rbatt=0.181000 slope=0.280000 ibatt=0.125875 ocv=3.792962 soc=49 fcc_ah=2.030000 sample_count=128 sample_interval=70 seq_num=80
01-06 07:18:42.489   680   680 D VM_BMS  : For soc=49 batt_temp=295 slope=2800
01-06 07:18:42.489   680   680 D VM_BMS  : For soc=49 batt_temp=295 rbatt_sf=97
01-06 07:18:42.489   680   680 D VM_BMS  : rbatt_mohm_default=136, rbatt_mohm=131, sf=97 batt_temp=295
01-06 07:18:42.489   680   680 D VM_BMS  : For ocv=3792967 batt_temp=295 soc=49
01-06 07:18:42.489   680   680 D VM_BMS  : FIFO=4 fifo_avg=3.796643 rbatt=0.181000 slope=0.280000 ibatt=-0.020324 ocv=3.792968 soc=49 fcc_ah=2.030000 sample_count=128 sample_interval=70 seq_num=80
01-06 07:18:42.489   680   680 I VM_BMS  : power_supply_update: ocv_uv=3792967 ibatt=-20324 soc=49 seq_num=80
01-06 07:18:42.489   680   680 D VM_BMS  : End process_bms_data
01-06 07:18:42.489   680   680 D VM_BMS  : wake_lock released
01-06 07:18:45.199   475   658 D ThermalEngine: sensor_wait: xo_therm Wait done.
01-06 07:18:45.199   475   658 D ThermalEngine: sensor_monitor: xo_therm Reading 36000 .
01-06 07:18:45.199   475   658 I ThermalEngine: Sensor:xo_therm:36000 mC
01-06 07:18:45.199   475   658 D ThermalEngine: update_active_thresh: xo_therm Active(1), Hi(1) 39000, Lo(0) -2147483648, Interval(1) 5000
01-06 07:18:45.199   475   658 D ThermalEngine: sensor_monitor: xo_therm Sensor wait.
01-06 07:18:45.199   475   658 D ThermalEngine: sensor_wait: xo_therm Wait start. 5000ms
01-06 07:18:45.199   475   660 D ThermalEngine: sensor_wait: case_therm Wait done.
01-06 07:18:45.199   475   660 D ThermalEngine: sensor_monitor: case_therm Reading 30000 .
01-06 07:18:45.199   475   660 I ThermalEngine: Sensor:case_therm:30000 mC
01-06 07:18:45.199   475   660 D ThermalEngine: update_active_thresh: case_therm Active(1), Hi(1) 42000, Lo(0) -2147483648, Interval(1) 5000
01-06 07:18:45.199   475   660 D ThermalEngine: sensor_monitor: case_therm Sensor wait.
01-06 07:18:45.199   475   660 D ThermalEngine: sensor_wait: case_therm Wait start. 5000ms
01-06 07:18:45.439  2525  2525 E sdcard  : missing packages.list; retrying
01-06 07:18:48.439  2525  2525 E sdcard  : missing packages.list; retrying
01-06 07:18:50.209   475   658 D ThermalEngine: sensor_wait: xo_therm Wait done.
01-06 07:18:50.209   475   660 D ThermalEngine: sensor_wait: case_therm Wait done.
01-06 07:18:50.209   475   658 D ThermalEngine: sensor_monitor: xo_therm Reading 37000 .
01-06 07:18:50.209   475   658 I ThermalEngine: Sensor:xo_therm:37000 mC
01-06 07:18:50.209   475   658 D ThermalEngine: update_active_thresh: xo_therm Active(1), Hi(1) 39000, Lo(0) -2147483648, Interval(1) 5000
01-06 07:18:50.209   475   658 D ThermalEngine: sensor_monitor: xo_therm Sensor wait.
01-06 07:18:50.209   475   658 D ThermalEngine: sensor_wait: xo_therm Wait start. 5000ms
01-06 07:18:50.209   475   660 D ThermalEngine: sensor_monitor: case_therm Reading 30000 .
01-06 07:18:50.209   475   660 I ThermalEngine: Sensor:case_therm:30000 mC
01-06 07:18:50.209   475   660 D ThermalEngine: update_active_thresh: case_therm Active(1), Hi(1) 42000, Lo(0) -2147483648, Interval(1) 5000
01-06 07:18:50.209   475   660 D ThermalEngine: sensor_monitor: case_therm Sensor wait.
01-06 07:18:50.209   475   660 D ThermalEngine: sensor_wait: case_therm Wait start. 5000ms
01-06 07:18:51.439  2525  2525 E sdcard  : missing packages.list; retrying
01-06 07:18:54.439  2525  2525 E sdcard  : missing packages.list; retrying
01-06 07:18:55.209   475   658 D ThermalEngine: sensor_wait: xo_therm Wait done.
01-06 07:18:55.209   475   660 D ThermalEngine: sensor_wait: case_therm Wait done.
01-06 07:18:55.209   475   658 D ThermalEngine: sensor_monitor: xo_therm Reading 37000 .
01-06 07:18:55.209   475   658 I ThermalEngine: Sensor:xo_therm:37000 mC
01-06 07:18:55.209   475   658 D ThermalEngine: update_active_thresh: xo_therm Active(1), Hi(1) 39000, Lo(0) -2147483648, Interval(1) 5000
01-06 07:18:55.209   475   658 D ThermalEngine: sensor_monitor: xo_therm Sensor wait.
01-06 07:18:55.209   475   658 D ThermalEngine: sensor_wait: xo_therm Wait start. 5000ms
01-06 07:18:55.209   475   660 D ThermalEngine: sensor_monitor: case_therm Reading 30000 .
01-06 07:18:55.209   475   660 I ThermalEngine: Sensor:case_therm:30000 mC
01-06 07:18:55.209   475   660 D ThermalEngine: update_active_thresh: case_therm Active(1), Hi(1) 42000, Lo(0) -2147483648, Interval(1) 5000
01-06 07:18:55.209   475   660 D ThermalEngine: sensor_monitor: case_therm Sensor wait.
01-06 07:18:55.209   475   660 D ThermalEngine: sensor_wait: case_therm Wait start. 5000ms
01-06 07:18:57.439  2525  2525 E sdcard  : missing packages.list; retrying
01-06 07:19:00.209   475   658 D ThermalEngine: sensor_wait: xo_therm Wait done.
01-06 07:19:00.209   475   660 D ThermalEngine: sensor_wait: case_therm Wait done.
01-06 07:19:00.209   475   658 D ThermalEngine: sensor_monitor: xo_therm Reading 37000 .
01-06 07:19:00.209   475   658 I ThermalEngine: Sensor:xo_therm:37000 mC
01-06 07:19:00.209   475   658 D ThermalEngine: update_active_thresh: xo_therm Active(1), Hi(1) 39000, Lo(0) -2147483648, Interval(1) 5000
01-06 07:19:00.209   475   658 D ThermalEngine: sensor_monitor: xo_therm Sensor wait.
01-06 07:19:00.209   475   658 D ThermalEngine: sensor_wait: xo_therm Wait start. 5000ms
01-06 07:19:00.209   475   660 D ThermalEngine: sensor_monitor: case_therm Reading 30000 .
01-06 07:19:00.209   475   660 I ThermalEngine: Sensor:case_therm:30000 mC
01-06 07:19:00.209   475   660 D ThermalEngine: update_active_thresh: case_therm Active(1), Hi(1) 42000, Lo(0) -2147483648, Interval(1) 5000
01-06 07:19:00.209   475   660 D ThermalEngine: sensor_monitor: case_therm Sensor wait.
01-06 07:19:00.209   475   660 D ThermalEngine: sensor_wait: case_therm Wait start. 5000ms
01-06 07:19:00.429  2525  2525 E sdcard  : missing packages.list; retrying
01-06 07:19:03.439  2525  2525 E sdcard  : missing packages.list; retrying
01-06 07:19:05.209   475   658 D ThermalEngine: sensor_wait: xo_therm Wait done.
01-06 07:19:05.209   475   660 D ThermalEngine: sensor_wait: case_therm Wait done.
01-06 07:19:05.209   475   658 D ThermalEngine: sensor_monitor: xo_therm Reading 37000 .
01-06 07:19:05.209   475   658 I ThermalEngine: Sensor:xo_therm:37000 mC
01-06 07:19:05.209   475   658 D ThermalEngine: update_active_thresh: xo_therm Active(1), Hi(1) 39000, Lo(0) -2147483648, Interval(1) 5000
01-06 07:19:05.209   475   658 D ThermalEngine: sensor_monitor: xo_therm Sensor wait.
01-06 07:19:05.209   475   658 D ThermalEngine: sensor_wait: xo_therm Wait start. 5000ms
01-06 07:19:05.209   475   660 D ThermalEngine: sensor_monitor: case_therm Reading 30000 .
01-06 07:19:05.209   475   660 I ThermalEngine: Sensor:case_therm:30000 mC
01-06 07:19:05.209   475   660 D ThermalEngine: update_active_thresh: case_therm Active(1), Hi(1) 42000, Lo(0) -2147483648, Interval(1) 5000
01-06 07:19:05.209   475   660 D ThermalEngine: sensor_monitor: case_therm Sensor wait.
01-06 07:19:05.209   475   660 D ThermalEngine: sensor_wait: case_therm Wait start. 5000ms
01-06 07:19:06.439  2525  2525 E sdcard  : missing packages.list; retrying
01-06 07:19:09.439  2525  2525 E sdcard  : missing packages.list; retrying
01-06 07:19:09.649   485   485 I Gecko   : [BrowserElement] event type: keydown, key: Enter, target: [object HTMLIFrameElement], src: app://launcher.gaiamobile.org/index.html, id: browser0, class: browser
01-06 07:19:09.669  4661  4661 I PerformanceTiming: Performance Entry: launcher.gaiamobile.org|mark|appLaunch@app://settings.gaiamobile.org|3792204.335000|0.000000|438549675
01-06 07:19:09.679  4661  4661 I Gecko   : [BrowserElement] Pause painting on app://launcher.gaiamobile.org/manifest.webapp
01-06 07:19:09.679   485   485 I Gecko   : XXX FIXME : Dispatch a webapps-launch: undefined
01-06 07:19:09.679  4661  4661 I Gecko   : [BrowserElement] event type: keydown, key: Enter, target: [object HTMLDivElement], class: app focusable
01-06 07:19:09.739  9009  9009 I Gecko   : ######################## extensions.js loaded
01-06 07:19:09.769  9009  9009 W Settings: [JavaScript Warning: "Use of nsIFile in content process is deprecated." {file: "jar:file:///system/b2g/omni.ja!/components/DirectoryProvider.js" line: 9}]
01-06 07:19:09.939   485   485 I Gecko   : [BrowserElement] event type: keyup, key: Enter, target: [object HTMLIFrameElement], src: app://launcher.gaiamobile.org/index.html, id: browser0, class: browser
01-06 07:19:09.939  4661  4661 I Gecko   : [BrowserElement] event type: keyup, key: Enter, target: [object HTMLDivElement], class: app focusable
01-06 07:19:10.209   475   658 D ThermalEngine: sensor_wait: xo_therm Wait done.
01-06 07:19:10.209   475   658 D ThermalEngine: sensor_monitor: xo_therm Reading 37000 .
01-06 07:19:10.209   475   658 I ThermalEngine: Sensor:xo_therm:37000 mC
01-06 07:19:10.209   475   658 D ThermalEngine: update_active_thresh: xo_therm Active(1), Hi(1) 39000, Lo(0) -2147483648, Interval(1) 5000
01-06 07:19:10.209   475   658 D ThermalEngine: sensor_monitor: xo_therm Sensor wait.
01-06 07:19:10.209   475   658 D ThermalEngine: sensor_wait: xo_therm Wait start. 5000ms
01-06 07:19:10.209   475   660 D ThermalEngine: sensor_wait: case_therm Wait done.
01-06 07:19:10.209   475   660 D ThermalEngine: sensor_monitor: case_therm Reading 30000 .
01-06 07:19:10.219   475   660 I ThermalEngine: Sensor:case_therm:30000 mC
01-06 07:19:10.219   475   660 D ThermalEngine: update_active_thresh: case_therm Active(1), Hi(1) 42000, Lo(0) -2147483648, Interval(1) 5000
01-06 07:19:10.219   475   660 D ThermalEngine: sensor_monitor: case_therm Sensor wait.
01-06 07:19:10.219   475   660 D ThermalEngine: sensor_wait: case_therm Wait start. 5000ms
01-06 07:19:10.499  4661  4661 I FocusManager: << focus() called >>
01-06 07:19:10.499  4661  4661 I FocusManager:    trying to set focus on, tag: DIV, id: , class: app focusable
01-06 07:19:10.499  4661  4661 I FocusManager: Warning: element is already focused.
01-06 07:19:10.539  4661  4661 I FocusManager: << focus() called >>
01-06 07:19:10.539  4661  4661 I FocusManager:    trying to set focus on, tag: DIV, id: , class: app focusable
01-06 07:19:10.539  4661  4661 I FocusManager: Warning: element is already focused.
01-06 07:19:10.679   485   485 D NS_ICC_SERVICE: GetCardState 
01-06 07:19:10.679   485   485 D NS_ICC_SERVICE: GetIccInfo 
01-06 07:19:10.689  9009  9009 I PerformanceTiming: Performance Entry: settings.gaiamobile.org|mark|contentInteractive|926.730000|0.000000|438550700
01-06 07:19:10.769  9009  9009 I Settings: Content JS LOG: NavigationMap init 
01-06 07:19:10.769  9009  9009 I Settings:     at _init (app://settings.gaiamobile.org/js/navigation_map.js:22:7)
01-06 07:19:10.779  9009  9009 I Settings: Content JS LOG: --------observerInit------ 
01-06 07:19:10.779  9009  9009 I Settings:     at _init (app://settings.gaiamobile.org/js/navigation_map.js:132:7)
01-06 07:19:10.859  9009  9026 E linker  : readlink('/proc/self/fd/41') failed: Invalid argument [fd=41]
01-06 07:19:10.859  9009  9026 E linker  : warning: unable to get realpath for the library "/system/lib/hw/gralloc.msm8909.so". Will use given name.
01-06 07:19:10.859  9009  9026 E linker  : readlink('/proc/self/fd/41') failed: Invalid argument [fd=41]
01-06 07:19:10.859  9009  9026 E linker  : warning: unable to get realpath for the library "libmemalloc.so". Will use given name.
01-06 07:19:10.859  9009  9026 E linker  : readlink('/proc/self/fd/41') failed: Invalid argument [fd=41]
01-06 07:19:10.859  9009  9026 E linker  : warning: unable to get realpath for the library "libqdMetaData.so". Will use given name.
01-06 07:19:10.859  9009  9026 E linker  : readlink('/proc/self/fd/41') failed: Invalid argument [fd=41]
01-06 07:19:10.859  9009  9026 E linker  : warning: unable to get realpath for the library "libqdutils.so". Will use given name.
01-06 07:19:10.869  9009  9026 E linker  : readlink('/proc/self/fd/41') failed: Invalid argument [fd=41]
01-06 07:19:10.869  9009  9026 E linker  : warning: unable to get realpath for the library "libGLESv1_CM.so". Will use given name.
01-06 07:19:10.869  9009  9026 E linker  : readlink('/proc/self/fd/41') failed: Invalid argument [fd=41]
01-06 07:19:10.869  9009  9026 E linker  : warning: unable to get realpath for the library "libqservice.so". Will use given name.
01-06 07:19:10.969  9009  9009 I PerformanceTiming: Performance Entry: settings.gaiamobile.org|mark|navigationLoaded|1203.825000|0.000000|438550977
01-06 07:19:10.969  9009  9009 I PerformanceTiming: Performance Entry: settings.gaiamobile.org|mark|navigationInteractive|1204.255000|0.000000|438550977
01-06 07:19:11.039   485   485 I FocusManager: << focus() called >>
01-06 07:19:11.039   485   485 I FocusManager:    trying to set focus on, tag: IFRAME, id: browser23, class: browser
01-06 07:19:11.049   485   485 I FocusManager:    current focused element, tag: IFRAME, id: browser0, class: browser hidden
01-06 07:19:11.049   485   485 I FocusManager: <- blur on, tag: IFRAME, id: browser0, class: browser hidden
01-06 07:19:11.059   485   485 I FocusManager: -> focus is now on, tag: IFRAME, id: browser23, class: browser
01-06 07:19:11.059  4661  4661 I FocusManager: <- blur on, tag: DIV, id: , class: app focusable
01-06 07:19:11.079   485   485 I GeckoConsole: Content JS LOG: [SimLockManager][3805.391] handling appopened 
01-06 07:19:11.079   485   485 I GeckoConsole:     at BaseModule.prototype.debug (app://system.gaiamobile.org/js/base_module.js:25:422)
01-06 07:19:11.119  9009  9009 I FocusManager: * WindowRaised *
01-06 07:19:11.119  9009  9009 I FocusManager: -> focus is now on, NULL, tag: , id: , class: 
01-06 07:19:11.469   485   485 I Gecko   : XXX FIXME : Dispatch a mozChromeEvent: default-volume-channel-changed
01-06 07:19:11.579   485   485 I Gecko   : [BrowserElement] event type: keydown, key: ArrowRight, target: [object HTMLIFrameElement], src: app://settings.gaiamobile.org/index.html, id: browser23, class: browser
01-06 07:19:11.639  9009  9009 I Gecko   : [BrowserElement] event type: keydown, key: ArrowRight, target: [object HTMLBodyElement], class: skin-organic uninit theme-settings
01-06 07:19:11.679  9009  9009 I FocusManager: << focus() called >>
01-06 07:19:11.679  9009  9009 I FocusManager:    trying to set focus on, tag: LI, id: , class: focus
01-06 07:19:11.699  9009  9009 I FocusManager:    current focused element, NULL, tag: , id: , class: 
01-06 07:19:11.699  9009  9009 I FocusManager: <- blur on, NULL, tag: , id: , class: 
01-06 07:19:11.699  9009  9009 I FocusManager: -> focus is now on, tag: LI, id: , class: focus
01-06 07:19:11.709  9009  9009 I Settings: Content JS LOG: NavigationMap update 
01-06 07:19:11.709  9009  9009 I Settings:     at _update (app://settings.gaiamobile.org/js/navigation_map.js:401:7)
01-06 07:19:11.739  9009  9009 I Gecko   : -*- Nfc DOM: In MozNFCImpl Constructor
01-06 07:19:11.749  9009  9009 I Gecko   : -*- Nfc DOM: MozNFCImpl init called
01-06 07:19:11.769   485   485 I Gecko   : [BrowserElement] event type: keyup, key: ArrowRight, target: [object HTMLIFrameElement], src: app://settings.gaiamobile.org/index.html, id: browser23, class: browser
01-06 07:19:11.799  9009  9009 I FocusManager: << focus() called >>
01-06 07:19:11.799  9009  9009 I FocusManager:    trying to set focus on, tag: LI, id: , class: focus
01-06 07:19:11.829  9009  9009 I FocusManager: Warning: element is already focused.
01-06 07:19:11.829  9009  9009 I Settings: Content JS LOG: NavigationMap update 
01-06 07:19:11.829  9009  9009 I Settings:     at _update (app://settings.gaiamobile.org/js/navigation_map.js:401:7)
01-06 07:19:11.839  9009  9009 I PerformanceTiming: Performance Entry: settings.gaiamobile.org|mark|visuallyLoaded|2073.390000|0.000000|438551847
01-06 07:19:11.849  9009  9009 I FocusManager: << focus() called >>
01-06 07:19:11.849  9009  9009 I FocusManager:    trying to set focus on, tag: LI, id: , class: focus
01-06 07:19:11.889  9009  9009 I FocusManager: Warning: element is already focused.
01-06 07:19:11.969  9009  9009 I Gecko   : [BrowserElement] event type: keyup, key: ArrowRight, target: [object HTMLLIElement], class: focus
01-06 07:19:12.179  9009  9009 I PerformanceTiming: Performance Entry: settings.gaiamobile.org|mark|fullyLoaded|2412.205000|0.000000|438552185
01-06 07:19:12.199  9009  9009 I FocusManager: << focus() called >>
01-06 07:19:12.199  9009  9009 I FocusManager:    trying to set focus on, tag: FORM, id: softkeyPanel, class: skbar none-paddings visible focused
01-06 07:19:12.219  9009  9009 I FocusManager: Warning: element is not focusable.
01-06 07:19:12.289   485   485 I Gecko   : [BrowserElement] event type: keydown, key: ArrowRight, target: [object HTMLIFrameElement], src: app://settings.gaiamobile.org/index.html, id: browser23, class: browser
01-06 07:19:12.319   485   485 I Gecko   : XXX FIXME : Dispatch a mozFxAccountsChromeEvent: undefined
01-06 07:19:12.329  9009  9009 I Settings: Content JS LOG: before-------info [object Object] 
01-06 07:19:12.329  9009  9009 I Settings:     at _rootReset (app://settings.gaiamobile.org/js/navigation_map.js:248:9)
01-06 07:19:12.329  9009  9009 I FocusManager: << focus() called >>
01-06 07:19:12.329  9009  9009 I FocusManager:    trying to set focus on, tag: LI, id: , class: focus
01-06 07:19:12.359  9009  9009 I FocusManager:    current focused element, tag: LI, id: , class: 
01-06 07:19:12.359  9009  9009 I FocusManager: <- blur on, tag: LI, id: , class: 
01-06 07:19:12.359  9009  9009 I FocusManager: -> focus is now on, tag: LI, id: , class: focus
01-06 07:19:12.369  9009  9009 I Settings: Content JS LOG: NavigationMap update 
01-06 07:19:12.369  9009  9009 I Settings:     at _update (app://settings.gaiamobile.org/js/navigation_map.js:401:7)
01-06 07:19:12.369  9009  9009 I Gecko   : [BrowserElement] event type: keydown, key: ArrowRight, target: [object HTMLLIElement]
01-06 07:19:12.439  2525  2525 E sdcard  : missing packages.list; retrying
01-06 07:19:12.449  9009  9009 E Settings: [JavaScript Error: "TypeError: document.querySelector(...) is null" {file: "app://settings.gaiamobile.org/js/navigation_map.js" line: 347}]
01-06 07:19:12.449  9009  9009 E Settings: _refreshCurrentPage@app://settings.gaiamobile.org/js/navigation_map.js:347:33
01-06 07:19:12.449  9009  9009 E Settings: ctor_root_panel/_updateFotaSettings/request.onsuccess/<@app://settings.gaiamobile.org/js/panels/root/panel.js:930:13
01-06 07:19:12.449  9009  9009 E Settings: perFileCallback@app://settings.gaiamobile.org/shared/js/lazy_loader.js:9:82
01-06 07:19:12.459  9009  9009 I GeckoDump: fota_settings:setting  code has ran into init function
01-06 07:19:12.479   485   485 I Gecko   : [BrowserElement] event type: keyup, key: ArrowRight, target: [object HTMLIFrameElement], src: app://settings.gaiamobile.org/index.html, id: browser23, class: browser
01-06 07:19:12.479  9009  9009 I Gecko   : [BrowserElement] event type: keyup, key: ArrowRight, target: [object HTMLLIElement], class: focus
01-06 07:19:12.679  4661  4661 I Gecko   : [BrowserElement] Resume painting on app://launcher.gaiamobile.org/manifest.webapp
01-06 07:19:12.859   485   485 I Gecko   : [BrowserElement] event type: keydown, key: ArrowRight, target: [object HTMLIFrameElement], src: app://settings.gaiamobile.org/index.html, id: browser23, class: browser
01-06 07:19:12.899  9009  9009 I Settings: Content JS LOG: before-------info [object Object] 
01-06 07:19:12.899  9009  9009 I Settings:     at _rootReset (app://settings.gaiamobile.org/js/navigation_map.js:248:9)
01-06 07:19:12.899  9009  9009 I Settings: Content JS LOG: before-------info [object Object] 
01-06 07:19:12.899  9009  9009 I Settings:     at _rootReset (app://settings.gaiamobile.org/js/navigation_map.js:248:9)
01-06 07:19:12.899  9009  9009 I FocusManager: << focus() called >>
01-06 07:19:12.899  9009  9009 I FocusManager:    trying to set focus on, tag: LI, id: , class: focus
01-06 07:19:12.929  9009  9009 I FocusManager:    current focused element, tag: LI, id: , class: 
01-06 07:19:12.929  9009  9009 I FocusManager: <- blur on, tag: LI, id: , class: 
01-06 07:19:12.929  9009  9009 I FocusManager: -> focus is now on, tag: LI, id: , class: focus
01-06 07:19:12.939  9009  9009 I Settings: Content JS LOG: NavigationMap update 
01-06 07:19:12.939  9009  9009 I Settings:     at _update (app://settings.gaiamobile.org/js/navigation_map.js:401:7)
01-06 07:19:12.939  9009  9009 I Gecko   : [BrowserElement] event type: keydown, key: ArrowRight, target: [object HTMLLIElement]
01-06 07:19:13.019   485   485 I Gecko   : [BrowserElement] event type: keyup, key: ArrowRight, target: [object HTMLIFrameElement], src: app://settings.gaiamobile.org/index.html, id: browser23, class: browser
01-06 07:19:13.029  9009  9009 I Gecko   : [BrowserElement] event type: keyup, key: ArrowRight, target: [object HTMLLIElement], class: focus
01-06 07:19:13.379   485   485 I Gecko   : [BrowserElement] event type: keydown, key: ArrowRight, target: [object HTMLIFrameElement], src: app://settings.gaiamobile.org/index.html, id: browser23, class: browser
01-06 07:19:13.409  9009  9009 I Settings: Content JS LOG: before-------info [object Object] 
01-06 07:19:13.409  9009  9009 I Settings:     at _rootReset (app://settings.gaiamobile.org/js/navigation_map.js:248:9)
01-06 07:19:13.419  9009  9009 I Settings: Content JS LOG: before-------info [object Object] 
01-06 07:19:13.419  9009  9009 I Settings:     at _rootReset (app://settings.gaiamobile.org/js/navigation_map.js:248:9)
01-06 07:19:13.419  9009  9009 I Settings: Content JS LOG: before-------info [object Object] 
01-06 07:19:13.419  9009  9009 I Settings:     at _rootReset (app://settings.gaiamobile.org/js/navigation_map.js:248:9)
01-06 07:19:13.419  9009  9009 I FocusManager: << focus() called >>
01-06 07:19:13.419  9009  9009 I FocusManager:    trying to set focus on, tag: LI, id: , class: focus
01-06 07:19:13.439  9009  9009 I FocusManager:    current focused element, tag: LI, id: , class: 
01-06 07:19:13.439  9009  9009 I FocusManager: <- blur on, tag: LI, id: , class: 
01-06 07:19:13.439  9009  9009 I FocusManager: -> focus is now on, tag: LI, id: , class: focus
01-06 07:19:13.449  9009  9009 I Settings: Content JS LOG: NavigationMap update 
01-06 07:19:13.449  9009  9009 I Settings:     at _update (app://settings.gaiamobile.org/js/navigation_map.js:401:7)
01-06 07:19:13.459  9009  9009 I Gecko   : [BrowserElement] event type: keydown, key: ArrowRight, target: [object HTMLLIElement]
01-06 07:19:13.549   485   485 I Gecko   : [BrowserElement] event type: keyup, key: ArrowRight, target: [object HTMLIFrameElement], src: app://settings.gaiamobile.org/index.html, id: browser23, class: browser
01-06 07:19:13.549  9009  9009 I Gecko   : [BrowserElement] event type: keyup, key: ArrowRight, target: [object HTMLLIElement], class: focus
01-06 07:19:13.959   485   485 I Gecko   : [BrowserElement] event type: keydown, key: ArrowRight, target: [object HTMLIFrameElement], src: app://settings.gaiamobile.org/index.html, id: browser23, class: browser
01-06 07:19:13.979  9009  9009 I Settings: Content JS LOG: before-------info [object Object] 
01-06 07:19:13.979  9009  9009 I Settings:     at _rootReset (app://settings.gaiamobile.org/js/navigation_map.js:248:9)
01-06 07:19:13.989  9009  9009 I Settings: Content JS LOG: before-------info [object Object] 
01-06 07:19:13.989  9009  9009 I Settings:     at _rootReset (app://settings.gaiamobile.org/js/navigation_map.js:248:9)
01-06 07:19:13.989  9009  9009 I Settings: Content JS LOG: before-------info [object Object] 
01-06 07:19:13.989  9009  9009 I Settings:     at _rootReset (app://settings.gaiamobile.org/js/navigation_map.js:248:9)
01-06 07:19:13.989  9009  9009 I Settings: Content JS LOG: before-------info [object Object] 
01-06 07:19:13.989  9009  9009 I Settings:     at _rootReset (app://settings.gaiamobile.org/js/navigation_map.js:248:9)
01-06 07:19:13.989  9009  9009 I FocusManager: << focus() called >>
01-06 07:19:13.989  9009  9009 I FocusManager:    trying to set focus on, tag: LI, id: fota-settings, class: focus
01-06 07:19:14.019  9009  9009 I FocusManager:    current focused element, tag: LI, id: , class: 
01-06 07:19:14.019  9009  9009 I FocusManager: <- blur on, tag: LI, id: , class: 
01-06 07:19:14.019  9009  9009 I FocusManager: -> focus is now on, tag: LI, id: fota-settings, class: focus
01-06 07:19:14.029  9009  9009 I Settings: Content JS LOG: NavigationMap update 
01-06 07:19:14.029  9009  9009 I Settings:     at _update (app://settings.gaiamobile.org/js/navigation_map.js:401:7)
01-06 07:19:14.029  9009  9009 I Gecko   : [BrowserElement] event type: keydown, key: ArrowRight, target: [object HTMLLIElement]
01-06 07:19:14.109   485   485 I Gecko   : [BrowserElement] event type: keyup, key: ArrowRight, target: [object HTMLIFrameElement], src: app://settings.gaiamobile.org/index.html, id: browser23, class: browser
01-06 07:19:14.109  9009  9009 I Gecko   : [BrowserElement] event type: keyup, key: ArrowRight, target: [object HTMLLIElement], id: fota-settings, class: focus
01-06 07:19:15.199   485   485 I Gecko   : [BrowserElement] event type: keydown, key: ArrowDown, target: [object HTMLIFrameElement], src: app://settings.gaiamobile.org/index.html, id: browser23, class: browser
01-06 07:19:15.209   475   658 D ThermalEngine: sensor_wait: xo_therm Wait done.
01-06 07:19:15.219   475   658 D ThermalEngine: sensor_monitor: xo_therm Reading 38000 .
01-06 07:19:15.219   475   658 I ThermalEngine: Sensor:xo_therm:38000 mC
01-06 07:19:15.219   475   658 D ThermalEngine: update_active_thresh: xo_therm Active(1), Hi(1) 39000, Lo(0) -2147483648, Interval(1) 5000
01-06 07:19:15.219   475   658 D ThermalEngine: sensor_monitor: xo_therm Sensor wait.
01-06 07:19:15.219   475   658 D ThermalEngine: sensor_wait: xo_therm Wait start. 5000ms
01-06 07:19:15.219   475   660 D ThermalEngine: sensor_wait: case_therm Wait done.
01-06 07:19:15.219   475   660 D ThermalEngine: sensor_monitor: case_therm Reading 30000 .
01-06 07:19:15.219   475   660 I ThermalEngine: Sensor:case_therm:30000 mC
01-06 07:19:15.219   475   660 D ThermalEngine: update_active_thresh: case_therm Active(1), Hi(1) 42000, Lo(0) -2147483648, Interval(1) 5000
01-06 07:19:15.219   475   660 D ThermalEngine: sensor_monitor: case_therm Sensor wait.
01-06 07:19:15.219   475   660 D ThermalEngine: sensor_wait: case_therm Wait start. 5000ms
01-06 07:19:15.229  9009  9009 I FocusManager: << focus() called >>
01-06 07:19:15.229  9009  9009 I FocusManager:    trying to set focus on, tag: LI, id: , class: focus
01-06 07:19:15.229  9009  9009 I FocusManager:    current focused element, tag: LI, id: fota-settings, class: 
01-06 07:19:15.229  9009  9009 I FocusManager: <- blur on, tag: LI, id: fota-settings, class: 
01-06 07:19:15.229  9009  9009 I FocusManager: -> focus is now on, tag: LI, id: , class: focus
01-06 07:19:15.239  9009  9009 I Gecko   : [BrowserElement] event type: keydown, key: ArrowDown, target: [object HTMLLIElement], id: fota-settings
01-06 07:19:15.359   485   485 I Gecko   : [BrowserElement] event type: keyup, key: ArrowDown, target: [object HTMLIFrameElement], src: app://settings.gaiamobile.org/index.html, id: browser23, class: browser
01-06 07:19:15.379  9009  9009 I Gecko   : [BrowserElement] event type: keyup, key: ArrowDown, target: [object HTMLLIElement], class: focus
01-06 07:19:15.439  2525  2525 E sdcard  : missing packages.list; retrying
01-06 07:19:15.529   485   485 D QLOC-OSAgent: WIFIHARDWARESTATE_DATA_ITEM_ID: 0
01-06 07:19:15.529   485   485 E IzatSvc_OSObserver: I/LocTech-Label :: OSOBSERVER :: Data Items In
01-06 07:19:15.529   485   485 E IzatSvc_OSObserver: I/LocTech-Value :: Data Item Value: IS_WIFI_HARDWARE_ON: false
01-06 07:19:15.529   485   485 E GeckoConsole: [JavaScript Error: "NS_ERROR_NOT_IMPLEMENTED: Component returned failure code: 0x80004001 (NS_ERROR_NOT_IMPLEMENTED) [nsIQMozSettingsCallback.notifyMozSettingChangeBool]" {file: "file:///system/b2g/distribution/bundles/location/QMozSettingsShim.js" line: 6}]
01-06 07:19:15.529   485   485 I Gecko   : [SUB0] QCONTENT_HELPER Received observer notification: mozsettings-changed
01-06 07:19:16.059  9197  9222 I (Preallocated app): PAC file installed from data: URI
01-06 07:19:16.349   485   485 I Gecko   : [BrowserElement] event type: keydown, key: Enter, target: [object HTMLIFrameElement], src: app://settings.gaiamobile.org/index.html, id: browser23, class: browser
01-06 07:19:16.349  9009  9009 I FocusManager: << focus() called >>
01-06 07:19:16.349  9009  9009 I FocusManager:    trying to set focus on, tag: LI, id: , class: focus
01-06 07:19:16.349  9009  9009 I FocusManager: Warning: element is already focused.
01-06 07:19:16.379  9009  9009 I Gecko   : [BrowserElement] event type: keydown, key: Enter, target: [object HTMLLIElement], class: focus
01-06 07:19:16.569   485   485 I Gecko   : [BrowserElement] event type: keyup, key: Enter, target: [object HTMLIFrameElement], src: app://settings.gaiamobile.org/index.html, id: browser23, class: browser
01-06 07:19:16.739  9009  9009 I Gecko   : [BrowserElement] event type: keyup, key: Enter, target: [object HTMLLIElement], class: focus
01-06 07:19:16.749  9009  9009 I FocusManager: << focus() called >>
01-06 07:19:16.749  9009  9009 I FocusManager:    trying to set focus on, tag: FORM, id: softkeyPanel, class: skbar none-paddings visible focused
01-06 07:19:16.749  9009  9009 I FocusManager: Warning: element is not focusable.
01-06 07:19:17.209  9009  9009 I Settings: Content JS LOG: ***open new page operation, previous panel --> #root 
01-06 07:19:17.209  9009  9009 I Settings:     at _findNaviId (app://settings.gaiamobile.org/js/navigation_map.js:440:9)
01-06 07:19:17.209  9009  9009 I Settings: Content JS LOG: ***previous panel focus navi id --> 30 
01-06 07:19:17.209  9009  9009 I Settings:     at _findNaviId (app://settings.gaiamobile.org/js/navigation_map.js:452:9)
01-06 07:19:17.209  9009  9009 I FocusManager: << focus() called >>
01-06 07:19:17.209  9009  9009 I FocusManager:    trying to set focus on, tag: LI, id: , class: none-select focus
01-06 07:19:17.279  9009  9009 I FocusManager:    current focused element, tag: LI, id: , class: 
01-06 07:19:17.279  9009  9009 I FocusManager: <- blur on, tag: LI, id: , class: 
01-06 07:19:17.279  9009  9009 I FocusManager: -> focus is now on, tag: LI, id: , class: none-select focus
01-06 07:19:17.289  9009  9009 I Settings: Content JS LOG: NavigationMap update 
01-06 07:19:17.289  9009  9009 I Settings:     at _update (app://settings.gaiamobile.org/js/navigation_map.js:401:7)
01-06 07:19:17.439   485   485 I Gecko   : [BrowserElement] event type: keydown, key: ArrowDown, target: [object HTMLIFrameElement], src: app://settings.gaiamobile.org/index.html, id: browser23, class: browser
01-06 07:19:17.449  9009  9009 I FocusManager: << focus() called >>
01-06 07:19:17.449  9009  9009 I FocusManager:    trying to set focus on, tag: LI, id: , class: none-select focus
01-06 07:19:17.459  9009  9009 I FocusManager:    current focused element, tag: LI, id: , class: none-select
01-06 07:19:17.459  9009  9009 I FocusManager: <- blur on, tag: LI, id: , class: none-select
01-06 07:19:17.459  9009  9009 I FocusManager: -> focus is now on, tag: LI, id: , class: none-select focus
01-06 07:19:17.469  9009  9009 I Gecko   : [BrowserElement] event type: keydown, key: ArrowDown, target: [object HTMLLIElement], class: none-select
01-06 07:19:17.639   485   485 I Gecko   : [BrowserElement] event type: keyup, key: ArrowDown, target: [object HTMLIFrameElement], src: app://settings.gaiamobile.org/index.html, id: browser23, class: browser
01-06 07:19:17.649  9009  9009 I Gecko   : [BrowserElement] event type: keyup, key: ArrowDown, target: [object HTMLLIElement], class: none-select focus
01-06 07:19:18.399   485   485 I Gecko   : [BrowserElement] event type: keydown, key: ArrowDown, target: [object HTMLIFrameElement], src: app://settings.gaiamobile.org/index.html, id: browser23, class: browser
01-06 07:19:18.399  9009  9009 I FocusManager: << focus() called >>
01-06 07:19:18.409  9009  9009 I FocusManager:    trying to set focus on, tag: LI, id: , class: focus
