--------- beginning of system
01-06 06:14:58.829   238   238 I vold    : Vold 3.0 (the awakening) firing up
01-06 06:14:58.829   238   238 V vold    : Detected support for: ext4 vfat
01-06 06:15:01.479   445   445 I irsc_util: Starting irsc tool
01-06 06:15:01.529   445   445 I irsc_util: Num of entries:284
01-06 06:15:01.599   445   445 I irsc_util: Ending irsc tool
01-06 06:15:14.279   238   248 V vold    : Waiting for FUSE to spin up...
01-06 06:15:14.339   238   248 V vold    : Waiting for FUSE to spin up...
01-06 06:15:14.399   238   248 D vold    : Linking /storage/emulated/0 to /mnt/user/0/primary
01-06 06:15:17.549   485   485 I Gecko   : ============ KaiOS device information ============
01-06 06:15:17.549   485   485 I Gecko   : Build UID         = 
01-06 06:15:17.549   485   485 I Gecko   : Build Description = msm8909_512-userdebug 6.0.1 MMB29M LYF_F30C-000-09-20-270319_i release-keys
01-06 06:15:17.549   485   485 I Gecko   : Bootloader        = unknown
01-06 06:15:17.549   485   485 I Gecko   : ==================================================
01-06 06:15:56.509  2406  4514 E NetlinkEvent: Unknown ifindex 23 in RTM_DELADDR
01-06 06:25:29.899  2406  4514 E NetlinkEvent: Unknown ifindex 25 in RTM_DELADDR
01-06 06:39:36.799  2406  4514 E NetlinkEvent: Unknown ifindex 27 in RTM_DELADDR
01-06 06:39:36.799  2406  4514 E NetlinkEvent: Unknown ifindex 27 in RTM_DELADDR
01-06 06:40:46.689  2406  4514 E NetlinkEvent: Unknown ifindex 28 in RTM_DELADDR
01-06 06:40:46.689  2406  4514 E NetlinkEvent: Unknown ifindex 28 in RTM_DELADDR
01-06 06:40:54.759  2406  4514 E NetlinkEvent: Unknown ifindex 29 in RTM_DELADDR
01-06 06:48:27.519  2406  4514 E NetlinkEvent: Unknown ifindex 30 in RTM_DELADDR
01-06 06:48:27.519  2406  4514 E NetlinkEvent: Unknown ifindex 30 in RTM_DELADDR
01-06 06:59:17.909  2406  4514 E NetlinkEvent: Unknown ifindex 31 in RTM_DELADDR
01-06 06:59:17.909  2406  4514 E NetlinkEvent: Unknown ifindex 31 in RTM_DELADDR
01-06 07:05:35.439  2406  4514 E NetlinkEvent: Unknown ifindex 32 in RTM_DELADDR
01-06 07:12:29.989  2406  4514 E NetlinkEvent: Unknown ifindex 34 in RTM_DELADDR
01-06 07:13:02.769  2406  4514 E NetlinkEvent: Unknown ifindex 35 in RTM_DELADDR
01-06 07:13:10.129  2406  4514 E NetlinkEvent: Unknown ifindex 36 in RTM_DELADDR
01-06 07:13:10.129  2406  4514 E NetlinkEvent: Unknown ifindex 36 in RTM_DELADDR
--------- beginning of main
01-06 07:16:55.149   475   658 D ThermalEngine: sensor_wait: xo_therm Wait start. 5000ms
01-06 07:16:55.149   475   660 D ThermalEngine: sensor_monitor: case_therm Reading 31000 .
01-06 07:16:55.149   475   660 I ThermalEngine: Sensor:case_therm:31000 mC
01-06 07:16:55.149   475   660 D ThermalEngine: update_active_thresh: case_therm Active(1), Hi(1) 42000, Lo(0) -2147483648, Interval(1) 5000
01-06 07:16:55.149   475   660 D ThermalEngine: sensor_monitor: case_therm Sensor wait.
01-06 07:16:55.149   475   660 D ThermalEngine: sensor_wait: case_therm Wait start. 5000ms
01-06 07:16:55.509   485  8889 I MozMtp  : sessionEnded: 
01-06 07:16:55.509   485  8889 I MozMtp  : Run: MozMtpServer finished
01-06 07:16:55.519   485  1150 I AutoMounter: Stopping MtpServer
01-06 07:16:55.519   485  1150 I MozMtp  : ~MozMtpStorage: Storage destructed for Volume sdcard mStorageID 0x00010001
01-06 07:16:55.519   485  1150 I MozMtp  : StorageUnavailable: Removing mStorageID 0x00010001 from MtpServer
01-06 07:16:55.519   485   485 I DongleAutoMounter: Dongle USB Status : usb: 0, rndis: 0, retry: false
01-06 07:16:55.519   485   485 I DongleAutoMounter: Dongle disable debouncing start
01-06 07:16:55.519   485   485 I DongleAutoMounter: Dongle unpluged ?
01-06 07:16:55.519   485  1150 I MozMtp  : StorageUnavailable: Removing mStorageID 0x00010001 from MozMtpDatabse
01-06 07:16:55.519   485  1150 I AutoMounter: SetUsbFunction(default) sys.usb.config from 'mtp,adb' to 'diag,serial_smd,rmnet_qti_bam,adb'
01-06 07:16:55.529   485  1150 I AutoMounter: AutoMounter state changed from MTP_STARTED to IDLE
01-06 07:16:55.529   485  1150 I AutoMounter: UpdateState: ums:A0C0E0 mtp:A1C0E1 mode:3 usb:0 tryToShare:0 state:IDLE
01-06 07:16:55.529   485  1150 I AutoMounter: UpdateState: Volume sdcard is Mounted and inserted @ /data/usbmsc_mnt gen 1 locked 0 sharing x
01-06 07:16:55.549  5455  5455 D bt_btif : BTHF: device_status_notification
01-06 07:16:55.569   485   485 I GeckoConsole: QLOC: MozSettingShim: Got topic change:gonkhal-battery-notifier
01-06 07:16:55.569   485   485 D QLOC-OSAgent: POWERSTATE: 0
01-06 07:16:55.569   485   485 E IzatSvc_OSObserver: I/LocTech-Label :: OSOBSERVER :: Data Items In
01-06 07:16:55.569   485   485 E IzatSvc_OSObserver: I/LocTech-Value :: Data Item Value: IS_POWER_CONNECTED: false
01-06 07:16:55.569   485  2991 E LocSvc_api_v02: I/---> locClientSendReq line 2035 QMI_LOC_SET_EXTERNAL_POWER_CONFIG_REQ_V02
01-06 07:16:55.569   485  3030 E LocSvc_libulp: I/int ulp_msg_process_system_update(UlpSystemEvent): systemEvent:3 
01-06 07:16:55.569   485  3030 E LocSvc_libulp: I/int ulp_msg_process_start_req(), at ulp state = 1
01-06 07:16:55.569  5455  5455 D bt_btif : BTHF: device_status_notification
01-06 07:16:55.569   485  3021 E LocSvc_ApiV02: I/<--- void globalRespCb(locClientHandleType, uint32_t, locClientRespIndUnionType, uint32_t, void*) line 117 QMI_LOC_SET_EXTERNAL_POWER_CONFIG_REQ_V02
01-06 07:16:56.519   485   485 I DongleAutoMounter: Dongle disable tether
01-06 07:16:56.529   485   485 I DongleAutoMounter: SetDongleTetherDB aEnable : 0
01-06 07:16:56.529   485   485 I DongleAutoMounter: unplugged confirmed. reset retry Flag
01-06 07:16:56.549   485   485 I Gecko   : [SUB0] QCONTENT_HELPER Received observer notification: mozsettings-changed
01-06 07:16:57.399  2525  2525 E sdcard  : missing packages.list; retrying
01-06 07:17:00.149   475   658 D ThermalEngine: sensor_wait: xo_therm Wait done.
01-06 07:17:00.149   475   660 D ThermalEngine: sensor_wait: case_therm Wait done.
01-06 07:17:00.149   475   658 D ThermalEngine: sensor_monitor: xo_therm Reading 38000 .
01-06 07:17:00.149   475   658 I ThermalEngine: Sensor:xo_therm:38000 mC
01-06 07:17:00.149   475   658 D ThermalEngine: update_active_thresh: xo_therm Active(1), Hi(1) 40000, Lo(1) 37000, Interval(1) 5000
01-06 07:17:00.149   475   658 D ThermalEngine: sensor_monitor: xo_therm Sensor wait.
01-06 07:17:00.149   475   658 D ThermalEngine: sensor_wait: xo_therm Wait start. 5000ms
01-06 07:17:00.149   475   660 D ThermalEngine: sensor_monitor: case_therm Reading 31000 .
01-06 07:17:00.149   475   660 I ThermalEngine: Sensor:case_therm:31000 mC
01-06 07:17:00.149   475   660 D ThermalEngine: update_active_thresh: case_therm Active(1), Hi(1) 42000, Lo(0) -2147483648, Interval(1) 5000
01-06 07:17:00.149   475   660 D ThermalEngine: sensor_monitor: case_therm Sensor wait.
01-06 07:17:00.149   475   660 D ThermalEngine: sensor_wait: case_therm Wait start. 5000ms
01-06 07:17:00.399  2525  2525 E sdcard  : missing packages.list; retrying
01-06 07:17:03.399  2525  2525 E sdcard  : missing packages.list; retrying
01-06 07:17:05.149   475   658 D ThermalEngine: sensor_wait: xo_therm Wait done.
01-06 07:17:05.149   475   660 D ThermalEngine: sensor_wait: case_therm Wait done.
01-06 07:17:05.149   475   658 D ThermalEngine: sensor_monitor: xo_therm Reading 37000 .
01-06 07:17:05.149   475   658 I ThermalEngine: Sensor:xo_therm:37000 mC
01-06 07:17:05.149   475   658 D ThermalEngine: sensor_thresh_notify: Update recieved BATTERY-CHARGE-MONITOR 37000
01-06 07:17:05.149   475   658 D ThermalEngine: update_active_thresh: xo_therm Active(1), Hi(1) 40000, Lo(0) -2147483648, Interval(0) -1
01-06 07:17:05.149   475   658 D ThermalEngine: sensor_monitor: xo_therm Sensor wait.
01-06 07:17:05.149   475   658 D ThermalEngine: sensor_wait: xo_therm Wait start. 10000ms
01-06 07:17:05.149   475   709 D ThermalEngine: sensor_monitor: Thresh EVT
01-06 07:17:05.149   475   709 I ThermalEngine: Sensor:xo_therm:37000 mC
01-06 07:17:05.149   475   709 D ThermalEngine: TM Id BATTERY-CHARGE-MONITOR Sensor xo_therm Reading 37000
01-06 07:17:05.149   475   709 D ThermalEngine: handle_thresh_sig: TM Id BATTERY-CHARGE-MONITOR Sensor xo_therm Temp 37000
01-06 07:17:05.149   475   709 I ThermalEngine: TM Id 'BATTERY-CHARGE-MONITOR' Sensor 'xo_therm' - alarm cleared 1 at 37.0 degC
01-06 07:17:05.149   475   709 D ThermalEngine: sensor_update_thresholds: TM Id BATTERY-CHARGE-MONITOR Sensor xo_therm threshold_type -1, level 0
01-06 07:17:05.149   475   709 D ThermalEngine: sensors_manager_set_thresh_lvl: xo_therm Hi(1) 39000, Lo(0) 37000, Interval(1) 5000
01-06 07:17:05.149   475   709 D ThermalEngine: update_active_thresh: xo_therm Active(1), Hi(1) 39000, Lo(0) -2147483648, Interval(1) 5000
01-06 07:17:05.149   475   709 D ThermalEngine: Clearing all alarms
01-06 07:17:05.149   475   709 D ThermalEngine: device_clnt_cancel_request: DEV battery
01-06 07:17:05.149   475   709 D ThermalEngine: ACTION: BATTERY - Setting battery charging mitigation to 0
01-06 07:17:05.149   475   709 I ThermalEngine: Mitigation:Battery:0
01-06 07:17:05.149   475   709 D ThermalEngine: sensor_monitor: Wait for EV
01-06 07:17:05.159   475   660 D ThermalEngine: sensor_monitor: case_therm Reading 31000 .
01-06 07:17:05.159   475   660 I ThermalEngine: Sensor:case_therm:31000 mC
01-06 07:17:05.159   475   660 D ThermalEngine: update_active_thresh: case_therm Active(1), Hi(1) 42000, Lo(0) -2147483648, Interval(1) 5000
01-06 07:17:05.159   475   660 D ThermalEngine: sensor_monitor: case_therm Sensor wait.
01-06 07:17:05.159   475   660 D ThermalEngine: sensor_wait: case_therm Wait start. 5000ms
01-06 07:17:05.179  5455  5455 D bt_btif : BTHF: device_status_notification
01-06 07:17:05.179  5455  5455 D bt_btif : BTHF: device_status_notification
01-06 07:17:05.189   485   485 I GeckoConsole: QLOC: MozSettingShim: Got topic change:gonkhal-battery-notifier
01-06 07:17:06.179   680   680 D VM_BMS  : wake_lock acquired
01-06 07:17:06.179   680   680 D VM_BMS  : New BMS data - Size=56
01-06 07:17:06.179   680   680 D VM_BMS  : Start process_bms_data
01-06 07:17:06.189   680   680 D VM_BMS  : For batt_temp=303 fcc_mah=2030
01-06 07:17:06.189   680   680 D VM_BMS  : For ocv=3792980 batt_temp=303 soc=49
01-06 07:17:06.189   680   680 D VM_BMS  : fifo_count=5 acc_count=0
01-06 07:17:06.189   680   680 D VM_BMS  : INIT: ocv=3792980 last_ocv=3792980 batt_temp=303 soc=49
01-06 07:17:06.189   680   680 D VM_BMS  : For soc=49 batt_temp=303 slope=2800
01-06 07:17:06.189   680   680 D VM_BMS  : For soc=49 batt_temp=303 rbatt_sf=96
01-06 07:17:06.189   680   680 D VM_BMS  : rbatt_mohm_default=136, rbatt_mohm=130, sf=96 batt_temp=303
01-06 07:17:06.189   680   680 D VM_BMS  : For ocv=3793049 batt_temp=303 soc=49
01-06 07:17:06.189   680   680 D VM_BMS  : FIFO=0 fifo_avg=3.829654 rbatt=0.180000 slope=0.280000 ibatt=-0.203550 ocv=3.793050 soc=49 fcc_ah=2.030000 sample_count=128 sample_interval=70 seq_num=78
01-06 07:17:06.189   680   680 D VM_BMS  : For soc=49 batt_temp=303 slope=2800
01-06 07:17:06.189   680   680 D VM_BMS  : For soc=49 batt_temp=303 rbatt_sf=96
01-06 07:17:06.189   680   680 D VM_BMS  : rbatt_mohm_default=136, rbatt_mohm=130, sf=96 batt_temp=303
01-06 07:17:06.189   680   680 D VM_BMS  : For ocv=3793139 batt_temp=303 soc=49
01-06 07:17:06.189   680   680 D VM_BMS  : FIFO=1 fifo_avg=3.840536 rbatt=0.180000 slope=0.280000 ibatt=-0.263565 ocv=3.793140 soc=49 fcc_ah=2.030000 sample_count=128 sample_interval=70 seq_num=78
01-06 07:17:06.189   680   680 D VM_BMS  : For soc=49 batt_temp=303 slope=2800
01-06 07:17:06.189   680   680 D VM_BMS  : For soc=49 batt_temp=303 rbatt_sf=96
01-06 07:17:06.189   680   680 D VM_BMS  : rbatt_mohm_default=136, rbatt_mohm=130, sf=96 batt_temp=303
01-06 07:17:06.189   680   680 D VM_BMS  : For ocv=3793234 batt_temp=303 soc=49
01-06 07:17:06.189   680   680 D VM_BMS  : FIFO=2 fifo_avg=3.843181 rbatt=0.180000 slope=0.280000 ibatt=-0.277746 ocv=3.793234 soc=49 fcc_ah=2.030000 sample_count=128 sample_interval=70 seq_num=78
01-06 07:17:06.189   680   680 D VM_BMS  : For soc=49 batt_temp=303 slope=2800
01-06 07:17:06.189   680   680 D VM_BMS  : For soc=49 batt_temp=303 rbatt_sf=96
01-06 07:17:06.189   680   680 D VM_BMS  : rbatt_mohm_default=136, rbatt_mohm=130, sf=96 batt_temp=303
01-06 07:17:06.189   680   680 D VM_BMS  : For ocv=3793318 batt_temp=303 soc=49
01-06 07:17:06.189   680   680 D VM_BMS  : FIFO=3 fifo_avg=3.837580 rbatt=0.180000 slope=0.280000 ibatt=-0.246131 ocv=3.793319 soc=49 fcc_ah=2.030000 sample_count=128 sample_interval=70 seq_num=78
01-06 07:17:06.189   680   680 D VM_BMS  : For soc=49 batt_temp=303 slope=2800
01-06 07:17:06.189   680   680 D VM_BMS  : For soc=49 batt_temp=303 rbatt_sf=96
01-06 07:17:06.189   680   680 D VM_BMS  : rbatt_mohm_default=136, rbatt_mohm=130, sf=96 batt_temp=303
01-06 07:17:06.189   680   680 D VM_BMS  : For ocv=3793292 batt_temp=303 soc=49
01-06 07:17:06.189   680   680 D VM_BMS  : FIFO=4 fifo_avg=3.779993 rbatt=0.180000 slope=0.280000 ibatt=0.073957 ocv=3.793293 soc=49 fcc_ah=2.030000 sample_count=128 sample_interval=70 seq_num=78
01-06 07:17:06.189   680   680 I VM_BMS  : power_supply_update: ocv_uv=3793292 ibatt=73957 soc=49 seq_num=78
01-06 07:17:06.189   680   680 D VM_BMS  : End process_bms_data
01-06 07:17:06.189   680   680 D VM_BMS  : wake_lock released
01-06 07:17:06.399  2525  2525 E sdcard  : missing packages.list; retrying
01-06 07:17:09.399  2525  2525 E sdcard  : missing packages.list; retrying
01-06 07:17:10.159   475   660 D ThermalEngine: sensor_wait: case_therm Wait done.
01-06 07:17:10.159   475   660 D ThermalEngine: sensor_monitor: case_therm Reading 31000 .
01-06 07:17:10.159   475   660 I ThermalEngine: Sensor:case_therm:31000 mC
01-06 07:17:10.159   475   660 D ThermalEngine: update_active_thresh: case_therm Active(1), Hi(1) 42000, Lo(0) -2147483648, Interval(1) 5000
01-06 07:17:10.159   475   660 D ThermalEngine: sensor_monitor: case_therm Sensor wait.
01-06 07:17:10.159   475   660 D ThermalEngine: sensor_wait: case_therm Wait start. 5000ms
01-06 07:17:12.399  2525  2525 E sdcard  : missing packages.list; retrying
01-06 07:17:15.149   475   658 D ThermalEngine: sensor_wait: xo_therm Wait done.
01-06 07:17:15.149   475   658 D ThermalEngine: sensor_monitor: xo_therm Reading 36000 .
01-06 07:17:15.149   475   658 I ThermalEngine: Sensor:xo_therm:36000 mC
01-06 07:17:15.149   475   658 D ThermalEngine: update_active_thresh: xo_therm Active(1), Hi(1) 39000, Lo(0) -2147483648, Interval(1) 5000
01-06 07:17:15.149   475   658 D ThermalEngine: sensor_monitor: xo_therm Sensor wait.
01-06 07:17:15.149   475   658 D ThermalEngine: sensor_wait: xo_therm Wait start. 5000ms
01-06 07:17:15.159   475   660 D ThermalEngine: sensor_wait: case_therm Wait done.
01-06 07:17:15.159   475   660 D ThermalEngine: sensor_monitor: case_therm Reading 31000 .
01-06 07:17:15.159   475   660 I ThermalEngine: Sensor:case_therm:31000 mC
01-06 07:17:15.159   475   660 D ThermalEngine: update_active_thresh: case_therm Active(1), Hi(1) 42000, Lo(0) -2147483648, Interval(1) 5000
01-06 07:17:15.159   475   660 D ThermalEngine: sensor_monitor: case_therm Sensor wait.
01-06 07:17:15.159   475   660 D ThermalEngine: sensor_wait: case_therm Wait start. 5000ms
01-06 07:17:15.399  2525  2525 E sdcard  : missing packages.list; retrying
01-06 07:17:18.409  2525  2525 E sdcard  : missing packages.list; retrying
01-06 07:17:20.159   475   658 D ThermalEngine: sensor_wait: xo_therm Wait done.
01-06 07:17:20.159   475   658 D ThermalEngine: sensor_monitor: xo_therm Reading 36000 .
01-06 07:17:20.159   475   658 I ThermalEngine: Sensor:xo_therm:36000 mC
01-06 07:17:20.159   475   658 D ThermalEngine: update_active_thresh: xo_therm Active(1), Hi(1) 39000, Lo(0) -2147483648, Interval(1) 5000
01-06 07:17:20.159   475   658 D ThermalEngine: sensor_monitor: xo_therm Sensor wait.
01-06 07:17:20.159   475   658 D ThermalEngine: sensor_wait: xo_therm Wait start. 5000ms
01-06 07:17:20.159   475   660 D ThermalEngine: sensor_wait: case_therm Wait done.
01-06 07:17:20.159   475   660 D ThermalEngine: sensor_monitor: case_therm Reading 31000 .
01-06 07:17:20.159   475   660 I ThermalEngine: Sensor:case_therm:31000 mC
01-06 07:17:20.159   475   660 D ThermalEngine: update_active_thresh: case_therm Active(1), Hi(1) 42000, Lo(0) -2147483648, Interval(1) 5000
01-06 07:17:20.159   475   660 D ThermalEngine: sensor_monitor: case_therm Sensor wait.
01-06 07:17:20.159   475   660 D ThermalEngine: sensor_wait: case_therm Wait start. 5000ms
01-06 07:17:21.399  2525  2525 E sdcard  : missing packages.list; retrying
01-06 07:17:24.409  2525  2525 E sdcard  : missing packages.list; retrying
01-06 07:17:25.159   475   658 D ThermalEngine: sensor_wait: xo_therm Wait done.
01-06 07:17:25.159   475   658 D ThermalEngine: sensor_monitor: xo_therm Reading 35000 .
01-06 07:17:25.159   475   658 I ThermalEngine: Sensor:xo_therm:35000 mC
01-06 07:17:25.159   475   658 D ThermalEngine: update_active_thresh: xo_therm Active(1), Hi(1) 39000, Lo(0) -2147483648, Interval(1) 5000
01-06 07:17:25.159   475   658 D ThermalEngine: sensor_monitor: xo_therm Sensor wait.
01-06 07:17:25.159   475   658 D ThermalEngine: sensor_wait: xo_therm Wait start. 5000ms
01-06 07:17:25.159   475   660 D ThermalEngine: sensor_wait: case_therm Wait done.
01-06 07:17:25.169   475   660 D ThermalEngine: sensor_monitor: case_therm Reading 31000 .
01-06 07:17:25.169   475   660 I ThermalEngine: Sensor:case_therm:31000 mC
01-06 07:17:25.169   475   660 D ThermalEngine: update_active_thresh: case_therm Active(1), Hi(1) 42000, Lo(0) -2147483648, Interval(1) 5000
01-06 07:17:25.169   475   660 D ThermalEngine: sensor_monitor: case_therm Sensor wait.
01-06 07:17:25.169   475   660 D ThermalEngine: sensor_wait: case_therm Wait start. 5000ms
01-06 07:17:27.409  2525  2525 E sdcard  : missing packages.list; retrying
01-06 07:17:30.159   475   658 D ThermalEngine: sensor_wait: xo_therm Wait done.
01-06 07:17:30.159   475   658 D ThermalEngine: sensor_monitor: xo_therm Reading 35000 .
01-06 07:17:30.159   475   658 I ThermalEngine: Sensor:xo_therm:35000 mC
01-06 07:17:30.159   475   658 D ThermalEngine: update_active_thresh: xo_therm Active(1), Hi(1) 39000, Lo(0) -2147483648, Interval(1) 5000
01-06 07:17:30.159   475   658 D ThermalEngine: sensor_monitor: xo_therm Sensor wait.
01-06 07:17:30.159   475   658 D ThermalEngine: sensor_wait: xo_therm Wait start. 5000ms
01-06 07:17:30.169   475   660 D ThermalEngine: sensor_wait: case_therm Wait done.
01-06 07:17:30.169   475   660 D ThermalEngine: sensor_monitor: case_therm Reading 31000 .
01-06 07:17:30.169   475   660 I ThermalEngine: Sensor:case_therm:31000 mC
01-06 07:17:30.169   475   660 D ThermalEngine: update_active_thresh: case_therm Active(1), Hi(1) 42000, Lo(0) -2147483648, Interval(1) 5000
01-06 07:17:30.169   475   660 D ThermalEngine: sensor_monitor: case_therm Sensor wait.
01-06 07:17:30.169   475   660 D ThermalEngine: sensor_wait: case_therm Wait start. 5000ms
01-06 07:17:30.409  2525  2525 E sdcard  : missing packages.list; retrying
01-06 07:17:33.409  2525  2525 E sdcard  : missing packages.list; retrying
01-06 07:17:35.169   475   658 D ThermalEngine: sensor_wait: xo_therm Wait done.
01-06 07:17:35.169   475   658 D ThermalEngine: sensor_monitor: xo_therm Reading 35000 .
01-06 07:17:35.169   475   658 I ThermalEngine: Sensor:xo_therm:35000 mC
01-06 07:17:35.169   475   658 D ThermalEngine: update_active_thresh: xo_therm Active(1), Hi(1) 39000, Lo(0) -2147483648, Interval(1) 5000
01-06 07:17:35.169   475   658 D ThermalEngine: sensor_monitor: xo_therm Sensor wait.
01-06 07:17:35.169   475   658 D ThermalEngine: sensor_wait: xo_therm Wait start. 5000ms
01-06 07:17:35.169   475   660 D ThermalEngine: sensor_wait: case_therm Wait done.
01-06 07:17:35.169   475   660 D ThermalEngine: sensor_monitor: case_therm Reading 31000 .
01-06 07:17:35.169   475   660 I ThermalEngine: Sensor:case_therm:31000 mC
01-06 07:17:35.169   475   660 D ThermalEngine: update_active_thresh: case_therm Active(1), Hi(1) 42000, Lo(0) -2147483648, Interval(1) 5000
01-06 07:17:35.169   475   660 D ThermalEngine: sensor_monitor: case_therm Sensor wait.
01-06 07:17:35.169   475   660 D ThermalEngine: sensor_wait: case_therm Wait start. 5000ms
01-06 07:17:36.409  2525  2525 E sdcard  : missing packages.list; retrying
01-06 07:17:39.409  2525  2525 E sdcard  : missing packages.list; retrying
01-06 07:17:40.169   475   658 D ThermalEngine: sensor_wait: xo_therm Wait done.
01-06 07:17:40.169   475   658 D ThermalEngine: sensor_monitor: xo_therm Reading 35000 .
01-06 07:17:40.169   475   658 I ThermalEngine: Sensor:xo_therm:35000 mC
01-06 07:17:40.169   475   658 D ThermalEngine: update_active_thresh: xo_therm Active(1), Hi(1) 39000, Lo(0) -2147483648, Interval(1) 5000
01-06 07:17:40.169   475   658 D ThermalEngine: sensor_monitor: xo_therm Sensor wait.
01-06 07:17:40.169   475   658 D ThermalEngine: sensor_wait: xo_therm Wait start. 5000ms
01-06 07:17:40.169   475   660 D ThermalEngine: sensor_wait: case_therm Wait done.
01-06 07:17:40.169   475   660 D ThermalEngine: sensor_monitor: case_therm Reading 31000 .
01-06 07:17:40.169   475   660 I ThermalEngine: Sensor:case_therm:31000 mC
01-06 07:17:40.169   475   660 D ThermalEngine: update_active_thresh: case_therm Active(1), Hi(1) 42000, Lo(0) -2147483648, Interval(1) 5000
01-06 07:17:40.169   475   660 D ThermalEngine: sensor_monitor: case_therm Sensor wait.
01-06 07:17:40.169   475   660 D ThermalEngine: sensor_wait: case_therm Wait start. 5000ms
01-06 07:17:42.419  2525  2525 E sdcard  : missing packages.list; retrying
01-06 07:17:45.169   475   658 D ThermalEngine: sensor_wait: xo_therm Wait done.
01-06 07:17:45.169   475   660 D ThermalEngine: sensor_wait: case_therm Wait done.
01-06 07:17:45.169   475   658 D ThermalEngine: sensor_monitor: xo_therm Reading 35000 .
01-06 07:17:45.169   475   658 I ThermalEngine: Sensor:xo_therm:35000 mC
01-06 07:17:45.169   475   658 D ThermalEngine: update_active_thresh: xo_therm Active(1), Hi(1) 39000, Lo(0) -2147483648, Interval(1) 5000
01-06 07:17:45.169   475   658 D ThermalEngine: sensor_monitor: xo_therm Sensor wait.
01-06 07:17:45.169   475   658 D ThermalEngine: sensor_wait: xo_therm Wait start. 5000ms
01-06 07:17:45.169   475   660 D ThermalEngine: sensor_monitor: case_therm Reading 31000 .
01-06 07:17:45.169   475   660 I ThermalEngine: Sensor:case_therm:31000 mC
01-06 07:17:45.169   475   660 D ThermalEngine: update_active_thresh: case_therm Active(1), Hi(1) 42000, Lo(0) -2147483648, Interval(1) 5000
01-06 07:17:45.169   475   660 D ThermalEngine: sensor_monitor: case_therm Sensor wait.
01-06 07:17:45.169   475   660 D ThermalEngine: sensor_wait: case_therm Wait start. 5000ms
01-06 07:17:45.419  2525  2525 E sdcard  : missing packages.list; retrying
01-06 07:17:48.419  2525  2525 E sdcard  : missing packages.list; retrying
01-06 07:17:50.179   475   658 D ThermalEngine: sensor_wait: xo_therm Wait done.
01-06 07:17:50.179   475   660 D ThermalEngine: sensor_wait: case_therm Wait done.
01-06 07:17:50.179   475   658 D ThermalEngine: sensor_monitor: xo_therm Reading 35000 .
01-06 07:17:50.179   475   658 I ThermalEngine: Sensor:xo_therm:35000 mC
01-06 07:17:50.179   475   658 D ThermalEngine: update_active_thresh: xo_therm Active(1), Hi(1) 39000, Lo(0) -2147483648, Interval(1) 5000
01-06 07:17:50.179   475   658 D ThermalEngine: sensor_monitor: xo_therm Sensor wait.
01-06 07:17:50.179   475   658 D ThermalEngine: sensor_wait: xo_therm Wait start. 5000ms
01-06 07:17:50.179   475   660 D ThermalEngine: sensor_monitor: case_therm Reading 31000 .
01-06 07:17:50.179   475   660 I ThermalEngine: Sensor:case_therm:31000 mC
01-06 07:17:50.179   475   660 D ThermalEngine: update_active_thresh: case_therm Active(1), Hi(1) 42000, Lo(0) -2147483648, Interval(1) 5000
01-06 07:17:50.179   475   660 D ThermalEngine: sensor_monitor: case_therm Sensor wait.
01-06 07:17:50.179   475   660 D ThermalEngine: sensor_wait: case_therm Wait start. 5000ms
01-06 07:17:51.419  2525  2525 E sdcard  : missing packages.list; retrying
01-06 07:17:54.329   680   680 D VM_BMS  : wake_lock acquired
01-06 07:17:54.329   680   680 D VM_BMS  : New BMS data - Size=56
01-06 07:17:54.329   680   680 D VM_BMS  : Start process_bms_data
01-06 07:17:54.329   680   680 D VM_BMS  : For batt_temp=299 fcc_mah=2030
01-06 07:17:54.329   680   680 D VM_BMS  : For ocv=3793292 batt_temp=299 soc=49
01-06 07:17:54.329   680   680 D VM_BMS  : fifo_count=5 acc_count=0
01-06 07:17:54.329   680   680 D VM_BMS  : INIT: ocv=3793292 last_ocv=3793292 batt_temp=299 soc=49
01-06 07:17:54.329   680   680 D VM_BMS  : For soc=49 batt_temp=299 slope=2800
01-06 07:17:54.329   680   680 D VM_BMS  : For soc=49 batt_temp=299 rbatt_sf=97
01-06 07:17:54.329   680   680 D VM_BMS  : rbatt_mohm_default=136, rbatt_mohm=131, sf=97 batt_temp=299
01-06 07:17:54.329   680   680 D VM_BMS  : For ocv=3793261 batt_temp=299 soc=49
01-06 07:17:54.329   680   680 D VM_BMS  : FIFO=0 fifo_avg=3.777168 rbatt=0.181000 slope=0.280000 ibatt=0.088999 ocv=3.793262 soc=49 fcc_ah=2.030000 sample_count=128 sample_interval=70 seq_num=79
01-06 07:17:54.329   680   680 D VM_BMS  : For soc=49 batt_temp=299 slope=2800
01-06 07:17:54.329   680   680 D VM_BMS  : For soc=49 batt_temp=299 rbatt_sf=97
01-06 07:17:54.329   680   680 D VM_BMS  : rbatt_mohm_default=136, rbatt_mohm=131, sf=97 batt_temp=299
01-06 07:17:54.329   680   680 D VM_BMS  : For ocv=3793229 batt_temp=299 soc=49
01-06 07:17:54.329   680   680 D VM_BMS  : FIFO=1 fifo_avg=3.776566 rbatt=0.181000 slope=0.280000 ibatt=0.092150 ocv=3.793229 soc=49 fcc_ah=2.030000 sample_count=128 sample_interval=70 seq_num=79
01-06 07:17:54.329   680   680 D VM_BMS  : For soc=49 batt_temp=299 slope=2800
01-06 07:17:54.329   680   680 D VM_BMS  : For soc=49 batt_temp=299 rbatt_sf=97
01-06 07:17:54.329   680   680 D VM_BMS  : rbatt_mohm_default=136, rbatt_mohm=131, sf=97 batt_temp=299
01-06 07:17:54.329   680   680 D VM_BMS  : For ocv=3793197 batt_temp=299 soc=49
01-06 07:17:54.329   680   680 D VM_BMS  : FIFO=2 fifo_avg=3.776275 rbatt=0.181000 slope=0.280000 ibatt=0.093581 ocv=3.793197 soc=49 fcc_ah=2.030000 sample_count=128 sample_interval=70 seq_num=79
01-06 07:17:54.329   680   680 D VM_BMS  : For soc=49 batt_temp=299 slope=2800
01-06 07:17:54.329   680   680 D VM_BMS  : For soc=49 batt_temp=299 rbatt_sf=97
01-06 07:17:54.329   680   680 D VM_BMS  : rbatt_mohm_default=136, rbatt_mohm=131, sf=97 batt_temp=299
01-06 07:17:54.329   680   680 D VM_BMS  : For ocv=3793163 batt_temp=299 soc=49
01-06 07:17:54.329   680   680 D VM_BMS  : FIFO=3 fifo_avg=3.775385 rbatt=0.181000 slope=0.280000 ibatt=0.098316 ocv=3.793163 soc=49 fcc_ah=2.030000 sample_count=128 sample_interval=70 seq_num=79
01-06 07:17:54.329   680   680 D VM_BMS  : For soc=49 batt_temp=299 slope=2800
01-06 07:17:54.329   680   680 D VM_BMS  : For soc=49 batt_temp=299 rbatt_sf=97
01-06 07:17:54.329   680   680 D VM_BMS  : rbatt_mohm_default=136, rbatt_mohm=131, sf=97 batt_temp=299
01-06 07:17:54.329   680   680 D VM_BMS  : For ocv=3793127 batt_temp=299 soc=49
01-06 07:17:54.329   680   680 D VM_BMS  : FIFO=4 fifo_avg=3.774209 rbatt=0.181000 slope=0.280000 ibatt=0.104619 ocv=3.793127 soc=49 fcc_ah=2.030000 sample_count=128 sample_interval=70 seq_num=79
01-06 07:17:54.329   680   680 I VM_BMS  : power_supply_update: ocv_uv=3793127 ibatt=104619 soc=49 seq_num=79
01-06 07:17:54.329   680   680 D VM_BMS  : End process_bms_data
01-06 07:17:54.329   680   680 D VM_BMS  : wake_lock released
01-06 07:17:54.419  2525  2525 E sdcard  : missing packages.list; retrying
01-06 07:17:55.179   475   658 D ThermalEngine: sensor_wait: xo_therm Wait done.
01-06 07:17:55.179   475   660 D ThermalEngine: sensor_wait: case_therm Wait done.
01-06 07:17:55.179   475   658 D ThermalEngine: sensor_monitor: xo_therm Reading 35000 .
01-06 07:17:55.179   475   658 I ThermalEngine: Sensor:xo_therm:35000 mC
01-06 07:17:55.179   475   658 D ThermalEngine: update_active_thresh: xo_therm Active(1), Hi(1) 39000, Lo(0) -2147483648, Interval(1) 5000
01-06 07:17:55.179   475   658 D ThermalEngine: sensor_monitor: xo_therm Sensor wait.
01-06 07:17:55.179   475   658 D ThermalEngine: sensor_wait: xo_therm Wait start. 5000ms
01-06 07:17:55.179   475   660 D ThermalEngine: sensor_monitor: case_therm Reading 30000 .
01-06 07:17:55.179   475   660 I ThermalEngine: Sensor:case_therm:30000 mC
01-06 07:17:55.179   475   660 D ThermalEngine: update_active_thresh: case_therm Active(1), Hi(1) 42000, Lo(0) -2147483648, Interval(1) 5000
01-06 07:17:55.179   475   660 D ThermalEngine: sensor_monitor: case_therm Sensor wait.
01-06 07:17:55.179   475   660 D ThermalEngine: sensor_wait: case_therm Wait start. 5000ms
01-06 07:17:57.419  2525  2525 E sdcard  : missing packages.list; retrying
01-06 07:18:00.179   475   658 D ThermalEngine: sensor_wait: xo_therm Wait done.
01-06 07:18:00.179   475   660 D ThermalEngine: sensor_wait: case_therm Wait done.
01-06 07:18:00.179   475   658 D ThermalEngine: sensor_monitor: xo_therm Reading 34000 .
01-06 07:18:00.179   475   658 I ThermalEngine: Sensor:xo_therm:34000 mC
01-06 07:18:00.179   475   658 D ThermalEngine: update_active_thresh: xo_therm Active(1), Hi(1) 39000, Lo(0) -2147483648, Interval(1) 5000
01-06 07:18:00.179   475   658 D ThermalEngine: sensor_monitor: xo_therm Sensor wait.
01-06 07:18:00.179   475   658 D ThermalEngine: sensor_wait: xo_therm Wait start. 5000ms
01-06 07:18:00.179   475   660 D ThermalEngine: sensor_monitor: case_therm Reading 30000 .
01-06 07:18:00.179   475   660 I ThermalEngine: Sensor:case_therm:30000 mC
01-06 07:18:00.179   475   660 D ThermalEngine: update_active_thresh: case_therm Active(1), Hi(1) 42000, Lo(0) -2147483648, Interval(1) 5000
01-06 07:18:00.179   475   660 D ThermalEngine: sensor_monitor: case_therm Sensor wait.
01-06 07:18:00.179   475   660 D ThermalEngine: sensor_wait: case_therm Wait start. 5000ms
01-06 07:18:00.419  2525  2525 E sdcard  : missing packages.list; retrying
01-06 07:18:03.419  2525  2525 E sdcard  : missing packages.list; retrying
01-06 07:18:05.179   475   658 D ThermalEngine: sensor_wait: xo_therm Wait done.
01-06 07:18:05.179   475   658 D ThermalEngine: sensor_monitor: xo_therm Reading 34000 .
01-06 07:18:05.179   475   658 I ThermalEngine: Sensor:xo_therm:34000 mC
01-06 07:18:05.179   475   658 D ThermalEngine: update_active_thresh: xo_therm Active(1), Hi(1) 39000, Lo(0) -2147483648, Interval(1) 5000
01-06 07:18:05.179   475   658 D ThermalEngine: sensor_monitor: xo_therm Sensor wait.
01-06 07:18:05.179   475   658 D ThermalEngine: sensor_wait: xo_therm Wait start. 5000ms
01-06 07:18:05.179   475   660 D ThermalEngine: sensor_wait: case_therm Wait done.
01-06 07:18:05.179   475   660 D ThermalEngine: sensor_monitor: case_therm Reading 30000 .
01-06 07:18:05.179   475   660 I ThermalEngine: Sensor:case_therm:30000 mC
01-06 07:18:05.179   475   660 D ThermalEngine: update_active_thresh: case_therm Active(1), Hi(1) 42000, Lo(0) -2147483648, Interval(1) 5000
01-06 07:18:05.179   475   660 D ThermalEngine: sensor_monitor: case_therm Sensor wait.
01-06 07:18:05.179   475   660 D ThermalEngine: sensor_wait: case_therm Wait start. 5000ms
01-06 07:18:06.419  2525  2525 E sdcard  : missing packages.list; retrying
01-06 07:18:09.429  2525  2525 E sdcard  : missing packages.list; retrying
01-06 07:18:10.189   475   658 D ThermalEngine: sensor_wait: xo_therm Wait done.
01-06 07:18:10.189   475   660 D ThermalEngine: sensor_wait: case_therm Wait done.
01-06 07:18:10.189   475   658 D ThermalEngine: sensor_monitor: xo_therm Reading 34000 .
01-06 07:18:10.189   475   658 I ThermalEngine: Sensor:xo_therm:34000 mC
01-06 07:18:10.189   475   658 D ThermalEngine: update_active_thresh: xo_therm Active(1), Hi(1) 39000, Lo(0) -2147483648, Interval(1) 5000
01-06 07:18:10.189   475   658 D ThermalEngine: sensor_monitor: xo_therm Sensor wait.
01-06 07:18:10.189   475   658 D ThermalEngine: sensor_wait: xo_therm Wait start. 5000ms
01-06 07:18:10.189   475   660 D ThermalEngine: sensor_monitor: case_therm Reading 30000 .
01-06 07:18:10.189   475   660 I ThermalEngine: Sensor:case_therm:30000 mC
01-06 07:18:10.189   475   660 D ThermalEngine: update_active_thresh: case_therm Active(1), Hi(1) 42000, Lo(0) -2147483648, Interval(1) 5000
01-06 07:18:10.189   475   660 D ThermalEngine: sensor_monitor: case_therm Sensor wait.
01-06 07:18:10.189   475   660 D ThermalEngine: sensor_wait: case_therm Wait start. 5000ms
01-06 07:18:12.429  2525  2525 E sdcard  : missing packages.list; retrying
01-06 07:18:15.189   475   658 D ThermalEngine: sensor_wait: xo_therm Wait done.
01-06 07:18:15.189   475   660 D ThermalEngine: sensor_wait: case_therm Wait done.
01-06 07:18:15.189   475   658 D ThermalEngine: sensor_monitor: xo_therm Reading 34000 .
01-06 07:18:15.189   475   658 I ThermalEngine: Sensor:xo_therm:34000 mC
01-06 07:18:15.189   475   658 D ThermalEngine: update_active_thresh: xo_therm Active(1), Hi(1) 39000, Lo(0) -2147483648, Interval(1) 5000
01-06 07:18:15.189   475   658 D ThermalEngine: sensor_monitor: xo_therm Sensor wait.
01-06 07:18:15.189   475   658 D ThermalEngine: sensor_wait: xo_therm Wait start. 5000ms
01-06 07:18:15.189   475   660 D ThermalEngine: sensor_monitor: case_therm Reading 30000 .
01-06 07:18:15.189   475   660 I ThermalEngine: Sensor:case_therm:30000 mC
01-06 07:18:15.189   475   660 D ThermalEngine: update_active_thresh: case_therm Active(1), Hi(1) 42000, Lo(0) -2147483648, Interval(1) 5000
01-06 07:18:15.189   475   660 D ThermalEngine: sensor_monitor: case_therm Sensor wait.
01-06 07:18:15.189   475   660 D ThermalEngine: sensor_wait: case_therm Wait start. 5000ms
01-06 07:18:15.429  2525  2525 E sdcard  : missing packages.list; retrying
01-06 07:18:18.429  2525  2525 E sdcard  : missing packages.list; retrying
01-06 07:18:20.189   475   658 D ThermalEngine: sensor_wait: xo_therm Wait done.
01-06 07:18:20.189   475   658 D ThermalEngine: sensor_monitor: xo_therm Reading 34000 .
01-06 07:18:20.189   475   658 I ThermalEngine: Sensor:xo_therm:34000 mC
01-06 07:18:20.189   475   658 D ThermalEngine: update_active_thresh: xo_therm Active(1), Hi(1) 39000, Lo(0) -2147483648, Interval(1) 5000
01-06 07:18:20.189   475   658 D ThermalEngine: sensor_monitor: xo_therm Sensor wait.
01-06 07:18:20.189   475   658 D ThermalEngine: sensor_wait: xo_therm Wait start. 5000ms
01-06 07:18:20.189   475   660 D ThermalEngine: sensor_wait: case_therm Wait done.
01-06 07:18:20.189   475   660 D ThermalEngine: sensor_monitor: case_therm Reading 30000 .
01-06 07:18:20.189   475   660 I ThermalEngine: Sensor:case_therm:30000 mC
01-06 07:18:20.189   475   660 D ThermalEngine: update_active_thresh: case_therm Active(1), Hi(1) 42000, Lo(0) -2147483648, Interval(1) 5000
01-06 07:18:20.189   475   660 D ThermalEngine: sensor_monitor: case_therm Sensor wait.
01-06 07:18:20.189   475   660 D ThermalEngine: sensor_wait: case_therm Wait start. 5000ms
01-06 07:18:21.429  2525  2525 E sdcard  : missing packages.list; retrying
01-06 07:18:24.429  2525  2525 E sdcard  : missing packages.list; retrying
01-06 07:18:25.189   475   658 D ThermalEngine: sensor_wait: xo_therm Wait done.
01-06 07:18:25.189   475   658 D ThermalEngine: sensor_monitor: xo_therm Reading 34000 .
01-06 07:18:25.189   475   658 I ThermalEngine: Sensor:xo_therm:34000 mC
01-06 07:18:25.189   475   658 D ThermalEngine: update_active_thresh: xo_therm Active(1), Hi(1) 39000, Lo(0) -2147483648, Interval(1) 5000
01-06 07:18:25.189   475   658 D ThermalEngine: sensor_monitor: xo_therm Sensor wait.
01-06 07:18:25.189   475   658 D ThermalEngine: sensor_wait: xo_therm Wait start. 5000ms
01-06 07:18:25.189   475   660 D ThermalEngine: sensor_wait: case_therm Wait done.
01-06 07:18:25.189   475   660 D ThermalEngine: sensor_monitor: case_therm Reading 30000 .
01-06 07:18:25.189   475   660 I ThermalEngine: Sensor:case_therm:30000 mC
01-06 07:18:25.189   475   660 D ThermalEngine: update_active_thresh: case_therm Active(1), Hi(1) 42000, Lo(0) -2147483648, Interval(1) 5000
01-06 07:18:25.189   475   660 D ThermalEngine: sensor_monitor: case_therm Sensor wait.
01-06 07:18:25.189   475   660 D ThermalEngine: sensor_wait: case_therm Wait start. 5000ms
01-06 07:18:27.429  2525  2525 E sdcard  : missing packages.list; retrying
01-06 07:18:30.199   475   658 D ThermalEngine: sensor_wait: xo_therm Wait done.
01-06 07:18:30.199   475   660 D ThermalEngine: sensor_wait: case_therm Wait done.
01-06 07:18:30.199   475   658 D ThermalEngine: sensor_monitor: xo_therm Reading 34000 .
01-06 07:18:30.199   475   658 I ThermalEngine: Sensor:xo_therm:34000 mC
01-06 07:18:30.199   475   658 D ThermalEngine: update_active_thresh: xo_therm Active(1), Hi(1) 39000, Lo(0) -2147483648, Interval(1) 5000
01-06 07:18:30.199   475   658 D ThermalEngine: sensor_monitor: xo_therm Sensor wait.
01-06 07:18:30.199   475   658 D ThermalEngine: sensor_wait: xo_therm Wait start. 5000ms
01-06 07:18:30.199   475   660 D ThermalEngine: sensor_monitor: case_therm Reading 30000 .
01-06 07:18:30.199   475   660 I ThermalEngine: Sensor:case_therm:30000 mC
01-06 07:18:30.199   475   660 D ThermalEngine: update_active_thresh: case_therm Active(1), Hi(1) 42000, Lo(0) -2147483648, Interval(1) 5000
01-06 07:18:30.199   475   660 D ThermalEngine: sensor_monitor: case_therm Sensor wait.
01-06 07:18:30.199   475   660 D ThermalEngine: sensor_wait: case_therm Wait start. 5000ms
01-06 07:18:30.429  2525  2525 E sdcard  : missing packages.list; retrying
01-06 07:18:33.429  2525  2525 E sdcard  : missing packages.list; retrying
01-06 07:18:35.199   475   658 D ThermalEngine: sensor_wait: xo_therm Wait done.
01-06 07:18:35.199   475   660 D ThermalEngine: sensor_wait: case_therm Wait done.
01-06 07:18:35.199   475   658 D ThermalEngine: sensor_monitor: xo_therm Reading 34000 .
01-06 07:18:35.199   475   658 I ThermalEngine: Sensor:xo_therm:34000 mC
01-06 07:18:35.199   475   658 D ThermalEngine: update_active_thresh: xo_therm Active(1), Hi(1) 39000, Lo(0) -2147483648, Interval(1) 5000
01-06 07:18:35.199   475   658 D ThermalEngine: sensor_monitor: xo_therm Sensor wait.
01-06 07:18:35.199   475   658 D ThermalEngine: sensor_wait: xo_therm Wait start. 5000ms
01-06 07:18:35.199   475   660 D ThermalEngine: sensor_monitor: case_therm Reading 30000 .
01-06 07:18:35.199   475   660 I ThermalEngine: Sensor:case_therm:30000 mC
01-06 07:18:35.199   475   660 D ThermalEngine: update_active_thresh: case_therm Active(1), Hi(1) 42000, Lo(0) -2147483648, Interval(1) 5000
01-06 07:18:35.199   475   660 D ThermalEngine: sensor_monitor: case_therm Sensor wait.
01-06 07:18:35.199   475   660 D ThermalEngine: sensor_wait: case_therm Wait start. 5000ms
01-06 07:18:35.599  5455  5455 D bt_btif : BTHF: device_status_notification
01-06 07:18:35.609  5455  5455 D bt_btif : BTHF: device_status_notification
01-06 07:18:35.609   485   485 I GeckoConsole: QLOC: MozSettingShim: Got topic change:gonkhal-battery-notifier
01-06 07:18:35.729  5455  5455 D bt_btif : BTHF: device_status_notification
01-06 07:18:35.739  5455  5455 D bt_btif : BTHF: device_status_notification
01-06 07:18:35.739   485   485 I GeckoConsole: QLOC: MozSettingShim: Got topic change:gonkhal-battery-notifier
01-06 07:18:35.859  5455  5455 D bt_btif : BTHF: device_status_notification
01-06 07:18:35.869  5455  5455 D bt_btif : BTHF: device_status_notification
01-06 07:18:35.879   485   485 I GeckoConsole: QLOC: MozSettingShim: Got topic change:gonkhal-battery-notifier
01-06 07:18:35.879   485   485 D QLOC-OSAgent: POWERSTATE: 1
01-06 07:18:35.879   485   485 E IzatSvc_OSObserver: I/LocTech-Label :: OSOBSERVER :: Data Items In
01-06 07:18:35.879   485   485 E IzatSvc_OSObserver: I/LocTech-Value :: Data Item Value: IS_POWER_CONNECTED: true
01-06 07:18:35.879   485  2991 E LocSvc_api_v02: I/---> locClientSendReq line 2035 QMI_LOC_SET_EXTERNAL_POWER_CONFIG_REQ_V02
01-06 07:18:35.879   485  3030 E LocSvc_libulp: I/int ulp_msg_process_system_update(UlpSystemEvent): systemEvent:2 
01-06 07:18:35.879   485  3030 E LocSvc_libulp: I/int ulp_msg_process_start_req(), at ulp state = 1
01-06 07:18:35.879   485  3021 E LocSvc_ApiV02: I/<--- void globalRespCb(locClientHandleType, uint32_t, locClientRespIndUnionType, uint32_t, void*) line 117 QMI_LOC_SET_EXTERNAL_POWER_CONFIG_REQ_V02
01-06 07:18:35.979  5455  5455 D bt_btif : BTHF: device_status_notification
01-06 07:18:35.989  5455  5455 D bt_btif : BTHF: device_status_notification
01-06 07:18:35.989   485   485 I GeckoConsole: QLOC: MozSettingShim: Got topic change:gonkhal-battery-notifier
01-06 07:18:36.029   485  1150 I AutoMounter: SetUsbFunction(mtp) sys.usb.config from 'diag,serial_smd,rmnet_qti_bam,adb' to 'mtp,adb'
01-06 07:18:36.029   485  1150 I AutoMounter: AutoMounter state changed from IDLE to MTP_CONFIGURING
01-06 07:18:36.029   485  1150 I AutoMounter: UpdateState: ums:A0C0E0 mtp:A1C0E1 mode:3 usb:1 tryToShare:0 state:MTP_CONFIGURING
01-06 07:18:36.029   485  1150 I AutoMounter: UpdateState: Volume sdcard is Mounted and inserted @ /data/usbmsc_mnt gen 1 locked 0 sharing x
01-06 07:18:36.029   485   485 I DongleAutoMounter: Dongle USB Status : usb: 1, rndis: 0, retry: true
01-06 07:18:36.029   485   485 I DongleAutoMounter: Dongle enable tether
01-06 07:18:36.039   485   485 I DongleAutoMounter: SetDongleTetherDB aEnable : 1
01-06 07:18:36.069   485   485 I Gecko   : [SUB0] QCONTENT_HELPER Received observer notification: mozsettings-changed
01-06 07:18:36.159  5455  5455 D bt_btif : BTHF: device_status_notification
01-06 07:18:36.169   485   485 I GeckoConsole: QLOC: MozSettingShim: Got topic change:gonkhal-battery-notifier
01-06 07:18:36.169   485   485 D QLOC-OSAgent: POWERSTATE: 0
01-06 07:18:36.169   485   485 E IzatSvc_OSObserver: I/LocTech-Label :: OSOBSERVER :: Data Items In
01-06 07:18:36.169   485   485 E IzatSvc_OSObserver: I/LocTech-Value :: Data Item Value: IS_POWER_CONNECTED: false
01-06 07:18:36.169   485  2991 E LocSvc_api_v02: I/---> locClientSendReq line 2035 QMI_LOC_SET_EXTERNAL_POWER_CONFIG_REQ_V02
01-06 07:18:36.169   485  3030 E LocSvc_libulp: I/int ulp_msg_process_system_update(UlpSystemEvent): systemEvent:3 
01-06 07:18:36.169   485  3030 E LocSvc_libulp: I/int ulp_msg_process_start_req(), at ulp state = 1
01-06 07:18:36.169  5455  5455 D bt_btif : BTHF: device_status_notification
01-06 07:18:36.169   485  3021 E LocSvc_ApiV02: I/<--- void globalRespCb(locClientHandleType, uint32_t, locClientRespIndUnionType, uint32_t, void*) line 117 QMI_LOC_SET_EXTERNAL_POWER_CONFIG_REQ_V02
01-06 07:18:36.179  2406  4521 D CommandListener: Setting iface cfg
01-06 07:18:36.179  2406  4521 D CommandListener: Trying to bring up rndis0
01-06 07:18:36.189  2406  4521 D TetherController: tetherInterface(rndis0)
01-06 07:18:36.249  2406  4521 D TetherController: Starting tethering services
01-06 07:18:36.249  2406  4521 D TetherController: Sending update msg to dnsmasq [update_ifaces:rndis0]
01-06 07:18:36.249  2406  4521 D TetherController: Tethering services running
01-06 07:18:36.269   485   485 I GeckoDump: fota_system:Network now is connected:true
01-06 07:18:36.269   485   485 I GeckoDump: fota_system:WIFI connected:false Cell connected:true
01-06 07:18:36.269   485   485 I Gecko   : -*- SalesTrackerService: network:offline-status-changed - online: Resume  service when network status change to online
01-06 07:18:36.269   485  1150 I AutoMounter: AutoMounter state changed from MTP_CONFIGURING to RNDIS_CONFIGURED
01-06 07:18:36.269   485  1150 I AutoMounter: UpdateState: ums:A0C0E0 mtp:A1C0E1 mode:3 usb:0 tryToShare:0 state:RNDIS_CONFIGURED
01-06 07:18:36.269   485  1150 I AutoMounter: UpdateState: Volume sdcard is Mounted and inserted @ /data/usbmsc_mnt gen 1 locked 0 sharing x
01-06 07:18:36.279   485   485 I DongleAutoMounter: Dongle USB Status : usb: 0, rndis: 1, retry: true
01-06 07:18:36.279   485   485 I DongleAutoMounter: Dongle disable debouncing start
01-06 07:18:36.279   485   485 I DongleAutoMounter: Dongle unpluged ?
01-06 07:18:36.289  9110  9110 I dnsmasq : started, version 2.51 cachesize 150
01-06 07:18:36.289  9110  9110 I dnsmasq : compile time options: no-IPv6 GNU-getopt no-DBus no-I18N DHCP no-scripts no-TFTP
01-06 07:18:36.289  9110  9110 W dnsmasq : warning: no upstream servers configured
01-06 07:18:36.289  9110  9110 I dnsmasq : DHCP, IP range 192.168.30.10 -- 192.168.30.30, lease time 1h
01-06 07:18:36.289  9110  9110 I dnsmasq : DHCP, IP range 192.168.1.10 -- 192.168.1.30, lease time 1h
01-06 07:18:36.289  9110  9110 E dnsmasq : bad address at /etc/hosts line 2
01-06 07:18:36.289  9110  9110 I dnsmasq : read /etc/hosts - 1 addresses
01-06 07:18:36.289  5455  5455 D bt_btif : BTHF: device_status_notification
01-06 07:18:36.299   485   485 I GeckoConsole: QLOC: MozSettingShim: Got topic change:gonkhal-battery-notifier
01-06 07:18:36.299   485   485 D QLOC-OSAgent: POWERSTATE: 1
01-06 07:18:36.299   485   485 E IzatSvc_OSObserver: I/LocTech-Label :: OSOBSERVER :: Data Items In
01-06 07:18:36.299   485   485 E IzatSvc_OSObserver: I/LocTech-Value :: Data Item Value: IS_POWER_CONNECTED: true
01-06 07:18:36.299   485  2991 E LocSvc_api_v02: I/---> locClientSendReq line 2035 QMI_LOC_SET_EXTERNAL_POWER_CONFIG_REQ_V02
01-06 07:18:36.299   485  3030 E LocSvc_libulp: I/int ulp_msg_process_system_update(UlpSystemEvent): systemEvent:2 
01-06 07:18:36.299   485  3030 E LocSvc_libulp: I/int ulp_msg_process_start_req(), at ulp state = 1
01-06 07:18:36.299  5455  5455 D bt_btif : BTHF: device_status_notification
01-06 07:18:36.299   485  3021 E LocSvc_ApiV02: I/<--- void globalRespCb(locClientHandleType, uint32_t, locClientRespIndUnionType, uint32_t, void*) line 117 QMI_LOC_SET_EXTERNAL_POWER_CONFIG_REQ_V02
01-06 07:18:36.409  5455  5455 D bt_btif : BTHF: device_status_notification
01-06 07:18:36.419  5455  5455 D bt_btif : BTHF: device_status_notification
01-06 07:18:36.419   485   485 I GeckoConsole: QLOC: MozSettingShim: Got topic change:gonkhal-battery-notifier
01-06 07:18:36.429  2525  2525 E sdcard  : missing packages.list; retrying
01-06 07:18:36.459   485   485 I DongleAutoMounter: Dongle USB Status : usb: 1, rndis: 1, retry: true
01-06 07:18:36.459   485   485 I DongleAutoMounter: Dongle enable tether
01-06 07:18:36.459   485  1150 I AutoMounter: UpdateState: ums:A0C0E0 mtp:A1C0E1 mode:3 usb:1 tryToShare:0 state:RNDIS_CONFIGURED
01-06 07:18:36.459   485  1150 I AutoMounter: UpdateState: Volume sdcard is Mounted and inserted @ /data/usbmsc_mnt gen 1 locked 0 sharing x
01-06 07:18:36.459   485   485 I DongleAutoMounter: SetDongleTetherDB aEnable : 1
01-06 07:18:36.489   485   485 I Gecko   : [SUB0] QCONTENT_HELPER Received observer notification: mozsettings-changed
01-06 07:18:36.529   485   485 I DongleAutoMounter: Usb debouncing, no need to disable tether
01-06 07:18:36.529   485   485 I DongleAutoMounter: USB debouncing, no need to setup retry flag
01-06 07:18:36.739   485   485 I Gecko   : [BrowserElement] event type: keydown, key: Backspace, target: [object HTMLIFrameElement], src: app://settings.gaiamobile.org/index.html, id: browser22, class: browser
01-06 07:18:36.759  8850  8850 I Settings: Content JS LOG: Softkeys engine: close group menu 
01-06 07:18:36.759  8850  8850 I Settings:     at closeMenu (app://settings.gaiamobile.org/shared/js/softkey_panel.js:31:22)
01-06 07:18:36.759  8850  8850 I Gecko   : [BrowserElement] event type: keydown, key: Backspace, target: [object HTMLLIElement], class: focus
01-06 07:18:36.849   485   485 I Gecko   : [BrowserElement] event type: keyup, key: Backspace, target: [object HTMLIFrameElement], src: app://settings.gaiamobile.org/index.html, id: browser22, class: browser
01-06 07:18:36.859  8850  8850 I Gecko   : [BrowserElement] event type: keyup, key: Backspace, target: [object HTMLLIElement], class: focus
01-06 07:18:36.889   485   485 E GeckoConsole: Content JS ERROR: Unexpected hardware key:  backspace-button-release 
01-06 07:18:36.889   485   485 E GeckoConsole:     at HardwareButtonsBaseState.prototype.process (app://system.gaiamobile.org/js/hardware_buttons.js:14:1)
01-06 07:18:36.889   485   485 E GeckoConsole:     at hb_handleEvent (app://system.gaiamobile.org/js/hardware_buttons.js:9:1)
01-06 07:18:37.489  8850  8850 I Settings: Content JS LOG: Softkeys engine: close group menu 
01-06 07:18:37.489  8850  8850 I Settings:     at closeMenu (app://settings.gaiamobile.org/shared/js/softkey_panel.js:31:22)
01-06 07:18:37.489  8850  8850 I FocusManager: <- blur on, NULL, tag: , id: , class: 
01-06 07:18:37.489  8850  8850 I GeckoDump: fota_settings:uninit
01-06 07:18:37.489  8850  8850 I GeckoDump: fota_settings:setting start to send command to system
01-06 07:18:37.489  8850  8850 I GeckoDump: fota_settings:send to system category:common action:exit
01-06 07:18:37.499   485   485 I FocusManager: << focus() called >>
01-06 07:18:37.499   485   485 I FocusManager:    trying to set focus on, tag: IFRAME, id: browser0, class: browser
01-06 07:18:37.509   485   485 I FocusManager:    current focused element, NULL, tag: , id: , class: 
01-06 07:18:37.509   485   485 I FocusManager: <- blur on, NULL, tag: , id: , class: 
01-06 07:18:37.509   485   485 I FocusManager: -> focus is now on, tag: IFRAME, id: browser0, class: browser
01-06 07:18:37.509  4661  4661 I FocusManager: * WindowRaised *
01-06 07:18:37.509  4661  4661 I FocusManager: -> focus is now on, tag: DIV, id: , class: app focusable
01-06 07:18:37.559   485   485 I Gecko   : XXX FIXME : Dispatch a mozChromeEvent: default-volume-channel-changed
01-06 07:18:37.579  8850  8850 I Gecko   : -*- SettingsManager: Received: inner-window-destroyed for valid innerWindowID=53687091203, cleanup.
01-06 07:18:37.609  8850  8850 I Gecko   : -*- SettingsManager: Received: inner-window-destroyed for valid innerWindowID=53687091203, cleanup.
01-06 07:18:38.999  9110  9110 I dnsmasq : DHCPDISCOVER(rndis0) 02:56:02:54:33:64 
