08-05 16:54:10.778   281   281 W /system/bin/hwservicemanager: getTransport: Cannot find entry vendor.qti.hardware.tui_comm@1.0::ITuiComm/default in either framework or device manifest.
08-05 16:54:11.783  3088  3396 E SecUISvc: Error initializing local socket: -1
08-05 16:54:11.786   281   281 W /system/bin/hwservicemanager: getTransport: Cannot find entry vendor.qti.hardware.tui_comm@1.0::ITuiComm/default in either framework or device manifest.
08-05 16:54:12.790  3088  3396 E SecUISvc: Error initializing local socket: -1
08-05 16:54:12.793   281   281 W /system/bin/hwservicemanager: getTransport: Cannot find entry vendor.qti.hardware.tui_comm@1.0::ITuiComm/default in either framework or device manifest.
08-05 16:54:13.797  3088  3396 E SecUISvc: Error initializing local socket: -1
08-05 16:54:13.800   281   281 W /system/bin/hwservicemanager: getTransport: Cannot find entry vendor.qti.hardware.tui_comm@1.0::ITuiComm/default in either framework or device manifest.
08-05 16:53:35.930   472   472 I wificond: Enters wifigbk_ageOutHistory
08-05 16:54:14.170   916   997 D AutofillManagerService: onBackKeyPressed()
08-05 16:54:14.804  3088  3396 E SecUISvc: Error initializing local socket: -1
08-05 16:54:14.806   281   281 W /system/bin/hwservicemanager: getTransport: Cannot find entry vendor.qti.hardware.tui_comm@1.0::ITuiComm/default in either framework or device manifest.
08-05 16:54:15.101   462  8926 I AudioPolicyManagerCustom: FLAG None hence request for a primary output
08-05 16:54:15.102   462  8926 I AudioPolicyManagerCustom: FLAG None hence request for a primary output
08-05 16:54:15.103   916  5118 I ActivityManager: START u0 {act=android.intent.action.MAIN cat=[android.intent.category.LAUNCHER] flg=0x10200000 pkg=com.android.dialer cmp=com.android.dialer/.app.DialtactsActivity bnds=[20,761][130,851]} from uid 10017
08-05 16:54:15.109   416   898 D audio_hw_primary: out_set_parameters: enter: usecase(1: low-latency-playback) kvpairs: routing=2
08-05 16:54:15.110   419   497 E ANDR-PERF-MPCTL: Invalid profile no. 0, total profiles 0 only
08-05 16:54:15.116   416  8254 D audio_hw_primary: start_output_stream: enter: stream(0xa7c6a000)usecase(1: low-latency-playback) devices(0x2)
08-05 16:54:15.116   416  8254 D audio_hw_primary: select_devices for use case (low-latency-playback)
08-05 16:54:15.116   416  8254 D audio_hw_primary: select_devices: out_snd_device(2: speaker) in_snd_device(0: )
08-05 16:54:15.117   416  8254 I msm8916_platform: platform_check_and_set_codec_backend_cfg:becf: afe: bitwidth 16, samplerate 48000 channels 2, backend_idx 0 usecase = 1 device (speaker)
08-05 16:54:15.117   416  8254 D msm8916_platform: platform_split_snd_device: snd_device(2) num devices(1) new_snd_devices(0)
08-05 16:54:15.117   416  8254 I msm8916_platform: platform_check_and_set_codec_backend_cfg: becf: new_snd_devices[0] is speaker
08-05 16:54:15.117   416  8254 I msm8916_platform: platform_check_codec_backend_cfg:becf: afe: Codec selected backend: 0 current bit width: 16 sample rate: 48000 channels: 2 usecase 1 device (speaker)
08-05 16:54:15.117   416  8254 D msm8916_platform: platform_check_codec_backend_cfg:becf: afe: playback on codec device not supporting native playback set default Sample Rate(48k)
08-05 16:54:15.117   416  8254 D msm8916_platform: platform_check_codec_backend_cfg:becf: afe: only 48KHZ sample rate is supported Configure afe to default Sample Rate(48k)
08-05 16:54:15.117   416  8254 I msm8916_platform: platform_check_codec_backend_cfg:becf: afe: Codec selected backend: 0 updated bit width: 16 sample rate: 48000 channels: 2
08-05 16:54:15.117   416  8254 D audio_hw_primary: check_usecases_codec_backend:becf: force routing 0
08-05 16:54:15.117   416  8254 E msm8916_platform: platform_check_backends_match: Invalid snd_device = 
08-05 16:54:15.117   416  8254 D audio_hw_primary: check_usecases_codec_backend:becf: (59) check_usecases curr device: speaker, usecase device: backends match 0
08-05 16:54:15.117   416  8254 D audio_hw_primary: check_usecases_codec_backend:becf: check_usecases num.of Usecases to switch 0
08-05 16:54:15.117   416  8254 D hardware_info: hw_info_append_hw_type : device_name = speaker
08-05 16:54:15.117   416  8254 D msm8916_platform: platform_split_snd_device: snd_device(2) num devices(0) new_snd_devices(0)
08-05 16:54:15.117   416  8254 D audio_hw_primary: enable_snd_device: snd_device(2: speaker)
08-05 16:54:15.117   416  8254 I soundtrigger: audio_extn_sound_trigger_update_device_status: device 0x2 of type 0 for Event 1, with Raise=0
08-05 16:54:15.117   281   281 W /system/bin/hwservicemanager: getTransport: Cannot find entry vendor.qti.hardware.iop@1.0::IIop/default in either framework or device manifest.
08-05 16:54:15.117   416  8254 D audio_route: Apply path: speaker
08-05 16:54:15.118   916  5118 E ANDR-PERF-JNI: Iop tryGetService failed
08-05 16:54:15.121   416  8254 W audio_hw_utils: audio_extn_utils_update_stream_output_app_type_cfg: App type could not be selected. Falling back to default
08-05 16:54:15.121   416  8254 D soundtrigger: audio_extn_sound_trigger_update_stream_status: uc_id 1 of type 0 for Event 3, with Raise=0
08-05 16:54:15.121   416  8254 D audio_hw_utils: audio_extn_utils_send_app_type_cfg: usecase->out_snd_device speaker
08-05 16:54:15.122   416  8254 D msm8916_platform: platform_split_snd_device: snd_device(2) num devices(0) new_snd_devices(0)
08-05 16:54:15.122   416  8254 E msm8916_platform: platform_get_snd_device_backend_index: BE DAI Name Table is not present
08-05 16:54:15.122   416  8254 E audio_hw_utils: send_app_type_cfg_for_device: Couldn't get the backend index for snd device speaker ret=-14
08-05 16:54:15.122   416  8254 D audio_hw_utils: audio_extn_btsco_get_sample_rate:Not a BT SCO device, need not update sampling rate
08-05 16:54:15.122   416  8254 I audio_hw_utils: send_app_type_cfg_for_device PLAYBACK app_type 69936, acdb_dev_id 14, sample_rate 48000, snd_device_be_idx -14
08-05 16:54:15.123   416  8254 D msm8916_platform: platform_split_snd_device: snd_device(2) num devices(1) new_snd_devices(0)
08-05 16:54:15.123   416  8254 D ACDB-LOADER: ACDB -> send_audio_cal, acdb_id = 14, path = 0, app id = 0x11130, sample rate = 48000
08-05 16:54:15.123   416  8254 D ACDB-LOADER: ACDB -> send_asm_topology
08-05 16:54:15.123   416  8254 D ACDB-LOADER: ACDB -> ACDB_CMD_GET_AUDPROC_STREAM_TOPOLOGY_ID
08-05 16:54:15.123   416  8254 D ACDB-LOADER: ACDB -> send_adm_topology
08-05 16:54:15.123   416  8254 D ACDB-LOADER: ACDB -> ACDB_CMD_GET_AUDPROC_COMMON_TOPOLOGY_ID
08-05 16:54:15.123   416  8254 D ACDB-LOADER: ACDB -> send_audtable
08-05 16:54:15.123   416  8254 D ACDB-LOADER: ACDB -> ACDB_CMD_GET_AUDPROC_COMMON_TABLE_SIZE
08-05 16:54:15.123   416  8254 D ACDB-LOADER: ACDB -> ACDB_CMD_GET_AUDPROC_COMMON_TABLE
08-05 16:54:15.123   416  8254 D ACDB-LOADER: ACDB -> AUDIO_SET_AUDPROC_CAL
08-05 16:54:15.123   416  8254 D ACDB-LOADER: ACDB -> send_audvoltable
08-05 16:54:15.124   416  8254 D ACDB-LOADER: ACDB -> ACDB_CMD_GET_AUDPROC_VOL_STEP_TABLE_SIZE
08-05 16:54:15.124   416  8254 D ACDB-LOADER: ACDB -> ACDB_CMD_GET_AUDPROC_GAIN_DEP_STEP_TABLE, vol index 0
08-05 16:54:15.124   416  8254 D ACDB-LOADER: ACDB -> AUDIO_SET_VOL_CAL cal type = 12
08-05 16:54:15.124   416  8254 D ACDB-LOADER: ACDB -> ACDB_CMD_GET_AUDPROC_STREAM_TABLE_SIZE
08-05 16:54:15.124   416  8254 D ACDB-LOADER: ACDB -> send_audstrmtable
08-05 16:54:15.124   416  8254 D ACDB-LOADER: ACDB -> ACDB_CMD_GET_AUDPROC_STREAM_TABLE_V2
08-05 16:54:15.124   416  8254 D ACDB-LOADER: ACDB -> audstrm_cal->cal_type.cal_data.cal_size = 88
08-05 16:54:15.124   416  8254 D ACDB-LOADER: ACDB -> send_afe_topology
08-05 16:54:15.124   416  8254 D ACDB-LOADER: ACDB -> ACDB_CMD_GET_AFE_TOPOLOGY_ID
08-05 16:54:15.124   416  8254 D         : ACDBFILE_MGR: CmnDevinfo for the devid 0000000E not found
08-05 16:54:15.124   416  8254 D         : ACDB_COMMAND: Failed to fetch the afe topo info for devid 0000000E 
08-05 16:54:15.124   416  8254 E ACDB-LOADER: ACDB get afe topology for acdb id = 14, err = -8
08-05 16:54:15.124   416  8254 E ACDB-LOADER: Error: get ACDB afe topology result = -8
08-05 16:54:15.124   416  8254 D ACDB-LOADER: ACDB -> send_afe_cal
08-05 16:54:15.124   416  8254 D ACDB-LOADER: ACDB -> ACDB_CMD_GET_AFE_COMMON_TABLE_SIZE
08-05 16:54:15.124   416  8254 D ACDB-LOADER: ACDB -> ACDB_CMD_GET_AFE_COMMON_TABLE
08-05 16:54:15.124   416  8254 D ACDB-LOADER: ACDB -> AUDIO_SET_AFE_CAL
08-05 16:54:15.124   416  8254 D ACDB-LOADER: ACDB -> send_hw_delay : acdb_id = 14 path = 0
08-05 16:54:15.124   416  8254 D ACDB-LOADER: ACDB -> ACDB_AVSYNC_INFO: ACDB_CMD_GET_DEVICE_PROPERTY
08-05 16:54:15.124   416  8254 D audio_hw_primary: enable_audio_route: apply mixer and update path: low-latency-playback
08-05 16:54:15.124   416  8254 D audio_route: Apply path: low-latency-playback
08-05 16:54:15.126   416  8254 D audio_hw_primary: select_devices: done
08-05 16:54:15.131   916  5118 D ActivityTrigger: activityStartTrigger: Activity is Triggerred in full screen ApplicationInfo{593d4f0 com.android.dialer}
08-05 16:54:15.131   916  5118 E ActivityTrigger: activityStartTrigger: not whiteListedcom.android.dialer/com.android.dialer.app.DialtactsActivity/150000
08-05 16:54:15.132   916  5118 D CompatibilityInfo: mCompatibilityFlags - 4
08-05 16:54:15.132   916  5118 D CompatibilityInfo: applicationDensity - 240
08-05 16:54:15.132   916  5118 D CompatibilityInfo: applicationScale - 1.0
08-05 16:54:15.133   916  5118 D ActivityTrigger: activityResumeTrigger: The activity in ApplicationInfo{593d4f0 com.android.dialer} is now in focus and seems to be in full-screen mode
08-05 16:54:15.133   916  5118 E ActivityTrigger: activityResumeTrigger: not whiteListedcom.android.dialer/com.android.dialer.app.DialtactsActivity/150000
08-05 16:54:15.133   916  5118 D ActivityTrigger: ActivityTrigger activityPauseTrigger 
08-05 16:54:15.147   916  5118 D ActivityTrigger: activityResumeTrigger: The activity in ApplicationInfo{593d4f0 com.android.dialer} is now in focus and seems to be in full-screen mode
08-05 16:54:15.147   916  5118 E ActivityTrigger: activityResumeTrigger: not whiteListedcom.android.dialer/com.android.dialer.app.DialtactsActivity/150000
08-05 16:54:15.158   916  5118 D CompatibilityInfo: mCompatibilityFlags - 4
08-05 16:54:15.158   916  5118 D CompatibilityInfo: applicationDensity - 240
08-05 16:54:15.158   916  5118 D CompatibilityInfo: applicationScale - 1.0
08-05 16:54:15.214   416  8254 D msm8916_platform: platform_set_channel_map mixer_ctl_name:Playback Channel Map12
08-05 16:54:15.214   416  8254 D msm8916_platform: platform_set_channel_map: set mapping(1 2 0 0 0 0 0 0) for channel:2
08-05 16:54:15.215   416  8254 D audio_hw_primary: start_output_stream: exit
08-05 16:54:15.219 20630 20630 W zygote  : Class android.support.v4.util.SimpleArrayMap failed lock verification and will run slower.
08-05 16:54:15.219 20630 20630 W zygote  : Common causes for lock verification issues are non-optimized dex code
08-05 16:54:15.219 20630 20630 W zygote  : and incorrect proguard optimizations.
08-05 16:54:15.221  3143  3234 W Adreno-ES20: <core_glFinish:34>: glFinish skipped: 0
08-05 16:54:15.224  3143  3234 W Adreno-ES20: <core_glFinish:34>: glFinish skipped: 0
08-05 16:54:15.513 20630 20630 I Dialer  : PerformanceReport.startRecording - enter
08-05 16:54:15.523 20630 21664 I Dialer  : DialerDatabaseHelper.updateSmartDialDatabase - enter
08-05 16:54:15.532 20630 20630 I Dialer  : VoicemailModule.provideVoicemailClient - providing VoicemailClientImpl
08-05 16:54:15.592 20630 21665 D OpenGLRenderer: HWUI GL Pipeline
08-05 16:54:15.651 20630 20630 I Dialer  : ContactPhotoManagerImpl.ContactPhotoManagerImpl - cache adj: 0.5
08-05 16:54:15.751 20630 20630 W Dialer  : CountryDetector.registerForLocationUpdates - no location permissions, not registering for location updates
08-05 16:54:15.779 20630 20630 W zygote  : Class com.android.dialer.common.concurrent.AsyncTaskExecutors failed lock verification and will run slower.
08-05 16:54:15.810  3088  3396 E SecUISvc: Error initializing local socket: -1
08-05 16:54:15.812   281   281 W /system/bin/hwservicemanager: getTransport: Cannot find entry vendor.qti.hardware.tui_comm@1.0::ITuiComm/default in either framework or device manifest.
08-05 16:54:15.882 20630 21665 I Adreno-EGL: <qeglDrvAPI_eglInitialize:379>: QUALCOMM Build: 05/15/19, 6f5d4d3, Ia9da49eece
08-05 16:54:15.899 20630 20630 E RecyclerView: No adapter attached; skipping layout
08-05 16:54:15.907 20630 21665 I zygote  : android::hardware::configstore::V1_0::ISurfaceFlingerConfigs::hasWideColorDisplay retrieved: 0
08-05 16:54:15.908 20630 21665 I OpenGLRenderer: Initialized EGL, version 1.4
08-05 16:54:15.908 20630 21665 D OpenGLRenderer: Swap behavior 2
08-05 16:54:15.931 20630 21665 W Adreno-EGL: <qeglDrvAPI_eglGetConfigAttrib:612>: EGL_BAD_ATTRIBUTE
08-05 16:54:15.939 20630 21665 W Adreno-EGL: <qeglDrvAPI_eglGetConfigAttrib:612>: EGL_BAD_ATTRIBUTE
08-05 16:54:16.024 20630 21664 I Dialer  : DialerDatabaseHelper.updateSmartDialDatabase - broadcasting smart dial update
08-05 16:54:16.117   916  1019 I ActivityManager: Displayed com.android.dialer/.app.DialtactsActivity: +933ms
08-05 16:54:16.122   281   281 W /system/bin/hwservicemanager: getTransport: Cannot find entry vendor.qti.hardware.iop@1.0::IIop/default in either framework or device manifest.
08-05 16:54:16.123   916  1019 E ANDR-PERF-JNI: Iop tryGetService failed
08-05 16:54:16.179 20630 20630 W zygote  : Class com.android.dialer.calldetails.CallDetailsEntries failed lock verification and will run slower.
08-05 16:54:16.187 20630 20630 W zygote  : Class com.android.dialer.calldetails.CallDetailsEntries$CallDetailsEntry failed lock verification and will run slower.
08-05 16:54:16.429 20630 21664 I Dialer  : ShortcutRefresher.Task.doInBackground - enter
08-05 16:54:16.433 20630 21664 I Dialer  : DynamicShortcuts.refresh - enter
08-05 16:54:16.476   916  4612 D ActivityTrigger: ActivityTrigger activityStopTrigger 
08-05 16:54:16.485  3143  3234 W Adreno-ES20: <core_glFinish:34>: glFinish skipped: 0
08-05 16:54:16.497  3143  3234 W Adreno-ES20: <core_glFinish:34>: glFinish skipped: 0
08-05 16:54:16.522 20630 20636 I zygote  : Do partial code cache collection, code=11KB, data=30KB
08-05 16:54:16.528 20630 20636 I zygote  : After code cache collection, code=11KB, data=30KB
08-05 16:54:16.528 20630 20636 I zygote  : Increasing code cache capacity to 128KB
08-05 16:54:16.816  3088  3396 E SecUISvc: Error initializing local socket: -1
08-05 16:54:16.819   281   281 W /system/bin/hwservicemanager: getTransport: Cannot find entry vendor.qti.hardware.tui_comm@1.0::ITuiComm/default in either framework or device manifest.
08-05 16:54:17.412   462  8926 I AudioPolicyManagerCustom: FLAG None hence request for a primary output
08-05 16:54:17.413   462  8926 I AudioPolicyManagerCustom: FLAG None hence request for a primary output
08-05 16:54:17.421   416   416 D audio_hw_primary: out_set_parameters: enter: usecase(1: low-latency-playback) kvpairs: routing=2
08-05 16:54:17.425   416   416 D audio_hw_primary: select_devices for use case (low-latency-playback)
08-05 16:54:17.476 20630 20630 I zygote  : Deoptimizing void android.support.v7.widget.AppCompatTextHelper.updateTypefaceAndStyle(android.content.Context, android.support.v7.widget.TintTypedArray) due to JIT inline cache
08-05 16:54:17.609   462  8378 I AudioPolicyManagerCustom: FLAG None hence request for a primary output
08-05 16:54:17.615   416   416 D compress_voip: voice_extn_compress_voip_out_get_parameters: enter
08-05 16:54:17.620 20630 20630 I AudioTrack: AUDIO_OUTPUT_FLAG_FAST successful; frameCount 960 -> 960
08-05 16:54:17.620 20630 20630 D AudioTrack: Client defaulted notificationFrames to 240 for frameCount 960
08-05 16:54:17.640 20630 20630 I Dialer  : CallUtil.isVideoEnabled - isVideoEnabled: false
08-05 16:54:17.692 20630 20630 I Dialer  : SmartDialSearchFragment.onStart - registering smart dial update receiver
08-05 16:54:17.706 20630 20630 I Dialer  : DialpadFragment.showDialpadChooser - Displaying normal Dialer UI.
08-05 16:54:17.712 20630 20630 I Dialer  : DialpadFragment.showDialpadChooser - Displaying normal Dialer UI.
08-05 16:54:17.782 20630 21665 W OpenGLRenderer: Incorrectly called buildLayer on View: FloatingActionButton, destroying layer...
08-05 16:54:17.822  3088  3396 E SecUISvc: Error initializing local socket: -1
08-05 16:54:17.826   281   281 W /system/bin/hwservicemanager: getTransport: Cannot find entry vendor.qti.hardware.tui_comm@1.0::ITuiComm/default in either framework or device manifest.
08-05 16:54:18.559  2884  2917 I QcrilOemhookMsgTunnel: [0]processOemHookIndication length=22
08-05 16:54:18.829  3088  3396 E SecUISvc: Error initializing local socket: -1
08-05 16:54:18.833   281   281 W /system/bin/hwservicemanager: getTransport: Cannot find entry vendor.qti.hardware.tui_comm@1.0::ITuiComm/default in either framework or device manifest.
08-05 16:54:19.837  3088  3396 E SecUISvc: Error initializing local socket: -1
08-05 16:54:19.841   281   281 W /system/bin/hwservicemanager: getTransport: Cannot find entry vendor.qti.hardware.tui_comm@1.0::ITuiComm/default in either framework or device manifest.
08-05 16:54:20.515   416   416 D audio_hw_primary: out_standby: enter: stream (0xa7c6a000) usecase(1: low-latency-playback)
08-05 16:54:20.636   416   416 D audio_hw_primary: disable_audio_route: reset and update mixer path: low-latency-playback
08-05 16:54:20.639   416   416 D soundtrigger: audio_extn_sound_trigger_update_stream_status: uc_id 1 of type 0 for Event 2, with Raise=0
08-05 16:54:20.640   416   416 D hardware_info: hw_info_append_hw_type : device_name = speaker
08-05 16:54:20.640   416   416 D audio_hw_primary: disable_snd_device: snd_device(2: speaker)
08-05 16:54:20.640   416   416 D msm8916_platform: platform_split_snd_device: snd_device(2) num devices(0) new_snd_devices(0)
08-05 16:54:20.644   416   416 I soundtrigger: audio_extn_sound_trigger_update_device_status: device 0x2 of type 0 for Event 0, with Raise=0
08-05 16:54:20.644   416   416 D audio_hw_primary: out_standby: exit
08-05 16:54:20.844  3088  3396 E SecUISvc: Error initializing local socket: -1
08-05 16:54:20.847   281   281 W /system/bin/hwservicemanager: getTransport: Cannot find entry vendor.qti.hardware.tui_comm@1.0::ITuiComm/default in either framework or device manifest.
08-05 16:54:21.200   457   457 I VM_BMS  : power_supply_update: ocv_uv=3938921 ibatt=-259534 soc=64 seq_num=57
08-05 16:54:21.850  3088  3396 E SecUISvc: Error initializing local socket: -1
08-05 16:54:21.853   281   281 W /system/bin/hwservicemanager: getTransport: Cannot find entry vendor.qti.hardware.tui_comm@1.0::ITuiComm/default in either framework or device manifest.
08-05 16:54:22.856  3088  3396 E SecUISvc: Error initializing local socket: -1
08-05 16:54:22.859   281   281 W /system/bin/hwservicemanager: getTransport: Cannot find entry vendor.qti.hardware.tui_comm@1.0::ITuiComm/default in either framework or device manifest.
08-05 16:54:23.862  3088  3396 E SecUISvc: Error initializing local socket: -1
08-05 16:54:23.865   281   281 W /system/bin/hwservicemanager: getTransport: Cannot find entry vendor.qti.hardware.tui_comm@1.0::ITuiComm/default in either framework or device manifest.
08-05 16:54:24.873  3088  3396 E SecUISvc: Error initializing local socket: -1
08-05 16:54:24.877   281   281 W /system/bin/hwservicemanager: getTransport: Cannot find entry vendor.qti.hardware.tui_comm@1.0::ITuiComm/default in either framework or device manifest.
08-05 16:54:25.882  3088  3396 E SecUISvc: Error initializing local socket: -1
08-05 16:54:25.886   281   281 W /system/bin/hwservicemanager: getTransport: Cannot find entry vendor.qti.hardware.tui_comm@1.0::ITuiComm/default in either framework or device manifest.
08-05 16:54:26.891  3088  3396 E SecUISvc: Error initializing local socket: -1
08-05 16:54:26.895   281   281 W /system/bin/hwservicemanager: getTransport: Cannot find entry vendor.qti.hardware.tui_comm@1.0::ITuiComm/default in either framework or device manifest.
08-05 16:54:27.900  3088  3396 E SecUISvc: Error initializing local socket: -1
08-05 16:54:27.903   281   281 W /system/bin/hwservicemanager: getTransport: Cannot find entry vendor.qti.hardware.tui_comm@1.0::ITuiComm/default in either framework or device manifest.
08-05 16:54:28.908  3088  3396 E SecUISvc: Error initializing local socket: -1
08-05 16:54:28.912   281   281 W /system/bin/hwservicemanager: getTransport: Cannot find entry vendor.qti.hardware.tui_comm@1.0::ITuiComm/default in either framework or device manifest.
08-05 16:54:29.918  3088  3396 E SecUISvc: Error initializing local socket: -1
08-05 16:54:29.921   281   281 W /system/bin/hwservicemanager: getTransport: Cannot find entry vendor.qti.hardware.tui_comm@1.0::ITuiComm/default in either framework or device manifest.
08-05 16:54:30.925  3088  3396 E SecUISvc: Error initializing local socket: -1
08-05 16:54:30.927   281   281 W /system/bin/hwservicemanager: getTransport: Cannot find entry vendor.qti.hardware.tui_comm@1.0::ITuiComm/default in either framework or device manifest.
08-05 16:54:31.933  3088  3396 E SecUISvc: Error initializing local socket: -1
08-05 16:54:31.935   281   281 W /system/bin/hwservicemanager: getTransport: Cannot find entry vendor.qti.hardware.tui_comm@1.0::ITuiComm/default in either framework or device manifest.
08-05 16:54:32.941  3088  3396 E SecUISvc: Error initializing local socket: -1
08-05 16:54:32.943   281   281 W /system/bin/hwservicemanager: getTransport: Cannot find entry vendor.qti.hardware.tui_comm@1.0::ITuiComm/default in either framework or device manifest.
08-05 16:54:33.948  3088  3396 E SecUISvc: Error initializing local socket: -1
08-05 16:54:33.952   281   281 W /system/bin/hwservicemanager: getTransport: Cannot find entry vendor.qti.hardware.tui_comm@1.0::ITuiComm/default in either framework or device manifest.
08-05 16:54:34.958  3088  3396 E SecUISvc: Error initializing local socket: -1
08-05 16:54:34.961   281   281 W /system/bin/hwservicemanager: getTransport: Cannot find entry vendor.qti.hardware.tui_comm@1.0::ITuiComm/default in either framework or device manifest.
08-05 16:54:35.966  3088  3396 E SecUISvc: Error initializing local socket: -1
08-05 16:54:35.968   281   281 W /system/bin/hwservicemanager: getTransport: Cannot find entry vendor.qti.hardware.tui_comm@1.0::ITuiComm/default in either framework or device manifest.
08-05 16:54:36.974  3088  3396 E SecUISvc: Error initializing local socket: -1
08-05 16:54:36.976   281   281 W /system/bin/hwservicemanager: getTransport: Cannot find entry vendor.qti.hardware.tui_comm@1.0::ITuiComm/default in either framework or device manifest.
08-05 16:54:37.981  3088  3396 E SecUISvc: Error initializing local socket: -1
08-05 16:54:37.984   281   281 W /system/bin/hwservicemanager: getTransport: Cannot find entry vendor.qti.hardware.tui_comm@1.0::ITuiComm/default in either framework or device manifest.
08-05 16:54:38.989  3088  3396 E SecUISvc: Error initializing local socket: -1
08-05 16:54:38.993   281   281 W /system/bin/hwservicemanager: getTransport: Cannot find entry vendor.qti.hardware.tui_comm@1.0::ITuiComm/default in either framework or device manifest.
08-05 16:54:39.999  3088  3396 E SecUISvc: Error initializing local socket: -1
08-05 16:54:40.002   281   281 W /system/bin/hwservicemanager: getTransport: Cannot find entry vendor.qti.hardware.tui_comm@1.0::ITuiComm/default in either framework or device manifest.
08-05 16:54:41.006  3088  3396 E SecUISvc: Error initializing local socket: -1
08-05 16:54:41.008   281   281 W /system/bin/hwservicemanager: getTransport: Cannot find entry vendor.qti.hardware.tui_comm@1.0::ITuiComm/default in either framework or device manifest.
08-05 16:54:42.013  3088  3396 E SecUISvc: Error initializing local socket: -1
08-05 16:54:42.016   281   281 W /system/bin/hwservicemanager: getTransport: Cannot find entry vendor.qti.hardware.tui_comm@1.0::ITuiComm/default in either framework or device manifest.
08-05 16:54:43.022  3088  3396 E SecUISvc: Error initializing local socket: -1
08-05 16:54:43.025   281   281 W /system/bin/hwservicemanager: getTransport: Cannot find entry vendor.qti.hardware.tui_comm@1.0::ITuiComm/default in either framework or device manifest.
08-05 16:54:44.031  3088  3396 E SecUISvc: Error initializing local socket: -1
08-05 16:54:44.034   281   281 W /system/bin/hwservicemanager: getTransport: Cannot find entry vendor.qti.hardware.tui_comm@1.0::ITuiComm/default in either framework or device manifest.
08-05 16:54:45.037  3088  3396 E SecUISvc: Error initializing local socket: -1
08-05 16:54:45.040   281   281 W /system/bin/hwservicemanager: getTransport: Cannot find entry vendor.qti.hardware.tui_comm@1.0::ITuiComm/default in either framework or device manifest.
08-05 16:54:46.044  3088  3396 E SecUISvc: Error initializing local socket: -1
08-05 16:54:46.048   281   281 W /system/bin/hwservicemanager: getTransport: Cannot find entry vendor.qti.hardware.tui_comm@1.0::ITuiComm/default in either framework or device manifest.
08-05 16:54:47.054  3088  3396 E SecUISvc: Error initializing local socket: -1
08-05 16:54:47.057   281   281 W /system/bin/hwservicemanager: getTransport: Cannot find entry vendor.qti.hardware.tui_comm@1.0::ITuiComm/default in either framework or device manifest.
