08-05 17:05:19.716 25942 25990 E AndroidRuntime: 	at android.os.Parcel.readException(Parcel.java:2013)
08-05 17:05:19.716 25942 25990 E AndroidRuntime: 	at android.os.Parcel.readException(Parcel.java:1959)
08-05 17:05:19.716 25942 25990 E AndroidRuntime: 	at android.location.ILocationManager$Stub$Proxy.requestLocationUpdates(ILocationManager.java:691)
08-05 17:05:19.716 25942 25990 E AndroidRuntime: 	at android.location.LocationManager.requestLocationUpdates(LocationManager.java:900)
08-05 17:05:19.716 25942 25990 E AndroidRuntime: 	at android.location.LocationManager.requestLocationUpdates(LocationManager.java:504)
08-05 17:05:19.716 25942 25990 E AndroidRuntime: 	at azwe.a(:com.google.android.gms@17455055@17.4.55 (110400-248795830):9)
08-05 17:05:19.716 25942 25990 E AndroidRuntime: 	at azwd.a(:com.google.android.gms@17455055@17.4.55 (110400-248795830):3)
08-05 17:05:19.716 25942 25990 E AndroidRuntime: 	at azwg.a(Unknown Source:0)
08-05 17:05:19.716 25942 25990 E AndroidRuntime: 	at ayov.a(:com.google.android.gms@17455055@17.4.55 (110400-248795830):8)
08-05 17:05:19.716 25942 25990 E AndroidRuntime: 	at ayoy.f(Unknown Source:7)
08-05 17:05:19.716 25942 25990 E AndroidRuntime: 	at ayoy.c(:com.google.android.gms@17455055@17.4.55 (110400-248795830):2)
08-05 17:05:19.716 25942 25990 E AndroidRuntime: 	at com.google.android.location.fused.FusionEngine.a(:com.google.android.gms@17455055@17.4.55 (110400-248795830):108)
08-05 17:05:19.716 25942 25990 E AndroidRuntime: 	at aymb.a(:com.google.android.gms@17455055@17.4.55 (110400-248795830):16)
08-05 17:05:19.716 25942 25990 E AndroidRuntime: 	at ayjd.a(:com.google.android.gms@17455055@17.4.55 (110400-248795830):5)
08-05 17:05:19.716 25942 25990 E AndroidRuntime: 	at ayja.a(:com.google.android.gms@17455055@17.4.55 (110400-248795830):5)
08-05 17:05:19.716 25942 25990 E AndroidRuntime: 	at aykz.a(:com.google.android.gms@17455055@17.4.55 (110400-248795830):12)
08-05 17:05:19.716 25942 25990 E AndroidRuntime: 	at com.google.android.location.fused.StationaryThrottlingEngine.a(:com.google.android.gms@17455055@17.4.55 (110400-248795830):12)
08-05 17:05:19.716 25942 25990 E AndroidRuntime: 	at ayiu.a(:com.google.android.gms@17455055@17.4.55 (110400-248795830):5)
08-05 17:05:19.716 25942 25990 E AndroidRuntime: 	at ayma.a(:com.google.android.gms@17455055@17.4.55 (110400-248795830):3)
08-05 17:05:19.716 25942 25990 E AndroidRuntime: 	at com.google.android.location.fused.StationaryThrottlingEngine.a(:com.google.android.gms@17455055@17.4.55 (110400-248795830):12)
08-05 17:05:19.716 25942 25990 E AndroidRuntime: 	at aynj.a(:com.google.android.gms@17455055@17.4.55 (110400-248795830):3)
08-05 17:05:19.716 25942 25990 E AndroidRuntime: 	at ayiw.a(:com.google.android.gms@17455055@17.4.55 (110400-248795830):2)
08-05 17:05:19.716 25942 25990 E AndroidRuntime: 	at aymn.a(:com.google.android.gms@17455055@17.4.55 (110400-248795830):1)
08-05 17:05:19.716 25942 25990 E AndroidRuntime: 	at aymx.handleMessage(:com.google.android.gms@17455055@17.4.55 (110400-248795830):4)
08-05 17:05:19.716 25942 25990 E AndroidRuntime: 	at android.os.Handler.dispatchMessage(Handler.java:106)
08-05 17:05:19.716 25942 25990 E AndroidRuntime: 	at aagz.a(:com.google.android.gms@17455055@17.4.55 (110400-248795830):3)
08-05 17:05:19.716 25942 25990 E AndroidRuntime: 	at aagz.dispatchMessage(:com.google.android.gms@17455055@17.4.55 (110400-248795830):4)
08-05 17:05:19.716 25942 25990 E AndroidRuntime: 	at azws.a(:com.google.android.gms@17455055@17.4.55 (110400-248795830):5)
08-05 17:05:19.716 25942 25990 E AndroidRuntime: 	at aagz.dispatchMessage(:com.google.android.gms@17455055@17.4.55 (110400-248795830):4)
08-05 17:05:19.716 25942 25990 E AndroidRuntime: 	at android.os.Looper.loop(Looper.java:164)
08-05 17:05:19.716 25942 25990 E AndroidRuntime: 	at android.os.HandlerThread.run(HandlerThread.java:65)
08-05 17:05:19.859   916   996 W BroadcastQueue: Background execution not allowed: receiving Intent { act=android.intent.action.DROPBOX_ENTRY_ADDED flg=0x10 (has extras) } to com.google.android.gms/.stats.service.DropBoxEntryAddedReceiver
08-05 17:05:19.860   916   996 W BroadcastQueue: Background execution not allowed: receiving Intent { act=android.intent.action.DROPBOX_ENTRY_ADDED flg=0x10 (has extras) } to com.google.android.gms/.chimera.GmsIntentOperationService$PersistentTrustedReceiver
08-05 17:05:19.901   916  2742 D PackageManager: Binder to instant app resolver died
08-05 17:05:19.902   916   916 D PackageManager: Disconnected from instant app resolver
08-05 17:05:19.903   916  2747 I ActivityManager: Process com.google.android.gms.persistent (pid 25942) has died: fore BFGS
08-05 17:05:19.904   916  2747 W ActivityManager: Scheduling restart of crashed service com.google.android.gms/.chimera.PersistentDirectBootAwareApiService in 4000ms
08-05 17:05:19.905   916  2747 W ActivityManager: Scheduling restart of crashed service com.google.android.gms/com.google.android.location.geofencer.service.GeofenceProviderService in 50885398133473280ms
08-05 17:05:19.905   916  2747 W ActivityManager: Scheduling restart of crashed service com.google.android.gms/com.google.android.location.geocode.GeocodeService in 1125899906842624000ms
08-05 17:05:19.905   916  2747 W ActivityManager: Scheduling restart of crashed service com.google.android.gms/com.google.android.location.fused.FusedLocationService in 3940368198972473344ms
08-05 17:05:19.905   916  2747 W ActivityManager: Scheduling restart of crashed service com.google.android.gms/.chimera.PersistentBoundBrokerService in 13999ms
08-05 17:05:19.906   916  2747 W ActivityManager: Scheduling restart of crashed service com.google.android.gms/com.google.android.location.internal.server.GoogleLocationService in 94861465198002176ms
08-05 17:05:19.907   916  2747 W ActivityManager: Scheduling restart of crashed service com.google.android.gms/com.google.android.location.internal.GoogleLocationManagerService in 138841930309042176ms
08-05 17:05:19.907   916  2747 W ActivityManager: Scheduling restart of crashed service com.google.android.gms/com.google.android.location.internal.server.HardwareArProviderService in 43992ms
08-05 17:05:19.907   916  2747 W ActivityManager: Scheduling restart of crashed service com.google.android.gms/com.google.android.location.network.NetworkLocationService in 182817997373571072ms
08-05 17:05:19.907   916  2747 W ActivityManager: Scheduling restart of crashed service com.google.android.gms/.chimera.PersistentIntentOperationService in 3583488ms
08-05 17:05:21.851   916  2747 I ActivityManager: Start proc 25997:com.google.android.gms.persistent/u0a16 for service com.google.android.gms/.chimera.PersistentDirectBootAwareApiService
08-05 17:05:23.071 25997 26047 E ActivityThread: Failed to find provider info for instantapp-dev-manager
08-05 17:05:23.084   916   916 D PackageManager: Connected to instant app resolver
08-05 17:05:23.328   916  1018 D BluetoothManagerService: MESSAGE_REGISTER_ADAPTER
08-05 17:05:23.766 25997 26055 E AndroidRuntime: FATAL EXCEPTION: FlpThread
08-05 17:05:23.766 25997 26055 E AndroidRuntime: Process: com.google.android.gms.persistent, PID: 25997
08-05 17:05:23.766 25997 26055 E AndroidRuntime: java.lang.SecurityException: "passive" location provider requires ACCESS_FINE_LOCATION permission.
08-05 17:05:23.766 25997 26055 E AndroidRuntime: 	at android.os.Parcel.readException(Parcel.java:2013)
08-05 17:05:23.766 25997 26055 E AndroidRuntime: 	at android.os.Parcel.readException(Parcel.java:1959)
08-05 17:05:23.766 25997 26055 E AndroidRuntime: 	at android.location.ILocationManager$Stub$Proxy.requestLocationUpdates(ILocationManager.java:691)
08-05 17:05:23.766 25997 26055 E AndroidRuntime: 	at android.location.LocationManager.requestLocationUpdates(LocationManager.java:900)
08-05 17:05:23.766 25997 26055 E AndroidRuntime: 	at android.location.LocationManager.requestLocationUpdates(LocationManager.java:504)
08-05 17:05:23.766 25997 26055 E AndroidRuntime: 	at azwe.a(:com.google.android.gms@17455055@17.4.55 (110400-248795830):9)
08-05 17:05:23.766 25997 26055 E AndroidRuntime: 	at azwd.a(:com.google.android.gms@17455055@17.4.55 (110400-248795830):3)
08-05 17:05:23.766 25997 26055 E AndroidRuntime: 	at azwg.a(Unknown Source:0)
08-05 17:05:23.766 25997 26055 E AndroidRuntime: 	at ayov.a(:com.google.android.gms@17455055@17.4.55 (110400-248795830):8)
08-05 17:05:23.766 25997 26055 E AndroidRuntime: 	at ayoy.f(Unknown Source:7)
08-05 17:05:23.766 25997 26055 E AndroidRuntime: 	at ayoy.c(:com.google.android.gms@17455055@17.4.55 (110400-248795830):2)
08-05 17:05:23.766 25997 26055 E AndroidRuntime: 	at com.google.android.location.fused.FusionEngine.a(:com.google.android.gms@17455055@17.4.55 (110400-248795830):108)
08-05 17:05:23.766 25997 26055 E AndroidRuntime: 	at aymb.a(:com.google.android.gms@17455055@17.4.55 (110400-248795830):16)
08-05 17:05:23.766 25997 26055 E AndroidRuntime: 	at ayjd.a(:com.google.android.gms@17455055@17.4.55 (110400-248795830):5)
08-05 17:05:23.766 25997 26055 E AndroidRuntime: 	at ayja.a(:com.google.android.gms@17455055@17.4.55 (110400-248795830):5)
08-05 17:05:23.766 25997 26055 E AndroidRuntime: 	at aykz.a(:com.google.android.gms@17455055@17.4.55 (110400-248795830):12)
08-05 17:05:23.766 25997 26055 E AndroidRuntime: 	at com.google.android.location.fused.StationaryThrottlingEngine.a(:com.google.android.gms@17455055@17.4.55 (110400-248795830):12)
08-05 17:05:23.766 25997 26055 E AndroidRuntime: 	at ayiu.a(:com.google.android.gms@17455055@17.4.55 (110400-248795830):5)
08-05 17:05:23.766 25997 26055 E AndroidRuntime: 	at ayma.a(:com.google.android.gms@17455055@17.4.55 (110400-248795830):3)
08-05 17:05:23.766 25997 26055 E AndroidRuntime: 	at com.google.android.location.fused.StationaryThrottlingEngine.a(:com.google.android.gms@17455055@17.4.55 (110400-248795830):12)
08-05 17:05:23.766 25997 26055 E AndroidRuntime: 	at aynj.a(:com.google.android.gms@17455055@17.4.55 (110400-248795830):3)
08-05 17:05:23.766 25997 26055 E AndroidRuntime: 	at ayiw.a(:com.google.android.gms@17455055@17.4.55 (110400-248795830):2)
08-05 17:05:23.766 25997 26055 E AndroidRuntime: 	at aymn.a(:com.google.android.gms@17455055@17.4.55 (110400-248795830):1)
08-05 17:05:23.766 25997 26055 E AndroidRuntime: 	at aymx.handleMessage(:com.google.android.gms@17455055@17.4.55 (110400-248795830):4)
08-05 17:05:23.766 25997 26055 E AndroidRuntime: 	at android.os.Handler.dispatchMessage(Handler.java:106)
08-05 17:05:23.766 25997 26055 E AndroidRuntime: 	at aagz.a(:com.google.android.gms@17455055@17.4.55 (110400-248795830):3)
08-05 17:05:23.766 25997 26055 E AndroidRuntime: 	at aagz.dispatchMessage(:com.google.android.gms@17455055@17.4.55 (110400-248795830):4)
08-05 17:05:23.766 25997 26055 E AndroidRuntime: 	at azws.a(:com.google.android.gms@17455055@17.4.55 (110400-248795830):5)
08-05 17:05:23.766 25997 26055 E AndroidRuntime: 	at aagz.dispatchMessage(:com.google.android.gms@17455055@17.4.55 (110400-248795830):4)
08-05 17:05:23.766 25997 26055 E AndroidRuntime: 	at android.os.Looper.loop(Looper.java:164)
08-05 17:05:23.766 25997 26055 E AndroidRuntime: 	at android.os.HandlerThread.run(HandlerThread.java:65)
08-05 17:05:23.911   916   996 W BroadcastQueue: Background execution not allowed: receiving Intent { act=android.intent.action.DROPBOX_ENTRY_ADDED flg=0x10 (has extras) } to com.google.android.gms/.stats.service.DropBoxEntryAddedReceiver
08-05 17:05:23.911   916   996 W BroadcastQueue: Background execution not allowed: receiving Intent { act=android.intent.action.DROPBOX_ENTRY_ADDED flg=0x10 (has extras) } to com.google.android.gms/.chimera.GmsIntentOperationService$PersistentTrustedReceiver
08-05 17:05:23.960   916  3314 I ActivityManager: Process com.google.android.gms.persistent (pid 25997) has died: fore BFGS
08-05 17:05:23.962   916  4093 D PackageManager: Binder to instant app resolver died
08-05 17:05:23.964   916  3314 W ActivityManager: Scheduling restart of crashed service com.google.android.gms/com.google.android.location.geofencer.service.GeofenceProviderService in 203541592533893120ms
08-05 17:05:23.964   916   916 D PackageManager: Disconnected from instant app resolver
08-05 17:05:23.964   916  3314 W ActivityManager: Scheduling restart of crashed service com.google.android.gms/com.google.android.location.geocode.GeocodeService in 4503599627370496000ms
08-05 17:05:23.964   916  3314 W ActivityManager: Scheduling restart of crashed service com.google.android.gms/com.google.android.location.fused.FusedLocationService in 1000ms
08-05 17:05:23.965   916  3314 W ActivityManager: Scheduling restart of crashed service com.google.android.gms/.chimera.PersistentBoundBrokerService in 55996ms
08-05 17:05:23.965   916  3314 W ActivityManager: Scheduling restart of crashed service com.google.android.gms/com.google.android.location.internal.server.GoogleLocationService in 379445860792008704ms
08-05 17:05:23.965   916  3314 W ActivityManager: Scheduling restart of crashed service com.google.android.gms/.chimera.PersistentDirectBootAwareApiService in 10999ms
08-05 17:05:23.966   916  3314 W ActivityManager: Scheduling restart of crashed service com.google.android.gms/com.google.android.location.internal.GoogleLocationManagerService in 555367721236168704ms
08-05 17:05:23.966   916  3314 W ActivityManager: Scheduling restart of crashed service com.google.android.gms/com.google.android.location.internal.server.HardwareArProviderService in 175968ms
08-05 17:05:23.966   916  3314 W ActivityManager: Scheduling restart of crashed service com.google.android.gms/com.google.android.location.network.NetworkLocationService in 731271989494284288ms
08-05 17:05:23.966   916  3314 W ActivityManager: Scheduling restart of crashed service com.google.android.gms/.chimera.PersistentIntentOperationService in 14333952ms
08-05 17:05:25.007   916   996 I ActivityManager: Start proc 26064:com.google.android.gms.persistent/u0a16 for service com.google.android.gms/com.google.android.location.fused.FusedLocationService
08-05 17:05:26.113 26064 26102 E ActivityThread: Failed to find provider info for instantapp-dev-manager
08-05 17:05:26.124   916   916 D PackageManager: Connected to instant app resolver
08-05 17:05:26.414   916  1018 D BluetoothManagerService: MESSAGE_REGISTER_ADAPTER
08-05 17:05:26.896 26064 26113 E AndroidRuntime: FATAL EXCEPTION: FlpThread
08-05 17:05:26.896 26064 26113 E AndroidRuntime: Process: com.google.android.gms.persistent, PID: 26064
08-05 17:05:26.896 26064 26113 E AndroidRuntime: java.lang.SecurityException: "passive" location provider requires ACCESS_FINE_LOCATION permission.
08-05 17:05:26.896 26064 26113 E AndroidRuntime: 	at android.os.Parcel.readException(Parcel.java:2013)
08-05 17:05:26.896 26064 26113 E AndroidRuntime: 	at android.os.Parcel.readException(Parcel.java:1959)
08-05 17:05:26.896 26064 26113 E AndroidRuntime: 	at android.location.ILocationManager$Stub$Proxy.requestLocationUpdates(ILocationManager.java:691)
08-05 17:05:26.896 26064 26113 E AndroidRuntime: 	at android.location.LocationManager.requestLocationUpdates(LocationManager.java:900)
08-05 17:05:26.896 26064 26113 E AndroidRuntime: 	at android.location.LocationManager.requestLocationUpdates(LocationManager.java:504)
08-05 17:05:26.896 26064 26113 E AndroidRuntime: 	at azwe.a(:com.google.android.gms@17455055@17.4.55 (110400-248795830):9)
08-05 17:05:26.896 26064 26113 E AndroidRuntime: 	at azwd.a(:com.google.android.gms@17455055@17.4.55 (110400-248795830):3)
08-05 17:05:26.896 26064 26113 E AndroidRuntime: 	at azwg.a(Unknown Source:0)
08-05 17:05:26.896 26064 26113 E AndroidRuntime: 	at ayov.a(:com.google.android.gms@17455055@17.4.55 (110400-248795830):8)
08-05 17:05:26.896 26064 26113 E AndroidRuntime: 	at ayoy.f(Unknown Source:7)
08-05 17:05:26.896 26064 26113 E AndroidRuntime: 	at ayoy.c(:com.google.android.gms@17455055@17.4.55 (110400-248795830):2)
08-05 17:05:26.896 26064 26113 E AndroidRuntime: 	at com.google.android.location.fused.FusionEngine.a(:com.google.android.gms@17455055@17.4.55 (110400-248795830):108)
08-05 17:05:26.896 26064 26113 E AndroidRuntime: 	at aymb.a(:com.google.android.gms@17455055@17.4.55 (110400-248795830):16)
08-05 17:05:26.896 26064 26113 E AndroidRuntime: 	at ayjd.a(:com.google.android.gms@17455055@17.4.55 (110400-248795830):5)
08-05 17:05:26.896 26064 26113 E AndroidRuntime: 	at ayja.a(:com.google.android.gms@17455055@17.4.55 (110400-248795830):5)
08-05 17:05:26.896 26064 26113 E AndroidRuntime: 	at aykz.a(:com.google.android.gms@17455055@17.4.55 (110400-248795830):12)
08-05 17:05:26.896 26064 26113 E AndroidRuntime: 	at com.google.android.location.fused.StationaryThrottlingEngine.a(:com.google.android.gms@17455055@17.4.55 (110400-248795830):12)
08-05 17:05:26.896 26064 26113 E AndroidRuntime: 	at ayiu.a(:com.google.android.gms@17455055@17.4.55 (110400-248795830):5)
08-05 17:05:26.896 26064 26113 E AndroidRuntime: 	at ayma.a(:com.google.android.gms@17455055@17.4.55 (110400-248795830):3)
08-05 17:05:26.896 26064 26113 E AndroidRuntime: 	at com.google.android.location.fused.StationaryThrottlingEngine.a(:com.google.android.gms@17455055@17.4.55 (110400-248795830):12)
08-05 17:05:26.896 26064 26113 E AndroidRuntime: 	at aynj.a(:com.google.android.gms@17455055@17.4.55 (110400-248795830):3)
08-05 17:05:26.896 26064 26113 E AndroidRuntime: 	at ayiw.a(:com.google.android.gms@17455055@17.4.55 (110400-248795830):2)
08-05 17:05:26.896 26064 26113 E AndroidRuntime: 	at aymn.a(:com.google.android.gms@17455055@17.4.55 (110400-248795830):1)
08-05 17:05:26.896 26064 26113 E AndroidRuntime: 	at aymx.handleMessage(:com.google.android.gms@17455055@17.4.55 (110400-248795830):4)
08-05 17:05:26.896 26064 26113 E AndroidRuntime: 	at android.os.Handler.dispatchMessage(Handler.java:106)
08-05 17:05:26.896 26064 26113 E AndroidRuntime: 	at aagz.a(:com.google.android.gms@17455055@17.4.55 (110400-248795830):3)
08-05 17:05:26.896 26064 26113 E AndroidRuntime: 	at aagz.dispatchMessage(:com.google.android.gms@17455055@17.4.55 (110400-248795830):4)
08-05 17:05:26.896 26064 26113 E AndroidRuntime: 	at azws.a(:com.google.android.gms@17455055@17.4.55 (110400-248795830):5)
08-05 17:05:26.896 26064 26113 E AndroidRuntime: 	at aagz.dispatchMessage(:com.google.android.gms@17455055@17.4.55 (110400-248795830):4)
08-05 17:05:26.896 26064 26113 E AndroidRuntime: 	at android.os.Looper.loop(Looper.java:164)
08-05 17:05:26.896 26064 26113 E AndroidRuntime: 	at android.os.HandlerThread.run(HandlerThread.java:65)
08-05 17:05:27.068   916   996 W BroadcastQueue: Background execution not allowed: receiving Intent { act=android.intent.action.DROPBOX_ENTRY_ADDED flg=0x10 (has extras) } to com.google.android.gms/.stats.service.DropBoxEntryAddedReceiver
08-05 17:05:27.069   916   996 W BroadcastQueue: Background execution not allowed: receiving Intent { act=android.intent.action.DROPBOX_ENTRY_ADDED flg=0x10 (has extras) } to com.google.android.gms/.chimera.GmsIntentOperationService$PersistentTrustedReceiver
08-05 17:05:27.111   916  3825 D PackageManager: Binder to instant app resolver died
08-05 17:05:27.114   916   916 D PackageManager: Disconnected from instant app resolver
08-05 17:05:27.115   916  5437 I ActivityManager: Process com.google.android.gms.persistent (pid 26064) has died: fore BFGS
08-05 17:05:27.116   916  5437 W ActivityManager: Scheduling restart of crashed service com.google.android.gms/com.google.android.location.geofencer.service.GeofenceProviderService in 814166370135572480ms
08-05 17:05:27.116   916  5437 W ActivityManager: Scheduling restart of crashed service com.google.android.gms/com.google.android.location.geocode.GeocodeService in 1000ms
08-05 17:05:27.117   916  5437 W ActivityManager: Scheduling restart of crashed service com.google.android.gms/com.google.android.location.fused.FusedLocationService in 11000ms
08-05 17:05:27.117   916  5437 W ActivityManager: Scheduling restart of crashed service com.google.android.gms/.chimera.PersistentBoundBrokerService in 223984ms
08-05 17:05:27.117   916  5437 W ActivityManager: Scheduling restart of crashed service com.google.android.gms/com.google.android.location.internal.server.GoogleLocationService in 1517783443168034816ms
08-05 17:05:27.118   916  5437 W ActivityManager: Scheduling restart of crashed service com.google.android.gms/.chimera.PersistentDirectBootAwareApiService in 43996ms
08-05 17:05:27.118   916  5437 W ActivityManager: Scheduling restart of crashed service com.google.android.gms/com.google.android.location.internal.GoogleLocationManagerService in 2221470884944674816ms
08-05 17:05:27.118   916  5437 W ActivityManager: Scheduling restart of crashed service com.google.android.gms/com.google.android.location.internal.server.HardwareArProviderService in 703872ms
08-05 17:05:27.118   916  5437 W ActivityManager: Scheduling restart of crashed service com.google.android.gms/com.google.android.location.network.NetworkLocationService in 2925087957977137152ms
08-05 17:05:27.119   916  5437 W ActivityManager: Canceling start item Intent { act=com.google.android.gms.common.broadcast.DELIVER_BROADCAST cat=[targeted_intent_op_prefix:.common.broadcast.BackgroundBroadcastReceiverSupport$PersistentReceiverIntentOperation] cmp=com.google.android.gms/.chimera.PersistentIntentOperationService (has extras) } in service ComponentInfo{com.google.android.gms/com.google.android.gms.chimera.PersistentIntentOperationService}
08-05 17:05:27.119   916  5437 W ActivityManager: Scheduling restart of crashed service com.google.android.gms/.chimera.PersistentIntentOperationService in 57335808ms
08-05 17:05:28.157   916   996 I ActivityManager: Start proc 26119:com.google.android.gms.persistent/u0a16 for service com.google.android.gms/com.google.android.location.geocode.GeocodeService
08-05 17:05:29.291 26119 26157 E ActivityThread: Failed to find provider info for instantapp-dev-manager
08-05 17:05:29.310   916   916 D PackageManager: Connected to instant app resolver
08-05 17:05:29.539   916  1018 D BluetoothManagerService: MESSAGE_REGISTER_ADAPTER
08-05 17:05:30.068 26119 26167 E AndroidRuntime: FATAL EXCEPTION: FlpThread
08-05 17:05:30.068 26119 26167 E AndroidRuntime: Process: com.google.android.gms.persistent, PID: 26119
08-05 17:05:30.068 26119 26167 E AndroidRuntime: java.lang.SecurityException: "passive" location provider requires ACCESS_FINE_LOCATION permission.
08-05 17:05:30.068 26119 26167 E AndroidRuntime: 	at android.os.Parcel.readException(Parcel.java:2013)
08-05 17:05:30.068 26119 26167 E AndroidRuntime: 	at android.os.Parcel.readException(Parcel.java:1959)
08-05 17:05:30.068 26119 26167 E AndroidRuntime: 	at android.location.ILocationManager$Stub$Proxy.requestLocationUpdates(ILocationManager.java:691)
08-05 17:05:30.068 26119 26167 E AndroidRuntime: 	at android.location.LocationManager.requestLocationUpdates(LocationManager.java:900)
08-05 17:05:30.068 26119 26167 E AndroidRuntime: 	at android.location.LocationManager.requestLocationUpdates(LocationManager.java:504)
08-05 17:05:30.068 26119 26167 E AndroidRuntime: 	at azwe.a(:com.google.android.gms@17455055@17.4.55 (110400-248795830):9)
08-05 17:05:30.068 26119 26167 E AndroidRuntime: 	at azwd.a(:com.google.android.gms@17455055@17.4.55 (110400-248795830):3)
08-05 17:05:30.068 26119 26167 E AndroidRuntime: 	at azwg.a(Unknown Source:0)
08-05 17:05:30.068 26119 26167 E AndroidRuntime: 	at ayov.a(:com.google.android.gms@17455055@17.4.55 (110400-248795830):8)
08-05 17:05:30.068 26119 26167 E AndroidRuntime: 	at ayoy.f(Unknown Source:7)
08-05 17:05:30.068 26119 26167 E AndroidRuntime: 	at ayoy.c(:com.google.android.gms@17455055@17.4.55 (110400-248795830):2)
08-05 17:05:30.068 26119 26167 E AndroidRuntime: 	at com.google.android.location.fused.FusionEngine.a(:com.google.android.gms@17455055@17.4.55 (110400-248795830):108)
08-05 17:05:30.068 26119 26167 E AndroidRuntime: 	at aymb.a(:com.google.android.gms@17455055@17.4.55 (110400-248795830):16)
08-05 17:05:30.068 26119 26167 E AndroidRuntime: 	at ayjd.a(:com.google.android.gms@17455055@17.4.55 (110400-248795830):5)
08-05 17:05:30.068 26119 26167 E AndroidRuntime: 	at ayja.a(:com.google.android.gms@17455055@17.4.55 (110400-248795830):5)
08-05 17:05:30.068 26119 26167 E AndroidRuntime: 	at aykz.a(:com.google.android.gms@17455055@17.4.55 (110400-248795830):12)
08-05 17:05:30.068 26119 26167 E AndroidRuntime: 	at com.google.android.location.fused.StationaryThrottlingEngine.a(:com.google.android.gms@17455055@17.4.55 (110400-248795830):12)
08-05 17:05:30.068 26119 26167 E AndroidRuntime: 	at ayiu.a(:com.google.android.gms@17455055@17.4.55 (110400-248795830):5)
08-05 17:05:30.068 26119 26167 E AndroidRuntime: 	at ayma.a(:com.google.android.gms@17455055@17.4.55 (110400-248795830):3)
08-05 17:05:30.068 26119 26167 E AndroidRuntime: 	at com.google.android.location.fused.StationaryThrottlingEngine.a(:com.google.android.gms@17455055@17.4.55 (110400-248795830):12)
08-05 17:05:30.068 26119 26167 E AndroidRuntime: 	at aynj.a(:com.google.android.gms@17455055@17.4.55 (110400-248795830):3)
08-05 17:05:30.068 26119 26167 E AndroidRuntime: 	at ayiw.a(:com.google.android.gms@17455055@17.4.55 (110400-248795830):2)
08-05 17:05:30.068 26119 26167 E AndroidRuntime: 	at aymn.a(:com.google.android.gms@17455055@17.4.55 (110400-248795830):1)
08-05 17:05:30.068 26119 26167 E AndroidRuntime: 	at aymx.handleMessage(:com.google.android.gms@17455055@17.4.55 (110400-248795830):4)
08-05 17:05:30.068 26119 26167 E AndroidRuntime: 	at android.os.Handler.dispatchMessage(Handler.java:106)
08-05 17:05:30.068 26119 26167 E AndroidRuntime: 	at aagz.a(:com.google.android.gms@17455055@17.4.55 (110400-248795830):3)
08-05 17:05:30.068 26119 26167 E AndroidRuntime: 	at aagz.dispatchMessage(:com.google.android.gms@17455055@17.4.55 (110400-248795830):4)
08-05 17:05:30.068 26119 26167 E AndroidRuntime: 	at azws.a(:com.google.android.gms@17455055@17.4.55 (110400-248795830):5)
08-05 17:05:30.068 26119 26167 E AndroidRuntime: 	at aagz.dispatchMessage(:com.google.android.gms@17455055@17.4.55 (110400-248795830):4)
08-05 17:05:30.068 26119 26167 E AndroidRuntime: 	at android.os.Looper.loop(Looper.java:164)
08-05 17:05:30.068 26119 26167 E AndroidRuntime: 	at android.os.HandlerThread.run(HandlerThread.java:65)
08-05 17:05:30.222   916   996 W BroadcastQueue: Background execution not allowed: receiving Intent { act=android.intent.action.DROPBOX_ENTRY_ADDED flg=0x10 (has extras) } to com.google.android.gms/.stats.service.DropBoxEntryAddedReceiver
08-05 17:05:30.222   916   996 W BroadcastQueue: Background execution not allowed: receiving Intent { act=android.intent.action.DROPBOX_ENTRY_ADDED flg=0x10 (has extras) } to com.google.android.gms/.chimera.GmsIntentOperationService$PersistentTrustedReceiver
08-05 17:05:30.264   916  4174 D PackageManager: Binder to instant app resolver died
08-05 17:05:30.266   916   916 D PackageManager: Disconnected from instant app resolver
08-05 17:05:30.267   916  5228 I ActivityManager: Process com.google.android.gms.persistent (pid 26119) has died: fore BFGS
08-05 17:05:30.268   916  5228 W ActivityManager: Scheduling restart of crashed service com.google.android.gms/com.google.android.location.geofencer.service.GeofenceProviderService in 3256665480542289920ms
08-05 17:05:30.269   916  5228 W ActivityManager: Scheduling restart of crashed service com.google.android.gms/com.google.android.location.geocode.GeocodeService in 4000ms
08-05 17:05:30.269   916  5228 W ActivityManager: Scheduling restart of crashed service com.google.android.gms/com.google.android.location.fused.FusedLocationService in 44000ms
08-05 17:05:30.269   916  5228 W ActivityManager: Scheduling restart of crashed service com.google.android.gms/.chimera.PersistentBoundBrokerService in 895936ms
08-05 17:05:30.270   916  5228 W ActivityManager: Scheduling restart of crashed service com.google.android.gms/com.google.android.location.internal.server.GoogleLocationService in 6071133772672139264ms
08-05 17:05:30.270   916  5228 W ActivityManager: Scheduling restart of crashed service com.google.android.gms/com.google.android.location.internal.GoogleLocationManagerService in 8885883539778699264ms
08-05 17:05:30.270   916  5228 W ActivityManager: Scheduling restart of crashed service com.google.android.gms/com.google.android.location.internal.server.HardwareArProviderService in 2815488ms
08-05 17:05:30.270   916  5228 W ActivityManager: Scheduling restart of crashed service com.google.android.gms/com.google.android.location.network.NetworkLocationService in 13999ms
08-05 17:05:30.271   916  5228 W ActivityManager: Canceling start item Intent { act=com.google.android.gms.common.broadcast.DELIVER_BROADCAST cat=[targeted_intent_op_prefix:.common.broadcast.BackgroundBroadcastReceiverSupport$PersistentReceiverIntentOperation] cmp=com.google.android.gms/.chimera.PersistentIntentOperationService (has extras) } in service ComponentInfo{com.google.android.gms/com.google.android.gms.chimera.PersistentIntentOperationService}
08-05 17:05:30.271   916  5228 W ActivityManager: Canceling start item Intent { act=com.google.android.gms.common.broadcast.DELIVER_BROADCAST cat=[targeted_intent_op_prefix:.common.broadcast.BackgroundBroadcastReceiverSupport$PersistentReceiverIntentOperation] cmp=com.google.android.gms/.chimera.PersistentIntentOperationService (has extras) } in service ComponentInfo{com.google.android.gms/com.google.android.gms.chimera.PersistentIntentOperationService}
08-05 17:05:30.271   916  5228 W ActivityManager: Scheduling restart of crashed service com.google.android.gms/.chimera.PersistentIntentOperationService in 229343232ms
08-05 17:05:30.271   916  5228 W ActivityManager: Scheduling restart of crashed service com.google.android.gms/.chimera.PersistentDirectBootAwareApiService in 23998ms
08-05 17:05:34.312   916   996 I ActivityManager: Start proc 26174:com.google.android.gms.persistent/u0a16 for service com.google.android.gms/com.google.android.location.geocode.GeocodeService
08-05 17:05:35.469 26174 26212 E ActivityThread: Failed to find provider info for instantapp-dev-manager
08-05 17:05:35.492   916   916 D PackageManager: Connected to instant app resolver
08-05 17:05:35.791   916  1018 D BluetoothManagerService: MESSAGE_REGISTER_ADAPTER
08-05 17:05:36.172 26174 26220 E AndroidRuntime: FATAL EXCEPTION: FlpThread
08-05 17:05:36.172 26174 26220 E AndroidRuntime: Process: com.google.android.gms.persistent, PID: 26174
08-05 17:05:36.172 26174 26220 E AndroidRuntime: java.lang.SecurityException: "passive" location provider requires ACCESS_FINE_LOCATION permission.
08-05 17:05:36.172 26174 26220 E AndroidRuntime: 	at android.os.Parcel.readException(Parcel.java:2013)
08-05 17:05:36.172 26174 26220 E AndroidRuntime: 	at android.os.Parcel.readException(Parcel.java:1959)
08-05 17:05:36.172 26174 26220 E AndroidRuntime: 	at android.location.ILocationManager$Stub$Proxy.requestLocationUpdates(ILocationManager.java:691)
08-05 17:05:36.172 26174 26220 E AndroidRuntime: 	at android.location.LocationManager.requestLocationUpdates(LocationManager.java:900)
08-05 17:05:36.172 26174 26220 E AndroidRuntime: 	at android.location.LocationManager.requestLocationUpdates(LocationManager.java:504)
08-05 17:05:36.172 26174 26220 E AndroidRuntime: 	at azwe.a(:com.google.android.gms@17455055@17.4.55 (110400-248795830):9)
08-05 17:05:36.172 26174 26220 E AndroidRuntime: 	at azwd.a(:com.google.android.gms@17455055@17.4.55 (110400-248795830):3)
08-05 17:05:36.172 26174 26220 E AndroidRuntime: 	at azwg.a(Unknown Source:0)
08-05 17:05:36.172 26174 26220 E AndroidRuntime: 	at ayov.a(:com.google.android.gms@17455055@17.4.55 (110400-248795830):8)
08-05 17:05:36.172 26174 26220 E AndroidRuntime: 	at ayoy.f(Unknown Source:7)
08-05 17:05:36.172 26174 26220 E AndroidRuntime: 	at ayoy.c(:com.google.android.gms@17455055@17.4.55 (110400-248795830):2)
08-05 17:05:36.172 26174 26220 E AndroidRuntime: 	at com.google.android.location.fused.FusionEngine.a(:com.google.android.gms@17455055@17.4.55 (110400-248795830):108)
08-05 17:05:36.172 26174 26220 E AndroidRuntime: 	at aymb.a(:com.google.android.gms@17455055@17.4.55 (110400-248795830):16)
08-05 17:05:36.172 26174 26220 E AndroidRuntime: 	at ayjd.a(:com.google.android.gms@17455055@17.4.55 (110400-248795830):5)
08-05 17:05:36.172 26174 26220 E AndroidRuntime: 	at ayja.a(:com.google.android.gms@17455055@17.4.55 (110400-248795830):5)
08-05 17:05:36.172 26174 26220 E AndroidRuntime: 	at aykz.a(:com.google.android.gms@17455055@17.4.55 (110400-248795830):12)
08-05 17:05:36.172 26174 26220 E AndroidRuntime: 	at com.google.android.location.fused.StationaryThrottlingEngine.a(:com.google.android.gms@17455055@17.4.55 (110400-248795830):12)
08-05 17:05:36.172 26174 26220 E AndroidRuntime: 	at ayiu.a(:com.google.android.gms@17455055@17.4.55 (110400-248795830):5)
08-05 17:05:36.172 26174 26220 E AndroidRuntime: 	at ayma.a(:com.google.android.gms@17455055@17.4.55 (110400-248795830):3)
08-05 17:05:36.172 26174 26220 E AndroidRuntime: 	at com.google.android.location.fused.StationaryThrottlingEngine.a(:com.google.android.gms@17455055@17.4.55 (110400-248795830):12)
08-05 17:05:36.172 26174 26220 E AndroidRuntime: 	at aynj.a(:com.google.android.gms@17455055@17.4.55 (110400-248795830):3)
08-05 17:05:36.172 26174 26220 E AndroidRuntime: 	at ayiw.a(:com.google.android.gms@17455055@17.4.55 (110400-248795830):2)
08-05 17:05:36.172 26174 26220 E AndroidRuntime: 	at aymn.a(:com.google.android.gms@17455055@17.4.55 (110400-248795830):1)
08-05 17:05:36.172 26174 26220 E AndroidRuntime: 	at aymx.handleMessage(:com.google.android.gms@17455055@17.4.55 (110400-248795830):4)
08-05 17:05:36.172 26174 26220 E AndroidRuntime: 	at android.os.Handler.dispatchMessage(Handler.java:106)
08-05 17:05:36.172 26174 26220 E AndroidRuntime: 	at aagz.a(:com.google.android.gms@17455055@17.4.55 (110400-248795830):3)
08-05 17:05:36.172 26174 26220 E AndroidRuntime: 	at aagz.dispatchMessage(:com.google.android.gms@17455055@17.4.55 (110400-248795830):4)
08-05 17:05:36.172 26174 26220 E AndroidRuntime: 	at azws.a(:com.google.android.gms@17455055@17.4.55 (110400-248795830):5)
08-05 17:05:36.172 26174 26220 E AndroidRuntime: 	at aagz.dispatchMessage(:com.google.android.gms@17455055@17.4.55 (110400-248795830):4)
08-05 17:05:36.172 26174 26220 E AndroidRuntime: 	at android.os.Looper.loop(Looper.java:164)
08-05 17:05:36.172 26174 26220 E AndroidRuntime: 	at android.os.HandlerThread.run(HandlerThread.java:65)
08-05 17:05:36.319   916   996 W BroadcastQueue: Background execution not allowed: receiving Intent { act=android.intent.action.DROPBOX_ENTRY_ADDED flg=0x10 (has extras) } to com.google.android.gms/.stats.service.DropBoxEntryAddedReceiver
08-05 17:05:36.320   916   996 W BroadcastQueue: Background execution not allowed: receiving Intent { act=android.intent.action.DROPBOX_ENTRY_ADDED flg=0x10 (has extras) } to com.google.android.gms/.chimera.GmsIntentOperationService$PersistentTrustedReceiver
08-05 17:05:36.361   916  4612 D PackageManager: Binder to instant app resolver died
08-05 17:05:36.362   916   916 D PackageManager: Disconnected from instant app resolver
08-05 17:05:36.363   916  4767 I ActivityManager: Process com.google.android.gms.persistent (pid 26174) has died: fore BFGS
08-05 17:05:36.364   916  4767 W ActivityManager: Scheduling restart of crashed service com.google.android.gms/com.google.android.location.geofencer.service.GeofenceProviderService in 1000ms
08-05 17:05:36.365   916  4767 W ActivityManager: Scheduling restart of crashed service com.google.android.gms/com.google.android.location.geocode.GeocodeService in 16000ms
08-05 17:05:36.365   916  4767 W ActivityManager: Scheduling restart of crashed service com.google.android.gms/com.google.android.location.fused.FusedLocationService in 176000ms
08-05 17:05:36.365   916  4767 W ActivityManager: Scheduling restart of crashed service com.google.android.gms/.chimera.PersistentBoundBrokerService in 3583744ms
08-05 17:05:36.365   916  4767 W ActivityManager: Scheduling restart of crashed service com.google.android.gms/com.google.android.location.internal.server.GoogleLocationService in 5837791016979005440ms
08-05 17:05:36.366   916  4767 W ActivityManager: Scheduling restart of crashed service com.google.android.gms/com.google.android.location.internal.GoogleLocationManagerService in 25999ms
08-05 17:05:36.366   916  4767 W ActivityManager: Scheduling restart of crashed service com.google.android.gms/com.google.android.location.internal.server.HardwareArProviderService in 11261952ms
08-05 17:05:36.366   916  4767 W ActivityManager: Scheduling restart of crashed service com.google.android.gms/com.google.android.location.network.NetworkLocationService in 55996ms
08-05 17:05:36.366   916  4767 W ActivityManager: Scheduling restart of crashed service com.google.android.gms/.chimera.PersistentIntentOperationService in 917372928ms
08-05 17:05:36.367   916  4767 W ActivityManager: Scheduling restart of crashed service com.google.android.gms/.chimera.PersistentDirectBootAwareApiService in 95992ms
08-05 17:05:37.405   916   996 I ActivityManager: Start proc 26228:com.google.android.gms.persistent/u0a16 for service com.google.android.gms/com.google.android.location.geofencer.service.GeofenceProviderService
08-05 17:05:38.539 26228 26266 E ActivityThread: Failed to find provider info for instantapp-dev-manager
08-05 17:05:38.562   916   916 D PackageManager: Connected to instant app resolver
08-05 17:05:38.813   916  1018 D BluetoothManagerService: MESSAGE_REGISTER_ADAPTER
08-05 17:05:39.254 26228 26276 E AndroidRuntime: FATAL EXCEPTION: FlpThread
08-05 17:05:39.254 26228 26276 E AndroidRuntime: Process: com.google.android.gms.persistent, PID: 26228
08-05 17:05:39.254 26228 26276 E AndroidRuntime: java.lang.SecurityException: "passive" location provider requires ACCESS_FINE_LOCATION permission.
08-05 17:05:39.254 26228 26276 E AndroidRuntime: 	at android.os.Parcel.readException(Parcel.java:2013)
08-05 17:05:39.254 26228 26276 E AndroidRuntime: 	at android.os.Parcel.readException(Parcel.java:1959)
08-05 17:05:39.254 26228 26276 E AndroidRuntime: 	at android.location.ILocationManager$Stub$Proxy.requestLocationUpdates(ILocationManager.java:691)
08-05 17:05:39.254 26228 26276 E AndroidRuntime: 	at android.location.LocationManager.requestLocationUpdates(LocationManager.java:900)
08-05 17:05:39.254 26228 26276 E AndroidRuntime: 	at android.location.LocationManager.requestLocationUpdates(LocationManager.java:504)
08-05 17:05:39.254 26228 26276 E AndroidRuntime: 	at azwe.a(:com.google.android.gms@17455055@17.4.55 (110400-248795830):9)
08-05 17:05:39.254 26228 26276 E AndroidRuntime: 	at azwd.a(:com.google.android.gms@17455055@17.4.55 (110400-248795830):3)
08-05 17:05:39.254 26228 26276 E AndroidRuntime: 	at azwg.a(Unknown Source:0)
08-05 17:05:39.254 26228 26276 E AndroidRuntime: 	at ayov.a(:com.google.android.gms@17455055@17.4.55 (110400-248795830):8)
08-05 17:05:39.254 26228 26276 E AndroidRuntime: 	at ayoy.f(Unknown Source:7)
08-05 17:05:39.254 26228 26276 E AndroidRuntime: 	at ayoy.c(:com.google.android.gms@17455055@17.4.55 (110400-248795830):2)
08-05 17:05:39.254 26228 26276 E AndroidRuntime: 	at com.google.android.location.fused.FusionEngine.a(:com.google.android.gms@17455055@17.4.55 (110400-248795830):108)
08-05 17:05:39.254 26228 26276 E AndroidRuntime: 	at aymb.a(:com.google.android.gms@17455055@17.4.55 (110400-248795830):16)
08-05 17:05:39.254 26228 26276 E AndroidRuntime: 	at ayjd.a(:com.google.android.gms@17455055@17.4.55 (110400-248795830):5)
08-05 17:05:39.254 26228 26276 E AndroidRuntime: 	at ayja.a(:com.google.android.gms@17455055@17.4.55 (110400-248795830):5)
08-05 17:05:39.254 26228 26276 E AndroidRuntime: 	at aykz.a(:com.google.android.gms@17455055@17.4.55 (110400-248795830):12)
08-05 17:05:39.254 26228 26276 E AndroidRuntime: 	at com.google.android.location.fused.StationaryThrottlingEngine.a(:com.google.android.gms@17455055@17.4.55 (110400-248795830):12)
08-05 17:05:39.254 26228 26276 E AndroidRuntime: 	at ayiu.a(:com.google.android.gms@17455055@17.4.55 (110400-248795830):5)
08-05 17:05:39.254 26228 26276 E AndroidRuntime: 	at ayma.a(:com.google.android.gms@17455055@17.4.55 (110400-248795830):3)
08-05 17:05:39.254 26228 26276 E AndroidRuntime: 	at com.google.android.location.fused.StationaryThrottlingEngine.a(:com.google.android.gms@17455055@17.4.55 (110400-248795830):12)
08-05 17:05:39.254 26228 26276 E AndroidRuntime: 	at aynj.a(:com.google.android.gms@17455055@17.4.55 (110400-248795830):3)
08-05 17:05:39.254 26228 26276 E AndroidRuntime: 	at ayiw.a(:com.google.android.gms@17455055@17.4.55 (110400-248795830):2)
08-05 17:05:39.254 26228 26276 E AndroidRuntime: 	at aymn.a(:com.google.android.gms@17455055@17.4.55 (110400-248795830):1)
08-05 17:05:39.254 26228 26276 E AndroidRuntime: 	at aymx.handleMessage(:com.google.android.gms@17455055@17.4.55 (110400-248795830):4)
08-05 17:05:39.254 26228 26276 E AndroidRuntime: 	at android.os.Handler.dispatchMessage(Handler.java:106)
08-05 17:05:39.254 26228 26276 E AndroidRuntime: 	at aagz.a(:com.google.android.gms@17455055@17.4.55 (110400-248795830):3)
08-05 17:05:39.254 26228 26276 E AndroidRuntime: 	at aagz.dispatchMessage(:com.google.android.gms@17455055@17.4.55 (110400-248795830):4)
08-05 17:05:39.254 26228 26276 E AndroidRuntime: 	at azws.a(:com.google.android.gms@17455055@17.4.55 (110400-248795830):5)
08-05 17:05:39.254 26228 26276 E AndroidRuntime: 	at aagz.dispatchMessage(:com.google.android.gms@17455055@17.4.55 (110400-248795830):4)
08-05 17:05:39.254 26228 26276 E AndroidRuntime: 	at android.os.Looper.loop(Looper.java:164)
08-05 17:05:39.254 26228 26276 E AndroidRuntime: 	at android.os.HandlerThread.run(HandlerThread.java:65)
08-05 17:05:39.414   916   996 W BroadcastQueue: Background execution not allowed: receiving Intent { act=android.intent.action.DROPBOX_ENTRY_ADDED flg=0x10 (has extras) } to com.google.android.gms/.stats.service.DropBoxEntryAddedReceiver
08-05 17:05:39.414   916   996 W BroadcastQueue: Background execution not allowed: receiving Intent { act=android.intent.action.DROPBOX_ENTRY_ADDED flg=0x10 (has extras) } to com.google.android.gms/.chimera.GmsIntentOperationService$PersistentTrustedReceiver
08-05 17:05:39.458   916  4466 D PackageManager: Binder to instant app resolver died
08-05 17:05:39.460   916   916 D PackageManager: Disconnected from instant app resolver
08-05 17:05:39.461   916  5437 I ActivityManager: Process com.google.android.gms.persistent (pid 26228) has died: fore BFGS
08-05 17:05:39.463   916  5437 W ActivityManager: Scheduling restart of crashed service com.google.android.gms/com.google.android.location.geofencer.service.GeofenceProviderService in 4000ms
08-05 17:05:39.463   916  5437 W ActivityManager: Scheduling restart of crashed service com.google.android.gms/com.google.android.location.geocode.GeocodeService in 64000ms
08-05 17:05:39.463   916  5437 W ActivityManager: Scheduling restart of crashed service com.google.android.gms/com.google.android.location.fused.FusedLocationService in 704000ms
08-05 17:05:39.464   916  5437 W ActivityManager: Scheduling restart of crashed service com.google.android.gms/.chimera.PersistentBoundBrokerService in 14334976ms
08-05 17:05:39.464   916  5437 W ActivityManager: Scheduling restart of crashed service com.google.android.gms/com.google.android.location.internal.server.GoogleLocationService in 4904419994206470144ms
08-05 17:05:39.464   916  5437 W ActivityManager: Scheduling restart of crashed service com.google.android.gms/com.google.android.location.internal.GoogleLocationManagerService in 103996ms
08-05 17:05:39.464   916  5437 W ActivityManager: Scheduling restart of crashed service com.google.android.gms/com.google.android.location.internal.server.HardwareArProviderService in 45047808ms
08-05 17:05:39.465   916  5437 W ActivityManager: Scheduling restart of crashed service com.google.android.gms/com.google.android.location.network.NetworkLocationService in 223984ms
08-05 17:05:39.465   916  5437 W ActivityManager: Canceling start item Intent { act=com.google.android.gms.common.broadcast.DELIVER_BROADCAST cat=[targeted_intent_op_prefix:.common.broadcast.BackgroundBroadcastReceiverSupport$PersistentReceiverIntentOperation] cmp=com.google.android.gms/.chimera.PersistentIntentOperationService (has extras) } in service ComponentInfo{com.google.android.gms/com.google.android.gms.chimera.PersistentIntentOperationService}
08-05 17:05:39.465   916  5437 W ActivityManager: Scheduling restart of crashed service com.google.android.gms/.chimera.PersistentIntentOperationService in 3669491712ms
08-05 17:05:39.465   916  5437 W ActivityManager: Scheduling restart of crashed service com.google.android.gms/.chimera.PersistentDirectBootAwareApiService in 383968ms
08-05 17:05:43.503   916   996 I ActivityManager: Start proc 26293:com.google.android.gms.persistent/u0a16 for service com.google.android.gms/com.google.android.location.geofencer.service.GeofenceProviderService
08-05 17:05:43.882   916  2392 I PowerManagerService: Waking up from dozing (uid=1000 reason=android.policy:POWER)...
08-05 17:05:43.887   916  1159 I DisplayPowerController: Blocking screen on until initial contents have been drawn.
08-05 17:05:43.895   916  1019 I DisplayManagerService: Display device changed state: "Built-in Screen", ON
08-05 17:05:43.938   472   472 I wificond: Pno scan stopped
08-05 17:05:43.957  2461  2461 D StatusBar: disable<e i a s b H R c s q >
08-05 17:05:43.957  2461  2461 D KeyguardViewMediator: handleNotifyScreenTurningOn
08-05 17:05:43.989   916  2404 I WifiService: isScanAlwaysAvailable uid=1000
08-05 17:05:43.989   916  2404 I WifiService: getWifiEnabledState uid=1000
08-05 17:05:44.009  2461  2461 D KeyguardUpdateMonitor: received broadcast android.intent.action.TIME_TICK
08-05 17:05:44.010  2461  2461 D KeyguardUpdateMonitor: handleTimeUpdate
08-05 17:05:44.071 26293 26293 I GmsApplication: Registering the BackgroundBroadcastReceiverSupport receiver.
08-05 17:05:44.170 26293 26293 I GmsReceiverSupport: Registered Receiver for 18+1 IntentFilters
08-05 17:05:44.301 26293 26293 W Primes  : Primes not initialized, returning default (no-op) Primes instance which will ignore all calls. Please call Primes.initialize(...) before using any Primes API.
08-05 17:05:44.329   916  4767 D CompatibilityInfo: mCompatibilityFlags - 4
08-05 17:05:44.330   916  4767 D CompatibilityInfo: applicationDensity - 240
08-05 17:05:44.330   916  4767 D CompatibilityInfo: applicationScale - 1.0
08-05 17:05:44.366 26293 26298 I zygote  : Do partial code cache collection, code=28KB, data=27KB
08-05 17:05:44.367 26293 26298 I zygote  : After code cache collection, code=26KB, data=26KB
08-05 17:05:44.367 26293 26298 I zygote  : Increasing code cache capacity to 128KB
08-05 17:05:44.428 26293 26293 I DynamiteModule: Considering local module com.google.android.gms.googlecertificates:4 and remote module com.google.android.gms.googlecertificates:4
08-05 17:05:44.429 26293 26293 I DynamiteModule: Selected local version of com.google.android.gms.googlecertificates
08-05 17:05:44.444   916  2424 D SurfaceControl: Excessive delay in setPowerMode()
08-05 17:05:44.464   916  1159 I DisplayPowerController: Unblocked screen on after 577 ms
08-05 17:05:44.466  2461  2481 D KeyguardViewMediator: notifyScreenTurnedOn
08-05 17:05:44.466   916  1159 W PowerManagerService: Screen on took 587 ms
08-05 17:05:44.466   916  1159 I DreamManagerService: Gently waking up from dream.
08-05 17:05:44.468   916  1017 I DreamManagerService: Performing gentle wake from dream.
08-05 17:05:44.498 26293 26293 W ConfigurationChimeraPro: Caller is not authorized to access Uri: content://com.google.android.gms.phenotype/com.google.android.location [CONTEXT service_id=51 ]
08-05 17:05:44.508  2461  2461 D KeyguardViewMediator: handleNotifyScreenTurnedOn
08-05 17:05:44.510   916  4466 I DreamManagerService: Leaving dreamland.
08-05 17:05:44.511   916  1017 I DreamManagerService: Performing gentle wake from dream.
08-05 17:05:44.511   916  1017 I DreamController: Stopping dream: name=ComponentInfo{com.android.systemui/com.android.systemui.doze.DozeService}, isTest=false, canDoze=true, userId=0
08-05 17:05:44.527  2461  2461 V KeyguardUpdateMonitor: startListeningForFingerprint()
08-05 17:05:44.543   916  3825 D WificondControl: Scan result ready event
08-05 17:05:44.545   916  2404 I WifiService: isScanAlwaysAvailable uid=1000
08-05 17:05:44.545   916  2404 I WifiService: getWifiEnabledState uid=1000
08-05 17:05:44.548   472   472 I wificond: Enters wifigbk_ageOutHistory
08-05 17:05:44.551   472   472 I wificond: Enters wifigbk_ageOutHistory
08-05 17:05:44.554   916  2404 I WifiService: isScanAlwaysAvailable uid=1000
08-05 17:05:44.554   916  2404 I WifiService: getWifiEnabledState uid=1000
08-05 17:05:44.557   916  2402 W WifiConfigManager: Looking up network with invalid networkId -1
08-05 17:05:44.605  3088  3396 E SecUISvc: Error initializing local socket: -1
08-05 17:05:44.609   281   281 W /system/bin/hwservicemanager: getTransport: Cannot find entry vendor.qti.hardware.tui_comm@1.0::ITuiComm/default in either framework or device manifest.
08-05 17:05:44.622   916   995 W Binder  : Outgoing transactions from this process must be FLAG_ONEWAY
08-05 17:05:44.622   916   995 W Binder  : java.lang.Throwable
08-05 17:05:44.622   916   995 W Binder  : 	at android.os.BinderProxy.transact(Binder.java:752)
08-05 17:05:44.622   916   995 W Binder  : 	at com.android.internal.location.ILocationProvider$Stub$Proxy.getProperties(ILocationProvider.java:232)
08-05 17:05:44.622   916   995 W Binder  : 	at com.android.server.location.LocationProviderProxy$1.run(LocationProviderProxy.java:119)
08-05 17:05:44.622   916   995 W Binder  : 	at android.os.Handler.handleCallback(Handler.java:790)
08-05 17:05:44.622   916   995 W Binder  : 	at android.os.Handler.dispatchMessage(Handler.java:99)
