08-05 17:06:01.770   916   916 I Telecom : NewOutgoingCallBroadcastIntentReceiver: Received new-outgoing-call-broadcast for [TC@6, CONNECTING, null, tel:***** *****, A, childs(0), has_parent(false), [Capabilities:], [Properties:]] with data [76edb5c4f308cfb7e3d4bb4e57806718d17be3b4]: NOCBIR.oR@BfY
08-05 17:06:01.773  2691  3018 D QtiEmergencyCallHelper: persist.radio.enhance_ecall not enabled
08-05 17:06:01.775 20630 20630 I Dialer  : InCallFragment.onViewCreated
08-05 17:06:01.775   916   916 I Telecom : CallsManager: Creating a new outgoing call with handle: tel:**********: NOCBIR.oR@BfY
08-05 17:06:01.775 20630 20630 I Dialer  : CallCardController.constructor
08-05 17:06:01.777 20630 20630 I Dialer  : InCallFragment.setSecondary - SecondaryInfo, show: false, name: null, label: null, providerLabel: null
08-05 17:06:01.777 20630 20630 I Dialer  : InCallFragment.setCallState - PrimaryCallState, state: 2, connectionLabel: null
08-05 17:06:01.778  2691  3018 D QtiEmergencyCallHelper: persist.radio.enhance_ecall not enabled
08-05 17:06:01.781   916   916 I Telecom : InCallController: Sending updateCall [TC@6, CONNECTING, null, tel:**********, A, childs(0), has_parent(false), [Capabilities:], [Properties:]]: NOCBIR.oR@BfY
08-05 17:06:01.783   916   916 I Telecom : InCallController: Components updated: [ComponentInfo{com.android.dialer/com.android.incallui.InCallServiceImpl}]: NOCBIR.oR@BfY
08-05 17:06:01.783 20630 20630 I Dialer  : CallCardController.onInCallScreenReady
08-05 17:06:01.784 20630 20630 I Dialer  : InCallFragment.onInCallShowDialpad - isShown: false
08-05 17:06:01.785 20630 20630 W Dialer  : BottomSheetHelper shallShowMoreButton - returns false
08-05 17:06:01.785 20630 20630 W Dialer  : BottomSheetHelper.dismissBottomSheet - In call activity is either null or not visible
08-05 17:06:01.785 20630 20630 I Dialer  : InCallPresenter.updateActivity - UI Initialized
08-05 17:06:01.789 20630 20630 I Dialer  : InCallPresenter.onCallListChange - Phone switching state: OUTGOING -> OUTGOING
08-05 17:06:01.790 20630 20630 I Dialer  : InCallFragment.setSecondary - SecondaryInfo, show: false, name: null, label: null, providerLabel: null
08-05 17:06:01.790 20630 20630 I Dialer  : InCallFragment.setCallState - PrimaryCallState, state: 2, connectionLabel: null
08-05 17:06:01.792   916   916 I Telecom : PhoneAccountRegistrar: SimCallManager queried, returning: null: NOCBIR.oR@BfY
08-05 17:06:01.793   916   916 I Telecom : CreateConnectionProcessor: Trying attempt CallAttemptRecord(ComponentInfo{com.android.phone/com.android.services.telephony.TelephonyConnectionService}, [14d862c1c64e05cc4d1f5d328262495897e420c1], UserHandle{0},ComponentInfo{com.android.phone/com.android.services.telephony.TelephonyConnectionService}, [14d862c1c64e05cc4d1f5d328262495897e420c1], UserHandle{0}): NOCBIR.oR@BfY
08-05 17:06:01.794   916   916 I Telecom : Event: RecordEntry TC@6: BIND_CS, ComponentInfo{com.android.phone/com.android.services.telephony.TelephonyConnectionService}: NOCBIR.oR@BfY
08-05 17:06:01.795   916   916 D CompatibilityInfo: mCompatibilityFlags - 4
08-05 17:06:01.795   916   916 D CompatibilityInfo: applicationDensity - 240
08-05 17:06:01.795   916   916 D CompatibilityInfo: applicationScale - 1.0
08-05 17:06:01.795 20630 20630 D AccelerometerListener: enable(true)
08-05 17:06:01.798   916   916 I Telecom : TelecomSystem: CallerInfoAsyncQuery.startQuery number=[76edb5c4f308cfb7e3d4bb4e57806718d17be3b4] cookie=NOCBIR.oR->CILH.sL->CILH.sL@BfY: NOCBIR.oR->CILH.sL@BfY
08-05 17:06:01.799   416   898 D Sensors : batch called handle:1 sample_ns:200000000 latency_ns:0
08-05 17:06:01.799   416   898 D Sensors : activate called handle:1 enable:1
08-05 17:06:01.799   416   898 D Sensors : bma2x2-accel calling driver enable
08-05 17:06:01.801   916  2792 I AudioService: In setMode(), calling disconnectBluetoothSco()
08-05 17:06:01.801   916  2792 I AudioService: In disconnectBluetoothSco(), exceptPid: 916
08-05 17:06:01.802   916  2792 I AudioService: In checkScoAudioState(), mScoAudioState: 0
08-05 17:06:01.803   416   898 D Sensors : bma2x2-accel calling driver setDelay 200 ms
08-05 17:06:01.803   916  2789 I Telecom : CallAudioRouteStateMachine: Message received: SWITCH_FOCUS=4001, arg1=2: PCR.oR->CAMSM.pM_2001->CARSM.pM_SWITCH_FOCUS@BfA
08-05 17:06:01.804 20630 20630 I Dialer  : ProximitySensor.updateProximitySensorMode - screenOnImmediately: false, dialPadVisible: false, offHook: true, horizontal: false, uiShowing: false, audioRoute: EARPIECE
08-05 17:06:01.804 20630 20630 I Dialer  : ProximitySensor.turnOnProximitySensor - acquiring wake lock
08-05 17:06:01.805   916  2789 I Telecom : Event: RecordEntry TC@6: AUDIO_ROUTE, Leaving state QuiescentEarpieceRoute: PCR.oR->CAMSM.pM_2001->CARSM.pM_SWITCH_FOCUS@BfA
08-05 17:06:01.806   916  2789 I Telecom : Event: RecordEntry TC@6: AUDIO_ROUTE, Entering state ActiveEarpieceRoute: PCR.oR->CAMSM.pM_2001->CARSM.pM_SWITCH_FOCUS@BfA
08-05 17:06:01.806   916  2789 I Telecom : Event: RecordEntry TC@6: AUDIO_ROUTE_EARPIECE, null: PCR.oR->CAMSM.pM_2001->CARSM.pM_SWITCH_FOCUS@BfA
08-05 17:06:01.806 20630 20630 I Dialer  : VideoPauseController.onStateChange - hasPrimaryCallChanged: false, videoCanPause: false, isInBackground: false
08-05 17:06:01.806   916  2789 I Telecom : CallAudioRouteStateMachine: turning speaker phone false: PCR.oR->CAMSM.pM_2001->CARSM.pM_SWITCH_FOCUS@BfA
08-05 17:06:01.806   916  2789 I AudioManager: In setSpeakerphoneOn(), on: false, calling application: com.android.server.telecom
08-05 17:06:01.806   916  2789 I AudioService: In setSpeakerphoneOn(), on: false, eventSource: setSpeakerphoneOn(false) from u/pid:1000/916
08-05 17:06:01.807   916  2789 I AudioService: In setSpeakerphoneOn(), mForcedUseForCommExt: 0
08-05 17:06:01.807 20630 20630 I Dialer  : VideoPauseController.onUiShowing -  showing = true
08-05 17:06:01.807 20630 20630 I Dialer  : VideoPauseController.onResume -  onResume isInBackground false
08-05 17:06:01.808   416   416 D Sensors : batch called handle:2 sample_ns:200000000 latency_ns:0
08-05 17:06:01.808   416   416 D Sensors : activate called handle:2 enable:1
08-05 17:06:01.809   416   416 D Sensors : ltr553-proximity calling driver enable
08-05 17:06:01.809   416   416 D Sensors : ltr553-proximity calling driver setDelay 200 ms
08-05 17:06:01.809   462   809 D AudioPolicyManagerCustom: setForceUse() usage 0, config 0, mPhoneState 2
08-05 17:06:01.810 20630 20630 I Dialer  : InCallActivity.onResume
08-05 17:06:01.812 20630 20630 I Dialer  : ProximitySensor.updateProximitySensorMode - screenOnImmediately: false, dialPadVisible: false, offHook: true, horizontal: false, uiShowing: true, audioRoute: EARPIECE
08-05 17:06:01.812 20630 20630 I Dialer  : ProximitySensor.turnOnProximitySensor - wake lock already acquired
08-05 17:06:01.813 20630 20630 I Dialer  : InCallActivity.onPrimaryCallStateChanged
08-05 17:06:01.813 20630 20630 I Dialer  : InCallActivity.getShouldShowVideoUi - null call
08-05 17:06:01.813 20630 20630 I Dialer  : InCallActivity.showMainInCallFragment - shouldShowAnswerUi: false, shouldShowVideoUi: false, didShowAnswerScreen: false, didShowInCallScreen: true, didShowVideoCallScreen: false
08-05 17:06:01.813 20630 20630 I Dialer  : InCallFragment.onInCallShowDialpad - isShown: false
08-05 17:06:01.813 20630 20630 W Dialer  : BottomSheetHelper shallShowMoreButton - returns false
08-05 17:06:01.814 20630 20630 I Dialer  : InCallActivity.onPseudoScreenStateChanged - isOn: true
08-05 17:06:01.815 20630 20630 I Dialer  : InCallFragment.setPrimary - PrimaryInfo, number: null, name: null, location: null, label: null, photo: null, photoType: 0, isPhotoVisible: false, MultimediaData: null
08-05 17:06:01.824  2461 12906 D KeyguardViewMediator: setOccluded true
08-05 17:06:01.826   916   916 I Telecom : ServiceBinderConnection: Service bound ComponentInfo{com.android.phone/com.android.services.telephony.TelephonyConnectionService}: SBC.oSC@Bfc
08-05 17:06:01.826   916   916 I Telecom : Event: RecordEntry TC@6: CS_BOUND, ComponentInfo{com.android.phone/com.android.services.telephony.TelephonyConnectionService}: SBC.oSC@Bfc
08-05 17:06:01.826  2461  2461 D KeyguardViewMediator: adjustStatusBarLocked: mShowing=false mOccluded=true isSecure=false --> flags=0x0
08-05 17:06:01.828   916   916 I Telecom : Event: RecordEntry TC@6: START_CONNECTION, tel:**********: SBC.oSC@Bfc
08-05 17:06:01.833   916  2789 I Telecom : CallAudioRouteStateMachine: setSystemAudioState: changing from [AudioState isMuted: false, route: EARPIECE, supportedRouteMask: EARPIECE, SPEAKER] to [AudioState isMuted: false, route: EARPIECE, supportedRouteMask: EARPIECE, SPEAKER]: PCR.oR->CAMSM.pM_2001->CARSM.pM_SWITCH_FOCUS@BfA
08-05 17:06:01.834   916  2789 I Telecom : InCallController: Calling onAudioStateChanged, audioState: [AudioState isMuted: false, route: EARPIECE, supportedRouteMask: EARPIECE, SPEAKER] -> [AudioState isMuted: false, route: EARPIECE, supportedRouteMask: EARPIECE, SPEAKER]: PCR.oR->CAMSM.pM_2001->CARSM.pM_SWITCH_FOCUS@BfA
08-05 17:06:01.836  2691  2691 W Telephony: TelephonyConnectionService: onCallAudioStateChanged - Cannot find conference TC@6_1: (PCR.oR->CAMSM.pM_2001->CARSM.pM_SWITCH_FOCUS)->CS.cASC->H.CS.cASC@E-BfA
08-05 17:06:01.849   916  4174 I Telecom : PhoneAccountRegistrar: SimCallManager queried, returning: null: (...->CS.aCSA->H.CS.aCSA)->CSW.qRCS@E-E-Bfc
08-05 17:06:01.859 20630 20630 I Dialer  : InCallFragment.onButtonGridCreated - InCallUiReady
08-05 17:06:01.859 20630 20630 I Dialer  : InCallFragment.setAudioState - audioState: [AudioState isMuted: false, route: EARPIECE, supportedRouteMask: EARPIECE, SPEAKER]
08-05 17:06:01.860 20630 20630 W Dialer  : BottomSheetHelper shallShowMoreButton - returns false
08-05 17:06:01.871  2691  2691 I Telephony: TelephonyConnectionService: onCreateOutgoingConnection, request: ConnectionRequest xxxxxxxxxxxxxx Bundle[mParcelledData.dataSize=872]: (SBC.oSC)->CS.crCo->H.CS.crCo->H.CS.crCo.pICR@E-Bfc
08-05 17:06:01.874  2691  2691 D QtiEmergencyCallHelper: persist.radio.enhance_ecall not enabled
08-05 17:06:01.879  2691  2691 I chatty  : uid=1001(radio) com.android.phone identical 1 line
08-05 17:06:01.887  2691  2691 I Telephony: TelephonyConnectionService: updatePhoneAccount setPhoneAccountHandle, account = ComponentInfo{com.android.phone/com.android.services.telephony.TelephonyConnectionService}, [14d862c1c64e05cc4d1f5d328262495897e420c1], UserHandle{0}: (SBC.oSC)->CS.crCo->H.CS.crCo->H.CS.crCo.pICR@E-Bfc
08-05 17:06:01.888  2691  2691 D QtiEmergencyCallHelper: persist.radio.enhance_ecall not enabled
08-05 17:06:01.896 20630 21665 W Adreno-EGL: <qeglDrvAPI_eglGetConfigAttrib:612>: EGL_BAD_ATTRIBUTE
08-05 17:06:01.917   916   916 I Telecom : CallerInfoLookupHelper: CI query for handle tel:********** has completed; notifying all listeners.: NOCBIR.oR->CILH.sL->CILH.oQC@BfY
08-05 17:06:01.917   916   916 I Telecom : Call: CallerInfo received for tel:**********: com.android.internal.telephony.CallerInfo@1204b49 { name null, phoneNumber non-null }: NOCBIR.oR->CILH.sL->CILH.oQC@BfY
08-05 17:06:01.917   916   916 I Telecom : CallerInfoLookupHelper: There is no photo for this contact, skipping photo query: NOCBIR.oR->CILH.sL->CILH.oQC@BfY
08-05 17:06:01.919  2691  2691 I ImsServiceProxy: getFeatureStatus - returning cached: 2
08-05 17:06:01.919  2691  2691 I ImsServiceProxy: getFeatureStatus - returning cached: 2
08-05 17:06:01.920 20630 21665 W OpenGLRenderer: Incorrectly called buildLayer on View: FloatingActionButton, destroying layer...
08-05 17:06:01.925 20630 21665 W Adreno-ES20: <core_glFinish:34>: glFinish skipped: 0
08-05 17:06:01.935 20630 21665 W Adreno-ES20: <core_glFinish:34>: glFinish skipped: 0
08-05 17:06:01.948  2691  2753 D QtiEmergencyCallHelper: persist.radio.enhance_ecall not enabled
08-05 17:06:01.990  2691  2691 I Telephony: GsmConnection: isAddParticipantCapable: isCapable = false: (SBC.oSC)->CS.crCo->H.CS.crCo->H.CS.crCo.pICR@E-Bfc
08-05 17:06:01.999  2679  3361 D QcRilAudio: setParameters with: vsid=297816064;call_state=1
08-05 17:06:02.002 20630 20630 I Dialer  : CallList.onUpdateCall - [DialerCall_1, CONNECTING, [Capabilities:], [Properties:], children:[], parent:null, conferenceable:[], videoState:Audio Only, mSessionModificationState:0, CameraDir:-1]
08-05 17:06:02.002 20630 20630 I Dialer  : InCallActivity.dismissPendingDialogs
08-05 17:06:02.002 20630 20630 I Dialer  : InCallPresenter.onCallListChange - Phone switching state: OUTGOING -> PENDING_OUTGOING
08-05 17:06:02.005   416   416 D audio_hw_primary: adev_set_parameters: enter: call_state=1;vsid=297816064
08-05 17:06:01.998  2691  2691 I chatty  : uid=1001(radio) com.android.phone identical 2 lines
08-05 17:06:01.999  2691  2691 I Telephony: GsmConnection: isAddParticipantCapable: isCapable = false: (SBC.oSC)->CS.crCo->H.CS.crCo->H.CS.crCo.pICR@E-Bfc
08-05 17:06:02.005   916  4612 I Telecom : InCallController: Sending updateCall [TC@6, CONNECTING, com.android.phone/com.android.services.telephony.TelephonyConnectionService, tel:**********, A, childs(0), has_parent(false), [Capabilities:], [Properties:]]: (...->CS.crCo->H.CS.crCo->H.CS.crCo.pICR)->CSW.hCCC@E-E-Bfc
08-05 17:06:02.005   416   416 D voice_extn: update_call_states is_call_active:0 in_call:1, mode:2
08-05 17:06:02.005   416   416 D voice_extn: update_calls: enter:
08-05 17:06:02.006   416   416 D voice_extn: update_calls: cur_state=1 new_state=1 vsid=10c01000
08-05 17:06:02.006   416   416 D voice_extn: update_calls: cur_state=1 new_state=1 vsid=10dc1000
08-05 17:06:02.006   416   416 D voice_extn: update_calls: cur_state=1 new_state=1 vsid=10c02000
08-05 17:06:02.006   416   416 D voice_extn: update_calls: cur_state=1 new_state=1 vsid=10803000
08-05 17:06:02.006   416   416 D voice_extn: update_calls: cur_state=1 new_state=1 vsid=10002000
08-05 17:06:02.006   416   416 D voice_extn: update_calls: cur_state=1 new_state=1 vsid=11c05000
08-05 17:06:02.006   416   416 D voice_extn: update_calls: cur_state=1 new_state=1 vsid=11dc5000
08-05 17:06:02.006   916  4612 I Telecom : InCallController: Components updated: [ComponentInfo{com.android.dialer/com.android.incallui.InCallServiceImpl}]: (...->CS.crCo->H.CS.crCo->H.CS.crCo.pICR)->CSW.hCCC@E-E-Bfc
08-05 17:06:02.007   916  4612 I Telecom : InCallController: Sending updateCall [TC@6, CONNECTING, com.android.phone/com.android.services.telephony.TelephonyConnectionService, tel:**********, A, childs(0), has_parent(false), [Capabilities: CAPABILITY_SUPPORT_HOLD CAPABILITY_MUTE CAPABILITY_CANNOT_DOWNGRADE_VIDEO_TO_AUDIO], [Properties:]]: (...->CS.crCo->H.CS.crCo->H.CS.crCo.pICR)->CSW.hCCC@E-E-Bfc
08-05 17:06:02.007  2679  3361 D QcRilAudio: setParameters returned with: 0
08-05 17:06:02.008   916  4612 I Telecom : InCallController: Components updated: [ComponentInfo{com.android.dialer/com.android.incallui.InCallServiceImpl}]: (...->CS.crCo->H.CS.crCo->H.CS.crCo.pICR)->CSW.hCCC@E-E-Bfc
08-05 17:06:02.008   916  4612 I Telecom : Event: RecordEntry TC@6: CAPABILITY_CHANGE, Current: [[ sup_hld mut !v2a]], Removed [[]], Added [[ sup_hld mut !v2a]]: (...->CS.crCo->H.CS.crCo->H.CS.crCo.pICR)->CSW.hCCC@E-E-Bfc
08-05 17:06:02.009  2884  2917 I QcrilOemhookMsgTunnel: [0]processOemHookIndication length=47
08-05 17:06:02.009  2679  3361 D QcRilAudio: setParameters with: vsid=297816064;call_state=1
08-05 17:06:02.011   416  2826 D audio_hw_primary: adev_set_parameters: enter: call_state=1;vsid=297816064
08-05 17:06:02.011   416  2826 D voice_extn: update_call_states is_call_active:0 in_call:1, mode:2
08-05 17:06:02.011   416  2826 D voice_extn: update_calls: enter:
08-05 17:06:02.011   416  2826 D voice_extn: update_calls: cur_state=1 new_state=1 vsid=10c01000
08-05 17:06:02.011   416  2826 D voice_extn: update_calls: cur_state=1 new_state=1 vsid=10dc1000
08-05 17:06:02.011   416  2826 D voice_extn: update_calls: cur_state=1 new_state=1 vsid=10c02000
08-05 17:06:02.011   416  2826 D voice_extn: update_calls: cur_state=1 new_state=1 vsid=10803000
08-05 17:06:02.011   416  2826 D voice_extn: update_calls: cur_state=1 new_state=1 vsid=10002000
08-05 17:06:02.011   416  2826 D voice_extn: update_calls: cur_state=1 new_state=1 vsid=11c05000
08-05 17:06:02.011   416  2826 D voice_extn: update_calls: cur_state=1 new_state=1 vsid=11dc5000
08-05 17:06:02.013   916  4612 I Telecom : InCallController: Sending updateCall [TC@6, CONNECTING, com.android.phone/com.android.services.telephony.TelephonyConnectionService, tel:**********, A, childs(0), has_parent(false), [Capabilities: CAPABILITY_SUPPORT_HOLD CAPABILITY_MUTE CAPABILITY_CANNOT_DOWNGRADE_VIDEO_TO_AUDIO], [Properties:]]: (...->CS.crCo->H.CS.crCo->H.CS.crCo.pICR)->CSW.hCCC@E-E-Bfc
08-05 17:06:02.014  2679  3361 D QcRilAudio: setParameters returned with: 0
08-05 17:06:02.015   916  4612 I Telecom : InCallController: Components updated: [ComponentInfo{com.android.dialer/com.android.incallui.InCallServiceImpl}]: (...->CS.crCo->H.CS.crCo->H.CS.crCo.pICR)->CSW.hCCC@E-E-Bfc
08-05 17:06:02.016   916  4612 I Telecom : InCallController: Sending updateCall [TC@6, CONNECTING, com.android.phone/com.android.services.telephony.TelephonyConnectionService, tel:**********, A, childs(0), has_parent(false), [Capabilities: CAPABILITY_SUPPORT_HOLD CAPABILITY_MUTE CAPABILITY_CANNOT_DOWNGRADE_VIDEO_TO_AUDIO], [Properties:]]: (...->CS.crCo->H.CS.crCo->H.CS.crCo.pICR)->CSW.hCCC@E-E-Bfc
08-05 17:06:02.017   916  4612 I Telecom : InCallController: Components updated: [ComponentInfo{com.android.dialer/com.android.incallui.InCallServiceImpl}]: (...->CS.crCo->H.CS.crCo->H.CS.crCo.pICR)->CSW.hCCC@E-E-Bfc
08-05 17:06:02.018   916  4612 I Telecom : InCallController: Sending updateCall [TC@6, CONNECTING, com.android.phone/com.android.services.telephony.TelephonyConnectionService, tel:**********, A, childs(0), has_parent(false), [Capabilities: CAPABILITY_SUPPORT_HOLD CAPABILITY_MUTE CAPABILITY_CANNOT_DOWNGRADE_VIDEO_TO_AUDIO], [Properties:]]: (...->CS.crCo->H.CS.crCo->H.CS.crCo.pICR)->CSW.hCCC@E-E-Bfc
08-05 17:06:02.019  2679  3361 D QcRilAudio: setParameters with: vsid=297816064;call_state=1
08-05 17:06:02.019   916  4612 I Telecom : InCallController: Components updated: [ComponentInfo{com.android.dialer/com.android.incallui.InCallServiceImpl}]: (...->CS.crCo->H.CS.crCo->H.CS.crCo.pICR)->CSW.hCCC@E-E-Bfc
08-05 17:06:02.020   916  4612 I Telecom : CallsManager: setCallState CONNECTING -> DIALING, call: [TC@6, CONNECTING, com.android.phone/com.android.services.telephony.TelephonyConnectionService, tel:**********, A, childs(0), has_parent(false), [Capabilities: CAPABILITY_SUPPORT_HOLD CAPABILITY_MUTE CAPABILITY_CANNOT_DOWNGRADE_VIDEO_TO_AUDIO], [Properties:]]: (...->CS.crCo->H.CS.crCo->H.CS.crCo.pICR)->CSW.hCCC@E-E-Bfc
08-05 17:06:02.021   916  4612 I Telecom : Event: RecordEntry TC@6: SET_DIALING, successful outgoing call: (...->CS.crCo->H.CS.crCo->H.CS.crCo.pICR)->CSW.hCCC@E-E-Bfc
08-05 17:06:02.021   416  2826 D audio_hw_primary: adev_set_parameters: enter: call_state=1;vsid=297816064
08-05 17:06:02.021   416  2826 D voice_extn: update_call_states is_call_active:0 in_call:1, mode:2
08-05 17:06:02.021   416  2826 D voice_extn: update_calls: enter:
08-05 17:06:02.021   416  2826 D voice_extn: update_calls: cur_state=1 new_state=1 vsid=10c01000
08-05 17:06:02.021   416  2826 D voice_extn: update_calls: cur_state=1 new_state=1 vsid=10dc1000
08-05 17:06:02.022   416  2826 D voice_extn: update_calls: cur_state=1 new_state=1 vsid=10c02000
08-05 17:06:02.022   916  4612 I Telecom : InCallController: Sending updateCall [TC@6, DIALING, com.android.phone/com.android.services.telephony.TelephonyConnectionService, tel:**********, A, childs(0), has_parent(false), [Capabilities: CAPABILITY_SUPPORT_HOLD CAPABILITY_MUTE CAPABILITY_CANNOT_DOWNGRADE_VIDEO_TO_AUDIO], [Properties:]]: (...->CS.crCo->H.CS.crCo->H.CS.crCo.pICR)->CSW.hCCC@E-E-Bfc
08-05 17:06:02.022   416  2826 D voice_extn: update_calls: cur_state=1 new_state=1 vsid=10803000
08-05 17:06:02.022   416  2826 D voice_extn: update_calls: cur_state=1 new_state=1 vsid=10002000
08-05 17:06:02.022   416  2826 D voice_extn: update_calls: cur_state=1 new_state=1 vsid=11c05000
08-05 17:06:02.022   416  2826 D voice_extn: update_calls: cur_state=1 new_state=1 vsid=11dc5000
08-05 17:06:02.023   916  4612 I Telecom : InCallController: Components updated: [ComponentInfo{com.android.dialer/com.android.incallui.InCallServiceImpl}]: (...->CS.crCo->H.CS.crCo->H.CS.crCo.pICR)->CSW.hCCC@E-E-Bfc
08-05 17:06:02.023   916  4612 I Telecom : IncomingCallNotifier: updateIncomingCall: foundIncomingcall = null: (...->CS.crCo->H.CS.crCo->H.CS.crCo.pICR)->CSW.hCCC@E-E-Bfc
08-05 17:06:02.024   916  2792 I Telecom : CallAudioModeStateMachine: Message received: NEW_ACTIVE_OR_DIALING_CALL.: (...->CS.crCo->H.CS.crCo->H.CS.crCo.pICR)->CSW.hCCC->CAMSM.pM_2001@E-E-Bfc
08-05 17:06:02.024   916   916 D RilInfoMonitor: onCallStateChanged(): state is 2
08-05 17:06:02.027  2679  3361 D QcRilAudio: setParameters returned with: 0
08-05 17:06:02.028   916   996 D CompatibilityInfo: mCompatibilityFlags - 4
08-05 17:06:02.028   916   996 D CompatibilityInfo: applicationDensity - 240
08-05 17:06:02.028   916   996 D CompatibilityInfo: applicationScale - 1.0
08-05 17:06:02.029  2461  2461 D KeyguardUpdateMonitor: received broadcast android.intent.action.PHONE_STATE
08-05 17:06:02.030  2461  2461 D KeyguardUpdateMonitor: handlePhoneStateChanged(OFFHOOK)
08-05 17:06:02.031  3088  3088 D SecUISvc.CallReceiver: Off Hook
08-05 17:06:02.031  3088  3088 E LibSecureUISvc: socket  not yet initialized
08-05 17:06:02.032   916   996 W BroadcastQueue: Permission Denial: receiving Intent { act=android.intent.action.PHONE_STATE flg=0x1000010 (has extras) } to ProcessRecord{be2b0f3 2461:com.android.systemui/u0a31} (pid=2461, uid=10031) requires android.permission.READ_PHONE_STATE due to sender android (uid 1000)
08-05 17:06:02.031  3088  3088 E LibSecureUISvc: socket  not yet initialized
08-05 17:06:02.034   916  4767 D CompatibilityInfo: mCompatibilityFlags - 4
08-05 17:06:02.034   916  4767 D CompatibilityInfo: applicationDensity - 240
08-05 17:06:02.034   916  4767 D CompatibilityInfo: applicationScale - 1.0
08-05 17:06:02.034   916  4612 I Telecom : PhoneStateBroadcaster: Broadcasted state change: 2: (...->CS.crCo->H.CS.crCo->H.CS.crCo.pICR)->CSW.hCCC@E-E-Bfc
08-05 17:06:02.035  3088  3088 D SecUISvc.CallReceiver: Off Hook
08-05 17:06:02.035  3088  3088 E LibSecureUISvc: socket  not yet initialized
08-05 17:06:02.036  3088  3088 E LibSecureUISvc: socket  not yet initialized
08-05 17:06:02.037  2884  2917 I QcrilOemhookMsgTunnel: [0]processOemHookIndication length=47
08-05 17:06:02.039   916  4612 I Telecom : TelecomWakeLock: WakeLock already released with id: 26: (...->CS.crCo->H.CS.crCo->H.CS.crCo.pICR)->CSW.hCCC@E-E-Bfc
08-05 17:06:02.039   916  4612 I Telecom : InCallWakeLockController: Releasing full wake lock: (...->CS.crCo->H.CS.crCo->H.CS.crCo.pICR)->CSW.hCCC@E-E-Bfc
08-05 17:06:02.040   916  4612 I Telecom : InCallController: Sending updateCall [TC@6, DIALING, com.android.phone/com.android.services.telephony.TelephonyConnectionService, tel:**********, A, childs(0), has_parent(false), [Capabilities: CAPABILITY_SUPPORT_HOLD CAPABILITY_MUTE CAPABILITY_CANNOT_DOWNGRADE_VIDEO_TO_AUDIO], [Properties:]]: (...->CS.crCo->H.CS.crCo->H.CS.crCo.pICR)->CSW.hCCC@E-E-Bfc
08-05 17:06:02.041   916  4612 I Telecom : InCallController: Components updated: [ComponentInfo{com.android.dialer/com.android.incallui.InCallServiceImpl}]: (...->CS.crCo->H.CS.crCo->H.CS.crCo.pICR)->CSW.hCCC@E-E-Bfc
08-05 17:06:02.042   916  2789 I Telecom : CallAudioRouteStateMachine: Message received: UPDATE_SYSTEM_AUDIO_ROUTE=1201, arg1=0: (...->CS.crCo->H.CS.crCo->H.CS.crCo.pICR)->CSW.hCCC->CARSM.pM_UPDATE_SYSTEM_AUDIO_ROUTE@E-E-Bfc
08-05 17:06:02.043   916  4612 I Telecom : CallsManager: setCallState DIALING -> DIALING, call: [TC@6, DIALING, com.android.phone/com.android.services.telephony.TelephonyConnectionService, tel:**********, A, childs(0), has_parent(false), [Capabilities: CAPABILITY_SUPPORT_HOLD CAPABILITY_MUTE CAPABILITY_CANNOT_DOWNGRADE_VIDEO_TO_AUDIO], [Properties:]]: (...->CS.crCo->H.CS.crCo->H.CS.crCo.pICR)->CSW.hCCC@E-E-Bfc
08-05 17:06:02.046   916  2789 I Telecom : CallAudioRouteStateMachine: setSystemAudioState: changing from [AudioState isMuted: false, route: EARPIECE, supportedRouteMask: EARPIECE, SPEAKER] to [AudioState isMuted: false, route: EARPIECE, supportedRouteMask: EARPIECE, SPEAKER]: (...->CS.crCo->H.CS.crCo->H.CS.crCo.pICR)->CSW.hCCC->CARSM.pM_UPDATE_SYSTEM_AUDIO_ROUTE@E-E-Bfc
08-05 17:06:02.046   916  2789 I Telecom : InCallController: Calling onAudioStateChanged, audioState: [AudioState isMuted: false, route: EARPIECE, supportedRouteMask: EARPIECE, SPEAKER] -> [AudioState isMuted: false, route: EARPIECE, supportedRouteMask: EARPIECE, SPEAKER]: (...->CS.crCo->H.CS.crCo->H.CS.crCo.pICR)->CSW.hCCC->CARSM.pM_UPDATE_SYSTEM_AUDIO_ROUTE@E-E-Bfc
08-05 17:06:02.055  2691  2691 I Telephony: TelephonyConnectionService: notifyCreateConnectionComplete TC@6_1: (...->CSW.hCCC)->CS.crCoC->H.CS.crCoC@E-E-E-Bfc
08-05 17:06:02.066  2691  2691 I Telephony: TelephonyConnectionService: updatePhoneAccount setPhoneAccountHandle, account = ComponentInfo{com.android.phone/com.android.services.telephony.TelephonyConnectionService}, [14d862c1c64e05cc4d1f5d328262495897e420c1], UserHandle{0}: (...->CSW.hCCC)->CS.crCoC->H.CS.crCoC@E-E-E-Bfc
08-05 17:06:02.045  2884  2917 I QcrilOemhookMsgTunnel: [0]processOemHookIndication length=47
08-05 17:06:02.077  2679  3361 D QcRilAudio: setParameters with: vsid=297816064;call_state=2;call_type=LTE
08-05 17:06:02.078   416  2826 D audio_hw_primary: adev_set_parameters: enter: call_state=2;call_type=LTE;vsid=297816064
08-05 17:06:02.078   416  2826 D voice_extn: update_call_states is_call_active:0 in_call:1, mode:2
08-05 17:06:02.078   416  2826 D voice_extn: update_calls: enter:
08-05 17:06:02.078   416  2826 D voice_extn: update_calls: cur_state=1 new_state=1 vsid=10c01000
08-05 17:06:02.078   416  2826 D voice_extn: update_calls: cur_state=1 new_state=1 vsid=10dc1000
08-05 17:06:02.078   416  2826 D voice_extn: update_calls: cur_state=1 new_state=1 vsid=10c02000
08-05 17:06:02.078   416  2826 D voice_extn: update_calls: cur_state=1 new_state=1 vsid=10803000
08-05 17:06:02.078   416  2826 D voice_extn: update_calls: cur_state=1 new_state=1 vsid=10002000
08-05 17:06:02.078   416  2826 D voice_extn: update_calls: cur_state=1 new_state=2 vsid=11c05000
08-05 17:06:02.078   416  2826 D voice_extn: update_calls: INACTIVE -> ACTIVE vsid:11c05000
08-05 17:06:02.078   416  2826 D voice   : voice_start_usecase: enter usecase:voicemmode1-call
08-05 17:06:02.078   416  2826 D audio_hw_primary: select_devices for use case (voicemmode1-call)
08-05 17:06:02.078   416  2826 D audio_hw_primary: select_devices: out_snd_device(16: voice-handset) in_snd_device(65: handset-mic)
08-05 17:06:02.078   416  2826 I msm8916_platform: platform_check_and_set_codec_backend_cfg:becf: afe: bitwidth 16, samplerate 48000 channels 2, backend_idx 0 usecase = 34 device (voice-handset)
08-05 17:06:02.078   416  2826 D msm8916_platform: platform_split_snd_device: snd_device(16) num devices(1) new_snd_devices(0)
08-05 17:06:02.078   416  2826 I msm8916_platform: platform_check_and_set_codec_backend_cfg: becf: new_snd_devices[0] is voice-handset
08-05 17:06:02.078   416  2826 I msm8916_platform: platform_check_codec_backend_cfg:becf: afe: Codec selected backend: 0 current bit width: 16 sample rate: 48000 channels: 2 usecase 34 device (voice-handset)
08-05 17:06:02.078   416  2826 W msm8916_platform: platform_check_codec_backend_cfg:becf: afe:Use default bw and sr for voice/voip calls 
08-05 17:06:02.078   416  2826 D msm8916_platform: platform_check_codec_backend_cfg:becf: afe: playback on codec device not supporting native playback set default Sample Rate(48k)
08-05 17:06:02.078   416  2826 D msm8916_platform: platform_check_codec_backend_cfg:becf: afe: only 48KHZ sample rate is supported Configure afe to default Sample Rate(48k)
08-05 17:06:02.079   416  2826 I msm8916_platform: platform_check_codec_backend_cfg:becf: afe: Codec selected backend: 0 updated bit width: 16 sample rate: 48000 channels: 2
08-05 17:06:02.079   416  2826 D audio_hw_primary: check_usecases_codec_backend:becf: force routing 0
08-05 17:06:02.079   416  2826 D audio_hw_primary: check_usecases_codec_backend:becf: (59) check_usecases curr device: voice-handset, usecase device:voice-handset backends match 1
08-05 17:06:02.079   416  2826 E msm8916_platform: platform_check_backends_match: Invalid snd_device = 
08-05 17:06:02.079   416  2826 D audio_hw_primary: check_usecases_codec_backend:becf: (59) check_usecases curr device: voice-handset, usecase device: backends match 0
08-05 17:06:02.079   416  2826 D audio_hw_primary: check_usecases_codec_backend:becf: check_usecases num.of Usecases to switch 0
08-05 17:06:02.079   416  2826 D hardware_info: hw_info_append_hw_type : device_name = voice-handset
08-05 17:06:02.079   416  2826 I msm8916_platform: platform_check_and_set_capture_codec_backend_cfg:txbecf: afe: bitwidth 16, samplerate 48000, channel 1 format 1, backend_idx 7 usecase = 34 device (handset-mic)
08-05 17:06:02.079   416  2826 I msm8916_platform: platform_check_capture_codec_backend_cfg:txbecf: afe: Codec selected backend: 7 current bit width: 16 and sample rate: 48000, channels 1 format 1
08-05 17:06:02.079   416  2826 W msm8916_platform: platform_check_capture_codec_backend_cfg:txbecf: afe:Use default bw and sr for voice/voip calls
08-05 17:06:02.079   416  2826 I msm8916_platform: platform_check_capture_codec_backend_cfg:txbecf: afe: Codec selected backend: 7 updated bit width: 16 and sample rate: 48000
08-05 17:06:02.079   416  2826 D audio_hw_primary: check_usecases_capture_codec_backend:becf: force routing 0
08-05 17:06:02.079   416  2826 D hardware_info: hw_info_append_hw_type : device_name = handset-mic
08-05 17:06:02.079   416  2826 D msm8916_platform: platform_split_snd_device: snd_device(65) num devices(0) new_snd_devices(0)
08-05 17:06:02.079   416  2826 D audio_hw_primary: enable_snd_device: snd_device(65: handset-mic)
08-05 17:06:02.079   416  2826 I soundtrigger: audio_extn_sound_trigger_update_device_status: device 0x41 of type 1 for Event 1, with Raise=1
08-05 17:06:02.079   416  2826 D sound_trigger_platform: platform_stdev_check_and_update_concurrency: concurrency active 0, tx 1, rx 0, concurrency session_allowed 0
08-05 17:06:02.079   416  2826 D audio_route: Apply path: handset-mic
08-05 17:06:02.091   416  2826 D ACDB-LOADER: ACDB -> send_voice_cal, acdb_rx = 7, acdb_tx = 4, feature_set = 0
08-05 17:06:02.091   416  2826 D ACDB-LOADER: ACDB -> send_voice_rx_topology
08-05 17:06:02.091   416  2826 D ACDB-LOADER: ACDB -> ACDB_CMD_GET_VOCPROC_COMMON_TOPOLOGY_ID
08-05 17:06:02.091   416  2826 D ACDB-LOADER: ACDB -> send_voice_tx_topology
08-05 17:06:02.091   416  2826 D ACDB-LOADER: ACDB -> ACDB_CMD_GET_VOCPROC_COMMON_TOPOLOGY_ID
08-05 17:06:02.091   416  2826 D ACDB-LOADER: ACDB -> ACDB_CMD_GET_AFE_DATA
08-05 17:06:02.091   416  2826 D ACDB-LOADER: ACDB -> AUDIO_SET_SIDETONE_CAL
08-05 17:06:02.091   916  4612 I Telecom : Event: RecordEntry TC@6: CONNECTION_EVENT, org.codeaurora.event.PHONE_ACCOUNT_CHANGED: (...->CS.crCoC->H.CS.crCoC)->CSW.oCE@E-E-E-E-Bfc
08-05 17:06:02.091   416  2826 D ACDB-LOADER: ACDB -> send_voice_columns, rxacdb_id 7, txacdb_id 4, table 5
08-05 17:06:02.091   416  2826 D ACDB-LOADER: ACDB -> ACDB_CMD_GET_VOC_COLUMNS_INFO_V2
08-05 17:06:02.092   416  2826 D ACDB-LOADER: ACDB -> ACDB_CMD_GET_VOC_PROC_STATIC_TABLE_SIZE
08-05 17:06:02.092   916  4612 I Telecom : InCallController: notifyConnectionEvent {Call: [TC@6, DIALING, com.android.phone/com.android.services.telephony.TelephonyConnectionService, tel:**********, A, childs(0), has_parent(false), [Capabilities: CAPABILITY_SUPPORT_HOLD CAPABILITY_MUTE CAPABILITY_CANNOT_DOWNGRADE_VIDEO_TO_AUDIO], [Properties:]], Event: org.codeaurora.event.PHONE_ACCOUNT_CHANGED, Extras:[Bundle[{emr_dial_account=ComponentInfo{com.android.phone/com.android.services.telephony.TelephonyConnectionService}, [14d862c1c64e05cc4d1f5d328262495897e420c1], UserHandle{0}}]]}: (...->CS.crCoC->H.CS.crCoC)->CSW.oCE@E-E-E-E-Bfc
08-05 17:06:02.093   416  2826 D ACDB-LOADER: ACDB -> ACDB_CMD_GET_VOC_PROC_STATIC_TABLE
08-05 17:06:02.093   416  2826 D ACDB-LOADER: ACDB -> AUDIO_SET_VOCPROC_CAL
08-05 17:06:02.094   416  2826 D ACDB-LOADER: ACDB -> ACDB_CMD_GET_VOC_PROC_DEVICE_CFG
08-05 17:06:02.094   416  2826 D ACDB-LOADER: ACDB -> AUDIO_SET_VOCPROC_DEV_CFG_CAL
08-05 17:06:02.094   416  2826 D ACDB-LOADER: ACDB -> send_voice_columns, rxacdb_id 7, txacdb_id 4, table 4
08-05 17:06:02.094   416  2826 D ACDB-LOADER: ACDB -> ACDB_CMD_GET_VOC_COLUMNS_INFO_V2
08-05 17:06:02.094   416  2826 D ACDB-LOADER: ACDB -> ACDB_CMD_GET_VOC_PROC_DYNAMIC_TABLE_SIZE
08-05 17:06:02.097   416  2826 D ACDB-LOADER: ACDB -> ACDB_CMD_GET_VOC_PROC_DYNAMIC_TABLE
08-05 17:06:02.105   416  2826 D ACDB-LOADER: ACDB -> AUDIO_SET_VOCPROC_VOL_CAL
08-05 17:06:02.105   416  2826 D ACDB-LOADER: ACDB -> send_voice_columns, rxacdb_id 7, txacdb_id 4, table 6
08-05 17:06:02.105   416  2826 D ACDB-LOADER: ACDB -> ACDB_CMD_GET_VOC_COLUMNS_INFO_V2
08-05 17:06:02.105   416  2826 D ACDB-LOADER: ACDB -> ACDB_CMD_GET_VOC_STREAM_STATIC_TABLE_SIZE
08-05 17:06:02.105   416  2826 D ACDB-LOADER: ACDB -> ACDB_CMD_GET_VOC_STREAM_STATIC_TABLE
08-05 17:06:02.105   416  2826 D ACDB-LOADER: ACDB -> AUDIO_SET_VOCPROC_STREAM_CAL
08-05 17:06:02.105   416  2826 D ACDB-LOADER: ACDB -> send_afe_topology
08-05 17:06:02.105   416  2826 D ACDB-LOADER: ACDB -> ACDB_CMD_GET_AFE_TOPOLOGY_ID
08-05 17:06:02.105   416  2826 D         : ACDBFILE_MGR: CmnDevinfo for the devid 00000004 not found
08-05 17:06:02.105 20630 20630 I Dialer  : InCallFragment.setPrimary - PrimaryInfo, number: ***** *****, name: Redacted-11-chars, location: null, label: null, photo: null, photoType: 0, isPhotoVisible: true, MultimediaData: null
08-05 17:06:02.105   416  2826 D         : ACDB_COMMAND: Failed to fetch the afe topo info for devid 00000004 
08-05 17:06:02.105   416  2826 E ACDB-LOADER: ACDB get afe topology for acdb id = 4, err = -8
08-05 17:06:02.105   416  2826 E ACDB-LOADER: Error: get ACDB afe topology result = -8
08-05 17:06:02.105   416  2826 D ACDB-LOADER: ACDB -> send_afe_cal
08-05 17:06:02.105   416  2826 D ACDB-LOADER: ACDB -> ACDB_CMD_GET_AFE_COMMON_TABLE_SIZE
08-05 17:06:02.105   416  2826 D         : Failed to fetch the lookup information of the device 00000004 
08-05 17:06:02.105   416  2826 E ACDB-LOADER: Error: ACDB_CMD_GET_AFE_COMMON_TABLE_SIZE Returned = -19
08-05 17:06:02.106   416  2826 D ACDB-LOADER: ACDB -> ACDB_CMD_GET_AFE_COMMON_TABLE
08-05 17:06:02.106   416  2826 D         : Failed to fetch the lookup information of the device 00000004 
08-05 17:06:02.106   416  2826 E ACDB-LOADER: Error: ACDB AFE returned = -19
08-05 17:06:02.106   416  2826 D ACDB-LOADER: ACDB -> AUDIO_SET_AFE_CAL
08-05 17:06:02.106   416  2826 D ACDB-LOADER: ACDB -> send_afe_topology
08-05 17:06:02.106   416  2826 D ACDB-LOADER: ACDB -> ACDB_CMD_GET_AFE_TOPOLOGY_ID
08-05 17:06:02.106   416  2826 D         : ACDBFILE_MGR: CmnDevinfo for the devid 00000007 not found
08-05 17:06:02.106   416  2826 D         : ACDB_COMMAND: Failed to fetch the afe topo info for devid 00000007 
08-05 17:06:02.106   416  2826 E ACDB-LOADER: ACDB get afe topology for acdb id = 7, err = -8
08-05 17:06:02.106   416  2826 E ACDB-LOADER: Error: get ACDB afe topology result = -8
08-05 17:06:02.106   416  2826 D ACDB-LOADER: ACDB -> send_afe_cal
08-05 17:06:02.106   416  2826 D ACDB-LOADER: ACDB -> ACDB_CMD_GET_AFE_COMMON_TABLE_SIZE
08-05 17:06:02.106   416  2826 D         : Failed to fetch the lookup information of the device 00000007 
08-05 17:06:02.106   416  2826 E ACDB-LOADER: Error: ACDB_CMD_GET_AFE_COMMON_TABLE_SIZE Returned = -19
08-05 17:06:02.106   416  2826 D ACDB-LOADER: ACDB -> ACDB_CMD_GET_AFE_COMMON_TABLE
08-05 17:06:02.106   416  2826 D         : Failed to fetch the lookup information of the device 00000007 
08-05 17:06:02.106   416  2826 E ACDB-LOADER: Error: ACDB AFE returned = -19
08-05 17:06:02.106   416  2826 D ACDB-LOADER: ACDB -> AUDIO_SET_AFE_CAL
08-05 17:06:02.106   416  2826 D ACDB-LOADER: ACDB -> send_aanctable
08-05 17:06:02.106   416  2826 D ACDB-LOADER: ACDB -> ACDB_CMD_GET_ADAPTIVE_ANC_CONFIG_TABLE_SIZE
08-05 17:06:02.106   416  2826 D         : Failed to fetch the lookup information of the device 00000004 
08-05 17:06:02.106   416  2826 E ACDB-LOADER: Error: ACDB_CMD_GET_ADAPTIVE_ANC_CONFIG_TABLE_SIZE Returned = -19
08-05 17:06:02.106   416  2826 D ACDB-LOADER: ACDB -> ACDB_CMD_GET_ADAPTIVE_ANC_CONFIG_TABLE
08-05 17:06:02.106   416  2826 D         : Failed to fetch the lookup information of the device 00000004 
08-05 17:06:02.106   416  2826 D ACDB-LOADER: ACDB_CMD_GET_ADAPTIVE_ANC_CONFIG_TABLE result -19
08-05 17:06:02.106   416  2826 E ACDB-LOADER: Error: ACDB AANC returned = -19
08-05 17:06:02.106   416  2826 D ACDB-LOADER: ACDB -> AUDIO_SET_AANC_TABLE
08-05 17:06:02.107   416  2826 D ACDB-LOADER: ACDB -> send_hw_delay : acdb_id = 4 path = 1
08-05 17:06:02.107   416  2826 D ACDB-LOADER: ACDB -> ACDB_AVSYNC_INFO: ACDB_CMD_GET_DEVICE_PROPERTY
08-05 17:06:02.107   416  2826 D ACDB-LOADER: ACDB -> send_hw_delay : acdb_id = 7 path = 0
08-05 17:06:02.107   416  2826 D ACDB-LOADER: ACDB -> ACDB_AVSYNC_INFO: ACDB_CMD_GET_DEVICE_PROPERTY
08-05 17:06:02.107   416  2826 D ACDB-LOADER: ACDB -> Sent VocProc Cal!
08-05 17:06:02.107   416  2826 E audio_hw_utils: audio_extn_utils_update_stream_app_type_cfg_for_usecase: app type cfg not supported for usecase type (2)
08-05 17:06:02.107   416  2826 D soundtrigger: audio_extn_sound_trigger_update_stream_status: uc_id 34 of type 2 for Event 3, with Raise=0
08-05 17:06:02.107   416  2826 I audio_hw_utils: audio_extn_utils_send_app_type_cfg: not a playback/capture path, no need to cfg app type
08-05 17:06:02.107   416  2826 D audio_hw_primary: enable_audio_route: apply mixer and update path: voicemmode1-call
08-05 17:06:02.107 20630 20630 I Dialer  : CallCardPresenter.getLocationFragment - shouldn't show location
08-05 17:06:02.107   416  2826 D audio_route: Apply path: voicemmode1-call
08-05 17:06:02.111   416  2826 D audio_hw_primary: select_devices: done
08-05 17:06:02.111   416  2826 D voice   : voice_config.rate 8000
08-05 17:06:02.113  2691  2753 D QtiEmergencyCallHelper: persist.radio.enhance_ecall not enabled
08-05 17:06:02.119   916  4612 I Telecom : InCallController: Sending updateCall [TC@6, DIALING, com.android.phone/com.android.services.telephony.TelephonyConnectionService, tel:**********, A, childs(0), has_parent(false), [Capabilities: CAPABILITY_SUPPORT_HOLD CAPABILITY_MUTE CAPABILITY_CANNOT_DOWNGRADE_VIDEO_TO_AUDIO], [Properties:]]: CSW.sSH@BgY
08-05 17:06:02.121   916  4612 I Telecom : InCallController: Components updated: [ComponentInfo{com.android.dialer/com.android.incallui.InCallServiceImpl}]: CSW.sSH@BgY
08-05 17:06:02.122  2691  2691 I Telephony: GsmConnection: isAddParticipantCapable: isCapable = false
08-05 17:06:02.122  2691  2691 I Telephony: GsmConnection: isAddParticipantCapable: isCapable = false
08-05 17:06:02.124   916  4612 I Telecom : InCallController: Sending updateCall [TC@6, DIALING, com.android.phone/com.android.services.telephony.TelephonyConnectionService, tel:**********, A, childs(0), has_parent(false), [Capabilities: CAPABILITY_SUPPORT_HOLD CAPABILITY_MUTE CAPABILITY_CANNOT_DOWNGRADE_VIDEO_TO_AUDIO], [Properties:]]: CSW.sCDN@Bgc
08-05 17:06:02.125   916  4612 I Telecom : InCallController: Components updated: [ComponentInfo{com.android.dialer/com.android.incallui.InCallServiceImpl}]: CSW.sCDN@Bgc
08-05 17:06:02.126 20630 20630 I Dialer  : InCallFragment.setPrimary - PrimaryInfo, number: ***** *****, name: Redacted-11-chars, location: null, label: null, photo: null, photoType: 0, isPhotoVisible: true, MultimediaData: null
08-05 17:06:02.128 20630 20630 I Dialer  : CallCardPresenter.getLocationFragment - shouldn't show location
08-05 17:06:02.128 20630 20630 I Dialer  : InCallFragment.setSecondary - SecondaryInfo, show: false, name: null, label: null, providerLabel: null
08-05 17:06:02.136 20630 20630 W Dialer  : BottomSheetHelper shallShowMoreButton - returns false
08-05 17:06:02.136 20630 20630 W ResourceType: Failure getting entry for 0x7f100288 (t=15 e=648) (error -75)
08-05 17:06:02.139 20630 20630 W Dialer  : BottomSheetHelper.getPhoneId - primaryCall is null.
08-05 17:06:02.139 20630 20630 D QtiCarrierConfigHelper: Invalid phone ID: -1
08-05 17:06:02.154 20630 20630 I Dialer  : InCallFragment.setCallState - PrimaryCallState, state: 13, connectionLabel: 
08-05 17:06:02.161 20630 20630 W Dialer  : BottomSheetHelper shallShowMoreButton - returns false
08-05 17:06:02.161 20630 20630 I Dialer  : InCallActivity.onPrimaryCallStateChanged
08-05 17:06:02.163 20630 20630 I Dialer  : InCallActivity.showMainInCallFragment - shouldShowAnswerUi: false, shouldShowVideoUi: false, didShowAnswerScreen: false, didShowInCallScreen: true, didShowVideoCallScreen: false
08-05 17:06:02.163 20630 20630 I Dialer  : InCallFragment.onInCallShowDialpad - isShown: false
08-05 17:06:02.163 20630 20630 W Dialer  : BottomSheetHelper shallShowMoreButton - returns false
08-05 17:06:02.164 20630 20630 W Dialer  : BottomSheetHelper shallShowMoreButton - returns false
08-05 17:06:02.165 20630 20630 D AccelerometerListener: enable(false)
08-05 17:06:02.166   416   416 D Sensors : activate called handle:1 enable:0
08-05 17:06:02.167   416   416 D Sensors : bma2x2-accel calling driver disable
08-05 17:06:02.169 20630 20630 I Dialer  : ProximitySensor.updateProximitySensorMode - screenOnImmediately: false, dialPadVisible: false, offHook: false, horizontal: false, uiShowing: true, audioRoute: EARPIECE
08-05 17:06:02.169 20630 20630 I Dialer  : ProximitySensor.turnOffProximitySensor - releasing wake lock
08-05 17:06:02.171 20630 20630 I Dialer  : VideoPauseController.onStateChange - hasPrimaryCallChanged: true, videoCanPause: false, isInBackground: false
08-05 17:06:02.172   416   416 D Sensors : activate called handle:2 enable:0
08-05 17:06:02.172   416   416 D Sensors : ltr553-proximity calling driver disable
08-05 17:06:02.172 20630 20630 I Dialer  : VideoPauseController.onPrimaryCallChanged - new call: [DialerCall_1, CONNECTING, [Capabilities:], [Properties:], children:[], parent:null, conferenceable:[], videoState:Audio Only, mSessionModificationState:0, CameraDir:-1], old call: null, mIsInBackground: false
08-05 17:06:02.173 20630 20630 I Dialer  : InCallPresenter.setBoundAndWaitingForOutgoingCall - setBoundAndWaitingForOutgoingCall: false
08-05 17:06:02.177 20630 20649 I zygote  : Deoptimizing java.lang.String com.android.dialer.common.LogUtil.sanitizePii(java.lang.Object) due to JIT inline cache
08-05 17:06:02.186 20630 20630 I Dialer  : NonUiTaskBuilder.newThread - creating parallel thread
08-05 17:06:02.264   916  1019 I ActivityManager: Displayed com.android.dialer/com.android.incallui.InCallActivity: +672ms
08-05 17:06:02.266   281   281 W /system/bin/hwservicemanager: getTransport: Cannot find entry vendor.qti.hardware.iop@1.0::IIop/default in either framework or device manifest.
08-05 17:06:02.267   916  1019 E ANDR-PERF-JNI: Iop tryGetService failed
08-05 17:06:02.267   416  2826 D voice   : voice_set_sidetone: enable, out_snd_device: 16
08-05 17:06:02.267   416  2826 D audio_route: Apply path: sidetone-handset
08-05 17:06:02.279   416  2826 D voice   : voice_start_usecase: exit: status(0)
08-05 17:06:02.279   416  2826 D voice_extn: update_calls: cur_state=1 new_state=1 vsid=11dc5000
08-05 17:06:02.279   416  2826 D voice_extn: voice_extn_set_parameters: call type is LTE
08-05 17:06:02.282  2679  3361 D QcRilAudio: setParameters returned with: 0
08-05 17:06:02.287  2691  2753 D QtiEmergencyCallHelper: persist.radio.enhance_ecall not enabled
08-05 17:06:02.288  2884  2917 I QcrilOemhookMsgTunnel: [0]processOemHookIndication length=61
08-05 17:06:02.291 20630 20630 I Dialer  : CallList.onUpdateCall - [DialerCall_1, DIALING, [Capabilities: CAPABILITY_SUPPORT_HOLD CAPABILITY_MUTE CAPABILITY_CANNOT_DOWNGRADE_VIDEO_TO_AUDIO], [Properties:], children:[], parent:null, conferenceable:[], videoState:Audio Only, mSessionModificationState:0, CameraDir:-1]
08-05 17:06:02.291 20630 20630 I Dialer  : InCallPresenter.onCallListChange - Phone switching state: PENDING_OUTGOING -> OUTGOING
08-05 17:06:02.293 20630 20630 D QtiCarrierConfigHelper: Invalid phone ID: -1
08-05 17:06:02.303 20630 20630 I chatty  : uid=10014(com.android.dialer) identical 1 line
08-05 17:06:02.305 20630 20630 D QtiCarrierConfigHelper: Invalid phone ID: -1
08-05 17:06:02.387 20630 20630 I Dialer  : InCallFragment.setPrimary - PrimaryInfo, number: ***** *****, name: Redacted-11-chars, location: null, label: null, photo: null, photoType: 0, isPhotoVisible: true, MultimediaData: null
08-05 17:06:02.389 20630 20630 I Dialer  : CallCardPresenter.getLocationFragment - shouldn't show location
08-05 17:06:02.390 20630 20630 I Dialer  : InCallFragment.setPrimary - PrimaryInfo, number: ***** *****, name: Redacted-11-chars, location: Redacted-5-chars, label: null, photo: null, photoType: 0, isPhotoVisible: true, MultimediaData: null
08-05 17:06:02.393 20630 20630 I Dialer  : CallCardPresenter.getLocationFragment - shouldn't show location
08-05 17:06:02.393 20630 20630 I Dialer  : InCallFragment.setSecondary - SecondaryInfo, show: false, name: null, label: null, providerLabel: null
08-05 17:06:02.403   916   996 I ActivityManager: Start proc 26397:com.google.android.gms.persistent/u0a16 for service com.google.android.gms/com.google.android.location.geofencer.service.GeofenceProviderService
08-05 17:06:02.410 20630 20630 D QtiCarrierConfigHelper: Invalid phone ID: -1
08-05 17:06:02.411 20630 20630 W ResourceType: Failure getting entry for 0x7f100288 (t=15 e=648) (error -75)
08-05 17:06:02.413 20630 20630 D QtiCarrierConfigHelper: Invalid phone ID: -1
08-05 17:06:02.417 20630 20630 I Dialer  : InCallFragment.setCallState - PrimaryCallState, state: 6, connectionLabel: 
08-05 17:06:02.425 20630 20630 D QtiCarrierConfigHelper: Invalid phone ID: -1
08-05 17:06:02.426 20630 20630 I Dialer  : InCallActivity.onPrimaryCallStateChanged
08-05 17:06:02.427 20630 20630 I Dialer  : InCallActivity.showMainInCallFragment - shouldShowAnswerUi: false, shouldShowVideoUi: false, didShowAnswerScreen: false, didShowInCallScreen: true, didShowVideoCallScreen: false
08-05 17:06:02.428 20630 20630 I Dialer  : InCallFragment.onInCallShowDialpad - isShown: false
08-05 17:06:02.429 20630 20630 D QtiCarrierConfigHelper: Invalid phone ID: -1
08-05 17:06:02.433 20630 20630 D QtiCarrierConfigHelper: Invalid phone ID: -1
08-05 17:06:02.434 20630 20630 I Dialer  : StatusBarNotifier.buildAndSendNotification - showNotification isGeocoderLocationNeeded = true
08-05 17:06:02.435 20630 20630 I TAG     : Dialer ==== > supportsVoicePrivacy : false
08-05 17:06:02.485 20630 20630 I Dialer  : StatusBarNotifier.buildAndSendNotification - notificationType=1
08-05 17:06:02.489 20630 20630 I Dialer  : StatusBarNotifier.buildAndSendNotification - displaying notification for 1
08-05 17:06:02.505   916  4174 D CompatibilityInfo: mCompatibilityFlags - 4
08-05 17:06:02.505   916  4174 D CompatibilityInfo: applicationDensity - 240
08-05 17:06:02.505   916  4174 D CompatibilityInfo: applicationScale - 1.0
08-05 17:06:02.506 20630 20630 D AccelerometerListener: enable(true)
08-05 17:06:02.509   416  2826 D Sensors : batch called handle:1 sample_ns:200000000 latency_ns:0
08-05 17:06:02.510   416  2826 D Sensors : activate called handle:1 enable:1
08-05 17:06:02.510   416  2826 D Sensors : bma2x2-accel calling driver enable
08-05 17:06:02.515   416  2826 D Sensors : bma2x2-accel calling driver setDelay 200 ms
08-05 17:06:02.516 20630 20630 I Dialer  : ProximitySensor.updateProximitySensorMode - screenOnImmediately: false, dialPadVisible: false, offHook: true, horizontal: false, uiShowing: true, audioRoute: EARPIECE
08-05 17:06:02.516 20630 20630 I Dialer  : ProximitySensor.turnOnProximitySensor - acquiring wake lock
08-05 17:06:02.519   416  2826 D Sensors : batch called handle:2 sample_ns:200000000 latency_ns:0
08-05 17:06:02.520   416  2826 D Sensors : activate called handle:2 enable:1
08-05 17:06:02.520 20630 20630 I Dialer  : VideoPauseController.onStateChange - hasPrimaryCallChanged: false, videoCanPause: false, isInBackground: false
08-05 17:06:02.520   416  2826 D Sensors : ltr553-proximity calling driver enable
08-05 17:06:02.520   416  2826 D Sensors : ltr553-proximity calling driver setDelay 200 ms
08-05 17:06:02.522 20630 20630 D QtiCarrierConfigHelper: Invalid phone ID: -1
08-05 17:06:02.530   916  4174 D CompatibilityInfo: mCompatibilityFlags - 4
08-05 17:06:02.530   916  4174 D CompatibilityInfo: applicationDensity - 240
08-05 17:06:02.530   916  4174 D CompatibilityInfo: applicationScale - 1.0
08-05 17:06:02.535 20630 20630 D QtiCarrierConfigHelper: Invalid phone ID: -1
08-05 17:06:02.536   916   996 D CompatibilityInfo: mCompatibilityFlags - 4
08-05 17:06:02.536   916   996 D CompatibilityInfo: applicationDensity - 240
08-05 17:06:02.536   916   996 D CompatibilityInfo: applicationScale - 1.0
08-05 17:06:02.538   916   996 D CompatibilityInfo: mCompatibilityFlags - 4
08-05 17:06:02.538   916   996 D CompatibilityInfo: applicationDensity - 240
08-05 17:06:02.538   916   996 D CompatibilityInfo: applicationScale - 1.0
08-05 17:06:02.538 20630 20630 D QtiCarrierConfigHelper: Invalid phone ID: -1
08-05 17:06:02.538 20630 20630 W ResourceType: Failure getting entry for 0x7f100288 (t=15 e=648) (error -75)
08-05 17:06:02.540   916   996 D CompatibilityInfo: mCompatibilityFlags - 4
08-05 17:06:02.540   916   996 D CompatibilityInfo: applicationDensity - 240
08-05 17:06:02.540   916   996 D CompatibilityInfo: applicationScale - 1.0
