08-05 17:06:07.153 26517 26517 V NativeCrypto: Registering com/google/android/gms/org/conscrypt/NativeCrypto's 284 native methods...
08-05 17:06:07.194 26517 26517 D NetworkSecurityConfig: Using Network Security Config from resource network_security_config debugBuild: false
08-05 17:06:07.198 26517 26517 I ProviderInstaller: Installed default security provider GmsCore_OpenSSL
08-05 17:06:07.299 26517 26517 I GmsApplication: Registering the BackgroundBroadcastReceiverSupport receiver.
08-05 17:06:07.411 26517 26517 I GmsReceiverSupport: Registered Receiver for 18+1 IntentFilters
08-05 17:06:07.465  2461  2461 D KeyguardUpdateMonitor: received broadcast android.intent.action.BATTERY_CHANGED
08-05 17:06:07.472  2461  2461 D KeyguardUpdateMonitor: handleBatteryUpdate
08-05 17:06:07.548 26517 26517 W Primes  : Primes not initialized, returning default (no-op) Primes instance which will ignore all calls. Please call Primes.initialize(...) before using any Primes API.
08-05 17:06:07.572   916  4767 D CompatibilityInfo: mCompatibilityFlags - 4
08-05 17:06:07.573   916  4767 D CompatibilityInfo: applicationDensity - 240
08-05 17:06:07.573   916  4767 D CompatibilityInfo: applicationScale - 1.0
08-05 17:06:07.600 26517 26522 I zygote  : Do partial code cache collection, code=26KB, data=26KB
08-05 17:06:07.601 26517 26522 I zygote  : After code cache collection, code=25KB, data=26KB
08-05 17:06:07.602 26517 26522 I zygote  : Increasing code cache capacity to 128KB
08-05 17:06:07.676 26517 26517 I DynamiteModule: Considering local module com.google.android.gms.googlecertificates:4 and remote module com.google.android.gms.googlecertificates:4
08-05 17:06:07.676 26517 26517 I DynamiteModule: Selected local version of com.google.android.gms.googlecertificates
08-05 17:06:07.720 26517 26517 W ConfigurationChimeraPro: Caller is not authorized to access Uri: content://com.google.android.gms.phenotype/com.google.android.gms.gcm [CONTEXT service_id=51 ]
08-05 17:06:07.784  3088  3396 E SecUISvc: Error initializing local socket: -1
08-05 17:06:07.787   281   281 W /system/bin/hwservicemanager: getTransport: Cannot find entry vendor.qti.hardware.tui_comm@1.0::ITuiComm/default in either framework or device manifest.
08-05 17:06:07.818 26517 26517 I NetworkScheduler: Using standalone scheduling engine
08-05 17:06:07.880   916   996 D CompatibilityInfo: mCompatibilityFlags - 4
08-05 17:06:07.880   916   996 D CompatibilityInfo: applicationDensity - 240
08-05 17:06:07.880   916   996 D CompatibilityInfo: applicationScale - 1.0
08-05 17:06:07.932  2679  3361 D QcRilAudio: setParameters with: vsid=297816064;call_state=2;call_type=UMTS
08-05 17:06:07.934   416  2826 D audio_hw_primary: adev_set_parameters: enter: call_state=2;call_type=UMTS;vsid=297816064
08-05 17:06:07.934   416  2826 D voice_extn: update_call_states is_call_active:1 in_call:1, mode:2
08-05 17:06:07.934   416  2826 D voice_extn: update_calls: enter:
08-05 17:06:07.934   416  2826 D voice_extn: update_calls: cur_state=1 new_state=1 vsid=10c01000
08-05 17:06:07.934   416  2826 D voice_extn: update_calls: cur_state=1 new_state=1 vsid=10dc1000
08-05 17:06:07.934   416  2826 D voice_extn: update_calls: cur_state=1 new_state=1 vsid=10c02000
08-05 17:06:07.934   416  2826 D voice_extn: update_calls: cur_state=1 new_state=1 vsid=10803000
08-05 17:06:07.934   416  2826 D voice_extn: update_calls: cur_state=1 new_state=1 vsid=10002000
08-05 17:06:07.934   416  2826 D voice_extn: update_calls: cur_state=2 new_state=2 vsid=11c05000
08-05 17:06:07.940   416  2826 D voice_extn: update_calls: cur_state=1 new_state=1 vsid=11dc5000
08-05 17:06:07.940   416  2826 D voice_extn: voice_extn_set_parameters: call type is UMTS
08-05 17:06:07.948  2679  3361 D QcRilAudio: setParameters returned with: 0
08-05 17:06:07.950 26517 26517 E GmsNativeLibraryLoader: Unable to locate leveldbjni in dalvik.system.PathClassLoader[DexPathList[[zip file "/system/framework/com.android.media.remotedisplay.jar", zip file "/system/framework/com.android.location.provider.jar", zip file "/system/priv-app/PrebuiltGmsCorePix/PrebuiltGmsCorePix.apk"],nativeLibraryDirectories=[/system/priv-app/PrebuiltGmsCorePix/lib/arm, /system/priv-app/PrebuiltGmsCorePix/PrebuiltGmsCorePix.apk!/lib/armeabi-v7a, /system/lib, /vendor/lib, /system/lib, /vendor/lib]]]
08-05 17:06:07.950 26517 26517 E GmsNativeLibraryLoader: java.lang.UnsatisfiedLinkError: dalvik.system.PathClassLoader[DexPathList[[zip file "/system/framework/com.android.media.remotedisplay.jar", zip file "/system/framework/com.android.location.provider.jar", zip file "/system/priv-app/PrebuiltGmsCorePix/PrebuiltGmsCorePix.apk"],nativeLibraryDirectories=[/system/priv-app/PrebuiltGmsCorePix/lib/arm, /system/priv-app/PrebuiltGmsCorePix/PrebuiltGmsCorePix.apk!/lib/armeabi-v7a, /system/lib, /vendor/lib, /system/lib, /vendor/lib]]] couldn't find "libleveldbjni.so"
08-05 17:06:07.950 26517 26517 E GmsNativeLibraryLoader: 	at java.lang.Runtime.loadLibrary0(Runtime.java:1011)
08-05 17:06:07.950 26517 26517 E GmsNativeLibraryLoader: 	at java.lang.System.loadLibrary(System.java:1657)
08-05 17:06:07.950 26517 26517 E GmsNativeLibraryLoader: 	at qfz.b(:com.google.android.gms@17455055@17.4.55 (110400-248795830):23)
08-05 17:06:07.950 26517 26517 E GmsNativeLibraryLoader: 	at qgv.b(:com.google.android.gms@17455055@17.4.55 (110400-248795830):5)
08-05 17:06:07.950 26517 26517 E GmsNativeLibraryLoader: 	at com.google.android.gms.leveldb.environment.LevelDbPlatform.loadLibrary(Unknown Source:4)
08-05 17:06:07.950 26517 26517 E GmsNativeLibraryLoader: 	at com.google.android.gms.leveldb.LevelDb.<clinit>(:com.google.android.gms@17455055@17.4.55 (110400-248795830):2)
08-05 17:06:07.950 26517 26517 E GmsNativeLibraryLoader: 	at com.google.android.gms.leveldb.LevelDb.open(:com.google.android.gms@17455055@17.4.55 (110400-248795830):1)
08-05 17:06:07.950 26517 26517 E GmsNativeLibraryLoader: 	at yip.b(:com.google.android.gms@17455055@17.4.55 (110400-248795830):1)
08-05 17:06:07.950 26517 26517 E GmsNativeLibraryLoader: 	at yip.a(:com.google.android.gms@17455055@17.4.55 (110400-248795830):8)
08-05 17:06:07.950 26517 26517 E GmsNativeLibraryLoader: 	at yir.a(:com.google.android.gms@17455055@17.4.55 (110400-248795830):7)
08-05 17:06:07.950 26517 26517 E GmsNativeLibraryLoader: 	at yip.a(:com.google.android.gms@17455055@17.4.55 (110400-248795830):19)
08-05 17:06:07.950 26517 26517 E GmsNativeLibraryLoader: 	at yir.a(:com.google.android.gms@17455055@17.4.55 (110400-248795830):8)
08-05 17:06:07.950 26517 26517 E GmsNativeLibraryLoader: 	at yhm.<init>(:com.google.android.gms@17455055@17.4.55 (110400-248795830):5)
08-05 17:06:07.950 26517 26517 E GmsNativeLibraryLoader: 	at yer.<init>(:com.google.android.gms@17455055@17.4.55 (110400-248795830):16)
08-05 17:06:07.950 26517 26517 E GmsNativeLibraryLoader: 	at yer.a(:com.google.android.gms@17455055@17.4.55 (110400-248795830):2)
08-05 17:06:07.950 26517 26517 E GmsNativeLibraryLoader: 	at com.google.android.gms.gcm.registration.PushMessagingRegistrarChimeraProxy.onBind(:com.google.android.gms@17455055@17.4.55 (110400-248795830):1)
08-05 17:06:07.950 26517 26517 E GmsNativeLibraryLoader: 	at nyb.onBind(:com.google.android.gms@17455055@17.4.55 (110400-248795830):29)
08-05 17:06:07.950 26517 26517 E GmsNativeLibraryLoader: 	at android.app.ActivityThread.handleBindService(ActivityThread.java:3369)
08-05 17:06:07.950 26517 26517 E GmsNativeLibraryLoader: 	at android.app.ActivityThread.-wrap2(Unknown Source:0)
08-05 17:06:07.950 26517 26517 E GmsNativeLibraryLoader: 	at android.app.ActivityThread$H.handleMessage(ActivityThread.java:1685)
08-05 17:06:07.950 26517 26517 E GmsNativeLibraryLoader: 	at android.os.Handler.dispatchMessage(Handler.java:106)
08-05 17:06:07.950 26517 26517 E GmsNativeLibraryLoader: 	at android.os.Looper.loop(Looper.java:164)
08-05 17:06:07.950 26517 26517 E GmsNativeLibraryLoader: 	at android.app.ActivityThread.main(ActivityThread.java:6518)
08-05 17:06:07.950 26517 26517 E GmsNativeLibraryLoader: 	at java.lang.reflect.Method.invoke(Native Method)
08-05 17:06:07.950 26517 26517 E GmsNativeLibraryLoader: 	at com.android.internal.os.RuntimeInit$MethodAndArgsCaller.run(RuntimeInit.java:438)
08-05 17:06:07.950 26517 26517 E GmsNativeLibraryLoader: 	at com.android.internal.os.ZygoteInit.main(ZygoteInit.java:807)
08-05 17:06:07.950 26517 26517 E LevelDb : LevelDb failed to load (1), returning NoOpLevelDb
08-05 17:06:07.952  2884  2917 I QcrilOemhookMsgTunnel: [0]processOemHookIndication length=62
08-05 17:06:07.998 26517 26517 E LevelDb : LevelDb failed to load (1), returning NoOpLevelDb
08-05 17:06:08.047   916  4767 D CompatibilityInfo: mCompatibilityFlags - 4
08-05 17:06:08.047   916  4767 D CompatibilityInfo: applicationDensity - 240
08-05 17:06:08.048   916  4767 D CompatibilityInfo: applicationScale - 1.0
08-05 17:06:08.067 26517 26517 I zygote  : Deoptimizing int java.nio.ByteBuffer.compareTo(java.nio.ByteBuffer) due to JIT inline cache
08-05 17:06:08.098 26517 26517 W ConfigurationChimeraPro: Caller is not authorized to access Uri: content://com.google.android.gms.phenotype/com.google.android.location [CONTEXT service_id=51 ]
08-05 17:06:08.105 26517 26550 W ConfigurationChimeraPro: Caller is not authorized to access Uri: content://com.google.android.gms.phenotype/com.google.android.gms [CONTEXT service_id=51 ]
08-05 17:06:08.172   916   995 W Binder  : Outgoing transactions from this process must be FLAG_ONEWAY
08-05 17:06:08.172   916   995 W Binder  : java.lang.Throwable
08-05 17:06:08.172   916   995 W Binder  : 	at android.os.BinderProxy.transact(Binder.java:752)
08-05 17:06:08.172   916   995 W Binder  : 	at com.android.internal.location.ILocationProvider$Stub$Proxy.getProperties(ILocationProvider.java:232)
08-05 17:06:08.172   916   995 W Binder  : 	at com.android.server.location.LocationProviderProxy$1.run(LocationProviderProxy.java:119)
08-05 17:06:08.172   916   995 W Binder  : 	at android.os.Handler.handleCallback(Handler.java:790)
08-05 17:06:08.172   916   995 W Binder  : 	at android.os.Handler.dispatchMessage(Handler.java:99)
08-05 17:06:08.172   916   995 W Binder  : 	at android.os.Looper.loop(Looper.java:164)
08-05 17:06:08.172   916   995 W Binder  : 	at android.os.HandlerThread.run(HandlerThread.java:65)
08-05 17:06:08.234 26517 26517 W ConfigurationChimeraPro: Caller is not authorized to access Uri: content://com.google.android.gms.phenotype/com.google.android.gms.ipa [CONTEXT service_id=51 ]
08-05 17:06:08.243 26517 26517 I ChimeraSrvcProxy: com.google.android.gms.chimera.PersistentBoundBrokerService returning NullBinder for action com.google.android.gms.ipa.smsindexer.PERSISTENT_START
08-05 17:06:08.248 26517 26522 I zygote  : Do partial code cache collection, code=53KB, data=51KB
08-05 17:06:08.250 26517 26522 I zygote  : After code cache collection, code=45KB, data=44KB
08-05 17:06:08.250 26517 26522 I zygote  : Increasing code cache capacity to 256KB
08-05 17:06:08.274 26517 26517 W ConfigurationChimeraPro: Caller is not authorized to access Uri: content://com.google.android.gms.phenotype/com.google.android.gms.instantapps [CONTEXT service_id=51 ]
08-05 17:06:08.292 26517 26517 E LevelDb : LevelDb failed to load (1), returning NoOpLevelDb
08-05 17:06:08.323 26517 26561 E ActivityThread: Failed to find provider info for instantapp-dev-manager
08-05 17:06:08.313 26517 26517 I chatty  : uid=10016 com.google.android.gms.persistent identical 3 lines
08-05 17:06:08.323 26517 26517 E LevelDb : LevelDb failed to load (1), returning NoOpLevelDb
08-05 17:06:08.335 26517 26517 W ChimeraUtils: Non Chimera context
08-05 17:06:08.352   916   916 D PackageManager: Connected to instant app resolver
08-05 17:06:08.337 26517 26517 W ChimeraUtils: Non Chimera context
08-05 17:06:08.363 26517 26517 I ChimeraSrvcProxy: com.google.android.gms.chimera.PersistentBoundBrokerService returning NullBinder for action com.google.android.gms.ipa.mediastoreindexer.PERSISTENT_START
08-05 17:06:08.455   916  4767 D ContextHubService: Added callback, total callbacks 1
08-05 17:06:08.463   916  4767 D ContextHubService: System supports 0 hubs
08-05 17:06:08.464 26517 26517 W ChreGmsCore: Unable to construct RealContextHub.
08-05 17:06:08.464 26517 26517 W ChreGmsCore: java.lang.IllegalStateException: No ContextHubs were found in the platform.
08-05 17:06:08.464 26517 26517 W ChreGmsCore: 	at bkli.<init>(:com.google.android.gms@17455055@17.4.55 (110400-248795830):8)
08-05 17:06:08.464 26517 26517 W ChreGmsCore: 	at ayuk.a(:com.google.android.gms@17455055@17.4.55 (110400-248795830):15)
08-05 17:06:08.464 26517 26517 W ChreGmsCore: 	at com.google.android.location.internal.server.GoogleLocationChimeraService.onCreate(:com.google.android.gms@17455055@17.4.55 (110400-248795830):14)
08-05 17:06:08.464 26517 26517 W ChreGmsCore: 	at edo.onCreate(:com.google.android.gms@17455055@17.4.55 (110400-248795830):1)
08-05 17:06:08.464 26517 26517 W ChreGmsCore: 	at nyb.onCreate(:com.google.android.gms@17455055@17.4.55 (110400-248795830):3)
08-05 17:06:08.464 26517 26517 W ChreGmsCore: 	at android.app.ActivityThread.handleCreateService(ActivityThread.java:3342)
08-05 17:06:08.464 26517 26517 W ChreGmsCore: 	at android.app.ActivityThread.-wrap4(Unknown Source:0)
08-05 17:06:08.464 26517 26517 W ChreGmsCore: 	at android.app.ActivityThread$H.handleMessage(ActivityThread.java:1680)
08-05 17:06:08.464 26517 26517 W ChreGmsCore: 	at android.os.Handler.dispatchMessage(Handler.java:106)
08-05 17:06:08.464 26517 26517 W ChreGmsCore: 	at android.os.Looper.loop(Looper.java:164)
08-05 17:06:08.464 26517 26517 W ChreGmsCore: 	at android.app.ActivityThread.main(ActivityThread.java:6518)
08-05 17:06:08.464 26517 26517 W ChreGmsCore: 	at java.lang.reflect.Method.invoke(Native Method)
08-05 17:06:08.464 26517 26517 W ChreGmsCore: 	at com.android.internal.os.RuntimeInit$MethodAndArgsCaller.run(RuntimeInit.java:438)
08-05 17:06:08.464 26517 26517 W ChreGmsCore: 	at com.android.internal.os.ZygoteInit.main(ZygoteInit.java:807)
08-05 17:06:08.576  2691  8438 W Adreno-ES20: <core_glFinish:34>: glFinish skipped: 0
08-05 17:06:08.591   916   916 W WindowManager: removeWindowToken: Attempted to remove non-existing token: android.os.Binder@360f03a
08-05 17:06:08.592   916  4767 W NotificationService: Toast already killed. pkg=com.android.phone callback=android.app.ITransientNotification$Stub$Proxy@5cb648b
08-05 17:06:08.603   916  1018 D BluetoothManagerService: MESSAGE_REGISTER_ADAPTER
08-05 17:06:08.581  2691  8438 W Adreno-ES20: <core_glFinish:34>: glFinish skipped: 0
08-05 17:06:08.792  3088  3396 E SecUISvc: Error initializing local socket: -1
08-05 17:06:08.795   281   281 W /system/bin/hwservicemanager: getTransport: Cannot find entry vendor.qti.hardware.tui_comm@1.0::ITuiComm/default in either framework or device manifest.
08-05 17:06:09.008   916  5011 D CompatibilityInfo: mCompatibilityFlags - 4
08-05 17:06:09.008   916  5011 D CompatibilityInfo: applicationDensity - 240
08-05 17:06:09.008   916  5011 D CompatibilityInfo: applicationScale - 1.0
08-05 17:06:09.022   916  5011 I WifiService: getWifiEnabledState uid=10016
08-05 17:06:09.045 26517 26562 W Settings: Setting airplane_mode_on has moved from android.provider.Settings.System to android.provider.Settings.Global, returning read-only value.
08-05 17:06:09.102   916  4767 I WifiService: getWifiEnabledState uid=10016
08-05 17:06:09.103   916  5011 I WifiService: getWifiEnabledState uid=10016
08-05 17:06:09.104 26517 26517 W Settings: Setting airplane_mode_on has moved from android.provider.Settings.System to android.provider.Settings.Global, returning read-only value.
08-05 17:06:09.121   916   955 I WifiService: getWifiEnabledState uid=10016
08-05 17:06:09.161 26517 26569 E LocationManagerCompat: Unable to assign LocationManager blame through WorkSource
08-05 17:06:09.161 26517 26569 E LocationManagerCompat: java.lang.SecurityException: "passive" location provider requires ACCESS_FINE_LOCATION permission.
08-05 17:06:09.161 26517 26569 E LocationManagerCompat: 	at android.os.Parcel.readException(Parcel.java:2013)
08-05 17:06:09.161 26517 26569 E LocationManagerCompat: 	at android.os.Parcel.readException(Parcel.java:1959)
08-05 17:06:09.161 26517 26569 E LocationManagerCompat: 	at android.location.ILocationManager$Stub$Proxy.requestLocationUpdates(ILocationManager.java:691)
08-05 17:06:09.161 26517 26569 E LocationManagerCompat: 	at android.location.LocationManager.requestLocationUpdates(LocationManager.java:900)
08-05 17:06:09.161 26517 26569 E LocationManagerCompat: 	at android.location.LocationManager.requestLocationUpdates(LocationManager.java:846)
08-05 17:06:09.161 26517 26569 E LocationManagerCompat: 	at azwd.a(:com.google.android.gms@17455055@17.4.55 (110400-248795830):2)
08-05 17:06:09.161 26517 26569 E LocationManagerCompat: 	at azwg.a(Unknown Source:0)
08-05 17:06:09.161 26517 26569 E LocationManagerCompat: 	at ayov.a(:com.google.android.gms@17455055@17.4.55 (110400-248795830):8)
08-05 17:06:09.161 26517 26569 E LocationManagerCompat: 	at ayoy.f(Unknown Source:7)
08-05 17:06:09.161 26517 26569 E LocationManagerCompat: 	at ayoy.c(:com.google.android.gms@17455055@17.4.55 (110400-248795830):2)
08-05 17:06:09.161 26517 26569 E LocationManagerCompat: 	at com.google.android.location.fused.FusionEngine.a(:com.google.android.gms@17455055@17.4.55 (110400-248795830):108)
08-05 17:06:09.161 26517 26569 E LocationManagerCompat: 	at aymb.a(:com.google.android.gms@17455055@17.4.55 (110400-248795830):16)
08-05 17:06:09.161 26517 26569 E LocationManagerCompat: 	at ayjd.a(:com.google.android.gms@17455055@17.4.55 (110400-248795830):5)
08-05 17:06:09.161 26517 26569 E LocationManagerCompat: 	at ayja.a(:com.google.android.gms@17455055@17.4.55 (110400-248795830):5)
08-05 17:06:09.161 26517 26569 E LocationManagerCompat: 	at aykz.a(:com.google.android.gms@17455055@17.4.55 (110400-248795830):12)
08-05 17:06:09.161 26517 26569 E LocationManagerCompat: 	at com.google.android.location.fused.StationaryThrottlingEngine.a(:com.google.android.gms@17455055@17.4.55 (110400-248795830):12)
08-05 17:06:09.161 26517 26569 E LocationManagerCompat: 	at ayiu.a(:com.google.android.gms@17455055@17.4.55 (110400-248795830):5)
08-05 17:06:09.161 26517 26569 E LocationManagerCompat: 	at ayma.a(:com.google.android.gms@17455055@17.4.55 (110400-248795830):3)
08-05 17:06:09.161 26517 26569 E LocationManagerCompat: 	at com.google.android.location.fused.StationaryThrottlingEngine.a(:com.google.android.gms@17455055@17.4.55 (110400-248795830):12)
08-05 17:06:09.161 26517 26569 E LocationManagerCompat: 	at aynj.a(:com.google.android.gms@17455055@17.4.55 (110400-248795830):3)
08-05 17:06:09.161 26517 26569 E LocationManagerCompat: 	at ayiw.a(:com.google.android.gms@17455055@17.4.55 (110400-248795830):2)
08-05 17:06:09.161 26517 26569 E LocationManagerCompat: 	at aymn.a(:com.google.android.gms@17455055@17.4.55 (110400-248795830):1)
08-05 17:06:09.161 26517 26569 E LocationManagerCompat: 	at aymx.handleMessage(:com.google.android.gms@17455055@17.4.55 (110400-248795830):4)
08-05 17:06:09.161 26517 26569 E LocationManagerCompat: 	at android.os.Handler.dispatchMessage(Handler.java:106)
08-05 17:06:09.161 26517 26569 E LocationManagerCompat: 	at aagz.a(:com.google.android.gms@17455055@17.4.55 (110400-248795830):3)
08-05 17:06:09.161 26517 26569 E LocationManagerCompat: 	at aagz.dispatchMessage(:com.google.android.gms@17455055@17.4.55 (110400-248795830):4)
08-05 17:06:09.161 26517 26569 E LocationManagerCompat: 	at azws.a(:com.google.android.gms@17455055@17.4.55 (110400-248795830):5)
08-05 17:06:09.161 26517 26569 E LocationManagerCompat: 	at aagz.dispatchMessage(:com.google.android.gms@17455055@17.4.55 (110400-248795830):4)
08-05 17:06:09.161 26517 26569 E LocationManagerCompat: 	at android.os.Looper.loop(Looper.java:164)
08-05 17:06:09.161 26517 26569 E LocationManagerCompat: 	at android.os.HandlerThread.run(HandlerThread.java:65)
08-05 17:06:09.167 26517 26569 E AndroidRuntime: FATAL EXCEPTION: FlpThread
08-05 17:06:09.167 26517 26569 E AndroidRuntime: Process: com.google.android.gms.persistent, PID: 26517
08-05 17:06:09.167 26517 26569 E AndroidRuntime: java.lang.SecurityException: "passive" location provider requires ACCESS_FINE_LOCATION permission.
08-05 17:06:09.167 26517 26569 E AndroidRuntime: 	at android.os.Parcel.readException(Parcel.java:2013)
08-05 17:06:09.167 26517 26569 E AndroidRuntime: 	at android.os.Parcel.readException(Parcel.java:1959)
08-05 17:06:09.167 26517 26569 E AndroidRuntime: 	at android.location.ILocationManager$Stub$Proxy.requestLocationUpdates(ILocationManager.java:691)
08-05 17:06:09.167 26517 26569 E AndroidRuntime: 	at android.location.LocationManager.requestLocationUpdates(LocationManager.java:900)
08-05 17:06:09.167 26517 26569 E AndroidRuntime: 	at android.location.LocationManager.requestLocationUpdates(LocationManager.java:504)
08-05 17:06:09.167 26517 26569 E AndroidRuntime: 	at azwe.a(:com.google.android.gms@17455055@17.4.55 (110400-248795830):9)
08-05 17:06:09.167 26517 26569 E AndroidRuntime: 	at azwd.a(:com.google.android.gms@17455055@17.4.55 (110400-248795830):3)
08-05 17:06:09.167 26517 26569 E AndroidRuntime: 	at azwg.a(Unknown Source:0)
08-05 17:06:09.167 26517 26569 E AndroidRuntime: 	at ayov.a(:com.google.android.gms@17455055@17.4.55 (110400-248795830):8)
08-05 17:06:09.167 26517 26569 E AndroidRuntime: 	at ayoy.f(Unknown Source:7)
08-05 17:06:09.167 26517 26569 E AndroidRuntime: 	at ayoy.c(:com.google.android.gms@17455055@17.4.55 (110400-248795830):2)
08-05 17:06:09.167 26517 26569 E AndroidRuntime: 	at com.google.android.location.fused.FusionEngine.a(:com.google.android.gms@17455055@17.4.55 (110400-248795830):108)
08-05 17:06:09.167 26517 26569 E AndroidRuntime: 	at aymb.a(:com.google.android.gms@17455055@17.4.55 (110400-248795830):16)
08-05 17:06:09.167 26517 26569 E AndroidRuntime: 	at ayjd.a(:com.google.android.gms@17455055@17.4.55 (110400-248795830):5)
08-05 17:06:09.167 26517 26569 E AndroidRuntime: 	at ayja.a(:com.google.android.gms@17455055@17.4.55 (110400-248795830):5)
08-05 17:06:09.167 26517 26569 E AndroidRuntime: 	at aykz.a(:com.google.android.gms@17455055@17.4.55 (110400-248795830):12)
08-05 17:06:09.167 26517 26569 E AndroidRuntime: 	at com.google.android.location.fused.StationaryThrottlingEngine.a(:com.google.android.gms@17455055@17.4.55 (110400-248795830):12)
08-05 17:06:09.167 26517 26569 E AndroidRuntime: 	at ayiu.a(:com.google.android.gms@17455055@17.4.55 (110400-248795830):5)
08-05 17:06:09.167 26517 26569 E AndroidRuntime: 	at ayma.a(:com.google.android.gms@17455055@17.4.55 (110400-248795830):3)
08-05 17:06:09.167 26517 26569 E AndroidRuntime: 	at com.google.android.location.fused.StationaryThrottlingEngine.a(:com.google.android.gms@17455055@17.4.55 (110400-248795830):12)
08-05 17:06:09.167 26517 26569 E AndroidRuntime: 	at aynj.a(:com.google.android.gms@17455055@17.4.55 (110400-248795830):3)
08-05 17:06:09.167 26517 26569 E AndroidRuntime: 	at ayiw.a(:com.google.android.gms@17455055@17.4.55 (110400-248795830):2)
08-05 17:06:09.167 26517 26569 E AndroidRuntime: 	at aymn.a(:com.google.android.gms@17455055@17.4.55 (110400-248795830):1)
08-05 17:06:09.167 26517 26569 E AndroidRuntime: 	at aymx.handleMessage(:com.google.android.gms@17455055@17.4.55 (110400-248795830):4)
08-05 17:06:09.167 26517 26569 E AndroidRuntime: 	at android.os.Handler.dispatchMessage(Handler.java:106)
08-05 17:06:09.167 26517 26569 E AndroidRuntime: 	at aagz.a(:com.google.android.gms@17455055@17.4.55 (110400-248795830):3)
08-05 17:06:09.167 26517 26569 E AndroidRuntime: 	at aagz.dispatchMessage(:com.google.android.gms@17455055@17.4.55 (110400-248795830):4)
08-05 17:06:09.167 26517 26569 E AndroidRuntime: 	at azws.a(:com.google.android.gms@17455055@17.4.55 (110400-248795830):5)
08-05 17:06:09.167 26517 26569 E AndroidRuntime: 	at aagz.dispatchMessage(:com.google.android.gms@17455055@17.4.55 (110400-248795830):4)
08-05 17:06:09.167 26517 26569 E AndroidRuntime: 	at android.os.Looper.loop(Looper.java:164)
08-05 17:06:09.167 26517 26569 E AndroidRuntime: 	at android.os.HandlerThread.run(HandlerThread.java:65)
08-05 17:06:09.190 26517 26569 I GCore-Chimera-Crash: ChwKDmNvbnRhaW5lci1vbmx5EOfEahhAIICyn4NBIAA=
08-05 17:06:09.190 26517 26569 I GCore-Chimera-Crash: GCore-Chimera-Crash
08-05 17:06:09.199   916  3240 W Binder  : Outgoing transactions from this process must be FLAG_ONEWAY
08-05 17:06:09.199   916  3240 W Binder  : java.lang.Throwable
08-05 17:06:09.199   916  3240 W Binder  : 	at android.os.BinderProxy.transact(Binder.java:752)
08-05 17:06:09.199   916  3240 W Binder  : 	at com.android.internal.location.ILocationProvider$Stub$Proxy.enable(ILocationProvider.java:173)
08-05 17:06:09.199   916  3240 W Binder  : 	at com.qualcomm.location.izatprovider.NpProxy.enable(NpProxy.java:72)
08-05 17:06:09.199   916  3240 W Binder  : 	at com.qualcomm.location.izatprovider.NpProxy.handleMessage(NpProxy.java:289)
08-05 17:06:09.199   916  3240 W Binder  : 	at android.os.Handler.dispatchMessage(Handler.java:102)
08-05 17:06:09.199   916  3240 W Binder  : 	at android.os.Looper.loop(Looper.java:164)
08-05 17:06:09.199   916  3240 W Binder  : 	at android.os.HandlerThread.run(HandlerThread.java:65)
08-05 17:06:09.206 26517 26569 I DeviceDrDatabaseHelper: Cleaning stale data from database!
08-05 17:06:09.229 26517 26574 I zygote  : Deoptimizing void anuw.<init>(android.content.Context, int, java.lang.String, java.lang.String, java.lang.String, java.lang.String) due to JIT inline cache
08-05 17:06:09.233 26517 26574 I zygote  : Deoptimizing boolean qig.a(android.content.Context) due to JIT inline cache
08-05 17:06:09.242 26517 26569 W DeviceDoctorHandler: Crash Hash: a84a24fcbc521d4b32a82fb2f2eb41695a9ba822
08-05 17:06:09.300 26517 26569 W DeviceDoctorHandler: Shushing due to low average crash frequency.
08-05 17:06:09.301 26517 26569 E DeviceDoctorHandler: FATAL EXCEPTION: FlpThread
08-05 17:06:09.301 26517 26569 E DeviceDoctorHandler: Process: com.google.android.gms.persistent, PID: 26517
08-05 17:06:09.301 26517 26569 E DeviceDoctorHandler: java.lang.SecurityException: "passive" location provider requires ACCESS_FINE_LOCATION permission.
08-05 17:06:09.301 26517 26569 E DeviceDoctorHandler: 	at android.os.Parcel.readException(Parcel.java:2013)
08-05 17:06:09.301 26517 26569 E DeviceDoctorHandler: 	at android.os.Parcel.readException(Parcel.java:1959)
08-05 17:06:09.301 26517 26569 E DeviceDoctorHandler: 	at android.location.ILocationManager$Stub$Proxy.requestLocationUpdates(ILocationManager.java:691)
08-05 17:06:09.301 26517 26569 E DeviceDoctorHandler: 	at android.location.LocationManager.requestLocationUpdates(LocationManager.java:900)
08-05 17:06:09.301 26517 26569 E DeviceDoctorHandler: 	at android.location.LocationManager.requestLocationUpdates(LocationManager.java:504)
08-05 17:06:09.301 26517 26569 E DeviceDoctorHandler: 	at azwe.a(:com.google.android.gms@17455055@17.4.55 (110400-248795830):9)
08-05 17:06:09.301 26517 26569 E DeviceDoctorHandler: 	at azwd.a(:com.google.android.gms@17455055@17.4.55 (110400-248795830):3)
08-05 17:06:09.301 26517 26569 E DeviceDoctorHandler: 	at azwg.a(Unknown Source:0)
08-05 17:06:09.301 26517 26569 E DeviceDoctorHandler: 	at ayov.a(:com.google.android.gms@17455055@17.4.55 (110400-248795830):8)
08-05 17:06:09.301 26517 26569 E DeviceDoctorHandler: 	at ayoy.f(Unknown Source:7)
08-05 17:06:09.301 26517 26569 E DeviceDoctorHandler: 	at ayoy.c(:com.google.android.gms@17455055@17.4.55 (110400-248795830):2)
08-05 17:06:09.301 26517 26569 E DeviceDoctorHandler: 	at com.google.android.location.fused.FusionEngine.a(:com.google.android.gms@17455055@17.4.55 (110400-248795830):108)
08-05 17:06:09.301 26517 26569 E DeviceDoctorHandler: 	at aymb.a(:com.google.android.gms@17455055@17.4.55 (110400-248795830):16)
08-05 17:06:09.301 26517 26569 E DeviceDoctorHandler: 	at ayjd.a(:com.google.android.gms@17455055@17.4.55 (110400-248795830):5)
08-05 17:06:09.301 26517 26569 E DeviceDoctorHandler: 	at ayja.a(:com.google.android.gms@17455055@17.4.55 (110400-248795830):5)
08-05 17:06:09.301 26517 26569 E DeviceDoctorHandler: 	at aykz.a(:com.google.android.gms@17455055@17.4.55 (110400-248795830):12)
08-05 17:06:09.301 26517 26569 E DeviceDoctorHandler: 	at com.google.android.location.fused.StationaryThrottlingEngine.a(:com.google.android.gms@17455055@17.4.55 (110400-248795830):12)
08-05 17:06:09.301 26517 26569 E DeviceDoctorHandler: 	at ayiu.a(:com.google.android.gms@17455055@17.4.55 (110400-248795830):5)
08-05 17:06:09.301 26517 26569 E DeviceDoctorHandler: 	at ayma.a(:com.google.android.gms@17455055@17.4.55 (110400-248795830):3)
08-05 17:06:09.301 26517 26569 E DeviceDoctorHandler: 	at com.google.android.location.fused.StationaryThrottlingEngine.a(:com.google.android.gms@17455055@17.4.55 (110400-248795830):12)
08-05 17:06:09.301 26517 26569 E DeviceDoctorHandler: 	at aynj.a(:com.google.android.gms@17455055@17.4.55 (110400-248795830):3)
08-05 17:06:09.301 26517 26569 E DeviceDoctorHandler: 	at ayiw.a(:com.google.android.gms@17455055@17.4.55 (110400-248795830):2)
08-05 17:06:09.301 26517 26569 E DeviceDoctorHandler: 	at aymn.a(:com.google.android.gms@17455055@17.4.55 (110400-248795830):1)
08-05 17:06:09.301 26517 26569 E DeviceDoctorHandler: 	at aymx.handleMessage(:com.google.android.gms@17455055@17.4.55 (110400-248795830):4)
08-05 17:06:09.301 26517 26569 E DeviceDoctorHandler: 	at android.os.Handler.dispatchMessage(Handler.java:106)
08-05 17:06:09.301 26517 26569 E DeviceDoctorHandler: 	at aagz.a(:com.google.android.gms@17455055@17.4.55 (110400-248795830):3)
08-05 17:06:09.301 26517 26569 E DeviceDoctorHandler: 	at aagz.dispatchMessage(:com.google.android.gms@17455055@17.4.55 (110400-248795830):4)
08-05 17:06:09.301 26517 26569 E DeviceDoctorHandler: 	at azws.a(:com.google.android.gms@17455055@17.4.55 (110400-248795830):5)
08-05 17:06:09.301 26517 26569 E DeviceDoctorHandler: 	at aagz.dispatchMessage(:com.google.android.gms@17455055@17.4.55 (110400-248795830):4)
08-05 17:06:09.301 26517 26569 E DeviceDoctorHandler: 	at android.os.Looper.loop(Looper.java:164)
08-05 17:06:09.301 26517 26569 E DeviceDoctorHandler: 	at android.os.HandlerThread.run(HandlerThread.java:65)
08-05 17:06:09.301 26517 26569 E DeviceDoctorHandler: 
08-05 17:06:09.321 26517 26569 I Process : Sending signal. PID: 26517 SIG: 9
08-05 17:06:09.371   916  4174 D PackageManager: Binder to instant app resolver died
08-05 17:06:09.372   916   916 D PackageManager: Disconnected from instant app resolver
08-05 17:06:09.372   916  5437 I ActivityManager: Process com.google.android.gms.persistent (pid 26517) has died: fore BFGS
08-05 17:06:09.372   916   998 W zygote  : kill(-26517, 9) failed: No such process
08-05 17:06:09.373   916  5437 W ActivityManager: Scheduling restart of crashed service com.google.android.gms/com.google.android.location.geofencer.service.GeofenceProviderService in 256000ms
08-05 17:06:09.373   916  5437 W ActivityManager: Scheduling restart of crashed service com.google.android.gms/com.google.android.location.geocode.GeocodeService in 4096000ms
08-05 17:06:09.374   916  5437 W ActivityManager: Scheduling restart of crashed service com.google.android.gms/com.google.android.location.fused.FusedLocationService in 45056000ms
08-05 17:06:09.374   916  5437 W ActivityManager: Scheduling restart of crashed service com.google.android.gms/.chimera.PersistentBoundBrokerService in 917438464ms
08-05 17:06:09.374   916  5437 W ActivityManager: Scheduling restart of crashed service com.google.android.gms/com.google.android.location.internal.server.GoogleLocationService in 288230376151711744ms
08-05 17:06:09.375   916  5437 W ActivityManager: Scheduling restart of crashed service com.google.android.gms/com.google.android.location.internal.GoogleLocationManagerService in 6655744ms
08-05 17:06:09.375   916  5437 W ActivityManager: Scheduling restart of crashed service com.google.android.gms/com.google.android.location.internal.server.HardwareArProviderService in 2883059712ms
08-05 17:06:09.375   916  5437 W ActivityManager: Scheduling restart of crashed service com.google.android.gms/com.google.android.location.network.NetworkLocationService in 14334976ms
08-05 17:06:09.375   916  5437 W ActivityManager: Canceling start item Intent { act=com.google.android.gms.common.broadcast.DELIVER_BROADCAST cat=[targeted_intent_op_prefix:.common.broadcast.BackgroundBroadcastReceiverSupport$PersistentReceiverIntentOperation] cmp=com.google.android.gms/.chimera.PersistentIntentOperationService (has extras) } in service ComponentInfo{com.google.android.gms/com.google.android.gms.chimera.PersistentIntentOperationService}
08-05 17:06:09.376   916  5437 W ActivityManager: Scheduling restart of crashed service com.google.android.gms/.chimera.PersistentIntentOperationService in 234847469568ms
08-05 17:06:09.376   916  5437 W ActivityManager: Scheduling restart of crashed service com.google.android.gms/.gcm.PushMessagingRegistrarProxy in 4000ms
08-05 17:06:09.376   916  5437 W ActivityManager: Scheduling restart of crashed service com.google.android.gms/.gcm.GcmService in 14000ms
08-05 17:06:09.376   916  5437 W ActivityManager: Scheduling restart of crashed service com.google.android.gms/.chimera.PersistentDirectBootAwareApiService in 24573952ms
08-05 17:06:09.395  3914 26444 E MS_GcmTokenUtil: Exception getting GCM token
08-05 17:06:09.395  3914 26444 E MS_GcmTokenUtil: java.io.IOException: SERVICE_NOT_AVAILABLE
08-05 17:06:09.395  3914 26444 E MS_GcmTokenUtil: 	at zjs.b(:com.google.android.gms@17455055@17.4.55 (110400-248795830):28)
08-05 17:06:09.395  3914 26444 E MS_GcmTokenUtil: 	at zjs.a(:com.google.android.gms@17455055@17.4.55 (110400-248795830):19)
08-05 17:06:09.395  3914 26444 E MS_GcmTokenUtil: 	at zjs.a(:com.google.android.gms@17455055@17.4.55 (110400-248795830):13)
08-05 17:06:09.395  3914 26444 E MS_GcmTokenUtil: 	at avff.b(:com.google.android.gms@17455055@17.4.55 (110400-248795830):5)
08-05 17:06:09.395  3914 26444 E MS_GcmTokenUtil: 	at avff.a(:com.google.android.gms@17455055@17.4.55 (110400-248795830):3)
08-05 17:06:09.395  3914 26444 E MS_GcmTokenUtil: 	at com.google.android.libraries.matchstick.net.SilentRegisterIntentOperation.c(:com.google.android.gms@17455055@17.4.55 (110400-248795830):15)
08-05 17:06:09.395  3914 26444 E MS_GcmTokenUtil: 	at com.google.android.libraries.matchstick.net.SilentRegisterIntentOperation.onHandleIntent(:com.google.android.gms@17455055@17.4.55 (110400-248795830):144)
08-05 17:06:09.395  3914 26444 E MS_GcmTokenUtil: 	at com.google.android.chimera.IntentOperation.onHandleIntent(:com.google.android.gms@17455055@17.4.55 (110400-248795830):2)
08-05 17:06:09.395  3914 26444 E MS_GcmTokenUtil: 	at nya.onHandleIntent(:com.google.android.gms@17455055@17.4.55 (110400-248795830):4)
08-05 17:06:09.395  3914 26444 E MS_GcmTokenUtil: 	at ecx.run(:com.google.android.gms@17455055@17.4.55 (110400-248795830):10)
08-05 17:06:09.395  3914 26444 E MS_GcmTokenUtil: 	at ecw.run(:com.google.android.gms@17455055@17.4.55 (110400-248795830):9)
08-05 17:06:09.395  3914 26444 E MS_GcmTokenUtil: 	at java.util.concurrent.ThreadPoolExecutor.runWorker(ThreadPoolExecutor.java:1162)
08-05 17:06:09.395  3914 26444 E MS_GcmTokenUtil: 	at java.util.concurrent.ThreadPoolExecutor$Worker.run(ThreadPoolExecutor.java:636)
08-05 17:06:09.395  3914 26444 E MS_GcmTokenUtil: 	at java.lang.Thread.run(Thread.java:764)
08-05 17:06:09.415   916   998 W zygote  : kill(-26517, 9) failed: No such process
08-05 17:06:09.415   916   998 I zygote  : Successfully killed process cgroup uid 10016 pid 26517 in 43ms
08-05 17:06:09.420   916   996 I ActivityManager: Start proc 26577:com.google.android.gms.persistent/u0a16 for broadcast com.google.android.gms/.gcm.nts.SchedulerReceiver
08-05 17:06:09.424   916  5437 D CompatibilityInfo: mCompatibilityFlags - 4
08-05 17:06:09.424   916  5437 D CompatibilityInfo: applicationDensity - 240
08-05 17:06:09.424   916  5437 D CompatibilityInfo: applicationScale - 1.0
08-05 17:06:09.435  3914 26444 W MS_RegisterService: Failed to get GCM token
08-05 17:06:09.440   916  4707 D CompatibilityInfo: mCompatibilityFlags - 4
08-05 17:06:09.441   916  4707 D CompatibilityInfo: applicationDensity - 240
08-05 17:06:09.441   916  4707 D CompatibilityInfo: applicationScale - 1.0
08-05 17:06:09.453   916  5437 D CompatibilityInfo: mCompatibilityFlags - 4
08-05 17:06:09.453   916  5437 D CompatibilityInfo: applicationDensity - 240
08-05 17:06:09.453   916  5437 D CompatibilityInfo: applicationScale - 1.0
08-05 17:06:09.468   916  5437 D CompatibilityInfo: mCompatibilityFlags - 4
08-05 17:06:09.468   916  5437 D CompatibilityInfo: applicationDensity - 240
08-05 17:06:09.469   916  5437 D CompatibilityInfo: applicationScale - 1.0
08-05 17:06:09.477   916  5437 D CompatibilityInfo: mCompatibilityFlags - 4
08-05 17:06:09.477   916  5437 D CompatibilityInfo: applicationDensity - 240
08-05 17:06:09.477   916  5437 D CompatibilityInfo: applicationScale - 1.0
08-05 17:06:09.484   916  5437 D CompatibilityInfo: mCompatibilityFlags - 4
08-05 17:06:09.484   916  5437 D CompatibilityInfo: applicationDensity - 240
08-05 17:06:09.484   916  5437 D CompatibilityInfo: applicationScale - 1.0
08-05 17:06:09.486   916  5437 D CompatibilityInfo: mCompatibilityFlags - 4
08-05 17:06:09.486   916  5437 D CompatibilityInfo: applicationDensity - 240
08-05 17:06:09.486   916  5437 D CompatibilityInfo: applicationScale - 1.0
08-05 17:06:09.489   916   996 D CompatibilityInfo: mCompatibilityFlags - 4
08-05 17:06:09.489   916   996 D CompatibilityInfo: applicationDensity - 240
08-05 17:06:09.489   916   996 D CompatibilityInfo: applicationScale - 1.0
08-05 17:06:09.496   916   996 D CompatibilityInfo: mCompatibilityFlags - 4
08-05 17:06:09.496   916   996 D CompatibilityInfo: applicationDensity - 240
08-05 17:06:09.496   916   996 D CompatibilityInfo: applicationScale - 1.0
08-05 17:06:09.498   916   996 D CompatibilityInfo: mCompatibilityFlags - 4
08-05 17:06:09.498   916   996 D CompatibilityInfo: applicationDensity - 240
08-05 17:06:09.498   916   996 D CompatibilityInfo: applicationScale - 1.0
08-05 17:06:09.503   916   996 D CompatibilityInfo: mCompatibilityFlags - 4
08-05 17:06:09.503   916   996 D CompatibilityInfo: applicationDensity - 240
08-05 17:06:09.503   916   996 D CompatibilityInfo: applicationScale - 1.0
08-05 17:06:09.507   916  4707 D CompatibilityInfo: mCompatibilityFlags - 4
08-05 17:06:09.507   916  4707 D CompatibilityInfo: applicationDensity - 240
08-05 17:06:09.507   916  4707 D CompatibilityInfo: applicationScale - 1.0
08-05 17:06:09.510   916   996 D CompatibilityInfo: mCompatibilityFlags - 4
08-05 17:06:09.510   916   996 D CompatibilityInfo: applicationDensity - 240
08-05 17:06:09.510   916   996 D CompatibilityInfo: applicationScale - 1.0
08-05 17:06:09.513   916   996 D CompatibilityInfo: mCompatibilityFlags - 4
08-05 17:06:09.513   916   996 D CompatibilityInfo: applicationDensity - 240
08-05 17:06:09.513   916   996 D CompatibilityInfo: applicationScale - 1.0
08-05 17:06:09.516   916   996 D CompatibilityInfo: mCompatibilityFlags - 4
08-05 17:06:09.516   916   996 D CompatibilityInfo: applicationDensity - 240
08-05 17:06:09.516   916   996 D CompatibilityInfo: applicationScale - 1.0
08-05 17:06:09.523   916   996 D CompatibilityInfo: mCompatibilityFlags - 4
08-05 17:06:09.523   916   996 D CompatibilityInfo: applicationDensity - 240
08-05 17:06:09.523   916   996 D CompatibilityInfo: applicationScale - 1.0
08-05 17:06:09.528   916   996 D CompatibilityInfo: mCompatibilityFlags - 4
08-05 17:06:09.528   916   996 D CompatibilityInfo: applicationDensity - 240
08-05 17:06:09.528   916   996 D CompatibilityInfo: applicationScale - 1.0
08-05 17:06:09.530   916   996 D CompatibilityInfo: mCompatibilityFlags - 4
08-05 17:06:09.530   916   996 D CompatibilityInfo: applicationDensity - 240
08-05 17:06:09.530   916   996 D CompatibilityInfo: applicationScale - 1.0
08-05 17:06:09.537 26577 26577 I zygote  : The ClassLoaderContext is a special shared library.
08-05 17:06:09.553   916   955 D CompatibilityInfo: mCompatibilityFlags - 4
08-05 17:06:09.553   916   955 D CompatibilityInfo: applicationDensity - 240
08-05 17:06:09.553   916   955 D CompatibilityInfo: applicationScale - 1.0
08-05 17:06:09.584   916   955 D CompatibilityInfo: mCompatibilityFlags - 4
08-05 17:06:09.584   916   955 D CompatibilityInfo: applicationDensity - 240
08-05 17:06:09.584   916   955 D CompatibilityInfo: applicationScale - 1.0
08-05 17:06:09.695 26577 26577 W DynamiteModule: Local module descriptor class for providerinstaller not found.
08-05 17:06:09.724 26577 26577 W ProviderHelper: Unknown dynamite feature providerinstaller
08-05 17:06:09.734 26577 26577 I DynamiteModule: Considering local module providerinstaller:0 and remote module providerinstaller:0
08-05 17:06:09.735 26577 26577 W ProviderInstaller: Failed to load providerinstaller module: No acceptable module found. Local version is 0 and remote version is 0.
08-05 17:06:09.768 26577 26577 V NativeCrypto: Registering com/google/android/gms/org/conscrypt/NativeCrypto's 284 native methods...
08-05 17:06:09.801  3088  3396 E SecUISvc: Error initializing local socket: -1
08-05 17:06:09.804   281   281 W /system/bin/hwservicemanager: getTransport: Cannot find entry vendor.qti.hardware.tui_comm@1.0::ITuiComm/default in either framework or device manifest.
08-05 17:06:09.809 26577 26577 D NetworkSecurityConfig: Using Network Security Config from resource network_security_config debugBuild: false
08-05 17:06:09.813 26577 26577 I ProviderInstaller: Installed default security provider GmsCore_OpenSSL
08-05 17:06:09.920 26577 26577 I GmsApplication: Registering the BackgroundBroadcastReceiverSupport receiver.
08-05 17:06:10.021 26577 26577 I GmsReceiverSupport: Registered Receiver for 18+1 IntentFilters
08-05 17:06:10.155 26577 26577 W Primes  : Primes not initialized, returning default (no-op) Primes instance which will ignore all calls. Please call Primes.initialize(...) before using any Primes API.
08-05 17:06:10.179   916  4707 D CompatibilityInfo: mCompatibilityFlags - 4
08-05 17:06:10.179   916  4707 D CompatibilityInfo: applicationDensity - 240
08-05 17:06:10.179   916  4707 D CompatibilityInfo: applicationScale - 1.0
08-05 17:06:10.210 26577 26582 I zygote  : Do partial code cache collection, code=28KB, data=27KB
08-05 17:06:10.212 26577 26582 I zygote  : After code cache collection, code=26KB, data=26KB
08-05 17:06:10.212 26577 26582 I zygote  : Increasing code cache capacity to 128KB
08-05 17:06:10.223 20630 20630 D AccelerometerListener: orientation: vertical
08-05 17:06:10.224 20630 20630 I Dialer  : ProximitySensor.updateProximitySensorMode - screenOnImmediately: false, dialPadVisible: false, offHook: true, horizontal: false, uiShowing: true, audioRoute: EARPIECE
08-05 17:06:10.224 20630 20630 I Dialer  : ProximitySensor.turnOnProximitySensor - wake lock already acquired
08-05 17:06:10.344   916  4707 W BroadcastQueue: Background execution not allowed: receiving Intent { act=android.intent.action.DROPBOX_ENTRY_ADDED flg=0x10 (has extras) } to com.google.android.gms/.stats.service.DropBoxEntryAddedReceiver
08-05 17:06:10.345   916   996 W BroadcastQueue: Background execution not allowed: receiving Intent { act=android.intent.action.DROPBOX_ENTRY_ADDED flg=0x10 (has extras) } to com.google.android.gms/.chimera.GmsIntentOperationService$PersistentTrustedReceiver
08-05 17:06:10.436 26577 26577 I zygote  : Deoptimizing int java.nio.ByteBuffer.compareTo(java.nio.ByteBuffer) due to JIT inline cache
08-05 17:06:10.438 26577 26577 I DynamiteModule: Considering local module com.google.android.gms.googlecertificates:4 and remote module com.google.android.gms.googlecertificates:4
08-05 17:06:10.438 26577 26577 I DynamiteModule: Selected local version of com.google.android.gms.googlecertificates
08-05 17:06:10.502 26577 26577 W ConfigurationChimeraPro: Caller is not authorized to access Uri: content://com.google.android.gms.phenotype/com.google.android.location [CONTEXT service_id=51 ]
08-05 17:06:10.503 26577 26593 W ConfigurationChimeraPro: Caller is not authorized to access Uri: content://com.google.android.gms.phenotype/com.google.android.gms [CONTEXT service_id=51 ]
08-05 17:06:10.503 26577 26606 W ConfigurationChimeraPro: Caller is not authorized to access Uri: content://com.google.android.gms.phenotype/com.google.android.gms.gcm [CONTEXT service_id=51 ]
08-05 17:06:10.615   916   995 W Binder  : Outgoing transactions from this process must be FLAG_ONEWAY
08-05 17:06:10.615   916   995 W Binder  : java.lang.Throwable
08-05 17:06:10.615   916   995 W Binder  : 	at android.os.BinderProxy.transact(Binder.java:752)
08-05 17:06:10.615   916   995 W Binder  : 	at com.android.internal.location.ILocationProvider$Stub$Proxy.getProperties(ILocationProvider.java:232)
08-05 17:06:10.615   916   995 W Binder  : 	at com.android.server.location.LocationProviderProxy$1.run(LocationProviderProxy.java:119)
08-05 17:06:10.615   916   995 W Binder  : 	at android.os.Handler.handleCallback(Handler.java:790)
08-05 17:06:10.615   916   995 W Binder  : 	at android.os.Handler.dispatchMessage(Handler.java:99)
08-05 17:06:10.615   916   995 W Binder  : 	at android.os.Looper.loop(Looper.java:164)
08-05 17:06:10.615   916   995 W Binder  : 	at android.os.HandlerThread.run(HandlerThread.java:65)
08-05 17:06:10.632 26577 26606 I NetworkScheduler: Using standalone scheduling engine
08-05 17:06:10.654 26577 26577 W ConfigurationChimeraPro: Caller is not authorized to access Uri: content://com.google.android.gms.phenotype/com.google.android.gms.ipa [CONTEXT service_id=51 ]
08-05 17:06:10.666 26577 26577 I ChimeraSrvcProxy: com.google.android.gms.chimera.PersistentBoundBrokerService returning NullBinder for action com.google.android.gms.ipa.smsindexer.PERSISTENT_START
08-05 17:06:10.697 26577 26577 W ConfigurationChimeraPro: Caller is not authorized to access Uri: content://com.google.android.gms.phenotype/com.google.android.gms.instantapps [CONTEXT service_id=51 ]
08-05 17:06:10.742 26577 26577 E GmsNativeLibraryLoader: Unable to locate leveldbjni in dalvik.system.PathClassLoader[DexPathList[[zip file "/system/framework/com.android.media.remotedisplay.jar", zip file "/system/framework/com.android.location.provider.jar", zip file "/system/priv-app/PrebuiltGmsCorePix/PrebuiltGmsCorePix.apk"],nativeLibraryDirectories=[/system/priv-app/PrebuiltGmsCorePix/lib/arm, /system/priv-app/PrebuiltGmsCorePix/PrebuiltGmsCorePix.apk!/lib/armeabi-v7a, /system/lib, /vendor/lib, /system/lib, /vendor/lib]]]
08-05 17:06:10.742 26577 26577 E GmsNativeLibraryLoader: java.lang.UnsatisfiedLinkError: dalvik.system.PathClassLoader[DexPathList[[zip file "/system/framework/com.android.media.remotedisplay.jar", zip file "/system/framework/com.android.location.provider.jar", zip file "/system/priv-app/PrebuiltGmsCorePix/PrebuiltGmsCorePix.apk"],nativeLibraryDirectories=[/system/priv-app/PrebuiltGmsCorePix/lib/arm, /system/priv-app/PrebuiltGmsCorePix/PrebuiltGmsCorePix.apk!/lib/armeabi-v7a, /system/lib, /vendor/lib, /system/lib, /vendor/lib]]] couldn't find "libleveldbjni.so"
08-05 17:06:10.742 26577 26577 E GmsNativeLibraryLoader: 	at java.lang.Runtime.loadLibrary0(Runtime.java:1011)
08-05 17:06:10.742 26577 26577 E GmsNativeLibraryLoader: 	at java.lang.System.loadLibrary(System.java:1657)
08-05 17:06:10.742 26577 26577 E GmsNativeLibraryLoader: 	at qfz.b(:com.google.android.gms@17455055@17.4.55 (110400-248795830):23)
08-05 17:06:10.742 26577 26577 E GmsNativeLibraryLoader: 	at qgv.b(:com.google.android.gms@17455055@17.4.55 (110400-248795830):5)
08-05 17:06:10.742 26577 26577 E GmsNativeLibraryLoader: 	at com.google.android.gms.leveldb.environment.LevelDbPlatform.loadLibrary(Unknown Source:4)
08-05 17:06:10.742 26577 26577 E GmsNativeLibraryLoader: 	at com.google.android.gms.leveldb.LevelDb.<clinit>(:com.google.android.gms@17455055@17.4.55 (110400-248795830):2)
08-05 17:06:10.742 26577 26577 E GmsNativeLibraryLoader: 	at com.google.android.gms.leveldb.LevelDb.open(:com.google.android.gms@17455055@17.4.55 (110400-248795830):1)
08-05 17:06:10.742 26577 26577 E GmsNativeLibraryLoader: 	at zoi.a(:com.google.android.gms@17455055@17.4.55 (110400-248795830):1)
08-05 17:06:10.742 26577 26577 E GmsNativeLibraryLoader: 	at zoi.a(:com.google.android.gms@17455055@17.4.55 (110400-248795830):6)
08-05 17:06:10.742 26577 26577 E GmsNativeLibraryLoader: 	at zmn.<init>(:com.google.android.gms@17455055@17.4.55 (110400-248795830):17)
08-05 17:06:10.742 26577 26577 E GmsNativeLibraryLoader: 	at zmn.a(:com.google.android.gms@17455055@17.4.55 (110400-248795830):2)
08-05 17:06:10.742 26577 26577 E GmsNativeLibraryLoader: 	at com.google.android.gms.instantapps.routing.InstantAppResolverBoundService.onBind(:com.google.android.gms@17455055@17.4.55 (110400-248795830):1)
08-05 17:06:10.742 26577 26577 E GmsNativeLibraryLoader: 	at nxu.onBind(:com.google.android.gms@17455055@17.4.55 (110400-248795830):2)
08-05 17:06:10.742 26577 26577 E GmsNativeLibraryLoader: 	at ebh.onBind(:com.google.android.gms@17455055@17.4.55 (110400-248795830):4)
08-05 17:06:10.742 26577 26577 E GmsNativeLibraryLoader: 	at nyb.onBind(:com.google.android.gms@17455055@17.4.55 (110400-248795830):29)
08-05 17:06:10.742 26577 26577 E GmsNativeLibraryLoader: 	at android.app.ActivityThread.handleBindService(ActivityThread.java:3369)
08-05 17:06:10.742 26577 26577 E GmsNativeLibraryLoader: 	at android.app.ActivityThread.-wrap2(Unknown Source:0)
08-05 17:06:10.742 26577 26577 E GmsNativeLibraryLoader: 	at android.app.ActivityThread$H.handleMessage(ActivityThread.java:1685)
08-05 17:06:10.742 26577 26577 E GmsNativeLibraryLoader: 	at android.os.Handler.dispatchMessage(Handler.java:106)
08-05 17:06:10.742 26577 26577 E GmsNativeLibraryLoader: 	at android.os.Looper.loop(Looper.java:164)
08-05 17:06:10.742 26577 26577 E GmsNativeLibraryLoader: 	at android.app.ActivityThread.main(ActivityThread.java:6518)
