08-05 16:53:11.342   479 21554 E AEC_PORT: aec_port_save_update:real_gain:1.477140 linecnt:1841 exp_idx:268 cur_luma:-536870912 led_est:1078679342
08-05 16:53:11.344   405 21552 D mm-camera-intf: mm_stream_read_msm_frame: VIDIOC_DQBUF buf_index 0, frame_idx 2176, stream type 1, queued cnt 4
08-05 16:53:11.344   405 21552 D mm-camera-intf: mm_stream_read_msm_frame: VIDIOC_DQBUF buf_index 7, frame_idx 2176, stream type 7, queued cnt 7
08-05 16:53:11.346   405 21560 D mm-camera-intf: mm_stream_qbuf: VIDIOC_QBUF buf_index 7,stream type 7,frame_idx 2176,queued cnt 8
08-05 16:53:11.347   405 21561 D mm-camera-intf: mm_stream_qbuf: VIDIOC_QBUF buf_index 5,stream type 1,frame_idx 2174,queued cnt 5
08-05 16:53:11.363  3088  3396 E SecUISvc: Error initializing local socket: -1
08-05 16:53:11.370   479 21446 E mm-camera: c2d_thread_handle_process_buf_event:190 input buf index 2
08-05 16:53:11.370   479 21446 E mm-camera: c2d_thread_handle_process_buf_event:207 input vaddr acd02000
08-05 16:53:11.373   479 21554 E AEC_PORT: aec_port_save_update:real_gain:1.477140 linecnt:1841 exp_idx:268 cur_luma:536870912 led_est:1078687029
08-05 16:53:11.382   405 21552 D mm-camera-intf: mm_stream_read_msm_frame: VIDIOC_DQBUF buf_index 1, frame_idx 2177, stream type 1, queued cnt 4
08-05 16:53:11.384   405 21561 D mm-camera-intf: mm_stream_qbuf: VIDIOC_QBUF buf_index 6,stream type 1,frame_idx 2175,queued cnt 5
08-05 16:53:11.388   405 21552 D mm-camera-intf: mm_stream_read_msm_frame: VIDIOC_DQBUF buf_index 0, frame_idx 2177, stream type 7, queued cnt 7
08-05 16:53:11.390   405 21560 D mm-camera-intf: mm_stream_qbuf: VIDIOC_QBUF buf_index 0,stream type 7,frame_idx 2177,queued cnt 8
08-05 16:53:11.390   405 21436 D QCamera2HWI: processFaceDetectionResult: metadata msgtype not enabled, no ops here
08-05 16:53:11.403   479 21446 E mm-camera: c2d_thread_handle_process_buf_event:190 input buf index 3
08-05 16:53:11.403   479 21446 E mm-camera: c2d_thread_handle_process_buf_event:207 input vaddr acc91000
08-05 16:53:11.409   405 21552 D mm-camera-intf: mm_stream_read_msm_frame: VIDIOC_DQBUF buf_index 5, frame_idx 2178, stream type 1, queued cnt 4
08-05 16:53:11.411   405 21552 D mm-camera-intf: mm_stream_read_msm_frame: VIDIOC_DQBUF buf_index 1, frame_idx 2178, stream type 7, queued cnt 7
08-05 16:53:11.412   479 21554 E AEC_PORT: aec_port_save_update:real_gain:1.433822 linecnt:1841 exp_idx:267 cur_luma:-2147483648 led_est:1078785486
08-05 16:53:11.413   405 21560 D mm-camera-intf: mm_stream_qbuf: VIDIOC_QBUF buf_index 1,stream type 7,frame_idx 2178,queued cnt 8
08-05 16:53:11.415   405 21561 D mm-camera-intf: mm_stream_qbuf: VIDIOC_QBUF buf_index 0,stream type 1,frame_idx 2176,queued cnt 5
08-05 16:53:11.437   479 21446 E mm-camera: c2d_thread_handle_process_buf_event:190 input buf index 4
08-05 16:53:11.437   479 21446 E mm-camera: c2d_thread_handle_process_buf_event:207 input vaddr acc20000
08-05 16:53:11.442   479 21554 E AEC_PORT: aec_port_save_update:real_gain:1.433822 linecnt:1841 exp_idx:267 cur_luma:-536870912 led_est:1078769945
08-05 16:53:11.447   405 21552 D mm-camera-intf: mm_stream_read_msm_frame: VIDIOC_DQBUF buf_index 6, frame_idx 2179, stream type 1, queued cnt 4
08-05 16:53:11.450   405 21561 D mm-camera-intf: mm_stream_qbuf: VIDIOC_QBUF buf_index 1,stream type 1,frame_idx 2177,queued cnt 5
08-05 16:53:11.454   405 21552 D mm-camera-intf: mm_stream_read_msm_frame: VIDIOC_DQBUF buf_index 2, frame_idx 2179, stream type 7, queued cnt 7
08-05 16:53:11.456   405 21436 D QCamera2HWI: processFaceDetectionResult: metadata msgtype not enabled, no ops here
08-05 16:53:11.457   405 21560 D mm-camera-intf: mm_stream_qbuf: VIDIOC_QBUF buf_index 2,stream type 7,frame_idx 2179,queued cnt 8
08-05 16:53:11.470   479 21446 E mm-camera: c2d_thread_handle_process_buf_event:190 input buf index 2
08-05 16:53:11.470   479 21446 E mm-camera: c2d_thread_handle_process_buf_event:207 input vaddr acd02000
08-05 16:53:11.471   479 21442 E         : dmlroc_entry  entering dmlroc_entry
08-05 16:53:11.473   405 21552 D mm-camera-intf: mm_stream_read_msm_frame: VIDIOC_DQBUF buf_index 3, frame_idx 2180, stream type 7, queued cnt 7
08-05 16:53:11.473   405 21560 D mm-camera-intf: mm_stream_qbuf: VIDIOC_QBUF buf_index 3,stream type 7,frame_idx 2180,queued cnt 8
08-05 16:53:11.477   405 21552 D mm-camera-intf: mm_stream_read_msm_frame: VIDIOC_DQBUF buf_index 0, frame_idx 2180, stream type 1, queued cnt 4
08-05 16:53:11.481   405 21561 D mm-camera-intf: mm_stream_qbuf: VIDIOC_QBUF buf_index 5,stream type 1,frame_idx 2178,queued cnt 5
08-05 16:53:11.503   479 21446 E mm-camera: c2d_thread_handle_process_buf_event:190 input buf index 3
08-05 16:53:11.504   479 21446 E mm-camera: c2d_thread_handle_process_buf_event:207 input vaddr acc91000
08-05 16:53:11.508   479 21554 E AEC_PORT: aec_port_save_update:real_gain:1.433822 linecnt:1841 exp_idx:267 cur_luma:0 led_est:1078462138
08-05 16:53:11.512   405 21552 D mm-camera-intf: mm_stream_read_msm_frame: VIDIOC_DQBUF buf_index 4, frame_idx 2181, stream type 7, queued cnt 7
08-05 16:53:11.513   405 21560 D mm-camera-intf: mm_stream_qbuf: VIDIOC_QBUF buf_index 4,stream type 7,frame_idx 2181,queued cnt 8
08-05 16:53:11.513   405 21436 D QCamera2HWI: processFaceDetectionResult: metadata msgtype not enabled, no ops here
08-05 16:53:11.515   405 21552 D mm-camera-intf: mm_stream_read_msm_frame: VIDIOC_DQBUF buf_index 1, frame_idx 2181, stream type 1, queued cnt 4
08-05 16:53:11.520   405 21561 D mm-camera-intf: mm_stream_qbuf: VIDIOC_QBUF buf_index 6,stream type 1,frame_idx 2179,queued cnt 5
08-05 16:53:11.535   479 21446 E mm-camera: c2d_thread_handle_process_buf_event:190 input buf index 4
08-05 16:53:11.536   479 21446 E mm-camera: c2d_thread_handle_process_buf_event:207 input vaddr acc20000
08-05 16:53:11.539   479 21554 E AEC_PORT: aec_port_save_update:real_gain:1.477140 linecnt:1841 exp_idx:268 cur_luma:0 led_est:1078450988
08-05 16:53:11.544   405 21552 D mm-camera-intf: mm_stream_read_msm_frame: VIDIOC_DQBUF buf_index 5, frame_idx 2182, stream type 1, queued cnt 4
08-05 16:53:11.546   405 21552 D mm-camera-intf: mm_stream_read_msm_frame: VIDIOC_DQBUF buf_index 5, frame_idx 2182, stream type 7, queued cnt 7
08-05 16:53:11.547   405 21560 D mm-camera-intf: mm_stream_qbuf: VIDIOC_QBUF buf_index 5,stream type 7,frame_idx 2182,queued cnt 8
08-05 16:53:11.547   405 21561 D mm-camera-intf: mm_stream_qbuf: VIDIOC_QBUF buf_index 0,stream type 1,frame_idx 2180,queued cnt 5
08-05 16:53:11.571   479 21446 E mm-camera: c2d_thread_handle_process_buf_event:190 input buf index 2
08-05 16:53:11.571   479 21446 E mm-camera: c2d_thread_handle_process_buf_event:207 input vaddr acd02000
08-05 16:53:11.580   479 21554 E AEC_PORT: aec_port_save_update:real_gain:1.477140 linecnt:1841 exp_idx:268 cur_luma:536870912 led_est:1078656757
08-05 16:53:11.588   405 21552 D mm-camera-intf: mm_stream_read_msm_frame: VIDIOC_DQBUF buf_index 6, frame_idx 2183, stream type 1, queued cnt 4
08-05 16:53:11.591   405 21561 D mm-camera-intf: mm_stream_qbuf: VIDIOC_QBUF buf_index 1,stream type 1,frame_idx 2181,queued cnt 5
08-05 16:53:11.591   405 21552 D mm-camera-intf: mm_stream_read_msm_frame: VIDIOC_DQBUF buf_index 6, frame_idx 2183, stream type 7, queued cnt 7
08-05 16:53:11.592   405 21436 D QCamera2HWI: processFaceDetectionResult: metadata msgtype not enabled, no ops here
08-05 16:53:11.593   405 21560 D mm-camera-intf: mm_stream_qbuf: VIDIOC_QBUF buf_index 6,stream type 7,frame_idx 2183,queued cnt 8
08-05 16:53:11.604   479 21446 E mm-camera: c2d_thread_handle_process_buf_event:190 input buf index 3
08-05 16:53:11.604   479 21446 E mm-camera: c2d_thread_handle_process_buf_event:207 input vaddr acc91000
08-05 16:53:11.610   479 21554 E AEC_PORT: aec_port_save_update:real_gain:1.390504 linecnt:1841 exp_idx:266 cur_luma:0 led_est:1078873005
08-05 16:53:11.611   405 21552 D mm-camera-intf: mm_stream_read_msm_frame: VIDIOC_DQBUF buf_index 7, frame_idx 2184, stream type 7, queued cnt 7
08-05 16:53:11.612   405 21552 D mm-camera-intf: mm_stream_read_msm_frame: VIDIOC_DQBUF buf_index 0, frame_idx 2184, stream type 1, queued cnt 4
08-05 16:53:11.612   405 21560 D mm-camera-intf: mm_stream_qbuf: VIDIOC_QBUF buf_index 7,stream type 7,frame_idx 2184,queued cnt 8
08-05 16:53:11.617   405 21561 D mm-camera-intf: mm_stream_qbuf: VIDIOC_QBUF buf_index 5,stream type 1,frame_idx 2182,queued cnt 5
08-05 16:53:11.624   916   997 D AutofillManagerService: onBackKeyPressed()
08-05 16:53:11.632   916  5118 D ActivityTrigger: ActivityTrigger activityPauseTrigger 
08-05 16:53:11.636   479 21446 E mm-camera: c2d_thread_handle_process_buf_event:190 input buf index 4
08-05 16:53:11.636   479 21446 E mm-camera: c2d_thread_handle_process_buf_event:207 input vaddr acc20000
08-05 16:53:11.640   479 21554 E AEC_PORT: aec_port_save_update:real_gain:1.390504 linecnt:1841 exp_idx:266 cur_luma:-2147483648 led_est:1078751459
08-05 16:53:11.645   405 21552 D mm-camera-intf: mm_stream_read_msm_frame: VIDIOC_DQBUF buf_index 1, frame_idx 2185, stream type 1, queued cnt 4
08-05 16:53:11.648   405 21561 D mm-camera-intf: mm_stream_qbuf: VIDIOC_QBUF buf_index 6,stream type 1,frame_idx 2183,queued cnt 5
08-05 16:53:11.654 21236 21236 V CAM_QuickActivity: START onPause: Activity = com.android.camera.CameraActivity@61077eb
08-05 16:53:11.654 21236 21236 V CAM_QuickActivity: onPause --> onPauseTasks()
08-05 16:53:11.655 21236 21236 V CAM_Profiler: [  0.000ms][ui] GUARD: CameraActivity.onPause - START
08-05 16:53:11.656 21236 21591 D CAM_CommandExecutor: Executing command: com.android.camera.one.v2.commands.PreviewCommand@560a0d5 START
08-05 16:53:11.656 21236 21591 D CAM_CommandExecutor: Interrupted while executing command: com.android.camera.one.v2.commands.PreviewCommand@560a0d5
08-05 16:53:11.658 21236 21594 D CAM_CommandExecutor: Executing command: com.android.camera.one.v2.commands.PreviewCommand@560a0d5 START
08-05 16:53:11.658   405 21552 D mm-camera-intf: mm_stream_read_msm_frame: VIDIOC_DQBUF buf_index 0, frame_idx 2185, stream type 7, queued cnt 7
08-05 16:53:11.659   405 21436 D QCamera2HWI: processFaceDetectionResult: metadata msgtype not enabled, no ops here
08-05 16:53:11.660   405 21560 D mm-camera-intf: mm_stream_qbuf: VIDIOC_QBUF buf_index 0,stream type 7,frame_idx 2185,queued cnt 8
08-05 16:53:11.665 21236 21594 I RequestQueue: Repeating capture request cancelled.
08-05 16:53:11.666 21236 21594 I RequestQueue: Repeating capture request set.
08-05 16:53:11.666 21236 21594 D CAM_CommandExecutor: Executing command: com.android.camera.one.v2.commands.PreviewCommand@560a0d5 END
08-05 16:53:11.670   479 21446 E mm-camera: c2d_thread_handle_process_buf_event:190 input buf index 2
08-05 16:53:11.670   479 21446 E mm-camera: c2d_thread_handle_process_buf_event:207 input vaddr acd02000
08-05 16:53:11.672   416  2826 D Sensors : batch called handle:1 sample_ns:200000000 latency_ns:0
08-05 16:53:11.673   416  2826 D Sensors : bma2x2-accel calling driver setDelay 200 ms
08-05 16:53:11.674   479 21554 E AEC_PORT: aec_port_save_update:real_gain:1.390504 linecnt:1841 exp_idx:266 cur_luma:-2147483648 led_est:1078575961
08-05 16:53:11.676 21236 21236 V CAM_Profiler: [  0.000ms][ui] GUARD: CaptureModule.closeCamera() - START
08-05 16:53:11.677 21236 21236 V CAM_Profiler: [  0.610ms][ui] GUARD: CaptureModule.closeCamera() - [ 0.610ms] mCameraOpenCloseLock.acquire()
08-05 16:53:11.677   405 21552 D mm-camera-intf: mm_stream_read_msm_frame: VIDIOC_DQBUF buf_index 1, frame_idx 2186, stream type 7, queued cnt 7
08-05 16:53:11.677   405 21552 D mm-camera-intf: mm_stream_read_msm_frame: VIDIOC_DQBUF buf_index 5, frame_idx 2186, stream type 1, queued cnt 4
08-05 16:53:11.677 21236 21236 D CAM_LoggingImageReader: Closing: ImageReader{width=2592, height=1944, format=JPEG}
08-05 16:53:11.678   405 21560 D mm-camera-intf: mm_stream_qbuf: VIDIOC_QBUF buf_index 1,stream type 7,frame_idx 2186,queued cnt 8
08-05 16:53:11.681   405 21561 D mm-camera-intf: mm_stream_qbuf: VIDIOC_QBUF buf_index 0,stream type 1,frame_idx 2184,queued cnt 5
08-05 16:53:11.706   405 21436 D QCamera2HWI: disableMsgType (0x10) : mMsgEnabled = 0xc0d
08-05 16:53:11.707   479 21554 E AEC_PORT: aec_port_save_update:real_gain:1.390504 linecnt:1841 exp_idx:266 cur_luma:0 led_est:1078493078
08-05 16:53:11.707   479 21446 E mm-camera: c2d_thread_handle_process_buf_event:190 input buf index 3
08-05 16:53:11.707   479 21446 E mm-camera: c2d_thread_handle_process_buf_event:207 input vaddr acc91000
08-05 16:53:11.709   405 21552 D mm-camera-intf: mm_stream_read_msm_frame: VIDIOC_DQBUF buf_index 2, frame_idx 2187, stream type 7, queued cnt 7
08-05 16:53:11.710   405 21436 D QCamera2HWI: processFaceDetectionResult: metadata msgtype not enabled, no ops here
08-05 16:53:11.710   405 21560 D mm-camera-intf: mm_stream_qbuf: VIDIOC_QBUF buf_index 2,stream type 7,frame_idx 2187,queued cnt 8
08-05 16:53:11.711   405 21436 D QCamera2HWI: disableMsgType (0xffff) : mMsgEnabled = 0x0
08-05 16:53:11.711   405   405 D QCamera2HWI: [KPI Perf] stop_preview: E PROFILE_STOP_PREVIEW
08-05 16:53:11.712   405 21436 D QCamera2HWI: stopPreview: E
08-05 16:53:11.713   479 21461 D mm-camera: mct_pipeline_process_set:command=8000009
08-05 16:53:11.713   479 21461 D mm-camera: mct_pipeline_process_set: stream_type = 1
08-05 16:53:11.714   479 21461 E mm-camera: port_isp_mct_ctrl_cmd: E, identity = 0x20002, STREAMOFF
08-05 16:53:11.714   479 21461 E mm-camera: is_port_handle_stream_event: MCT_EVENT_CONTROL_STREAMOFF, identity = 0x20002
08-05 16:53:11.719   479 21554 E mm-camera-CORE: aec_set_fd_roi: invalid CPP width and height (0, 0)!
08-05 16:53:11.722   479 21461 D mm-camera: c2d_module_handle_streamoff_event:1809, info: stream-off done for identity 0x20002
08-05 16:53:11.723   479 21461 E mm-camera: isp_streamoff: E, session_id = 2, stream_id = 2, active_count = 1
08-05 16:53:11.723   479 21443 E mm-camera: isp_proc_streamoff: E,session_id = 2, stream_id= 2, stream_type= 1 meta 0
08-05 16:53:11.723   479 21443 D mm-camera: isp_hw_action: last pix stop, pix_cnt = 1, cnt = 1
08-05 16:53:11.724   479 21505 E mm-camera: isp_thread_proc_cmd: start/stop, thread_data = 0xad0a20fc, action_code = 2
08-05 16:53:11.724   479 21443 E mm-camera: isp_ch_util_streamoff: session_id = 2, vfe_mask = 0x1, async streamoff, rc = 0
08-05 16:53:11.724   479 21443 D mm-camera: isp_hw_action: hw_thread for ack
08-05 16:53:11.724   479 21505 E mm-camera: isp_axi_util_subscribe_v4l2_event: event_type = 0x8000100, is_subscribe = 0
08-05 16:53:11.725   479 21505 E mm-camera: isp_axi_unreg_buf: session_id = 2, stream_id = 2, buf_handle = 0x10000
08-05 16:53:11.728   479 21505 D mm-camera: linearization_action: action code = 7 is not supported. nop
08-05 16:53:11.728   479 21505 D mm-camera: pca_rolloff_action: action code = 7 is not supported. nop
08-05 16:53:11.728   479 21505 D mm-camera: demux_action: action code = 7 is not supported. nop
08-05 16:53:11.728   479 21505 D mm-camera: demosaic_action: action code = 7 is not supported. nop
08-05 16:53:11.728   479 21505 D mm-camera: bpc_action: action code = 7 is not supported. nop
08-05 16:53:11.728   479 21505 D mm-camera: abf_action: action code = 7 is not supported. nop
08-05 16:53:11.728   479 21505 D mm-camera: asf_action: action code = 7 is not supported. nop
08-05 16:53:11.728   479 21505 D mm-camera: color_conversion_action: action code = 7 is not supported. nop
08-05 16:53:11.728   479 21505 D mm-camera: color_correct_action: action code = 7 is not supported. nop
08-05 16:53:11.728   479 21505 D mm-camera: chroma_subsample_action: action code = 7 is not supported. nop
08-05 16:53:11.728   479 21505 D mm-camera: chroma_suppress_action: action code = 7 is not supported. nop
08-05 16:53:11.728   479 21505 D mm-camera: la_action: action code = 7 is not supported. nop
08-05 16:53:11.729   479 21505 D mm-camera: mce_action: action code = 7 is not supported. nop
08-05 16:53:11.729   479 21505 D mm-camera: sce_action: action code = 7 is not supported. nop
08-05 16:53:11.729   479 21505 D mm-camera: clf_action: action code = 7 is not supported. nop
08-05 16:53:11.729   479 21505 D mm-camera: wb_action: action code = 7 is not supported. nop
08-05 16:53:11.729   479 21505 D mm-camera: gamma_action: action code = 7 is not supported. nop
08-05 16:53:11.729   479 21505 D mm-camera: fov_action: action code = 7 is not supported. nop
08-05 16:53:11.729   479 21505 D mm-camera: scaler_action: action code = 7 is not supported
08-05 16:53:11.729   479 21505 D mm-camera: bcc_action: action code = 7 is not supported. nop
08-05 16:53:11.729   479 21505 D mm-camera: clamp_action: action code = 7 is not supported. nop
08-05 16:53:11.729   479 21505 D mm-camera: stats_action: action code = 7 is not supported. nop
08-05 16:53:11.729   479 21505 E mm-camera: isp_thread_proc_cmd: start/stop ack done, thread_data = 0xad0a20fc, action_code = 3, rc = 0
08-05 16:53:11.729   479 21443 E mm-camera: isp_ch_util_streamoff: session_id = 2, sync ack done
08-05 16:53:11.729   479 21461 E mm-camera: isp_streamoff: X, session_id = 2, rc = 0
08-05 16:53:11.729   479 21461 E mm-camera: port_isp_mct_ctrl_cmd: X, identity = 0x20002, STREAMOFF, ret = 0
08-05 16:53:11.729   479 21461 D mm-camera: stream id 2, stream num_meta 0
08-05 16:53:11.730   479 21461 D mm-camera: ispif_streamoff: session_id = 2, active_streams = 0
08-05 16:53:11.730   479 21461 E mm-camera-sensor: sensor_pdaf_deinit:3282 failed to open pdaf3 init library function
08-05 16:53:11.730   479 21461 E mm-camera-sensor: module_sensor_module_process_event: Sending stop bus message
08-05 16:53:11.730   479 21461 D mm-camera: stop_sof_check_thread: Stopping SOF timeout thread
08-05 16:53:11.733   479 21461 D mm-camera: mct_pipeline_process_set:command=8000009
08-05 16:53:11.733   479 21461 D mm-camera: mct_pipeline_process_set: stream_type = 7
08-05 16:53:11.740 21236 21510 E BufferQueueProducer: [SurfaceTexture-1-21236-2] cancelBuffer: BufferQueue has been abandoned
08-05 16:53:11.741   405 21436 D QCameraHWI_Mem: cancel_buffer: hdl =0xb218b500
08-05 16:53:11.741   405 21436 D QCameraHWI_Mem: put buffer 0 successfully
08-05 16:53:11.742   405 21436 D QCameraHWI_Mem: put buffer 1 successfully
08-05 16:53:11.743 21236 21510 E BufferQueueProducer: [SurfaceTexture-1-21236-2] cancelBuffer: BufferQueue has been abandoned
08-05 16:53:11.743   405 21436 D QCameraHWI_Mem: cancel_buffer: hdl =0xb218b600
08-05 16:53:11.743   405 21436 D QCameraHWI_Mem: put buffer 2 successfully
08-05 16:53:11.744 21236 21510 E BufferQueueProducer: [SurfaceTexture-1-21236-2] cancelBuffer: BufferQueue has been abandoned
08-05 16:53:11.745   405 21436 D QCameraHWI_Mem: cancel_buffer: hdl =0xb218b680
08-05 16:53:11.745   405 21436 D QCameraHWI_Mem: put buffer 3 successfully
08-05 16:53:11.745 21236 21510 E BufferQueueProducer: [SurfaceTexture-1-21236-2] cancelBuffer: BufferQueue has been abandoned
08-05 16:53:11.746   405 21436 D QCameraHWI_Mem: cancel_buffer: hdl =0xb218b800
08-05 16:53:11.746   405 21436 D QCameraHWI_Mem: put buffer 4 successfully
08-05 16:53:11.746   405 21436 D QCameraHWI_Mem: put buffer 5 successfully
08-05 16:53:11.747 21236 21510 E BufferQueueProducer: [SurfaceTexture-1-21236-2] cancelBuffer: BufferQueue has been abandoned
08-05 16:53:11.748   405 21436 D QCameraHWI_Mem: cancel_buffer: hdl =0xb218b900
08-05 16:53:11.748   405 21436 D QCameraHWI_Mem: put buffer 6 successfully
08-05 16:53:11.759   479 21461 D mm-camera: mct_pipeline_process_set:command=800000b
08-05 16:53:11.760   479 21461 D mm-camera: mct_stream_streamoff: Enter
08-05 16:53:11.761   479 21461 D mm-camera: mct_pipeline_process_set:command=800000b
08-05 16:53:11.761   479 21461 D mm-camera: mct_stream_streamoff: Enter
08-05 16:53:11.761   479 21461 D mm-camera: c2d_port_check_caps_unreserve:179, identity=0x20002, unreserved
08-05 16:53:11.765   479 21461 D mm-camera: c2d_port_check_caps_unreserve:179, identity=0x20002, unreserved
08-05 16:53:11.765   479 21461 E mm-camera-img: faceproc_save_album:795] Error No album 
08-05 16:53:11.765   479 21461 E mm-camera-img: faceproc_comp_eng_destroy: Album save failed -1
08-05 16:53:11.765   479 21461 E mm-camera: q3a_thread_aecawb_stop:384 MSG_STOP_THREAD
08-05 16:53:11.767   479 21461 E mm-camera: q3a_thread_af_stop:574 MSG_STOP_THREAD
08-05 16:53:11.767   479 21461 E mm-camera: q3a_thread_divertstats_stop:868 MSG_STOP_THREAD
08-05 16:53:11.770   479 21559 E mm-camera: is_thread_handler: Exiting IS thread handler
08-05 16:53:11.774   405 21436 D QCamera2HWI: stopPreview: X
08-05 16:53:11.774   405   405 D QCamera2HWI: [KPI Perf] stop_preview: X
08-05 16:53:11.775   405   405 D QCamera2HWI: [KPI Perf] cancel_picture: E PROFILE_CANCEL_PICTURE
08-05 16:53:11.776   405 21436 D QCameraStateMachine: procEvtPreviewStoppedState: No ops for evt(20) in state(0)
08-05 16:53:11.776   405   405 D QCamera2HWI: [KPI Perf] cancel_picture: X
08-05 16:53:11.776   405   405 I CamDev@1.0-impl: Closing camera 0
08-05 16:53:11.776   405   405 D QCamera2HWI: [KPI Perf] close_camera_device: E
08-05 16:53:11.776   405   405 D QCamera2HWI: ~QCamera2HardwareInterface: E
08-05 16:53:11.776   405 21437 D QCamera2HWI: defferedWorkRoutine: stop data proc
08-05 16:53:11.777   405 21436 D QCameraStateMachine: smEvtProcRoutine: X
08-05 16:53:11.778   405   405 D QCamera2HWI: closeCamera: E
08-05 16:53:11.781   405   405 E qomx_image_core: OMX_Deinit:118] Complete
08-05 16:53:11.785   405   405 E QCameraPostProc: deinit: Jpeg closed, rc = 0, mJpegClientHandle = 800
08-05 16:53:11.785   405   405 I Thermal-Lib: Thermal-Lib-Client: Unregisteration is successfull for handle:1
08-05 16:53:11.786   459   583 I ThermalEngine: Thermal-Server: removing client on fd 38
08-05 16:53:11.786   405   405 I Thermal-Lib: Thermal-Lib-Client: Unregisteration is successfull for handle:2
08-05 16:53:11.792   479   479 I mm-camera-eztune: vendor/qcom/proprietary/mm-camera/mm-camera2/server-tuning/tuning/eztune_interface.cpp(381): "Delete Server : 0xb290b300"
08-05 16:53:11.792   479 21459 W mm-camera-sensor: vendor/qcom/proprietary/mm-camera/mm-camera2/server-tuning/tuning/mmcam_socket_utils.cpp(321): "Received event from non socket fd"
08-05 16:53:11.793   479 21459 W mm-camera-eztune: vendor/qcom/proprietary/mm-camera/mm-camera2/server-tuning/tuning/eztune_interface.cpp(72): "Stop message. Exiting server thread"
08-05 16:53:11.793   479 21459 E mm-camera-eztune: vendor/qcom/proprietary/mm-camera/mm-camera2/server-tuning/tuning/eztune_cam_adapter.cpp(667): "get_mct_stream: no children"
08-05 16:53:11.793   479 21459 W mm-camera-eztune: vendor/qcom/proprietary/mm-camera/mm-camera2/server-tuning/tuning/eztune_cam_adapter.cpp(719): "Message send ignored as stream or stream state not valid"
08-05 16:53:11.793   479 21459 E mm-camera-eztune: vendor/qcom/proprietary/mm-camera/mm-camera2/server-tuning/tuning/eztune_cam_adapter.cpp(667): "get_mct_stream: no children"
08-05 16:53:11.793   479 21459 W mm-camera-eztune: vendor/qcom/proprietary/mm-camera/mm-camera2/server-tuning/tuning/eztune_cam_adapter.cpp(719): "Message send ignored as stream or stream state not valid"
08-05 16:53:11.793   479 21459 E mm-camera-eztune: vendor/qcom/proprietary/mm-camera/mm-camera2/server-tuning/tuning/eztune_cam_adapter.cpp(667): "get_mct_stream: no children"
08-05 16:53:11.793   479 21459 W mm-camera-eztune: vendor/qcom/proprietary/mm-camera/mm-camera2/server-tuning/tuning/eztune_cam_adapter.cpp(719): "Message send ignored as stream or stream state not valid"
08-05 16:53:11.794   479   479 I mm-camera-eztune: vendor/qcom/proprietary/mm-camera/mm-camera2/server-tuning/tuning/eztune_interface.cpp(381): "Delete Server : 0xb290b380"
08-05 16:53:11.794   479 21460 W mm-camera-sensor: vendor/qcom/proprietary/mm-camera/mm-camera2/server-tuning/tuning/mmcam_socket_utils.cpp(321): "Received event from non socket fd"
08-05 16:53:11.794   479 21460 W mm-camera-eztune: vendor/qcom/proprietary/mm-camera/mm-camera2/server-tuning/tuning/eztune_interface.cpp(72): "Stop message. Exiting server thread"
08-05 16:53:11.794   479 21460 E mm-camera-eztune: vendor/qcom/proprietary/mm-camera/mm-camera2/server-tuning/tuning/eztune_process.cpp(445): "Process layer not initialized. just return"
08-05 16:53:11.796   479   479 D mm-camera: mct_pipeline_stop_session - E
08-05 16:53:11.797   479 21595 D mm-camera: mct_pipeline_stop_session_thread thread_id is 21595
08-05 16:53:11.798   479 21595 D mm-camera: mct_pipeline_stop_session_thread: Stop module name: sensor - E
08-05 16:53:11.799   479 21596 D mm-camera: mct_pipeline_stop_session_thread thread_id is 21596
08-05 16:53:11.799   479 21596 D mm-camera: mct_pipeline_stop_session_thread: Stop module name: iface - E
08-05 16:53:11.799   479 21596 D mm-camera: mct_pipeline_stop_session_thread: Stop module name: iface - X
08-05 16:53:11.799   479 21597 D mm-camera: mct_pipeline_stop_session_thread thread_id is 21597
08-05 16:53:11.799   479 21597 D mm-camera: mct_pipeline_stop_session_thread: Stop module name: isp - E
08-05 16:53:11.802   479 21598 D mm-camera: mct_pipeline_stop_session_thread thread_id is 21598
08-05 16:53:11.803   479 21598 D mm-camera: mct_pipeline_stop_session_thread: Stop module name: stats - E
08-05 16:53:11.811   479 21597 E         : dmlroc_deinit
08-05 16:53:11.812   479 21599 D mm-camera: mct_pipeline_stop_session_thread thread_id is 21599
08-05 16:53:11.813   479 21599 D mm-camera: mct_pipeline_stop_session_thread: Stop module name: pproc - E
08-05 16:53:11.813   479 21599 D mm-camera: c2d_module_stop_session:444, info: stopping session 2 ...
08-05 16:53:11.813   479 21446 D mm-camera: c2d_thread_process_pipe_message:793, C2D_THREAD_MSG_ABORT: c2d_thread exiting..
08-05 16:53:11.815   479 21598 D mm-camera: mct_pipeline_stop_session_thread: Stop module name: stats - X
08-05 16:53:11.815   479 21600 D mm-camera: mct_pipeline_stop_session_thread thread_id is 21600
08-05 16:53:11.815   479 21600 D mm-camera: mct_pipeline_stop_session_thread: Stop module name: imglib - E
08-05 16:53:11.815   479   479 E mm-camera: mct_pipeline_stop_session: left modules: 5
08-05 16:53:11.815   479   479 E mm-camera: mct_pipeline_stop_session: left modules: 4
08-05 16:53:11.819   479 21599 D mm-camera: c2d_module_stop_session:488, info: session 2 stopped.
08-05 16:53:11.820   479 21597 D mm-camera: mct_pipeline_stop_session_thread: Stop module name: isp - X
08-05 16:53:11.820   479   479 E mm-camera: mct_pipeline_stop_session: left modules: 3
08-05 16:53:11.821   479 21599 D mm-camera: mct_pipeline_stop_session_thread: Stop module name: pproc - X
08-05 16:53:11.821   479   479 E mm-camera: mct_pipeline_stop_session: left modules: 2
08-05 16:53:11.824   479 21600 D mm-camera: mct_pipeline_stop_session_thread: Stop module name: imglib - X
08-05 16:53:11.824   479   479 E mm-camera: mct_pipeline_stop_session: left modules: 1
08-05 16:53:11.940   479 21458 E mm-camera: Got some events
08-05 16:53:11.941   479 21595 D mm-camera: mct_pipeline_stop_session_thread: Stop module name: sensor - X
08-05 16:53:11.941   479   479 E mm-camera: mct_pipeline_stop_session: left modules: 0
08-05 16:53:11.942   479   479 D mm-camera: mct_pipeline_stop_session - X
08-05 16:53:11.950   405   405 D QCamera2HWI: closeCamera: X
08-05 16:53:11.950   405   405 D QCamera2HWI: ~QCamera2HardwareInterface: X
08-05 16:53:11.953   405   405 D QCamera2HWI: [KPI Perf] close_camera_device: X
08-05 16:53:11.958   463  2827 I CameraService: onTorchStatusChangedLocked: Torch status changed for cameraId=0, newStatus=1
08-05 16:53:11.977   463  2827 I CameraService: onTorchStatusChangedLocked: Torch status changed for cameraId=0, newStatus=1
08-05 16:53:11.977   463  2827 I CameraService: disconnect: Disconnected client for camera 0 for PID 21236
08-05 16:53:11.979 21236 21472 W RequestThread-0: Jpeg surface is invalid, skipping...
08-05 16:53:12.020   470  8919 D NuPlayerDriver: reset(0xa741d230) at state 2
08-05 16:53:12.023   470  8919 D NuPlayerDriver: notifyListener_l(0xa741d230), (8, 0, 0, -1), loop setting(0, 0)
08-05 16:53:12.024   470 21430 W AMessage: failed to post message as target looper for handler 0 is gone.
08-05 16:53:12.024   470 21430 D NuPlayerDriver: notifyResetComplete(0xa741d230)
08-05 16:53:12.025   470  8919 D NuPlayerDriver: reset(0xa741d310) at state 2
08-05 16:53:12.026   470  8919 D NuPlayerDriver: notifyListener_l(0xa741d310), (8, 0, 0, -1), loop setting(0, 0)
08-05 16:53:12.026   470 21432 W AMessage: failed to post message as target looper for handler 0 is gone.
08-05 16:53:12.026   470 21432 D NuPlayerDriver: notifyResetComplete(0xa741d310)
08-05 16:53:12.028   470  8919 D NuPlayerDriver: reset(0xa741d3f0) at state 2
08-05 16:53:12.029   470  8919 D NuPlayerDriver: notifyListener_l(0xa741d3f0), (8, 0, 0, -1), loop setting(0, 0)
08-05 16:53:12.029   470 21434 W AMessage: failed to post message as target looper for handler 0 is gone.
08-05 16:53:12.029   470 21434 D NuPlayerDriver: notifyResetComplete(0xa741d3f0)
08-05 16:53:12.043   418  2601 I LocSvc_ApiV02: <--- globalEventCb line 115 QMI_LOC_EVENT_GNSS_SV_INFO_IND_V02
08-05 16:53:12.043   418  2601 I LocSvc_ApiV02: <--- globalEventCb line 115 QMI_LOC_EVENT_POSITION_REPORT_IND_V02
08-05 16:53:12.052 21236 21236 I CAM_Profiler: [375.569ms][ui] GUARD: CaptureModule.closeCamera() - [374.959ms] mCamera.close()
08-05 16:53:12.052 21236 21236 I CAM_Profiler: [376.463ms][ui] GUARD: CaptureModule.closeCamera() - STOP
08-05 16:53:12.056   416   416 D Sensors : activate called handle:1 enable:0
08-05 16:53:12.057   416   416 D Sensors : bma2x2-accel calling driver disable
08-05 16:53:12.065 21236 21236 V CAM_LcyLocProvider: stopping location updates
08-05 16:53:12.067   916  4612 I GnssLocationProvider: WakeLock acquired by sendMessage(SET_REQUEST, 0, com.android.server.location.GnssLocationProvider$GpsRequest@edd84d7)
08-05 16:53:12.068   418   418 I LocSvc_GnssInterface: ===> stop line 210 
08-05 16:53:12.068   418  2586 I LocSvc_api_v02: ---> locClientSendReq line 2102 QMI_LOC_STOP_REQ_V02
08-05 16:53:12.069 21236 21236 D CAM_LcyLocProvider: stopReceivingLocationUpdates
08-05 16:53:12.069 21236 21236 V CAM_CameraActivity: onPause closing camera
08-05 16:53:12.069 21236 21236 V CAM_CameraController: Closing camera
08-05 16:53:12.069   916   995 I GnssLocationProvider: WakeLock released by handleMessage(SET_REQUEST, 0, com.android.server.location.GnssLocationProvider$GpsRequest@edd84d7)
08-05 16:53:12.070   418  2601 I LocSvc_ApiV02: <--- globalEventCb line 115 QMI_LOC_EVENT_POSITION_REPORT_IND_V02
08-05 16:53:12.070   418  2586 I LocSvc_api_v02: ---> locClientSendReq line 2102 QMI_LOC_REG_EVENTS_REQ_V02
08-05 16:53:12.071 21236 21256 W CAM2PORT_AndCamAgntImp: Releasing camera without any camera opened.
08-05 16:53:12.073 21236 21236 I CAM_Profiler: [417.814ms][ui] GUARD: CameraActivity.onPause - STOP
08-05 16:53:12.073 21236 21236 V CAM_QuickActivity: END onPause: Activity = com.android.camera.CameraActivity@61077eb
08-05 16:53:12.075   916  2542 D ActivityTrigger: activityResumeTrigger: The activity in ApplicationInfo{98cfbba com.android.launcher3} is now in focus and seems to be in full-screen mode
08-05 16:53:12.075   916  2542 E ActivityTrigger: activityResumeTrigger: not whiteListedcom.android.launcher3/com.android.launcher3.Launcher/27
08-05 16:53:12.077   419   497 E ANDR-PERF-MPCTL: Invalid profile no. 0, total profiles 0 only
08-05 16:53:12.103  3143  3234 W Adreno-ES20: <core_glFinish:34>: glFinish skipped: 0
08-05 16:53:12.104  3143  3234 W Adreno-ES20: <core_glFinish:34>: glFinish skipped: 0
08-05 16:53:12.165  3143  3234 W Adreno-EGL: <qeglDrvAPI_eglGetConfigAttrib:612>: EGL_BAD_ATTRIBUTE
08-05 16:53:12.241 21236 21376 W Adreno-ES20: <core_glFinish:34>: glFinish skipped: 0
08-05 16:53:12.246 21236 21376 W Adreno-ES20: <core_glFinish:34>: glFinish skipped: 0
08-05 16:53:12.369  3088  3396 E SecUISvc: Error initializing local socket: -1
08-05 16:53:12.527   916   996 I ActivityManager: Killing 5674:com.qualcomm.location.XT/1000 (adj 906): empty #17
08-05 16:53:12.532   916   998 W zygote  : kill(-5674, 9) failed: No such process
08-05 16:53:12.537 21236 21376 W Adreno-ES20: <core_glFinish:34>: glFinish skipped: 0
08-05 16:53:12.538 21236 21376 W Adreno-ES20: <core_glFinish:34>: glFinish skipped: 0
08-05 16:53:12.540 21236 21236 V CAM_QuickActivity: START onStop: Activity = com.android.camera.CameraActivity@61077eb
08-05 16:53:12.540 21236 21236 D CAM_LcyLocProvider: disconnect
08-05 16:53:12.541 21236 21236 V CAM_QuickActivity: END onStop: Activity = com.android.camera.CameraActivity@61077eb
08-05 16:53:12.541 21236 21236 V CAM_QuickActivity: START onDestroy: Activity = com.android.camera.CameraActivity@61077eb
08-05 16:53:12.545 21236 21236 V CAM_QuickActivity: END onDestroy: Activity = com.android.camera.CameraActivity@61077eb
08-05 16:53:12.545 21236 21236 V CAM_CameraAppUI: SurfaceTexture is destroyed
08-05 16:53:12.545 21236 21236 D CAM_CaptureModule: onSurfaceTextureDestroyed
08-05 16:53:12.546 21236 21236 V CAM_Profiler: [  0.000ms][ui] GUARD: CaptureModule.closeCamera() - START
08-05 16:53:12.546 21236 21236 V CAM_Profiler: [  0.531ms][ui] GUARD: CaptureModule.closeCamera() - [ 0.531ms] mCameraOpenCloseLock.acquire()
08-05 16:53:12.547 21236 21236 V CAM_Profiler: [  0.959ms][ui] GUARD: CaptureModule.closeCamera() - STOP
08-05 16:53:12.550 21236 21376 W Adreno-ES20: <core_glFinish:34>: glFinish skipped: 0
08-05 16:53:12.551 21236 21376 W Adreno-ES20: <core_glFinish:34>: glFinish skipped: 0
08-05 16:53:12.571   916   998 W zygote  : kill(-5674, 9) failed: No such process
08-05 16:53:12.571   916   998 I zygote  : Successfully killed process cgroup uid 1000 pid 5674 in 39ms
08-05 16:53:12.710  3143  3234 W OpenGLRenderer: Incorrectly called buildLayer on View: ShortcutAndWidgetContainer, destroying layer...
08-05 16:53:12.760   916  8383 W Adreno-ES20: <core_glFinish:34>: glFinish skipped: 0
08-05 16:53:13.381  3088  3396 E SecUISvc: Error initializing local socket: -1
08-05 16:53:14.388  3088  3396 E SecUISvc: Error initializing local socket: -1
08-05 16:53:15.395  3088  3396 E SecUISvc: Error initializing local socket: -1
08-05 16:53:16.402  3088  3396 E SecUISvc: Error initializing local socket: -1
08-05 16:53:17.409  3088  3396 E SecUISvc: Error initializing local socket: -1
08-05 16:53:17.610 21236 21376 W Adreno-ES20: <core_glFinish:34>: glFinish skipped: 0
08-05 16:53:17.637 21236 21245 W MessageQueue: Handler (android.os.Handler) {dde4eac} sending message to a Handler on a dead thread
08-05 16:53:17.637 21236 21245 W MessageQueue: java.lang.IllegalStateException: Handler (android.os.Handler) {dde4eac} sending message to a Handler on a dead thread
08-05 16:53:17.637 21236 21245 W MessageQueue: 	at android.os.MessageQueue.enqueueMessage(MessageQueue.java:545)
08-05 16:53:17.637 21236 21245 W MessageQueue: 	at android.os.Handler.enqueueMessage(Handler.java:662)
08-05 16:53:17.637 21236 21245 W MessageQueue: 	at android.os.Handler.sendMessageAtTime(Handler.java:631)
08-05 16:53:17.637 21236 21245 W MessageQueue: 	at android.os.Handler.sendMessageDelayed(Handler.java:601)
08-05 16:53:17.637 21236 21245 W MessageQueue: 	at android.os.Handler.post(Handler.java:357)
08-05 16:53:17.637 21236 21245 W MessageQueue: 	at android.hardware.camera2.dispatch.HandlerDispatcher.dispatch(HandlerDispatcher.java:61)
08-05 16:53:17.637 21236 21245 W MessageQueue: 	at android.hardware.camera2.dispatch.MethodNameInvoker.invoke(MethodNameInvoker.java:90)
08-05 16:53:17.637 21236 21245 W MessageQueue: 	at android.hardware.camera2.impl.CallbackProxies$SessionStateCallbackProxy.onClosed(CallbackProxies.java:189)
08-05 16:53:17.637 21236 21245 W MessageQueue: 	at android.hardware.camera2.impl.CameraCaptureSessionImpl.close(CameraCaptureSessionImpl.java:404)
08-05 16:53:17.637 21236 21245 W MessageQueue: 	at android.hardware.camera2.impl.CameraCaptureSessionImpl.finalize(CameraCaptureSessionImpl.java:664)
08-05 16:53:17.637 21236 21245 W MessageQueue: 	at java.lang.Daemons$FinalizerDaemon.doFinalize(Daemons.java:250)
08-05 16:53:17.637 21236 21245 W MessageQueue: 	at java.lang.Daemons$FinalizerDaemon.runInternal(Daemons.java:237)
08-05 16:53:17.637 21236 21245 W MessageQueue: 	at java.lang.Daemons$Daemon.run(Daemons.java:103)
08-05 16:53:17.637 21236 21245 W MessageQueue: 	at java.lang.Thread.run(Thread.java:764)
08-05 16:53:18.417  3088  3396 E SecUISvc: Error initializing local socket: -1
08-05 16:53:19.424  3088  3396 E SecUISvc: Error initializing local socket: -1
08-05 16:53:19.427   281   281 I chatty  : uid=1000(system) hwservicemanage expire 10 lines
08-05 16:53:20.431  3088  3396 E SecUISvc: Error initializing local socket: -1
08-05 16:53:21.438  3088  3396 E SecUISvc: Error initializing local socket: -1
08-05 16:53:22.445  3088  3396 E SecUISvc: Error initializing local socket: -1
08-05 16:53:22.702   916   996 W BroadcastQueue: Background execution not allowed: receiving Intent { act=android.intent.action.DROPBOX_ENTRY_ADDED flg=0x10 (has extras) } to com.google.android.gms/.stats.service.DropBoxEntryAddedReceiver
08-05 16:53:22.702   916   996 W BroadcastQueue: Background execution not allowed: receiving Intent { act=android.intent.action.DROPBOX_ENTRY_ADDED flg=0x10 (has extras) } to com.google.android.gms/.chimera.GmsIntentOperationService$PersistentTrustedReceiver
08-05 16:53:23.452  3088  3396 E SecUISvc: Error initializing local socket: -1
08-05 16:53:24.459  3088  3396 E SecUISvc: Error initializing local socket: -1
08-05 16:53:25.466  3088  3396 E SecUISvc: Error initializing local socket: -1
08-05 16:53:26.473  3088  3396 E SecUISvc: Error initializing local socket: -1
08-05 16:53:27.481  3088  3396 E SecUISvc: Error initializing local socket: -1
08-05 16:53:28.487  3088  3396 E SecUISvc: Error initializing local socket: -1
08-05 16:53:29.495  3088  3396 E SecUISvc: Error initializing local socket: -1
08-05 16:53:29.497   281   281 I chatty  : uid=1000(system) hwservicemanage expire 6 lines
08-05 16:53:30.502  3088  3396 E SecUISvc: Error initializing local socket: -1
08-05 16:53:31.509  3088  3396 E SecUISvc: Error initializing local socket: -1
08-05 16:53:32.515  3088  3396 E SecUISvc: Error initializing local socket: -1
08-05 16:53:33.062   457   457 I VM_BMS  : power_supply_update: ocv_uv=3937174 ibatt=-374682 soc=64 seq_num=56
08-05 16:53:33.102   916   999 I WifiService: requestActivityInfo uid=1000
08-05 16:53:33.103   916   999 I WifiService: reportActivityInfo uid=1000
08-05 16:53:33.103   916   999 I WifiService: getSupportedFeatures uid=1000
08-05 16:53:33.113  2461  2461 D KeyguardUpdateMonitor: received broadcast android.intent.action.BATTERY_CHANGED
08-05 16:53:33.135  2461  2461 D KeyguardUpdateMonitor: handleBatteryUpdate
08-05 16:53:33.145  2461  2461 D KeyguardUpdateMonitor: received broadcast android.intent.action.BATTERY_CHANGED
08-05 16:53:33.150   916   999 E BatteryExternalStatsWorker: no controller energy info supplied for bluetooth
08-05 16:53:33.151  2461  2461 D KeyguardUpdateMonitor: handleBatteryUpdate
08-05 16:53:33.522  3088  3396 E SecUISvc: Error initializing local socket: -1
08-05 16:53:34.529  3088  3396 E SecUISvc: Error initializing local socket: -1
08-05 16:53:35.255   916  2404 I WifiService: isScanAlwaysAvailable uid=1000
08-05 16:53:35.255   916  2404 I WifiService: getWifiEnabledState uid=1000
08-05 16:53:35.535  3088  3396 E SecUISvc: Error initializing local socket: -1
08-05 16:53:35.538   281   281 W /system/bin/hwservicemanager: getTransport: Cannot find entry vendor.qti.hardware.tui_comm@1.0::ITuiComm/default in either framework or device manifest.
08-05 16:53:35.921   916  2542 D WificondControl: Scan result ready event
08-05 16:53:35.923   916  2404 I WifiService: isScanAlwaysAvailable uid=1000
08-05 16:53:35.923   916  2404 I WifiService: getWifiEnabledState uid=1000
08-05 16:53:35.925   472   472 I wificond: Enters wifigbk_ageOutHistory
08-05 16:53:35.932   916  2404 I WifiService: isScanAlwaysAvailable uid=1000
08-05 16:53:35.932   916  2404 I WifiService: getWifiEnabledState uid=1000
08-05 16:53:35.939   916  2402 W WifiConfigManager: Looking up network with invalid networkId -1
08-05 16:53:36.540  3088  3396 E SecUISvc: Error initializing local socket: -1
08-05 16:53:36.543   281   281 W /system/bin/hwservicemanager: getTransport: Cannot find entry vendor.qti.hardware.tui_comm@1.0::ITuiComm/default in either framework or device manifest.
08-05 16:53:37.548  3088  3396 E SecUISvc: Error initializing local socket: -1
08-05 16:53:37.550   281   281 W /system/bin/hwservicemanager: getTransport: Cannot find entry vendor.qti.hardware.tui_comm@1.0::ITuiComm/default in either framework or device manifest.
08-05 16:53:38.553  3088  3396 E SecUISvc: Error initializing local socket: -1
08-05 16:53:38.556   281   281 W /system/bin/hwservicemanager: getTransport: Cannot find entry vendor.qti.hardware.tui_comm@1.0::ITuiComm/default in either framework or device manifest.
08-05 16:53:38.721  2884  2917 I QcrilOemhookMsgTunnel: [0]processOemHookIndication length=22
08-05 16:53:39.559  3088  3396 E SecUISvc: Error initializing local socket: -1
08-05 16:53:39.562   281   281 W /system/bin/hwservicemanager: getTransport: Cannot find entry vendor.qti.hardware.tui_comm@1.0::ITuiComm/default in either framework or device manifest.
08-05 16:53:40.565  3088  3396 E SecUISvc: Error initializing local socket: -1
08-05 16:53:40.568   281   281 W /system/bin/hwservicemanager: getTransport: Cannot find entry vendor.qti.hardware.tui_comm@1.0::ITuiComm/default in either framework or device manifest.
08-05 16:53:41.571  3088  3396 E SecUISvc: Error initializing local socket: -1
08-05 16:53:41.574   281   281 W /system/bin/hwservicemanager: getTransport: Cannot find entry vendor.qti.hardware.tui_comm@1.0::ITuiComm/default in either framework or device manifest.
08-05 16:53:42.578  3088  3396 E SecUISvc: Error initializing local socket: -1
08-05 16:53:42.580   281   281 W /system/bin/hwservicemanager: getTransport: Cannot find entry vendor.qti.hardware.tui_comm@1.0::ITuiComm/default in either framework or device manifest.
08-05 16:53:43.584  3088  3396 E SecUISvc: Error initializing local socket: -1
08-05 16:53:43.587   281   281 W /system/bin/hwservicemanager: getTransport: Cannot find entry vendor.qti.hardware.tui_comm@1.0::ITuiComm/default in either framework or device manifest.
08-05 16:53:44.590  3088  3396 E SecUISvc: Error initializing local socket: -1
08-05 16:53:44.593   281   281 W /system/bin/hwservicemanager: getTransport: Cannot find entry vendor.qti.hardware.tui_comm@1.0::ITuiComm/default in either framework or device manifest.
08-05 16:53:45.597  3088  3396 E SecUISvc: Error initializing local socket: -1
08-05 16:53:45.599   281   281 W /system/bin/hwservicemanager: getTransport: Cannot find entry vendor.qti.hardware.tui_comm@1.0::ITuiComm/default in either framework or device manifest.
08-05 16:53:46.337  2884  2917 I QcrilOemhookMsgTunnel: [0]processOemHookIndication length=22
08-05 16:53:46.603  3088  3396 E SecUISvc: Error initializing local socket: -1
08-05 16:53:46.606   281   281 W /system/bin/hwservicemanager: getTransport: Cannot find entry vendor.qti.hardware.tui_comm@1.0::ITuiComm/default in either framework or device manifest.
08-05 16:53:47.609  3088  3396 E SecUISvc: Error initializing local socket: -1
08-05 16:53:47.612   281   281 W /system/bin/hwservicemanager: getTransport: Cannot find entry vendor.qti.hardware.tui_comm@1.0::ITuiComm/default in either framework or device manifest.
08-05 16:53:48.616  3088  3396 E SecUISvc: Error initializing local socket: -1
08-05 16:53:48.618   281   281 W /system/bin/hwservicemanager: getTransport: Cannot find entry vendor.qti.hardware.tui_comm@1.0::ITuiComm/default in either framework or device manifest.
08-05 16:53:49.622  3088  3396 E SecUISvc: Error initializing local socket: -1
08-05 16:53:49.624   281   281 W /system/bin/hwservicemanager: getTransport: Cannot find entry vendor.qti.hardware.tui_comm@1.0::ITuiComm/default in either framework or device manifest.
08-05 16:53:50.629  3088  3396 E SecUISvc: Error initializing local socket: -1
08-05 16:53:50.632   281   281 W /system/bin/hwservicemanager: getTransport: Cannot find entry vendor.qti.hardware.tui_comm@1.0::ITuiComm/default in either framework or device manifest.
08-05 16:53:51.636  3088  3396 E SecUISvc: Error initializing local socket: -1
08-05 16:53:51.639   281   281 W /system/bin/hwservicemanager: getTransport: Cannot find entry vendor.qti.hardware.tui_comm@1.0::ITuiComm/default in either framework or device manifest.
08-05 16:53:52.643  3088  3396 E SecUISvc: Error initializing local socket: -1
08-05 16:53:52.646   281   281 W /system/bin/hwservicemanager: getTransport: Cannot find entry vendor.qti.hardware.tui_comm@1.0::ITuiComm/default in either framework or device manifest.
08-05 16:53:53.650  3088  3396 E SecUISvc: Error initializing local socket: -1
08-05 16:53:53.653   281   281 W /system/bin/hwservicemanager: getTransport: Cannot find entry vendor.qti.hardware.tui_comm@1.0::ITuiComm/default in either framework or device manifest.
08-05 16:53:54.658  3088  3396 E SecUISvc: Error initializing local socket: -1
08-05 16:53:54.661   281   281 W /system/bin/hwservicemanager: getTransport: Cannot find entry vendor.qti.hardware.tui_comm@1.0::ITuiComm/default in either framework or device manifest.
08-05 16:53:55.665  3088  3396 E SecUISvc: Error initializing local socket: -1
08-05 16:53:55.668   281   281 W /system/bin/hwservicemanager: getTransport: Cannot find entry vendor.qti.hardware.tui_comm@1.0::ITuiComm/default in either framework or device manifest.
08-05 16:53:56.672  3088  3396 E SecUISvc: Error initializing local socket: -1
08-05 16:53:56.675   281   281 W /system/bin/hwservicemanager: getTransport: Cannot find entry vendor.qti.hardware.tui_comm@1.0::ITuiComm/default in either framework or device manifest.
08-05 16:53:57.679  3088  3396 E SecUISvc: Error initializing local socket: -1
08-05 16:53:57.682   281   281 W /system/bin/hwservicemanager: getTransport: Cannot find entry vendor.qti.hardware.tui_comm@1.0::ITuiComm/default in either framework or device manifest.
08-05 16:53:58.686  3088  3396 E SecUISvc: Error initializing local socket: -1
08-05 16:53:58.689   281   281 W /system/bin/hwservicemanager: getTransport: Cannot find entry vendor.qti.hardware.tui_comm@1.0::ITuiComm/default in either framework or device manifest.
08-05 16:53:59.694  3088  3396 E SecUISvc: Error initializing local socket: -1
08-05 16:53:59.697   281   281 W /system/bin/hwservicemanager: getTransport: Cannot find entry vendor.qti.hardware.tui_comm@1.0::ITuiComm/default in either framework or device manifest.
08-05 16:54:00.004  2461  2461 D KeyguardUpdateMonitor: received broadcast android.intent.action.TIME_TICK
08-05 16:54:00.005  2461  2461 D KeyguardUpdateMonitor: handleTimeUpdate
08-05 16:54:00.700  3088  3396 E SecUISvc: Error initializing local socket: -1
08-05 16:54:00.703   281   281 W /system/bin/hwservicemanager: getTransport: Cannot find entry vendor.qti.hardware.tui_comm@1.0::ITuiComm/default in either framework or device manifest.
08-05 16:54:01.707  3088  3396 E SecUISvc: Error initializing local socket: -1
08-05 16:54:01.709   281   281 W /system/bin/hwservicemanager: getTransport: Cannot find entry vendor.qti.hardware.tui_comm@1.0::ITuiComm/default in either framework or device manifest.
08-05 16:54:02.714  3088  3396 E SecUISvc: Error initializing local socket: -1
08-05 16:54:02.717   281   281 W /system/bin/hwservicemanager: getTransport: Cannot find entry vendor.qti.hardware.tui_comm@1.0::ITuiComm/default in either framework or device manifest.
08-05 16:54:03.721  3088  3396 E SecUISvc: Error initializing local socket: -1
08-05 16:54:03.724   281   281 W /system/bin/hwservicemanager: getTransport: Cannot find entry vendor.qti.hardware.tui_comm@1.0::ITuiComm/default in either framework or device manifest.
08-05 16:54:04.727  3088  3396 E SecUISvc: Error initializing local socket: -1
08-05 16:54:04.730   281   281 W /system/bin/hwservicemanager: getTransport: Cannot find entry vendor.qti.hardware.tui_comm@1.0::ITuiComm/default in either framework or device manifest.
08-05 16:54:05.735  3088  3396 E SecUISvc: Error initializing local socket: -1
08-05 16:54:05.738   281   281 W /system/bin/hwservicemanager: getTransport: Cannot find entry vendor.qti.hardware.tui_comm@1.0::ITuiComm/default in either framework or device manifest.
08-05 16:54:06.741  3088  3396 E SecUISvc: Error initializing local socket: -1
08-05 16:54:06.745   281   281 W /system/bin/hwservicemanager: getTransport: Cannot find entry vendor.qti.hardware.tui_comm@1.0::ITuiComm/default in either framework or device manifest.
08-05 16:54:06.886  2884  2917 I QcrilOemhookMsgTunnel: [0]processOemHookIndication length=22
08-05 16:54:07.463  2461  2461 D KeyguardUpdateMonitor: received broadcast android.intent.action.BATTERY_CHANGED
08-05 16:54:07.471  2461  2461 D KeyguardUpdateMonitor: handleBatteryUpdate
08-05 16:54:07.751  3088  3396 E SecUISvc: Error initializing local socket: -1
08-05 16:54:07.756   281   281 W /system/bin/hwservicemanager: getTransport: Cannot find entry vendor.qti.hardware.tui_comm@1.0::ITuiComm/default in either framework or device manifest.
08-05 16:54:08.762  3088  3396 E SecUISvc: Error initializing local socket: -1
08-05 16:54:08.765   281   281 W /system/bin/hwservicemanager: getTransport: Cannot find entry vendor.qti.hardware.tui_comm@1.0::ITuiComm/default in either framework or device manifest.
08-05 16:54:09.769  3088  3396 E SecUISvc: Error initializing local socket: -1
08-05 16:54:09.772   281   281 W /system/bin/hwservicemanager: getTransport: Cannot find entry vendor.qti.hardware.tui_comm@1.0::ITuiComm/default in either framework or device manifest.
08-05 16:54:10.775  3088  3396 E SecUISvc: Error initializing local socket: -1
