08-05 17:06:10.742 26577 26577 E GmsNativeLibraryLoader: 	at java.lang.reflect.Method.invoke(Native Method)
08-05 17:06:10.742 26577 26577 E GmsNativeLibraryLoader: 	at com.android.internal.os.RuntimeInit$MethodAndArgsCaller.run(RuntimeInit.java:438)
08-05 17:06:10.742 26577 26577 E GmsNativeLibraryLoader: 	at com.android.internal.os.ZygoteInit.main(ZygoteInit.java:807)
08-05 17:06:10.743 26577 26577 E LevelDb : LevelDb failed to load (1), returning NoOpLevelDb
08-05 17:06:10.778 26577 26606 E ActivityThread: Failed to find provider info for instantapp-dev-manager
08-05 17:06:10.771 26577 26577 I chatty  : uid=10016 com.google.android.gms.persistent identical 3 lines
08-05 17:06:10.779 26577 26577 E LevelDb : LevelDb failed to load (1), returning NoOpLevelDb
08-05 17:06:10.788 26577 26577 W ChimeraUtils: Non Chimera context
08-05 17:06:10.797   916   916 D PackageManager: Connected to instant app resolver
08-05 17:06:10.789 26577 26577 W ChimeraUtils: Non Chimera context
08-05 17:06:10.807  3088  3396 E SecUISvc: Error initializing local socket: -1
08-05 17:06:10.809   281   281 W /system/bin/hwservicemanager: getTransport: Cannot find entry vendor.qti.hardware.tui_comm@1.0::ITuiComm/default in either framework or device manifest.
08-05 17:06:10.812 26577 26577 I ChimeraSrvcProxy: com.google.android.gms.chimera.PersistentBoundBrokerService returning NullBinder for action com.google.android.gms.ipa.mediastoreindexer.PERSISTENT_START
08-05 17:06:10.821   916   996 D CompatibilityInfo: mCompatibilityFlags - 4
08-05 17:06:10.822   916   996 D CompatibilityInfo: applicationDensity - 240
08-05 17:06:10.822   916   996 D CompatibilityInfo: applicationScale - 1.0
08-05 17:06:10.942   916  4707 D ContextHubService: Added callback, total callbacks 1
08-05 17:06:10.951   916  4707 D ContextHubService: System supports 0 hubs
08-05 17:06:10.952 26577 26577 W ChreGmsCore: Unable to construct RealContextHub.
08-05 17:06:10.952 26577 26577 W ChreGmsCore: java.lang.IllegalStateException: No ContextHubs were found in the platform.
08-05 17:06:10.952 26577 26577 W ChreGmsCore: 	at bkli.<init>(:com.google.android.gms@17455055@17.4.55 (110400-248795830):8)
08-05 17:06:10.952 26577 26577 W ChreGmsCore: 	at ayuk.a(:com.google.android.gms@17455055@17.4.55 (110400-248795830):15)
08-05 17:06:10.952 26577 26577 W ChreGmsCore: 	at com.google.android.location.internal.server.GoogleLocationChimeraService.onCreate(:com.google.android.gms@17455055@17.4.55 (110400-248795830):14)
08-05 17:06:10.952 26577 26577 W ChreGmsCore: 	at edo.onCreate(:com.google.android.gms@17455055@17.4.55 (110400-248795830):1)
08-05 17:06:10.952 26577 26577 W ChreGmsCore: 	at nyb.onCreate(:com.google.android.gms@17455055@17.4.55 (110400-248795830):3)
08-05 17:06:10.952 26577 26577 W ChreGmsCore: 	at android.app.ActivityThread.handleCreateService(ActivityThread.java:3342)
08-05 17:06:10.952 26577 26577 W ChreGmsCore: 	at android.app.ActivityThread.-wrap4(Unknown Source:0)
08-05 17:06:10.952 26577 26577 W ChreGmsCore: 	at android.app.ActivityThread$H.handleMessage(ActivityThread.java:1680)
08-05 17:06:10.952 26577 26577 W ChreGmsCore: 	at android.os.Handler.dispatchMessage(Handler.java:106)
08-05 17:06:10.952 26577 26577 W ChreGmsCore: 	at android.os.Looper.loop(Looper.java:164)
08-05 17:06:10.952 26577 26577 W ChreGmsCore: 	at android.app.ActivityThread.main(ActivityThread.java:6518)
08-05 17:06:10.952 26577 26577 W ChreGmsCore: 	at java.lang.reflect.Method.invoke(Native Method)
08-05 17:06:10.952 26577 26577 W ChreGmsCore: 	at com.android.internal.os.RuntimeInit$MethodAndArgsCaller.run(RuntimeInit.java:438)
08-05 17:06:10.952 26577 26577 W ChreGmsCore: 	at com.android.internal.os.ZygoteInit.main(ZygoteInit.java:807)
08-05 17:06:10.989 26577 26614 I aiyl    : No Heterodyne serving version in database [CONTEXT service_id=51 ]
08-05 17:06:11.035 26577 26582 I zygote  : Do partial code cache collection, code=63KB, data=52KB
08-05 17:06:11.039 26577 26582 I zygote  : After code cache collection, code=54KB, data=45KB
08-05 17:06:11.039 26577 26582 I zygote  : Increasing code cache capacity to 256KB
08-05 17:06:11.079   916  1018 D BluetoothManagerService: MESSAGE_REGISTER_ADAPTER
08-05 17:06:11.384   916  1019 I DisplayManagerService: Display device changed state: "Built-in Screen", OFF
08-05 17:06:11.398 20630 20630 I Dialer  : ProximitySensor.onDisplayStateChanged - isDisplayOn: false
08-05 17:06:11.398 20630 20630 D AccelerometerListener: enable(false)
08-05 17:06:11.399   416   898 D Sensors : activate called handle:1 enable:0
08-05 17:06:11.399   416   898 D Sensors : bma2x2-accel calling driver disable
08-05 17:06:11.401   430   430 D SurfaceFlinger: Set power mode=0, type=0 flinger=0xa9db6000
08-05 17:06:11.402   409   693 I SDM     : DisplayBase::SetDisplayState: Set state = 0, display 0
08-05 17:06:11.406   916  2392 I InputReader: Reconfiguring input devices.  changes=0x00000004
08-05 17:06:11.408 20630 20630 I Dialer  : VideoPauseController.onUiShowing -  showing = false
08-05 17:06:11.408 20630 20630 I Dialer  : VideoPauseController.onPause -  onPause isInBackground false
08-05 17:06:11.420   916  4707 D CompatibilityInfo: mCompatibilityFlags - 4
08-05 17:06:11.421   916  4707 D CompatibilityInfo: applicationDensity - 240
08-05 17:06:11.421   916  4707 D CompatibilityInfo: applicationScale - 1.0
08-05 17:06:11.428   916  5437 I WifiService: getWifiEnabledState uid=10016
08-05 17:06:11.445 26577 26623 W Settings: Setting airplane_mode_on has moved from android.provider.Settings.System to android.provider.Settings.Global, returning read-only value.
08-05 17:06:11.480   916  4707 I WifiService: getWifiEnabledState uid=10016
08-05 17:06:11.510   916  4767 I WifiService: getWifiEnabledState uid=10016
08-05 17:06:11.511 26577 26577 W Settings: Setting airplane_mode_on has moved from android.provider.Settings.System to android.provider.Settings.Global, returning read-only value.
08-05 17:06:11.513   916  4707 I WifiService: getWifiEnabledState uid=10016
08-05 17:06:11.562 26577 26632 E LocationManagerCompat: Unable to assign LocationManager blame through WorkSource
08-05 17:06:11.562 26577 26632 E LocationManagerCompat: java.lang.SecurityException: "passive" location provider requires ACCESS_FINE_LOCATION permission.
08-05 17:06:11.562 26577 26632 E LocationManagerCompat: 	at android.os.Parcel.readException(Parcel.java:2013)
08-05 17:06:11.562 26577 26632 E LocationManagerCompat: 	at android.os.Parcel.readException(Parcel.java:1959)
08-05 17:06:11.562 26577 26632 E LocationManagerCompat: 	at android.location.ILocationManager$Stub$Proxy.requestLocationUpdates(ILocationManager.java:691)
08-05 17:06:11.562 26577 26632 E LocationManagerCompat: 	at android.location.LocationManager.requestLocationUpdates(LocationManager.java:900)
08-05 17:06:11.562 26577 26632 E LocationManagerCompat: 	at android.location.LocationManager.requestLocationUpdates(LocationManager.java:846)
08-05 17:06:11.562 26577 26632 E LocationManagerCompat: 	at azwd.a(:com.google.android.gms@17455055@17.4.55 (110400-248795830):2)
08-05 17:06:11.562 26577 26632 E LocationManagerCompat: 	at azwg.a(Unknown Source:0)
08-05 17:06:11.562 26577 26632 E LocationManagerCompat: 	at ayov.a(:com.google.android.gms@17455055@17.4.55 (110400-248795830):8)
08-05 17:06:11.562 26577 26632 E LocationManagerCompat: 	at ayoy.f(Unknown Source:7)
08-05 17:06:11.562 26577 26632 E LocationManagerCompat: 	at ayoy.c(:com.google.android.gms@17455055@17.4.55 (110400-248795830):2)
08-05 17:06:11.562 26577 26632 E LocationManagerCompat: 	at com.google.android.location.fused.FusionEngine.a(:com.google.android.gms@17455055@17.4.55 (110400-248795830):108)
08-05 17:06:11.562 26577 26632 E LocationManagerCompat: 	at aymb.a(:com.google.android.gms@17455055@17.4.55 (110400-248795830):16)
08-05 17:06:11.562 26577 26632 E LocationManagerCompat: 	at ayjd.a(:com.google.android.gms@17455055@17.4.55 (110400-248795830):5)
08-05 17:06:11.562 26577 26632 E LocationManagerCompat: 	at ayja.a(:com.google.android.gms@17455055@17.4.55 (110400-248795830):5)
08-05 17:06:11.562 26577 26632 E LocationManagerCompat: 	at aykz.a(:com.google.android.gms@17455055@17.4.55 (110400-248795830):12)
08-05 17:06:11.562 26577 26632 E LocationManagerCompat: 	at com.google.android.location.fused.StationaryThrottlingEngine.a(:com.google.android.gms@17455055@17.4.55 (110400-248795830):12)
08-05 17:06:11.562 26577 26632 E LocationManagerCompat: 	at ayiu.a(:com.google.android.gms@17455055@17.4.55 (110400-248795830):5)
08-05 17:06:11.562 26577 26632 E LocationManagerCompat: 	at ayma.a(:com.google.android.gms@17455055@17.4.55 (110400-248795830):3)
08-05 17:06:11.562 26577 26632 E LocationManagerCompat: 	at com.google.android.location.fused.StationaryThrottlingEngine.a(:com.google.android.gms@17455055@17.4.55 (110400-248795830):12)
08-05 17:06:11.562 26577 26632 E LocationManagerCompat: 	at aynj.a(:com.google.android.gms@17455055@17.4.55 (110400-248795830):3)
08-05 17:06:11.562 26577 26632 E LocationManagerCompat: 	at ayiw.a(:com.google.android.gms@17455055@17.4.55 (110400-248795830):2)
08-05 17:06:11.562 26577 26632 E LocationManagerCompat: 	at aymn.a(:com.google.android.gms@17455055@17.4.55 (110400-248795830):1)
08-05 17:06:11.562 26577 26632 E LocationManagerCompat: 	at aymx.handleMessage(:com.google.android.gms@17455055@17.4.55 (110400-248795830):4)
08-05 17:06:11.562 26577 26632 E LocationManagerCompat: 	at android.os.Handler.dispatchMessage(Handler.java:106)
08-05 17:06:11.562 26577 26632 E LocationManagerCompat: 	at aagz.a(:com.google.android.gms@17455055@17.4.55 (110400-248795830):3)
08-05 17:06:11.562 26577 26632 E LocationManagerCompat: 	at aagz.dispatchMessage(:com.google.android.gms@17455055@17.4.55 (110400-248795830):4)
08-05 17:06:11.562 26577 26632 E LocationManagerCompat: 	at azws.a(:com.google.android.gms@17455055@17.4.55 (110400-248795830):5)
08-05 17:06:11.562 26577 26632 E LocationManagerCompat: 	at aagz.dispatchMessage(:com.google.android.gms@17455055@17.4.55 (110400-248795830):4)
08-05 17:06:11.562 26577 26632 E LocationManagerCompat: 	at android.os.Looper.loop(Looper.java:164)
08-05 17:06:11.562 26577 26632 E LocationManagerCompat: 	at android.os.HandlerThread.run(HandlerThread.java:65)
08-05 17:06:11.566 26577 26632 E AndroidRuntime: FATAL EXCEPTION: FlpThread
08-05 17:06:11.566 26577 26632 E AndroidRuntime: Process: com.google.android.gms.persistent, PID: 26577
08-05 17:06:11.566 26577 26632 E AndroidRuntime: java.lang.SecurityException: "passive" location provider requires ACCESS_FINE_LOCATION permission.
08-05 17:06:11.566 26577 26632 E AndroidRuntime: 	at android.os.Parcel.readException(Parcel.java:2013)
08-05 17:06:11.566 26577 26632 E AndroidRuntime: 	at android.os.Parcel.readException(Parcel.java:1959)
08-05 17:06:11.566 26577 26632 E AndroidRuntime: 	at android.location.ILocationManager$Stub$Proxy.requestLocationUpdates(ILocationManager.java:691)
08-05 17:06:11.566 26577 26632 E AndroidRuntime: 	at android.location.LocationManager.requestLocationUpdates(LocationManager.java:900)
08-05 17:06:11.566 26577 26632 E AndroidRuntime: 	at android.location.LocationManager.requestLocationUpdates(LocationManager.java:504)
08-05 17:06:11.566 26577 26632 E AndroidRuntime: 	at azwe.a(:com.google.android.gms@17455055@17.4.55 (110400-248795830):9)
08-05 17:06:11.566 26577 26632 E AndroidRuntime: 	at azwd.a(:com.google.android.gms@17455055@17.4.55 (110400-248795830):3)
08-05 17:06:11.566 26577 26632 E AndroidRuntime: 	at azwg.a(Unknown Source:0)
08-05 17:06:11.566 26577 26632 E AndroidRuntime: 	at ayov.a(:com.google.android.gms@17455055@17.4.55 (110400-248795830):8)
08-05 17:06:11.566 26577 26632 E AndroidRuntime: 	at ayoy.f(Unknown Source:7)
08-05 17:06:11.566 26577 26632 E AndroidRuntime: 	at ayoy.c(:com.google.android.gms@17455055@17.4.55 (110400-248795830):2)
08-05 17:06:11.566 26577 26632 E AndroidRuntime: 	at com.google.android.location.fused.FusionEngine.a(:com.google.android.gms@17455055@17.4.55 (110400-248795830):108)
08-05 17:06:11.566 26577 26632 E AndroidRuntime: 	at aymb.a(:com.google.android.gms@17455055@17.4.55 (110400-248795830):16)
08-05 17:06:11.566 26577 26632 E AndroidRuntime: 	at ayjd.a(:com.google.android.gms@17455055@17.4.55 (110400-248795830):5)
08-05 17:06:11.566 26577 26632 E AndroidRuntime: 	at ayja.a(:com.google.android.gms@17455055@17.4.55 (110400-248795830):5)
08-05 17:06:11.566 26577 26632 E AndroidRuntime: 	at aykz.a(:com.google.android.gms@17455055@17.4.55 (110400-248795830):12)
08-05 17:06:11.566 26577 26632 E AndroidRuntime: 	at com.google.android.location.fused.StationaryThrottlingEngine.a(:com.google.android.gms@17455055@17.4.55 (110400-248795830):12)
08-05 17:06:11.566 26577 26632 E AndroidRuntime: 	at ayiu.a(:com.google.android.gms@17455055@17.4.55 (110400-248795830):5)
08-05 17:06:11.566 26577 26632 E AndroidRuntime: 	at ayma.a(:com.google.android.gms@17455055@17.4.55 (110400-248795830):3)
08-05 17:06:11.566 26577 26632 E AndroidRuntime: 	at com.google.android.location.fused.StationaryThrottlingEngine.a(:com.google.android.gms@17455055@17.4.55 (110400-248795830):12)
08-05 17:06:11.566 26577 26632 E AndroidRuntime: 	at aynj.a(:com.google.android.gms@17455055@17.4.55 (110400-248795830):3)
08-05 17:06:11.566 26577 26632 E AndroidRuntime: 	at ayiw.a(:com.google.android.gms@17455055@17.4.55 (110400-248795830):2)
08-05 17:06:11.566 26577 26632 E AndroidRuntime: 	at aymn.a(:com.google.android.gms@17455055@17.4.55 (110400-248795830):1)
08-05 17:06:11.566 26577 26632 E AndroidRuntime: 	at aymx.handleMessage(:com.google.android.gms@17455055@17.4.55 (110400-248795830):4)
08-05 17:06:11.566 26577 26632 E AndroidRuntime: 	at android.os.Handler.dispatchMessage(Handler.java:106)
08-05 17:06:11.566 26577 26632 E AndroidRuntime: 	at aagz.a(:com.google.android.gms@17455055@17.4.55 (110400-248795830):3)
08-05 17:06:11.566 26577 26632 E AndroidRuntime: 	at aagz.dispatchMessage(:com.google.android.gms@17455055@17.4.55 (110400-248795830):4)
08-05 17:06:11.566 26577 26632 E AndroidRuntime: 	at azws.a(:com.google.android.gms@17455055@17.4.55 (110400-248795830):5)
08-05 17:06:11.566 26577 26632 E AndroidRuntime: 	at aagz.dispatchMessage(:com.google.android.gms@17455055@17.4.55 (110400-248795830):4)
08-05 17:06:11.566 26577 26632 E AndroidRuntime: 	at android.os.Looper.loop(Looper.java:164)
08-05 17:06:11.566 26577 26632 E AndroidRuntime: 	at android.os.HandlerThread.run(HandlerThread.java:65)
08-05 17:06:11.575 26577 26632 I GCore-Chimera-Crash: ChwKDmNvbnRhaW5lci1vbmx5EOfEahhAIICyn4NBIAA=
08-05 17:06:11.575 26577 26632 I GCore-Chimera-Crash: GCore-Chimera-Crash
08-05 17:06:11.581 26577 26628 I GeofencerStateMachine: Network location disabled.
08-05 17:06:11.590 26577 26632 I DeviceDrDatabaseHelper: Cleaning stale data from database!
08-05 17:06:11.606   916  3240 W Binder  : Outgoing transactions from this process must be FLAG_ONEWAY
08-05 17:06:11.606   916  3240 W Binder  : java.lang.Throwable
08-05 17:06:11.606   916  3240 W Binder  : 	at android.os.BinderProxy.transact(Binder.java:752)
08-05 17:06:11.606   916  3240 W Binder  : 	at com.android.internal.location.ILocationProvider$Stub$Proxy.enable(ILocationProvider.java:173)
08-05 17:06:11.606   916  3240 W Binder  : 	at com.qualcomm.location.izatprovider.NpProxy.enable(NpProxy.java:72)
08-05 17:06:11.606   916  3240 W Binder  : 	at com.qualcomm.location.izatprovider.NpProxy.handleMessage(NpProxy.java:289)
08-05 17:06:11.606   916  3240 W Binder  : 	at android.os.Handler.dispatchMessage(Handler.java:102)
08-05 17:06:11.606   916  3240 W Binder  : 	at android.os.Looper.loop(Looper.java:164)
08-05 17:06:11.606   916  3240 W Binder  : 	at android.os.HandlerThread.run(HandlerThread.java:65)
08-05 17:06:11.614 26577 26632 W DeviceDoctorHandler: Crash Hash: a84a24fcbc521d4b32a82fb2f2eb41695a9ba822
08-05 17:06:11.677 26577 26632 W DeviceDoctorHandler: Shushing due to low average crash frequency.
08-05 17:06:11.678 26577 26632 E DeviceDoctorHandler: FATAL EXCEPTION: FlpThread
08-05 17:06:11.678 26577 26632 E DeviceDoctorHandler: Process: com.google.android.gms.persistent, PID: 26577
08-05 17:06:11.678 26577 26632 E DeviceDoctorHandler: java.lang.SecurityException: "passive" location provider requires ACCESS_FINE_LOCATION permission.
08-05 17:06:11.678 26577 26632 E DeviceDoctorHandler: 	at android.os.Parcel.readException(Parcel.java:2013)
08-05 17:06:11.678 26577 26632 E DeviceDoctorHandler: 	at android.os.Parcel.readException(Parcel.java:1959)
08-05 17:06:11.678 26577 26632 E DeviceDoctorHandler: 	at android.location.ILocationManager$Stub$Proxy.requestLocationUpdates(ILocationManager.java:691)
08-05 17:06:11.678 26577 26632 E DeviceDoctorHandler: 	at android.location.LocationManager.requestLocationUpdates(LocationManager.java:900)
08-05 17:06:11.678 26577 26632 E DeviceDoctorHandler: 	at android.location.LocationManager.requestLocationUpdates(LocationManager.java:504)
08-05 17:06:11.678 26577 26632 E DeviceDoctorHandler: 	at azwe.a(:com.google.android.gms@17455055@17.4.55 (110400-248795830):9)
08-05 17:06:11.678 26577 26632 E DeviceDoctorHandler: 	at azwd.a(:com.google.android.gms@17455055@17.4.55 (110400-248795830):3)
08-05 17:06:11.678 26577 26632 E DeviceDoctorHandler: 	at azwg.a(Unknown Source:0)
08-05 17:06:11.678 26577 26632 E DeviceDoctorHandler: 	at ayov.a(:com.google.android.gms@17455055@17.4.55 (110400-248795830):8)
08-05 17:06:11.678 26577 26632 E DeviceDoctorHandler: 	at ayoy.f(Unknown Source:7)
08-05 17:06:11.678 26577 26632 E DeviceDoctorHandler: 	at ayoy.c(:com.google.android.gms@17455055@17.4.55 (110400-248795830):2)
08-05 17:06:11.678 26577 26632 E DeviceDoctorHandler: 	at com.google.android.location.fused.FusionEngine.a(:com.google.android.gms@17455055@17.4.55 (110400-248795830):108)
08-05 17:06:11.678 26577 26632 E DeviceDoctorHandler: 	at aymb.a(:com.google.android.gms@17455055@17.4.55 (110400-248795830):16)
08-05 17:06:11.678 26577 26632 E DeviceDoctorHandler: 	at ayjd.a(:com.google.android.gms@17455055@17.4.55 (110400-248795830):5)
08-05 17:06:11.678 26577 26632 E DeviceDoctorHandler: 	at ayja.a(:com.google.android.gms@17455055@17.4.55 (110400-248795830):5)
08-05 17:06:11.678 26577 26632 E DeviceDoctorHandler: 	at aykz.a(:com.google.android.gms@17455055@17.4.55 (110400-248795830):12)
08-05 17:06:11.678 26577 26632 E DeviceDoctorHandler: 	at com.google.android.location.fused.StationaryThrottlingEngine.a(:com.google.android.gms@17455055@17.4.55 (110400-248795830):12)
08-05 17:06:11.678 26577 26632 E DeviceDoctorHandler: 	at ayiu.a(:com.google.android.gms@17455055@17.4.55 (110400-248795830):5)
08-05 17:06:11.678 26577 26632 E DeviceDoctorHandler: 	at ayma.a(:com.google.android.gms@17455055@17.4.55 (110400-248795830):3)
08-05 17:06:11.678 26577 26632 E DeviceDoctorHandler: 	at com.google.android.location.fused.StationaryThrottlingEngine.a(:com.google.android.gms@17455055@17.4.55 (110400-248795830):12)
08-05 17:06:11.678 26577 26632 E DeviceDoctorHandler: 	at aynj.a(:com.google.android.gms@17455055@17.4.55 (110400-248795830):3)
08-05 17:06:11.678 26577 26632 E DeviceDoctorHandler: 	at ayiw.a(:com.google.android.gms@17455055@17.4.55 (110400-248795830):2)
08-05 17:06:11.678 26577 26632 E DeviceDoctorHandler: 	at aymn.a(:com.google.android.gms@17455055@17.4.55 (110400-248795830):1)
08-05 17:06:11.678 26577 26632 E DeviceDoctorHandler: 	at aymx.handleMessage(:com.google.android.gms@17455055@17.4.55 (110400-248795830):4)
08-05 17:06:11.678 26577 26632 E DeviceDoctorHandler: 	at android.os.Handler.dispatchMessage(Handler.java:106)
08-05 17:06:11.678 26577 26632 E DeviceDoctorHandler: 	at aagz.a(:com.google.android.gms@17455055@17.4.55 (110400-248795830):3)
08-05 17:06:11.678 26577 26632 E DeviceDoctorHandler: 	at aagz.dispatchMessage(:com.google.android.gms@17455055@17.4.55 (110400-248795830):4)
08-05 17:06:11.678 26577 26632 E DeviceDoctorHandler: 	at azws.a(:com.google.android.gms@17455055@17.4.55 (110400-248795830):5)
08-05 17:06:11.678 26577 26632 E DeviceDoctorHandler: 	at aagz.dispatchMessage(:com.google.android.gms@17455055@17.4.55 (110400-248795830):4)
08-05 17:06:11.678 26577 26632 E DeviceDoctorHandler: 	at android.os.Looper.loop(Looper.java:164)
08-05 17:06:11.678 26577 26632 E DeviceDoctorHandler: 	at android.os.HandlerThread.run(HandlerThread.java:65)
08-05 17:06:11.678 26577 26632 E DeviceDoctorHandler: 
08-05 17:06:11.690   916  2424 D SurfaceControl: Excessive delay in setPowerMode()
08-05 17:06:11.691   413   413 I QCOM PowerHAL: Got set_interactive hint
08-05 17:06:11.692   419   497 E ANDR-PERF-MPCTL: Invalid profile no. 0, total profiles 0 only
08-05 17:06:11.694 26577 26632 I Process : Sending signal. PID: 26577 SIG: 9
08-05 17:06:11.741   916  3825 D PackageManager: Binder to instant app resolver died
08-05 17:06:11.742   916  5437 I ActivityManager: Process com.google.android.gms.persistent (pid 26577) has died: fore BFGS
08-05 17:06:11.742   916   998 W zygote  : kill(-26577, 9) failed: No such process
08-05 17:06:11.743   916   916 D PackageManager: Disconnected from instant app resolver
08-05 17:06:11.743   916  5437 W ActivityManager: Scheduling restart of crashed service com.google.android.gms/com.google.android.location.geofencer.service.GeofenceProviderService in 1024000ms
08-05 17:06:11.743   916  5437 W ActivityManager: Scheduling restart of crashed service com.google.android.gms/com.google.android.location.geocode.GeocodeService in 16384000ms
08-05 17:06:11.744   916  5437 W ActivityManager: Scheduling restart of crashed service com.google.android.gms/com.google.android.location.fused.FusedLocationService in 180224000ms
08-05 17:06:11.744   916  5437 W ActivityManager: Scheduling restart of crashed service com.google.android.gms/.chimera.PersistentBoundBrokerService in 3669753856ms
08-05 17:06:11.744   916  5437 W ActivityManager: Scheduling restart of crashed service com.google.android.gms/com.google.android.location.internal.server.GoogleLocationService in 1152921504606846976ms
08-05 17:06:11.745   916  5437 W ActivityManager: Scheduling restart of crashed service com.google.android.gms/com.google.android.location.internal.GoogleLocationManagerService in 26622976ms
08-05 17:06:11.745   916  5437 W ActivityManager: Scheduling restart of crashed service com.google.android.gms/com.google.android.location.internal.server.HardwareArProviderService in 11532238848ms
08-05 17:06:11.746   916  5437 W ActivityManager: Scheduling restart of crashed service com.google.android.gms/com.google.android.location.network.NetworkLocationService in 57339904ms
08-05 17:06:11.746   916  5437 W ActivityManager: Canceling start item Intent { act=com.google.android.gms.common.broadcast.DELIVER_BROADCAST cat=[targeted_intent_op_prefix:.common.broadcast.BackgroundBroadcastReceiverSupport$PersistentReceiverIntentOperation] cmp=com.google.android.gms/.chimera.PersistentIntentOperationService (has extras) } in service ComponentInfo{com.google.android.gms/com.google.android.gms.chimera.PersistentIntentOperationService}
08-05 17:06:11.746   916  5437 W ActivityManager: Scheduling restart of crashed service com.google.android.gms/.chimera.PersistentIntentOperationService in 939389878272ms
08-05 17:06:11.747   916  5437 W ActivityManager: Scheduling restart of crashed service com.google.android.gms/.gcm.GcmService in 56000ms
08-05 17:06:11.747   916  5437 W ActivityManager: Scheduling restart of crashed service com.google.android.gms/.chimera.PersistentDirectBootAwareApiService in 1000ms
08-05 17:06:11.788   916   998 W zygote  : kill(-26577, 9) failed: No such process
08-05 17:06:11.788   916   998 I zygote  : Successfully killed process cgroup uid 10016 pid 26577 in 45ms
08-05 17:06:11.791   916   996 I ActivityManager: Start proc 26638:com.google.android.gms.persistent/u0a16 for broadcast com.google.android.gms/.gcm.nts.SchedulerReceiver
08-05 17:06:11.813  3088  3396 E SecUISvc: Error initializing local socket: -1
08-05 17:06:11.815   281   281 W /system/bin/hwservicemanager: getTransport: Cannot find entry vendor.qti.hardware.tui_comm@1.0::ITuiComm/default in either framework or device manifest.
08-05 17:06:11.827   916  5437 D CompatibilityInfo: mCompatibilityFlags - 4
08-05 17:06:11.827   916  5437 D CompatibilityInfo: applicationDensity - 240
08-05 17:06:11.827   916  5437 D CompatibilityInfo: applicationScale - 1.0
08-05 17:06:11.839   916  5437 D CompatibilityInfo: mCompatibilityFlags - 4
08-05 17:06:11.839   916  5437 D CompatibilityInfo: applicationDensity - 240
08-05 17:06:11.839   916  5437 D CompatibilityInfo: applicationScale - 1.0
08-05 17:06:11.843   413   413 I QCOM PowerHAL: Got set_interactive hint
08-05 17:06:11.844   916  1019 I DisplayManagerService: Display device changed state: "Built-in Screen", ON
08-05 17:06:11.845   430   430 D SurfaceFlinger: Set power mode=2, type=0 flinger=0xa9db6000
08-05 17:06:11.845   409   693 I SDM     : DisplayBase::SetDisplayState: Set state = 1, display 0
08-05 17:06:11.850   916   996 D CompatibilityInfo: mCompatibilityFlags - 4
08-05 17:06:11.850   916   996 D CompatibilityInfo: applicationDensity - 240
08-05 17:06:11.850   916   996 D CompatibilityInfo: applicationScale - 1.0
08-05 17:06:11.851   916  2392 I InputReader: Reconfiguring input devices.  changes=0x00000004
08-05 17:06:11.852   916   996 D CompatibilityInfo: mCompatibilityFlags - 4
08-05 17:06:11.852   916   996 D CompatibilityInfo: applicationDensity - 240
08-05 17:06:11.852   916   996 D CompatibilityInfo: applicationScale - 1.0
08-05 17:06:11.857   916   996 D CompatibilityInfo: mCompatibilityFlags - 4
08-05 17:06:11.857   916   996 D CompatibilityInfo: applicationDensity - 240
08-05 17:06:11.857   916   996 D CompatibilityInfo: applicationScale - 1.0
08-05 17:06:11.861   916   996 D CompatibilityInfo: mCompatibilityFlags - 4
08-05 17:06:11.861   916   996 D CompatibilityInfo: applicationDensity - 240
08-05 17:06:11.861   916   996 D CompatibilityInfo: applicationScale - 1.0
08-05 17:06:11.862 20630 20630 I Dialer  : ProximitySensor.onDisplayStateChanged - isDisplayOn: true
08-05 17:06:11.862 20630 20630 D AccelerometerListener: enable(true)
08-05 17:06:11.863   916   996 D CompatibilityInfo: mCompatibilityFlags - 4
08-05 17:06:11.863   916   996 D CompatibilityInfo: applicationDensity - 240
08-05 17:06:11.864   916   996 D CompatibilityInfo: applicationScale - 1.0
08-05 17:06:11.866   916   996 D CompatibilityInfo: mCompatibilityFlags - 4
08-05 17:06:11.866   916   996 D CompatibilityInfo: applicationDensity - 240
08-05 17:06:11.866   916   996 D CompatibilityInfo: applicationScale - 1.0
08-05 17:06:11.869   416   898 D Sensors : batch called handle:1 sample_ns:200000000 latency_ns:0
08-05 17:06:11.869   416   898 D Sensors : activate called handle:1 enable:1
08-05 17:06:11.869   416   898 D Sensors : bma2x2-accel calling driver enable
08-05 17:06:11.872   416   898 D Sensors : bma2x2-accel calling driver setDelay 200 ms
08-05 17:06:11.875   916   996 D CompatibilityInfo: mCompatibilityFlags - 4
08-05 17:06:11.875   916   996 D CompatibilityInfo: applicationDensity - 240
08-05 17:06:11.875   916   996 D CompatibilityInfo: applicationScale - 1.0
08-05 17:06:11.876 20630 20630 I Dialer  : VideoPauseController.onUiShowing -  showing = true
08-05 17:06:11.876 20630 20630 I Dialer  : VideoPauseController.onResume -  onResume isInBackground true
08-05 17:06:11.877   916   996 D CompatibilityInfo: mCompatibilityFlags - 4
08-05 17:06:11.877   916   996 D CompatibilityInfo: applicationDensity - 240
08-05 17:06:11.877   916   996 D CompatibilityInfo: applicationScale - 1.0
08-05 17:06:11.879   916   996 D CompatibilityInfo: mCompatibilityFlags - 4
08-05 17:06:11.879   916   996 D CompatibilityInfo: applicationDensity - 240
08-05 17:06:11.879   916   996 D CompatibilityInfo: applicationScale - 1.0
08-05 17:06:11.881   916   996 D CompatibilityInfo: mCompatibilityFlags - 4
08-05 17:06:11.882   916   996 D CompatibilityInfo: applicationDensity - 240
08-05 17:06:11.882   916   996 D CompatibilityInfo: applicationScale - 1.0
08-05 17:06:11.884   916   996 D CompatibilityInfo: mCompatibilityFlags - 4
08-05 17:06:11.885   916   996 D CompatibilityInfo: applicationDensity - 240
08-05 17:06:11.885   916   996 D CompatibilityInfo: applicationScale - 1.0
08-05 17:06:11.899 26638 26638 I zygote  : The ClassLoaderContext is a special shared library.
08-05 17:06:12.050 26638 26638 W DynamiteModule: Local module descriptor class for providerinstaller not found.
08-05 17:06:12.077 26638 26638 W ProviderHelper: Unknown dynamite feature providerinstaller
08-05 17:06:12.086 26638 26638 I DynamiteModule: Considering local module providerinstaller:0 and remote module providerinstaller:0
08-05 17:06:12.087 26638 26638 W ProviderInstaller: Failed to load providerinstaller module: No acceptable module found. Local version is 0 and remote version is 0.
08-05 17:06:12.119 26638 26638 V NativeCrypto: Registering com/google/android/gms/org/conscrypt/NativeCrypto's 284 native methods...
08-05 17:06:12.158 26638 26638 D NetworkSecurityConfig: Using Network Security Config from resource network_security_config debugBuild: false
08-05 17:06:12.163 26638 26638 I ProviderInstaller: Installed default security provider GmsCore_OpenSSL
08-05 17:06:12.267 26638 26638 I GmsApplication: Registering the BackgroundBroadcastReceiverSupport receiver.
08-05 17:06:12.347   916  2424 D SurfaceControl: Excessive delay in setPowerMode()
08-05 17:06:12.374 26638 26638 I GmsReceiverSupport: Registered Receiver for 18+1 IntentFilters
08-05 17:06:12.500 26638 26638 W Primes  : Primes not initialized, returning default (no-op) Primes instance which will ignore all calls. Please call Primes.initialize(...) before using any Primes API.
08-05 17:06:12.522   916  4767 D CompatibilityInfo: mCompatibilityFlags - 4
08-05 17:06:12.523   916  4767 D CompatibilityInfo: applicationDensity - 240
08-05 17:06:12.523   916  4767 D CompatibilityInfo: applicationScale - 1.0
08-05 17:06:12.538   916  5280 D CompatibilityInfo: mCompatibilityFlags - 4
08-05 17:06:12.538   916  5280 D CompatibilityInfo: applicationDensity - 240
08-05 17:06:12.538   916  5280 D CompatibilityInfo: applicationScale - 1.0
08-05 17:06:12.573 20630 20630 D AccelerometerListener: orientation: horizontal
08-05 17:06:12.573 20630 20630 I Dialer  : ProximitySensor.updateProximitySensorMode - screenOnImmediately: false, dialPadVisible: false, offHook: true, horizontal: true, uiShowing: true, audioRoute: EARPIECE
08-05 17:06:12.574 20630 20630 I Dialer  : ProximitySensor.turnOnProximitySensor - wake lock already acquired
08-05 17:06:12.578 26638 26643 I zygote  : Do partial code cache collection, code=28KB, data=27KB
08-05 17:06:12.580 26638 26643 I zygote  : After code cache collection, code=27KB, data=27KB
08-05 17:06:12.581 26638 26643 I zygote  : Increasing code cache capacity to 128KB
08-05 17:06:12.672 26638 26638 I zygote  : Deoptimizing int java.nio.ByteBuffer.compareTo(java.nio.ByteBuffer) due to JIT inline cache
08-05 17:06:12.675 26638 26638 I DynamiteModule: Considering local module com.google.android.gms.googlecertificates:4 and remote module com.google.android.gms.googlecertificates:4
08-05 17:06:12.675 26638 26638 I DynamiteModule: Selected local version of com.google.android.gms.googlecertificates
08-05 17:06:12.723 26638 26666 W ConfigurationChimeraPro: Caller is not authorized to access Uri: content://com.google.android.gms.phenotype/com.google.android.gms.gcm [CONTEXT service_id=51 ]
08-05 17:06:12.723 26638 26638 W ConfigurationChimeraPro: Caller is not authorized to access Uri: content://com.google.android.gms.phenotype/com.google.android.location [CONTEXT service_id=51 ]
08-05 17:06:12.800 26638 26666 I NetworkScheduler: Using standalone scheduling engine
08-05 17:06:12.805   916   995 W Binder  : Outgoing transactions from this process must be FLAG_ONEWAY
08-05 17:06:12.805   916   995 W Binder  : java.lang.Throwable
08-05 17:06:12.805   916   995 W Binder  : 	at android.os.BinderProxy.transact(Binder.java:752)
08-05 17:06:12.805   916   995 W Binder  : 	at com.android.internal.location.ILocationProvider$Stub$Proxy.getProperties(ILocationProvider.java:232)
08-05 17:06:12.805   916   995 W Binder  : 	at com.android.server.location.LocationProviderProxy$1.run(LocationProviderProxy.java:119)
08-05 17:06:12.805   916   995 W Binder  : 	at android.os.Handler.handleCallback(Handler.java:790)
08-05 17:06:12.805   916   995 W Binder  : 	at android.os.Handler.dispatchMessage(Handler.java:99)
08-05 17:06:12.805   916   995 W Binder  : 	at android.os.Looper.loop(Looper.java:164)
08-05 17:06:12.805   916   995 W Binder  : 	at android.os.HandlerThread.run(HandlerThread.java:65)
08-05 17:06:12.819  3088  3396 E SecUISvc: Error initializing local socket: -1
08-05 17:06:12.822   281   281 W /system/bin/hwservicemanager: getTransport: Cannot find entry vendor.qti.hardware.tui_comm@1.0::ITuiComm/default in either framework or device manifest.
08-05 17:06:12.875 26638 26638 W ConfigurationChimeraPro: Caller is not authorized to access Uri: content://com.google.android.gms.phenotype/com.google.android.gms.ipa [CONTEXT service_id=51 ]
08-05 17:06:12.884 26638 26638 I ChimeraSrvcProxy: com.google.android.gms.chimera.PersistentBoundBrokerService returning NullBinder for action com.google.android.gms.ipa.smsindexer.PERSISTENT_START
08-05 17:06:12.914 26638 26638 W ConfigurationChimeraPro: Caller is not authorized to access Uri: content://com.google.android.gms.phenotype/com.google.android.gms.instantapps [CONTEXT service_id=51 ]
08-05 17:06:12.956 26638 26638 E GmsNativeLibraryLoader: Unable to locate leveldbjni in dalvik.system.PathClassLoader[DexPathList[[zip file "/system/framework/com.android.media.remotedisplay.jar", zip file "/system/framework/com.android.location.provider.jar", zip file "/system/priv-app/PrebuiltGmsCorePix/PrebuiltGmsCorePix.apk"],nativeLibraryDirectories=[/system/priv-app/PrebuiltGmsCorePix/lib/arm, /system/priv-app/PrebuiltGmsCorePix/PrebuiltGmsCorePix.apk!/lib/armeabi-v7a, /system/lib, /vendor/lib, /system/lib, /vendor/lib]]]
08-05 17:06:12.956 26638 26638 E GmsNativeLibraryLoader: java.lang.UnsatisfiedLinkError: dalvik.system.PathClassLoader[DexPathList[[zip file "/system/framework/com.android.media.remotedisplay.jar", zip file "/system/framework/com.android.location.provider.jar", zip file "/system/priv-app/PrebuiltGmsCorePix/PrebuiltGmsCorePix.apk"],nativeLibraryDirectories=[/system/priv-app/PrebuiltGmsCorePix/lib/arm, /system/priv-app/PrebuiltGmsCorePix/PrebuiltGmsCorePix.apk!/lib/armeabi-v7a, /system/lib, /vendor/lib, /system/lib, /vendor/lib]]] couldn't find "libleveldbjni.so"
08-05 17:06:12.956 26638 26638 E GmsNativeLibraryLoader: 	at java.lang.Runtime.loadLibrary0(Runtime.java:1011)
08-05 17:06:12.956 26638 26638 E GmsNativeLibraryLoader: 	at java.lang.System.loadLibrary(System.java:1657)
08-05 17:06:12.956 26638 26638 E GmsNativeLibraryLoader: 	at qfz.b(:com.google.android.gms@17455055@17.4.55 (110400-248795830):23)
08-05 17:06:12.956 26638 26638 E GmsNativeLibraryLoader: 	at qgv.b(:com.google.android.gms@17455055@17.4.55 (110400-248795830):5)
08-05 17:06:12.956 26638 26638 E GmsNativeLibraryLoader: 	at com.google.android.gms.leveldb.environment.LevelDbPlatform.loadLibrary(Unknown Source:4)
08-05 17:06:12.956 26638 26638 E GmsNativeLibraryLoader: 	at com.google.android.gms.leveldb.LevelDb.<clinit>(:com.google.android.gms@17455055@17.4.55 (110400-248795830):2)
08-05 17:06:12.956 26638 26638 E GmsNativeLibraryLoader: 	at com.google.android.gms.leveldb.LevelDb.open(:com.google.android.gms@17455055@17.4.55 (110400-248795830):1)
08-05 17:06:12.956 26638 26638 E GmsNativeLibraryLoader: 	at zoi.a(:com.google.android.gms@17455055@17.4.55 (110400-248795830):1)
08-05 17:06:12.956 26638 26638 E GmsNativeLibraryLoader: 	at zoi.a(:com.google.android.gms@17455055@17.4.55 (110400-248795830):6)
08-05 17:06:12.956 26638 26638 E GmsNativeLibraryLoader: 	at zmn.<init>(:com.google.android.gms@17455055@17.4.55 (110400-248795830):17)
08-05 17:06:12.956 26638 26638 E GmsNativeLibraryLoader: 	at zmn.a(:com.google.android.gms@17455055@17.4.55 (110400-248795830):2)
08-05 17:06:12.956 26638 26638 E GmsNativeLibraryLoader: 	at com.google.android.gms.instantapps.routing.InstantAppResolverBoundService.onBind(:com.google.android.gms@17455055@17.4.55 (110400-248795830):1)
08-05 17:06:12.956 26638 26638 E GmsNativeLibraryLoader: 	at nxu.onBind(:com.google.android.gms@17455055@17.4.55 (110400-248795830):2)
08-05 17:06:12.956 26638 26638 E GmsNativeLibraryLoader: 	at ebh.onBind(:com.google.android.gms@17455055@17.4.55 (110400-248795830):4)
08-05 17:06:12.956 26638 26638 E GmsNativeLibraryLoader: 	at nyb.onBind(:com.google.android.gms@17455055@17.4.55 (110400-248795830):29)
08-05 17:06:12.956 26638 26638 E GmsNativeLibraryLoader: 	at android.app.ActivityThread.handleBindService(ActivityThread.java:3369)
08-05 17:06:12.956 26638 26638 E GmsNativeLibraryLoader: 	at android.app.ActivityThread.-wrap2(Unknown Source:0)
08-05 17:06:12.956 26638 26638 E GmsNativeLibraryLoader: 	at android.app.ActivityThread$H.handleMessage(ActivityThread.java:1685)
08-05 17:06:12.956 26638 26638 E GmsNativeLibraryLoader: 	at android.os.Handler.dispatchMessage(Handler.java:106)
08-05 17:06:12.956 26638 26638 E GmsNativeLibraryLoader: 	at android.os.Looper.loop(Looper.java:164)
08-05 17:06:12.956 26638 26638 E GmsNativeLibraryLoader: 	at android.app.ActivityThread.main(ActivityThread.java:6518)
08-05 17:06:12.956 26638 26638 E GmsNativeLibraryLoader: 	at java.lang.reflect.Method.invoke(Native Method)
08-05 17:06:12.956 26638 26638 E GmsNativeLibraryLoader: 	at com.android.internal.os.RuntimeInit$MethodAndArgsCaller.run(RuntimeInit.java:438)
08-05 17:06:12.956 26638 26638 E GmsNativeLibraryLoader: 	at com.android.internal.os.ZygoteInit.main(ZygoteInit.java:807)
08-05 17:06:12.957 26638 26638 E LevelDb : LevelDb failed to load (1), returning NoOpLevelDb
08-05 17:06:12.984 26638 26638 I chatty  : uid=10016 com.google.android.gms.persistent identical 3 lines
08-05 17:06:12.993 26638 26638 E LevelDb : LevelDb failed to load (1), returning NoOpLevelDb
08-05 17:06:13.005 26638 26638 W ChimeraUtils: Non Chimera context
08-05 17:06:13.011 26638 26682 E ActivityThread: Failed to find provider info for instantapp-dev-manager
08-05 17:06:13.020   916   916 D PackageManager: Connected to instant app resolver
08-05 17:06:13.006 26638 26638 W ChimeraUtils: Non Chimera context
08-05 17:06:13.032 26638 26638 I ChimeraSrvcProxy: com.google.android.gms.chimera.PersistentBoundBrokerService returning NullBinder for action com.google.android.gms.ipa.mediastoreindexer.PERSISTENT_START
08-05 17:06:13.082 26638 26674 W ConfigurationChimeraPro: Caller is not authorized to access Uri: content://com.google.android.gms.phenotype/com.google.android.gms [CONTEXT service_id=51 ]
08-05 17:06:13.135   916  4767 D ContextHubService: Added callback, total callbacks 1
08-05 17:06:13.145   916  5280 D ContextHubService: System supports 0 hubs
08-05 17:06:13.146 26638 26638 W ChreGmsCore: Unable to construct RealContextHub.
08-05 17:06:13.146 26638 26638 W ChreGmsCore: java.lang.IllegalStateException: No ContextHubs were found in the platform.
08-05 17:06:13.146 26638 26638 W ChreGmsCore: 	at bkli.<init>(:com.google.android.gms@17455055@17.4.55 (110400-248795830):8)
08-05 17:06:13.146 26638 26638 W ChreGmsCore: 	at ayuk.a(:com.google.android.gms@17455055@17.4.55 (110400-248795830):15)
08-05 17:06:13.146 26638 26638 W ChreGmsCore: 	at com.google.android.location.internal.server.GoogleLocationChimeraService.onCreate(:com.google.android.gms@17455055@17.4.55 (110400-248795830):14)
08-05 17:06:13.146 26638 26638 W ChreGmsCore: 	at edo.onCreate(:com.google.android.gms@17455055@17.4.55 (110400-248795830):1)
08-05 17:06:13.146 26638 26638 W ChreGmsCore: 	at nyb.onCreate(:com.google.android.gms@17455055@17.4.55 (110400-248795830):3)
08-05 17:06:13.146 26638 26638 W ChreGmsCore: 	at android.app.ActivityThread.handleCreateService(ActivityThread.java:3342)
08-05 17:06:13.146 26638 26638 W ChreGmsCore: 	at android.app.ActivityThread.-wrap4(Unknown Source:0)
08-05 17:06:13.146 26638 26638 W ChreGmsCore: 	at android.app.ActivityThread$H.handleMessage(ActivityThread.java:1680)
08-05 17:06:13.146 26638 26638 W ChreGmsCore: 	at android.os.Handler.dispatchMessage(Handler.java:106)
08-05 17:06:13.146 26638 26638 W ChreGmsCore: 	at android.os.Looper.loop(Looper.java:164)
08-05 17:06:13.146 26638 26638 W ChreGmsCore: 	at android.app.ActivityThread.main(ActivityThread.java:6518)
08-05 17:06:13.146 26638 26638 W ChreGmsCore: 	at java.lang.reflect.Method.invoke(Native Method)
08-05 17:06:13.146 26638 26638 W ChreGmsCore: 	at com.android.internal.os.RuntimeInit$MethodAndArgsCaller.run(RuntimeInit.java:438)
08-05 17:06:13.146 26638 26638 W ChreGmsCore: 	at com.android.internal.os.ZygoteInit.main(ZygoteInit.java:807)
08-05 17:06:13.282   916  1018 D BluetoothManagerService: MESSAGE_REGISTER_ADAPTER
08-05 17:06:13.340 26638 26643 I zygote  : Do partial code cache collection, code=62KB, data=59KB
08-05 17:06:13.342 26638 26643 I zygote  : After code cache collection, code=53KB, data=51KB
08-05 17:06:13.342 26638 26643 I zygote  : Increasing code cache capacity to 256KB
08-05 17:06:13.378  2884  2917 I QcrilOemhookMsgTunnel: [0]processOemHookIndication length=21
08-05 17:06:13.379  2884  2884 D QcrilMsgTunnelIfaceManager: handleMessage what = 0
08-05 17:06:13.624   916  5437 D CompatibilityInfo: mCompatibilityFlags - 4
08-05 17:06:13.624   916  5437 D CompatibilityInfo: applicationDensity - 240
08-05 17:06:13.625   916  5437 D CompatibilityInfo: applicationScale - 1.0
08-05 17:06:13.627   916  3825 I WifiService: getWifiEnabledState uid=10016
08-05 17:06:13.644 26638 26683 W Settings: Setting airplane_mode_on has moved from android.provider.Settings.System to android.provider.Settings.Global, returning read-only value.
08-05 17:06:13.686   916  4767 I WifiService: getWifiEnabledState uid=10016
08-05 17:06:13.712   916  3825 I WifiService: getWifiEnabledState uid=10016
08-05 17:06:13.713 26638 26638 W Settings: Setting airplane_mode_on has moved from android.provider.Settings.System to android.provider.Settings.Global, returning read-only value.
08-05 17:06:13.714   916  3825 I WifiService: getWifiEnabledState uid=10016
08-05 17:06:13.767 26638 26701 E LocationManagerCompat: Unable to assign LocationManager blame through WorkSource
08-05 17:06:13.767 26638 26701 E LocationManagerCompat: java.lang.SecurityException: "passive" location provider requires ACCESS_FINE_LOCATION permission.
08-05 17:06:13.767 26638 26701 E LocationManagerCompat: 	at android.os.Parcel.readException(Parcel.java:2013)
08-05 17:06:13.767 26638 26701 E LocationManagerCompat: 	at android.os.Parcel.readException(Parcel.java:1959)
08-05 17:06:13.767 26638 26701 E LocationManagerCompat: 	at android.location.ILocationManager$Stub$Proxy.requestLocationUpdates(ILocationManager.java:691)
08-05 17:06:13.767 26638 26701 E LocationManagerCompat: 	at android.location.LocationManager.requestLocationUpdates(LocationManager.java:900)
08-05 17:06:13.767 26638 26701 E LocationManagerCompat: 	at android.location.LocationManager.requestLocationUpdates(LocationManager.java:846)
08-05 17:06:13.767 26638 26701 E LocationManagerCompat: 	at azwd.a(:com.google.android.gms@17455055@17.4.55 (110400-248795830):2)
08-05 17:06:13.767 26638 26701 E LocationManagerCompat: 	at azwg.a(Unknown Source:0)
08-05 17:06:13.767 26638 26701 E LocationManagerCompat: 	at ayov.a(:com.google.android.gms@17455055@17.4.55 (110400-248795830):8)
08-05 17:06:13.767 26638 26701 E LocationManagerCompat: 	at ayoy.f(Unknown Source:7)
08-05 17:06:13.767 26638 26701 E LocationManagerCompat: 	at ayoy.c(:com.google.android.gms@17455055@17.4.55 (110400-248795830):2)
08-05 17:06:13.767 26638 26701 E LocationManagerCompat: 	at com.google.android.location.fused.FusionEngine.a(:com.google.android.gms@17455055@17.4.55 (110400-248795830):108)
08-05 17:06:13.767 26638 26701 E LocationManagerCompat: 	at aymb.a(:com.google.android.gms@17455055@17.4.55 (110400-248795830):16)
08-05 17:06:13.767 26638 26701 E LocationManagerCompat: 	at ayjd.a(:com.google.android.gms@17455055@17.4.55 (110400-248795830):5)
08-05 17:06:13.767 26638 26701 E LocationManagerCompat: 	at ayja.a(:com.google.android.gms@17455055@17.4.55 (110400-248795830):5)
08-05 17:06:13.767 26638 26701 E LocationManagerCompat: 	at aykz.a(:com.google.android.gms@17455055@17.4.55 (110400-248795830):12)
08-05 17:06:13.767 26638 26701 E LocationManagerCompat: 	at com.google.android.location.fused.StationaryThrottlingEngine.a(:com.google.android.gms@17455055@17.4.55 (110400-248795830):12)
08-05 17:06:13.767 26638 26701 E LocationManagerCompat: 	at ayiu.a(:com.google.android.gms@17455055@17.4.55 (110400-248795830):5)
08-05 17:06:13.767 26638 26701 E LocationManagerCompat: 	at ayma.a(:com.google.android.gms@17455055@17.4.55 (110400-248795830):3)
08-05 17:06:13.767 26638 26701 E LocationManagerCompat: 	at com.google.android.location.fused.StationaryThrottlingEngine.a(:com.google.android.gms@17455055@17.4.55 (110400-248795830):12)
08-05 17:06:13.767 26638 26701 E LocationManagerCompat: 	at aynj.a(:com.google.android.gms@17455055@17.4.55 (110400-248795830):3)
08-05 17:06:13.767 26638 26701 E LocationManagerCompat: 	at ayiw.a(:com.google.android.gms@17455055@17.4.55 (110400-248795830):2)
08-05 17:06:13.767 26638 26701 E LocationManagerCompat: 	at aymn.a(:com.google.android.gms@17455055@17.4.55 (110400-248795830):1)
08-05 17:06:13.767 26638 26701 E LocationManagerCompat: 	at aymx.handleMessage(:com.google.android.gms@17455055@17.4.55 (110400-248795830):4)
08-05 17:06:13.767 26638 26701 E LocationManagerCompat: 	at android.os.Handler.dispatchMessage(Handler.java:106)
08-05 17:06:13.767 26638 26701 E LocationManagerCompat: 	at aagz.a(:com.google.android.gms@17455055@17.4.55 (110400-248795830):3)
08-05 17:06:13.767 26638 26701 E LocationManagerCompat: 	at aagz.dispatchMessage(:com.google.android.gms@17455055@17.4.55 (110400-248795830):4)
08-05 17:06:13.767 26638 26701 E LocationManagerCompat: 	at azws.a(:com.google.android.gms@17455055@17.4.55 (110400-248795830):5)
08-05 17:06:13.767 26638 26701 E LocationManagerCompat: 	at aagz.dispatchMessage(:com.google.android.gms@17455055@17.4.55 (110400-248795830):4)
08-05 17:06:13.767 26638 26701 E LocationManagerCompat: 	at android.os.Looper.loop(Looper.java:164)
08-05 17:06:13.767 26638 26701 E LocationManagerCompat: 	at android.os.HandlerThread.run(HandlerThread.java:65)
08-05 17:06:13.773 26638 26701 E AndroidRuntime: FATAL EXCEPTION: FlpThread
08-05 17:06:13.773 26638 26701 E AndroidRuntime: Process: com.google.android.gms.persistent, PID: 26638
08-05 17:06:13.773 26638 26701 E AndroidRuntime: java.lang.SecurityException: "passive" location provider requires ACCESS_FINE_LOCATION permission.
08-05 17:06:13.773 26638 26701 E AndroidRuntime: 	at android.os.Parcel.readException(Parcel.java:2013)
08-05 17:06:13.773 26638 26701 E AndroidRuntime: 	at android.os.Parcel.readException(Parcel.java:1959)
08-05 17:06:13.773 26638 26701 E AndroidRuntime: 	at android.location.ILocationManager$Stub$Proxy.requestLocationUpdates(ILocationManager.java:691)
08-05 17:06:13.773 26638 26701 E AndroidRuntime: 	at android.location.LocationManager.requestLocationUpdates(LocationManager.java:900)
08-05 17:06:13.773 26638 26701 E AndroidRuntime: 	at android.location.LocationManager.requestLocationUpdates(LocationManager.java:504)
08-05 17:06:13.773 26638 26701 E AndroidRuntime: 	at azwe.a(:com.google.android.gms@17455055@17.4.55 (110400-248795830):9)
08-05 17:06:13.773 26638 26701 E AndroidRuntime: 	at azwd.a(:com.google.android.gms@17455055@17.4.55 (110400-248795830):3)
08-05 17:06:13.773 26638 26701 E AndroidRuntime: 	at azwg.a(Unknown Source:0)
08-05 17:06:13.773 26638 26701 E AndroidRuntime: 	at ayov.a(:com.google.android.gms@17455055@17.4.55 (110400-248795830):8)
08-05 17:06:13.773 26638 26701 E AndroidRuntime: 	at ayoy.f(Unknown Source:7)
08-05 17:06:13.773 26638 26701 E AndroidRuntime: 	at ayoy.c(:com.google.android.gms@17455055@17.4.55 (110400-248795830):2)
08-05 17:06:13.773 26638 26701 E AndroidRuntime: 	at com.google.android.location.fused.FusionEngine.a(:com.google.android.gms@17455055@17.4.55 (110400-248795830):108)
08-05 17:06:13.773 26638 26701 E AndroidRuntime: 	at aymb.a(:com.google.android.gms@17455055@17.4.55 (110400-248795830):16)
08-05 17:06:13.773 26638 26701 E AndroidRuntime: 	at ayjd.a(:com.google.android.gms@17455055@17.4.55 (110400-248795830):5)
08-05 17:06:13.773 26638 26701 E AndroidRuntime: 	at ayja.a(:com.google.android.gms@17455055@17.4.55 (110400-248795830):5)
08-05 17:06:13.773 26638 26701 E AndroidRuntime: 	at aykz.a(:com.google.android.gms@17455055@17.4.55 (110400-248795830):12)
08-05 17:06:13.773 26638 26701 E AndroidRuntime: 	at com.google.android.location.fused.StationaryThrottlingEngine.a(:com.google.android.gms@17455055@17.4.55 (110400-248795830):12)
08-05 17:06:13.773 26638 26701 E AndroidRuntime: 	at ayiu.a(:com.google.android.gms@17455055@17.4.55 (110400-248795830):5)
08-05 17:06:13.773 26638 26701 E AndroidRuntime: 	at ayma.a(:com.google.android.gms@17455055@17.4.55 (110400-248795830):3)
08-05 17:06:13.773 26638 26701 E AndroidRuntime: 	at com.google.android.location.fused.StationaryThrottlingEngine.a(:com.google.android.gms@17455055@17.4.55 (110400-248795830):12)
08-05 17:06:13.773 26638 26701 E AndroidRuntime: 	at aynj.a(:com.google.android.gms@17455055@17.4.55 (110400-248795830):3)
08-05 17:06:13.773 26638 26701 E AndroidRuntime: 	at ayiw.a(:com.google.android.gms@17455055@17.4.55 (110400-248795830):2)
08-05 17:06:13.773 26638 26701 E AndroidRuntime: 	at aymn.a(:com.google.android.gms@17455055@17.4.55 (110400-248795830):1)
08-05 17:06:13.773 26638 26701 E AndroidRuntime: 	at aymx.handleMessage(:com.google.android.gms@17455055@17.4.55 (110400-248795830):4)
08-05 17:06:13.773 26638 26701 E AndroidRuntime: 	at android.os.Handler.dispatchMessage(Handler.java:106)
