--------- beginning of system
08-05 16:25:51.236  2691  2691 I Telephony: PstnIncomingCallNotifier: Unregistering: Handler (com.qualcomm.qti.internal.telephony.QtiGsmCdmaPhone) {7907f55}
08-05 16:25:51.266   916  4174 I chatty  : uid=1000(system) Binder:916_F expire 4 lines
08-05 16:25:51.273  2691  2691 I Telephony: AccountEntry: Registered phoneAccount: [[ ] PhoneAccount: ComponentInfo{com.android.phone/com.android.services.telephony.TelephonyConnectionService}, [14d862c1c64e05cc4d1f5d328262495897e420c1], UserHandle{0} Capabilities: CallProvider MultiUser PlaceEmerg SimSub  Audio Routes: BESW Schemes: tel voicemail  Extras: Bundle[{android.telecom.extra.SUPPORTS_VIDEO_CALLING_FALLBACK=false, android.telecom.extra.SORT_ORDER=0}] GroupId: [da39a3ee5e6b4b0d3255bfef95601890afd80709]] with handle: ComponentInfo{com.android.phone/com.android.services.telephony.TelephonyConnectionService}, [14d862c1c64e05cc4d1f5d328262495897e420c1], UserHandle{0}
08-05 16:25:51.274  2691  2691 I Telephony: PstnIncomingCallNotifier: Registering: Handler (com.qualcomm.qti.internal.telephony.QtiGsmCdmaPhone) {7907f55}
08-05 16:25:51.404  2691  2691 I Telephony: PstnPhoneCapabilitiesNotifier: handleVideoCapabilitesChanged. Video capability - false
08-05 16:25:54.270  2691  2691 I Telephony: GsmConnection: isAddParticipantCapable: isCapable = false
08-05 16:25:54.270  2691  2691 I Telephony: GsmConnection: isAddParticipantCapable: isCapable = false
08-05 16:25:54.978   916   916 I chatty  : uid=1000 system_server expire 1 line
08-05 16:25:54.981   916  4174 I chatty  : uid=1000(system) Binder:916_F expire 1 line
08-05 16:25:59.655   916  5332 I chatty  : uid=1000(system) Binder:916_1E expire 1 line
08-05 16:25:59.851   916   996 I chatty  : uid=1000(system) ActivityManager expire 5 lines
08-05 16:25:59.885   916  4829 I chatty  : uid=1000(system) Binder:916_15 expire 5 lines
08-05 16:26:01.752  2691  2691 I Telephony: GsmConnection: isAddParticipantCapable: isCapable = false
08-05 16:26:01.752  2691  2691 I Telephony: GsmConnection: isAddParticipantCapable: isCapable = false
08-05 16:26:01.753   916  5176 I chatty  : uid=1000(system) Binder:916_1B expire 19 lines
08-05 16:26:01.759   916  2792 I chatty  : uid=1000(system) CallAudioModeSt expire 1 line
08-05 16:26:02.175   916  4953 I chatty  : uid=1000(system) Binder:916_17 expire 1 line
08-05 16:26:02.650   916  5437 I chatty  : uid=1000(system) Binder:916_20 expire 8 lines
08-05 16:26:06.695   916   996 I chatty  : uid=1000(system) ActivityManager expire 4 lines
08-05 16:26:07.807   916  5118 I chatty  : uid=1000(system) Binder:916_1A expire 2 lines
08-05 16:26:08.158   916  4829 I chatty  : uid=1000(system) Binder:916_15 expire 7 lines
08-05 16:26:13.811   916  3314 I chatty  : uid=1000(system) Binder:916_A expire 2 lines
08-05 16:26:13.820   916   956 I chatty  : uid=1000(system) Binder:916_2 expire 11 lines
08-05 16:26:13.824  2691  2691 I Telephony: GsmConnection: isAddParticipantCapable: isCapable = false
08-05 16:26:13.824  2691  2691 I Telephony: GsmConnection: isAddParticipantCapable: isCapable = false
08-05 16:26:13.827   916  2789 I chatty  : uid=1000(system) uteStateMachine expire 1 line
08-05 16:26:13.830   916  2792 I chatty  : uid=1000(system) CallAudioModeSt expire 3 lines
08-05 16:26:13.835   916  2784 I chatty  : uid=1000(system) BluetoothRouteM expire 2 lines
08-05 16:26:13.878   916  2746 I chatty  : uid=1000(system) Binder:916_8 expire 1 line
08-05 16:26:13.881   916   956 I chatty  : uid=1000(system) Binder:916_2 expire 15 lines
08-05 16:26:13.883   916  2789 I chatty  : uid=1000(system) uteStateMachine expire 8 lines
08-05 16:26:14.315   916  2792 I chatty  : uid=1000(system) CallAudioModeSt expire 2 lines
08-05 16:26:14.889   916  4093 I chatty  : uid=1000(system) Binder:916_E expire 1 line
08-05 16:26:15.333   916  2407 I chatty  : uid=1000(system) ConnectivitySer expire 1 line
08-05 16:26:15.425   916  2399 I chatty  : uid=1000(system) NetworkPolicy expire 3 lines
08-05 16:26:15.689   916  3314 I chatty  : uid=1000(system) Binder:916_A expire 1 line
08-05 16:26:15.907   916   916 I chatty  : uid=1000 system_server expire 1 line
08-05 16:26:15.952   916   996 I chatty  : uid=1000(system) ActivityManager expire 2 lines
08-05 16:26:16.006   916  4612 I chatty  : uid=1000(system) Binder:916_12 expire 16 lines
08-05 16:26:19.170   916   996 I chatty  : uid=1000(system) ActivityManager expire 5 lines
08-05 16:26:21.704   472   472 I wificond: Enters wifigbk_ageOutHistory
08-05 16:26:21.708   472   472 I wificond: Enters wifigbk_ageOutHistory
08-05 16:26:34.624   916  3314 I chatty  : uid=1000(system) Binder:916_A expire 8 lines
08-05 16:26:35.704   916   955 I chatty  : uid=1000(system) Binder:916_1 expire 1 line
08-05 16:26:37.079   916  2407 I chatty  : uid=1000(system) ConnectivitySer expire 4 lines
08-05 16:26:37.172   916  2399 I chatty  : uid=1000(system) NetworkPolicy expire 6 lines
08-05 16:26:38.162   916  3314 I chatty  : uid=1000(system) Binder:916_A expire 2 lines
08-05 16:26:38.169   916   916 I chatty  : uid=1000 system_server expire 22 lines
08-05 16:26:38.500   916  4829 I chatty  : uid=1000(system) Binder:916_15 expire 1 line
08-05 16:26:38.514   916  4612 I chatty  : uid=1000(system) Binder:916_12 expire 1 line
08-05 16:26:38.515   916  5011 I chatty  : uid=1000(system) Binder:916_18 expire 8 lines
08-05 16:26:38.517  2691  2691 I Telephony: TelephonyConnectionService: onCreateIncomingConnection, request: ConnectionRequest xxxxxxxxxxxxxxxxxxx Bundle[mParcelledData.dataSize=508]: (SBC.oSC)->CS.crCo->H.CS.crCo->H.CS.crCo.pICR@E-AXQ
08-05 16:26:38.536  2691  2691 I Telephony: GsmConnection: isAddParticipantCapable: isCapable = false: (SBC.oSC)->CS.crCo->H.CS.crCo->H.CS.crCo.pICR@E-AXQ
08-05 16:26:38.559  2691  2691 I chatty  : uid=1001(radio) com.android.phone identical 2 lines
08-05 16:26:38.560  2691  2691 I Telephony: GsmConnection: isAddParticipantCapable: isCapable = false: (SBC.oSC)->CS.crCo->H.CS.crCo->H.CS.crCo.pICR@E-AXQ
08-05 16:26:38.576   916  8821 I chatty  : uid=1000 system_server expire 1 line
08-05 16:26:38.580  2691  2691 I Telephony: TelephonyConnectionService: notifyCreateConnectionComplete TC@2_1: (...->CSW.hCCC)->CS.crCoC->H.CS.crCoC@E-E-E-AXQ
08-05 16:26:38.581  2691  2691 I Telephony: TelephonyConnectionService: updatePhoneAccount setPhoneAccountHandle, account = ComponentInfo{com.android.phone/com.android.services.telephony.TelephonyConnectionService}, [14d862c1c64e05cc4d1f5d328262495897e420c1], UserHandle{0}: (...->CSW.hCCC)->CS.crCoC->H.CS.crCoC@E-E-E-AXQ
08-05 16:26:38.607   916  3825 I chatty  : uid=1000(system) Binder:916_C expire 1 line
08-05 16:26:38.688   916  2789 I chatty  : uid=1000(system) uteStateMachine expire 9 lines
08-05 16:26:38.689   916   916 I chatty  : uid=1000 system_server expire 7 lines
08-05 16:26:38.690   916  2792 I chatty  : uid=1000(system) CallAudioModeSt expire 4 lines
08-05 16:26:38.703   916  5011 I chatty  : uid=1000(system) Binder:916_18 expire 1 line
08-05 16:26:38.715   916  3314 I chatty  : uid=1000(system) Binder:916_A expire 1 line
08-05 16:26:38.746   916  8824 I chatty  : uid=1000 system_server expire 2 lines
08-05 16:26:38.905   916   996 I chatty  : uid=1000(system) ActivityManager expire 3 lines
08-05 16:26:38.977   916  4829 I chatty  : uid=1000(system) Binder:916_15 expire 9 lines
08-05 16:26:39.010   916  8840 I chatty  : uid=1000 system_server expire 3 lines
08-05 16:26:43.810   916   996 I chatty  : uid=1000(system) ActivityManager expire 4 lines
08-05 16:26:54.181   916  2417 I chatty  : uid=1000(system) Binder:916_3 expire 22 lines
08-05 16:26:54.182   916  2792 I chatty  : uid=1000(system) CallAudioModeSt expire 5 lines
08-05 16:26:54.182   916  4829 I chatty  : uid=1000(system) Binder:916_15 expire 2 lines
08-05 16:26:54.183   916  2789 I chatty  : uid=1000(system) uteStateMachine expire 8 lines
08-05 16:26:55.194  2691  2691 I Telephony: GsmConnection: isAddParticipantCapable: isCapable = false
08-05 16:26:55.195  2691  2691 I Telephony: GsmConnection: isAddParticipantCapable: isCapable = false
08-05 16:27:02.499   916  4829 I chatty  : uid=1000(system) Binder:916_15 expire 1 line
08-05 16:27:02.682   916  3382 I chatty  : uid=1000(system) Binder:916_B expire 25 lines
08-05 16:27:02.700  2691  2691 I Telephony: GsmConnection: isAddParticipantCapable: isCapable = false
08-05 16:27:02.700  2691  2691 I Telephony: GsmConnection: isAddParticipantCapable: isCapable = false
08-05 16:27:02.714   916  2792 I chatty  : uid=1000(system) CallAudioModeSt expire 5 lines
08-05 16:27:02.728   916   996 I chatty  : uid=1000(system) ActivityManager expire 1 line
08-05 16:27:02.758   916  2784 I chatty  : uid=1000(system) BluetoothRouteM expire 2 lines
08-05 16:27:02.841   916  2417 I chatty  : uid=1000(system) Binder:916_3 expire 1 line
08-05 16:27:03.324   916  2407 I chatty  : uid=1000(system) ConnectivitySer expire 4 lines
08-05 16:27:03.398   916  2789 I chatty  : uid=1000(system) uteStateMachine expire 5 lines
08-05 16:27:03.473   916  2399 I chatty  : uid=1000(system) NetworkPolicy expire 9 lines
08-05 16:27:04.860   916   916 I chatty  : uid=1000 system_server expire 1 line
08-05 16:27:05.759   916  2417 I chatty  : uid=1000(system) Binder:916_3 expire 2 lines
08-05 16:27:05.916   916  4174 I chatty  : uid=1000(system) Binder:916_F expire 1 line
08-05 16:27:06.058   916   996 I chatty  : uid=1000(system) ActivityManager expire 5 lines
08-05 16:27:06.102   916  4069 I chatty  : uid=1000(system) Binder:916_D expire 12 lines
08-05 16:27:08.517   916  2742 I chatty  : uid=1000(system) Binder:916_7 expire 10 lines
08-05 16:27:08.564   916   996 I chatty  : uid=1000(system) ActivityManager expire 11 lines
08-05 16:27:21.260   916   997 I chatty  : uid=1000(system) android.ui expire 1 line
08-05 16:27:22.586   916  5118 I chatty  : uid=1000(system) Binder:916_1A expire 4 lines
08-05 16:27:25.376   916  3382 I chatty  : uid=1000(system) Binder:916_B expire 15 lines
08-05 16:27:41.698   472   472 I wificond: Enters wifigbk_ageOutHistory
08-05 16:27:41.703   472   472 I wificond: Enters wifigbk_ageOutHistory
08-05 16:27:42.415   916  4767 I chatty  : uid=1000(system) Binder:916_14 expire 2 lines
08-05 16:27:45.296   916  3382 I chatty  : uid=1000(system) Binder:916_B expire 8 lines
08-05 16:28:03.855   916   996 I chatty  : uid=1000(system) ActivityManager expire 6 lines
08-05 16:28:11.033   916   916 I chatty  : uid=1000 system_server expire 4 lines
08-05 16:29:07.097   916  5011 I chatty  : uid=1000(system) Binder:916_18 expire 2 lines
08-05 16:29:07.103   916  4093 I chatty  : uid=1000(system) Binder:916_E expire 1 line
08-05 16:29:07.429   916  2563 I chatty  : uid=1000(system) Binder:916_5 expire 9 lines
08-05 16:29:09.487   916  1159 I chatty  : uid=1000(system) PowerManagerSer expire 5 lines
08-05 16:29:09.814   916  1019 I chatty  : uid=1000(system) android.display expire 1 line
08-05 16:29:09.830   916  1017 I chatty  : uid=1000(system) android.fg expire 2 lines
08-05 16:29:09.860   916   997 I chatty  : uid=1000(system) android.ui expire 1 line
08-05 16:29:09.951   916  4466 I chatty  : uid=1000(system) Binder:916_11 expire 1 line
08-05 16:29:09.965   916  4707 I chatty  : uid=1000(system) Binder:916_13 expire 13 lines
08-05 16:29:10.042   472   472 I wificond: Pno scan started
08-05 16:29:10.198   916  4895 I chatty  : uid=1000(system) Binder:916_16 expire 10 lines
08-05 16:29:10.346   916   996 I chatty  : uid=1000(system) ActivityManager expire 12 lines
08-05 16:29:14.938  2461  2461 V KeyguardStatusView: refresh statusview showing:true
08-05 16:29:14.950  2461  2461 V KeyguardDisplayManager: show
08-05 16:29:45.306   916  2392 I chatty  : uid=1000(system) InputReader expire 2 lines
08-05 16:29:45.312   916  1159 I chatty  : uid=1000(system) PowerManagerSer expire 10 lines
08-05 16:29:45.320   916  1019 I chatty  : uid=1000(system) android.display expire 12 lines
08-05 16:29:45.385   472   472 I wificond: Pno scan stopped
08-05 16:29:45.842   916  1017 I chatty  : uid=1000(system) android.fg expire 13 lines
08-05 16:29:45.875   916  2563 I chatty  : uid=1000(system) Binder:916_5 expire 10 lines
08-05 16:29:45.900   472   472 I wificond: Enters wifigbk_ageOutHistory
08-05 16:29:45.909   472   472 I wificond: Enters wifigbk_ageOutHistory
08-05 16:29:55.228   916   999 I chatty  : uid=1000(system) batterystats-wo expire 2 lines
08-05 16:29:55.734   472   472 I wificond: Pno scan started
08-05 16:30:05.954   472   472 I wificond: Pno scan stopped
08-05 16:30:06.435   916  1159 I chatty  : uid=1000(system) PowerManagerSer expire 8 lines
08-05 16:30:06.516   472   472 I wificond: Enters wifigbk_ageOutHistory
08-05 16:30:06.523   472   472 I wificond: Enters wifigbk_ageOutHistory
08-05 16:30:07.519  2461  2461 V KeyguardDisplayManager: hide
08-05 16:30:26.531   472   472 I wificond: Enters wifigbk_ageOutHistory
08-05 16:30:26.536   472   472 I wificond: Enters wifigbk_ageOutHistory
08-05 16:30:30.400   916  2391 I chatty  : uid=1000(system) InputDispatcher expire 7 lines
08-05 16:30:34.745   916   916 I chatty  : uid=1000 system_server expire 30 lines
08-05 16:30:34.771   916  2792 I chatty  : uid=1000(system) CallAudioModeSt expire 9 lines
08-05 16:30:34.772   916  2789 I chatty  : uid=1000(system) uteStateMachine expire 13 lines
08-05 16:30:34.817   916  4895 I chatty  : uid=1000(system) Binder:916_16 expire 7 lines
08-05 16:30:34.968   916  5384 I chatty  : uid=1000(system) Binder:916_1F expire 32 lines
08-05 16:30:35.296   916  5280 I chatty  : uid=1000(system) Binder:916_1D expire 11 lines
08-05 16:30:35.297  2691  2691 I Telephony: TelephonyConnectionService: onCreateOutgoingConnection, request: ConnectionRequest xxxxxxxxxxxxxxxxxxx Bundle[mParcelledData.dataSize=836]: (SBC.oSC)->CS.crCo->H.CS.crCo->H.CS.crCo.pICR@E-AkA
08-05 16:30:35.313  2691  2691 I Telephony: TelephonyConnectionService: updatePhoneAccount setPhoneAccountHandle, account = ComponentInfo{com.android.phone/com.android.services.telephony.TelephonyConnectionService}, [14d862c1c64e05cc4d1f5d328262495897e420c1], UserHandle{0}: (SBC.oSC)->CS.crCo->H.CS.crCo->H.CS.crCo.pICR@E-AkA
08-05 16:30:35.364  2691  2691 I Telephony: GsmConnection: isAddParticipantCapable: isCapable = false: (SBC.oSC)->CS.crCo->H.CS.crCo->H.CS.crCo.pICR@E-AkA
08-05 16:30:35.378  2691  2691 I chatty  : uid=1001(radio) com.android.phone identical 2 lines
08-05 16:30:35.378  2691  2691 I Telephony: GsmConnection: isAddParticipantCapable: isCapable = false: (SBC.oSC)->CS.crCo->H.CS.crCo->H.CS.crCo.pICR@E-AkA
08-05 16:30:35.384   916  4466 I chatty  : uid=1000(system) Binder:916_11 expire 24 lines
08-05 16:30:35.417  2691  2691 I Telephony: TelephonyConnectionService: notifyCreateConnectionComplete TC@3_1: (...->CSW.hCCC)->CS.crCoC->H.CS.crCoC@E-E-E-AkA
08-05 16:30:35.424  2691  2691 I Telephony: TelephonyConnectionService: updatePhoneAccount setPhoneAccountHandle, account = ComponentInfo{com.android.phone/com.android.services.telephony.TelephonyConnectionService}, [14d862c1c64e05cc4d1f5d328262495897e420c1], UserHandle{0}: (...->CSW.hCCC)->CS.crCoC->H.CS.crCoC@E-E-E-AkA
08-05 16:30:35.462  2691  2691 I Telephony: GsmConnection: isAddParticipantCapable: isCapable = false
08-05 16:30:35.464  2691  2691 I Telephony: GsmConnection: isAddParticipantCapable: isCapable = false
08-05 16:30:40.186   916  2407 I chatty  : uid=1000(system) ConnectivitySer expire 8 lines
08-05 16:30:40.236  2691  2691 I Telephony: PstnIncomingCallNotifier: Unregistering: Handler (com.qualcomm.qti.internal.telephony.QtiGsmCdmaPhone) {7907f55}
08-05 16:30:40.266   916  2399 I chatty  : uid=1000(system) NetworkPolicy expire 13 lines
08-05 16:30:40.287   916  3825 I chatty  : uid=1000(system) Binder:916_C expire 17 lines
08-05 16:30:40.294  2691  2691 I Telephony: AccountEntry: Registered phoneAccount: [[ ] PhoneAccount: ComponentInfo{com.android.phone/com.android.services.telephony.TelephonyConnectionService}, [14d862c1c64e05cc4d1f5d328262495897e420c1], UserHandle{0} Capabilities: CallProvider MultiUser PlaceEmerg SimSub  Audio Routes: BESW Schemes: tel voicemail  Extras: Bundle[{android.telecom.extra.SUPPORTS_VIDEO_CALLING_FALLBACK=false, android.telecom.extra.SORT_ORDER=0}] GroupId: [da39a3ee5e6b4b0d3255bfef95601890afd80709]] with handle: ComponentInfo{com.android.phone/com.android.services.telephony.TelephonyConnectionService}, [14d862c1c64e05cc4d1f5d328262495897e420c1], UserHandle{0}
08-05 16:30:40.294  2691  2691 I Telephony: PstnIncomingCallNotifier: Registering: Handler (com.qualcomm.qti.internal.telephony.QtiGsmCdmaPhone) {7907f55}
08-05 16:30:40.424  2691  2691 I Telephony: PstnPhoneCapabilitiesNotifier: handleVideoCapabilitesChanged. Video capability - false
08-05 16:30:40.451   916  4612 I chatty  : uid=1000(system) Binder:916_12 expire 15 lines
08-05 16:30:43.409  2691  2691 I Telephony: GsmConnection: isAddParticipantCapable: isCapable = false
08-05 16:30:43.410  2691  2691 I Telephony: GsmConnection: isAddParticipantCapable: isCapable = false
08-05 16:30:49.725  2691  2691 I Telephony: GsmConnection: isAddParticipantCapable: isCapable = false
08-05 16:30:49.726  2691  2691 I Telephony: GsmConnection: isAddParticipantCapable: isCapable = false
08-05 16:30:49.743   916  5280 I chatty  : uid=1000(system) Binder:916_1D expire 10 lines
08-05 16:31:09.056   472   472 I wificond: Enters wifigbk_ageOutHistory
08-05 16:31:09.061   472   472 I wificond: Enters wifigbk_ageOutHistory
08-05 16:31:10.288   916  4466 I chatty  : uid=1000(system) Binder:916_11 expire 10 lines
08-05 16:31:12.468   916  3314 I chatty  : uid=1000(system) Binder:916_A expire 13 lines
08-05 16:31:14.351   916  2542 I chatty  : uid=1000(system) Binder:916_4 expire 15 lines
08-05 16:31:14.573  2691  2691 I Telephony: GsmConnection: isAddParticipantCapable: isCapable = false
08-05 16:31:14.574  2691  2691 I Telephony: GsmConnection: isAddParticipantCapable: isCapable = false
08-05 16:31:14.604   916  2789 I chatty  : uid=1000(system) uteStateMachine expire 9 lines
08-05 16:31:14.618   916  2784 I chatty  : uid=1000(system) BluetoothRouteM expire 2 lines
08-05 16:31:14.619   916   996 I chatty  : uid=1000(system) ActivityManager expire 18 lines
08-05 16:31:14.752   916  5384 I chatty  : uid=1000(system) Binder:916_1F expire 25 lines
08-05 16:31:16.751   916   916 I chatty  : uid=1000 system_server expire 10 lines
08-05 16:31:17.607   916  2742 I chatty  : uid=1000(system) Binder:916_7 expire 14 lines
08-05 16:31:19.637  2691  2691 I Telephony: PstnIncomingCallNotifier: Unregistering: Handler (com.qualcomm.qti.internal.telephony.QtiGsmCdmaPhone) {7907f55}
08-05 16:31:19.675  2691  2691 I Telephony: AccountEntry: Registered phoneAccount: [[ ] PhoneAccount: ComponentInfo{com.android.phone/com.android.services.telephony.TelephonyConnectionService}, [14d862c1c64e05cc4d1f5d328262495897e420c1], UserHandle{0} Capabilities: CallProvider MultiUser PlaceEmerg SimSub  Audio Routes: BESW Schemes: tel voicemail  Extras: Bundle[{android.telecom.extra.SUPPORTS_VIDEO_CALLING_FALLBACK=false, android.telecom.extra.SORT_ORDER=0}] GroupId: [da39a3ee5e6b4b0d3255bfef95601890afd80709]] with handle: ComponentInfo{com.android.phone/com.android.services.telephony.TelephonyConnectionService}, [14d862c1c64e05cc4d1f5d328262495897e420c1], UserHandle{0}
08-05 16:31:19.675  2691  2691 I Telephony: PstnIncomingCallNotifier: Registering: Handler (com.qualcomm.qti.internal.telephony.QtiGsmCdmaPhone) {7907f55}
08-05 16:31:19.713  2691  2691 I Telephony: PstnPhoneCapabilitiesNotifier: handleVideoCapabilitesChanged. Video capability - false
08-05 16:31:19.892   916  2399 I chatty  : uid=1000(system) NetworkPolicy expire 2 lines
08-05 16:31:20.594   916  4767 I chatty  : uid=1000(system) Binder:916_14 expire 22 lines
08-05 16:31:53.385   916   955 I chatty  : uid=1000(system) Binder:916_1 expire 10 lines
08-05 16:31:57.535   916  5176 I chatty  : uid=1000(system) Binder:916_1B expire 14 lines
08-05 16:32:27.366   916  5228 I chatty  : uid=1000(system) Binder:916_1C expire 16 lines
08-05 16:32:47.386   472   472 I wificond: Enters wifigbk_ageOutHistory
08-05 16:32:47.392   472   472 I wificond: Enters wifigbk_ageOutHistory
08-05 16:32:55.394   916   997 I chatty  : uid=1000(system) android.ui expire 7 lines
08-05 16:32:59.902   916   956 I chatty  : uid=1000(system) Binder:916_2 expire 12 lines
08-05 16:33:01.204   916  1017 I chatty  : uid=1000(system) android.fg expire 5 lines
08-05 16:33:01.240   916  5118 I chatty  : uid=1000(system) Binder:916_1A expire 17 lines
08-05 16:33:01.307   916  4093 I chatty  : uid=1000(system) Binder:916_E expire 18 lines
08-05 16:33:01.308   916  2747 I chatty  : uid=1000(system) Binder:916_9 expire 13 lines
08-05 16:33:01.383   916  2542 I chatty  : uid=1000(system) Binder:916_4 expire 13 lines
08-05 16:33:07.136   916   996 I chatty  : uid=1000(system) ActivityManager expire 36 lines
08-05 16:33:28.746   916   955 I chatty  : uid=1000(system) Binder:916_1 expire 15 lines
08-05 16:33:28.839   916  4264 I chatty  : uid=1000(system) Binder:916_10 expire 16 lines
08-05 16:33:41.576   916  2716 I chatty  : uid=1000(system) Binder:916_6 expire 10 lines
08-05 16:33:43.763   916  1018 I chatty  : uid=1000(system) android.io expire 11 lines
08-05 16:33:53.473   916  5280 I chatty  : uid=1000(system) Binder:916_1D expire 10 lines
08-05 16:34:09.542 10522 10522 W ViewRootImpl[AssetBrowserActivity]: Dropping event due to no window focus: KeyEvent { action=ACTION_DOWN, keyCode=KEYCODE_BACK, scanCode=158, metaState=0, flags=0x48, repeatCount=0, eventTime=768510, downTime=768510, deviceId=5, source=0x101 }
08-05 16:34:09.592 10522 10522 W ViewRootImpl[AssetBrowserActivity]: Cancelling event due to no window focus: KeyEvent { action=ACTION_UP, keyCode=KEYCODE_BACK, scanCode=158, metaState=0, flags=0x68, repeatCount=0, eventTime=768589, downTime=768510, deviceId=5, source=0x101 }
08-05 16:34:09.599 10522 10522 I chatty  : uid=10023(com.android.vending) identical 7 lines
08-05 16:34:09.599 10522 10522 W ViewRootImpl[AssetBrowserActivity]: Cancelling event due to no window focus: KeyEvent { action=ACTION_UP, keyCode=KEYCODE_BACK, scanCode=158, metaState=0, flags=0x68, repeatCount=0, eventTime=768589, downTime=768510, deviceId=5, source=0x101 }
08-05 16:34:16.871   916   956 I chatty  : uid=1000(system) Binder:916_2 expire 19 lines
08-05 16:34:18.327 11014 11091 E ActivityThread: Failed to find provider info for instantapp-dev-manager
08-05 16:34:19.662   916   996 I chatty  : uid=1000(system) ActivityManager expire 15 lines
08-05 16:34:20.763 11014 11036 V PackageManager: [edb4d42c-cdf8-464d-a90b-1f1cfcaa1cd6] Phase1 called; posting
08-05 16:34:20.766 11014 11014 D PackageManager: [edb4d42c-cdf8-464d-a90b-1f1cfcaa1cd6] Phase1 request; prefix: [-724971520, 420691968]
08-05 16:34:23.871   916  5384 I chatty  : uid=1000(system) Binder:916_1F expire 16 lines
08-05 16:34:23.872   916  5332 I chatty  : uid=1000(system) Binder:916_1E expire 44 lines
08-05 16:34:24.825   916  4612 I chatty  : uid=1000(system) Binder:916_12 expire 14 lines
08-05 16:34:25.488 11145 11193 E ActivityThread: Failed to find provider info for instantapp-dev-manager
08-05 16:34:26.633   916  2417 I chatty  : uid=1000(system) Binder:916_3 expire 16 lines
08-05 16:34:28.934   916  4707 I chatty  : uid=1000(system) Binder:916_13 expire 13 lines
08-05 16:34:30.700 11216 11256 E ActivityThread: Failed to find provider info for instantapp-dev-manager
08-05 16:34:32.057   916  5437 I chatty  : uid=1000(system) Binder:916_20 expire 13 lines
08-05 16:34:33.434 11283 11330 E ActivityThread: Failed to find provider info for instantapp-dev-manager
08-05 16:34:34.424   916  4466 I chatty  : uid=1000(system) Binder:916_11 expire 15 lines
08-05 16:34:38.360 11346 11387 E ActivityThread: Failed to find provider info for instantapp-dev-manager
08-05 16:34:39.191   916  3314 I chatty  : uid=1000(system) Binder:916_A expire 13 lines
08-05 16:34:39.191   916   916 I chatty  : uid=1000 system_server expire 11 lines
08-05 16:34:39.194   916  4174 I chatty  : uid=1000(system) Binder:916_F expire 25 lines
08-05 16:34:40.235   916   996 I chatty  : uid=1000(system) ActivityManager expire 13 lines
08-05 16:34:41.494 11401 11442 E ActivityThread: Failed to find provider info for instantapp-dev-manager
08-05 16:34:45.445 11458 11502 E ActivityThread: Failed to find provider info for instantapp-dev-manager
08-05 16:34:46.296   916  2716 I chatty  : uid=1000(system) Binder:916_6 expire 15 lines
08-05 16:34:48.462 11526 11568 E ActivityThread: Failed to find provider info for instantapp-dev-manager
08-05 16:34:48.693   916  1018 I chatty  : uid=1000(system) android.io expire 34 lines
08-05 16:34:49.273   916  5176 I chatty  : uid=1000(system) Binder:916_1B expire 14 lines
08-05 16:34:52.606 11582 11626 E ActivityThread: Failed to find provider info for instantapp-dev-manager
08-05 16:34:55.790 11644 11684 E ActivityThread: Failed to find provider info for instantapp-dev-manager
08-05 16:34:56.614   916  5011 I chatty  : uid=1000(system) Binder:916_18 expire 12 lines
08-05 16:34:58.594   916  5332 I chatty  : uid=1000(system) Binder:916_1E expire 20 lines
08-05 16:34:59.803 11698 11739 E ActivityThread: Failed to find provider info for instantapp-dev-manager
08-05 16:34:59.820   916   916 I chatty  : uid=1000 system_server expire 15 lines
08-05 16:35:01.434   916   996 I chatty  : uid=1000(system) ActivityManager expire 13 lines
08-05 16:35:01.539   916  2417 I chatty  : uid=1000(system) Binder:916_3 expire 17 lines
08-05 16:35:01.542   916  4767 I chatty  : uid=1000(system) Binder:916_14 expire 14 lines
08-05 16:35:03.797 11762 11805 E ActivityThread: Failed to find provider info for instantapp-dev-manager
08-05 16:35:07.830 11826 11867 E ActivityThread: Failed to find provider info for instantapp-dev-manager
08-05 16:35:11.043 11884 11926 E ActivityThread: Failed to find provider info for instantapp-dev-manager
08-05 16:35:14.014 11940 11980 E ActivityThread: Failed to find provider info for instantapp-dev-manager
08-05 16:35:14.880   916   996 I chatty  : uid=1000(system) ActivityManager expire 15 lines
08-05 16:35:14.923   916  4069 I chatty  : uid=1000(system) Binder:916_D expire 12 lines
08-05 16:35:14.924   916  5176 I chatty  : uid=1000(system) Binder:916_1B expire 13 lines
08-05 16:35:20.095 11996 12037 E ActivityThread: Failed to find provider info for instantapp-dev-manager
08-05 16:35:21.143   916  2746 I chatty  : uid=1000(system) Binder:916_8 expire 18 lines
08-05 16:35:25.671   916  4767 I chatty  : uid=1000(system) Binder:916_14 expire 16 lines
08-05 16:35:26.646   916   916 I chatty  : uid=1000 system_server expire 20 lines
08-05 16:35:27.473   472   472 I wificond: Enters wifigbk_ageOutHistory
08-05 16:35:27.475   472   472 I wificond: Enters wifigbk_ageOutHistory
08-05 16:35:28.160 12076 12166 E ActivityThread: Failed to find provider info for instantapp-dev-manager
08-05 16:35:29.134   916  4093 I chatty  : uid=1000(system) Binder:916_E expire 26 lines
08-05 16:35:31.417 12188 12231 E ActivityThread: Failed to find provider info for instantapp-dev-manager
08-05 16:35:31.695   916  1018 I chatty  : uid=1000(system) android.io expire 11 lines
08-05 16:35:34.976 12246 12297 E ActivityThread: Failed to find provider info for instantapp-dev-manager
08-05 16:35:38.179 12312 12352 E ActivityThread: Failed to find provider info for instantapp-dev-manager
08-05 16:35:41.004   916  4612 I chatty  : uid=1000(system) Binder:916_12 expire 14 lines
08-05 16:35:42.201 12371 12411 E ActivityThread: Failed to find provider info for instantapp-dev-manager
08-05 16:35:42.214   916   916 I chatty  : uid=1000 system_server expire 10 lines
08-05 16:35:43.001   916   996 I chatty  : uid=1000(system) ActivityManager expire 12 lines
08-05 16:35:43.047   916  4466 I chatty  : uid=1000(system) Binder:916_11 expire 12 lines
08-05 16:35:45.261 12425 12471 E ActivityThread: Failed to find provider info for instantapp-dev-manager
08-05 16:35:46.220   916  4069 I chatty  : uid=1000(system) Binder:916_D expire 17 lines
08-05 16:35:46.221   916  3314 I chatty  : uid=1000(system) Binder:916_A expire 12 lines
08-05 16:35:49.316 12487 12529 E ActivityThread: Failed to find provider info for instantapp-dev-manager
08-05 16:35:52.369 12542 12583 E ActivityThread: Failed to find provider info for instantapp-dev-manager
08-05 16:35:53.358   916  2742 I chatty  : uid=1000(system) Binder:916_7 expire 15 lines
08-05 16:35:56.401 12602 12644 E ActivityThread: Failed to find provider info for instantapp-dev-manager
08-05 16:35:57.243   916  4093 I chatty  : uid=1000(system) Binder:916_E expire 16 lines
08-05 16:35:57.246   916  5332 I chatty  : uid=1000(system) Binder:916_1E expire 21 lines
08-05 16:35:58.285   916   996 I chatty  : uid=1000(system) ActivityManager expire 25 lines
08-05 16:35:59.383 12658 12697 E ActivityThread: Failed to find provider info for instantapp-dev-manager
08-05 16:35:59.407   916   916 I chatty  : uid=1000 system_server expire 11 lines
08-05 16:36:02.461 12713 12752 E ActivityThread: Failed to find provider info for instantapp-dev-manager
08-05 16:36:03.512   916  2542 I chatty  : uid=1000(system) Binder:916_4 expire 17 lines
08-05 16:36:08.652 12772 12812 E ActivityThread: Failed to find provider info for instantapp-dev-manager
08-05 16:36:11.740 12830 12868 E ActivityThread: Failed to find provider info for instantapp-dev-manager
08-05 16:36:12.107   916  1018 I chatty  : uid=1000(system) android.io expire 42 lines
08-05 16:36:14.410 12887 12949 E ActivityThread: Failed to find provider info for instantapp-dev-manager
08-05 16:36:14.420   916   916 I chatty  : uid=1000 system_server expire 20 lines
08-05 16:36:15.905   916  2563 I chatty  : uid=1000(system) Binder:916_5 expire 16 lines
08-05 16:36:16.743   916  4174 I chatty  : uid=1000(system) Binder:916_F expire 22 lines
08-05 16:36:16.745   916   996 I chatty  : uid=1000(system) ActivityManager expire 13 lines
08-05 16:36:17.148 13018 13059 E ActivityThread: Failed to find provider info for instantapp-dev-manager
08-05 16:36:18.257   916  5118 I chatty  : uid=1000(system) Binder:916_1A expire 13 lines
08-05 16:36:20.573 13081 13132 E ActivityThread: Failed to find provider info for instantapp-dev-manager
08-05 16:36:21.515   916  4707 I chatty  : uid=1000(system) Binder:916_13 expire 14 lines
08-05 16:36:27.799 13151 13192 E ActivityThread: Failed to find provider info for instantapp-dev-manager
08-05 16:36:28.040   916  1018 I chatty  : uid=1000(system) android.io expire 46 lines
08-05 16:36:28.727   916   916 I chatty  : uid=1000 system_server expire 11 lines
08-05 16:36:28.728   916  5011 I chatty  : uid=1000(system) Binder:916_18 expire 12 lines
08-05 16:36:30.965 13207 13248 E ActivityThread: Failed to find provider info for instantapp-dev-manager
08-05 16:36:31.761   916  4953 I chatty  : uid=1000(system) Binder:916_17 expire 1 line
08-05 16:36:35.010 13264 13305 E ActivityThread: Failed to find provider info for instantapp-dev-manager
08-05 16:36:37.100   916   996 I chatty  : uid=1000(system) ActivityManager expire 13 lines
08-05 16:36:38.299 13323 13363 E ActivityThread: Failed to find provider info for instantapp-dev-manager
08-05 16:36:41.551 13382 13431 E ActivityThread: Failed to find provider info for instantapp-dev-manager
08-05 16:36:42.557   916  5280 I chatty  : uid=1000(system) Binder:916_1D expire 13 lines
08-05 16:36:46.535   916   916 I chatty  : uid=1000 system_server expire 24 lines
08-05 16:36:46.968   916  4612 I chatty  : uid=1000(system) Binder:916_12 expire 3 lines
08-05 16:36:48.043 13451 13520 E ActivityThread: Failed to find provider info for instantapp-dev-manager
08-05 16:36:48.839   916  1018 I chatty  : uid=1000(system) android.io expire 12 lines
08-05 16:36:50.890 13580 13623 E ActivityThread: Failed to find provider info for instantapp-dev-manager
08-05 16:36:55.885 13643 13684 E ActivityThread: Failed to find provider info for instantapp-dev-manager
08-05 16:36:58.008   916   996 I chatty  : uid=1000(system) ActivityManager expire 13 lines
08-05 16:36:59.205 13712 13752 E ActivityThread: Failed to find provider info for instantapp-dev-manager
08-05 16:37:00.188   916  5118 I chatty  : uid=1000(system) Binder:916_1A expire 13 lines
08-05 16:37:03.235 13767 13808 E ActivityThread: Failed to find provider info for instantapp-dev-manager
08-05 16:37:04.190   916  5176 I chatty  : uid=1000(system) Binder:916_1B expire 3 lines
08-05 16:37:06.461 13824 13874 E ActivityThread: Failed to find provider info for instantapp-dev-manager
08-05 16:37:06.477   916   916 I chatty  : uid=1000 system_server expire 10 lines
08-05 16:37:07.450   916  3382 I chatty  : uid=1000(system) Binder:916_B expire 13 lines
08-05 16:37:10.486 13902 13944 E ActivityThread: Failed to find provider info for instantapp-dev-manager
08-05 16:37:13.741 13960 14002 E ActivityThread: Failed to find provider info for instantapp-dev-manager
08-05 16:37:17.799 14019 14060 E ActivityThread: Failed to find provider info for instantapp-dev-manager
08-05 16:37:18.805   916   996 I chatty  : uid=1000(system) ActivityManager expire 10 lines
08-05 16:37:18.841   916  2563 I chatty  : uid=1000(system) Binder:916_5 expire 18 lines
08-05 16:37:21.085 14076 14116 E ActivityThread: Failed to find provider info for instantapp-dev-manager
08-05 16:37:21.961   916  5280 I chatty  : uid=1000(system) Binder:916_1D expire 1 line
08-05 16:37:22.145   916  1018 I chatty  : uid=1000(system) android.io expire 20 lines
08-05 16:37:22.291   916   916 I chatty  : uid=1000 system_server expire 11 lines
08-05 16:37:23.251   916   955 I chatty  : uid=1000(system) Binder:916_1 expire 15 lines
08-05 16:37:23.770 14135 14198 E ActivityThread: Failed to find provider info for instantapp-dev-manager
08-05 16:37:24.848   916  4093 I chatty  : uid=1000(system) Binder:916_E expire 12 lines
08-05 16:37:24.848   916  5011 I chatty  : uid=1000(system) Binder:916_18 expire 15 lines
08-05 16:37:29.912   916  3314 I chatty  : uid=1000(system) Binder:916_A expire 15 lines
08-05 16:37:31.112 14218 14260 E ActivityThread: Failed to find provider info for instantapp-dev-manager
08-05 16:37:33.081   916   996 I chatty  : uid=1000(system) ActivityManager expire 15 lines
08-05 16:37:34.300 14277 14319 E ActivityThread: Failed to find provider info for instantapp-dev-manager
08-05 16:37:34.534   916  1018 I chatty  : uid=1000(system) android.io expire 10 lines
08-05 16:37:37.673 14343 14395 E ActivityThread: Failed to find provider info for instantapp-dev-manager
08-05 16:37:41.007 14412 14452 E ActivityThread: Failed to find provider info for instantapp-dev-manager
08-05 16:37:41.031   916   916 I chatty  : uid=1000 system_server expire 11 lines
08-05 16:37:42.059   916  4466 I chatty  : uid=1000(system) Binder:916_11 expire 3 lines
08-05 16:37:42.063   916  4707 I chatty  : uid=1000(system) Binder:916_13 expire 13 lines
08-05 16:37:45.087 14470 14511 E ActivityThread: Failed to find provider info for instantapp-dev-manager
08-05 16:37:46.115   916  5064 I chatty  : uid=1000(system) Binder:916_19 expire 13 lines
08-05 16:37:46.118   916  2563 I chatty  : uid=1000(system) Binder:916_5 expire 12 lines
08-05 16:37:48.245 14532 14571 E ActivityThread: Failed to find provider info for instantapp-dev-manager
08-05 16:37:49.241   916  2542 I chatty  : uid=1000(system) Binder:916_4 expire 16 lines
08-05 16:37:52.411 14586 14628 E ActivityThread: Failed to find provider info for instantapp-dev-manager
08-05 16:37:53.368   916   996 I chatty  : uid=1000(system) ActivityManager expire 12 lines
08-05 16:37:53.408   916  5384 I chatty  : uid=1000(system) Binder:916_1F expire 25 lines
08-05 16:37:55.546 14644 14684 E ActivityThread: Failed to find provider info for instantapp-dev-manager
08-05 16:37:56.511   916  4069 I chatty  : uid=1000(system) Binder:916_D expire 14 lines
08-05 16:37:59.669 14702 14743 E ActivityThread: Failed to find provider info for instantapp-dev-manager
08-05 16:38:00.680   916   916 I chatty  : uid=1000 system_server expire 11 lines
08-05 16:38:02.920 14760 14801 E ActivityThread: Failed to find provider info for instantapp-dev-manager
08-05 16:38:03.764   916  5437 I chatty  : uid=1000(system) Binder:916_20 expire 1 line
08-05 16:38:06.969 14817 14859 E ActivityThread: Failed to find provider info for instantapp-dev-manager
08-05 16:38:07.952   916  4829 I chatty  : uid=1000(system) Binder:916_15 expire 4 lines
08-05 16:38:08.995   916   996 I chatty  : uid=1000(system) ActivityManager expire 15 lines
08-05 16:38:10.197 14875 14916 E ActivityThread: Failed to find provider info for instantapp-dev-manager
08-05 16:38:10.407   916  1018 I chatty  : uid=1000(system) android.io expire 10 lines
08-05 16:38:11.026   916  4093 I chatty  : uid=1000(system) Binder:916_E expire 13 lines
08-05 16:38:14.238 14932 14973 E ActivityThread: Failed to find provider info for instantapp-dev-manager
08-05 16:38:17.511 14990 15051 E ActivityThread: Failed to find provider info for instantapp-dev-manager
08-05 16:38:21.581 15067 15108 E ActivityThread: Failed to find provider info for instantapp-dev-manager
08-05 16:38:21.597   916   916 I chatty  : uid=1000 system_server expire 10 lines
08-05 16:38:22.085   916  1019 I chatty  : uid=1000(system) android.display expire 1 line
08-05 16:38:22.587   472   472 I wificond: Pno scan started
08-05 16:38:25.232 15128 15169 E ActivityThread: Failed to find provider info for instantapp-dev-manager
08-05 16:38:26.108   916  3314 I chatty  : uid=1000(system) Binder:916_A expire 14 lines
08-05 16:38:27.179  2461  2461 V KeyguardStatusView: refresh statusview showing:true
08-05 16:38:27.192  2461  2461 V KeyguardDisplayManager: show
08-05 16:38:29.329 15184 15224 E ActivityThread: Failed to find provider info for instantapp-dev-manager
08-05 16:38:30.152   916   996 I chatty  : uid=1000(system) ActivityManager expire 10 lines
08-05 16:38:30.190   916  2563 I chatty  : uid=1000(system) Binder:916_5 expire 37 lines
08-05 16:38:32.427 15239 15279 E ActivityThread: Failed to find provider info for instantapp-dev-manager
08-05 16:38:36.499 15296 15337 E ActivityThread: Failed to find provider info for instantapp-dev-manager
08-05 16:38:37.836   916  5332 I chatty  : uid=1000(system) Binder:916_1E expire 1 line
08-05 16:38:40.109 15361 15401 E ActivityThread: Failed to find provider info for instantapp-dev-manager
08-05 16:38:40.122   916   916 I chatty  : uid=1000 system_server expire 6 lines
08-05 16:38:41.566   916  4707 I chatty  : uid=1000(system) Binder:916_13 expire 26 lines
08-05 16:38:44.088 15422 15466 E ActivityThread: Failed to find provider info for instantapp-dev-manager
08-05 16:38:44.896   916   996 I chatty  : uid=1000(system) ActivityManager expire 5 lines
08-05 16:38:47.207 15480 15523 E ActivityThread: Failed to find provider info for instantapp-dev-manager
08-05 16:38:47.508   916  1018 I chatty  : uid=1000(system) android.io expire 1 line
08-05 16:38:48.119   916  2716 I chatty  : uid=1000(system) Binder:916_6 expire 13 lines
08-05 16:38:51.235 15539 15580 E ActivityThread: Failed to find provider info for instantapp-dev-manager
08-05 16:38:51.250   916   916 I chatty  : uid=1000 system_server expire 5 lines
08-05 16:38:51.487   916  1018 I chatty  : uid=1000(system) android.io expire 3 lines
08-05 16:38:52.055   916   996 I chatty  : uid=1000(system) ActivityManager expire 7 lines
08-05 16:38:52.090   916  4829 I chatty  : uid=1000(system) Binder:916_15 expire 1 line
08-05 16:38:52.092   916  4767 I chatty  : uid=1000(system) Binder:916_14 expire 12 lines
08-05 16:38:54.338 15615 15655 E ActivityThread: Failed to find provider info for instantapp-dev-manager
08-05 16:38:55.319   916  3314 I chatty  : uid=1000(system) Binder:916_A expire 1 line
08-05 16:38:55.321   916   956 I chatty  : uid=1000(system) Binder:916_2 expire 13 lines
08-05 16:38:58.381 15672 15714 E ActivityThread: Failed to find provider info for instantapp-dev-manager
08-05 16:38:59.247   916  4953 I chatty  : uid=1000(system) Binder:916_17 expire 12 lines
08-05 16:38:59.250   916  5176 I chatty  : uid=1000(system) Binder:916_1B expire 2 lines
08-05 16:38:59.251   916   916 I chatty  : uid=1000 system_server expire 6 lines
08-05 16:39:00.290   916   996 I chatty  : uid=1000(system) ActivityManager expire 9 lines
08-05 16:39:01.491 15738 15779 E ActivityThread: Failed to find provider info for instantapp-dev-manager
08-05 16:39:01.764   916  1018 I chatty  : uid=1000(system) android.io expire 3 lines
08-05 16:39:02.464   916  2742 I chatty  : uid=1000(system) Binder:916_7 expire 12 lines
08-05 16:39:04.763 15797 15842 E ActivityThread: Failed to find provider info for instantapp-dev-manager
08-05 16:39:05.561   916  2542 I chatty  : uid=1000(system) Binder:916_4 expire 1 line
08-05 16:39:05.565   916  5437 I chatty  : uid=1000(system) Binder:916_20 expire 13 lines
08-05 16:39:07.841 15851 15892 E ActivityThread: Failed to find provider info for instantapp-dev-manager
08-05 16:39:08.793   916  2747 I chatty  : uid=1000(system) Binder:916_9 expire 2 lines
08-05 16:39:08.795   916   916 I chatty  : uid=1000 system_server expire 4 lines
08-05 16:39:08.796   916  4174 I chatty  : uid=1000(system) Binder:916_F expire 13 lines
08-05 16:39:09.840   916   996 I chatty  : uid=1000(system) ActivityManager expire 7 lines
08-05 16:39:10.961 15909 15948 E ActivityThread: Failed to find provider info for instantapp-dev-manager
08-05 16:39:11.255   916  2392 I chatty  : uid=1000(system) InputReader expire 1 line
08-05 16:39:11.258   916  1159 I chatty  : uid=1000(system) PowerManagerSer expire 4 lines
08-05 16:39:11.278   916  1019 I chatty  : uid=1000(system) android.display expire 1 line
08-05 16:39:11.285   472   472 I wificond: Pno scan stopped
08-05 16:39:11.363   916  1018 I chatty  : uid=1000(system) android.io expire 2 lines
08-05 16:39:11.800   916  1017 I chatty  : uid=1000(system) android.fg expire 4 lines
08-05 16:39:11.914   472   472 I wificond: Enters wifigbk_ageOutHistory
08-05 16:39:11.920   472   472 I wificond: Enters wifigbk_ageOutHistory
08-05 16:39:12.108   916  3314 I chatty  : uid=1000(system) Binder:916_A expire 13 lines
08-05 16:39:12.949  2461  2461 V KeyguardDisplayManager: hide
08-05 16:39:14.303   916  2391 I chatty  : uid=1000(system) InputDispatcher expire 1 line
08-05 16:39:17.169   916  5228 I chatty  : uid=1000(system) Binder:916_1C expire 2 lines
08-05 16:39:18.877 16037 16084 E ActivityThread: Failed to find provider info for instantapp-dev-manager
08-05 16:39:19.833   916   996 I chatty  : uid=1000(system) ActivityManager expire 7 lines
08-05 16:39:19.867   916  3382 I chatty  : uid=1000(system) Binder:916_B expire 1 line
08-05 16:39:19.868   916  4069 I chatty  : uid=1000(system) Binder:916_D expire 13 lines
08-05 16:39:19.869   916   916 I chatty  : uid=1000 system_server expire 5 lines
08-05 16:39:22.227 16097 16137 E ActivityThread: Failed to find provider info for instantapp-dev-manager
08-05 16:39:22.617   916  1018 I chatty  : uid=1000(system) android.io expire 2 lines
08-05 16:39:23.142   916  3314 I chatty  : uid=1000(system) Binder:916_A expire 2 lines
08-05 16:39:23.642   916  4767 I chatty  : uid=1000(system) Binder:916_14 expire 1 line
08-05 16:39:23.651   916   955 I chatty  : uid=1000(system) Binder:916_1 expire 12 lines
08-05 16:39:24.473   916  2746 I chatty  : uid=1000(system) Binder:916_8 expire 1 line
08-05 16:39:26.576 16196 16240 E ActivityThread: Failed to find provider info for instantapp-dev-manager
08-05 16:39:27.869   916  4174 I chatty  : uid=1000(system) Binder:916_F expire 1 line
08-05 16:39:27.875   916  2417 I chatty  : uid=1000(system) Binder:916_3 expire 12 lines
08-05 16:39:28.925   916   996 I chatty  : uid=1000(system) ActivityManager expire 10 lines
08-05 16:39:30.261 16278 16320 E ActivityThread: Failed to find provider info for instantapp-dev-manager
08-05 16:39:30.302   916   916 I chatty  : uid=1000 system_server expire 6 lines
08-05 16:39:30.525   916  1018 I chatty  : uid=1000(system) android.io expire 3 lines
08-05 16:39:31.228   916  4612 I chatty  : uid=1000(system) Binder:916_12 expire 14 lines
08-05 16:39:31.857   472   472 I wificond: Enters wifigbk_ageOutHistory
08-05 16:39:31.863   472   472 I wificond: Enters wifigbk_ageOutHistory
08-05 16:39:32.645 16337 16377 E ActivityThread: Failed to find provider info for instantapp-dev-manager
08-05 16:39:33.572   916   955 I chatty  : uid=1000(system) Binder:916_1 expire 1 line
08-05 16:39:33.576   916  4767 I chatty  : uid=1000(system) Binder:916_14 expire 14 lines
08-05 16:39:35.891 16394 16434 E ActivityThread: Failed to find provider info for instantapp-dev-manager
08-05 16:39:36.951   916  2542 I chatty  : uid=1000(system) Binder:916_4 expire 1 line
08-05 16:39:36.952   916  4895 I chatty  : uid=1000(system) Binder:916_16 expire 14 lines
08-05 16:39:38.649   916   955 I chatty  : uid=1000(system) Binder:916_1 expire 1 line
08-05 16:39:39.899 16450 16493 E ActivityThread: Failed to find provider info for instantapp-dev-manager
08-05 16:39:39.920   916   916 I chatty  : uid=1000 system_server expire 5 lines
08-05 16:39:40.119   916  1018 I chatty  : uid=1000(system) android.io expire 3 lines
08-05 16:39:40.697   916   996 I chatty  : uid=1000(system) ActivityManager expire 7 lines
08-05 16:39:40.735   916  2417 I chatty  : uid=1000(system) Binder:916_3 expire 1 line
08-05 16:39:40.736   916  2716 I chatty  : uid=1000(system) Binder:916_6 expire 24 lines
08-05 16:39:43.031 16506 16547 E ActivityThread: Failed to find provider info for instantapp-dev-manager
08-05 16:39:43.888   916  5280 I chatty  : uid=1000(system) Binder:916_1D expire 1 line
08-05 16:39:45.803   916  2542 I chatty  : uid=1000(system) Binder:916_4 expire 14 lines
08-05 16:39:47.050 16577 16617 E ActivityThread: Failed to find provider info for instantapp-dev-manager
08-05 16:39:47.950   916  5384 I chatty  : uid=1000(system) Binder:916_1F expire 13 lines
08-05 16:39:47.951   916   916 I chatty  : uid=1000 system_server expire 6 lines
08-05 16:39:48.995   916   996 I chatty  : uid=1000(system) ActivityManager expire 6 lines
08-05 16:39:50.206 16633 16673 E ActivityThread: Failed to find provider info for instantapp-dev-manager
08-05 16:39:50.417   916  1018 I chatty  : uid=1000(system) android.io expire 2 lines
08-05 16:39:51.044   916  4953 I chatty  : uid=1000(system) Binder:916_17 expire 2 lines
08-05 16:39:54.265 16687 16740 E ActivityThread: Failed to find provider info for instantapp-dev-manager
08-05 16:39:55.142   916  4264 I chatty  : uid=1000(system) Binder:916_10 expire 12 lines
08-05 16:39:57.414 16756 16796 E ActivityThread: Failed to find provider info for instantapp-dev-manager
08-05 16:39:57.626   916  1018 I chatty  : uid=1000(system) android.io expire 3 lines
08-05 16:39:58.252   916   996 I chatty  : uid=1000(system) ActivityManager expire 8 lines
08-05 16:39:58.288   916  2746 I chatty  : uid=1000(system) Binder:916_8 expire 10 lines
08-05 16:39:58.289   916   916 I chatty  : uid=1000 system_server expire 5 lines
08-05 16:39:58.290   916  5118 I chatty  : uid=1000(system) Binder:916_1A expire 24 lines
08-05 16:40:00.210   916  3314 I chatty  : uid=1000(system) Binder:916_A expire 1 line
08-05 16:40:01.497 16812 16854 E ActivityThread: Failed to find provider info for instantapp-dev-manager
08-05 16:40:03.513   916   999 I chatty  : uid=1000(system) batterystats-wo expire 1 line
08-05 16:40:04.739   916  1017 I chatty  : uid=1000(system) android.fg expire 1 line
08-05 16:40:04.810 16870 16916 E ActivityThread: Failed to find provider info for instantapp-dev-manager
08-05 16:40:05.640   916  4093 I chatty  : uid=1000(system) Binder:916_E expire 1 line
08-05 16:40:05.645   916  2746 I chatty  : uid=1000(system) Binder:916_8 expire 6 lines
08-05 16:40:08.721 16931 16972 E ActivityThread: Failed to find provider info for instantapp-dev-manager
08-05 16:40:08.734   916   916 I chatty  : uid=1000 system_server expire 6 lines
08-05 16:40:08.990   916  1018 I chatty  : uid=1000(system) android.io expire 3 lines
08-05 16:40:09.662   916   996 I chatty  : uid=1000(system) ActivityManager expire 7 lines
08-05 16:40:09.703   916  5118 I chatty  : uid=1000(system) Binder:916_1A expire 12 lines
08-05 16:40:11.924   472   472 I wificond: Enters wifigbk_ageOutHistory
08-05 16:40:11.926   472   472 I wificond: Enters wifigbk_ageOutHistory
08-05 16:40:12.033 16990 17031 E ActivityThread: Failed to find provider info for instantapp-dev-manager
08-05 16:40:12.839   916   956 I chatty  : uid=1000(system) Binder:916_2 expire 1 line
08-05 16:40:12.842   916  2747 I chatty  : uid=1000(system) Binder:916_9 expire 12 lines
08-05 16:40:14.783   916  5176 I chatty  : uid=1000(system) Binder:916_1B expire 1 line
08-05 16:40:16.039 17047 17088 E ActivityThread: Failed to find provider info for instantapp-dev-manager
08-05 16:40:16.988   916  4895 I chatty  : uid=1000(system) Binder:916_16 expire 1 line
08-05 16:40:16.989   916  4069 I chatty  : uid=1000(system) Binder:916_D expire 12 lines
08-05 16:40:18.038   916   996 I chatty  : uid=1000(system) ActivityManager expire 8 lines
08-05 16:40:19.287 17104 17144 E ActivityThread: Failed to find provider info for instantapp-dev-manager
08-05 16:40:19.304   916   916 I chatty  : uid=1000 system_server expire 6 lines
08-05 16:40:19.494   916  1018 I chatty  : uid=1000(system) android.io expire 3 lines
08-05 16:40:20.082   916  5280 I chatty  : uid=1000(system) Binder:916_1D expire 1 line
08-05 16:40:20.116   916  4953 I chatty  : uid=1000(system) Binder:916_17 expire 14 lines
08-05 16:40:20.116   916  4612 I chatty  : uid=1000(system) Binder:916_12 expire 1 line
08-05 16:40:23.297 17159 17202 E ActivityThread: Failed to find provider info for instantapp-dev-manager
08-05 16:40:24.281   916  4895 I chatty  : uid=1000(system) Binder:916_16 expire 1 line
08-05 16:40:24.284   916  3825 I chatty  : uid=1000(system) Binder:916_C expire 24 lines
