08-05 16:47:43.393 20155 20198 E AndroidRuntime: 	at com.google.android.location.fused.StationaryThrottlingEngine.a(:com.google.android.gms@17455055@17.4.55 (110400-248795830):12)
08-05 16:47:43.393 20155 20198 E AndroidRuntime: 	at aynj.a(:com.google.android.gms@17455055@17.4.55 (110400-248795830):3)
08-05 16:47:43.393 20155 20198 E AndroidRuntime: 	at ayiw.a(:com.google.android.gms@17455055@17.4.55 (110400-248795830):2)
08-05 16:47:43.393 20155 20198 E AndroidRuntime: 	at aymn.a(:com.google.android.gms@17455055@17.4.55 (110400-248795830):1)
08-05 16:47:43.393 20155 20198 E AndroidRuntime: 	at aymx.handleMessage(:com.google.android.gms@17455055@17.4.55 (110400-248795830):4)
08-05 16:47:43.393 20155 20198 E AndroidRuntime: 	at android.os.Handler.dispatchMessage(Handler.java:106)
08-05 16:47:43.393 20155 20198 E AndroidRuntime: 	at aagz.a(:com.google.android.gms@17455055@17.4.55 (110400-248795830):3)
08-05 16:47:43.393 20155 20198 E AndroidRuntime: 	at aagz.dispatchMessage(:com.google.android.gms@17455055@17.4.55 (110400-248795830):4)
08-05 16:47:43.393 20155 20198 E AndroidRuntime: 	at azws.a(:com.google.android.gms@17455055@17.4.55 (110400-248795830):5)
08-05 16:47:43.393 20155 20198 E AndroidRuntime: 	at aagz.dispatchMessage(:com.google.android.gms@17455055@17.4.55 (110400-248795830):4)
08-05 16:47:43.393 20155 20198 E AndroidRuntime: 	at android.os.Looper.loop(Looper.java:164)
08-05 16:47:43.393 20155 20198 E AndroidRuntime: 	at android.os.HandlerThread.run(HandlerThread.java:65)
08-05 16:47:43.599   916  4174 I chatty  : uid=1000(system) Binder:916_F expire 1 line
08-05 16:47:43.603   916  4612 I chatty  : uid=1000(system) Binder:916_12 expire 12 lines
08-05 16:47:44.652   916   996 I chatty  : uid=1000(system) ActivityManager expire 3 lines
08-05 16:47:44.692   916   916 I chatty  : uid=1000 system_server expire 3 lines
08-05 16:47:44.693   916  5228 I chatty  : uid=1000(system) Binder:916_1C expire 3 lines
08-05 16:47:46.000 20209 20248 E ActivityThread: Failed to find provider info for instantapp-dev-manager
08-05 16:47:46.277   916  1018 I chatty  : uid=1000(system) android.io expire 1 line
08-05 16:47:46.857 20209 20255 E AndroidRuntime: FATAL EXCEPTION: FlpThread
08-05 16:47:46.857 20209 20255 E AndroidRuntime: Process: com.google.android.gms.persistent, PID: 20209
08-05 16:47:46.857 20209 20255 E AndroidRuntime: java.lang.SecurityException: "passive" location provider requires ACCESS_FINE_LOCATION permission.
08-05 16:47:46.857 20209 20255 E AndroidRuntime: 	at android.os.Parcel.readException(Parcel.java:2013)
08-05 16:47:46.857 20209 20255 E AndroidRuntime: 	at android.os.Parcel.readException(Parcel.java:1959)
08-05 16:47:46.857 20209 20255 E AndroidRuntime: 	at android.location.ILocationManager$Stub$Proxy.requestLocationUpdates(ILocationManager.java:691)
08-05 16:47:46.857 20209 20255 E AndroidRuntime: 	at android.location.LocationManager.requestLocationUpdates(LocationManager.java:900)
08-05 16:47:46.857 20209 20255 E AndroidRuntime: 	at android.location.LocationManager.requestLocationUpdates(LocationManager.java:504)
08-05 16:47:46.857 20209 20255 E AndroidRuntime: 	at azwe.a(:com.google.android.gms@17455055@17.4.55 (110400-248795830):9)
08-05 16:47:46.857 20209 20255 E AndroidRuntime: 	at azwd.a(:com.google.android.gms@17455055@17.4.55 (110400-248795830):3)
08-05 16:47:46.857 20209 20255 E AndroidRuntime: 	at azwg.a(Unknown Source:0)
08-05 16:47:46.857 20209 20255 E AndroidRuntime: 	at ayov.a(:com.google.android.gms@17455055@17.4.55 (110400-248795830):8)
08-05 16:47:46.857 20209 20255 E AndroidRuntime: 	at ayoy.f(Unknown Source:7)
08-05 16:47:46.857 20209 20255 E AndroidRuntime: 	at ayoy.c(:com.google.android.gms@17455055@17.4.55 (110400-248795830):2)
08-05 16:47:46.857 20209 20255 E AndroidRuntime: 	at com.google.android.location.fused.FusionEngine.a(:com.google.android.gms@17455055@17.4.55 (110400-248795830):108)
08-05 16:47:46.857 20209 20255 E AndroidRuntime: 	at aymb.a(:com.google.android.gms@17455055@17.4.55 (110400-248795830):16)
08-05 16:47:46.857 20209 20255 E AndroidRuntime: 	at ayjd.a(:com.google.android.gms@17455055@17.4.55 (110400-248795830):5)
08-05 16:47:46.857 20209 20255 E AndroidRuntime: 	at ayja.a(:com.google.android.gms@17455055@17.4.55 (110400-248795830):5)
08-05 16:47:46.857 20209 20255 E AndroidRuntime: 	at aykz.a(:com.google.android.gms@17455055@17.4.55 (110400-248795830):12)
08-05 16:47:46.857 20209 20255 E AndroidRuntime: 	at com.google.android.location.fused.StationaryThrottlingEngine.a(:com.google.android.gms@17455055@17.4.55 (110400-248795830):12)
08-05 16:47:46.857 20209 20255 E AndroidRuntime: 	at ayiu.a(:com.google.android.gms@17455055@17.4.55 (110400-248795830):5)
08-05 16:47:46.857 20209 20255 E AndroidRuntime: 	at ayma.a(:com.google.android.gms@17455055@17.4.55 (110400-248795830):3)
08-05 16:47:46.857 20209 20255 E AndroidRuntime: 	at com.google.android.location.fused.StationaryThrottlingEngine.a(:com.google.android.gms@17455055@17.4.55 (110400-248795830):12)
08-05 16:47:46.857 20209 20255 E AndroidRuntime: 	at aynj.a(:com.google.android.gms@17455055@17.4.55 (110400-248795830):3)
08-05 16:47:46.857 20209 20255 E AndroidRuntime: 	at ayiw.a(:com.google.android.gms@17455055@17.4.55 (110400-248795830):2)
08-05 16:47:46.857 20209 20255 E AndroidRuntime: 	at aymn.a(:com.google.android.gms@17455055@17.4.55 (110400-248795830):1)
08-05 16:47:46.857 20209 20255 E AndroidRuntime: 	at aymx.handleMessage(:com.google.android.gms@17455055@17.4.55 (110400-248795830):4)
08-05 16:47:46.857 20209 20255 E AndroidRuntime: 	at android.os.Handler.dispatchMessage(Handler.java:106)
08-05 16:47:46.857 20209 20255 E AndroidRuntime: 	at aagz.a(:com.google.android.gms@17455055@17.4.55 (110400-248795830):3)
08-05 16:47:46.857 20209 20255 E AndroidRuntime: 	at aagz.dispatchMessage(:com.google.android.gms@17455055@17.4.55 (110400-248795830):4)
08-05 16:47:46.857 20209 20255 E AndroidRuntime: 	at azws.a(:com.google.android.gms@17455055@17.4.55 (110400-248795830):5)
08-05 16:47:46.857 20209 20255 E AndroidRuntime: 	at aagz.dispatchMessage(:com.google.android.gms@17455055@17.4.55 (110400-248795830):4)
08-05 16:47:46.857 20209 20255 E AndroidRuntime: 	at android.os.Looper.loop(Looper.java:164)
08-05 16:47:46.857 20209 20255 E AndroidRuntime: 	at android.os.HandlerThread.run(HandlerThread.java:65)
08-05 16:47:46.976   916  4466 I chatty  : uid=1000(system) Binder:916_11 expire 26 lines
08-05 16:47:46.990  2691  2691 I Telephony: GsmConnection: isAddParticipantCapable: isCapable = false
08-05 16:47:46.991  2691  2691 I Telephony: GsmConnection: isAddParticipantCapable: isCapable = false
08-05 16:47:47.041   916  2792 I chatty  : uid=1000(system) CallAudioModeSt expire 5 lines
08-05 16:47:47.049   916  2789 I chatty  : uid=1000(system) uteStateMachine expire 9 lines
08-05 16:47:47.088   916  2784 I chatty  : uid=1000(system) BluetoothRouteM expire 2 lines
08-05 16:47:47.105   916  5011 I chatty  : uid=1000(system) Binder:916_18 expire 1 line
08-05 16:47:47.786   916  4069 I chatty  : uid=1000(system) Binder:916_D expire 1 line
08-05 16:47:47.787   916  4953 I chatty  : uid=1000(system) Binder:916_17 expire 9 lines
08-05 16:47:47.791   916  4953 W ActivityManager: Scheduling restart of crashed service com.google.android.gms/com.google.android.location.internal.server.GoogleLocationService in 24574976ms
08-05 16:47:47.791   916  4953 W ActivityManager: Scheduling restart of crashed service com.google.android.gms/com.google.android.location.network.NetworkLocationService in 344014848ms
08-05 16:47:47.792   916  4953 W ActivityManager: Scheduling restart of crashed service com.google.android.gms/com.google.android.location.internal.GoogleLocationManagerService in 1375928320ms
08-05 16:47:47.906   916  2407 D ConnectivityService: NetworkAgentInfo [MOBILE (UNKNOWN) - 100] EVENT_NETWORK_INFO_CHANGED, going from CONNECTED to SUSPENDED
08-05 16:47:47.921   916  2407 D ConnectivityService: Sending SUSPENDED broadcast for type 0 NetworkAgentInfo [MOBILE (UNKNOWN) - 100] isDefaultNetwork=true
08-05 16:47:47.925   916  2407 D ConnectivityService: Invalid tcpBufferSizes string: null, using defaults
08-05 16:47:47.935   916  2407 I Nat464Xlat: Android Xlat is disabled
08-05 16:47:48.060   916  2399 D NetworkStats: Resolving plan for NetworkTemplate: matchRule=MOBILE_ALL, subscriberId=404490..., matchSubscriberIds=[404490...]
08-05 16:47:48.067   916  2399 D NetworkStats: Found active matching subId 1
08-05 16:47:48.090   916  2399 D NetworkStats: Resolved to plan null
08-05 16:47:48.156   916  2399 D NetworkStats: Resolving plan for NetworkTemplate: matchRule=MOBILE_ALL, subscriberId=404490..., matchSubscriberIds=[404490...]
08-05 16:47:48.168   916  2399 D NetworkStats: Found active matching subId 1
08-05 16:47:48.207   916  2399 D NetworkStats: Resolved to plan null
08-05 16:47:48.638   916  2407 D ConnectivityService: NetworkAgentInfo [MOBILE (LTE) - 100] EVENT_NETWORK_INFO_CHANGED, going from SUSPENDED to CONNECTED
08-05 16:47:48.643   916  2407 D ConnectivityService: Sending CONNECTED broadcast for type 0 NetworkAgentInfo [MOBILE (LTE) - 100] isDefaultNetwork=true
08-05 16:47:48.698   916  5384 I ActivityManager: Start proc 20342:com.google.android.gms.persistent/u0a16 for service com.google.android.gms/.chimera.PersistentDirectBootAwareApiService
08-05 16:47:48.722   916  2407 I Nat464Xlat: Android Xlat is disabled
08-05 16:47:48.788   916   996 W ActivityManager: Scheduling restart of crashed service com.google.android.gms/com.google.android.location.geofencer.service.GeofenceProviderService in 1000ms
08-05 16:47:48.792   916   996 W ActivityManager: Scheduling restart of crashed service com.google.android.gms/com.google.android.location.geocode.GeocodeService in 10996ms
08-05 16:47:48.792   916   996 W ActivityManager: Scheduling restart of crashed service com.google.android.gms/com.google.android.contextmanager.service.ContextManagerService in 20996ms
08-05 16:47:48.793   916   996 W ActivityManager: Scheduling restart of crashed service com.google.android.gms/com.google.android.location.fused.FusedLocationService in 30995ms
08-05 16:47:48.793   916   996 W ActivityManager: Scheduling restart of crashed service com.google.android.gms/.chimera.PersistentBoundBrokerService in 40995ms
08-05 16:47:48.794   916   996 W ActivityManager: Scheduling restart of crashed service com.google.android.gms/com.google.android.location.internal.server.HardwareArProviderService in 50994ms
08-05 16:47:48.799   916   996 W ActivityManager: Scheduling restart of crashed service com.google.android.gms/com.google.android.location.internal.server.GoogleLocationService in 60989ms
08-05 16:47:48.800   916   996 W ActivityManager: Scheduling restart of crashed service com.google.android.gms/com.google.android.location.network.NetworkLocationService in 70988ms
08-05 16:47:48.800   916   996 W ActivityManager: Scheduling restart of crashed service com.google.android.gms/com.google.android.location.internal.GoogleLocationManagerService in 80988ms
08-05 16:47:48.843   916  2399 D NetworkStats: Resolving plan for NetworkTemplate: matchRule=MOBILE_ALL, subscriberId=404490..., matchSubscriberIds=[404490...]
08-05 16:47:48.855   916  2399 D NetworkStats: Found active matching subId 1
08-05 16:47:48.879   916  2399 D NetworkStats: Resolved to plan null
08-05 16:47:48.930   916  2399 D NetworkStats: Resolving plan for NetworkTemplate: matchRule=MOBILE_ALL, subscriberId=404490..., matchSubscriberIds=[404490...]
08-05 16:47:48.936   916  2399 D NetworkStats: Found active matching subId 1
08-05 16:47:48.955   916  2399 D NetworkStats: Resolved to plan null
08-05 16:47:49.236   916   916 I Telecom : EmergencyInCallServiceConnection: Disconnect forced!: CSW.rC->ICC.oCR@A54
08-05 16:47:50.619 20342 20387 E ActivityThread: Failed to find provider info for instantapp-dev-manager
08-05 16:47:50.623   916   916 D PackageManager: Connected to instant app resolver
08-05 16:47:54.820   916   997 D AutofillManagerService: onBackKeyPressed()
08-05 16:47:55.127   916  1017 D AutofillManagerService: Close system dialogs
08-05 16:47:55.132   916  2391 I ActivityManager: START u0 {act=android.intent.action.MAIN cat=[android.intent.category.HOME] flg=0x10200000 cmp=com.android.launcher3/.Launcher (has extras)} from uid 1000
08-05 16:47:55.289   916  1017 D AutofillManagerService: Close system dialogs
08-05 16:47:55.291   916  2391 I ActivityManager: START u0 {act=android.intent.action.MAIN cat=[android.intent.category.HOME] flg=0x10200000 cmp=com.android.launcher3/.Launcher (has extras)} from uid 1000
08-05 16:47:55.485   916   956 W Telecom : MissedCallNotifierImpl: Showing missed calls through default dialer.: TSI.cMCN@A/U
08-05 16:47:55.585   916  2747 I ActivityManager: START u0 {flg=0x10804000 cmp=com.android.systemui/.recents.RecentsActivity} from uid 10031
08-05 16:47:55.655   916  1017 D AutofillManagerService: Close system dialogs
08-05 16:47:57.325   916  4264 I ActivityManager: Killing 16002:com.android.dialer/u0a14 (adj 900): remove task
08-05 16:47:57.459   916  1019 W ActivityManager: setHasOverlayUi called on unknown pid: 16002
08-05 16:47:58.475   916  4829 I ActivityManager: Killing 11031:org.chromium.webview_shell/u0a36 (adj 900): remove task
08-05 16:47:58.613   916  2716 D ConnectivityService: ConnectivityService NetworkRequestInfo binderDied(NetworkRequest [ LISTEN id=16, [ Capabilities: INTERNET&NOT_RESTRICTED&TRUSTED&FOREGROUND] ], android.os.BinderProxy@51625ec)
08-05 16:47:58.614   916  5437 D ConnectivityService: ConnectivityService NetworkRequestInfo binderDied(NetworkRequest [ LISTEN id=15, [ Capabilities: INTERNET&NOT_RESTRICTED&TRUSTED&FOREGROUND] ], android.os.BinderProxy@a843db5)
08-05 16:47:58.614   916  4707 I WindowManager: WIN DEATH: Window{d950b3d u0 org.chromium.webview_shell/org.chromium.webview_shell.WebViewBrowserActivity}
08-05 16:47:58.639   916  1019 W ActivityManager: setHasOverlayUi called on unknown pid: 11031
08-05 16:47:59.486   916  4612 I ActivityManager: Killing 10399:com.android.quicksearchbox/u0a61 (adj 900): remove task
08-05 16:47:59.526   916  5228 I WindowManager: WIN DEATH: Window{f381e5 u0 com.android.quicksearchbox/com.android.quicksearchbox.SearchActivity}
08-05 16:47:59.553   916  1019 W ActivityManager: setHasOverlayUi called on unknown pid: 10399
08-05 16:48:00.540   916  1017 D AutofillManagerService: Close system dialogs
08-05 16:48:00.542   916  5228 I ActivityManager: Killing 10522:com.android.vending/u0a23 (adj 902): remove task
08-05 16:48:00.658   916  5228 D ConnectivityService: ConnectivityService NetworkRequestInfo binderDied(NetworkRequest [ LISTEN id=14, [ Capabilities: INTERNET&NOT_RESTRICTED&TRUSTED] ], android.os.BinderProxy@535b4d8)
08-05 16:48:00.673   916  1019 W ActivityManager: setHasOverlayUi called on unknown pid: 10522
08-05 16:48:00.700   916  4829 I ActivityManager: START u0 {act=android.intent.action.MAIN cat=[android.intent.category.HOME] flg=0x10200000 cmp=com.android.launcher3/.Launcher} from uid 10031
08-05 16:48:20.377 20342 20430 E AndroidRuntime: FATAL EXCEPTION: FlpThread
08-05 16:48:20.377 20342 20430 E AndroidRuntime: Process: com.google.android.gms.persistent, PID: 20342
08-05 16:48:20.377 20342 20430 E AndroidRuntime: java.lang.SecurityException: "passive" location provider requires ACCESS_FINE_LOCATION permission.
08-05 16:48:20.377 20342 20430 E AndroidRuntime: 	at android.os.Parcel.readException(Parcel.java:2013)
08-05 16:48:20.377 20342 20430 E AndroidRuntime: 	at android.os.Parcel.readException(Parcel.java:1959)
08-05 16:48:20.377 20342 20430 E AndroidRuntime: 	at android.location.ILocationManager$Stub$Proxy.requestLocationUpdates(ILocationManager.java:691)
08-05 16:48:20.377 20342 20430 E AndroidRuntime: 	at android.location.LocationManager.requestLocationUpdates(LocationManager.java:900)
08-05 16:48:20.377 20342 20430 E AndroidRuntime: 	at android.location.LocationManager.requestLocationUpdates(LocationManager.java:504)
08-05 16:48:20.377 20342 20430 E AndroidRuntime: 	at azwe.a(:com.google.android.gms@17455055@17.4.55 (110400-248795830):9)
08-05 16:48:20.377 20342 20430 E AndroidRuntime: 	at azwd.a(:com.google.android.gms@17455055@17.4.55 (110400-248795830):3)
08-05 16:48:20.377 20342 20430 E AndroidRuntime: 	at azwg.a(Unknown Source:0)
08-05 16:48:20.377 20342 20430 E AndroidRuntime: 	at ayov.a(:com.google.android.gms@17455055@17.4.55 (110400-248795830):8)
08-05 16:48:20.377 20342 20430 E AndroidRuntime: 	at ayoy.f(Unknown Source:7)
08-05 16:48:20.377 20342 20430 E AndroidRuntime: 	at ayoy.c(:com.google.android.gms@17455055@17.4.55 (110400-248795830):2)
08-05 16:48:20.377 20342 20430 E AndroidRuntime: 	at com.google.android.location.fused.FusionEngine.a(:com.google.android.gms@17455055@17.4.55 (110400-248795830):108)
08-05 16:48:20.377 20342 20430 E AndroidRuntime: 	at aymb.a(:com.google.android.gms@17455055@17.4.55 (110400-248795830):16)
08-05 16:48:20.377 20342 20430 E AndroidRuntime: 	at ayjd.a(:com.google.android.gms@17455055@17.4.55 (110400-248795830):5)
08-05 16:48:20.377 20342 20430 E AndroidRuntime: 	at ayja.a(:com.google.android.gms@17455055@17.4.55 (110400-248795830):5)
08-05 16:48:20.377 20342 20430 E AndroidRuntime: 	at aykz.a(:com.google.android.gms@17455055@17.4.55 (110400-248795830):12)
08-05 16:48:20.377 20342 20430 E AndroidRuntime: 	at com.google.android.location.fused.StationaryThrottlingEngine.a(:com.google.android.gms@17455055@17.4.55 (110400-248795830):12)
08-05 16:48:20.377 20342 20430 E AndroidRuntime: 	at ayiu.a(:com.google.android.gms@17455055@17.4.55 (110400-248795830):5)
08-05 16:48:20.377 20342 20430 E AndroidRuntime: 	at ayma.a(:com.google.android.gms@17455055@17.4.55 (110400-248795830):3)
08-05 16:48:20.377 20342 20430 E AndroidRuntime: 	at com.google.android.location.fused.StationaryThrottlingEngine.a(:com.google.android.gms@17455055@17.4.55 (110400-248795830):12)
08-05 16:48:20.377 20342 20430 E AndroidRuntime: 	at aynj.a(:com.google.android.gms@17455055@17.4.55 (110400-248795830):3)
08-05 16:48:20.377 20342 20430 E AndroidRuntime: 	at ayiw.a(:com.google.android.gms@17455055@17.4.55 (110400-248795830):2)
08-05 16:48:20.377 20342 20430 E AndroidRuntime: 	at aymn.a(:com.google.android.gms@17455055@17.4.55 (110400-248795830):1)
08-05 16:48:20.377 20342 20430 E AndroidRuntime: 	at aymx.handleMessage(:com.google.android.gms@17455055@17.4.55 (110400-248795830):4)
08-05 16:48:20.377 20342 20430 E AndroidRuntime: 	at android.os.Handler.dispatchMessage(Handler.java:106)
08-05 16:48:20.377 20342 20430 E AndroidRuntime: 	at aagz.a(:com.google.android.gms@17455055@17.4.55 (110400-248795830):3)
08-05 16:48:20.377 20342 20430 E AndroidRuntime: 	at aagz.dispatchMessage(:com.google.android.gms@17455055@17.4.55 (110400-248795830):4)
08-05 16:48:20.377 20342 20430 E AndroidRuntime: 	at azws.a(:com.google.android.gms@17455055@17.4.55 (110400-248795830):5)
08-05 16:48:20.377 20342 20430 E AndroidRuntime: 	at aagz.dispatchMessage(:com.google.android.gms@17455055@17.4.55 (110400-248795830):4)
08-05 16:48:20.377 20342 20430 E AndroidRuntime: 	at android.os.Looper.loop(Looper.java:164)
08-05 16:48:20.377 20342 20430 E AndroidRuntime: 	at android.os.HandlerThread.run(HandlerThread.java:65)
08-05 16:48:20.500   916  1018 D BluetoothManagerService: MESSAGE_REGISTER_ADAPTER
08-05 16:48:20.504   916   996 W BroadcastQueue: Background execution not allowed: receiving Intent { act=android.intent.action.DROPBOX_ENTRY_ADDED flg=0x10 (has extras) } to com.google.android.gms/.stats.service.DropBoxEntryAddedReceiver
08-05 16:48:20.505   916   996 W BroadcastQueue: Background execution not allowed: receiving Intent { act=android.intent.action.DROPBOX_ENTRY_ADDED flg=0x10 (has extras) } to com.google.android.gms/.chimera.GmsIntentOperationService$PersistentTrustedReceiver
08-05 16:48:20.556   916  5228 D PackageManager: Binder to instant app resolver died
08-05 16:48:20.558   916   916 D PackageManager: Disconnected from instant app resolver
08-05 16:48:20.559   916  5228 I ActivityManager: Process com.google.android.gms.persistent (pid 20342) has died: fore BFGS
08-05 16:48:20.560   916  5228 W ActivityManager: Scheduling restart of crashed service com.google.android.gms/com.google.android.location.geofencer.service.GeofenceProviderService in 4000ms
08-05 16:48:20.561   916  5228 W ActivityManager: Scheduling restart of crashed service com.google.android.gms/com.google.android.location.geocode.GeocodeService in 49227ms
08-05 16:48:20.561   916  5228 W ActivityManager: Scheduling restart of crashed service com.google.android.gms/com.google.android.contextmanager.service.ContextManagerService in 83984ms
08-05 16:48:20.561   916  5228 W ActivityManager: Scheduling restart of crashed service com.google.android.gms/com.google.android.location.fused.FusedLocationService in 123980ms
08-05 16:48:20.562   916  5228 W ActivityManager: Scheduling restart of crashed service com.google.android.gms/.chimera.PersistentBoundBrokerService in 59226ms
08-05 16:48:20.562   916  5228 W ActivityManager: Scheduling restart of crashed service com.google.android.gms/com.google.android.location.internal.server.GoogleLocationService in 69226ms
08-05 16:48:20.562   916  5228 W ActivityManager: Scheduling restart of crashed service com.google.android.gms/com.google.android.location.internal.GoogleLocationManagerService in 93983ms
08-05 16:48:22.255   472   472 I wificond: Enters wifigbk_ageOutHistory
08-05 16:48:22.259   472   472 I wificond: Enters wifigbk_ageOutHistory
08-05 16:48:24.614   916   996 I ActivityManager: Start proc 20437:com.google.android.gms.persistent/u0a16 for service com.google.android.gms/com.google.android.location.geofencer.service.GeofenceProviderService
08-05 16:48:25.841 20437 20479 E ActivityThread: Failed to find provider info for instantapp-dev-manager
08-05 16:48:25.862   916   916 D PackageManager: Connected to instant app resolver
08-05 16:48:26.061   916  1018 D BluetoothManagerService: MESSAGE_REGISTER_ADAPTER
08-05 16:48:26.501 20437 20467 E AndroidRuntime: FATAL EXCEPTION: FlpThread
08-05 16:48:26.501 20437 20467 E AndroidRuntime: Process: com.google.android.gms.persistent, PID: 20437
08-05 16:48:26.501 20437 20467 E AndroidRuntime: java.lang.SecurityException: "passive" location provider requires ACCESS_FINE_LOCATION permission.
08-05 16:48:26.501 20437 20467 E AndroidRuntime: 	at android.os.Parcel.readException(Parcel.java:2013)
08-05 16:48:26.501 20437 20467 E AndroidRuntime: 	at android.os.Parcel.readException(Parcel.java:1959)
08-05 16:48:26.501 20437 20467 E AndroidRuntime: 	at android.location.ILocationManager$Stub$Proxy.requestLocationUpdates(ILocationManager.java:691)
08-05 16:48:26.501 20437 20467 E AndroidRuntime: 	at android.location.LocationManager.requestLocationUpdates(LocationManager.java:900)
08-05 16:48:26.501 20437 20467 E AndroidRuntime: 	at android.location.LocationManager.requestLocationUpdates(LocationManager.java:504)
08-05 16:48:26.501 20437 20467 E AndroidRuntime: 	at azwe.a(:com.google.android.gms@17455055@17.4.55 (110400-248795830):9)
08-05 16:48:26.501 20437 20467 E AndroidRuntime: 	at azwd.a(:com.google.android.gms@17455055@17.4.55 (110400-248795830):3)
08-05 16:48:26.501 20437 20467 E AndroidRuntime: 	at azwg.a(Unknown Source:0)
08-05 16:48:26.501 20437 20467 E AndroidRuntime: 	at ayov.a(:com.google.android.gms@17455055@17.4.55 (110400-248795830):8)
08-05 16:48:26.501 20437 20467 E AndroidRuntime: 	at ayoy.f(Unknown Source:7)
08-05 16:48:26.501 20437 20467 E AndroidRuntime: 	at ayoy.c(:com.google.android.gms@17455055@17.4.55 (110400-248795830):2)
08-05 16:48:26.501 20437 20467 E AndroidRuntime: 	at com.google.android.location.fused.FusionEngine.a(:com.google.android.gms@17455055@17.4.55 (110400-248795830):108)
08-05 16:48:26.501 20437 20467 E AndroidRuntime: 	at aymb.a(:com.google.android.gms@17455055@17.4.55 (110400-248795830):16)
08-05 16:48:26.501 20437 20467 E AndroidRuntime: 	at ayjd.a(:com.google.android.gms@17455055@17.4.55 (110400-248795830):5)
08-05 16:48:26.501 20437 20467 E AndroidRuntime: 	at ayja.a(:com.google.android.gms@17455055@17.4.55 (110400-248795830):5)
08-05 16:48:26.501 20437 20467 E AndroidRuntime: 	at aykz.a(:com.google.android.gms@17455055@17.4.55 (110400-248795830):12)
08-05 16:48:26.501 20437 20467 E AndroidRuntime: 	at com.google.android.location.fused.StationaryThrottlingEngine.a(:com.google.android.gms@17455055@17.4.55 (110400-248795830):12)
08-05 16:48:26.501 20437 20467 E AndroidRuntime: 	at ayiu.a(:com.google.android.gms@17455055@17.4.55 (110400-248795830):5)
08-05 16:48:26.501 20437 20467 E AndroidRuntime: 	at ayma.a(:com.google.android.gms@17455055@17.4.55 (110400-248795830):3)
08-05 16:48:26.501 20437 20467 E AndroidRuntime: 	at com.google.android.location.fused.StationaryThrottlingEngine.a(:com.google.android.gms@17455055@17.4.55 (110400-248795830):12)
08-05 16:48:26.501 20437 20467 E AndroidRuntime: 	at aynj.a(:com.google.android.gms@17455055@17.4.55 (110400-248795830):3)
08-05 16:48:26.501 20437 20467 E AndroidRuntime: 	at ayiw.a(:com.google.android.gms@17455055@17.4.55 (110400-248795830):2)
08-05 16:48:26.501 20437 20467 E AndroidRuntime: 	at aymn.a(:com.google.android.gms@17455055@17.4.55 (110400-248795830):1)
08-05 16:48:26.501 20437 20467 E AndroidRuntime: 	at aymx.handleMessage(:com.google.android.gms@17455055@17.4.55 (110400-248795830):4)
08-05 16:48:26.501 20437 20467 E AndroidRuntime: 	at android.os.Handler.dispatchMessage(Handler.java:106)
08-05 16:48:26.501 20437 20467 E AndroidRuntime: 	at aagz.a(:com.google.android.gms@17455055@17.4.55 (110400-248795830):3)
08-05 16:48:26.501 20437 20467 E AndroidRuntime: 	at aagz.dispatchMessage(:com.google.android.gms@17455055@17.4.55 (110400-248795830):4)
08-05 16:48:26.501 20437 20467 E AndroidRuntime: 	at azws.a(:com.google.android.gms@17455055@17.4.55 (110400-248795830):5)
08-05 16:48:26.501 20437 20467 E AndroidRuntime: 	at aagz.dispatchMessage(:com.google.android.gms@17455055@17.4.55 (110400-248795830):4)
08-05 16:48:26.501 20437 20467 E AndroidRuntime: 	at android.os.Looper.loop(Looper.java:164)
08-05 16:48:26.501 20437 20467 E AndroidRuntime: 	at android.os.HandlerThread.run(HandlerThread.java:65)
08-05 16:48:26.668   916   996 W BroadcastQueue: Background execution not allowed: receiving Intent { act=android.intent.action.DROPBOX_ENTRY_ADDED flg=0x10 (has extras) } to com.google.android.gms/.stats.service.DropBoxEntryAddedReceiver
08-05 16:48:26.668   916   996 W BroadcastQueue: Background execution not allowed: receiving Intent { act=android.intent.action.DROPBOX_ENTRY_ADDED flg=0x10 (has extras) } to com.google.android.gms/.chimera.GmsIntentOperationService$PersistentTrustedReceiver
08-05 16:48:26.708   916  2563 D PackageManager: Binder to instant app resolver died
08-05 16:48:26.708   916   916 D PackageManager: Disconnected from instant app resolver
08-05 16:48:26.708   916   956 I ActivityManager: Process com.google.android.gms.persistent (pid 20437) has died: fore BFGS
08-05 16:48:26.710   916   956 W ActivityManager: Scheduling restart of crashed service com.google.android.gms/com.google.android.location.geofencer.service.GeofenceProviderService in 16000ms
08-05 16:48:26.710   916   956 W ActivityManager: Scheduling restart of crashed service com.google.android.gms/com.google.android.location.geocode.GeocodeService in 196908ms
08-05 16:48:26.711   916   956 W ActivityManager: Scheduling restart of crashed service com.google.android.gms/com.google.android.contextmanager.service.ContextManagerService in 335936ms
08-05 16:48:26.711   916   956 W ActivityManager: Scheduling restart of crashed service com.google.android.gms/com.google.android.location.fused.FusedLocationService in 495920ms
08-05 16:48:26.711   916   956 W ActivityManager: Scheduling restart of crashed service com.google.android.gms/.chimera.PersistentBoundBrokerService in 236904ms
08-05 16:48:26.711   916   956 W ActivityManager: Scheduling restart of crashed service com.google.android.gms/.chimera.PersistentIntentOperationService in 1000ms
08-05 16:48:26.712   916   956 W ActivityManager: Scheduling restart of crashed service com.google.android.gms/com.google.android.location.internal.server.HardwareArProviderService in 206906ms
08-05 16:48:26.712   916   956 W ActivityManager: Scheduling restart of crashed service com.google.android.gms/com.google.android.location.internal.server.GoogleLocationService in 276904ms
08-05 16:48:26.712   916   956 W ActivityManager: Scheduling restart of crashed service com.google.android.gms/com.google.android.location.network.NetworkLocationService in 286904ms
08-05 16:48:26.713   916   956 W ActivityManager: Scheduling restart of crashed service com.google.android.gms/com.google.android.location.internal.GoogleLocationManagerService in 375932ms
08-05 16:48:27.767   916   996 I ActivityManager: Start proc 20489:com.google.android.gms.persistent/u0a16 for service com.google.android.gms/.chimera.PersistentIntentOperationService
08-05 16:48:28.908 20489 20530 E ActivityThread: Failed to find provider info for instantapp-dev-manager
08-05 16:48:28.933   916   916 D PackageManager: Connected to instant app resolver
08-05 16:48:29.136   916  1018 D BluetoothManagerService: MESSAGE_REGISTER_ADAPTER
08-05 16:48:29.538 20489 20534 E AndroidRuntime: FATAL EXCEPTION: FlpThread
08-05 16:48:29.538 20489 20534 E AndroidRuntime: Process: com.google.android.gms.persistent, PID: 20489
08-05 16:48:29.538 20489 20534 E AndroidRuntime: java.lang.SecurityException: "passive" location provider requires ACCESS_FINE_LOCATION permission.
08-05 16:48:29.538 20489 20534 E AndroidRuntime: 	at android.os.Parcel.readException(Parcel.java:2013)
08-05 16:48:29.538 20489 20534 E AndroidRuntime: 	at android.os.Parcel.readException(Parcel.java:1959)
08-05 16:48:29.538 20489 20534 E AndroidRuntime: 	at android.location.ILocationManager$Stub$Proxy.requestLocationUpdates(ILocationManager.java:691)
08-05 16:48:29.538 20489 20534 E AndroidRuntime: 	at android.location.LocationManager.requestLocationUpdates(LocationManager.java:900)
08-05 16:48:29.538 20489 20534 E AndroidRuntime: 	at android.location.LocationManager.requestLocationUpdates(LocationManager.java:504)
08-05 16:48:29.538 20489 20534 E AndroidRuntime: 	at azwe.a(:com.google.android.gms@17455055@17.4.55 (110400-248795830):9)
08-05 16:48:29.538 20489 20534 E AndroidRuntime: 	at azwd.a(:com.google.android.gms@17455055@17.4.55 (110400-248795830):3)
08-05 16:48:29.538 20489 20534 E AndroidRuntime: 	at azwg.a(Unknown Source:0)
08-05 16:48:29.538 20489 20534 E AndroidRuntime: 	at ayov.a(:com.google.android.gms@17455055@17.4.55 (110400-248795830):8)
08-05 16:48:29.538 20489 20534 E AndroidRuntime: 	at ayoy.f(Unknown Source:7)
08-05 16:48:29.538 20489 20534 E AndroidRuntime: 	at ayoy.c(:com.google.android.gms@17455055@17.4.55 (110400-248795830):2)
08-05 16:48:29.538 20489 20534 E AndroidRuntime: 	at com.google.android.location.fused.FusionEngine.a(:com.google.android.gms@17455055@17.4.55 (110400-248795830):108)
08-05 16:48:29.538 20489 20534 E AndroidRuntime: 	at aymb.a(:com.google.android.gms@17455055@17.4.55 (110400-248795830):16)
08-05 16:48:29.538 20489 20534 E AndroidRuntime: 	at ayjd.a(:com.google.android.gms@17455055@17.4.55 (110400-248795830):5)
08-05 16:48:29.538 20489 20534 E AndroidRuntime: 	at ayja.a(:com.google.android.gms@17455055@17.4.55 (110400-248795830):5)
08-05 16:48:29.538 20489 20534 E AndroidRuntime: 	at aykz.a(:com.google.android.gms@17455055@17.4.55 (110400-248795830):12)
08-05 16:48:29.538 20489 20534 E AndroidRuntime: 	at com.google.android.location.fused.StationaryThrottlingEngine.a(:com.google.android.gms@17455055@17.4.55 (110400-248795830):12)
08-05 16:48:29.538 20489 20534 E AndroidRuntime: 	at ayiu.a(:com.google.android.gms@17455055@17.4.55 (110400-248795830):5)
08-05 16:48:29.538 20489 20534 E AndroidRuntime: 	at ayma.a(:com.google.android.gms@17455055@17.4.55 (110400-248795830):3)
08-05 16:48:29.538 20489 20534 E AndroidRuntime: 	at com.google.android.location.fused.StationaryThrottlingEngine.a(:com.google.android.gms@17455055@17.4.55 (110400-248795830):12)
08-05 16:48:29.538 20489 20534 E AndroidRuntime: 	at aynj.a(:com.google.android.gms@17455055@17.4.55 (110400-248795830):3)
08-05 16:48:29.538 20489 20534 E AndroidRuntime: 	at ayiw.a(:com.google.android.gms@17455055@17.4.55 (110400-248795830):2)
08-05 16:48:29.538 20489 20534 E AndroidRuntime: 	at aymn.a(:com.google.android.gms@17455055@17.4.55 (110400-248795830):1)
08-05 16:48:29.538 20489 20534 E AndroidRuntime: 	at aymx.handleMessage(:com.google.android.gms@17455055@17.4.55 (110400-248795830):4)
08-05 16:48:29.538 20489 20534 E AndroidRuntime: 	at android.os.Handler.dispatchMessage(Handler.java:106)
08-05 16:48:29.538 20489 20534 E AndroidRuntime: 	at aagz.a(:com.google.android.gms@17455055@17.4.55 (110400-248795830):3)
08-05 16:48:29.538 20489 20534 E AndroidRuntime: 	at aagz.dispatchMessage(:com.google.android.gms@17455055@17.4.55 (110400-248795830):4)
08-05 16:48:29.538 20489 20534 E AndroidRuntime: 	at azws.a(:com.google.android.gms@17455055@17.4.55 (110400-248795830):5)
08-05 16:48:29.538 20489 20534 E AndroidRuntime: 	at aagz.dispatchMessage(:com.google.android.gms@17455055@17.4.55 (110400-248795830):4)
08-05 16:48:29.538 20489 20534 E AndroidRuntime: 	at android.os.Looper.loop(Looper.java:164)
08-05 16:48:29.538 20489 20534 E AndroidRuntime: 	at android.os.HandlerThread.run(HandlerThread.java:65)
08-05 16:48:29.670   916   996 W BroadcastQueue: Background execution not allowed: receiving Intent { act=android.intent.action.DROPBOX_ENTRY_ADDED flg=0x10 (has extras) } to com.google.android.gms/.stats.service.DropBoxEntryAddedReceiver
08-05 16:48:29.671   916   996 W BroadcastQueue: Background execution not allowed: receiving Intent { act=android.intent.action.DROPBOX_ENTRY_ADDED flg=0x10 (has extras) } to com.google.android.gms/.chimera.GmsIntentOperationService$PersistentTrustedReceiver
08-05 16:48:29.709   916  2742 D PackageManager: Binder to instant app resolver died
08-05 16:48:29.710   916   916 D PackageManager: Disconnected from instant app resolver
08-05 16:48:29.711   916  5384 I ActivityManager: Process com.google.android.gms.persistent (pid 20489) has died: fore BFGS
08-05 16:48:29.712   916  5384 W ActivityManager: Scheduling restart of crashed service com.google.android.gms/com.google.android.location.geofencer.service.GeofenceProviderService in 64000ms
08-05 16:48:29.712   916  5384 W ActivityManager: Scheduling restart of crashed service com.google.android.gms/com.google.android.location.geocode.GeocodeService in 787632ms
08-05 16:48:29.712   916  5384 W ActivityManager: Scheduling restart of crashed service com.google.android.gms/com.google.android.contextmanager.service.ContextManagerService in 1343744ms
08-05 16:48:29.713   916  5384 W ActivityManager: Scheduling restart of crashed service com.google.android.gms/com.google.android.location.fused.FusedLocationService in 1983680ms
08-05 16:48:29.713   916  5384 W ActivityManager: Scheduling restart of crashed service com.google.android.gms/.chimera.PersistentBoundBrokerService in 947616ms
08-05 16:48:29.713   916  5384 W ActivityManager: Scheduling restart of crashed service com.google.android.gms/.chimera.PersistentIntentOperationService in 4000ms
08-05 16:48:29.714   916  5384 W ActivityManager: Scheduling restart of crashed service com.google.android.gms/com.google.android.location.internal.server.HardwareArProviderService in 827624ms
08-05 16:48:29.714   916  5384 W ActivityManager: Scheduling restart of crashed service com.google.android.gms/com.google.android.location.internal.server.GoogleLocationService in 1107616ms
08-05 16:48:29.714   916  5384 W ActivityManager: Scheduling restart of crashed service com.google.android.gms/com.google.android.location.network.NetworkLocationService in 1147616ms
08-05 16:48:29.714   916  5384 W ActivityManager: Scheduling restart of crashed service com.google.android.gms/com.google.android.location.internal.GoogleLocationManagerService in 1503728ms
08-05 16:48:33.763   916   996 I ActivityManager: Start proc 20546:com.google.android.gms.persistent/u0a16 for service com.google.android.gms/.chimera.PersistentIntentOperationService
08-05 16:48:34.916 20546 20588 E ActivityThread: Failed to find provider info for instantapp-dev-manager
08-05 16:48:34.939   916   916 D PackageManager: Connected to instant app resolver
08-05 16:48:35.188   916  1018 D BluetoothManagerService: MESSAGE_REGISTER_ADAPTER
08-05 16:48:35.658 20546 20593 E AndroidRuntime: FATAL EXCEPTION: FlpThread
08-05 16:48:35.658 20546 20593 E AndroidRuntime: Process: com.google.android.gms.persistent, PID: 20546
08-05 16:48:35.658 20546 20593 E AndroidRuntime: java.lang.SecurityException: "passive" location provider requires ACCESS_FINE_LOCATION permission.
08-05 16:48:35.658 20546 20593 E AndroidRuntime: 	at android.os.Parcel.readException(Parcel.java:2013)
08-05 16:48:35.658 20546 20593 E AndroidRuntime: 	at android.os.Parcel.readException(Parcel.java:1959)
08-05 16:48:35.658 20546 20593 E AndroidRuntime: 	at android.location.ILocationManager$Stub$Proxy.requestLocationUpdates(ILocationManager.java:691)
08-05 16:48:35.658 20546 20593 E AndroidRuntime: 	at android.location.LocationManager.requestLocationUpdates(LocationManager.java:900)
08-05 16:48:35.658 20546 20593 E AndroidRuntime: 	at android.location.LocationManager.requestLocationUpdates(LocationManager.java:504)
08-05 16:48:35.658 20546 20593 E AndroidRuntime: 	at azwe.a(:com.google.android.gms@17455055@17.4.55 (110400-248795830):9)
08-05 16:48:35.658 20546 20593 E AndroidRuntime: 	at azwd.a(:com.google.android.gms@17455055@17.4.55 (110400-248795830):3)
08-05 16:48:35.658 20546 20593 E AndroidRuntime: 	at azwg.a(Unknown Source:0)
08-05 16:48:35.658 20546 20593 E AndroidRuntime: 	at ayov.a(:com.google.android.gms@17455055@17.4.55 (110400-248795830):8)
08-05 16:48:35.658 20546 20593 E AndroidRuntime: 	at ayoy.f(Unknown Source:7)
08-05 16:48:35.658 20546 20593 E AndroidRuntime: 	at ayoy.c(:com.google.android.gms@17455055@17.4.55 (110400-248795830):2)
08-05 16:48:35.658 20546 20593 E AndroidRuntime: 	at com.google.android.location.fused.FusionEngine.a(:com.google.android.gms@17455055@17.4.55 (110400-248795830):108)
08-05 16:48:35.658 20546 20593 E AndroidRuntime: 	at aymb.a(:com.google.android.gms@17455055@17.4.55 (110400-248795830):16)
08-05 16:48:35.658 20546 20593 E AndroidRuntime: 	at ayjd.a(:com.google.android.gms@17455055@17.4.55 (110400-248795830):5)
08-05 16:48:35.658 20546 20593 E AndroidRuntime: 	at ayja.a(:com.google.android.gms@17455055@17.4.55 (110400-248795830):5)
08-05 16:48:35.658 20546 20593 E AndroidRuntime: 	at aykz.a(:com.google.android.gms@17455055@17.4.55 (110400-248795830):12)
08-05 16:48:35.658 20546 20593 E AndroidRuntime: 	at com.google.android.location.fused.StationaryThrottlingEngine.a(:com.google.android.gms@17455055@17.4.55 (110400-248795830):12)
08-05 16:48:35.658 20546 20593 E AndroidRuntime: 	at ayiu.a(:com.google.android.gms@17455055@17.4.55 (110400-248795830):5)
08-05 16:48:35.658 20546 20593 E AndroidRuntime: 	at ayma.a(:com.google.android.gms@17455055@17.4.55 (110400-248795830):3)
08-05 16:48:35.658 20546 20593 E AndroidRuntime: 	at com.google.android.location.fused.StationaryThrottlingEngine.a(:com.google.android.gms@17455055@17.4.55 (110400-248795830):12)
08-05 16:48:35.658 20546 20593 E AndroidRuntime: 	at aynj.a(:com.google.android.gms@17455055@17.4.55 (110400-248795830):3)
08-05 16:48:35.658 20546 20593 E AndroidRuntime: 	at ayiw.a(:com.google.android.gms@17455055@17.4.55 (110400-248795830):2)
08-05 16:48:35.658 20546 20593 E AndroidRuntime: 	at aymn.a(:com.google.android.gms@17455055@17.4.55 (110400-248795830):1)
08-05 16:48:35.658 20546 20593 E AndroidRuntime: 	at aymx.handleMessage(:com.google.android.gms@17455055@17.4.55 (110400-248795830):4)
08-05 16:48:35.658 20546 20593 E AndroidRuntime: 	at android.os.Handler.dispatchMessage(Handler.java:106)
08-05 16:48:35.658 20546 20593 E AndroidRuntime: 	at aagz.a(:com.google.android.gms@17455055@17.4.55 (110400-248795830):3)
08-05 16:48:35.658 20546 20593 E AndroidRuntime: 	at aagz.dispatchMessage(:com.google.android.gms@17455055@17.4.55 (110400-248795830):4)
08-05 16:48:35.658 20546 20593 E AndroidRuntime: 	at azws.a(:com.google.android.gms@17455055@17.4.55 (110400-248795830):5)
08-05 16:48:35.658 20546 20593 E AndroidRuntime: 	at aagz.dispatchMessage(:com.google.android.gms@17455055@17.4.55 (110400-248795830):4)
08-05 16:48:35.658 20546 20593 E AndroidRuntime: 	at android.os.Looper.loop(Looper.java:164)
08-05 16:48:35.658 20546 20593 E AndroidRuntime: 	at android.os.HandlerThread.run(HandlerThread.java:65)
08-05 16:48:35.797   916   996 W BroadcastQueue: Background execution not allowed: receiving Intent { act=android.intent.action.DROPBOX_ENTRY_ADDED flg=0x10 (has extras) } to com.google.android.gms/.stats.service.DropBoxEntryAddedReceiver
08-05 16:48:35.797   916   996 W BroadcastQueue: Background execution not allowed: receiving Intent { act=android.intent.action.DROPBOX_ENTRY_ADDED flg=0x10 (has extras) } to com.google.android.gms/.chimera.GmsIntentOperationService$PersistentTrustedReceiver
08-05 16:48:35.837   916  2563 I ActivityManager: Process com.google.android.gms.persistent (pid 20546) has died: fore BFGS
08-05 16:48:35.838   916  2746 D PackageManager: Binder to instant app resolver died
08-05 16:48:35.838   916   916 D PackageManager: Disconnected from instant app resolver
08-05 16:48:35.838   916  2563 W ActivityManager: Scheduling restart of crashed service com.google.android.gms/com.google.android.location.geofencer.service.GeofenceProviderService in 256000ms
08-05 16:48:35.839   916  2563 W ActivityManager: Scheduling restart of crashed service com.google.android.gms/com.google.android.location.geocode.GeocodeService in 3150528ms
08-05 16:48:35.839   916  2563 W ActivityManager: Scheduling restart of crashed service com.google.android.gms/com.google.android.contextmanager.service.ContextManagerService in 5374976ms
08-05 16:48:35.839   916  2563 W ActivityManager: Scheduling restart of crashed service com.google.android.gms/com.google.android.location.fused.FusedLocationService in 7934720ms
08-05 16:48:35.840   916  2563 W ActivityManager: Scheduling restart of crashed service com.google.android.gms/.chimera.PersistentBoundBrokerService in 3790464ms
08-05 16:48:35.840   916  2563 W ActivityManager: Scheduling restart of crashed service com.google.android.gms/.chimera.PersistentIntentOperationService in 16000ms
08-05 16:48:35.840   916  2563 W ActivityManager: Scheduling restart of crashed service com.google.android.gms/com.google.android.location.internal.server.HardwareArProviderService in 3310496ms
08-05 16:48:35.840   916  2563 W ActivityManager: Scheduling restart of crashed service com.google.android.gms/com.google.android.location.internal.server.GoogleLocationService in 4430464ms
08-05 16:48:35.841   916  2563 W ActivityManager: Scheduling restart of crashed service com.google.android.gms/com.google.android.location.network.NetworkLocationService in 4590464ms
08-05 16:48:35.841   916  2563 W ActivityManager: Scheduling restart of crashed service com.google.android.gms/com.google.android.location.internal.GoogleLocationManagerService in 6014912ms
08-05 16:48:46.250   916   999 E BatteryExternalStatsWorker: no controller energy info supplied for bluetooth
08-05 16:48:49.554  2691  2691 I Telephony: PstnIncomingCallNotifier: Unregistering: Handler (com.qualcomm.qti.internal.telephony.QtiGsmCdmaPhone) {7907f55}
08-05 16:48:49.578   916   996 I ActivityManager: Start proc 20630:com.android.dialer/u0a14 for broadcast com.android.dialer/.app.voicemail.LegacyVoicemailNotificationReceiver
08-05 16:48:49.589   916  3382 I Telecom : PhoneAccountRegistrar: Modify account: [ComponentInfo{com.android.phone/com.android.services.telephony.TelephonyConnectionService}, [14d862c1c64e05cc4d1f5d328262495897e420c1], UserHandle{0}]: TSI.rPA@A/w
08-05 16:48:49.596  2691  2691 I Telephony: AccountEntry: Registered phoneAccount: [[ ] PhoneAccount: ComponentInfo{com.android.phone/com.android.services.telephony.TelephonyConnectionService}, [14d862c1c64e05cc4d1f5d328262495897e420c1], UserHandle{0} Capabilities: CallProvider MultiUser PlaceEmerg SimSub  Audio Routes: BESW Schemes: tel voicemail  Extras: Bundle[{android.telecom.extra.SUPPORTS_VIDEO_CALLING_FALLBACK=false, android.telecom.extra.SORT_ORDER=0}] GroupId: [da39a3ee5e6b4b0d3255bfef95601890afd80709]] with handle: ComponentInfo{com.android.phone/com.android.services.telephony.TelephonyConnectionService}, [14d862c1c64e05cc4d1f5d328262495897e420c1], UserHandle{0}
08-05 16:48:49.597  2691  2691 I Telephony: PstnIncomingCallNotifier: Registering: Handler (com.qualcomm.qti.internal.telephony.QtiGsmCdmaPhone) {7907f55}
08-05 16:48:49.616  2691  2691 I Telephony: PstnPhoneCapabilitiesNotifier: handleVideoCapabilitesChanged. Video capability - false
08-05 16:48:49.646   916   956 I Telecom : PhoneAccountRegistrar: Modify account: [ComponentInfo{com.android.phone/com.android.services.telephony.TelephonyConnectionService}, [14d862c1c64e05cc4d1f5d328262495897e420c1], UserHandle{0}]: TSI.rPA@A/8
08-05 16:48:51.887   916   996 I ActivityManager: Start proc 20656:com.google.android.gms.persistent/u0a16 for service com.google.android.gms/.chimera.PersistentIntentOperationService
08-05 16:48:53.059 20656 20696 E ActivityThread: Failed to find provider info for instantapp-dev-manager
08-05 16:48:53.081   916   916 D PackageManager: Connected to instant app resolver
08-05 16:48:53.334   916  1018 D BluetoothManagerService: MESSAGE_REGISTER_ADAPTER
08-05 16:48:53.791 20656 20700 E AndroidRuntime: FATAL EXCEPTION: FlpThread
08-05 16:48:53.791 20656 20700 E AndroidRuntime: Process: com.google.android.gms.persistent, PID: 20656
08-05 16:48:53.791 20656 20700 E AndroidRuntime: java.lang.SecurityException: "passive" location provider requires ACCESS_FINE_LOCATION permission.
08-05 16:48:53.791 20656 20700 E AndroidRuntime: 	at android.os.Parcel.readException(Parcel.java:2013)
08-05 16:48:53.791 20656 20700 E AndroidRuntime: 	at android.os.Parcel.readException(Parcel.java:1959)
08-05 16:48:53.791 20656 20700 E AndroidRuntime: 	at android.location.ILocationManager$Stub$Proxy.requestLocationUpdates(ILocationManager.java:691)
08-05 16:48:53.791 20656 20700 E AndroidRuntime: 	at android.location.LocationManager.requestLocationUpdates(LocationManager.java:900)
08-05 16:48:53.791 20656 20700 E AndroidRuntime: 	at android.location.LocationManager.requestLocationUpdates(LocationManager.java:504)
08-05 16:48:53.791 20656 20700 E AndroidRuntime: 	at azwe.a(:com.google.android.gms@17455055@17.4.55 (110400-248795830):9)
08-05 16:48:53.791 20656 20700 E AndroidRuntime: 	at azwd.a(:com.google.android.gms@17455055@17.4.55 (110400-248795830):3)
08-05 16:48:53.791 20656 20700 E AndroidRuntime: 	at azwg.a(Unknown Source:0)
08-05 16:48:53.791 20656 20700 E AndroidRuntime: 	at ayov.a(:com.google.android.gms@17455055@17.4.55 (110400-248795830):8)
08-05 16:48:53.791 20656 20700 E AndroidRuntime: 	at ayoy.f(Unknown Source:7)
08-05 16:48:53.791 20656 20700 E AndroidRuntime: 	at ayoy.c(:com.google.android.gms@17455055@17.4.55 (110400-248795830):2)
08-05 16:48:53.791 20656 20700 E AndroidRuntime: 	at com.google.android.location.fused.FusionEngine.a(:com.google.android.gms@17455055@17.4.55 (110400-248795830):108)
08-05 16:48:53.791 20656 20700 E AndroidRuntime: 	at aymb.a(:com.google.android.gms@17455055@17.4.55 (110400-248795830):16)
08-05 16:48:53.791 20656 20700 E AndroidRuntime: 	at ayjd.a(:com.google.android.gms@17455055@17.4.55 (110400-248795830):5)
08-05 16:48:53.791 20656 20700 E AndroidRuntime: 	at ayja.a(:com.google.android.gms@17455055@17.4.55 (110400-248795830):5)
08-05 16:48:53.791 20656 20700 E AndroidRuntime: 	at aykz.a(:com.google.android.gms@17455055@17.4.55 (110400-248795830):12)
08-05 16:48:53.791 20656 20700 E AndroidRuntime: 	at com.google.android.location.fused.StationaryThrottlingEngine.a(:com.google.android.gms@17455055@17.4.55 (110400-248795830):12)
08-05 16:48:53.791 20656 20700 E AndroidRuntime: 	at ayiu.a(:com.google.android.gms@17455055@17.4.55 (110400-248795830):5)
08-05 16:48:53.791 20656 20700 E AndroidRuntime: 	at ayma.a(:com.google.android.gms@17455055@17.4.55 (110400-248795830):3)
08-05 16:48:53.791 20656 20700 E AndroidRuntime: 	at com.google.android.location.fused.StationaryThrottlingEngine.a(:com.google.android.gms@17455055@17.4.55 (110400-248795830):12)
08-05 16:48:53.791 20656 20700 E AndroidRuntime: 	at aynj.a(:com.google.android.gms@17455055@17.4.55 (110400-248795830):3)
08-05 16:48:53.791 20656 20700 E AndroidRuntime: 	at ayiw.a(:com.google.android.gms@17455055@17.4.55 (110400-248795830):2)
08-05 16:48:53.791 20656 20700 E AndroidRuntime: 	at aymn.a(:com.google.android.gms@17455055@17.4.55 (110400-248795830):1)
08-05 16:48:53.791 20656 20700 E AndroidRuntime: 	at aymx.handleMessage(:com.google.android.gms@17455055@17.4.55 (110400-248795830):4)
08-05 16:48:53.791 20656 20700 E AndroidRuntime: 	at android.os.Handler.dispatchMessage(Handler.java:106)
08-05 16:48:53.791 20656 20700 E AndroidRuntime: 	at aagz.a(:com.google.android.gms@17455055@17.4.55 (110400-248795830):3)
08-05 16:48:53.791 20656 20700 E AndroidRuntime: 	at aagz.dispatchMessage(:com.google.android.gms@17455055@17.4.55 (110400-248795830):4)
08-05 16:48:53.791 20656 20700 E AndroidRuntime: 	at azws.a(:com.google.android.gms@17455055@17.4.55 (110400-248795830):5)
08-05 16:48:53.791 20656 20700 E AndroidRuntime: 	at aagz.dispatchMessage(:com.google.android.gms@17455055@17.4.55 (110400-248795830):4)
08-05 16:48:53.791 20656 20700 E AndroidRuntime: 	at android.os.Looper.loop(Looper.java:164)
08-05 16:48:53.791 20656 20700 E AndroidRuntime: 	at android.os.HandlerThread.run(HandlerThread.java:65)
