08-05 16:54:57.939 21236 21736 W ExtendedACodec: Failed to get extension for extradata parameter
08-05 16:54:57.939   405   405 I QCamera2HWI: getLogLevel gCamHalLogLevel=1
08-05 16:54:57.940   405   405 D vndksupport: Loading /vendor/lib/hw/power.qcom.so from current namespace instead of sphal namespace.
08-05 16:54:57.942   405   405 D QCamera2HWI: [KPI Perf] openCamera: E PROFILE_OPEN_CAMERA camera id 0
08-05 16:54:57.942   405   405 E mm-camera-intf: mm_camera_open: dev name = /dev/video2, cam_idx = 2
08-05 16:54:57.943   405 21742 D QCamera2HWI: defferedWorkRoutine: start data proc
08-05 16:54:57.943   405 21741 D QCameraStateMachine: smEvtProcRoutine: E
08-05 16:54:57.945   403   403 W /system/bin/hw/android.hidl.allocator@1.0-service: ashmem_create_region(65307) returning hidl_memory(0xabc8ede0, 65307)
08-05 16:54:57.948   403   403 I chatty  : uid=1000(system) allocator@1.0-s identical 2 lines
08-05 16:54:57.949   403   403 W /system/bin/hw/android.hidl.allocator@1.0-service: ashmem_create_region(65307) returning hidl_memory(0xabc8ede0, 65307)
08-05 16:54:57.950 21236 21724 D CAM_MemoryQuery: timestamp=2062555, availMem=352, totalMem=879, totalPSS=35, lastTrimLevel=0, largeMemoryClass=256, nativePSS=14, dalvikPSS=2, otherPSS=18,threshold=144, lowMemory=false
08-05 16:54:57.858 21236 21236 W Thread-4: type=1400 audit(0.0:71): avc: denied { read } for name="u:object_r:camera_prop:s0" dev="tmpfs" ino=10613 scontext=u:r:untrusted_app_25:s0:c512,c768 tcontext=u:object_r:camera_prop:s0 tclass=file permissive=0
08-05 16:54:57.962   479 21743 D mm-camera: mct_pipeline_start_session_thread thread_id is 21743
08-05 16:54:57.964   403   403 W /system/bin/hw/android.hidl.allocator@1.0-service: ashmem_create_region(32768) returning hidl_memory(0xabc8ede0, 32768)
08-05 16:54:57.965   479 21744 D mm-camera: mct_pipeline_start_session_thread thread_id is 21744
08-05 16:54:57.966   403   403 W /system/bin/hw/android.hidl.allocator@1.0-service: ashmem_create_region(32768) returning hidl_memory(0xabc8ede0, 32768)
08-05 16:54:57.966   479 21745 D mm-camera: mct_pipeline_start_session_thread thread_id is 21745
08-05 16:54:57.967   479 21745 D mm-camera: isp_tintless_open: E: b2ca0fb1
08-05 16:54:57.968   403   403 W /system/bin/hw/android.hidl.allocator@1.0-service: ashmem_create_region(32768) returning hidl_memory(0xabc8ede0, 32768)
08-05 16:54:57.969   403   403 W /system/bin/hw/android.hidl.allocator@1.0-service: ashmem_create_region(32768) returning hidl_memory(0xabc8ede0, 32768)
08-05 16:54:57.974   479 21745 E         : dmlroc_get_version
08-05 16:54:57.974   479 21745 E mm-camera: isp_tintless_bg_pca_get_version: lib returned version 2.53 err=0
08-05 16:54:57.975   479 21746 D mm-camera: mct_pipeline_start_session_thread thread_id is 21746
08-05 16:54:57.983   479 21748 D mm-camera: isp_thread_session_task thread_id is 21748
08-05 16:54:57.984   479 21749 D mm-camera: mct_pipeline_start_session_thread thread_id is 21749
08-05 16:54:57.985   479 21749 D mm-camera: c2d_module_start_session:350, info: starting session 2
08-05 16:54:57.985   479 21747 D mm-camera: isp_tintless_main_loop thread_id is 21747
08-05 16:54:57.996   479 21750 D mm-camera: c2d_thread_func:45: c2d_thread entering the polling loop... thread_id is 21750
08-05 16:54:57.997   479 21751 D mm-camera: mct_pipeline_start_session_thread thread_id is 21751
08-05 16:54:57.997   479 21751 E mm-camera-img: module_imglib_start_session:1454 ###Img_Loglevel 0
08-05 16:54:58.012   403   403 W /system/bin/hw/android.hidl.allocator@1.0-service: ashmem_create_region(32768) returning hidl_memory(0xabc8ede0, 32768)
08-05 16:54:58.017   403   403 I chatty  : uid=1000(system) allocator@1.0-s identical 2 lines
08-05 16:54:58.019   403   403 W /system/bin/hw/android.hidl.allocator@1.0-service: ashmem_create_region(32768) returning hidl_memory(0xabc8ede0, 32768)
08-05 16:54:58.039   479 21749 D mm-camera: c2d_module_start_session:428, info: session 2 started.
08-05 16:54:58.043   418  2601 I LocSvc_ApiV02: <--- globalEventCb line 115 QMI_LOC_EVENT_POSITION_REPORT_IND_V02
08-05 16:54:58.059   479 21746 E mm-camera-CORE: af_init: updated HAF func table
08-05 16:54:58.128 21236 21722 V NuMediaExtractor: setDataSource fd=77 (/system/app/Camera2/Camera2.apk), offset=6794560, length=7755
08-05 16:54:58.135   468  2482 I ExtendedExtractor: QTIParser is prefered .. flags 0
08-05 16:54:58.135   468  2482 D MMParserExtractor: setExtraFlags called with flags 0 for paser instance b1e18f00
08-05 16:54:58.136   468  2482 I ExtendedExtractor: ExtendedExtractor::create 0xb1e18f00
08-05 16:54:58.143 21236 21722 E MediaExtractor: Trace connect 0x98a6a340 0xb14f9900
08-05 16:54:58.152 21236 21760 I OMXClient: Treble IOmx obtained
08-05 16:54:58.152   473  2725 I OMXMaster: makeComponentInstance(OMX.google.vorbis.decoder) in omx@1.0-service process
08-05 16:54:58.158  3088  3396 E SecUISvc: Error initializing local socket: -1
08-05 16:54:58.160   281   281 W /system/bin/hwservicemanager: getTransport: Cannot find entry vendor.qti.hardware.tui_comm@1.0::ITuiComm/default in either framework or device manifest.
08-05 16:54:58.160   473  2725 E OMXNodeInstance: getConfig(0xb4118fc0:google.vorbis.decoder, ConfigAndroidVendorExtension(0x6f100004)) ERROR: Undefined(0x80001001)
08-05 16:54:58.163 21236 21760 W ExtendedACodec: Failed to get extension for extradata parameter
08-05 16:54:58.168   403   403 W /system/bin/hw/android.hidl.allocator@1.0-service: ashmem_create_region(65307) returning hidl_memory(0xabc8ede0, 65307)
08-05 16:54:58.175   403   403 I chatty  : uid=1000(system) allocator@1.0-s identical 2 lines
08-05 16:54:58.176   403   403 W /system/bin/hw/android.hidl.allocator@1.0-service: ashmem_create_region(65307) returning hidl_memory(0xabc8ede0, 65307)
08-05 16:54:58.181   403   403 W /system/bin/hw/android.hidl.allocator@1.0-service: ashmem_create_region(32768) returning hidl_memory(0xabc8ede0, 32768)
08-05 16:54:58.208   403   403 I chatty  : uid=1000(system) allocator@1.0-s identical 6 lines
08-05 16:54:58.209   403   403 W /system/bin/hw/android.hidl.allocator@1.0-service: ashmem_create_region(32768) returning hidl_memory(0xabc8ede0, 32768)
08-05 16:54:58.308   479 21743 E mm-camera-sensor: actuator_load_lib:411 name=dw9714_pc0fe, mode=camera
08-05 16:54:58.312   479 21743 E mm-camera-sensor: actuator_load_lib:411 name=dw9714_pc0fe, mode=camcorder
08-05 16:54:58.330   479   479 I mm-camera-eztune: vendor/qcom/proprietary/mm-camera/mm-camera2/server-tuning/tuning/eztune_interface.cpp(367): "Create Server : 0xb290b300"
08-05 16:54:58.331   479   479 I mm-camera-eztune: vendor/qcom/proprietary/mm-camera/mm-camera2/server-tuning/tuning/eztune_interface.cpp(367): "Create Server : 0xb290b380"
08-05 16:54:58.331   479 21764 I mm-camera-eztune: vendor/qcom/proprietary/mm-camera/mm-camera2/server-tuning/tuning/eztune_process.cpp(300): "GetItemBinarySize Item Binary Size: 0"
08-05 16:54:58.331   479 21764 W mm-camera-eztune: vendor/qcom/proprietary/mm-camera/mm-camera2/server-tuning/tuning/eztune_process.cpp(388): "No dump file present"
08-05 16:54:58.331   479 21764 E mm-camera-eztune: vendor/qcom/proprietary/mm-camera/mm-camera2/server-tuning/tuning/eztune_cam_adapter.cpp(667): "get_mct_stream: no children"
08-05 16:54:58.331   479 21764 W mm-camera-eztune: vendor/qcom/proprietary/mm-camera/mm-camera2/server-tuning/tuning/eztune_cam_adapter.cpp(719): "Message send ignored as stream or stream state not valid"
08-05 16:54:58.331   479 21764 E mm-camera-eztune: vendor/qcom/proprietary/mm-camera/mm-camera2/server-tuning/tuning/eztune_cam_adapter.cpp(667): "get_mct_stream: no children"
08-05 16:54:58.331   479 21764 W mm-camera-eztune: vendor/qcom/proprietary/mm-camera/mm-camera2/server-tuning/tuning/eztune_cam_adapter.cpp(719): "Message send ignored as stream or stream state not valid"
08-05 16:54:58.331   479 21764 E mm-camera-eztune: vendor/qcom/proprietary/mm-camera/mm-camera2/server-tuning/tuning/eztune_cam_adapter.cpp(667): "get_mct_stream: no children"
08-05 16:54:58.331   479 21764 W mm-camera-eztune: vendor/qcom/proprietary/mm-camera/mm-camera2/server-tuning/tuning/eztune_cam_adapter.cpp(719): "Message send ignored as stream or stream state not valid"
08-05 16:54:58.331   479 21764 E mm-camera-eztune: vendor/qcom/proprietary/mm-camera/mm-camera2/server-tuning/tuning/eztune_cam_adapter.cpp(667): "get_mct_stream: no children"
08-05 16:54:58.331   479 21764 W mm-camera-eztune: vendor/qcom/proprietary/mm-camera/mm-camera2/server-tuning/tuning/eztune_cam_adapter.cpp(719): "Message send ignored as stream or stream state not valid"
08-05 16:54:58.331   479 21764 E mm-camera-eztune: vendor/qcom/proprietary/mm-camera/mm-camera2/server-tuning/tuning/eztune_cam_adapter.cpp(667): "get_mct_stream: no children"
08-05 16:54:58.331   479 21764 W mm-camera-eztune: vendor/qcom/proprietary/mm-camera/mm-camera2/server-tuning/tuning/eztune_cam_adapter.cpp(719): "Message send ignored as stream or stream state not valid"
08-05 16:54:58.331   479 21764 I mm-camera-eztune: vendor/qcom/proprietary/mm-camera/mm-camera2/server-tuning/tuning/eztune_process.cpp(405): "Init:Control Mode Init"
08-05 16:54:58.332   479 21766 D mm-camera: mct_controller_thread_run thread_id is 21766
08-05 16:54:58.333   405   405 E mm-camera-intf: mm_camera_open:  opened, break out while loop
08-05 16:54:58.334   479 21765 I mm-camera-eztune: vendor/qcom/proprietary/mm-camera/mm-camera2/server-tuning/tuning/eztune_interface.cpp(62): "Server: Waiting on new connection...\n"
08-05 16:54:58.334   479 21764 I mm-camera-eztune: vendor/qcom/proprietary/mm-camera/mm-camera2/server-tuning/tuning/eztune_interface.cpp(62): "Server: Waiting on new connection...\n"
08-05 16:54:58.335   405   405 D QCamera2HWI: openCamera: enable_4k2k is 0
08-05 16:54:58.335   405   405 D mm-jpeg-intf: jpeg_open gMmCameraJpegLogLevel=1
08-05 16:54:58.353   405   405 E qomx_image_core: OMX_Init:94] Complete 2
08-05 16:54:58.354   405   405 D QCameraHWI_Mem: traceLogAllocStart : alloc E count=1 size=1048576
08-05 16:54:58.354   405   405 E QCameraHWI_Mem: traceLogAllocStart:HeapMemsize 1048576
08-05 16:54:58.354   405   405 D QCameraHWI_Mem: traceLogAllocStart : alloc E count=1 size=1048576
08-05 16:54:58.355   405   405 E QCameraHWI_Mem: traceLogAllocStart:Memsize 1048576
08-05 16:54:58.355   405   405 D QCameraHWI_Mem: alloc : No memory pool available and So allocate new buffer
08-05 16:54:58.355   405   405 D QCameraHWI_Mem: allocOneBuffer : ION buffer 1 with size 1048576 allocated
08-05 16:54:58.355   405   405 D QCameraHWI_Mem:  traceLogAllocEnd : X
08-05 16:54:58.355   405   405 E QCameraHWI_Mem: traceLogAllocEnd 1048576
08-05 16:54:58.355   405   405 D QCameraHWI_Mem:  traceLogAllocEnd : X
08-05 16:54:58.355   405   405 E QCameraHWI_Mem: traceLogAllocEnd 1048576
08-05 16:54:58.357   405   405 D QCameraParameters: initDefaultParameters: supported preview sizes: 1920x1080,1280x960,1280x720,864x480,800x480,768x432,720x480,640x480,480x640,576x432,480x360,384x288,352x288,320x240,240x320,240x160,176x144,144x176,160x120
08-05 16:54:58.357   405   405 D QCameraParameters: initDefaultParameters: supported video sizes: 1920x1080,1280x960,1280x720,864x480,800x480,720x480,640x480,480x640,480x360,352x288,320x240,240x320,176x144,144x176,160x120
08-05 16:54:58.358   405   405 D QCameraParameters: initDefaultParameters: supported pic sizes: 2592x1944,2048x1536,1920x1080,1600x1200,1280x960,1280x768,1280x720,1024x768,800x600,800x480,720x480,640x480,352x288,320x240,176x144,160x120
08-05 16:54:58.358   405   405 D QCameraParameters: initDefaultParameters: supported fps ranges: (15000,15000),(24000,24000),(7500,30000),(30000,30000)
08-05 16:54:58.358   405   405 D QCameraParameters: setPreviewFpsRange: Updated: minFps = 7500, maxFps = 30000 , vid minFps = 7500, vid maxFps = 30000
08-05 16:54:58.358   405   405 D QCamera2HWI: calcThermalLevel: level: 0, preview minfps 7500.000000, preview maxfpS 30000.000000, video minfps 7500.000000, video maxfpS 30000.000000
08-05 16:54:58.358   405   405 D QCamera2HWI: calcThermalLevel: Thermal level 0, FPS [7.50,30.00, 7.50,30.00], frameskip 0
08-05 16:54:58.359   405   405 D QCameraParameters: setPreviewFpsRange: Thermal adjusted Preview fps range 7.50,30.00, 7.50, 30.00
08-05 16:54:58.360   405   405 D QCameraParameters: initDefaultParameters: supported fps rates: 8,9,10,11,12,13,14,15,16,17,18,19,20,21,22,23,24,25,26,27,28,29,30
08-05 16:54:58.360   405   405 D QCameraParameters: setFocusMode: Setting focus mode auto
08-05 16:54:58.360   405   405 D QCameraParameters: setWhiteBalance: Setting WhiteBalance value auto
08-05 16:54:58.361   405   405 D QCameraParameters: setFlash: Setting Flash value off
08-05 16:54:58.361   405   405 D QCameraParameters: setSceneMode: Setting SceneMode auto
08-05 16:54:58.361   405   405 D QCameraParameters: setISOValue: Setting ISO value auto
08-05 16:54:58.361   405   405 D QCameraParameters: initDefaultParameters, Exposure time min 0.000000 ms, max 0.000000 ms
08-05 16:54:58.361   405   405 D QCameraParameters: initDefaultParameters, ISO min 0, max 0
08-05 16:54:58.361   405   405 D QCameraParameters: setAEBracket, EXP_BRACKETING_OFF
08-05 16:54:58.362   405   405 D QCameraParameters: setAFBracket: afBracketStr =af-bracket-off
08-05 16:54:58.362   405   405 D QCameraParameters: setReFocus: reFocusStr =re-focus-off
08-05 16:54:58.362   405   405 D QCameraParameters: setChromaFlash: chromaFlashStr =chroma-flash-off
08-05 16:54:58.362   405   405 D QCameraParameters: setOptiZoom: optiZoomStr =opti-zoom-off
08-05 16:54:58.362   405   405 D QCameraParameters: setDISValue: Setting DIS value disable
08-05 16:54:58.362   405   405 D QCameraParameters: initDefaultParameters: totalram = 922656768, freeram = 45264896 
08-05 16:54:58.362   405   405 D QCameraParameters: setLowPowerMode: Setting normal Power mode
08-05 16:54:58.363   479 21766 D mm-camera: mct_pipeline_process_set:command=800000e
08-05 16:54:58.363   405   405 D QCameraParameters: setNumOfSnapshot: nBurstNum = 1, nExpnum = 1
08-05 16:54:58.375   405   405 I Thermal-Lib: Thermal-Lib-Client: Registraion successful for camera with handle:1
08-05 16:54:58.375   405   405 I Thermal-Lib: Thermal-Lib-Client: Registraion successful for camcorder with handle:2
08-05 16:54:58.375   459   583 I ThermalEngine: Thermal-Server: Adding thermal event listener on fd 38
08-05 16:54:58.376   405 21773 I Thermal-Lib: Thermal-Lib-Client: Client received msg camera 0
08-05 16:54:58.376   405 21741 D QCamera2HWI: calcThermalLevel: level: 0, preview minfps 7500.000000, preview maxfpS 30000.000000, video minfps 7500.000000, video maxfpS 30000.000000
08-05 16:54:58.376   405 21741 D QCamera2HWI: calcThermalLevel: Thermal level 0, FPS [7.50,30.00, 7.50,30.00], frameskip 0
08-05 16:54:58.377   479 21766 D mm-camera: mct_pipeline_process_set:command=800000e
08-05 16:54:58.377   405 21773 I Thermal-Lib: Thermal-Lib-Client: Client received msg camcorder 0
08-05 16:54:58.377   405 21741 D QCamera2HWI: enableMsgType (0xc0d) : mMsgEnabled = 0xc0d
08-05 16:54:58.378   405 21741 D QCamera2HWI: calcThermalLevel: level: 0, preview minfps 7500.000000, preview maxfpS 30000.000000, video minfps 7500.000000, video maxfpS 30000.000000
08-05 16:54:58.378   405 21741 D QCamera2HWI: calcThermalLevel: Thermal level 0, FPS [7.50,30.00, 7.50,30.00], frameskip 0
08-05 16:54:58.378   479 21766 D mm-camera: mct_pipeline_process_set:command=800000e
08-05 16:54:58.411 21236 21723 I CAM_Profiler: [668.733ms] GUARD: CaptureModule.openCameraAndStartPreview() - [668.200ms] mOneCameraOpener.open()
08-05 16:54:58.412 21236 21723 I CAM_Profiler: [668.733ms] GUARD: CaptureModule.openCameraAndStartPreview() - STOP
08-05 16:54:58.423 21236 21720 I CAM_OneCamCreator: Camera support level: LEGACY_JPEG
08-05 16:54:58.425 21236 21720 I CAM_OneCamCreator: Picture Size Configuration: PictureSizeCalculator.Configuration{native size=2592x1944, crop=Rect(0, 0 - 2592, 1944)}
08-05 16:54:58.429 21236 21720 D CAM_CaptureModule: onCameraOpened: com.android.camera.one.v2.initialization.GenericOneCameraImpl@f4322a7
08-05 16:54:58.431 21236 21720 D CAM_CaptureModule: starting preview ...
08-05 16:54:58.434 21236 21236 D CAM_Camera2OneCamMgr: Getting First FRONT Camera
08-05 16:54:58.434 21236 21720 I CameraDeviceState: Legacy camera service transitioning to state CONFIGURING
08-05 16:54:58.434 21236 21777 I RequestThread-0: Configure outputs: 2 surfaces configured.
08-05 16:54:58.435 21236 21777 D Camera  : app passed NULL surface
08-05 16:54:58.444 21236 21777 I RequestThread-0: configureOutputs - set take picture size to 2592x1944
08-05 16:54:58.460 21236 21779 W Adreno-EGL: <qeglDrvAPI_eglGetConfigAttrib:612>: EGL_BAD_ATTRIBUTE
08-05 16:54:58.463 21236 21241 I zygote  : Do partial code cache collection, code=124KB, data=96KB
08-05 16:54:58.470 21236 21241 I zygote  : After code cache collection, code=122KB, data=95KB
08-05 16:54:58.470 21236 21241 I zygote  : Increasing code cache capacity to 512KB
08-05 16:54:58.475 21236 21236 W CAM_IndicatorIconCtrlr: Trying to sync a pano indicator that is not initialized.
08-05 16:54:58.492 21236 21779 W Adreno-EGL: <qeglDrvAPI_eglQueryContext:4411>: EGL_BAD_ATTRIBUTE
08-05 16:54:58.493 21236 21779 E libc    : Access denied finding property "persist.camera.legacy_perf"
08-05 16:54:58.500   405 21741 D QCameraParameters: setPreviewSize: Requested preview size 640 x 480
08-05 16:54:58.500   405 21741 D QCameraParameters: setVideoSize: Requested video size 1920 x 1080
08-05 16:54:58.501   405 21741 D QCameraParameters: setPictureSize: Requested picture size 2592 x 1944
08-05 16:54:58.501   405 21741 D QCameraParameters: updateViewAngles: Final horizViewAngle 64.800003, vertViewAngle 50.700001
08-05 16:54:58.501   405 21741 D QCameraParameters: Param m_bNoDisplayMode = 0
08-05 16:54:58.502   405 21741 D QCameraParameters: setPreviewFpsRange: FpsRange Values:(7500, 30000)
08-05 16:54:58.502   405 21741 D QCameraParameters: setPreviewFpsRange: Requested FpsRange Values:(30000, 30000)
08-05 16:54:58.502   405 21741 D QCameraParameters: HFR mode is OFF
08-05 16:54:58.502   405 21741 D QCameraParameters: setPreviewFpsRange: FPS i=2 : minFps = 30000, maxFps = 30000 vidMinFps = 0, vidMaxFps = 0
08-05 16:54:58.502   405 21741 D QCameraParameters: setPreviewFpsRange: Updated: minFps = 30000, maxFps = 30000 , vid minFps = 30000, vid maxFps = 30000
08-05 16:54:58.502   405 21741 D QCamera2HWI: calcThermalLevel: level: 0, preview minfps 30000.000000, preview maxfpS 30000.000000, video minfps 30000.000000, video maxfpS 30000.000000
08-05 16:54:58.502   405 21741 D QCamera2HWI: calcThermalLevel: Thermal level 0, FPS [30.00,30.00, 30.00,30.00], frameskip 0
08-05 16:54:58.502   405 21741 D QCameraParameters: setPreviewFpsRange: Thermal adjusted Preview fps range 30.00,30.00, 30.00, 30.00
08-05 16:54:58.503   405 21741 D QCameraParameters: setAFBracket: str =af-bracket-off & prev_str =af-bracket-off
08-05 16:54:58.503   405 21741 D QCameraParameters: setReFocus: str =re-focus-off & prev_str =re-focus-off
08-05 16:54:58.503   405 21741 D QCameraParameters: setChromaFlash: str =chroma-flash-off & prev_str =chroma-flash-off
08-05 16:54:58.503   405 21741 D QCameraParameters: setOptiZoom: str =opti-zoom-off & prev_str =opti-zoom-off
08-05 16:54:58.503   405 21741 D QCameraParameters: setFssr: FSSR is not supported
08-05 16:54:58.503   405 21741 D QCameraParameters: setMultiTouchFocus: multi-touch focus is not supported
08-05 16:54:58.509   479 21766 D mm-camera: mct_pipeline_process_set:command=800000e
08-05 16:54:58.510   405 21741 D QCameraParameters: setNumOfSnapshot: nBurstNum = 1, nExpnum = 1
08-05 16:54:58.511 21236 21720 I CameraDeviceState: Legacy camera service transitioning to state IDLE
08-05 16:54:58.518 21236 21778 V CAM_SettingsManager: listeners: [com.android.camera.app.CameraAppUI@5b47318, com.android.camera.ButtonManager@420c3ad, com.android.camera.widget.IndicatorIconController@87c6a73, com.android.camera.settings.SettingObserver$Listener@37b36fa]
08-05 16:54:58.519 21236 21778 V CAM_SettingsManager: listeners: [com.android.camera.app.CameraAppUI@5b47318, com.android.camera.ButtonManager@420c3ad, com.android.camera.widget.IndicatorIconController@87c6a73, com.android.camera.settings.SettingObserver$Listener@37b36fa, com.android.camera.settings.SettingObserver$Listener@eac0708]
08-05 16:54:58.519 21236 21778 V CAM_SettingsManager: listeners: [com.android.camera.app.CameraAppUI@5b47318, com.android.camera.ButtonManager@420c3ad, com.android.camera.widget.IndicatorIconController@87c6a73, com.android.camera.settings.SettingObserver$Listener@37b36fa, com.android.camera.settings.SettingObserver$Listener@eac0708, com.android.camera.settings.SettingObserver$Listener@7b5c8c6]
08-05 16:54:58.522 21236 21236 D CAM_CaptureModule: Ready for capture.
08-05 16:54:58.522 21236 21236 V CAM_CameraAppUI: onPreviewStarted
08-05 16:54:58.523 21236 21783 D CAM_CommandExecutor: Executing command: com.android.camera.one.v2.commands.PreviewCommand@85080d9 START
08-05 16:54:58.528 21236 21783 I RequestQueue: Repeating capture request set.
08-05 16:54:58.528 21236 21783 D CAM_CommandExecutor: Executing command: com.android.camera.one.v2.commands.PreviewCommand@85080d9 END
08-05 16:54:58.530 21236 21777 W LegacyRequestMapper: convertRequestMetadata - control.awbRegions setting is not supported, ignoring value
08-05 16:54:58.532 21236 21777 W LegacyRequestMapper: Only received metering rectangles with weight 0.
08-05 16:54:58.532 21236 21777 W LegacyRequestMapper: Only received metering rectangles with weight 0.
08-05 16:54:58.488 21236 21236 W CameraDeviceGLT: type=1400 audit(0.0:72): avc: denied { read } for name="u:object_r:camera_prop:s0" dev="tmpfs" ino=10613 scontext=u:r:untrusted_app_25:s0:c512,c768 tcontext=u:object_r:camera_prop:s0 tclass=file permissive=0
08-05 16:54:58.542   405 21741 D QCameraParameters: setPreviewSize: Requested preview size 640 x 480
08-05 16:54:58.542   405 21741 D QCameraParameters: setVideoSize: Requested video size 1920 x 1080
08-05 16:54:58.542   405 21741 D QCameraParameters: setPictureSize: Requested picture size 2592 x 1944
08-05 16:54:58.542   405 21741 D QCameraParameters: updateViewAngles: Final horizViewAngle 64.800003, vertViewAngle 50.700001
08-05 16:54:58.543   405 21741 D QCameraParameters: Param m_bNoDisplayMode = 0
08-05 16:54:58.543   405 21741 D QCameraParameters: setPreviewFpsRange: FpsRange Values:(30000, 30000)
08-05 16:54:58.543   405 21741 D QCameraParameters: setPreviewFpsRange: Requested FpsRange Values:(30000, 30000)
08-05 16:54:58.543   405 21741 D QCameraParameters: HFR mode is OFF
08-05 16:54:58.543   405 21741 D QCameraParameters: setFocusMode: Setting focus mode continuous-picture
08-05 16:54:58.543   405 21741 D QCameraParameters: setFlash: Setting Flash value auto
08-05 16:54:58.544   405 21741 D QCameraParameters: setFocusAreas: FocusArea[0] = (-1000, -1000, 2000, 2000)
08-05 16:54:58.544   405 21741 D QCameraParameters: setMeteringAreas: MeteringArea[0] = (-1000, -1000, 2000, 2000)
08-05 16:54:58.544   405 21741 D QCameraParameters: setAFBracket: str =af-bracket-off & prev_str =af-bracket-off
08-05 16:54:58.544   405 21741 D QCameraParameters: setReFocus: str =re-focus-off & prev_str =re-focus-off
08-05 16:54:58.544   405 21741 D QCameraParameters: setChromaFlash: str =chroma-flash-off & prev_str =chroma-flash-off
08-05 16:54:58.544   405 21741 D QCameraParameters: setOptiZoom: str =opti-zoom-off & prev_str =opti-zoom-off
08-05 16:54:58.544   405 21741 D QCameraParameters: setFssr: FSSR is not supported
08-05 16:54:58.544   405 21741 D QCameraParameters: setMultiTouchFocus: multi-touch focus is not supported
08-05 16:54:58.545   479 21766 D mm-camera: mct_pipeline_process_set:command=800000e
08-05 16:54:58.546   405 21741 D QCameraParameters: setNumOfSnapshot: nBurstNum = 1, nExpnum = 1
08-05 16:54:58.549   463   782 I CameraHardwareInterface: Destroying camera 0
08-05 16:54:58.550   405   405 D QCamera2HWI: [KPI Perf] start_preview: E PROFILE_START_PREVIEW
08-05 16:54:58.551   405 21741 D QCameraHWI_Mem: traceLogAllocStart : alloc E count=1 size=932
08-05 16:54:58.551   405 21741 D QCameraHWI_Mem: traceLogAllocStart : alloc E count=1 size=932
08-05 16:54:58.551   405 21741 D QCameraHWI_Mem: alloc : No memory pool available and So allocate new buffer
08-05 16:54:58.552   405 21741 D QCameraHWI_Mem: allocOneBuffer : ION buffer 1 with size 4096 allocated
08-05 16:54:58.552   405 21741 D QCameraHWI_Mem:  traceLogAllocEnd : X
08-05 16:54:58.552   405 21741 D QCameraHWI_Mem:  traceLogAllocEnd : X
08-05 16:54:58.553   405 21741 D QCamera2HWI: getBufNumRequired: Allocating 8 buffers for streamtype 7
08-05 16:54:58.554   405 21741 D QCamera2HWI: allocateStreamInfoBuf: stream_type 7, stream format 101,stream dimension 454088x1, num_bufs 8
08-05 16:54:58.555   405 21741 D QCamera2HWI: getBufNumRequired: Allocating 8 buffers for streamtype 7
08-05 16:54:58.555   479 21766 D mm-camera: mct_pipeline_process_set:command=800000a
08-05 16:54:58.556   405 21741 D QCameraHWI_Mem: traceLogAllocStart : alloc E count=1 size=932
08-05 16:54:58.556   405 21742 D QCameraHWI_Mem: traceLogAllocStart : alloc E count=8 size=454112
08-05 16:54:58.556   405 21742 E QCameraHWI_Mem: traceLogAllocStart:StreamMemsize 454112
08-05 16:54:58.556   405 21741 D QCameraHWI_Mem: traceLogAllocStart : alloc E count=1 size=932
08-05 16:54:58.556   405 21742 D QCameraHWI_Mem: traceLogAllocStart : alloc E count=8 size=454112
08-05 16:54:58.556   405 21741 D QCameraHWI_Mem: alloc : No memory pool available and So allocate new buffer
08-05 16:54:58.556   405 21742 E QCameraHWI_Mem: traceLogAllocStart:Memsize 454112
08-05 16:54:58.556   405 21742 E QCameraHWI_Mem: allocateBuffer : Buffer not found!
08-05 16:54:58.557   405 21741 D QCameraHWI_Mem: allocOneBuffer : ION buffer 1 with size 4096 allocated
08-05 16:54:58.557   405 21741 D QCameraHWI_Mem:  traceLogAllocEnd : X
08-05 16:54:58.557   405 21741 D QCameraHWI_Mem:  traceLogAllocEnd : X
08-05 16:54:58.557   405 21742 D QCameraHWI_Mem: allocOneBuffer : ION buffer 1 with size 454656 allocated
08-05 16:54:58.557   405 21742 E QCameraHWI_Mem: allocateBuffer : Buffer not found!
08-05 16:54:58.558   405 21742 D QCameraHWI_Mem: allocOneBuffer : ION buffer 1 with size 454656 allocated
08-05 16:54:58.558   405 21742 E QCameraHWI_Mem: allocateBuffer : Buffer not found!
08-05 16:54:58.558   405 21741 D QCamera2HWI: getBufNumRequired: Allocating 7 buffers for streamtype 1
08-05 16:54:58.558   405 21741 D QCamera2HWI: allocateStreamInfoBuf: stream_type 1, stream format 2,stream dimension 640x480, num_bufs 7
08-05 16:54:58.558   405 21742 D QCameraHWI_Mem: allocOneBuffer : ION buffer 1 with size 454656 allocated
08-05 16:54:58.558   405 21742 E QCameraHWI_Mem: allocateBuffer : Buffer not found!
08-05 16:54:58.558   405 21742 D QCameraHWI_Mem: allocOneBuffer : ION buffer 1 with size 454656 allocated
08-05 16:54:58.559   405 21741 D QCamera2HWI: getBufNumRequired: Allocating 7 buffers for streamtype 1
08-05 16:54:58.559   405 21742 E QCameraHWI_Mem: allocateBuffer : Buffer not found!
08-05 16:54:58.559   479 21766 D mm-camera: mct_pipeline_process_set:command=800000a
08-05 16:54:58.559   405 21742 D QCameraHWI_Mem: allocOneBuffer : ION buffer 1 with size 454656 allocated
08-05 16:54:58.559   405 21742 E QCameraHWI_Mem: allocateBuffer : Buffer not found!
08-05 16:54:58.559   405 21742 D QCameraHWI_Mem: allocOneBuffer : ION buffer 1 with size 454656 allocated
08-05 16:54:58.559   405 21742 E QCameraHWI_Mem: allocateBuffer : Buffer not found!
08-05 16:54:58.560   479 21766 D mm-camera: mct_pipeline_process_set:command=8000012
08-05 16:54:58.560   405 21742 D QCameraHWI_Mem: allocOneBuffer : ION buffer 1 with size 454656 allocated
08-05 16:54:58.560   479 21766 D mm-camera: mct_pipeline_add_stream_to_linked_streams: linked streams: 0x2
08-05 16:54:58.560   405 21742 E QCameraHWI_Mem: allocateBuffer : Buffer not found!
08-05 16:54:58.560   479 21766 D mm-camera: mct_stream_start_link: Starting preview/postview stream linking 
08-05 16:54:58.560   479 21766 E mm-camera: isp_util_find_matched_existing_src_port#213: X
08-05 16:54:58.560   479 21766 D mm-camera: c2d_port_check_caps_reserve:143, identity=0x20002, reserved
08-05 16:54:58.560   405 21742 D QCameraHWI_Mem: allocOneBuffer : ION buffer 1 with size 454656 allocated
08-05 16:54:58.560   405 21742 D QCameraHWI_Mem:  traceLogAllocEnd : X
08-05 16:54:58.560   405 21742 E QCameraHWI_Mem: traceLogAllocEnd 3632896
08-05 16:54:58.564   405 21742 D QCameraHWI_Mem:  traceLogAllocEnd : X
08-05 16:54:58.564   405 21742 E QCameraHWI_Mem: traceLogAllocEnd 3632896
08-05 16:54:58.565   479 21766 D mm-camera: c2d_module_notify_add_stream:1396, info: success, identity=0x20002
08-05 16:54:58.565   479 21766 D mm-camera: c2d_port_check_caps_reserve:143, identity=0x20002, reserved
08-05 16:54:58.565   479 21766 E mm-camera: module_faceproc_client_create:977] Face proc feature mask e 0
08-05 16:54:58.570   479 21786 D mm-camera: aecawb_thread_handler thread_id is 21786
08-05 16:54:58.571   479 21787 D mm-camera: af_thread_handler thread_id is 21787
08-05 16:54:58.573   479 21789 D mm-camera: afd_thread_handler thread_id is 21789
08-05 16:54:58.575   479 21790 D mm-camera: asd_thread_handler thread_id is 21790
08-05 16:54:58.575   479 21791 E mm-camera: is_thread_handler thread_id is 21791
08-05 16:54:58.575   479 21791 E mm-camera: is_thread_handler: Starting IS thread handler
08-05 16:54:58.576   479 21766 E mm-camera: mct_pipeline_send_ctrl_events: Send Set Parm events
08-05 16:54:58.578   479 21766 E mm-camera-sensor: af_port_handle_module_event: HFR Mode: 0!
08-05 16:54:58.581   479 21766 E mm-camera: stats_port_proc_downstream_set_parm Enable AEC & AWB subsampling optimizations
08-05 16:54:58.581   479 21766 E mm-camera-sensor: module_sensor_event_control_set_parm:3046 CAM_INTF_PARM_LED_MODE 1 
08-05 16:54:58.581   479 21766 E mm-camera-sensor: 
08-05 16:54:58.583   479 21766 D mm-camera: mct_pipeline_process_set:command=8000004
08-05 16:54:58.587   405 21741 D QCamera2HWI: startPreview: E
08-05 16:54:58.587   405 21741 D QCamera2HWI: calcThermalLevel: level: 0, preview minfps 30000.000000, preview maxfpS 30000.000000, video minfps 30000.000000, video maxfpS 30000.000000
08-05 16:54:58.587   405 21741 D QCamera2HWI: calcThermalLevel: Thermal level 0, FPS [30.00,30.00, 30.00,30.00], frameskip 0
08-05 16:54:58.588   479 21766 D mm-camera: mct_pipeline_process_set:command=800000e
08-05 16:54:58.588   479 21766 E mm-camera: mct_pipeline_send_ctrl_events: Send Set Parm events
08-05 16:54:58.589   479 21766 D mm-camera: mct_pipeline_process_set:command=8000012
08-05 16:54:58.589   479 21766 D mm-camera: mct_pipeline_add_stream_to_linked_streams: linked streams: 0x82
08-05 16:54:58.589   479 21766 D mm-camera: mct_stream_start_link: Starting meta stream linking: do nothing 
08-05 16:54:58.589   405 21741 E mm-camera-intf: mm_stream_get_v4l2_fmt: Unknown fmt=101
08-05 16:54:58.590   479 21766 D mm-camera: mct_pipeline_process_set:command=8000004
08-05 16:54:58.590   405 21741 E mm-camera-intf: mm_stream_request_buf: buf_num = 8, stream type = 7
08-05 16:54:58.591   405 21741 D mm-camera-intf: mm_stream_qbuf: Starting poll on stream 0xb21d8e30 type: 7
08-05 16:54:58.591   405 21741 D mm-camera-intf: mm_stream_qbuf: Started poll on stream 0xb21d8e30 type: 7
08-05 16:54:58.591   405 21741 D mm-camera-intf: mm_stream_qbuf: VIDIOC_QBUF buf_index 0,stream type 7,frame_idx 0,queued cnt 1
08-05 16:54:58.591   405 21741 D mm-camera-intf: mm_stream_qbuf: VIDIOC_QBUF buf_index 1,stream type 7,frame_idx 0,queued cnt 2
08-05 16:54:58.592   405 21741 D mm-camera-intf: mm_stream_qbuf: VIDIOC_QBUF buf_index 2,stream type 7,frame_idx 0,queued cnt 3
08-05 16:54:58.592   405 21741 D mm-camera-intf: mm_stream_qbuf: VIDIOC_QBUF buf_index 3,stream type 7,frame_idx 0,queued cnt 4
08-05 16:54:58.592   405 21741 D mm-camera-intf: mm_stream_qbuf: VIDIOC_QBUF buf_index 4,stream type 7,frame_idx 0,queued cnt 5
08-05 16:54:58.592   405 21741 D mm-camera-intf: mm_stream_qbuf: VIDIOC_QBUF buf_index 5,stream type 7,frame_idx 0,queued cnt 6
08-05 16:54:58.592   405 21741 D mm-camera-intf: mm_stream_qbuf: VIDIOC_QBUF buf_index 6,stream type 7,frame_idx 0,queued cnt 7
08-05 16:54:58.592   405 21741 D mm-camera-intf: mm_stream_qbuf: VIDIOC_QBUF buf_index 7,stream type 7,frame_idx 0,queued cnt 8
08-05 16:54:58.593   479 21766 D mm-camera: mct_pipeline_process_set:command=8000008
08-05 16:54:58.593   479 21766 D mm-camera: mct_pipeline_process_set: stream_type = 7
08-05 16:54:58.594   405 21741 D QCameraParameters: getPreviewHalPixelFormat: format 17
08-05 16:54:58.594   405 21741 D QCameraHWI_Mem: setMaxFPS: Setting max fps 30 to display
08-05 16:54:58.594   405 21741 D QCameraHWI_Mem: traceLogAllocStart : alloc E count=7 size=0
08-05 16:54:58.594   405 21741 D QCameraHWI_Mem:  allocate : E 
08-05 16:54:58.599   405 21741 D QCameraHWI_Mem: allocate: usage = 131072, geometry: 0xb21ae104, 640, 480, 640, 480, 17
08-05 16:54:58.619   405 21741 D QCameraHWI_Mem:  allocate : X 
08-05 16:54:58.619   405 21741 D QCameraHWI_Mem:  traceLogAllocEnd : X
08-05 16:54:58.622   405 21741 E mm-camera-intf: mm_stream_request_buf: buf_num = 7, stream type = 1
08-05 16:54:58.622   405 21741 D mm-camera-intf: mm_stream_qbuf: Starting poll on stream 0xb21d9018 type: 1
08-05 16:54:58.622   405 21741 D mm-camera-intf: mm_stream_qbuf: Started poll on stream 0xb21d9018 type: 1
08-05 16:54:58.622   405 21741 D mm-camera-intf: mm_stream_qbuf: VIDIOC_QBUF buf_index 2,stream type 1,frame_idx 0,queued cnt 1
08-05 16:54:58.622   405 21741 D mm-camera-intf: mm_stream_qbuf: VIDIOC_QBUF buf_index 3,stream type 1,frame_idx 0,queued cnt 2
08-05 16:54:58.623   405 21741 D mm-camera-intf: mm_stream_qbuf: VIDIOC_QBUF buf_index 4,stream type 1,frame_idx 0,queued cnt 3
08-05 16:54:58.623   405 21741 D mm-camera-intf: mm_stream_qbuf: VIDIOC_QBUF buf_index 5,stream type 1,frame_idx 0,queued cnt 4
08-05 16:54:58.623   405 21741 D mm-camera-intf: mm_stream_qbuf: VIDIOC_QBUF buf_index 6,stream type 1,frame_idx 0,queued cnt 5
08-05 16:54:58.624   479 21766 D mm-camera: mct_pipeline_process_set:command=8000008
08-05 16:54:58.624   479 21766 D mm-camera: mct_pipeline_process_set: stream_type = 1
08-05 16:54:58.640   479 21766 E mm-camera: decide_isp_nums_camif: num_isp = 1
08-05 16:54:58.640   479 21766 E mm-camera: isp_sink_port_stream_config: E, session_id = 2, stream_id = 2, stream_type = 1
08-05 16:54:58.640   479 21766 E mm-camera: isp_sink_port_stream_config: session_id = 2, stream_id = 2, is_split = 0
08-05 16:54:58.640   479 21766 E mm-camera: isp_sink_port_stream_config: old vfe_id_mask = 0x0, new vfe_id_mask = 0x1
08-05 16:54:58.643   479 21796 D mm-camera: isp_thread_main_loop thread_id is 21796
08-05 16:54:58.644   479 21797 D mm-camera: isp_sem_thread_main thread_id is 21797
08-05 16:54:58.645   479 21798 D mm-camera: isp_thread_main_loop thread_id is 21798
08-05 16:54:58.646   479 21796 E mm-camera: isp_pipeline_get_table_size: ISP_HW_MOD_GET_TABLE_SIZE error, module_id = 1, rc = -1
08-05 16:54:58.646   479 21796 E mm-camera: isp_hw_proc_init_meta_dump: get ISP_PIX_GET_ROLLOFF_TABLE_SIZE error
08-05 16:54:58.647   479 21766 E mm-camera-sensor: Depth_Err: actuator sensitivity : 0.000000 is invalid
08-05 16:54:58.647   479 21766 E mm-camera: is_port_handle_stream_config_event: w = 2592, h = 1944, ma = 90, p = 0
08-05 16:54:58.652   479 21766 E mm-camera-sensor: module_sensor_stream_on:2458 chromatix name libchromatix_ov5670_30010a3_zsl.so
08-05 16:54:58.659   479 21766 E mm-camera-sensor: af_actuator_set_params:315 E
08-05 16:54:58.661   479 21766 E mm-camera: is_port_handle_set_is_enable: IS enable = 0
08-05 16:54:58.663   479 21766 E mm-camera: isp_tintless_config: tint_correction_strength updated to 4
08-05 16:54:58.663   479 21766 E mm-camera: isp_tintless_bg_pca_update_chromatix_params: lib returned config err=0
08-05 16:54:58.663   479 21766 E mm-camera: is_port_handle_set_is_enable: IS enable = 0
08-05 16:54:58.665   479 21766 E mm-camera: port_isp_mct_ctrl_cmd: E, identity = 0x20002, STREAMON
08-05 16:54:58.665   479 21766 E mm-camera: awb_port_update_awb_data r_gain; 1.347709, g_gain: 1.000000, b_gain: 1.848429, cct: 4100
08-05 16:54:58.665   479 21766 E mm-camera: is_port_handle_stream_event: MCT_EVENT_CONTROL_STREAMON, identity = 0x20002
08-05 16:54:58.666   479 21766 E mm-camera-img: Face Album FILE EXISTS
08-05 16:54:58.667   479 21766 D mm-camera: c2d_module_handle_streamon_event:1646, identity=0x20002, stream-on done
08-05 16:54:58.667   479 21766 E mm-camera: isp_streamon: E, session_id = 2, stream_id = 2, active_count = 0 flash=FALSE
08-05 16:54:58.667   479 21748 E mm-camera: isp_proc_streamon: E, session_id = 2, stream_id = 2, stream_type = 1
08-05 16:54:58.668   479 21748 E mm-camera: isp_ch_util_sync_stream_cfg_to_channel: cannot find channel, Adding new channel for stream id 2
08-05 16:54:58.668   479 21748 E mm-camera: isp_add_meta_channel: no meta data, session_id = 2, stream_id = 2
08-05 16:54:58.668   479 21748 E mm-camera: isp_add_camif_channel: is_pdaf_supported 0
08-05 16:54:58.668   479 21748 D mm-camera: isp_validate_buf_request: total 7 current buffer count 7 for stream 2
08-05 16:54:58.668   479 21798 D mm-camera: isp_fmt_to_pix_pattern: format 31
08-05 16:54:58.670   479 21748 E mm-camera: is_port_handle_output_dim_event: MCT_EVENT_MODULE_ISP_OUTPUT_DIM, steam_type = 1, w = 640, h = 480, IS mode = 0
08-05 16:54:58.671   479 21748 D mm-camera: isp_util_set_stats_bf_filter_size: BF filter size = 2
08-05 16:54:58.671   479 21748 D mm-camera: isp_hw_action: first start, hw thread for streamon/ack
08-05 16:54:58.671   479 21798 E mm-camera: isp_thread_proc_cmd: start/stop, thread_data = 0xac7a533c, action_code = 0
08-05 16:54:58.671   479 21748 E mm-camera: isp_ch_util_streamon: session_id = 2, vfe_mask = 0x1, async streamon, rc = 0
08-05 16:54:58.671   479 21748 D mm-camera: isp_hw_action: hw_thread for ack
08-05 16:54:58.672   479 21798 D mm-camera: isp_fmt_to_pix_pattern: format 31
08-05 16:54:58.675   479 21798 D mm-camera: vfe_calc_fov: out1w = 640, out1h = 480, out2w = 0, out2h = 0
08-05 16:54:58.675   479 21798 D mm-camera: vfe_calc_fov: demosaic first_p = 0, last_p = 2591, first_l = 0, last_l = 1943
08-05 16:54:58.675   479 21798 D mm-camera: vfe_calc_fov: crop_factor = 4096, x=0, y=0, crop_out_x=2592, crop_out_y=1944
08-05 16:54:58.675   479 21798 D mm-camera: main_scaler_config: ip_w=2592, ip_h=1944
08-05 16:54:58.675   479 21798 D mm-camera: main_scaler_config: op_w=640, op_h=480
08-05 16:54:58.675   479 21798 E mm-camera: linearization_set_params: param_id is not supported in this module
08-05 16:54:58.675   479 21798 E mm-camera: pca_rolloff_set_params: param_id is not supported in this module
08-05 16:54:58.677   479 21798 E mm-camera: wb_set_params: param_id is not supported in this module
08-05 16:54:58.677   479 21798 E mm-camera: demosaic_set_params: param_id 7, is not supported in this module
08-05 16:54:58.677   479 21798 E mm-camera: demux_set_params: param_id 7, is not supported in this module
08-05 16:54:58.677   479 21798 E mm-camera: clf_set_params: param_id 7, is not supported in this module
08-05 16:54:58.678   479 21798 E mm-camera: mce_set_params: param_id is not supported in this module
08-05 16:54:58.678   479 21798 E mm-camera: sce_set_params: param_id is not supported in this module
08-05 16:54:58.678   479 21798 E mm-camera: isp_tintless_config: cfg: camif 2592x1944, elem sz 40x40,
08-05 16:54:58.678   479 21798 E         : dmlroc_init
08-05 16:54:58.678   479 21798 D mm-camera: isp_fmt_to_pix_pattern: format 31
08-05 16:54:58.679   479 21798 E mm-camera: isp_pipeline_reset_hist_dmi, Enter
08-05 16:54:58.683   479 21798 I chatty  : uid=1006(camera) CAM_isp_main identical 1 line
08-05 16:54:58.687   479 21798 E mm-camera: isp_pipeline_reset_hist_dmi, Enter
08-05 16:54:58.691   479 21798 D mm-camera: isp_validate_buf_request: total 4 current buffer count 4 for stream -2147418109
08-05 16:54:58.692   479 21798 D mm-camera: isp_validate_buf_request: total 4 current buffer count 4 for stream -2147418108
08-05 16:54:58.693   479 21798 D mm-camera: isp_validate_buf_request: total 4 current buffer count 4 for stream -2147418107
08-05 16:54:58.693   479 21798 D mm-camera: isp_validate_buf_request: total 4 current buffer count 4 for stream -2147418105
08-05 16:54:58.694   479 21798 D mm-camera: isp_validate_buf_request: total 4 current buffer count 4 for stream -2147418104
08-05 16:54:58.695   479 21798 D mm-camera: isp_validate_buf_request: total 4 current buffer count 4 for stream -2147418102
08-05 16:54:58.696   479 21798 E mm-camera: isp_axi_util_subscribe_v4l2_event: event_type = 0x8000100, is_subscribe = 1
08-05 16:54:58.697   479 21798 E mm-camera: isp_thread_proc_cmd: start/stop ack done, thread_data = 0xac7a533c, action_code = 1, rc = 0
08-05 16:54:58.697   479 21748 E mm-camera: isp_ch_util_streamon: session_id = 2, sync ack done
08-05 16:54:58.697   479 21786 E mm-camera-CORE: No active ISP module for ADRC, disable!!!
08-05 16:54:58.697   479 21798 E mm-camera: isp_pipeline32_get_roi_map: ROI: first pix 0, last pix 2591, first ln 0, last line 1943
08-05 16:54:58.697   479 21766 E mm-camera: isp_streamon: X, session_id = 2, rc = 0
08-05 16:54:58.698   479 21766 E mm-camera: port_isp_send_streamon_done_event_downstream: notify stream done downstream
08-05 16:54:58.698   479 21766 E mm-camera: port_isp_mct_ctrl_cmd: X, identity = 0x20002, STREAMON, ret = 0
08-05 16:54:58.702   479 21766 D mm-camera: ispif_proc_streamon: ispif_hw_reset done
08-05 16:54:58.702   479 21766 D mm-camera: stream id 2, stream num_meta 0
08-05 16:54:58.702   479 21766 D mm-camera: ispif_streamon: session_id = 2, active_streams = 1
08-05 16:54:58.702   479 21766 E AEC_PORT: aec_port_proc_get_aec_data exp 0.016675 iso 39, exp-idx: 240, lc: 1023, gain: 1.168704
08-05 16:54:58.709   479 21766 E mm-camera-sensor: module_sensor_stream_on: Sending start bus message
08-05 16:54:58.709   479 21766 D mm-camera: start_sof_check_thread: Starting SOF timeout thread
08-05 16:54:58.709   479 21800 E mm-camera: mct_bus_sof_thread_run thread_id is 21800
08-05 16:54:58.710   479 21800 D mm-camera: mct_bus_sof_thread_run thread_id is 21800
08-05 16:54:58.715   479 21766 I mm-camera-eztune: vendor/qcom/proprietary/mm-camera/mm-camera2/server-tuning/tuning/eztune_process.cpp(300): "GetItemBinarySize Item Binary Size: 0"
08-05 16:54:58.715   479 21766 I mm-camera-eztune: vendor/qcom/proprietary/mm-camera/mm-camera2/server-tuning/tuning/eztune_process.cpp(1586): "Ignore Reload command as there is no tuning updated"
08-05 16:54:58.716   479 21766 D mm-camera: mct_pipeline_process_set:command=8000010
08-05 16:54:58.716   479 21766 E mm-camera-sensor: port_sensor_handle_upstream_module_event:1076 Reset previously set LED state!
08-05 16:54:58.716   479 21766 E AEC_PORT: aec_port_proc_downstream_event: Received LED state timeout. Reset LED state!
08-05 16:54:58.717   405 21741 D QCamera2HWI: startPreview: X
08-05 16:54:58.717   405   405 D QCamera2HWI: [KPI Perf] start_preview: X
08-05 16:54:58.720   405 21741 D QCameraParameters: [KPI Perf] setFaceDetection: PROFILE_FACE_DETECTION_VALUE = 1 num_fd = 5
08-05 16:54:58.720   479 21766 D mm-camera: mct_pipeline_process_set:command=800000e
08-05 16:54:58.720   479 21766 E mm-camera: mct_pipeline_send_ctrl_events: Send Set Parm events
08-05 16:54:58.722   405 21741 D QCamera2HWI: sendCommand: FaceDetection -> Enabled
08-05 16:54:58.723   405   405 D QCamera2HWI: [KPI Perf] cancel_auto_focus : E PROFILE_CANCEL_AUTO_FOCUS
08-05 16:54:58.723   479 21766 D mm-camera: mct_pipeline_process_set:command=8000010
08-05 16:54:58.723   479 21766 E mm-camera-sensor: port_sensor_handle_upstream_module_event:1076 Reset previously set LED state!
08-05 16:54:58.724   479 21766 E AEC_PORT: aec_port_proc_downstream_event: Received LED state timeout. Reset LED state!
08-05 16:54:58.724   405   405 D QCamera2HWI: [KPI Perf] cancel_auto_focus : X
08-05 16:54:58.764   405 21784 D mm-camera-intf: mm_stream_read_msm_frame: VIDIOC_DQBUF buf_index 0, frame_idx 1, stream type 7, queued cnt 7
08-05 16:54:58.765   405 21792 D mm-camera-intf: mm_stream_qbuf: VIDIOC_QBUF buf_index 0,stream type 7,frame_idx 1,queued cnt 8
08-05 16:54:58.799   479 21786 E mm-camera-CORE: aec_process_get_matching_index_from_history: history search unsuccessful! 
08-05 16:54:58.799   479 21786 E AEC_PORT: aec_port_save_update:real_gain:1.168704 linecnt:1023 exp_idx:240 cur_luma:-1610612736 led_est:1077889129
08-05 16:54:58.802   479 21750 E mm-camera: c2d_thread_handle_process_buf_event:190 input buf index 2
08-05 16:54:58.802   479 21750 E mm-camera: c2d_thread_handle_process_buf_event:207 input vaddr acd02000
08-05 16:54:58.804   405 21784 D mm-camera-intf: mm_stream_read_msm_frame: VIDIOC_DQBUF buf_index 1, frame_idx 2, stream type 7, queued cnt 7
08-05 16:54:58.805   405 21792 D mm-camera-intf: mm_stream_qbuf: VIDIOC_QBUF buf_index 1,stream type 7,frame_idx 2,queued cnt 8
08-05 16:54:58.807   403   403 W /system/bin/hw/android.hidl.allocator@1.0-service: ashmem_create_region(4096) returning hidl_memory(0xabc8ede0, 4096)
08-05 16:54:58.810   405 21784 D mm-camera-intf: mm_stream_read_msm_frame: VIDIOC_DQBUF buf_index 5, frame_idx 2, stream type 1, queued cnt 4
08-05 16:54:58.810   405 21793 D QCamera2HWI: [KPI Perf] preview_stream_cb_routine : PROFILE_FIRST_PREVIEW_FRAME
08-05 16:54:58.812   405 21793 D mm-camera-intf: mm_stream_qbuf: VIDIOC_QBUF buf_index 0,stream type 1,frame_idx 0,queued cnt 5
08-05 16:54:58.813 21236 21779 I CameraDeviceState: Legacy camera service transitioning to state CAPTURING
08-05 16:54:58.825   479 21796 E mm-camera: q3a_port_send_event_downstream: AEC event handler returned failure!
08-05 16:54:58.830   479 21750 E mm-camera: c2d_thread_handle_process_buf_event:190 input buf index 3
08-05 16:54:58.831   479 21750 E mm-camera: c2d_thread_handle_process_buf_event:207 input vaddr acc91000
08-05 16:54:58.831   405 21784 D mm-camera-intf: mm_stream_read_msm_frame: VIDIOC_DQBUF buf_index 2, frame_idx 3, stream type 7, queued cnt 7
08-05 16:54:58.832   405 21792 D mm-camera-intf: mm_stream_qbuf: VIDIOC_QBUF buf_index 2,stream type 7,frame_idx 3,queued cnt 8
08-05 16:54:58.835   405 21784 D mm-camera-intf: mm_stream_read_msm_frame: VIDIOC_DQBUF buf_index 6, frame_idx 3, stream type 1, queued cnt 4
08-05 16:54:58.837   405 21793 D mm-camera-intf: mm_stream_qbuf: VIDIOC_QBUF buf_index 1,stream type 1,frame_idx 0,queued cnt 5
08-05 16:54:58.837 21236 21236 D CAM_CaptureModule: onSurfaceTextureUpdated --> updatePreviewTransform
08-05 16:54:58.838 21236 21236 D CAM_CaptureModule: updatePreviewTransform: 480 x 854
08-05 16:54:58.843 21236 21236 V CAM_TexViewHelper: setAspectRatio: 1.3333334
08-05 16:54:58.843 21236 21236 V CAM_TexViewHelper: aspect ratio changed from: NaN
08-05 16:54:58.844 21236 21236 V CAM_CameraAppUI: hiding cover via onSurfaceTextureUpdated
08-05 16:54:58.844 21236 21236 D CameraPerformanceTracker: First preview frame received
08-05 16:54:58.847 21236 21236 V CAM_CaptureModule: AF status is state:INACTIVE
08-05 16:54:58.859   479 21796 E mm-camera: q3a_port_send_event_downstream: AEC event handler returned failure!
08-05 16:54:58.862 21236 21236 V CAM_FocusController: configurePreviewDimensions(RectF(0.0, 34.0, 480.0, 674.0))
08-05 16:54:58.862 21236 21236 I CAM_FocusRingView: Computing center via preview size.
08-05 16:54:58.867   479 21750 E mm-camera: c2d_thread_handle_process_buf_event:190 input buf index 4
08-05 16:54:58.867   479 21750 E mm-camera: c2d_thread_handle_process_buf_event:207 input vaddr acc20000
08-05 16:54:58.870   405 21784 D mm-camera-intf: mm_stream_read_msm_frame: VIDIOC_DQBUF buf_index 3, frame_idx 4, stream type 7, queued cnt 7
08-05 16:54:58.870   405 21741 D QCamera2HWI: processFaceDetectionResult: metadata msgtype not enabled, no ops here
08-05 16:54:58.870   405 21792 D mm-camera-intf: mm_stream_qbuf: VIDIOC_QBUF buf_index 3,stream type 7,frame_idx 4,queued cnt 8
08-05 16:54:58.872   405 21784 D mm-camera-intf: mm_stream_read_msm_frame: VIDIOC_DQBUF buf_index 0, frame_idx 4, stream type 1, queued cnt 4
08-05 16:54:58.875   405 21793 D mm-camera-intf: mm_stream_qbuf: VIDIOC_QBUF buf_index 5,stream type 1,frame_idx 2,queued cnt 5
08-05 16:54:58.895   479 21750 E mm-camera: c2d_thread_handle_process_buf_event:190 input buf index 2
08-05 16:54:58.895   479 21786 E AEC_PORT: aec_port_save_update:real_gain:1.391687 linecnt:1023 exp_idx:246 cur_luma:-536870912 led_est:1077873122
08-05 16:54:58.895   479 21750 E mm-camera: c2d_thread_handle_process_buf_event:207 input vaddr acd02000
08-05 16:54:58.897   405 21784 D mm-camera-intf: mm_stream_read_msm_frame: VIDIOC_DQBUF buf_index 4, frame_idx 5, stream type 7, queued cnt 7
08-05 16:54:58.897   405 21792 D mm-camera-intf: mm_stream_qbuf: VIDIOC_QBUF buf_index 4,stream type 7,frame_idx 5,queued cnt 8
08-05 16:54:58.900   405 21784 D mm-camera-intf: mm_stream_read_msm_frame: VIDIOC_DQBUF buf_index 1, frame_idx 5, stream type 1, queued cnt 4
08-05 16:54:58.904   405 21793 D mm-camera-intf: mm_stream_qbuf: VIDIOC_QBUF buf_index 6,stream type 1,frame_idx 3,queued cnt 5
08-05 16:54:58.927   479 21786 E mm-camera-CORE: aec_process_get_matching_index_from_history: history search unsuccessful! 
08-05 16:54:58.927   479 21786 E AEC_PORT: aec_port_save_update:real_gain:1.391687 linecnt:1023 exp_idx:246 cur_luma:1073741824 led_est:1077871790
08-05 16:54:58.930   479 21750 E mm-camera: c2d_thread_handle_process_buf_event:190 input buf index 3
08-05 16:54:58.930   479 21750 E mm-camera: c2d_thread_handle_process_buf_event:207 input vaddr acc91000
08-05 16:54:58.934   405 21784 D mm-camera-intf: mm_stream_read_msm_frame: VIDIOC_DQBUF buf_index 5, frame_idx 6, stream type 1, queued cnt 4
