08-05 16:54:17.620 20630 20630 I AudioTrack: AUDIO_OUTPUT_FLAG_FAST successful; frameCount 960 -> 960
08-05 16:54:17.620 20630 20630 D AudioTrack: Client defaulted notificationFrames to 240 for frameCount 960
08-05 16:54:17.640 20630 20630 I Dialer  : CallUtil.isVideoEnabled - isVideoEnabled: false
08-05 16:54:17.692 20630 20630 I Dialer  : SmartDialSearchFragment.onStart - registering smart dial update receiver
08-05 16:54:17.706 20630 20630 I Dialer  : DialpadFragment.showDialpadChooser - Displaying normal Dialer UI.
08-05 16:54:17.712 20630 20630 I Dialer  : DialpadFragment.showDialpadChooser - Displaying normal Dialer UI.
08-05 16:54:17.782 20630 21665 W OpenGLRenderer: Incorrectly called buildLayer on View: FloatingActionButton, destroying layer...
08-05 16:54:17.822  3088  3396 E SecUISvc: Error initializing local socket: -1
08-05 16:54:18.559  2884  2917 I QcrilOemhookMsgTunnel: [0]processOemHookIndication length=22
08-05 16:54:18.829  3088  3396 E SecUISvc: Error initializing local socket: -1
08-05 16:54:19.837  3088  3396 E SecUISvc: Error initializing local socket: -1
08-05 16:54:19.841   281   281 I chatty  : uid=1000(system) hwservicemanage expire 3 lines
08-05 16:54:20.515   416   416 D audio_hw_primary: out_standby: enter: stream (0xa7c6a000) usecase(1: low-latency-playback)
08-05 16:54:20.636   416   416 D audio_hw_primary: disable_audio_route: reset and update mixer path: low-latency-playback
08-05 16:54:20.639   416   416 D soundtrigger: audio_extn_sound_trigger_update_stream_status: uc_id 1 of type 0 for Event 2, with Raise=0
08-05 16:54:20.640   416   416 D hardware_info: hw_info_append_hw_type : device_name = speaker
08-05 16:54:20.640   416   416 D audio_hw_primary: disable_snd_device: snd_device(2: speaker)
08-05 16:54:20.640   416   416 D msm8916_platform: platform_split_snd_device: snd_device(2) num devices(0) new_snd_devices(0)
08-05 16:54:20.644   416   416 I soundtrigger: audio_extn_sound_trigger_update_device_status: device 0x2 of type 0 for Event 0, with Raise=0
08-05 16:54:20.644   416   416 D audio_hw_primary: out_standby: exit
08-05 16:54:20.844  3088  3396 E SecUISvc: Error initializing local socket: -1
08-05 16:54:21.200   457   457 I VM_BMS  : power_supply_update: ocv_uv=3938921 ibatt=-259534 soc=64 seq_num=57
08-05 16:54:21.850  3088  3396 E SecUISvc: Error initializing local socket: -1
08-05 16:54:22.856  3088  3396 E SecUISvc: Error initializing local socket: -1
08-05 16:54:22.859   281   281 W /system/bin/hwservicemanager: getTransport: Cannot find entry vendor.qti.hardware.tui_comm@1.0::ITuiComm/default in either framework or device manifest.
08-05 16:54:23.862  3088  3396 E SecUISvc: Error initializing local socket: -1
08-05 16:54:23.865   281   281 W /system/bin/hwservicemanager: getTransport: Cannot find entry vendor.qti.hardware.tui_comm@1.0::ITuiComm/default in either framework or device manifest.
08-05 16:54:24.873  3088  3396 E SecUISvc: Error initializing local socket: -1
08-05 16:54:24.877   281   281 W /system/bin/hwservicemanager: getTransport: Cannot find entry vendor.qti.hardware.tui_comm@1.0::ITuiComm/default in either framework or device manifest.
08-05 16:54:25.882  3088  3396 E SecUISvc: Error initializing local socket: -1
08-05 16:54:25.886   281   281 W /system/bin/hwservicemanager: getTransport: Cannot find entry vendor.qti.hardware.tui_comm@1.0::ITuiComm/default in either framework or device manifest.
08-05 16:54:26.891  3088  3396 E SecUISvc: Error initializing local socket: -1
08-05 16:54:26.895   281   281 W /system/bin/hwservicemanager: getTransport: Cannot find entry vendor.qti.hardware.tui_comm@1.0::ITuiComm/default in either framework or device manifest.
08-05 16:54:27.900  3088  3396 E SecUISvc: Error initializing local socket: -1
08-05 16:54:27.903   281   281 W /system/bin/hwservicemanager: getTransport: Cannot find entry vendor.qti.hardware.tui_comm@1.0::ITuiComm/default in either framework or device manifest.
08-05 16:54:28.908  3088  3396 E SecUISvc: Error initializing local socket: -1
08-05 16:54:28.912   281   281 W /system/bin/hwservicemanager: getTransport: Cannot find entry vendor.qti.hardware.tui_comm@1.0::ITuiComm/default in either framework or device manifest.
08-05 16:54:29.918  3088  3396 E SecUISvc: Error initializing local socket: -1
08-05 16:54:29.921   281   281 W /system/bin/hwservicemanager: getTransport: Cannot find entry vendor.qti.hardware.tui_comm@1.0::ITuiComm/default in either framework or device manifest.
08-05 16:54:30.925  3088  3396 E SecUISvc: Error initializing local socket: -1
08-05 16:54:30.927   281   281 W /system/bin/hwservicemanager: getTransport: Cannot find entry vendor.qti.hardware.tui_comm@1.0::ITuiComm/default in either framework or device manifest.
08-05 16:54:31.933  3088  3396 E SecUISvc: Error initializing local socket: -1
08-05 16:54:31.935   281   281 W /system/bin/hwservicemanager: getTransport: Cannot find entry vendor.qti.hardware.tui_comm@1.0::ITuiComm/default in either framework or device manifest.
08-05 16:54:32.941  3088  3396 E SecUISvc: Error initializing local socket: -1
08-05 16:54:32.943   281   281 W /system/bin/hwservicemanager: getTransport: Cannot find entry vendor.qti.hardware.tui_comm@1.0::ITuiComm/default in either framework or device manifest.
08-05 16:54:33.948  3088  3396 E SecUISvc: Error initializing local socket: -1
08-05 16:54:33.952   281   281 W /system/bin/hwservicemanager: getTransport: Cannot find entry vendor.qti.hardware.tui_comm@1.0::ITuiComm/default in either framework or device manifest.
08-05 16:54:34.958  3088  3396 E SecUISvc: Error initializing local socket: -1
08-05 16:54:34.961   281   281 W /system/bin/hwservicemanager: getTransport: Cannot find entry vendor.qti.hardware.tui_comm@1.0::ITuiComm/default in either framework or device manifest.
08-05 16:54:35.966  3088  3396 E SecUISvc: Error initializing local socket: -1
08-05 16:54:35.968   281   281 W /system/bin/hwservicemanager: getTransport: Cannot find entry vendor.qti.hardware.tui_comm@1.0::ITuiComm/default in either framework or device manifest.
08-05 16:54:36.974  3088  3396 E SecUISvc: Error initializing local socket: -1
08-05 16:54:36.976   281   281 W /system/bin/hwservicemanager: getTransport: Cannot find entry vendor.qti.hardware.tui_comm@1.0::ITuiComm/default in either framework or device manifest.
08-05 16:54:37.981  3088  3396 E SecUISvc: Error initializing local socket: -1
08-05 16:54:37.984   281   281 W /system/bin/hwservicemanager: getTransport: Cannot find entry vendor.qti.hardware.tui_comm@1.0::ITuiComm/default in either framework or device manifest.
08-05 16:54:38.989  3088  3396 E SecUISvc: Error initializing local socket: -1
08-05 16:54:38.993   281   281 W /system/bin/hwservicemanager: getTransport: Cannot find entry vendor.qti.hardware.tui_comm@1.0::ITuiComm/default in either framework or device manifest.
08-05 16:54:39.999  3088  3396 E SecUISvc: Error initializing local socket: -1
08-05 16:54:40.002   281   281 W /system/bin/hwservicemanager: getTransport: Cannot find entry vendor.qti.hardware.tui_comm@1.0::ITuiComm/default in either framework or device manifest.
08-05 16:54:41.006  3088  3396 E SecUISvc: Error initializing local socket: -1
08-05 16:54:41.008   281   281 W /system/bin/hwservicemanager: getTransport: Cannot find entry vendor.qti.hardware.tui_comm@1.0::ITuiComm/default in either framework or device manifest.
08-05 16:54:42.013  3088  3396 E SecUISvc: Error initializing local socket: -1
08-05 16:54:42.016   281   281 W /system/bin/hwservicemanager: getTransport: Cannot find entry vendor.qti.hardware.tui_comm@1.0::ITuiComm/default in either framework or device manifest.
08-05 16:54:43.022  3088  3396 E SecUISvc: Error initializing local socket: -1
08-05 16:54:43.025   281   281 W /system/bin/hwservicemanager: getTransport: Cannot find entry vendor.qti.hardware.tui_comm@1.0::ITuiComm/default in either framework or device manifest.
08-05 16:54:44.031  3088  3396 E SecUISvc: Error initializing local socket: -1
08-05 16:54:44.034   281   281 W /system/bin/hwservicemanager: getTransport: Cannot find entry vendor.qti.hardware.tui_comm@1.0::ITuiComm/default in either framework or device manifest.
08-05 16:54:45.037  3088  3396 E SecUISvc: Error initializing local socket: -1
08-05 16:54:45.040   281   281 W /system/bin/hwservicemanager: getTransport: Cannot find entry vendor.qti.hardware.tui_comm@1.0::ITuiComm/default in either framework or device manifest.
08-05 16:54:46.044  3088  3396 E SecUISvc: Error initializing local socket: -1
08-05 16:54:46.048   281   281 W /system/bin/hwservicemanager: getTransport: Cannot find entry vendor.qti.hardware.tui_comm@1.0::ITuiComm/default in either framework or device manifest.
08-05 16:54:47.054  3088  3396 E SecUISvc: Error initializing local socket: -1
08-05 16:54:47.057   281   281 W /system/bin/hwservicemanager: getTransport: Cannot find entry vendor.qti.hardware.tui_comm@1.0::ITuiComm/default in either framework or device manifest.
08-05 16:54:48.060  3088  3396 E SecUISvc: Error initializing local socket: -1
08-05 16:54:48.063   281   281 W /system/bin/hwservicemanager: getTransport: Cannot find entry vendor.qti.hardware.tui_comm@1.0::ITuiComm/default in either framework or device manifest.
08-05 16:54:49.066  3088  3396 E SecUISvc: Error initializing local socket: -1
08-05 16:54:49.069   281   281 W /system/bin/hwservicemanager: getTransport: Cannot find entry vendor.qti.hardware.tui_comm@1.0::ITuiComm/default in either framework or device manifest.
08-05 16:54:49.555   462  8378 I AudioPolicyManagerCustom: FLAG None hence request for a primary output
08-05 16:54:49.557   462  8378 I AudioPolicyManagerCustom: FLAG None hence request for a primary output
08-05 16:54:49.560   416   416 D audio_hw_primary: out_set_parameters: enter: usecase(1: low-latency-playback) kvpairs: routing=2
08-05 16:54:49.565   416  8254 D audio_hw_primary: start_output_stream: enter: stream(0xa7c6a000)usecase(1: low-latency-playback) devices(0x2)
08-05 16:54:49.566   419   497 E ANDR-PERF-MPCTL: Invalid profile no. 0, total profiles 0 only
08-05 16:54:49.566   416  8254 D audio_hw_primary: select_devices for use case (low-latency-playback)
08-05 16:54:49.566   416  8254 D audio_hw_primary: select_devices: out_snd_device(2: speaker) in_snd_device(0: )
08-05 16:54:49.567   416  8254 I msm8916_platform: platform_check_and_set_codec_backend_cfg:becf: afe: bitwidth 16, samplerate 48000 channels 2, backend_idx 0 usecase = 1 device (speaker)
08-05 16:54:49.567   416  8254 D msm8916_platform: platform_split_snd_device: snd_device(2) num devices(1) new_snd_devices(0)
08-05 16:54:49.567   416  8254 I msm8916_platform: platform_check_and_set_codec_backend_cfg: becf: new_snd_devices[0] is speaker
08-05 16:54:49.567   416  8254 I msm8916_platform: platform_check_codec_backend_cfg:becf: afe: Codec selected backend: 0 current bit width: 16 sample rate: 48000 channels: 2 usecase 1 device (speaker)
08-05 16:54:49.567   416  8254 D msm8916_platform: platform_check_codec_backend_cfg:becf: afe: playback on codec device not supporting native playback set default Sample Rate(48k)
08-05 16:54:49.567   416  8254 D msm8916_platform: platform_check_codec_backend_cfg:becf: afe: only 48KHZ sample rate is supported Configure afe to default Sample Rate(48k)
08-05 16:54:49.567   416  8254 I msm8916_platform: platform_check_codec_backend_cfg:becf: afe: Codec selected backend: 0 updated bit width: 16 sample rate: 48000 channels: 2
08-05 16:54:49.568   416  8254 D audio_hw_primary: check_usecases_codec_backend:becf: force routing 0
08-05 16:54:49.568   416  8254 E msm8916_platform: platform_check_backends_match: Invalid snd_device = 
08-05 16:54:49.568   416  8254 D audio_hw_primary: check_usecases_codec_backend:becf: (59) check_usecases curr device: speaker, usecase device: backends match 0
08-05 16:54:49.568   416  8254 D audio_hw_primary: check_usecases_codec_backend:becf: check_usecases num.of Usecases to switch 0
08-05 16:54:49.568   416  8254 D hardware_info: hw_info_append_hw_type : device_name = speaker
08-05 16:54:49.568   416  8254 D msm8916_platform: platform_split_snd_device: snd_device(2) num devices(0) new_snd_devices(0)
08-05 16:54:49.568   416  8254 D audio_hw_primary: enable_snd_device: snd_device(2: speaker)
08-05 16:54:49.568   416  8254 I soundtrigger: audio_extn_sound_trigger_update_device_status: device 0x2 of type 0 for Event 1, with Raise=0
08-05 16:54:49.568   416  8254 D audio_route: Apply path: speaker
08-05 16:54:49.577   416  8254 W audio_hw_utils: audio_extn_utils_update_stream_output_app_type_cfg: App type could not be selected. Falling back to default
08-05 16:54:49.577   416  8254 D soundtrigger: audio_extn_sound_trigger_update_stream_status: uc_id 1 of type 0 for Event 3, with Raise=0
08-05 16:54:49.578   416  8254 D audio_hw_utils: audio_extn_utils_send_app_type_cfg: usecase->out_snd_device speaker
08-05 16:54:49.578   416  8254 D msm8916_platform: platform_split_snd_device: snd_device(2) num devices(0) new_snd_devices(0)
08-05 16:54:49.579   416  8254 E msm8916_platform: platform_get_snd_device_backend_index: BE DAI Name Table is not present
08-05 16:54:49.579   416  8254 E audio_hw_utils: send_app_type_cfg_for_device: Couldn't get the backend index for snd device speaker ret=-14
08-05 16:54:49.579   416  8254 D audio_hw_utils: audio_extn_btsco_get_sample_rate:Not a BT SCO device, need not update sampling rate
08-05 16:54:49.579   416  8254 I audio_hw_utils: send_app_type_cfg_for_device PLAYBACK app_type 69936, acdb_dev_id 14, sample_rate 48000, snd_device_be_idx -14
08-05 16:54:49.580   416  8254 D msm8916_platform: platform_split_snd_device: snd_device(2) num devices(1) new_snd_devices(0)
08-05 16:54:49.581   416  8254 D ACDB-LOADER: ACDB -> send_audio_cal, acdb_id = 14, path = 0, app id = 0x11130, sample rate = 48000
08-05 16:54:49.581   416  8254 D ACDB-LOADER: ACDB -> send_asm_topology
08-05 16:54:49.581   416  8254 D ACDB-LOADER: ACDB -> ACDB_CMD_GET_AUDPROC_STREAM_TOPOLOGY_ID
08-05 16:54:49.581   416  8254 D ACDB-LOADER: ACDB -> send_adm_topology
08-05 16:54:49.581   416  8254 D ACDB-LOADER: ACDB -> ACDB_CMD_GET_AUDPROC_COMMON_TOPOLOGY_ID
08-05 16:54:49.581   416  8254 D ACDB-LOADER: ACDB -> send_audtable
08-05 16:54:49.581   416  8254 D ACDB-LOADER: ACDB -> ACDB_CMD_GET_AUDPROC_COMMON_TABLE_SIZE
08-05 16:54:49.581   416  8254 D ACDB-LOADER: ACDB -> ACDB_CMD_GET_AUDPROC_COMMON_TABLE
08-05 16:54:49.582   416  8254 D ACDB-LOADER: ACDB -> AUDIO_SET_AUDPROC_CAL
08-05 16:54:49.582   416  8254 D ACDB-LOADER: ACDB -> send_audvoltable
08-05 16:54:49.582   416  8254 D ACDB-LOADER: ACDB -> ACDB_CMD_GET_AUDPROC_VOL_STEP_TABLE_SIZE
08-05 16:54:49.582   416  8254 D ACDB-LOADER: ACDB -> ACDB_CMD_GET_AUDPROC_GAIN_DEP_STEP_TABLE, vol index 0
08-05 16:54:49.582   416  8254 D ACDB-LOADER: ACDB -> AUDIO_SET_VOL_CAL cal type = 12
08-05 16:54:49.582   416  8254 D ACDB-LOADER: ACDB -> ACDB_CMD_GET_AUDPROC_STREAM_TABLE_SIZE
08-05 16:54:49.582   416  8254 D ACDB-LOADER: ACDB -> send_audstrmtable
08-05 16:54:49.582   416  8254 D ACDB-LOADER: ACDB -> ACDB_CMD_GET_AUDPROC_STREAM_TABLE_V2
08-05 16:54:49.582   416  8254 D ACDB-LOADER: ACDB -> audstrm_cal->cal_type.cal_data.cal_size = 88
08-05 16:54:49.582   416  8254 D ACDB-LOADER: ACDB -> send_afe_topology
08-05 16:54:49.583   416  8254 D ACDB-LOADER: ACDB -> ACDB_CMD_GET_AFE_TOPOLOGY_ID
08-05 16:54:49.583   416  8254 D         : ACDBFILE_MGR: CmnDevinfo for the devid 0000000E not found
08-05 16:54:49.583   416  8254 D         : ACDB_COMMAND: Failed to fetch the afe topo info for devid 0000000E 
08-05 16:54:49.583   416  8254 E ACDB-LOADER: ACDB get afe topology for acdb id = 14, err = -8
08-05 16:54:49.583   416  8254 E ACDB-LOADER: Error: get ACDB afe topology result = -8
08-05 16:54:49.583   416  8254 D ACDB-LOADER: ACDB -> send_afe_cal
08-05 16:54:49.583   416  8254 D ACDB-LOADER: ACDB -> ACDB_CMD_GET_AFE_COMMON_TABLE_SIZE
08-05 16:54:49.583   416  8254 D ACDB-LOADER: ACDB -> ACDB_CMD_GET_AFE_COMMON_TABLE
08-05 16:54:49.583   416  8254 D ACDB-LOADER: ACDB -> AUDIO_SET_AFE_CAL
08-05 16:54:49.583   416  8254 D ACDB-LOADER: ACDB -> send_hw_delay : acdb_id = 14 path = 0
08-05 16:54:49.583   416  8254 D ACDB-LOADER: ACDB -> ACDB_AVSYNC_INFO: ACDB_CMD_GET_DEVICE_PROPERTY
08-05 16:54:49.583   416  8254 D audio_hw_primary: enable_audio_route: apply mixer and update path: low-latency-playback
08-05 16:54:49.583   416  8254 D audio_route: Apply path: low-latency-playback
08-05 16:54:49.584 20630 20630 I Dialer  : PerformanceReport.setIgnoreActionOnce - next action will be ignored once if it is TEXT_CHANGE_WITH_INPUT
08-05 16:54:49.585   416  8254 D audio_hw_primary: select_devices: done
08-05 16:54:49.617 20630 20630 I Dialer  : PerformanceReport.recordClick - TEXT_CHANGE_WITH_INPUT is ignored
08-05 16:54:49.674   416  8254 D msm8916_platform: platform_set_channel_map mixer_ctl_name:Playback Channel Map12
08-05 16:54:49.674   416  8254 D msm8916_platform: platform_set_channel_map: set mapping(1 2 0 0 0 0 0 0) for channel:2
08-05 16:54:49.675   416  8254 D audio_hw_primary: start_output_stream: exit
08-05 16:54:50.072  3088  3396 E SecUISvc: Error initializing local socket: -1
08-05 16:54:50.079   281   281 W /system/bin/hwservicemanager: getTransport: Cannot find entry vendor.qti.hardware.tui_comm@1.0::ITuiComm/default in either framework or device manifest.
08-05 16:54:50.411   916  1017 D AutofillManagerService: Close system dialogs
08-05 16:54:50.415   916  2391 I ActivityManager: START u0 {act=android.intent.action.MAIN cat=[android.intent.category.HOME] flg=0x10200000 cmp=com.android.launcher3/.Launcher (has extras)} from uid 1000
08-05 16:54:50.422   916  2391 D ActivityTrigger: activityResumeTrigger: The activity in ApplicationInfo{98cfbba com.android.launcher3} is now in focus and seems to be in full-screen mode
08-05 16:54:50.422   916  2391 E ActivityTrigger: activityResumeTrigger: not whiteListedcom.android.launcher3/com.android.launcher3.Launcher/27
08-05 16:54:50.422   916  2391 D ActivityTrigger: ActivityTrigger activityPauseTrigger 
08-05 16:54:50.444   916  2391 D CompatibilityInfo: mCompatibilityFlags - 14
08-05 16:54:50.444   916  2391 D CompatibilityInfo: applicationDensity - 240
08-05 16:54:50.444   916  2391 D CompatibilityInfo: applicationScale - 1.0
08-05 16:54:50.447  3143  3234 W Adreno-ES20: <core_glFinish:34>: glFinish skipped: 0
08-05 16:54:50.447  3143  3234 W Adreno-ES20: <core_glFinish:34>: glFinish skipped: 0
08-05 16:54:50.466   916   996 D ActivityTrigger: ActivityTrigger activityStopTrigger 
08-05 16:54:50.503 20630 20630 I Dialer  : CallLogAdapter.onSaveInstanceState - saved: 0, selectedItemsSize:0
08-05 16:54:50.524  3143  3234 W Adreno-EGL: <qeglDrvAPI_eglGetConfigAttrib:612>: EGL_BAD_ATTRIBUTE
08-05 16:54:50.524 20630 21665 W Adreno-ES20: <core_glFinish:34>: glFinish skipped: 0
08-05 16:54:50.528 20630 20630 I Dialer  : SmartDialSearchFragment.onStop - unregistering smart dial update receiver
08-05 16:54:50.612   916  1017 D AutofillManagerService: Close system dialogs
08-05 16:54:50.620   916  2391 I ActivityManager: START u0 {act=android.intent.action.MAIN cat=[android.intent.category.HOME] flg=0x10200000 cmp=com.android.launcher3/.Launcher (has extras)} from uid 1000
08-05 16:54:50.681 20630 21665 W Adreno-ES20: <core_glFinish:34>: glFinish skipped: 0
08-05 16:54:50.681 20630 21665 I chatty  : uid=10014(com.android.dialer) RenderThread identical 1 line
08-05 16:54:50.685 20630 21665 W Adreno-ES20: <core_glFinish:34>: glFinish skipped: 0
08-05 16:54:50.685 20630 21665 D OpenGLRenderer: endAllActiveAnimators on 0x98272700 (RippleDrawable) with handle 0x97df71e0
08-05 16:54:50.707 20630 21665 W Adreno-ES20: <core_glFinish:34>: glFinish skipped: 0
08-05 16:54:50.708 20630 21665 W Adreno-ES20: <core_glFinish:34>: glFinish skipped: 0
08-05 16:54:50.853   916  1017 D AutofillManagerService: Close system dialogs
08-05 16:54:50.857   916  2391 I ActivityManager: START u0 {act=android.intent.action.MAIN cat=[android.intent.category.HOME] flg=0x10200000 cmp=com.android.launcher3/.Launcher (has extras)} from uid 1000
08-05 16:54:51.061  3143  3234 W OpenGLRenderer: Incorrectly called buildLayer on View: ShortcutAndWidgetContainer, destroying layer...
08-05 16:54:51.083  3088  3396 E SecUISvc: Error initializing local socket: -1
08-05 16:54:51.086   281   281 W /system/bin/hwservicemanager: getTransport: Cannot find entry vendor.qti.hardware.tui_comm@1.0::ITuiComm/default in either framework or device manifest.
08-05 16:54:51.160   916  8383 W Adreno-ES20: <core_glFinish:34>: glFinish skipped: 0
08-05 16:54:52.091  3088  3396 E SecUISvc: Error initializing local socket: -1
08-05 16:54:52.094   281   281 W /system/bin/hwservicemanager: getTransport: Cannot find entry vendor.qti.hardware.tui_comm@1.0::ITuiComm/default in either framework or device manifest.
08-05 16:54:52.782   416   416 D audio_hw_primary: out_standby: enter: stream (0xa7c6a000) usecase(1: low-latency-playback)
08-05 16:54:52.896   416   416 D audio_hw_primary: disable_audio_route: reset and update mixer path: low-latency-playback
08-05 16:54:52.900   416   416 D soundtrigger: audio_extn_sound_trigger_update_stream_status: uc_id 1 of type 0 for Event 2, with Raise=0
08-05 16:54:52.900   416   416 D hardware_info: hw_info_append_hw_type : device_name = speaker
08-05 16:54:52.900   416   416 D audio_hw_primary: disable_snd_device: snd_device(2: speaker)
08-05 16:54:52.900   416   416 D msm8916_platform: platform_split_snd_device: snd_device(2) num devices(0) new_snd_devices(0)
08-05 16:54:52.904   416   416 I soundtrigger: audio_extn_sound_trigger_update_device_status: device 0x2 of type 0 for Event 0, with Raise=0
08-05 16:54:52.904   416   416 D audio_hw_primary: out_standby: exit
08-05 16:54:53.097  3088  3396 E SecUISvc: Error initializing local socket: -1
08-05 16:54:53.100   281   281 W /system/bin/hwservicemanager: getTransport: Cannot find entry vendor.qti.hardware.tui_comm@1.0::ITuiComm/default in either framework or device manifest.
08-05 16:54:54.104  3088  3396 E SecUISvc: Error initializing local socket: -1
08-05 16:54:54.107   281   281 W /system/bin/hwservicemanager: getTransport: Cannot find entry vendor.qti.hardware.tui_comm@1.0::ITuiComm/default in either framework or device manifest.
08-05 16:54:55.110  3088  3396 E SecUISvc: Error initializing local socket: -1
08-05 16:54:55.113   281   281 W /system/bin/hwservicemanager: getTransport: Cannot find entry vendor.qti.hardware.tui_comm@1.0::ITuiComm/default in either framework or device manifest.
08-05 16:54:56.116  3088  3396 E SecUISvc: Error initializing local socket: -1
08-05 16:54:56.119   281   281 W /system/bin/hwservicemanager: getTransport: Cannot find entry vendor.qti.hardware.tui_comm@1.0::ITuiComm/default in either framework or device manifest.
08-05 16:54:57.030   916  5280 I ActivityManager: START u0 {act=android.intent.action.MAIN cat=[android.intent.category.LAUNCHER] flg=0x10200000 cmp=com.android.camera2/com.android.camera.CameraLauncher bnds=[240,114][350,277]} from uid 10017
08-05 16:54:57.033   419   497 E ANDR-PERF-MPCTL: Invalid profile no. 0, total profiles 0 only
08-05 16:54:57.036   281   281 W /system/bin/hwservicemanager: getTransport: Cannot find entry vendor.qti.hardware.iop@1.0::IIop/default in either framework or device manifest.
08-05 16:54:57.036   462   809 I AudioPolicyManagerCustom: FLAG None hence request for a primary output
08-05 16:54:57.037   916  5280 E ANDR-PERF-JNI: Iop tryGetService failed
08-05 16:54:57.039   462   809 I AudioPolicyManagerCustom: FLAG None hence request for a primary output
08-05 16:54:57.043   416   898 D audio_hw_primary: out_set_parameters: enter: usecase(1: low-latency-playback) kvpairs: routing=2
08-05 16:54:57.047   416  8254 D audio_hw_primary: start_output_stream: enter: stream(0xa7c6a000)usecase(1: low-latency-playback) devices(0x2)
08-05 16:54:57.048   416  8254 D audio_hw_primary: select_devices for use case (low-latency-playback)
08-05 16:54:57.048   416  8254 D audio_hw_primary: select_devices: out_snd_device(2: speaker) in_snd_device(0: )
08-05 16:54:57.048   416  8254 I msm8916_platform: platform_check_and_set_codec_backend_cfg:becf: afe: bitwidth 16, samplerate 48000 channels 2, backend_idx 0 usecase = 1 device (speaker)
08-05 16:54:57.048   416  8254 D msm8916_platform: platform_split_snd_device: snd_device(2) num devices(1) new_snd_devices(0)
08-05 16:54:57.048   416  8254 I msm8916_platform: platform_check_and_set_codec_backend_cfg: becf: new_snd_devices[0] is speaker
08-05 16:54:57.048   416  8254 I msm8916_platform: platform_check_codec_backend_cfg:becf: afe: Codec selected backend: 0 current bit width: 16 sample rate: 48000 channels: 2 usecase 1 device (speaker)
08-05 16:54:57.048   416  8254 D msm8916_platform: platform_check_codec_backend_cfg:becf: afe: playback on codec device not supporting native playback set default Sample Rate(48k)
08-05 16:54:57.048   416  8254 D msm8916_platform: platform_check_codec_backend_cfg:becf: afe: only 48KHZ sample rate is supported Configure afe to default Sample Rate(48k)
08-05 16:54:57.049   416  8254 I msm8916_platform: platform_check_codec_backend_cfg:becf: afe: Codec selected backend: 0 updated bit width: 16 sample rate: 48000 channels: 2
08-05 16:54:57.049   416  8254 D audio_hw_primary: check_usecases_codec_backend:becf: force routing 0
08-05 16:54:57.049   416  8254 E msm8916_platform: platform_check_backends_match: Invalid snd_device = 
08-05 16:54:57.049   416  8254 D audio_hw_primary: check_usecases_codec_backend:becf: (59) check_usecases curr device: speaker, usecase device: backends match 0
08-05 16:54:57.049   416  8254 D audio_hw_primary: check_usecases_codec_backend:becf: check_usecases num.of Usecases to switch 0
08-05 16:54:57.049   416  8254 D hardware_info: hw_info_append_hw_type : device_name = speaker
08-05 16:54:57.049   416  8254 D msm8916_platform: platform_split_snd_device: snd_device(2) num devices(0) new_snd_devices(0)
08-05 16:54:57.049   416  8254 D audio_hw_primary: enable_snd_device: snd_device(2: speaker)
08-05 16:54:57.049   416  8254 I soundtrigger: audio_extn_sound_trigger_update_device_status: device 0x2 of type 0 for Event 1, with Raise=0
08-05 16:54:57.049   416  8254 D audio_route: Apply path: speaker
08-05 16:54:57.051   916  5280 D ActivityTrigger: activityStartTrigger: Activity is Triggerred in full screen ApplicationInfo{6bf4a14 com.android.camera2}
08-05 16:54:57.052   916  5280 E ActivityTrigger: activityStartTrigger: not whiteListedcom.android.camera2/com.android.camera.CameraLauncher/20002030
08-05 16:54:57.052   916  5280 D CompatibilityInfo: mCompatibilityFlags - 14
08-05 16:54:57.052   916  5280 D CompatibilityInfo: applicationDensity - 240
08-05 16:54:57.052   916  5280 D CompatibilityInfo: applicationScale - 1.0
08-05 16:54:57.053   916  5280 D ActivityTrigger: activityResumeTrigger: The activity in ApplicationInfo{6bf4a14 com.android.camera2} is now in focus and seems to be in full-screen mode
08-05 16:54:57.053   916  5280 E ActivityTrigger: activityResumeTrigger: not whiteListedcom.android.camera2/com.android.camera.CameraLauncher/20002030
08-05 16:54:57.053   916  5280 D ActivityTrigger: ActivityTrigger activityPauseTrigger 
08-05 16:54:57.058   416  8254 W audio_hw_utils: audio_extn_utils_update_stream_output_app_type_cfg: App type could not be selected. Falling back to default
08-05 16:54:57.058   416  8254 D soundtrigger: audio_extn_sound_trigger_update_stream_status: uc_id 1 of type 0 for Event 3, with Raise=0
08-05 16:54:57.058   416  8254 D audio_hw_utils: audio_extn_utils_send_app_type_cfg: usecase->out_snd_device speaker
08-05 16:54:57.058   416  8254 D msm8916_platform: platform_split_snd_device: snd_device(2) num devices(0) new_snd_devices(0)
08-05 16:54:57.059   416  8254 E msm8916_platform: platform_get_snd_device_backend_index: BE DAI Name Table is not present
08-05 16:54:57.059   416  8254 E audio_hw_utils: send_app_type_cfg_for_device: Couldn't get the backend index for snd device speaker ret=-14
08-05 16:54:57.059   416  8254 D audio_hw_utils: audio_extn_btsco_get_sample_rate:Not a BT SCO device, need not update sampling rate
08-05 16:54:57.059   416  8254 I audio_hw_utils: send_app_type_cfg_for_device PLAYBACK app_type 69936, acdb_dev_id 14, sample_rate 48000, snd_device_be_idx -14
08-05 16:54:57.059   416  8254 D msm8916_platform: platform_split_snd_device: snd_device(2) num devices(1) new_snd_devices(0)
08-05 16:54:57.059   416  8254 D ACDB-LOADER: ACDB -> send_audio_cal, acdb_id = 14, path = 0, app id = 0x11130, sample rate = 48000
08-05 16:54:57.059   416  8254 D ACDB-LOADER: ACDB -> send_asm_topology
08-05 16:54:57.059   416  8254 D ACDB-LOADER: ACDB -> ACDB_CMD_GET_AUDPROC_STREAM_TOPOLOGY_ID
08-05 16:54:57.059   416  8254 D ACDB-LOADER: ACDB -> send_adm_topology
08-05 16:54:57.059   416  8254 D ACDB-LOADER: ACDB -> ACDB_CMD_GET_AUDPROC_COMMON_TOPOLOGY_ID
08-05 16:54:57.059   416  8254 D ACDB-LOADER: ACDB -> send_audtable
08-05 16:54:57.059   416  8254 D ACDB-LOADER: ACDB -> ACDB_CMD_GET_AUDPROC_COMMON_TABLE_SIZE
08-05 16:54:57.060   416  8254 D ACDB-LOADER: ACDB -> ACDB_CMD_GET_AUDPROC_COMMON_TABLE
08-05 16:54:57.060   416  8254 D ACDB-LOADER: ACDB -> AUDIO_SET_AUDPROC_CAL
08-05 16:54:57.060   416  8254 D ACDB-LOADER: ACDB -> send_audvoltable
08-05 16:54:57.060   416  8254 D ACDB-LOADER: ACDB -> ACDB_CMD_GET_AUDPROC_VOL_STEP_TABLE_SIZE
08-05 16:54:57.060   416  8254 D ACDB-LOADER: ACDB -> ACDB_CMD_GET_AUDPROC_GAIN_DEP_STEP_TABLE, vol index 0
08-05 16:54:57.060   416  8254 D ACDB-LOADER: ACDB -> AUDIO_SET_VOL_CAL cal type = 12
08-05 16:54:57.060   416  8254 D ACDB-LOADER: ACDB -> ACDB_CMD_GET_AUDPROC_STREAM_TABLE_SIZE
08-05 16:54:57.060   416  8254 D ACDB-LOADER: ACDB -> send_audstrmtable
08-05 16:54:57.060   416  8254 D ACDB-LOADER: ACDB -> ACDB_CMD_GET_AUDPROC_STREAM_TABLE_V2
08-05 16:54:57.060   416  8254 D ACDB-LOADER: ACDB -> audstrm_cal->cal_type.cal_data.cal_size = 88
08-05 16:54:57.060   416  8254 D ACDB-LOADER: ACDB -> send_afe_topology
08-05 16:54:57.060   416  8254 D ACDB-LOADER: ACDB -> ACDB_CMD_GET_AFE_TOPOLOGY_ID
08-05 16:54:57.060   416  8254 D         : ACDBFILE_MGR: CmnDevinfo for the devid 0000000E not found
08-05 16:54:57.060   416  8254 D         : ACDB_COMMAND: Failed to fetch the afe topo info for devid 0000000E 
08-05 16:54:57.060   416  8254 E ACDB-LOADER: ACDB get afe topology for acdb id = 14, err = -8
08-05 16:54:57.060   416  8254 E ACDB-LOADER: Error: get ACDB afe topology result = -8
08-05 16:54:57.060   416  8254 D ACDB-LOADER: ACDB -> send_afe_cal
08-05 16:54:57.060   416  8254 D ACDB-LOADER: ACDB -> ACDB_CMD_GET_AFE_COMMON_TABLE_SIZE
08-05 16:54:57.060   416  8254 D ACDB-LOADER: ACDB -> ACDB_CMD_GET_AFE_COMMON_TABLE
08-05 16:54:57.060   416  8254 D ACDB-LOADER: ACDB -> AUDIO_SET_AFE_CAL
08-05 16:54:57.060   416  8254 D ACDB-LOADER: ACDB -> send_hw_delay : acdb_id = 14 path = 0
08-05 16:54:57.060   416  8254 D ACDB-LOADER: ACDB -> ACDB_AVSYNC_INFO: ACDB_CMD_GET_DEVICE_PROPERTY
08-05 16:54:57.061   416  8254 D audio_hw_primary: enable_audio_route: apply mixer and update path: low-latency-playback
08-05 16:54:57.061   416  8254 D audio_route: Apply path: low-latency-playback
08-05 16:54:57.066   416  8254 D audio_hw_primary: select_devices: done
08-05 16:54:57.070   916  5280 D ActivityTrigger: activityResumeTrigger: The activity in ApplicationInfo{6bf4a14 com.android.camera2} is now in focus and seems to be in full-screen mode
08-05 16:54:57.070   916  5280 E ActivityTrigger: activityResumeTrigger: not whiteListedcom.android.camera2/com.android.camera.CameraLauncher/20002030
08-05 16:54:57.110   916  5280 D CompatibilityInfo: mCompatibilityFlags - 14
08-05 16:54:57.111   916  5280 D CompatibilityInfo: applicationDensity - 240
08-05 16:54:57.111   916  5280 D CompatibilityInfo: applicationScale - 1.0
08-05 16:54:57.123  3088  3396 E SecUISvc: Error initializing local socket: -1
08-05 16:54:57.127   281   281 W /system/bin/hwservicemanager: getTransport: Cannot find entry vendor.qti.hardware.tui_comm@1.0::ITuiComm/default in either framework or device manifest.
08-05 16:54:57.133 21236 21236 V CAM_QuickActivity: START onCreate: Activity = com.android.camera.CameraActivity@f4177b
08-05 16:54:57.134 21236 21236 V CAM_Profiler: [  0.000ms][ui] GUARD: CameraActivity.onCreateTasks - START
08-05 16:54:57.134 21236 21236 D CAM_LocationManager: Using legacy location provider.
08-05 16:54:57.150 21236 21236 W SoundPool: Use of stream types is deprecated for operations other than volume control
08-05 16:54:57.150 21236 21236 W SoundPool: See the documentation of SoundPool() for what to use instead with android.media.AudioAttributes to qualify your playback use case
08-05 16:54:57.150 21236 21236 I CAM_OneCamFtrCnfgCrtr: CaptureModule? true
08-05 16:54:57.153 21236 21236 V CAM_Profiler: [ 19.390ms][ui] GUARD: CameraActivity.onCreateTasks - [ 0.052ms] Glide.setup
08-05 16:54:57.155 21236 21236 V CAM_Profiler: [ 21.656ms][ui] GUARD: CameraActivity.onCreateTasks - [ 2.266ms] OneCameraManager.get
08-05 16:54:57.165   416  8254 D msm8916_platform: platform_set_channel_map mixer_ctl_name:Playback Channel Map12
08-05 16:54:57.166   416  8254 D msm8916_platform: platform_set_channel_map: set mapping(1 2 0 0 0 0 0 0) for channel:2
08-05 16:54:57.166   416  8254 D audio_hw_primary: start_output_stream: exit
08-05 16:54:57.169 21236 21236 E SoundPool: error loading /system/media/audio/ui/camera_click.ogg
08-05 16:54:57.169 21236 21236 E MediaActionSound: load() error loading sound: 0
08-05 16:54:57.194  3143  3234 W Adreno-ES20: <core_glFinish:34>: glFinish skipped: 0
08-05 16:54:57.201 21236 21236 I CAM_Profiler: [ 66.949ms][ui] GUARD: CameraActivity.onCreateTasks - [16.223ms] computePictureSizes
08-05 16:54:57.217  3143  3234 W Adreno-ES20: <core_glFinish:34>: glFinish skipped: 0
08-05 16:54:57.351 21236 21236 I CAM_Profiler: [217.598ms][ui] GUARD: CameraActivity.onCreateTasks - [148.368ms] setContentView()
08-05 16:54:57.376 21236 21236 I CAM_Profiler: [242.000ms][ui] GUARD: CameraActivity.onCreateTasks - [24.402ms] Configure Camera UI
08-05 16:54:57.380 21236 21236 V CAM_CameraController: Closing camera
08-05 16:54:57.381 21236 21256 W CAM2PORT_AndCamAgntImp: Releasing camera without any camera opened.
08-05 16:54:57.381 21236 21236 V CAM_ModulesInfo: EnableCaptureModule = true
08-05 16:54:57.382 21236 21236 V CAM_Profiler: [  0.000ms][ui] GUARD: new CaptureModule - START
08-05 16:54:57.388 21236 21236 V CAM_Profiler: [  5.563ms][ui] GUARD: new CaptureModule - STOP
08-05 16:54:57.388 21236 21236 V CAM_SettingsManager: listeners: [com.android.camera.app.CameraAppUI@5b47318]
08-05 16:54:57.396 21236 21236 V CAM_SettingsManager: listeners: [com.android.camera.app.CameraAppUI@5b47318, com.android.camera.ButtonManager@420c3ad]
08-05 16:54:57.397 21236 21236 V CAM_SettingsManager: listeners: [com.android.camera.app.CameraAppUI@5b47318, com.android.camera.ButtonManager@420c3ad, com.android.camera.widget.IndicatorIconController@87c6a73]
08-05 16:54:57.397 21236 21236 V CAM_Profiler: [263.564ms][ui] GUARD: CameraActivity.onCreateTasks - [ 8.989ms] Init Current Module UI
08-05 16:54:57.398 21236 21236 V CAM_Profiler: [  0.000ms][ui] GUARD: CaptureModule.init - START
08-05 16:54:57.398 21236 21236 D CAM_CaptureModule: init UseAutotransformUiLayout = false
08-05 16:54:57.401 21236 21236 D CAM_Camera2OneCamMgr: Getting First BACK Camera
08-05 16:54:57.461 21236 21236 W SoundPool: Use of stream types is deprecated for operations other than volume control
08-05 16:54:57.461 21236 21236 W SoundPool: See the documentation of SoundPool() for what to use instead with android.media.AudioAttributes to qualify your playback use case
08-05 16:54:57.463 21236 21722 V NuMediaExtractor: setDataSource fd=70 (/system/app/Camera2/Camera2.apk), offset=6748376, length=19122
08-05 16:54:57.464 21236 21236 E SoundPool: error loading /system/media/audio/ui/camera_click.ogg
08-05 16:54:57.464 21236 21236 E MediaActionSound: load() error loading sound: 0
08-05 16:54:57.465 21236 21236 I CAM_Profiler: [ 67.238ms][ui] GUARD: CaptureModule.init - STOP
08-05 16:54:57.466 21236 21236 I CAM_Profiler: [331.981ms][ui] GUARD: CameraActivity.onCreateTasks - [68.417ms] Init CurrentModule
08-05 16:54:57.482   468   468 I ExtendedExtractor: QTIParser is prefered .. flags 0
08-05 16:54:57.484   468   468 D MMParserExtractor: setExtraFlags called with flags 0 for paser instance b1e18f00
08-05 16:54:57.484   468   468 I ExtendedExtractor: ExtendedExtractor::create 0xb1e18f00
08-05 16:54:57.495 21236 21236 I CAM_Profiler: [361.571ms][ui] GUARD: CameraActivity.onCreateTasks - STOP
08-05 16:54:57.496 21236 21236 V CAM_QuickActivity: END onCreate: Activity = com.android.camera.CameraActivity@f4177b
08-05 16:54:57.499 21236 21236 V CAM_QuickActivity: START onStart: Activity = com.android.camera.CameraActivity@f4177b
08-05 16:54:57.501 21236 21722 E MediaExtractor: Trace connect 0x97a7da40 0xa6b25340
08-05 16:54:57.505 21236 21236 V CAM_QuickActivity: END onStart: Activity = com.android.camera.CameraActivity@f4177b
08-05 16:54:57.508 21236 21236 V CAM_QuickActivity: START onResume: Activity = com.android.camera.CameraActivity@f4177b
08-05 16:54:57.510 21236 21236 V CAM_QuickActivity: onResume(): isKeyguardLocked() = false
08-05 16:54:57.513 21236 21236 V CAM_QuickActivity: onResume --> onResumeTasks()
08-05 16:54:57.517 21236 21236 V CAM_Profiler: [  0.000ms][ui] GUARD: CameraActivity.resume - START
08-05 16:54:57.517 21236 21236 V CAM_CameraActivity: Build info: msm8909go-userdebug 8.1.0 OPM1.171019.026 eng.mandam.20190702.124514 test-keys
08-05 16:54:57.533 21236 21725 I OMXClient: Treble IOmx obtained
08-05 16:54:57.534   473  2725 I OMXMaster: makeComponentInstance(OMX.google.vorbis.decoder) in omx@1.0-service process
08-05 16:54:57.548   416   898 D Sensors : batch called handle:1 sample_ns:200000000 latency_ns:0
08-05 16:54:57.548   473  2725 E OMXNodeInstance: getConfig(0xb4118fc0:google.vorbis.decoder, ConfigAndroidVendorExtension(0x6f100004)) ERROR: Undefined(0x80001001)
08-05 16:54:57.548   416   898 D Sensors : activate called handle:1 enable:1
08-05 16:54:57.548   416   898 D Sensors : bma2x2-accel calling driver enable
08-05 16:54:57.550 21236 21725 W ExtendedACodec: Failed to get extension for extradata parameter
08-05 16:54:57.553   416   898 D Sensors : bma2x2-accel calling driver setDelay 200 ms
08-05 16:54:57.557 21236 21726 D CAM_Storage: External storage state=mounted
08-05 16:54:57.558 21236 21236 V CAM_Profiler: [  0.000ms][ui] GUARD: CaptureModule.resume - START
08-05 16:54:57.558 21236 21236 V CAM_Profiler: [  0.662ms][ui] GUARD: CaptureModule.resume - [ 0.033ms] getRemoteShutterListener.onModuleReady
08-05 16:54:57.564   416   898 D Sensors : flush called:1
08-05 16:54:57.565 21236 21236 V CAM_Profiler: [  7.543ms][ui] GUARD: CaptureModule.resume - [ 3.697ms] mHeadingSensor.activate()
08-05 16:54:57.566 21236 21236 V CAM_Profiler: [  7.543ms][ui] GUARD: CaptureModule.resume - STOP
08-05 16:54:57.567 21236 21236 V CAM_Profiler: [ 49.780ms][ui] GUARD: CameraActivity.resume - [ 8.723ms] mCurrentModule.resume
08-05 16:54:57.568 21236 21236 V CAM_Profiler: [ 51.116ms][ui] GUARD: CameraActivity.resume - [ 0.014ms] mPanoramaViewHelper.onResume()
08-05 16:54:57.568 21236 21236 V CAM_LcyLocProvider: starting location updates
08-05 16:54:57.576   916  2542 I GnssLocationProvider: WakeLock acquired by sendMessage(SET_REQUEST, 0, com.android.server.location.GnssLocationProvider$GpsRequest@9aa1b5a)
08-05 16:54:57.577 21236 21236 D CAM_LcyLocProvider: startReceivingLocationUpdates
08-05 16:54:57.578   418   418 I LocSvc_GnssInterface: ===> setPositionMode line 268 
08-05 16:54:57.578 21236 21236 I CAM_Profiler: [ 61.399ms][ui] GUARD: CameraActivity.resume - STOP
08-05 16:54:57.579   418   418 I LocSvc_GnssInterface: ===> start line 200 
08-05 16:54:57.578   403   403 W /system/bin/hw/android.hidl.allocator@1.0-service: ashmem_create_region(65307) returning hidl_memory(0xabc8ede0, 65307)
08-05 16:54:57.579   418   418 I LocSvc_APIClientBase: locAPIStartTracking:312] start new session: 102
08-05 16:54:57.579   418  2586 I LocSvc_api_v02: ---> locClientSendReq line 2102 QMI_LOC_REG_EVENTS_REQ_V02
08-05 16:54:57.579 21236 21236 V CAM_QuickActivity: END onResume: Activity = com.android.camera.CameraActivity@f4177b
08-05 16:54:57.580   916   995 I GnssLocationProvider: WakeLock released by handleMessage(SET_REQUEST, 0, com.android.server.location.GnssLocationProvider$GpsRequest@9aa1b5a)
08-05 16:54:57.583   418  2586 I LocSvc_api_v02: ---> locClientSendReq line 2102 QMI_LOC_SET_OPERATION_MODE_REQ_V02
08-05 16:54:57.583   403   403 W /system/bin/hw/android.hidl.allocator@1.0-service: ashmem_create_region(65307) returning hidl_memory(0xabc8ede0, 65307)
08-05 16:54:57.585   418  2601 I LocSvc_ApiV02: <--- globalRespCb line 141 QMI_LOC_SET_OPERATION_MODE_REQ_V02
08-05 16:54:57.585   418  2586 I LocSvc_api_v02: ---> locClientSendReq line 2102 QMI_LOC_START_REQ_V02
08-05 16:54:57.591   403   403 W /system/bin/hw/android.hidl.allocator@1.0-service: ashmem_create_region(65307) returning hidl_memory(0xabc8ede0, 65307)
08-05 16:54:57.595 21236 21236 V CAM_FocusController: configurePreviewDimensions(RectF(0.0, 0.0, 0.0, 0.0))
08-05 16:54:57.596 21236 21723 V CAM_CameraDataAdapter: retrieved photo metadata, number of items: 1
08-05 16:54:57.597 21236 21723 V CAM_CameraDataAdapter: retrieved video metadata, number of items: 0
08-05 16:54:57.597 21236 21723 V CAM_CameraDataAdapter: sorting video/photo metadata
08-05 16:54:57.597 21236 21723 V CAM_CameraDataAdapter: sorted video/photo metadata
08-05 16:54:57.601   403   403 W /system/bin/hw/android.hidl.allocator@1.0-service: ashmem_create_region(65307) returning hidl_memory(0xabc8ede0, 65307)
08-05 16:54:57.617   403   403 W /system/bin/hw/android.hidl.allocator@1.0-service: ashmem_create_region(32768) returning hidl_memory(0xabc8ede0, 32768)
08-05 16:54:57.621   403   403 I chatty  : uid=1000(system) allocator@1.0-s identical 2 lines
08-05 16:54:57.624   403   403 W /system/bin/hw/android.hidl.allocator@1.0-service: ashmem_create_region(32768) returning hidl_memory(0xabc8ede0, 32768)
08-05 16:54:57.632 21236 21376 W Adreno-EGL: <qeglDrvAPI_eglGetConfigAttrib:612>: EGL_BAD_ATTRIBUTE
08-05 16:54:57.641 21236 21236 V CAM_TexViewHelper: onLayoutChange
08-05 16:54:57.646 21236 21236 V CAM_TexViewHelper: updateTransform
08-05 16:54:57.646 21236 21236 V CAM_TexViewHelper: setAspectRatio: 0.0
08-05 16:54:57.647 21236 21236 D CAM_CaptureModule: updatePreviewTransform: 480 x 854
08-05 16:54:57.650 21236 21236 V CAM_TexViewHelper: setAspectRatio: NaN
08-05 16:54:57.650 21236 21236 V CAM_TexViewHelper: aspect ratio changed from: 0.0
08-05 16:54:57.656 21236 21236 V CAM_CameraActivity: ignoring storage callback after activity pause
08-05 16:54:57.665   403   403 W /system/bin/hw/android.hidl.allocator@1.0-service: ashmem_create_region(32768) returning hidl_memory(0xabc8ede0, 32768)
08-05 16:54:57.668   403   403 I chatty  : uid=1000(system) allocator@1.0-s identical 2 lines
08-05 16:54:57.670   403   403 W /system/bin/hw/android.hidl.allocator@1.0-service: ashmem_create_region(32768) returning hidl_memory(0xabc8ede0, 32768)
08-05 16:54:57.699 21236 21236 V CAM_FilmstripView: suggesting item bounds: 480x854
08-05 16:54:57.699 21236 21236 V CAM_FilmstripView: getRecycledView, recycled=false
08-05 16:54:57.702 21236 21236 D CAM_FilmstripView: reload() - Ensure all items are loaded at max size.
08-05 16:54:57.703 21236 21236 I CAM_FilmstripView: [ViewItem:0] mData.renderThumbnail()
08-05 16:54:57.714 21236 21236 V CAM_TexViewHelper: updateTransform
08-05 16:54:57.715 21236 21236 V CAM_CameraAppUI: SurfaceTexture is available
08-05 16:54:57.715 21236 21236 D CAM_CaptureModule: onSurfaceTextureAvailable
08-05 16:54:57.715 21236 21236 D CAM_CaptureModule: updatePreviewTransform: 480 x 854
08-05 16:54:57.718 21236 21236 V CAM_TexViewHelper: setAspectRatio: NaN
08-05 16:54:57.719 21236 21236 V CAM_TexViewHelper: aspect ratio changed from: NaN
08-05 16:54:57.720 21236 21236 I CAM_FocusRingView: Computing center via view bounds.
08-05 16:54:57.720 21236 21726 V CAM_CameraDataAdapter: updating media metadata with photos newer than id: 24
08-05 16:54:57.725 21236 21723 V CAM_Profiler: [  0.000ms] GUARD: CaptureModule.closeCamera() - START
08-05 16:54:57.726 21236 21723 V CAM_Profiler: [  4.148ms] GUARD: CaptureModule.closeCamera() - [ 4.148ms] mCameraOpenCloseLock.acquire()
08-05 16:54:57.737 21236 21723 V CAM_Profiler: [  4.769ms] GUARD: CaptureModule.closeCamera() - STOP
08-05 16:54:57.742 21236 21723 V CAM_Profiler: [  0.000ms] GUARD: CaptureModule.openCameraAndStartPreview() - START
08-05 16:54:57.743 21236 21723 V CAM_Profiler: [  0.532ms] GUARD: CaptureModule.openCameraAndStartPreview() - [ 0.532ms] Acquired mCameraOpenCloseLock
08-05 16:54:57.745 21236 21723 D CAM_Camera2OneCamMgr: Getting First BACK Camera
08-05 16:54:57.758   916  1019 I ActivityManager: Displayed com.android.camera2/com.android.camera.CameraLauncher: +645ms
08-05 16:54:57.760   281   281 W /system/bin/hwservicemanager: getTransport: Cannot find entry vendor.qti.hardware.iop@1.0::IIop/default in either framework or device manifest.
08-05 16:54:57.761   916  1019 E ANDR-PERF-JNI: Iop tryGetService failed
08-05 16:54:57.784 21236 21723 I CAM_OneCamera1Opnr: Opening Camera: CameraId{Api2='0',Api1:0}
08-05 16:54:57.784 21236 21723 V CAM_ActvCamDevTrckr: Tracking active camera: CameraId{Api2='0',Api1:0}
08-05 16:54:57.798 21236 21236 V CAM_FocusController: configurePreviewDimensions(RectF(NaN, NaN, NaN, NaN))
08-05 16:54:57.798 21236 21236 I CAM_FocusRingView: Computing center via view bounds.
08-05 16:54:57.799 21236 21236 V CAM_FocusController: configurePreviewDimensions(RectF(NaN, NaN, NaN, NaN))
08-05 16:54:57.799 21236 21236 I CAM_FocusRingView: Computing center via view bounds.
08-05 16:54:57.801 21236 21236 V CAM_FocusController: configurePreviewDimensions(RectF(NaN, NaN, NaN, NaN))
08-05 16:54:57.801 21236 21236 I CAM_FocusRingView: Computing center via view bounds.
08-05 16:54:57.806   916  5118 D ActivityTrigger: ActivityTrigger activityStopTrigger 
08-05 16:54:57.817  3143  3234 W Adreno-ES20: <core_glFinish:34>: glFinish skipped: 0
08-05 16:54:57.826 21236 21236 V CAM_CameraDataAdapter: new photos query return num items: 0
08-05 16:54:57.834  3143  3234 W Adreno-ES20: <core_glFinish:34>: glFinish skipped: 0
08-05 16:54:57.853 21236 21723 E libc    : Access denied finding property "persist.camera.privapp.list"
08-05 16:54:57.860 21236 21723 I CameraManager: Using legacy camera HAL.
08-05 16:54:57.865 21236 21730 E libc    : Access denied finding property "camera.hal1.packagelist"
08-05 16:54:57.866   463   976 I CameraService: CameraService::connect call (PID -1 "com.android.camera2", camera ID 0) for HAL version default and Camera API version 1
08-05 16:54:57.867   463   976 I CameraService: onTorchStatusChangedLocked: Torch status changed for cameraId=0, newStatus=0
08-05 16:54:57.870   470  8919 D NuPlayerDriver: NuPlayerDriver(0xa741d230) created, clientPid(463)
08-05 16:54:57.877 21236 21722 V NuMediaExtractor: setDataSource fd=76 (/system/app/Camera2/Camera2.apk), offset=6786880, length=7617
08-05 16:54:57.893   470 21733 E FileSource: Failed to open file '/system/media/audio/ui/camera_click.ogg'. (No such file or directory)
08-05 16:54:57.893   470 21733 E GenericSource: Failed to create data source!
08-05 16:54:57.894   470 21732 D NuPlayerDriver: notifyListener_l(0xa741d230), (100, 1, -2147483648, -1), loop setting(0, 0)
08-05 16:54:57.894   463  2827 E MediaPlayerNative: error (1, -2147483648)
08-05 16:54:57.896   470   508 D NuPlayerDriver: NuPlayerDriver(0xa741d310) created, clientPid(463)
08-05 16:54:57.899   468  2482 I ExtendedExtractor: QTIParser is prefered .. flags 0
08-05 16:54:57.901   468  2482 D MMParserExtractor: setExtraFlags called with flags 0 for paser instance b1e18f00
08-05 16:54:57.901   468  2482 I ExtendedExtractor: ExtendedExtractor::create 0xb1e18f00
08-05 16:54:57.848 21236 21236 W com.android.camera2: type=1400 audit(0.0:70): avc: denied { read } for comm=4173796E635461736B202334 name="u:object_r:camera_prop:s0" dev="tmpfs" ino=10613 scontext=u:r:untrusted_app_25:s0:c512,c768 tcontext=u:object_r:camera_prop:s0 tclass=file permissive=0
08-05 16:54:57.907 21236 21722 E MediaExtractor: Trace connect 0x98a6a340 0xb14f9700
08-05 16:54:57.912   470 21735 E FileSource: Failed to open file '/system/media/audio/ui/VideoRecord.ogg'. (No such file or directory)
08-05 16:54:57.913   470 21735 E GenericSource: Failed to create data source!
08-05 16:54:57.913   470 21734 D NuPlayerDriver: notifyListener_l(0xa741d310), (100, 1, -2147483648, -1), loop setting(0, 0)
08-05 16:54:57.914   463  2827 E MediaPlayerNative: error (1, -2147483648)
08-05 16:54:57.915   470   508 D NuPlayerDriver: NuPlayerDriver(0xa741d3f0) created, clientPid(463)
08-05 16:54:57.925 21236 21736 I OMXClient: Treble IOmx obtained
08-05 16:54:57.925   473  2725 I OMXMaster: makeComponentInstance(OMX.google.vorbis.decoder) in omx@1.0-service process
08-05 16:54:57.928   470 21738 E FileSource: Failed to open file '/system/media/audio/ui/VideoStop.ogg'. (No such file or directory)
08-05 16:54:57.928   470 21738 E GenericSource: Failed to create data source!
08-05 16:54:57.932   470 21737 D NuPlayerDriver: notifyListener_l(0xa741d3f0), (100, 1, -2147483648, -1), loop setting(0, 0)
08-05 16:54:57.933   463  2827 E MediaPlayerNative: error (1, -2147483648)
08-05 16:54:57.936   473  2725 E OMXNodeInstance: getConfig(0xb4118fc0:google.vorbis.decoder, ConfigAndroidVendorExtension(0x6f100004)) ERROR: Undefined(0x80001001)
08-05 16:54:57.938   463   976 I CameraHardwareInterface: Opening camera 0
08-05 16:54:57.939   405   405 I CamDev@1.0-impl: Opening camera 0
