08-05 16:55:00.561   479 21786 E AEC_PORT: aec_port_save_update:real_gain:1.279217 linecnt:1534 exp_idx:257 cur_luma:-2147483648 led_est:1078460571
08-05 16:55:00.561   479 21750 E mm-camera: c2d_thread_handle_process_buf_event:190 input buf index 4
08-05 16:55:00.561   479 21750 E mm-camera: c2d_thread_handle_process_buf_event:207 input vaddr acc20000
08-05 16:55:00.565   405 21784 D mm-camera-intf: mm_stream_read_msm_frame: VIDIOC_DQBUF buf_index 6, frame_idx 55, stream type 7, queued cnt 7
08-05 16:55:00.566   405 21741 D QCamera2HWI: processFaceDetectionResult: metadata msgtype not enabled, no ops here
08-05 16:55:00.566   405 21792 D mm-camera-intf: mm_stream_qbuf: VIDIOC_QBUF buf_index 6,stream type 7,frame_idx 55,queued cnt 8
08-05 16:55:00.567   405 21784 D mm-camera-intf: mm_stream_read_msm_frame: VIDIOC_DQBUF buf_index 6, frame_idx 55, stream type 1, queued cnt 4
08-05 16:55:00.572   405 21793 D mm-camera-intf: mm_stream_qbuf: VIDIOC_QBUF buf_index 1,stream type 1,frame_idx 53,queued cnt 5
08-05 16:55:00.594   479 21750 E mm-camera: c2d_thread_handle_process_buf_event:190 input buf index 2
08-05 16:55:00.594   479 21786 E AEC_PORT: aec_port_save_update:real_gain:1.279217 linecnt:1534 exp_idx:257 cur_luma:-2147483648 led_est:1078426362
08-05 16:55:00.594   479 21750 E mm-camera: c2d_thread_handle_process_buf_event:207 input vaddr acd02000
08-05 16:55:00.603   405 21784 D mm-camera-intf: mm_stream_read_msm_frame: VIDIOC_DQBUF buf_index 7, frame_idx 56, stream type 7, queued cnt 7
08-05 16:55:00.605   405 21784 D mm-camera-intf: mm_stream_read_msm_frame: VIDIOC_DQBUF buf_index 0, frame_idx 56, stream type 1, queued cnt 4
08-05 16:55:00.606   405 21792 D mm-camera-intf: mm_stream_qbuf: VIDIOC_QBUF buf_index 7,stream type 7,frame_idx 56,queued cnt 8
08-05 16:55:00.612   405 21793 D mm-camera-intf: mm_stream_qbuf: VIDIOC_QBUF buf_index 5,stream type 1,frame_idx 54,queued cnt 5
08-05 16:55:00.627   479 21786 E AEC_PORT: aec_port_save_update:real_gain:1.317033 linecnt:1534 exp_idx:258 cur_luma:-1073741824 led_est:1078391394
08-05 16:55:00.627   479 21750 E mm-camera: c2d_thread_handle_process_buf_event:190 input buf index 3
08-05 16:55:00.628   479 21750 E mm-camera: c2d_thread_handle_process_buf_event:207 input vaddr acc91000
08-05 16:55:00.632   405 21784 D mm-camera-intf: mm_stream_read_msm_frame: VIDIOC_DQBUF buf_index 0, frame_idx 57, stream type 7, queued cnt 7
08-05 16:55:00.633   405 21741 D QCamera2HWI: processFaceDetectionResult: metadata msgtype not enabled, no ops here
08-05 16:55:00.633   405 21792 D mm-camera-intf: mm_stream_qbuf: VIDIOC_QBUF buf_index 0,stream type 7,frame_idx 57,queued cnt 8
08-05 16:55:00.636   405 21784 D mm-camera-intf: mm_stream_read_msm_frame: VIDIOC_DQBUF buf_index 1, frame_idx 57, stream type 1, queued cnt 4
08-05 16:55:00.641   405 21793 D mm-camera-intf: mm_stream_qbuf: VIDIOC_QBUF buf_index 6,stream type 1,frame_idx 55,queued cnt 5
08-05 16:55:00.660   479 21750 E mm-camera: c2d_thread_handle_process_buf_event:190 input buf index 4
08-05 16:55:00.660   479 21786 E AEC_PORT: aec_port_save_update:real_gain:1.317033 linecnt:1534 exp_idx:258 cur_luma:-1610612736 led_est:1078328670
08-05 16:55:00.660   479 21750 E mm-camera: c2d_thread_handle_process_buf_event:207 input vaddr acc20000
08-05 16:55:00.670   405 21784 D mm-camera-intf: mm_stream_read_msm_frame: VIDIOC_DQBUF buf_index 1, frame_idx 58, stream type 7, queued cnt 7
08-05 16:55:00.670   405 21784 D mm-camera-intf: mm_stream_read_msm_frame: VIDIOC_DQBUF buf_index 5, frame_idx 58, stream type 1, queued cnt 4
08-05 16:55:00.672   405 21792 D mm-camera-intf: mm_stream_qbuf: VIDIOC_QBUF buf_index 1,stream type 7,frame_idx 58,queued cnt 8
08-05 16:55:00.675   405 21793 D mm-camera-intf: mm_stream_qbuf: VIDIOC_QBUF buf_index 0,stream type 1,frame_idx 56,queued cnt 5
08-05 16:55:00.694   479 21750 E mm-camera: c2d_thread_handle_process_buf_event:190 input buf index 2
08-05 16:55:00.694   479 21786 E AEC_PORT: aec_port_save_update:real_gain:1.079915 linecnt:2045 exp_idx:261 cur_luma:1073741824 led_est:1078162054
08-05 16:55:00.694   479 21750 E mm-camera: c2d_thread_handle_process_buf_event:207 input vaddr acd02000
08-05 16:55:00.698   405 21784 D mm-camera-intf: mm_stream_read_msm_frame: VIDIOC_DQBUF buf_index 2, frame_idx 59, stream type 7, queued cnt 7
08-05 16:55:00.698   405 21741 D QCamera2HWI: processFaceDetectionResult: metadata msgtype not enabled, no ops here
08-05 16:55:00.699   405 21792 D mm-camera-intf: mm_stream_qbuf: VIDIOC_QBUF buf_index 2,stream type 7,frame_idx 59,queued cnt 8
08-05 16:55:00.703   405 21784 D mm-camera-intf: mm_stream_read_msm_frame: VIDIOC_DQBUF buf_index 6, frame_idx 59, stream type 1, queued cnt 4
08-05 16:55:00.708   405 21793 D mm-camera-intf: mm_stream_qbuf: VIDIOC_QBUF buf_index 1,stream type 1,frame_idx 57,queued cnt 5
08-05 16:55:00.725   479 21747 E         : dmlroc_entry  entering dmlroc_entry
08-05 16:55:00.725   479 21750 E mm-camera: c2d_thread_handle_process_buf_event:190 input buf index 3
08-05 16:55:00.725   479 21750 E mm-camera: c2d_thread_handle_process_buf_event:207 input vaddr acc91000
08-05 16:55:00.729   405 21784 D mm-camera-intf: mm_stream_read_msm_frame: VIDIOC_DQBUF buf_index 0, frame_idx 60, stream type 1, queued cnt 4
08-05 16:55:00.732   405 21793 D mm-camera-intf: mm_stream_qbuf: VIDIOC_QBUF buf_index 5,stream type 1,frame_idx 58,queued cnt 5
08-05 16:55:00.736   405 21784 D mm-camera-intf: mm_stream_read_msm_frame: VIDIOC_DQBUF buf_index 3, frame_idx 60, stream type 7, queued cnt 7
08-05 16:55:00.738   405 21792 D mm-camera-intf: mm_stream_qbuf: VIDIOC_QBUF buf_index 3,stream type 7,frame_idx 60,queued cnt 8
08-05 16:55:00.760   479 21786 E AEC_PORT: aec_port_save_update:real_gain:1.079915 linecnt:2045 exp_idx:261 cur_luma:-1610612736 led_est:1077955052
08-05 16:55:00.760   479 21750 E mm-camera: c2d_thread_handle_process_buf_event:190 input buf index 4
08-05 16:55:00.760   479 21750 E mm-camera: c2d_thread_handle_process_buf_event:207 input vaddr acc20000
08-05 16:55:00.763   405 21784 D mm-camera-intf: mm_stream_read_msm_frame: VIDIOC_DQBUF buf_index 4, frame_idx 61, stream type 7, queued cnt 7
08-05 16:55:00.763   405 21741 D QCamera2HWI: processFaceDetectionResult: metadata msgtype not enabled, no ops here
08-05 16:55:00.763   405 21792 D mm-camera-intf: mm_stream_qbuf: VIDIOC_QBUF buf_index 4,stream type 7,frame_idx 61,queued cnt 8
08-05 16:55:00.764   405 21784 D mm-camera-intf: mm_stream_read_msm_frame: VIDIOC_DQBUF buf_index 1, frame_idx 61, stream type 1, queued cnt 4
08-05 16:55:00.767   405 21793 D mm-camera-intf: mm_stream_qbuf: VIDIOC_QBUF buf_index 6,stream type 1,frame_idx 59,queued cnt 5
08-05 16:55:00.794   479 21786 E AEC_PORT: aec_port_save_update:real_gain:1.290440 linecnt:2045 exp_idx:267 cur_luma:1610612736 led_est:1077938392
08-05 16:55:00.794   479 21750 E mm-camera: c2d_thread_handle_process_buf_event:190 input buf index 2
08-05 16:55:00.794   479 21750 E mm-camera: c2d_thread_handle_process_buf_event:207 input vaddr acd02000
08-05 16:55:00.797   405 21784 D mm-camera-intf: mm_stream_read_msm_frame: VIDIOC_DQBUF buf_index 5, frame_idx 62, stream type 7, queued cnt 7
08-05 16:55:00.798   405 21792 D mm-camera-intf: mm_stream_qbuf: VIDIOC_QBUF buf_index 5,stream type 7,frame_idx 62,queued cnt 8
08-05 16:55:00.803   405 21784 D mm-camera-intf: mm_stream_read_msm_frame: VIDIOC_DQBUF buf_index 5, frame_idx 62, stream type 1, queued cnt 4
08-05 16:55:00.806   405 21793 D mm-camera-intf: mm_stream_qbuf: VIDIOC_QBUF buf_index 0,stream type 1,frame_idx 60,queued cnt 5
08-05 16:55:00.828   479 21786 E AEC_PORT: aec_port_save_update:real_gain:1.290440 linecnt:2045 exp_idx:267 cur_luma:0 led_est:1077736489
08-05 16:55:00.828   479 21750 E mm-camera: c2d_thread_handle_process_buf_event:190 input buf index 3
08-05 16:55:00.828   479 21750 E mm-camera: c2d_thread_handle_process_buf_event:207 input vaddr acc91000
08-05 16:55:00.837   405 21784 D mm-camera-intf: mm_stream_read_msm_frame: VIDIOC_DQBUF buf_index 6, frame_idx 63, stream type 1, queued cnt 4
08-05 16:55:00.839   405 21784 D mm-camera-intf: mm_stream_read_msm_frame: VIDIOC_DQBUF buf_index 6, frame_idx 63, stream type 7, queued cnt 7
08-05 16:55:00.841   405 21741 D QCamera2HWI: processFaceDetectionResult: metadata msgtype not enabled, no ops here
08-05 16:55:00.841   405 21792 D mm-camera-intf: mm_stream_qbuf: VIDIOC_QBUF buf_index 6,stream type 7,frame_idx 63,queued cnt 8
08-05 16:55:00.842   405 21793 D mm-camera-intf: mm_stream_qbuf: VIDIOC_QBUF buf_index 1,stream type 1,frame_idx 61,queued cnt 5
08-05 16:55:00.861   479 21750 E mm-camera: c2d_thread_handle_process_buf_event:190 input buf index 4
08-05 16:55:00.861   479 21750 E mm-camera: c2d_thread_handle_process_buf_event:207 input vaddr acc20000
08-05 16:55:00.861   479 21786 E AEC_PORT: aec_port_save_update:real_gain:1.637416 linecnt:2045 exp_idx:275 cur_luma:1073741824 led_est:1077587042
08-05 16:55:00.862   405 21784 D mm-camera-intf: mm_stream_read_msm_frame: VIDIOC_DQBUF buf_index 7, frame_idx 64, stream type 7, queued cnt 7
08-05 16:55:00.863   405 21792 D mm-camera-intf: mm_stream_qbuf: VIDIOC_QBUF buf_index 7,stream type 7,frame_idx 64,queued cnt 8
08-05 16:55:00.871   405 21784 D mm-camera-intf: mm_stream_read_msm_frame: VIDIOC_DQBUF buf_index 0, frame_idx 64, stream type 1, queued cnt 4
08-05 16:55:00.874   405 21793 D mm-camera-intf: mm_stream_qbuf: VIDIOC_QBUF buf_index 5,stream type 1,frame_idx 62,queued cnt 5
08-05 16:55:00.894   479 21786 E AEC_PORT: aec_port_save_update:real_gain:1.637416 linecnt:2045 exp_idx:275 cur_luma:0 led_est:1077809570
08-05 16:55:00.894   479 21750 E mm-camera: c2d_thread_handle_process_buf_event:190 input buf index 2
08-05 16:55:00.894   479 21750 E mm-camera: c2d_thread_handle_process_buf_event:207 input vaddr acd02000
08-05 16:55:00.903   405 21784 D mm-camera-intf: mm_stream_read_msm_frame: VIDIOC_DQBUF buf_index 0, frame_idx 65, stream type 7, queued cnt 7
08-05 16:55:00.904   405 21741 D QCamera2HWI: processFaceDetectionResult: metadata msgtype not enabled, no ops here
08-05 16:55:00.905   405 21792 D mm-camera-intf: mm_stream_qbuf: VIDIOC_QBUF buf_index 0,stream type 7,frame_idx 65,queued cnt 8
08-05 16:55:00.910   405 21784 D mm-camera-intf: mm_stream_read_msm_frame: VIDIOC_DQBUF buf_index 1, frame_idx 65, stream type 1, queued cnt 4
08-05 16:55:00.913   405 21793 D mm-camera-intf: mm_stream_qbuf: VIDIOC_QBUF buf_index 6,stream type 1,frame_idx 63,queued cnt 5
08-05 16:55:00.927   479 21750 E mm-camera: c2d_thread_handle_process_buf_event:190 input buf index 3
08-05 16:55:00.927   479 21786 E AEC_PORT: aec_port_save_update:real_gain:1.898623 linecnt:2045 exp_idx:280 cur_luma:0 led_est:1077809784
08-05 16:55:00.928   479 21750 E mm-camera: c2d_thread_handle_process_buf_event:207 input vaddr acc91000
08-05 16:55:00.930   405 21784 D mm-camera-intf: mm_stream_read_msm_frame: VIDIOC_DQBUF buf_index 1, frame_idx 66, stream type 7, queued cnt 7
08-05 16:55:00.931   405 21792 D mm-camera-intf: mm_stream_qbuf: VIDIOC_QBUF buf_index 1,stream type 7,frame_idx 66,queued cnt 8
08-05 16:55:00.943   405 21784 D mm-camera-intf: mm_stream_read_msm_frame: VIDIOC_DQBUF buf_index 5, frame_idx 66, stream type 1, queued cnt 4
08-05 16:55:00.946   405 21793 D mm-camera-intf: mm_stream_qbuf: VIDIOC_QBUF buf_index 0,stream type 1,frame_idx 64,queued cnt 5
08-05 16:55:00.961   479 21786 E AEC_PORT: aec_port_save_update:real_gain:1.898623 linecnt:2045 exp_idx:280 cur_luma:1610612736 led_est:1078258194
08-05 16:55:00.961   479 21750 E mm-camera: c2d_thread_handle_process_buf_event:190 input buf index 4
08-05 16:55:00.961   479 21750 E mm-camera: c2d_thread_handle_process_buf_event:207 input vaddr acc20000
08-05 16:55:00.971   405 21784 D mm-camera-intf: mm_stream_read_msm_frame: VIDIOC_DQBUF buf_index 2, frame_idx 67, stream type 7, queued cnt 7
08-05 16:55:00.972   405 21741 D QCamera2HWI: processFaceDetectionResult: metadata msgtype not enabled, no ops here
08-05 16:55:00.973   405 21792 D mm-camera-intf: mm_stream_qbuf: VIDIOC_QBUF buf_index 2,stream type 7,frame_idx 67,queued cnt 8
08-05 16:55:00.976   405 21784 D mm-camera-intf: mm_stream_read_msm_frame: VIDIOC_DQBUF buf_index 6, frame_idx 67, stream type 1, queued cnt 4
08-05 16:55:00.979   405 21793 D mm-camera-intf: mm_stream_qbuf: VIDIOC_QBUF buf_index 1,stream type 1,frame_idx 65,queued cnt 5
08-05 16:55:00.994   479 21750 E mm-camera: c2d_thread_handle_process_buf_event:190 input buf index 2
08-05 16:55:00.994   479 21750 E mm-camera: c2d_thread_handle_process_buf_event:207 input vaddr acd02000
08-05 16:55:00.994   479 21786 E AEC_PORT: aec_port_save_update:real_gain:1.898623 linecnt:2045 exp_idx:280 cur_luma:536870912 led_est:1078463571
08-05 16:55:00.996   405 21784 D mm-camera-intf: mm_stream_read_msm_frame: VIDIOC_DQBUF buf_index 3, frame_idx 68, stream type 7, queued cnt 7
08-05 16:55:00.997   405 21792 D mm-camera-intf: mm_stream_qbuf: VIDIOC_QBUF buf_index 3,stream type 7,frame_idx 68,queued cnt 8
08-05 16:55:01.010   405 21784 D mm-camera-intf: mm_stream_read_msm_frame: VIDIOC_DQBUF buf_index 0, frame_idx 68, stream type 1, queued cnt 4
08-05 16:55:01.012   405 21793 D mm-camera-intf: mm_stream_qbuf: VIDIOC_QBUF buf_index 5,stream type 1,frame_idx 66,queued cnt 5
08-05 16:55:01.028   479 21786 E AEC_PORT: aec_port_save_update:real_gain:1.789462 linecnt:2045 exp_idx:278 cur_luma:0 led_est:1078870571
08-05 16:55:01.028   479 21750 E mm-camera: c2d_thread_handle_process_buf_event:190 input buf index 3
08-05 16:55:01.028   479 21750 E mm-camera: c2d_thread_handle_process_buf_event:207 input vaddr acc91000
08-05 16:55:01.031   405 21784 D mm-camera-intf: mm_stream_read_msm_frame: VIDIOC_DQBUF buf_index 4, frame_idx 69, stream type 7, queued cnt 7
08-05 16:55:01.031   405 21741 D QCamera2HWI: processFaceDetectionResult: metadata msgtype not enabled, no ops here
08-05 16:55:01.031   405 21792 D mm-camera-intf: mm_stream_qbuf: VIDIOC_QBUF buf_index 4,stream type 7,frame_idx 69,queued cnt 8
08-05 16:55:01.041   405 21784 D mm-camera-intf: mm_stream_read_msm_frame: VIDIOC_DQBUF buf_index 1, frame_idx 69, stream type 1, queued cnt 4
08-05 16:55:01.043   418  2601 I LocSvc_ApiV02: <--- globalEventCb line 115 QMI_LOC_EVENT_GNSS_SV_INFO_IND_V02
08-05 16:55:01.043   418  2601 I LocSvc_ApiV02: <--- globalEventCb line 115 QMI_LOC_EVENT_POSITION_REPORT_IND_V02
08-05 16:55:01.044   405 21793 D mm-camera-intf: mm_stream_qbuf: VIDIOC_QBUF buf_index 6,stream type 1,frame_idx 67,queued cnt 5
08-05 16:55:01.059   479 21747 E         : dmlroc_entry  entering dmlroc_entry
08-05 16:55:01.059   479 21750 E mm-camera: c2d_thread_handle_process_buf_event:190 input buf index 4
08-05 16:55:01.059   479 21750 E mm-camera: c2d_thread_handle_process_buf_event:207 input vaddr acc20000
08-05 16:55:01.068   405 21784 D mm-camera-intf: mm_stream_read_msm_frame: VIDIOC_DQBUF buf_index 5, frame_idx 70, stream type 7, queued cnt 7
08-05 16:55:01.069   405 21792 D mm-camera-intf: mm_stream_qbuf: VIDIOC_QBUF buf_index 5,stream type 7,frame_idx 70,queued cnt 8
08-05 16:55:01.076   405 21784 D mm-camera-intf: mm_stream_read_msm_frame: VIDIOC_DQBUF buf_index 5, frame_idx 70, stream type 1, queued cnt 4
08-05 16:55:01.078   405 21793 D mm-camera-intf: mm_stream_qbuf: VIDIOC_QBUF buf_index 0,stream type 1,frame_idx 68,queued cnt 5
08-05 16:55:01.095   479 21786 E AEC_PORT: aec_port_save_update:real_gain:1.789462 linecnt:2045 exp_idx:278 cur_luma:1073741824 led_est:1079012068
08-05 16:55:01.095   479 21750 E mm-camera: c2d_thread_handle_process_buf_event:190 input buf index 2
08-05 16:55:01.095   479 21750 E mm-camera: c2d_thread_handle_process_buf_event:207 input vaddr acd02000
08-05 16:55:01.098   405 21784 D mm-camera-intf: mm_stream_read_msm_frame: VIDIOC_DQBUF buf_index 6, frame_idx 71, stream type 7, queued cnt 7
08-05 16:55:01.099   405 21792 D mm-camera-intf: mm_stream_qbuf: VIDIOC_QBUF buf_index 6,stream type 7,frame_idx 71,queued cnt 8
08-05 16:55:01.099   405 21741 D QCamera2HWI: processFaceDetectionResult: metadata msgtype not enabled, no ops here
08-05 16:55:01.109   405 21784 D mm-camera-intf: mm_stream_read_msm_frame: VIDIOC_DQBUF buf_index 6, frame_idx 71, stream type 1, queued cnt 4
08-05 16:55:01.112   405 21793 D mm-camera-intf: mm_stream_qbuf: VIDIOC_QBUF buf_index 1,stream type 1,frame_idx 69,queued cnt 5
08-05 16:55:01.128   479 21750 E mm-camera: c2d_thread_handle_process_buf_event:190 input buf index 3
08-05 16:55:01.128   479 21786 E AEC_PORT: aec_port_save_update:real_gain:1.688098 linecnt:2045 exp_idx:276 cur_luma:-1610612736 led_est:1078925385
08-05 16:55:01.128   479 21750 E mm-camera: c2d_thread_handle_process_buf_event:207 input vaddr acc91000
08-05 16:55:01.132   405 21784 D mm-camera-intf: mm_stream_read_msm_frame: VIDIOC_DQBUF buf_index 7, frame_idx 72, stream type 7, queued cnt 7
08-05 16:55:01.132   405 21792 D mm-camera-intf: mm_stream_qbuf: VIDIOC_QBUF buf_index 7,stream type 7,frame_idx 72,queued cnt 8
08-05 16:55:01.143   405 21784 D mm-camera-intf: mm_stream_read_msm_frame: VIDIOC_DQBUF buf_index 0, frame_idx 72, stream type 1, queued cnt 4
08-05 16:55:01.145   405 21793 D mm-camera-intf: mm_stream_qbuf: VIDIOC_QBUF buf_index 5,stream type 1,frame_idx 70,queued cnt 5
08-05 16:55:01.162   479 21786 E AEC_PORT: aec_port_save_update:real_gain:1.688098 linecnt:2045 exp_idx:276 cur_luma:536870912 led_est:1078819659
08-05 16:55:01.162   479 21750 E mm-camera: c2d_thread_handle_process_buf_event:190 input buf index 4
08-05 16:55:01.162   479 21750 E mm-camera: c2d_thread_handle_process_buf_event:207 input vaddr acc20000
08-05 16:55:01.172   405 21784 D mm-camera-intf: mm_stream_read_msm_frame: VIDIOC_DQBUF buf_index 0, frame_idx 73, stream type 7, queued cnt 7
08-05 16:55:01.173   405 21741 D QCamera2HWI: processFaceDetectionResult: metadata msgtype not enabled, no ops here
08-05 16:55:01.173   405 21792 D mm-camera-intf: mm_stream_qbuf: VIDIOC_QBUF buf_index 0,stream type 7,frame_idx 73,queued cnt 8
08-05 16:55:01.176   405 21784 D mm-camera-intf: mm_stream_read_msm_frame: VIDIOC_DQBUF buf_index 1, frame_idx 73, stream type 1, queued cnt 4
08-05 16:55:01.179   405 21793 D mm-camera-intf: mm_stream_qbuf: VIDIOC_QBUF buf_index 6,stream type 1,frame_idx 71,queued cnt 5
08-05 16:55:01.181  3088  3396 E SecUISvc: Error initializing local socket: -1
08-05 16:55:01.184   281   281 W /system/bin/hwservicemanager: getTransport: Cannot find entry vendor.qti.hardware.tui_comm@1.0::ITuiComm/default in either framework or device manifest.
08-05 16:55:01.195   479 21750 E mm-camera: c2d_thread_handle_process_buf_event:190 input buf index 2
08-05 16:55:01.195   479 21786 E AEC_PORT: aec_port_save_update:real_gain:1.688098 linecnt:2045 exp_idx:276 cur_luma:0 led_est:1078623428
08-05 16:55:01.195   479 21750 E mm-camera: c2d_thread_handle_process_buf_event:207 input vaddr acd02000
08-05 16:55:01.200   405 21784 D mm-camera-intf: mm_stream_read_msm_frame: VIDIOC_DQBUF buf_index 1, frame_idx 74, stream type 7, queued cnt 7
08-05 16:55:01.201   405 21792 D mm-camera-intf: mm_stream_qbuf: VIDIOC_QBUF buf_index 1,stream type 7,frame_idx 74,queued cnt 8
08-05 16:55:01.209   405 21784 D mm-camera-intf: mm_stream_read_msm_frame: VIDIOC_DQBUF buf_index 5, frame_idx 74, stream type 1, queued cnt 4
08-05 16:55:01.212   405 21793 D mm-camera-intf: mm_stream_qbuf: VIDIOC_QBUF buf_index 0,stream type 1,frame_idx 72,queued cnt 5
08-05 16:55:01.228   479 21786 E AEC_PORT: aec_port_save_update:real_gain:1.637416 linecnt:2045 exp_idx:275 cur_luma:-2147483648 led_est:1078601384
08-05 16:55:01.229   479 21750 E mm-camera: c2d_thread_handle_process_buf_event:190 input buf index 3
08-05 16:55:01.229   479 21750 E mm-camera: c2d_thread_handle_process_buf_event:207 input vaddr acc91000
08-05 16:55:01.232   405 21784 D mm-camera-intf: mm_stream_read_msm_frame: VIDIOC_DQBUF buf_index 2, frame_idx 75, stream type 7, queued cnt 7
08-05 16:55:01.233   405 21741 D QCamera2HWI: processFaceDetectionResult: metadata msgtype not enabled, no ops here
08-05 16:55:01.233   405 21792 D mm-camera-intf: mm_stream_qbuf: VIDIOC_QBUF buf_index 2,stream type 7,frame_idx 75,queued cnt 8
08-05 16:55:01.242   405 21784 D mm-camera-intf: mm_stream_read_msm_frame: VIDIOC_DQBUF buf_index 6, frame_idx 75, stream type 1, queued cnt 4
08-05 16:55:01.245   405 21793 D mm-camera-intf: mm_stream_qbuf: VIDIOC_QBUF buf_index 1,stream type 1,frame_idx 73,queued cnt 5
08-05 16:55:01.262   479 21786 E AEC_PORT: aec_port_save_update:real_gain:1.637416 linecnt:2045 exp_idx:275 cur_luma:1610612736 led_est:1078706141
08-05 16:55:01.262   479 21750 E mm-camera: c2d_thread_handle_process_buf_event:190 input buf index 4
08-05 16:55:01.262   479 21750 E mm-camera: c2d_thread_handle_process_buf_event:207 input vaddr acc20000
08-05 16:55:01.268   405 21784 D mm-camera-intf: mm_stream_read_msm_frame: VIDIOC_DQBUF buf_index 0, frame_idx 76, stream type 1, queued cnt 4
08-05 16:55:01.273   405 21793 D mm-camera-intf: mm_stream_qbuf: VIDIOC_QBUF buf_index 5,stream type 1,frame_idx 74,queued cnt 5
08-05 16:55:01.281   405 21784 D mm-camera-intf: mm_stream_read_msm_frame: VIDIOC_DQBUF buf_index 3, frame_idx 76, stream type 7, queued cnt 7
08-05 16:55:01.282   405 21792 D mm-camera-intf: mm_stream_qbuf: VIDIOC_QBUF buf_index 3,stream type 7,frame_idx 76,queued cnt 8
08-05 16:55:01.294   479 21750 E mm-camera: c2d_thread_handle_process_buf_event:190 input buf index 2
08-05 16:55:01.294   479 21786 E AEC_PORT: aec_port_save_update:real_gain:1.590633 linecnt:2045 exp_idx:274 cur_luma:1610612736 led_est:1078667800
08-05 16:55:01.295   479 21750 E mm-camera: c2d_thread_handle_process_buf_event:207 input vaddr acd02000
08-05 16:55:01.299   405 21784 D mm-camera-intf: mm_stream_read_msm_frame: VIDIOC_DQBUF buf_index 4, frame_idx 77, stream type 7, queued cnt 7
08-05 16:55:01.301 21236 21236 D CAM_LcyLocProvider: No location received yet.
08-05 16:55:01.301   405 21792 D mm-camera-intf: mm_stream_qbuf: VIDIOC_QBUF buf_index 4,stream type 7,frame_idx 77,queued cnt 8
08-05 16:55:01.301   405 21741 D QCamera2HWI: processFaceDetectionResult: metadata msgtype not enabled, no ops here
08-05 16:55:01.315   405 21784 D mm-camera-intf: mm_stream_read_msm_frame: VIDIOC_DQBUF buf_index 1, frame_idx 77, stream type 1, queued cnt 4
08-05 16:55:01.317   405 21793 D mm-camera-intf: mm_stream_qbuf: VIDIOC_QBUF buf_index 6,stream type 1,frame_idx 75,queued cnt 5
08-05 16:55:01.318 21236 21783 D CAM_CommandExecutor: Executing command: PictureTakerCommand{command=com.android.camera.one.v2.photo.SimpleImageCaptureCommand@e31f414} START
08-05 16:55:01.318 21236 21236 V CAM_CameraActivity: onSessionQueued: camera_session://google.com/5ff3830a-da56-4f62-8716-8893f4794091
08-05 16:55:01.319 21236 21236 V CAM_FilmstripView: suggesting item bounds: 480x854
08-05 16:55:01.319 21236 21236 V CAM_FilmstripView: getRecycledView, recycled=false
08-05 16:55:01.321 21236 21236 I CAM_FilmstripView: [ViewItem:0] mData.renderThumbnail()
08-05 16:55:01.322 21236 21236 D CAM_FilmstripView: onFilmstripItemInserted()
08-05 16:55:01.328   479 21786 E AEC_PORT: aec_port_save_update:real_gain:1.590633 linecnt:2045 exp_idx:274 cur_luma:1073741824 led_est:1078578119
08-05 16:55:01.328   479 21750 E mm-camera: c2d_thread_handle_process_buf_event:190 input buf index 3
08-05 16:55:01.328   479 21750 E mm-camera: c2d_thread_handle_process_buf_event:207 input vaddr acc91000
08-05 16:55:01.334   405 21784 D mm-camera-intf: mm_stream_read_msm_frame: VIDIOC_DQBUF buf_index 5, frame_idx 78, stream type 1, queued cnt 4
08-05 16:55:01.338   405 21793 D mm-camera-intf: mm_stream_qbuf: VIDIOC_QBUF buf_index 0,stream type 1,frame_idx 76,queued cnt 5
08-05 16:55:01.348   405 21784 D mm-camera-intf: mm_stream_read_msm_frame: VIDIOC_DQBUF buf_index 5, frame_idx 78, stream type 7, queued cnt 7
08-05 16:55:01.348   405 21792 D mm-camera-intf: mm_stream_qbuf: VIDIOC_QBUF buf_index 5,stream type 7,frame_idx 78,queued cnt 8
08-05 16:55:01.349 21236 21777 W LegacyRequestMapper: convertRequestMetadata - control.awbRegions setting is not supported, ignoring value
08-05 16:55:01.349 21236 21777 W LegacyRequestMapper: Only received metering rectangles with weight 0.
08-05 16:55:01.349 21236 21777 W LegacyRequestMapper: Only received metering rectangles with weight 0.
08-05 16:55:01.361   479 21786 E AEC_PORT: aec_port_save_update:real_gain:1.543849 linecnt:2045 exp_idx:273 cur_luma:0 led_est:1078754326
08-05 16:55:01.361   479 21750 E mm-camera: c2d_thread_handle_process_buf_event:190 input buf index 4
08-05 16:55:01.361   479 21750 E mm-camera: c2d_thread_handle_process_buf_event:207 input vaddr acc20000
08-05 16:55:01.365   405 21784 D mm-camera-intf: mm_stream_read_msm_frame: VIDIOC_DQBUF buf_index 6, frame_idx 79, stream type 7, queued cnt 7
08-05 16:55:01.366   405 21741 D QCamera2HWI: processFaceDetectionResult: metadata msgtype not enabled, no ops here
08-05 16:55:01.366   405 21792 D mm-camera-intf: mm_stream_qbuf: VIDIOC_QBUF buf_index 6,stream type 7,frame_idx 79,queued cnt 8
08-05 16:55:01.372   405 21784 D mm-camera-intf: mm_stream_read_msm_frame: VIDIOC_DQBUF buf_index 6, frame_idx 79, stream type 1, queued cnt 4
08-05 16:55:01.375   405 21793 D mm-camera-intf: mm_stream_qbuf: VIDIOC_QBUF buf_index 1,stream type 1,frame_idx 77,queued cnt 5
08-05 16:55:01.381   405 21741 D QCamera2HWI: enableMsgType (0x102) : mMsgEnabled = 0xd0f
08-05 16:55:01.385   405   405 D QCamera2HWI: [KPI Perf] take_picture: E PROFILE_TAKE_PICTURE
08-05 16:55:01.385   405 21741 D QCamera2HWI: takePicture: numSnapshot = 1
08-05 16:55:01.385   405 21741 D QCamera2HWI: takePicture: E
08-05 16:55:01.386   405 21741 D QCameraHWI_Mem: traceLogAllocStart : alloc E count=1 size=932
08-05 16:55:01.386   405 21741 D QCameraHWI_Mem: traceLogAllocStart : alloc E count=1 size=932
08-05 16:55:01.386   405 21741 D QCameraHWI_Mem: alloc : No memory pool available and So allocate new buffer
08-05 16:55:01.387   405 21741 D QCameraHWI_Mem: allocOneBuffer : ION buffer 1 with size 4096 allocated
08-05 16:55:01.387   405 21741 D QCameraHWI_Mem:  traceLogAllocEnd : X
08-05 16:55:01.388   405 21741 D QCameraHWI_Mem:  traceLogAllocEnd : X
08-05 16:55:01.390   405 21741 D QCamera2HWI: getBufNumRequired: Allocating 8 buffers for streamtype 7
08-05 16:55:01.390   405 21741 D QCamera2HWI: allocateStreamInfoBuf: stream_type 7, stream format 101,stream dimension 454088x1, num_bufs 8
08-05 16:55:01.391   405 21741 D QCamera2HWI: getBufNumRequired: Allocating 8 buffers for streamtype 7
08-05 16:55:01.393   479 21747 E         : dmlroc_entry  entering dmlroc_entry
08-05 16:55:01.393   479 21750 E mm-camera: c2d_thread_handle_process_buf_event:190 input buf index 2
08-05 16:55:01.393   479 21750 E mm-camera: c2d_thread_handle_process_buf_event:207 input vaddr acd02000
08-05 16:55:01.394   479 21766 D mm-camera: mct_pipeline_process_set:command=800000a
08-05 16:55:01.396   405 21741 D QCameraHWI_Mem: traceLogAllocStart : alloc E count=1 size=932
08-05 16:55:01.396   405 21742 D QCameraHWI_Mem: traceLogAllocStart : alloc E count=8 size=454112
08-05 16:55:01.396   405 21742 E QCameraHWI_Mem: traceLogAllocStart:StreamMemsize 454112
08-05 16:55:01.396   405 21741 D QCameraHWI_Mem: traceLogAllocStart : alloc E count=1 size=932
08-05 16:55:01.396   405 21742 D QCameraHWI_Mem: traceLogAllocStart : alloc E count=8 size=454112
08-05 16:55:01.396   405 21741 D QCameraHWI_Mem: alloc : No memory pool available and So allocate new buffer
08-05 16:55:01.396   405 21742 E QCameraHWI_Mem: traceLogAllocStart:Memsize 454112
08-05 16:55:01.396   405 21742 E QCameraHWI_Mem: allocateBuffer : Buffer not found!
08-05 16:55:01.396   405 21741 D QCameraHWI_Mem: allocOneBuffer : ION buffer 1 with size 4096 allocated
08-05 16:55:01.396   405 21741 D QCameraHWI_Mem:  traceLogAllocEnd : X
08-05 16:55:01.396   405 21741 D QCameraHWI_Mem:  traceLogAllocEnd : X
08-05 16:55:01.397   405 21742 D QCameraHWI_Mem: allocOneBuffer : ION buffer 1 with size 454656 allocated
08-05 16:55:01.397   405 21742 E QCameraHWI_Mem: allocateBuffer : Buffer not found!
08-05 16:55:01.397   405 21742 D QCameraHWI_Mem: allocOneBuffer : ION buffer 1 with size 454656 allocated
08-05 16:55:01.397   405 21741 D QCamera2HWI: getBufNumRequired: Allocating 4 buffers for streamtype 2
08-05 16:55:01.397   405 21742 E QCameraHWI_Mem: allocateBuffer : Buffer not found!
08-05 16:55:01.397   405 21741 D QCamera2HWI: allocateStreamInfoBuf: stream_type 2, stream format 2,stream dimension 640x480, num_bufs 4
08-05 16:55:01.397   405 21742 D QCameraHWI_Mem: allocOneBuffer : ION buffer 1 with size 454656 allocated
08-05 16:55:01.398   405 21742 E QCameraHWI_Mem: allocateBuffer : Buffer not found!
08-05 16:55:01.398   405 21741 D QCamera2HWI: getBufNumRequired: Allocating 4 buffers for streamtype 2
08-05 16:55:01.398   405 21742 D QCameraHWI_Mem: allocOneBuffer : ION buffer 1 with size 454656 allocated
08-05 16:55:01.398   405 21742 E QCameraHWI_Mem: allocateBuffer : Buffer not found!
08-05 16:55:01.398   405 21742 D QCameraHWI_Mem: allocOneBuffer : ION buffer 1 with size 454656 allocated
08-05 16:55:01.398   405 21742 E QCameraHWI_Mem: allocateBuffer : Buffer not found!
08-05 16:55:01.399   405 21742 D QCameraHWI_Mem: allocOneBuffer : ION buffer 1 with size 454656 allocated
08-05 16:55:01.399   405 21742 E QCameraHWI_Mem: allocateBuffer : Buffer not found!
08-05 16:55:01.399   405 21742 D QCameraHWI_Mem: allocOneBuffer : ION buffer 1 with size 454656 allocated
08-05 16:55:01.399   405 21742 E QCameraHWI_Mem: allocateBuffer : Buffer not found!
08-05 16:55:01.399   405 21742 D QCameraHWI_Mem: allocOneBuffer : ION buffer 1 with size 454656 allocated
08-05 16:55:01.399   405 21742 D QCameraHWI_Mem:  traceLogAllocEnd : X
08-05 16:55:01.399   405 21742 E QCameraHWI_Mem: traceLogAllocEnd 3632896
08-05 16:55:01.400   479 21766 D mm-camera: mct_pipeline_process_set:command=800000a
08-05 16:55:01.401   405 21741 D QCameraHWI_Mem: traceLogAllocStart : alloc E count=1 size=932
08-05 16:55:01.401   405 21741 D QCameraHWI_Mem: traceLogAllocStart : alloc E count=1 size=932
08-05 16:55:01.401   405 21741 D QCameraHWI_Mem: alloc : No memory pool available and So allocate new buffer
08-05 16:55:01.402   405 21741 D QCameraHWI_Mem: allocOneBuffer : ION buffer 1 with size 4096 allocated
08-05 16:55:01.402   405 21741 D QCameraHWI_Mem:  traceLogAllocEnd : X
08-05 16:55:01.402   405 21741 D QCameraHWI_Mem:  traceLogAllocEnd : X
08-05 16:55:01.403   405 21741 D QCamera2HWI: getBufNumRequired: Allocating 1 buffers for streamtype 3
08-05 16:55:01.403   405 21741 D QCamera2HWI: allocateStreamInfoBuf: stream_type 3, stream format 2,stream dimension 2592x1944, num_bufs 1
08-05 16:55:01.405   405 21741 D QCamera2HWI: getBufNumRequired: Allocating 1 buffers for streamtype 3
08-05 16:55:01.405   405 21742 D QCameraHWI_Mem:  traceLogAllocEnd : X
08-05 16:55:01.405   405 21742 E QCameraHWI_Mem: traceLogAllocEnd 3632896
08-05 16:55:01.405   479 21766 D mm-camera: mct_pipeline_process_set:command=800000a
08-05 16:55:01.408   405 21784 D mm-camera-intf: mm_stream_read_msm_frame: VIDIOC_DQBUF buf_index 7, frame_idx 80, stream type 7, queued cnt 7
08-05 16:55:01.408   405 21784 D mm-camera-intf: mm_stream_read_msm_frame: VIDIOC_DQBUF buf_index 0, frame_idx 80, stream type 1, queued cnt 4
08-05 16:55:01.410   405 21793 E QCamera2HWI: preview_stream_cb_routine: preview is not running, no need to process
08-05 16:55:01.411   405 21792 D mm-camera-intf: mm_stream_qbuf: VIDIOC_QBUF buf_index 7,stream type 7,frame_idx 80,queued cnt 8
08-05 16:55:01.411   405 21793 D mm-camera-intf: mm_stream_qbuf: VIDIOC_QBUF buf_index 0,stream type 1,frame_idx 80,queued cnt 5
08-05 16:55:01.414   479 21766 D mm-camera: mct_pipeline_process_set:command=8000009
08-05 16:55:01.414   479 21766 D mm-camera: mct_pipeline_process_set: stream_type = 1
08-05 16:55:01.414   479 21766 E mm-camera: port_isp_mct_ctrl_cmd: E, identity = 0x20002, STREAMOFF
08-05 16:55:01.414   479 21766 E mm-camera: is_port_handle_stream_event: MCT_EVENT_CONTROL_STREAMOFF, identity = 0x20002
08-05 16:55:01.417   479 21786 E mm-camera-CORE: aec_set_fd_roi: invalid CPP width and height (0, 0)!
08-05 16:55:01.420   479 21766 D mm-camera: c2d_module_handle_streamoff_event:1809, info: stream-off done for identity 0x20002
08-05 16:55:01.422   479 21766 E mm-camera: isp_streamoff: E, session_id = 2, stream_id = 2, active_count = 1
08-05 16:55:01.422   479 21748 E mm-camera: isp_proc_streamoff: E,session_id = 2, stream_id= 2, stream_type= 1 meta 0
08-05 16:55:01.423   479 21748 D mm-camera: isp_hw_action: last pix stop, pix_cnt = 1, cnt = 1
08-05 16:55:01.423   479 21798 E mm-camera: isp_thread_proc_cmd: start/stop, thread_data = 0xac7a533c, action_code = 2
08-05 16:55:01.423   479 21798 E mm-camera: isp_axi_util_subscribe_v4l2_event: event_type = 0x8000100, is_subscribe = 0
08-05 16:55:01.423   479 21748 E mm-camera: isp_ch_util_streamoff: session_id = 2, vfe_mask = 0x1, async streamoff, rc = 0
08-05 16:55:01.423   479 21748 D mm-camera: isp_hw_action: hw_thread for ack
08-05 16:55:01.429   479 21798 E mm-camera: isp_axi_unreg_buf: session_id = 2, stream_id = 2, buf_handle = 0x10000
08-05 16:55:01.433   479 21798 D mm-camera: linearization_action: action code = 7 is not supported. nop
08-05 16:55:01.433   479 21798 D mm-camera: pca_rolloff_action: action code = 7 is not supported. nop
08-05 16:55:01.433   479 21798 D mm-camera: demux_action: action code = 7 is not supported. nop
08-05 16:55:01.433   479 21798 D mm-camera: demosaic_action: action code = 7 is not supported. nop
08-05 16:55:01.433   479 21798 D mm-camera: bpc_action: action code = 7 is not supported. nop
08-05 16:55:01.433   479 21798 D mm-camera: abf_action: action code = 7 is not supported. nop
08-05 16:55:01.433   479 21798 D mm-camera: asf_action: action code = 7 is not supported. nop
08-05 16:55:01.433   479 21798 D mm-camera: color_conversion_action: action code = 7 is not supported. nop
08-05 16:55:01.433   479 21798 D mm-camera: color_correct_action: action code = 7 is not supported. nop
08-05 16:55:01.433   479 21798 D mm-camera: chroma_subsample_action: action code = 7 is not supported. nop
08-05 16:55:01.433   479 21798 D mm-camera: chroma_suppress_action: action code = 7 is not supported. nop
08-05 16:55:01.433   479 21798 D mm-camera: la_action: action code = 7 is not supported. nop
08-05 16:55:01.433   479 21798 D mm-camera: mce_action: action code = 7 is not supported. nop
08-05 16:55:01.433   479 21798 D mm-camera: sce_action: action code = 7 is not supported. nop
08-05 16:55:01.434   479 21798 D mm-camera: clf_action: action code = 7 is not supported. nop
08-05 16:55:01.434   479 21798 D mm-camera: wb_action: action code = 7 is not supported. nop
08-05 16:55:01.434   479 21798 D mm-camera: gamma_action: action code = 7 is not supported. nop
08-05 16:55:01.434   479 21798 D mm-camera: fov_action: action code = 7 is not supported. nop
08-05 16:55:01.434   479 21798 D mm-camera: scaler_action: action code = 7 is not supported
08-05 16:55:01.434   479 21798 D mm-camera: bcc_action: action code = 7 is not supported. nop
08-05 16:55:01.434   479 21798 D mm-camera: clamp_action: action code = 7 is not supported. nop
08-05 16:55:01.434   479 21798 D mm-camera: stats_action: action code = 7 is not supported. nop
08-05 16:55:01.434   479 21798 E mm-camera: isp_thread_proc_cmd: start/stop ack done, thread_data = 0xac7a533c, action_code = 3, rc = 0
08-05 16:55:01.434   479 21748 E mm-camera: isp_ch_util_streamoff: session_id = 2, sync ack done
08-05 16:55:01.434   479 21766 E mm-camera: isp_streamoff: X, session_id = 2, rc = 0
08-05 16:55:01.434   479 21766 E mm-camera: port_isp_mct_ctrl_cmd: X, identity = 0x20002, STREAMOFF, ret = 0
08-05 16:55:01.434   479 21766 D mm-camera: stream id 2, stream num_meta 0
08-05 16:55:01.435   479 21766 D mm-camera: ispif_streamoff: session_id = 2, active_streams = 0
08-05 16:55:01.435   479 21766 E mm-camera-sensor: sensor_pdaf_deinit:3282 failed to open pdaf3 init library function
08-05 16:55:01.435   479 21766 E mm-camera-sensor: module_sensor_module_process_event: Sending stop bus message
08-05 16:55:01.435   479 21766 D mm-camera: stop_sof_check_thread: Stopping SOF timeout thread
08-05 16:55:01.438   479 21766 D mm-camera: mct_pipeline_process_set:command=8000009
08-05 16:55:01.439   479 21766 D mm-camera: mct_pipeline_process_set: stream_type = 7
08-05 16:55:01.443   405 21742 D QCameraHWI_Mem: traceLogAllocStart : alloc E count=1 size=7589888
08-05 16:55:01.443   405 21742 E QCameraHWI_Mem: traceLogAllocStart:StreamMemsize 7589888
08-05 16:55:01.443   405 21742 D QCameraHWI_Mem: traceLogAllocStart : alloc E count=1 size=7589888
08-05 16:55:01.443   405 21742 E QCameraHWI_Mem: traceLogAllocStart:Memsize 7589888
08-05 16:55:01.443   405 21742 E QCameraHWI_Mem: allocateBuffer : Buffer not found!
08-05 16:55:01.447   405 21742 D QCameraHWI_Mem: allocOneBuffer : ION buffer 1 with size 7589888 allocated
08-05 16:55:01.447   405 21742 D QCameraHWI_Mem:  traceLogAllocEnd : X
08-05 16:55:01.447   405 21742 E QCameraHWI_Mem: traceLogAllocEnd 7589888
08-05 16:55:01.448   405 21742 D QCameraHWI_Mem:  traceLogAllocEnd : X
08-05 16:55:01.448   405 21742 E QCameraHWI_Mem: traceLogAllocEnd 7589888
08-05 16:55:01.448   405 21741 D QCameraHWI_Mem: cancel_buffer: hdl =0xb218b500
08-05 16:55:01.449   405 21741 D QCameraHWI_Mem: put buffer 0 successfully
08-05 16:55:01.450   405 21741 D QCameraHWI_Mem: cancel_buffer: hdl =0xb218b580
08-05 16:55:01.450   405 21741 D QCameraHWI_Mem: put buffer 1 successfully
08-05 16:55:01.451   405 21741 D QCameraHWI_Mem: cancel_buffer: hdl =0xb218b600
08-05 16:55:01.451   405 21741 D QCameraHWI_Mem: put buffer 2 successfully
08-05 16:55:01.452   405 21741 D QCameraHWI_Mem: cancel_buffer: hdl =0xb218b680
08-05 16:55:01.452   405 21741 D QCameraHWI_Mem: put buffer 3 successfully
08-05 16:55:01.454   405 21741 D QCameraHWI_Mem: cancel_buffer: hdl =0xb218b700
08-05 16:55:01.454   405 21741 D QCameraHWI_Mem: put buffer 4 successfully
08-05 16:55:01.455   405 21741 D QCameraHWI_Mem: put buffer 5 successfully
08-05 16:55:01.457   405 21741 D QCameraHWI_Mem: put buffer 6 successfully
08-05 16:55:01.465   479 21766 D mm-camera: mct_pipeline_process_set:command=800000b
08-05 16:55:01.465   479 21766 D mm-camera: mct_stream_streamoff: Enter
08-05 16:55:01.466   479 21766 D mm-camera: mct_pipeline_process_set:command=800000b
08-05 16:55:01.466   479 21766 D mm-camera: mct_stream_streamoff: Enter
08-05 16:55:01.466   479 21766 I chatty  : uid=1006(camera) mct_controller identical 2 lines
08-05 16:55:01.466   479 21766 D mm-camera: mct_stream_streamoff: Enter
08-05 16:55:01.466   479 21766 D mm-camera: c2d_port_check_caps_unreserve:179, identity=0x20002, unreserved
08-05 16:55:01.470   479 21766 D mm-camera: c2d_port_check_caps_unreserve:179, identity=0x20002, unreserved
08-05 16:55:01.470   479 21766 E mm-camera-img: faceproc_save_album:795] Error No album 
08-05 16:55:01.470   479 21766 E mm-camera-img: faceproc_comp_eng_destroy: Album save failed -1
08-05 16:55:01.470   479 21766 E mm-camera: q3a_thread_aecawb_stop:384 MSG_STOP_THREAD
08-05 16:55:01.471   479 21766 E mm-camera: q3a_thread_af_stop:574 MSG_STOP_THREAD
08-05 16:55:01.473   479 21766 E mm-camera: q3a_thread_divertstats_stop:868 MSG_STOP_THREAD
08-05 16:55:01.475   479 21791 E mm-camera: is_thread_handler: Exiting IS thread handler
08-05 16:55:01.476   405 21742 D QCameraParameters: getPreviewHalPixelFormat: format 17
08-05 16:55:01.477   405 21742 D QCameraHWI_Mem: setMaxFPS: Setting max fps 30 to display
08-05 16:55:01.477   405 21742 D QCameraHWI_Mem: traceLogAllocStart : alloc E count=4 size=0
08-05 16:55:01.477   405 21742 D QCameraHWI_Mem:  allocate : E 
08-05 16:55:01.483   405 21742 D QCameraHWI_Mem: allocate: usage = 131072, geometry: 0xb21ae104, 640, 480, 640, 512, 17
08-05 16:55:01.495   405 21742 D QCameraHWI_Mem:  allocate : X 
08-05 16:55:01.495   405 21742 D QCameraHWI_Mem:  traceLogAllocEnd : X
08-05 16:55:01.497   479 21766 D mm-camera: mct_pipeline_process_set:command=8000012
08-05 16:55:01.497   479 21766 D mm-camera: mct_pipeline_add_stream_to_linked_streams: linked streams: 0x80
08-05 16:55:01.497   479 21766 D mm-camera: mct_stream_start_link: Starting meta stream linking: do nothing 
08-05 16:55:01.498   405 21741 E mm-camera-intf: mm_stream_get_v4l2_fmt: Unknown fmt=101
08-05 16:55:01.498   479 21766 D mm-camera: mct_pipeline_process_set:command=8000004
08-05 16:55:01.498   479 21766 D mm-camera: mct_pipeline_process_set:command=8000012
08-05 16:55:01.498   479 21766 D mm-camera: mct_pipeline_add_stream_to_linked_streams: linked streams: 0x84
08-05 16:55:01.498   479 21766 D mm-camera: mct_stream_start_link: Starting postview stream linking 
08-05 16:55:01.498   479 21766 E mm-camera: isp_util_find_matched_existing_src_port#192: X
08-05 16:55:01.498   479 21766 D mm-camera: c2d_port_check_caps_reserve:143, identity=0x20004, reserved
08-05 16:55:01.501   479 21766 D mm-camera: c2d_module_notify_add_stream:1396, info: success, identity=0x20004
08-05 16:55:01.501   479 21766 E mm-camera: stats_port_add_reserved_stream, Invalid stream type=2
08-05 16:55:01.501   479 21766 E mm-camera: stats_port_add_reserved_stream, Adding stream with identity=131076, to reserved list failed
08-05 16:55:01.505   479 21803 D mm-camera: aecawb_thread_handler thread_id is 21803
08-05 16:55:01.506   479 21804 D mm-camera: af_thread_handler thread_id is 21804
08-05 16:55:01.509   479 21806 D mm-camera: afd_thread_handler thread_id is 21806
08-05 16:55:01.511   479 21807 D mm-camera: asd_thread_handler thread_id is 21807
08-05 16:55:01.512   479 21808 E mm-camera: is_thread_handler thread_id is 21808
08-05 16:55:01.513   479 21766 E mm-camera: mct_pipeline_send_ctrl_events: Send Set Parm events
08-05 16:55:01.514   479 21766 D mm-camera: mct_pipeline_process_set:command=8000004
08-05 16:55:01.514   479 21808 E mm-camera: is_thread_handler: Starting IS thread handler
08-05 16:55:01.514   479 21766 D mm-camera: mct_pipeline_process_set:command=8000012
08-05 16:55:01.515   479 21766 D mm-camera: mct_pipeline_add_stream_to_linked_streams: linked streams: 0x8c
08-05 16:55:01.515   479 21766 D mm-camera: mct_stream_start_link: Starting snapshot stream linking 
08-05 16:55:01.515   479 21766 D mm-camera: mct_stream_start_link: Regular snapshot
08-05 16:55:01.515   479 21766 D mm-camera: mct_pipeline_process_set:command=8000004
08-05 16:55:01.516   405 21742 D QCamera2HWI: getReprocessConfig: Final pproc config = c
08-05 16:55:01.516   405 21742 D QCamera2HWI: needReprocess: needReprocess true
08-05 16:55:01.516   479 21766 D mm-camera: mct_pipeline_process_set:command=8000013
08-05 16:55:01.518   479 21766 D mm-camera: mct_pipeline_process_set:command=8000013
08-05 16:55:01.519   405 21742 D QCamera2HWI: getBufNumRequired: Allocating 1 buffers for streamtype 9
08-05 16:55:01.519   405 21742 D QCamera2HWI: getReprocessConfig: Final pproc config = c
08-05 16:55:01.519   405 21742 D QCamera2HWI: addReprocChannel: Allocating 1 reproc buffers
08-05 16:55:01.520   405 21742 D QCameraHWI_Mem: traceLogAllocStart : alloc E count=1 size=932
08-05 16:55:01.520   405 21742 D QCameraHWI_Mem: traceLogAllocStart : alloc E count=1 size=932
08-05 16:55:01.520   405 21742 D QCameraHWI_Mem: alloc : No memory pool available and So allocate new buffer
08-05 16:55:01.520   405 21742 D QCameraHWI_Mem: allocOneBuffer : ION buffer 1 with size 4096 allocated
08-05 16:55:01.521   405 21742 D QCameraHWI_Mem:  traceLogAllocEnd : X
08-05 16:55:01.521   405 21742 D QCameraHWI_Mem:  traceLogAllocEnd : X
08-05 16:55:01.524   405 21742 D QCamera2HWI: getBufNumRequired: Allocating 1 buffers for streamtype 9
08-05 16:55:01.524   405 21742 D QCamera2HWI: allocateStreamInfoBuf: stream_type 9, stream format 101,stream dimension 0x0, num_bufs 1
08-05 16:55:01.524   479 21766 D mm-camera: mct_pipeline_process_set:command=800000a
08-05 16:55:01.525   405 21741 E mm-camera-intf: mm_stream_request_buf: buf_num = 8, stream type = 7
08-05 16:55:01.526   405 21741 D mm-camera-intf: mm_stream_qbuf: Starting poll on stream 0xb21d9788 type: 7
08-05 16:55:01.526   405 21741 D mm-camera-intf: mm_stream_qbuf: Started poll on stream 0xb21d9788 type: 7
08-05 16:55:01.526   405 21741 D mm-camera-intf: mm_stream_qbuf: VIDIOC_QBUF buf_index 0,stream type 7,frame_idx 0,queued cnt 1
08-05 16:55:01.526   405 21741 D mm-camera-intf: mm_stream_qbuf: VIDIOC_QBUF buf_index 1,stream type 7,frame_idx 0,queued cnt 2
08-05 16:55:01.526   405 21741 D mm-camera-intf: mm_stream_qbuf: VIDIOC_QBUF buf_index 2,stream type 7,frame_idx 0,queued cnt 3
08-05 16:55:01.526   405 21741 D mm-camera-intf: mm_stream_qbuf: VIDIOC_QBUF buf_index 3,stream type 7,frame_idx 0,queued cnt 4
08-05 16:55:01.527   405 21741 D mm-camera-intf: mm_stream_qbuf: VIDIOC_QBUF buf_index 4,stream type 7,frame_idx 0,queued cnt 5
08-05 16:55:01.527   405 21741 D mm-camera-intf: mm_stream_qbuf: VIDIOC_QBUF buf_index 5,stream type 7,frame_idx 0,queued cnt 6
08-05 16:55:01.527   405 21741 D mm-camera-intf: mm_stream_qbuf: VIDIOC_QBUF buf_index 6,stream type 7,frame_idx 0,queued cnt 7
08-05 16:55:01.527   405 21741 D mm-camera-intf: mm_stream_qbuf: VIDIOC_QBUF buf_index 7,stream type 7,frame_idx 0,queued cnt 8
08-05 16:55:01.528   479 21766 D mm-camera: mct_pipeline_process_set:command=8000008
08-05 16:55:01.528   479 21766 D mm-camera: mct_pipeline_process_set: stream_type = 7
08-05 16:55:01.529   405 21741 E mm-camera-intf: mm_stream_request_buf: buf_num = 4, stream type = 2
08-05 16:55:01.529   479 21766 D mm-camera: mct_pipeline_process_set:command=8000012
08-05 16:55:01.529   479 21766 D mm-camera: mct_pipeline_add_stream_to_linked_streams: linked streams: 0x28c
08-05 16:55:01.529   479 21766 D mm-camera: mct_stream_start_link: Starting offline stream linking, 0xc
08-05 16:55:01.529   479 21766 E mm-camera: mct_pproc_sink_port_caps_reserve:200] The port 0xb2083480 is not free
08-05 16:55:01.529   479 21766 D mm-camera: c2d_port_check_caps_reserve:143, identity=0x20001, reserved
08-05 16:55:01.529   479 21766 D mm-camera: c2d_module_notify_add_stream:1396, info: success, identity=0x20001
08-05 16:55:01.530   479 21766 D mm-camera: mct_pipeline_process_set:command=8000004
08-05 16:55:01.530   405 21742 D QCameraHWI_Mem: traceLogAllocStart : alloc E count=1 size=932
08-05 16:55:01.530   405 21742 D QCameraHWI_Mem: traceLogAllocStart : alloc E count=1 size=932
08-05 16:55:01.530   405 21741 D mm-camera-intf: mm_stream_qbuf: Starting poll on stream 0xb21d9970 type: 2
08-05 16:55:01.530   405 21742 D QCameraHWI_Mem: alloc : No memory pool available and So allocate new buffer
08-05 16:55:01.530   405 21741 D mm-camera-intf: mm_stream_qbuf: Started poll on stream 0xb21d9970 type: 2
08-05 16:55:01.530   405 21741 D mm-camera-intf: mm_stream_qbuf: VIDIOC_QBUF buf_index 2,stream type 2,frame_idx 0,queued cnt 1
08-05 16:55:01.530   405 21741 D mm-camera-intf: mm_stream_qbuf: VIDIOC_QBUF buf_index 3,stream type 2,frame_idx 0,queued cnt 2
08-05 16:55:01.530   405 21742 D QCameraHWI_Mem: allocOneBuffer : ION buffer 1 with size 4096 allocated
08-05 16:55:01.530   405 21742 D QCameraHWI_Mem:  traceLogAllocEnd : X
08-05 16:55:01.531   405 21742 D QCameraHWI_Mem:  traceLogAllocEnd : X
08-05 16:55:01.531   479 21766 D mm-camera: mct_pipeline_process_set:command=8000008
08-05 16:55:01.531   479 21766 D mm-camera: mct_pipeline_process_set: stream_type = 2
08-05 16:55:01.531   405 21742 D QCamera2HWI: getBufNumRequired: Allocating 1 buffers for streamtype 9
08-05 16:55:01.531   405 21742 D QCamera2HWI: allocateStreamInfoBuf: stream_type 9, stream format 101,stream dimension 0x0, num_bufs 1
08-05 16:55:01.532   479 21766 E mm-camera: decide_isp_nums_camif: num_isp = 1
08-05 16:55:01.532   479 21766 E mm-camera: decide_isp_nums_camif: num_isp = 1
08-05 16:55:01.532   479 21766 E mm-camera: isp_sink_port_stream_config: E, session_id = 2, stream_id = 4, stream_type = 2
08-05 16:55:01.532   479 21766 E mm-camera: isp_sink_port_stream_config: session_id = 2, stream_id = 4, is_split = 0
08-05 16:55:01.532   479 21766 E mm-camera: isp_sink_port_stream_config: old vfe_id_mask = 0x1, new vfe_id_mask = 0x1
08-05 16:55:01.532   479 21766 E mm-camera: isp_sink_port_stream_config: E, session_id = 2, stream_id = 5, stream_type = 3
08-05 16:55:01.532   479 21766 E mm-camera: isp_sink_port_stream_config: session_id = 2, stream_id = 5, is_split = 0
08-05 16:55:01.532   479 21766 E mm-camera: isp_sink_port_stream_config: old vfe_id_mask = 0x1, new vfe_id_mask = 0x1
08-05 16:55:01.532   479 21766 E mm-camera-sensor: Depth_Err: actuator sensitivity : 0.000000 is invalid
08-05 16:55:01.533   479 21766 E mm-camera: is_port_handle_stream_config_event: w = 2592, h = 1944, ma = 90, p = 0
08-05 16:55:01.533   479 21766 E mm-camera-sensor: module_sensor_stream_on:2458 chromatix name libchromatix_ov5670_30010a3_snapshot.so
08-05 16:55:01.535   479 21766 E mm-camera: is_port_handle_set_is_enable: IS enable = 0
08-05 16:55:01.541   479 21766 E mm-camera: isp_tintless_config: same cfg as current
08-05 16:55:01.541   479 21766 E mm-camera: isp_tintless_bg_pca_update_chromatix_params: lib returned config err=0
08-05 16:55:01.542   479 21766 E mm-camera: is_port_handle_set_is_enable: IS enable = 0
08-05 16:55:01.543   479 21766 E mm-camera: port_isp_mct_ctrl_cmd: E, identity = 0x20004, STREAMON
08-05 16:55:01.543   479 21803 E mm-camera-CORE: awb_algo_snapshot: E, stats type=1
08-05 16:55:01.544   479 21766 E mm-camera: awb_port_update_awb_data r_gain; 1.795852, g_gain: 1.000000, b_gain: 1.556405, cct: 5468
08-05 16:55:01.544   479 21766 E mm-camera: port_isp_redirect_stats_event_to_frame_port: stream (identiity = 0x20005) has no frame port linked
08-05 16:55:01.544   479 21766 E mm-camera: port_isp_module_event: event type = 13, forward_event error
