08-05 16:54:58.941   405 21793 D mm-camera-intf: mm_stream_qbuf: VIDIOC_QBUF buf_index 0,stream type 1,frame_idx 4,queued cnt 5
08-05 16:54:58.945   405 21784 D mm-camera-intf: mm_stream_read_msm_frame: VIDIOC_DQBUF buf_index 5, frame_idx 6, stream type 7, queued cnt 7
08-05 16:54:58.945   405 21741 D QCamera2HWI: processFaceDetectionResult: metadata msgtype not enabled, no ops here
08-05 16:54:58.945   405 21792 D mm-camera-intf: mm_stream_qbuf: VIDIOC_QBUF buf_index 5,stream type 7,frame_idx 6,queued cnt 8
08-05 16:54:58.962   479 21750 E mm-camera: c2d_thread_handle_process_buf_event:190 input buf index 4
08-05 16:54:58.962   479 21786 E AEC_PORT: aec_port_save_update:real_gain:1.105134 linecnt:1534 exp_idx:252 cur_luma:1073741824 led_est:1077871396
08-05 16:54:58.962   479 21750 E mm-camera: c2d_thread_handle_process_buf_event:207 input vaddr acc20000
08-05 16:54:58.965   405 21784 D mm-camera-intf: mm_stream_read_msm_frame: VIDIOC_DQBUF buf_index 6, frame_idx 7, stream type 7, queued cnt 7
08-05 16:54:58.966   405 21792 D mm-camera-intf: mm_stream_qbuf: VIDIOC_QBUF buf_index 6,stream type 7,frame_idx 7,queued cnt 8
08-05 16:54:58.968   405 21784 D mm-camera-intf: mm_stream_read_msm_frame: VIDIOC_DQBUF buf_index 6, frame_idx 7, stream type 1, queued cnt 4
08-05 16:54:58.973   405 21793 D mm-camera-intf: mm_stream_qbuf: VIDIOC_QBUF buf_index 1,stream type 1,frame_idx 5,queued cnt 5
08-05 16:54:58.995   479 21786 E AEC_PORT: aec_port_save_update:real_gain:1.105134 linecnt:1534 exp_idx:252 cur_luma:-2147483648 led_est:1078098995
08-05 16:54:58.997   479 21750 E mm-camera: c2d_thread_handle_process_buf_event:190 input buf index 2
08-05 16:54:58.998   479 21750 E mm-camera: c2d_thread_handle_process_buf_event:207 input vaddr acd02000
08-05 16:54:59.002   405 21784 D mm-camera-intf: mm_stream_read_msm_frame: VIDIOC_DQBUF buf_index 0, frame_idx 8, stream type 1, queued cnt 4
08-05 16:54:59.006   405 21793 D mm-camera-intf: mm_stream_qbuf: VIDIOC_QBUF buf_index 5,stream type 1,frame_idx 6,queued cnt 5
08-05 16:54:59.011   405 21784 D mm-camera-intf: mm_stream_read_msm_frame: VIDIOC_DQBUF buf_index 7, frame_idx 8, stream type 7, queued cnt 7
08-05 16:54:59.012   405 21741 D QCamera2HWI: processFaceDetectionResult: metadata msgtype not enabled, no ops here
08-05 16:54:59.012   405 21792 D mm-camera-intf: mm_stream_qbuf: VIDIOC_QBUF buf_index 7,stream type 7,frame_idx 8,queued cnt 8
08-05 16:54:59.028   479 21750 E mm-camera: c2d_thread_handle_process_buf_event:190 input buf index 3
08-05 16:54:59.028   479 21786 E AEC_PORT: aec_port_save_update:real_gain:1.171638 linecnt:1534 exp_idx:254 cur_luma:0 led_est:1078097972
08-05 16:54:59.028   479 21750 E mm-camera: c2d_thread_handle_process_buf_event:207 input vaddr acc91000
08-05 16:54:59.031   405 21784 D mm-camera-intf: mm_stream_read_msm_frame: VIDIOC_DQBUF buf_index 0, frame_idx 9, stream type 7, queued cnt 7
08-05 16:54:59.032   405 21792 D mm-camera-intf: mm_stream_qbuf: VIDIOC_QBUF buf_index 0,stream type 7,frame_idx 9,queued cnt 8
08-05 16:54:59.033   405 21784 D mm-camera-intf: mm_stream_read_msm_frame: VIDIOC_DQBUF buf_index 1, frame_idx 9, stream type 1, queued cnt 4
08-05 16:54:59.036   405 21793 D mm-camera-intf: mm_stream_qbuf: VIDIOC_QBUF buf_index 6,stream type 1,frame_idx 7,queued cnt 5
08-05 16:54:59.044   418  2601 I LocSvc_ApiV02: <--- globalEventCb line 115 QMI_LOC_EVENT_GNSS_SV_INFO_IND_V02
08-05 16:54:59.045   418  2601 I LocSvc_ApiV02: <--- globalEventCb line 115 QMI_LOC_EVENT_POSITION_REPORT_IND_V02
08-05 16:54:59.059   479 21747 E         : dmlroc_entry  entering dmlroc_entry
08-05 16:54:59.060   479 21750 E mm-camera: c2d_thread_handle_process_buf_event:190 input buf index 4
08-05 16:54:59.060   479 21750 E mm-camera: c2d_thread_handle_process_buf_event:207 input vaddr acc20000
08-05 16:54:59.067   405 21784 D mm-camera-intf: mm_stream_read_msm_frame: VIDIOC_DQBUF buf_index 5, frame_idx 10, stream type 1, queued cnt 4
08-05 16:54:59.069   405 21784 D mm-camera-intf: mm_stream_read_msm_frame: VIDIOC_DQBUF buf_index 1, frame_idx 10, stream type 7, queued cnt 7
08-05 16:54:59.070   405 21792 D mm-camera-intf: mm_stream_qbuf: VIDIOC_QBUF buf_index 1,stream type 7,frame_idx 10,queued cnt 8
08-05 16:54:59.071   405 21793 D mm-camera-intf: mm_stream_qbuf: VIDIOC_QBUF buf_index 0,stream type 1,frame_idx 8,queued cnt 5
08-05 16:54:59.070   405 21741 D QCamera2HWI: processFaceDetectionResult: metadata msgtype not enabled, no ops here
08-05 16:54:59.095   479 21750 E mm-camera: c2d_thread_handle_process_buf_event:190 input buf index 2
08-05 16:54:59.095   479 21750 E mm-camera: c2d_thread_handle_process_buf_event:207 input vaddr acd02000
08-05 16:54:59.095   479 21786 E AEC_PORT: aec_port_save_update:real_gain:1.171638 linecnt:1534 exp_idx:254 cur_luma:-1073741824 led_est:1078332285
08-05 16:54:59.097   405 21784 D mm-camera-intf: mm_stream_read_msm_frame: VIDIOC_DQBUF buf_index 2, frame_idx 11, stream type 7, queued cnt 7
08-05 16:54:59.098   405 21792 D mm-camera-intf: mm_stream_qbuf: VIDIOC_QBUF buf_index 2,stream type 7,frame_idx 11,queued cnt 8
08-05 16:54:59.100   405 21784 D mm-camera-intf: mm_stream_read_msm_frame: VIDIOC_DQBUF buf_index 6, frame_idx 11, stream type 1, queued cnt 4
08-05 16:54:59.103   405 21793 D mm-camera-intf: mm_stream_qbuf: VIDIOC_QBUF buf_index 1,stream type 1,frame_idx 9,queued cnt 5
08-05 16:54:59.128   479 21786 E AEC_PORT: aec_port_save_update:real_gain:1.171638 linecnt:1534 exp_idx:254 cur_luma:1073741824 led_est:1078423867
08-05 16:54:59.129   479 21750 E mm-camera: c2d_thread_handle_process_buf_event:190 input buf index 3
08-05 16:54:59.129   479 21750 E mm-camera: c2d_thread_handle_process_buf_event:207 input vaddr acc91000
08-05 16:54:59.133   405 21784 D mm-camera-intf: mm_stream_read_msm_frame: VIDIOC_DQBUF buf_index 3, frame_idx 12, stream type 7, queued cnt 7
08-05 16:54:59.134   405 21741 D QCamera2HWI: processFaceDetectionResult: metadata msgtype not enabled, no ops here
08-05 16:54:59.134   405 21792 D mm-camera-intf: mm_stream_qbuf: VIDIOC_QBUF buf_index 3,stream type 7,frame_idx 12,queued cnt 8
08-05 16:54:59.135   405 21784 D mm-camera-intf: mm_stream_read_msm_frame: VIDIOC_DQBUF buf_index 0, frame_idx 12, stream type 1, queued cnt 4
08-05 16:54:59.142   405 21793 D mm-camera-intf: mm_stream_qbuf: VIDIOC_QBUF buf_index 5,stream type 1,frame_idx 10,queued cnt 5
08-05 16:54:59.162   479 21750 E mm-camera: c2d_thread_handle_process_buf_event:190 input buf index 4
08-05 16:54:59.162   479 21786 E AEC_PORT: aec_port_save_update:real_gain:1.206194 linecnt:1534 exp_idx:255 cur_luma:1073741824 led_est:1078424834
08-05 16:54:59.162   479 21750 E mm-camera: c2d_thread_handle_process_buf_event:207 input vaddr acc20000
08-05 16:54:59.163  3088  3396 E SecUISvc: Error initializing local socket: -1
08-05 16:54:59.166   405 21784 D mm-camera-intf: mm_stream_read_msm_frame: VIDIOC_DQBUF buf_index 4, frame_idx 13, stream type 7, queued cnt 7
08-05 16:54:59.167   405 21792 D mm-camera-intf: mm_stream_qbuf: VIDIOC_QBUF buf_index 4,stream type 7,frame_idx 13,queued cnt 8
08-05 16:54:59.168   281   281 W /system/bin/hwservicemanager: getTransport: Cannot find entry vendor.qti.hardware.tui_comm@1.0::ITuiComm/default in either framework or device manifest.
08-05 16:54:59.171   405 21784 D mm-camera-intf: mm_stream_read_msm_frame: VIDIOC_DQBUF buf_index 1, frame_idx 13, stream type 1, queued cnt 4
08-05 16:54:59.175   405 21793 D mm-camera-intf: mm_stream_qbuf: VIDIOC_QBUF buf_index 6,stream type 1,frame_idx 11,queued cnt 5
08-05 16:54:59.196   479 21786 E AEC_PORT: aec_port_save_update:real_gain:1.206194 linecnt:1534 exp_idx:255 cur_luma:536870912 led_est:1078426050
08-05 16:54:59.196   479 21750 E mm-camera: c2d_thread_handle_process_buf_event:190 input buf index 2
08-05 16:54:59.196   479 21750 E mm-camera: c2d_thread_handle_process_buf_event:207 input vaddr acd02000
08-05 16:54:59.203   405 21784 D mm-camera-intf: mm_stream_read_msm_frame: VIDIOC_DQBUF buf_index 5, frame_idx 14, stream type 1, queued cnt 4
08-05 16:54:59.209   405 21784 D mm-camera-intf: mm_stream_read_msm_frame: VIDIOC_DQBUF buf_index 5, frame_idx 14, stream type 7, queued cnt 7
08-05 16:54:59.209   405 21793 D mm-camera-intf: mm_stream_qbuf: VIDIOC_QBUF buf_index 0,stream type 1,frame_idx 12,queued cnt 5
08-05 16:54:59.210   405 21741 D QCamera2HWI: processFaceDetectionResult: metadata msgtype not enabled, no ops here
08-05 16:54:59.210   405 21792 D mm-camera-intf: mm_stream_qbuf: VIDIOC_QBUF buf_index 5,stream type 7,frame_idx 14,queued cnt 8
08-05 16:54:59.228   479 21786 E AEC_PORT: aec_port_save_update:real_gain:1.206194 linecnt:1534 exp_idx:255 cur_luma:1610612736 led_est:1078426705
08-05 16:54:59.228   479 21750 E mm-camera: c2d_thread_handle_process_buf_event:190 input buf index 3
08-05 16:54:59.229   479 21787 E mm-camera-sensor: af_port_send_legacy_status_update: Send AF Status Update! af_state=1
08-05 16:54:59.229   479 21750 E mm-camera: c2d_thread_handle_process_buf_event:207 input vaddr acc91000
08-05 16:54:59.229   479 21787 E mm-camera-sensor: af_port_send_legacy_status_update: Send AF Status update to af port: 4
08-05 16:54:59.233   405 21784 D mm-camera-intf: mm_stream_read_msm_frame: VIDIOC_DQBUF buf_index 6, frame_idx 15, stream type 7, queued cnt 7
08-05 16:54:59.234   405 21741 D QCamera2HWI: processAutoFocusEvent: E
08-05 16:54:59.234   405 21741 D QCamera2HWI: [AF_DBG] processAutoFocusEvent: focusMode=6
08-05 16:54:59.234   405 21792 D mm-camera-intf: mm_stream_qbuf: VIDIOC_QBUF buf_index 6,stream type 7,frame_idx 15,queued cnt 8
08-05 16:54:59.234   405 21741 D QCamera2HWI: processAutoFocusEvent: X
08-05 16:54:59.236   405 21784 D mm-camera-intf: mm_stream_read_msm_frame: VIDIOC_DQBUF buf_index 6, frame_idx 15, stream type 1, queued cnt 4
08-05 16:54:59.240   405 21793 D mm-camera-intf: mm_stream_qbuf: VIDIOC_QBUF buf_index 1,stream type 1,frame_idx 13,queued cnt 5
08-05 16:54:59.256 21236 21236 V CAM_CaptureModule: AF status is state:PASSIVE_SCAN
08-05 16:54:59.257 21236 21236 V CAM_FocusController: Running showPassiveFocusAtCenter()
08-05 16:54:59.257 21236 21236 I CAM_FocusRingView: Computing center via preview size.
08-05 16:54:59.262   479 21786 E AEC_PORT: aec_port_save_update:real_gain:1.206194 linecnt:1534 exp_idx:255 cur_luma:-1073741824 led_est:1078473593
08-05 16:54:59.263   479 21750 E mm-camera: c2d_thread_handle_process_buf_event:190 input buf index 4
08-05 16:54:59.264   479 21750 E mm-camera: c2d_thread_handle_process_buf_event:207 input vaddr acc20000
08-05 16:54:59.265   479 21752 E mm-camera: End of measure Total 2 ms
08-05 16:54:59.266   405 21784 D mm-camera-intf: mm_stream_read_msm_frame: VIDIOC_DQBUF buf_index 7, frame_idx 16, stream type 7, queued cnt 7
08-05 16:54:59.267   405 21792 D mm-camera-intf: mm_stream_qbuf: VIDIOC_QBUF buf_index 7,stream type 7,frame_idx 16,queued cnt 8
08-05 16:54:59.271   405 21784 D mm-camera-intf: mm_stream_read_msm_frame: VIDIOC_DQBUF buf_index 0, frame_idx 16, stream type 1, queued cnt 4
08-05 16:54:59.274   405 21793 D mm-camera-intf: mm_stream_qbuf: VIDIOC_QBUF buf_index 5,stream type 1,frame_idx 14,queued cnt 5
08-05 16:54:59.295   479 21786 E AEC_PORT: aec_port_save_update:real_gain:1.242054 linecnt:1534 exp_idx:256 cur_luma:-1610612736 led_est:1078454196
08-05 16:54:59.295   479 21750 E mm-camera: c2d_thread_handle_process_buf_event:190 input buf index 2
08-05 16:54:59.296   479 21750 E mm-camera: c2d_thread_handle_process_buf_event:207 input vaddr acd02000
08-05 16:54:59.300   479 21752 E mm-camera: End of measure Total 3 ms
08-05 16:54:59.301   405 21784 D mm-camera-intf: mm_stream_read_msm_frame: VIDIOC_DQBUF buf_index 0, frame_idx 17, stream type 7, queued cnt 7
08-05 16:54:59.304   405 21792 D mm-camera-intf: mm_stream_qbuf: VIDIOC_QBUF buf_index 0,stream type 7,frame_idx 17,queued cnt 8
08-05 16:54:59.306   405 21784 D mm-camera-intf: mm_stream_read_msm_frame: VIDIOC_DQBUF buf_index 1, frame_idx 17, stream type 1, queued cnt 4
08-05 16:54:59.310   405 21793 D mm-camera-intf: mm_stream_qbuf: VIDIOC_QBUF buf_index 6,stream type 1,frame_idx 15,queued cnt 5
08-05 16:54:59.328   479 21786 E AEC_PORT: aec_port_save_update:real_gain:1.242054 linecnt:1534 exp_idx:256 cur_luma:536870912 led_est:1078430948
08-05 16:54:59.328   479 21750 E mm-camera: c2d_thread_handle_process_buf_event:190 input buf index 3
08-05 16:54:59.328   479 21750 E mm-camera: c2d_thread_handle_process_buf_event:207 input vaddr acc91000
08-05 16:54:59.331   479 21752 E mm-camera: End of measure Total 3 ms
08-05 16:54:59.338   405 21784 D mm-camera-intf: mm_stream_read_msm_frame: VIDIOC_DQBUF buf_index 5, frame_idx 18, stream type 1, queued cnt 4
08-05 16:54:59.342   405 21793 D mm-camera-intf: mm_stream_qbuf: VIDIOC_QBUF buf_index 0,stream type 1,frame_idx 16,queued cnt 5
08-05 16:54:59.343   405 21784 D mm-camera-intf: mm_stream_read_msm_frame: VIDIOC_DQBUF buf_index 1, frame_idx 18, stream type 7, queued cnt 7
08-05 16:54:59.345   405 21792 D mm-camera-intf: mm_stream_qbuf: VIDIOC_QBUF buf_index 1,stream type 7,frame_idx 18,queued cnt 8
08-05 16:54:59.362   479 21786 E AEC_PORT: aec_port_save_update:real_gain:1.279217 linecnt:1534 exp_idx:257 cur_luma:-1610612736 led_est:1078403735
08-05 16:54:59.362   479 21750 E mm-camera: c2d_thread_handle_process_buf_event:190 input buf index 4
08-05 16:54:59.362   479 21750 E mm-camera: c2d_thread_handle_process_buf_event:207 input vaddr acc20000
08-05 16:54:59.364   479 21752 E mm-camera: End of measure Total 2 ms
08-05 16:54:59.366   405 21784 D mm-camera-intf: mm_stream_read_msm_frame: VIDIOC_DQBUF buf_index 6, frame_idx 19, stream type 1, queued cnt 4
08-05 16:54:59.367   405 21784 D mm-camera-intf: mm_stream_read_msm_frame: VIDIOC_DQBUF buf_index 2, frame_idx 19, stream type 7, queued cnt 7
08-05 16:54:59.368   405 21792 D mm-camera-intf: mm_stream_qbuf: VIDIOC_QBUF buf_index 2,stream type 7,frame_idx 19,queued cnt 8
08-05 16:54:59.370   405 21793 D mm-camera-intf: mm_stream_qbuf: VIDIOC_QBUF buf_index 1,stream type 1,frame_idx 17,queued cnt 5
08-05 16:54:59.392   479 21747 E         : dmlroc_entry  entering dmlroc_entry
08-05 16:54:59.392   479 21750 E mm-camera: c2d_thread_handle_process_buf_event:190 input buf index 2
08-05 16:54:59.393   479 21750 E mm-camera: c2d_thread_handle_process_buf_event:207 input vaddr acd02000
08-05 16:54:59.394   479 21752 E mm-camera: End of measure Total 2 ms
08-05 16:54:59.397   405 21784 D mm-camera-intf: mm_stream_read_msm_frame: VIDIOC_DQBUF buf_index 0, frame_idx 20, stream type 1, queued cnt 4
08-05 16:54:59.401   405 21793 D mm-camera-intf: mm_stream_qbuf: VIDIOC_QBUF buf_index 5,stream type 1,frame_idx 18,queued cnt 5
08-05 16:54:59.404   405 21784 D mm-camera-intf: mm_stream_read_msm_frame: VIDIOC_DQBUF buf_index 3, frame_idx 20, stream type 7, queued cnt 7
08-05 16:54:59.409   405 21792 D mm-camera-intf: mm_stream_qbuf: VIDIOC_QBUF buf_index 3,stream type 7,frame_idx 20,queued cnt 8
08-05 16:54:59.428   479 21750 E mm-camera: c2d_thread_handle_process_buf_event:190 input buf index 3
08-05 16:54:59.428   479 21786 E AEC_PORT: aec_port_save_update:real_gain:1.279217 linecnt:1534 exp_idx:257 cur_luma:-1610612736 led_est:1078456627
08-05 16:54:59.428   479 21750 E mm-camera: c2d_thread_handle_process_buf_event:207 input vaddr acc91000
08-05 16:54:59.430   479 21752 E mm-camera: End of measure Total 2 ms
08-05 16:54:59.433   405 21784 D mm-camera-intf: mm_stream_read_msm_frame: VIDIOC_DQBUF buf_index 4, frame_idx 21, stream type 7, queued cnt 7
08-05 16:54:59.433   405 21784 D mm-camera-intf: mm_stream_read_msm_frame: VIDIOC_DQBUF buf_index 1, frame_idx 21, stream type 1, queued cnt 4
08-05 16:54:59.434   405 21792 D mm-camera-intf: mm_stream_qbuf: VIDIOC_QBUF buf_index 4,stream type 7,frame_idx 21,queued cnt 8
08-05 16:54:59.442   405 21793 D mm-camera-intf: mm_stream_qbuf: VIDIOC_QBUF buf_index 6,stream type 1,frame_idx 19,queued cnt 5
08-05 16:54:59.462   479 21750 E mm-camera: c2d_thread_handle_process_buf_event:190 input buf index 4
08-05 16:54:59.462   479 21786 E AEC_PORT: aec_port_save_update:real_gain:1.279217 linecnt:1534 exp_idx:257 cur_luma:1073741824 led_est:1078528361
08-05 16:54:59.462   479 21750 E mm-camera: c2d_thread_handle_process_buf_event:207 input vaddr acc20000
08-05 16:54:59.464   479 21752 E mm-camera: End of measure Total 2 ms
08-05 16:54:59.466   405 21784 D mm-camera-intf: mm_stream_read_msm_frame: VIDIOC_DQBUF buf_index 5, frame_idx 22, stream type 7, queued cnt 7
08-05 16:54:59.467   405 21792 D mm-camera-intf: mm_stream_qbuf: VIDIOC_QBUF buf_index 5,stream type 7,frame_idx 22,queued cnt 8
08-05 16:54:59.471   405 21784 D mm-camera-intf: mm_stream_read_msm_frame: VIDIOC_DQBUF buf_index 5, frame_idx 22, stream type 1, queued cnt 4
08-05 16:54:59.476   405 21793 D mm-camera-intf: mm_stream_qbuf: VIDIOC_QBUF buf_index 0,stream type 1,frame_idx 20,queued cnt 5
08-05 16:54:59.495   479 21750 E mm-camera: c2d_thread_handle_process_buf_event:190 input buf index 2
08-05 16:54:59.495   479 21786 E AEC_PORT: aec_port_save_update:real_gain:1.279217 linecnt:1534 exp_idx:257 cur_luma:1073741824 led_est:1078555282
08-05 16:54:59.495   479 21750 E mm-camera: c2d_thread_handle_process_buf_event:207 input vaddr acd02000
08-05 16:54:59.497   479 21752 E mm-camera: End of measure Total 2 ms
08-05 16:54:59.502   405 21784 D mm-camera-intf: mm_stream_read_msm_frame: VIDIOC_DQBUF buf_index 6, frame_idx 23, stream type 7, queued cnt 7
08-05 16:54:59.503   405 21792 D mm-camera-intf: mm_stream_qbuf: VIDIOC_QBUF buf_index 6,stream type 7,frame_idx 23,queued cnt 8
08-05 16:54:59.505   405 21784 D mm-camera-intf: mm_stream_read_msm_frame: VIDIOC_DQBUF buf_index 6, frame_idx 23, stream type 1, queued cnt 4
08-05 16:54:59.509   405 21793 D mm-camera-intf: mm_stream_qbuf: VIDIOC_QBUF buf_index 1,stream type 1,frame_idx 21,queued cnt 5
08-05 16:54:59.528   479 21750 E mm-camera: c2d_thread_handle_process_buf_event:190 input buf index 3
08-05 16:54:59.528   479 21786 E AEC_PORT: aec_port_save_update:real_gain:1.279217 linecnt:1534 exp_idx:257 cur_luma:-1073741824 led_est:1078580821
08-05 16:54:59.528   479 21750 E mm-camera: c2d_thread_handle_process_buf_event:207 input vaddr acc91000
08-05 16:54:59.530   479 21752 E mm-camera: End of measure Total 1 ms
08-05 16:54:59.532   405 21784 D mm-camera-intf: mm_stream_read_msm_frame: VIDIOC_DQBUF buf_index 7, frame_idx 24, stream type 7, queued cnt 7
08-05 16:54:59.534   405 21792 D mm-camera-intf: mm_stream_qbuf: VIDIOC_QBUF buf_index 7,stream type 7,frame_idx 24,queued cnt 8
08-05 16:54:59.538   405 21784 D mm-camera-intf: mm_stream_read_msm_frame: VIDIOC_DQBUF buf_index 0, frame_idx 24, stream type 1, queued cnt 4
08-05 16:54:59.541   405 21793 D mm-camera-intf: mm_stream_qbuf: VIDIOC_QBUF buf_index 5,stream type 1,frame_idx 22,queued cnt 5
08-05 16:54:59.561   479 21750 E mm-camera: c2d_thread_handle_process_buf_event:190 input buf index 4
08-05 16:54:59.561   479 21750 E mm-camera: c2d_thread_handle_process_buf_event:207 input vaddr acc20000
08-05 16:54:59.561   479 21786 E AEC_PORT: aec_port_save_update:real_gain:1.242054 linecnt:1534 exp_idx:256 cur_luma:1610612736 led_est:1078601722
08-05 16:54:59.563   479 21752 E mm-camera: End of measure Total 2 ms
08-05 16:54:59.569   405 21784 D mm-camera-intf: mm_stream_read_msm_frame: VIDIOC_DQBUF buf_index 0, frame_idx 25, stream type 7, queued cnt 7
08-05 16:54:59.571   405 21784 D mm-camera-intf: mm_stream_read_msm_frame: VIDIOC_DQBUF buf_index 1, frame_idx 25, stream type 1, queued cnt 4
08-05 16:54:59.574   405 21792 D mm-camera-intf: mm_stream_qbuf: VIDIOC_QBUF buf_index 0,stream type 7,frame_idx 25,queued cnt 8
08-05 16:54:59.576   405 21793 D mm-camera-intf: mm_stream_qbuf: VIDIOC_QBUF buf_index 6,stream type 1,frame_idx 23,queued cnt 5
08-05 16:54:59.594   479 21786 E AEC_PORT: aec_port_save_update:real_gain:1.242054 linecnt:1534 exp_idx:256 cur_luma:-2147483648 led_est:1078605338
08-05 16:54:59.595   479 21750 E mm-camera: c2d_thread_handle_process_buf_event:190 input buf index 2
08-05 16:54:59.595   479 21750 E mm-camera: c2d_thread_handle_process_buf_event:207 input vaddr acd02000
08-05 16:54:59.596   479 21752 E mm-camera: End of measure Total 1 ms
08-05 16:54:59.603   405 21784 D mm-camera-intf: mm_stream_read_msm_frame: VIDIOC_DQBUF buf_index 5, frame_idx 26, stream type 1, queued cnt 4
08-05 16:54:59.605   405 21784 D mm-camera-intf: mm_stream_read_msm_frame: VIDIOC_DQBUF buf_index 1, frame_idx 26, stream type 7, queued cnt 7
08-05 16:54:59.607   405 21792 D mm-camera-intf: mm_stream_qbuf: VIDIOC_QBUF buf_index 1,stream type 7,frame_idx 26,queued cnt 8
08-05 16:54:59.609   405 21793 D mm-camera-intf: mm_stream_qbuf: VIDIOC_QBUF buf_index 0,stream type 1,frame_idx 24,queued cnt 5
08-05 16:54:59.628   479 21786 E AEC_PORT: aec_port_save_update:real_gain:1.242054 linecnt:1534 exp_idx:256 cur_luma:536870912 led_est:1078604899
08-05 16:54:59.628   479 21750 E mm-camera: c2d_thread_handle_process_buf_event:190 input buf index 3
08-05 16:54:59.628   479 21750 E mm-camera: c2d_thread_handle_process_buf_event:207 input vaddr acc91000
08-05 16:54:59.629   479 21752 E mm-camera: End of measure Total 1 ms
08-05 16:54:59.632   405 21784 D mm-camera-intf: mm_stream_read_msm_frame: VIDIOC_DQBUF buf_index 2, frame_idx 27, stream type 7, queued cnt 7
08-05 16:54:59.633   405 21792 D mm-camera-intf: mm_stream_qbuf: VIDIOC_QBUF buf_index 2,stream type 7,frame_idx 27,queued cnt 8
08-05 16:54:59.636   405 21784 D mm-camera-intf: mm_stream_read_msm_frame: VIDIOC_DQBUF buf_index 6, frame_idx 27, stream type 1, queued cnt 4
08-05 16:54:59.642   405 21793 D mm-camera-intf: mm_stream_qbuf: VIDIOC_QBUF buf_index 1,stream type 1,frame_idx 25,queued cnt 5
08-05 16:54:59.661   479 21750 E mm-camera: c2d_thread_handle_process_buf_event:190 input buf index 4
08-05 16:54:59.661   479 21786 E AEC_PORT: aec_port_save_update:real_gain:1.242054 linecnt:1534 exp_idx:256 cur_luma:1073741824 led_est:1078538836
08-05 16:54:59.661   479 21750 E mm-camera: c2d_thread_handle_process_buf_event:207 input vaddr acc20000
08-05 16:54:59.663   479 21752 E mm-camera: End of measure Total 2 ms
08-05 16:54:59.665   405 21784 D mm-camera-intf: mm_stream_read_msm_frame: VIDIOC_DQBUF buf_index 3, frame_idx 28, stream type 7, queued cnt 7
08-05 16:54:59.666   405 21792 D mm-camera-intf: mm_stream_qbuf: VIDIOC_QBUF buf_index 3,stream type 7,frame_idx 28,queued cnt 8
08-05 16:54:59.672   405 21784 D mm-camera-intf: mm_stream_read_msm_frame: VIDIOC_DQBUF buf_index 0, frame_idx 28, stream type 1, queued cnt 4
08-05 16:54:59.678   405 21793 D mm-camera-intf: mm_stream_qbuf: VIDIOC_QBUF buf_index 5,stream type 1,frame_idx 26,queued cnt 5
08-05 16:54:59.694   479 21786 E AEC_PORT: aec_port_save_update:real_gain:1.242054 linecnt:1534 exp_idx:256 cur_luma:-1073741824 led_est:1078526649
08-05 16:54:59.695   479 21750 E mm-camera: c2d_thread_handle_process_buf_event:190 input buf index 2
08-05 16:54:59.695   479 21750 E mm-camera: c2d_thread_handle_process_buf_event:207 input vaddr acd02000
08-05 16:54:59.696   479 21752 E mm-camera: End of measure Total 1 ms
08-05 16:54:59.700   405 21784 D mm-camera-intf: mm_stream_read_msm_frame: VIDIOC_DQBUF buf_index 4, frame_idx 29, stream type 7, queued cnt 7
08-05 16:54:59.700   405 21792 D mm-camera-intf: mm_stream_qbuf: VIDIOC_QBUF buf_index 4,stream type 7,frame_idx 29,queued cnt 8
08-05 16:54:59.703   405 21784 D mm-camera-intf: mm_stream_read_msm_frame: VIDIOC_DQBUF buf_index 1, frame_idx 29, stream type 1, queued cnt 4
08-05 16:54:59.706   405 21793 D mm-camera-intf: mm_stream_qbuf: VIDIOC_QBUF buf_index 6,stream type 1,frame_idx 27,queued cnt 5
08-05 16:54:59.725   479 21747 E         : dmlroc_entry  entering dmlroc_entry
08-05 16:54:59.726   479 21750 E mm-camera: c2d_thread_handle_process_buf_event:190 input buf index 3
08-05 16:54:59.726   479 21750 E mm-camera: c2d_thread_handle_process_buf_event:207 input vaddr acc91000
08-05 16:54:59.727   479 21752 E mm-camera: End of measure Total 1 ms
08-05 16:54:59.729   405 21784 D mm-camera-intf: mm_stream_read_msm_frame: VIDIOC_DQBUF buf_index 5, frame_idx 30, stream type 7, queued cnt 7
08-05 16:54:59.730   405 21792 D mm-camera-intf: mm_stream_qbuf: VIDIOC_QBUF buf_index 5,stream type 7,frame_idx 30,queued cnt 8
08-05 16:54:59.736   405 21784 D mm-camera-intf: mm_stream_read_msm_frame: VIDIOC_DQBUF buf_index 5, frame_idx 30, stream type 1, queued cnt 4
08-05 16:54:59.741   405 21793 D mm-camera-intf: mm_stream_qbuf: VIDIOC_QBUF buf_index 0,stream type 1,frame_idx 28,queued cnt 5
08-05 16:54:59.762   479 21786 E AEC_PORT: aec_port_save_update:real_gain:1.242054 linecnt:1534 exp_idx:256 cur_luma:-1073741824 led_est:1078513171
08-05 16:54:59.762   479 21750 E mm-camera: c2d_thread_handle_process_buf_event:190 input buf index 4
08-05 16:54:59.762   479 21750 E mm-camera: c2d_thread_handle_process_buf_event:207 input vaddr acc20000
08-05 16:54:59.763   479 21752 E mm-camera: End of measure Total 1 ms
08-05 16:54:59.764   405 21784 D mm-camera-intf: mm_stream_read_msm_frame: VIDIOC_DQBUF buf_index 6, frame_idx 31, stream type 7, queued cnt 7
08-05 16:54:59.765   405 21792 D mm-camera-intf: mm_stream_qbuf: VIDIOC_QBUF buf_index 6,stream type 7,frame_idx 31,queued cnt 8
08-05 16:54:59.769   405 21784 D mm-camera-intf: mm_stream_read_msm_frame: VIDIOC_DQBUF buf_index 6, frame_idx 31, stream type 1, queued cnt 4
08-05 16:54:59.775   405 21793 D mm-camera-intf: mm_stream_qbuf: VIDIOC_QBUF buf_index 1,stream type 1,frame_idx 29,queued cnt 5
08-05 16:54:59.794   479 21786 E AEC_PORT: aec_port_save_update:real_gain:1.242054 linecnt:1534 exp_idx:256 cur_luma:-2147483648 led_est:1078507752
08-05 16:54:59.795   479 21750 E mm-camera: c2d_thread_handle_process_buf_event:190 input buf index 2
08-05 16:54:59.795   479 21750 E mm-camera: c2d_thread_handle_process_buf_event:207 input vaddr acd02000
08-05 16:54:59.796   479 21752 E mm-camera: End of measure Total 1 ms
08-05 16:54:59.799   405 21784 D mm-camera-intf: mm_stream_read_msm_frame: VIDIOC_DQBUF buf_index 7, frame_idx 32, stream type 7, queued cnt 7
08-05 16:54:59.800   405 21792 D mm-camera-intf: mm_stream_qbuf: VIDIOC_QBUF buf_index 7,stream type 7,frame_idx 32,queued cnt 8
08-05 16:54:59.805   405 21784 D mm-camera-intf: mm_stream_read_msm_frame: VIDIOC_DQBUF buf_index 0, frame_idx 32, stream type 1, queued cnt 4
08-05 16:54:59.810   405 21793 D mm-camera-intf: mm_stream_qbuf: VIDIOC_QBUF buf_index 5,stream type 1,frame_idx 30,queued cnt 5
08-05 16:54:59.814   479 21787 E mm-camera-CORE: af_util_done: final lens pos 139
08-05 16:54:59.814   479 21787 E mm-camera-sensor: af_port_send_legacy_status_update: Send AF Status Update! af_state=2
08-05 16:54:59.814   479 21787 E mm-camera-sensor: af_port_send_legacy_status_update: Send AF Status update to af port: 5
08-05 16:54:59.828   479 21786 E AEC_PORT: aec_port_save_update:real_gain:1.242054 linecnt:1534 exp_idx:256 cur_luma:-2147483648 led_est:1078523097
08-05 16:54:59.828   479 21750 E mm-camera: c2d_thread_handle_process_buf_event:190 input buf index 3
08-05 16:54:59.828   479 21750 E mm-camera: c2d_thread_handle_process_buf_event:207 input vaddr acc91000
08-05 16:54:59.832   405 21784 D mm-camera-intf: mm_stream_read_msm_frame: VIDIOC_DQBUF buf_index 0, frame_idx 33, stream type 7, queued cnt 7
08-05 16:54:59.832   405 21741 D QCamera2HWI: processFaceDetectionResult: metadata msgtype not enabled, no ops here
08-05 16:54:59.833   405 21741 D QCamera2HWI: processAutoFocusEvent: E
08-05 16:54:59.833   405 21741 D QCamera2HWI: [AF_DBG] processAutoFocusEvent: focusMode=6
08-05 16:54:59.833   405 21792 D mm-camera-intf: mm_stream_qbuf: VIDIOC_QBUF buf_index 0,stream type 7,frame_idx 33,queued cnt 8
08-05 16:54:59.833   405 21741 D QCameraParameters: updateFocusDistances: setting KEY_FOCUS_DISTANCES as 0.089455,0.100000,0.113363
08-05 16:54:59.833   405 21741 D QCamera2HWI: processAutoFocusEvent: X
08-05 16:54:59.835   405 21774 D QCamera2HWI: [KPI Perf] cbNotifyRoutine : PROFILE_SENDING_FOCUS_EVT_TO APP
08-05 16:54:59.837   405 21784 D mm-camera-intf: mm_stream_read_msm_frame: VIDIOC_DQBUF buf_index 1, frame_idx 33, stream type 1, queued cnt 4
08-05 16:54:59.842   405 21793 D mm-camera-intf: mm_stream_qbuf: VIDIOC_QBUF buf_index 6,stream type 1,frame_idx 31,queued cnt 5
08-05 16:54:59.857 21236 21236 V CAM_CaptureModule: AF status is state:PASSIVE_FOCUSED
08-05 16:54:59.861   479 21750 E mm-camera: c2d_thread_handle_process_buf_event:190 input buf index 4
08-05 16:54:59.861   479 21750 E mm-camera: c2d_thread_handle_process_buf_event:207 input vaddr acc20000
08-05 16:54:59.861   479 21786 E AEC_PORT: aec_port_save_update:real_gain:1.242054 linecnt:1534 exp_idx:256 cur_luma:536870912 led_est:1078525020
08-05 16:54:59.866   405 21784 D mm-camera-intf: mm_stream_read_msm_frame: VIDIOC_DQBUF buf_index 1, frame_idx 34, stream type 7, queued cnt 7
08-05 16:54:59.866   405 21792 D mm-camera-intf: mm_stream_qbuf: VIDIOC_QBUF buf_index 1,stream type 7,frame_idx 34,queued cnt 8
08-05 16:54:59.872   405 21784 D mm-camera-intf: mm_stream_read_msm_frame: VIDIOC_DQBUF buf_index 5, frame_idx 34, stream type 1, queued cnt 4
08-05 16:54:59.874   405 21793 D mm-camera-intf: mm_stream_qbuf: VIDIOC_QBUF buf_index 0,stream type 1,frame_idx 32,queued cnt 5
08-05 16:54:59.894   479 21786 E AEC_PORT: aec_port_save_update:real_gain:1.242054 linecnt:1534 exp_idx:256 cur_luma:-2147483648 led_est:1078527967
08-05 16:54:59.895   479 21750 E mm-camera: c2d_thread_handle_process_buf_event:190 input buf index 2
08-05 16:54:59.895   479 21750 E mm-camera: c2d_thread_handle_process_buf_event:207 input vaddr acd02000
08-05 16:54:59.897   405 21784 D mm-camera-intf: mm_stream_read_msm_frame: VIDIOC_DQBUF buf_index 2, frame_idx 35, stream type 7, queued cnt 7
08-05 16:54:59.898   405 21741 D QCamera2HWI: processFaceDetectionResult: metadata msgtype not enabled, no ops here
08-05 16:54:59.898   405 21792 D mm-camera-intf: mm_stream_qbuf: VIDIOC_QBUF buf_index 2,stream type 7,frame_idx 35,queued cnt 8
08-05 16:54:59.903   405 21784 D mm-camera-intf: mm_stream_read_msm_frame: VIDIOC_DQBUF buf_index 6, frame_idx 35, stream type 1, queued cnt 4
08-05 16:54:59.908   405 21793 D mm-camera-intf: mm_stream_qbuf: VIDIOC_QBUF buf_index 1,stream type 1,frame_idx 33,queued cnt 5
08-05 16:54:59.927   479 21750 E mm-camera: c2d_thread_handle_process_buf_event:190 input buf index 3
08-05 16:54:59.927   479 21750 E mm-camera: c2d_thread_handle_process_buf_event:207 input vaddr acc91000
08-05 16:54:59.927   479 21786 E AEC_PORT: aec_port_save_update:real_gain:1.242054 linecnt:1534 exp_idx:256 cur_luma:-2147483648 led_est:1078526920
08-05 16:54:59.930   405 21784 D mm-camera-intf: mm_stream_read_msm_frame: VIDIOC_DQBUF buf_index 3, frame_idx 36, stream type 7, queued cnt 7
08-05 16:54:59.931   405 21792 D mm-camera-intf: mm_stream_qbuf: VIDIOC_QBUF buf_index 3,stream type 7,frame_idx 36,queued cnt 8
08-05 16:54:59.931   405 21784 D mm-camera-intf: mm_stream_read_msm_frame: VIDIOC_DQBUF buf_index 0, frame_idx 36, stream type 1, queued cnt 4
08-05 16:54:59.934   405 21793 D mm-camera-intf: mm_stream_qbuf: VIDIOC_QBUF buf_index 5,stream type 1,frame_idx 34,queued cnt 5
08-05 16:54:59.961   479 21786 E AEC_PORT: aec_port_save_update:real_gain:1.242054 linecnt:1534 exp_idx:256 cur_luma:-536870912 led_est:1078527066
08-05 16:54:59.961   479 21750 E mm-camera: c2d_thread_handle_process_buf_event:190 input buf index 4
08-05 16:54:59.961   479 21750 E mm-camera: c2d_thread_handle_process_buf_event:207 input vaddr acc20000
08-05 16:54:59.966   405 21784 D mm-camera-intf: mm_stream_read_msm_frame: VIDIOC_DQBUF buf_index 4, frame_idx 37, stream type 7, queued cnt 7
08-05 16:54:59.966   405 21741 D QCamera2HWI: processFaceDetectionResult: metadata msgtype not enabled, no ops here
08-05 16:54:59.966   405 21792 D mm-camera-intf: mm_stream_qbuf: VIDIOC_QBUF buf_index 4,stream type 7,frame_idx 37,queued cnt 8
08-05 16:54:59.972   405 21784 D mm-camera-intf: mm_stream_read_msm_frame: VIDIOC_DQBUF buf_index 1, frame_idx 37, stream type 1, queued cnt 4
08-05 16:54:59.976   405 21793 D mm-camera-intf: mm_stream_qbuf: VIDIOC_QBUF buf_index 6,stream type 1,frame_idx 35,queued cnt 5
08-05 16:54:59.994   479 21786 E AEC_PORT: aec_port_save_update:real_gain:1.242054 linecnt:1534 exp_idx:256 cur_luma:1073741824 led_est:1078529830
08-05 16:54:59.994   479 21750 E mm-camera: c2d_thread_handle_process_buf_event:190 input buf index 2
08-05 16:54:59.994   479 21750 E mm-camera: c2d_thread_handle_process_buf_event:207 input vaddr acd02000
08-05 16:54:59.997   405 21784 D mm-camera-intf: mm_stream_read_msm_frame: VIDIOC_DQBUF buf_index 5, frame_idx 38, stream type 7, queued cnt 7
08-05 16:54:59.998   405 21792 D mm-camera-intf: mm_stream_qbuf: VIDIOC_QBUF buf_index 5,stream type 7,frame_idx 38,queued cnt 8
08-05 16:55:00.002  2461  2461 D KeyguardUpdateMonitor: received broadcast android.intent.action.TIME_TICK
08-05 16:55:00.003  2461  2461 D KeyguardUpdateMonitor: handleTimeUpdate
08-05 16:55:00.006   405 21784 D mm-camera-intf: mm_stream_read_msm_frame: VIDIOC_DQBUF buf_index 5, frame_idx 38, stream type 1, queued cnt 4
08-05 16:55:00.012   405 21793 D mm-camera-intf: mm_stream_qbuf: VIDIOC_QBUF buf_index 0,stream type 1,frame_idx 36,queued cnt 5
08-05 16:55:00.026   479 21750 E mm-camera: c2d_thread_handle_process_buf_event:190 input buf index 3
08-05 16:55:00.026   479 21750 E mm-camera: c2d_thread_handle_process_buf_event:207 input vaddr acc91000
08-05 16:55:00.030   479 21786 E AEC_PORT: aec_port_save_update:real_gain:1.242054 linecnt:1534 exp_idx:256 cur_luma:0 led_est:1078534855
08-05 16:55:00.031   405 21784 D mm-camera-intf: mm_stream_read_msm_frame: VIDIOC_DQBUF buf_index 6, frame_idx 39, stream type 1, queued cnt 4
08-05 16:55:00.033   405 21784 D mm-camera-intf: mm_stream_read_msm_frame: VIDIOC_DQBUF buf_index 6, frame_idx 39, stream type 7, queued cnt 7
08-05 16:55:00.034   405 21741 D QCamera2HWI: processFaceDetectionResult: metadata msgtype not enabled, no ops here
08-05 16:55:00.034   405 21792 D mm-camera-intf: mm_stream_qbuf: VIDIOC_QBUF buf_index 6,stream type 7,frame_idx 39,queued cnt 8
08-05 16:55:00.043   418  2601 I LocSvc_ApiV02: <--- globalEventCb line 115 QMI_LOC_EVENT_GNSS_SV_INFO_IND_V02
08-05 16:55:00.045   418  2601 I LocSvc_ApiV02: <--- globalEventCb line 115 QMI_LOC_EVENT_POSITION_REPORT_IND_V02
08-05 16:55:00.045   405 21793 D mm-camera-intf: mm_stream_qbuf: VIDIOC_QBUF buf_index 1,stream type 1,frame_idx 37,queued cnt 5
08-05 16:55:00.059   479 21747 E         : dmlroc_entry  entering dmlroc_entry
08-05 16:55:00.059   479 21750 E mm-camera: c2d_thread_handle_process_buf_event:190 input buf index 4
08-05 16:55:00.059   479 21750 E mm-camera: c2d_thread_handle_process_buf_event:207 input vaddr acc20000
08-05 16:55:00.064   405 21784 D mm-camera-intf: mm_stream_read_msm_frame: VIDIOC_DQBUF buf_index 0, frame_idx 40, stream type 1, queued cnt 4
08-05 16:55:00.065   405 21784 D mm-camera-intf: mm_stream_read_msm_frame: VIDIOC_DQBUF buf_index 7, frame_idx 40, stream type 7, queued cnt 7
08-05 16:55:00.066   405 21792 D mm-camera-intf: mm_stream_qbuf: VIDIOC_QBUF buf_index 7,stream type 7,frame_idx 40,queued cnt 8
08-05 16:55:00.067   405 21793 D mm-camera-intf: mm_stream_qbuf: VIDIOC_QBUF buf_index 5,stream type 1,frame_idx 38,queued cnt 5
08-05 16:55:00.094   479 21750 E mm-camera: c2d_thread_handle_process_buf_event:190 input buf index 2
08-05 16:55:00.094   479 21750 E mm-camera: c2d_thread_handle_process_buf_event:207 input vaddr acd02000
08-05 16:55:00.095   479 21786 E AEC_PORT: aec_port_save_update:real_gain:1.242054 linecnt:1534 exp_idx:256 cur_luma:1073741824 led_est:1078555249
08-05 16:55:00.098   405 21784 D mm-camera-intf: mm_stream_read_msm_frame: VIDIOC_DQBUF buf_index 0, frame_idx 41, stream type 7, queued cnt 7
08-05 16:55:00.098   405 21741 D QCamera2HWI: processFaceDetectionResult: metadata msgtype not enabled, no ops here
08-05 16:55:00.099   405 21792 D mm-camera-intf: mm_stream_qbuf: VIDIOC_QBUF buf_index 0,stream type 7,frame_idx 41,queued cnt 8
08-05 16:55:00.105   405 21784 D mm-camera-intf: mm_stream_read_msm_frame: VIDIOC_DQBUF buf_index 1, frame_idx 41, stream type 1, queued cnt 4
08-05 16:55:00.112   405 21793 D mm-camera-intf: mm_stream_qbuf: VIDIOC_QBUF buf_index 6,stream type 1,frame_idx 39,queued cnt 5
08-05 16:55:00.127   479 21750 E mm-camera: c2d_thread_handle_process_buf_event:190 input buf index 3
08-05 16:55:00.127   479 21786 E AEC_PORT: aec_port_save_update:real_gain:1.242054 linecnt:1534 exp_idx:256 cur_luma:-536870912 led_est:1078558638
08-05 16:55:00.127   479 21750 E mm-camera: c2d_thread_handle_process_buf_event:207 input vaddr acc91000
08-05 16:55:00.131   405 21784 D mm-camera-intf: mm_stream_read_msm_frame: VIDIOC_DQBUF buf_index 5, frame_idx 42, stream type 1, queued cnt 4
08-05 16:55:00.133   405 21784 D mm-camera-intf: mm_stream_read_msm_frame: VIDIOC_DQBUF buf_index 1, frame_idx 42, stream type 7, queued cnt 7
08-05 16:55:00.134   405 21792 D mm-camera-intf: mm_stream_qbuf: VIDIOC_QBUF buf_index 1,stream type 7,frame_idx 42,queued cnt 8
08-05 16:55:00.135   405 21793 D mm-camera-intf: mm_stream_qbuf: VIDIOC_QBUF buf_index 0,stream type 1,frame_idx 40,queued cnt 5
08-05 16:55:00.161   479 21786 E AEC_PORT: aec_port_save_update:real_gain:1.242054 linecnt:1534 exp_idx:256 cur_luma:-1073741824 led_est:1078562677
08-05 16:55:00.161   479 21750 E mm-camera: c2d_thread_handle_process_buf_event:190 input buf index 4
08-05 16:55:00.162   479 21750 E mm-camera: c2d_thread_handle_process_buf_event:207 input vaddr acc20000
08-05 16:55:00.164   405 21784 D mm-camera-intf: mm_stream_read_msm_frame: VIDIOC_DQBUF buf_index 2, frame_idx 43, stream type 7, queued cnt 7
08-05 16:55:00.165   405 21741 D QCamera2HWI: processFaceDetectionResult: metadata msgtype not enabled, no ops here
08-05 16:55:00.165   405 21792 D mm-camera-intf: mm_stream_qbuf: VIDIOC_QBUF buf_index 2,stream type 7,frame_idx 43,queued cnt 8
08-05 16:55:00.172   405 21784 D mm-camera-intf: mm_stream_read_msm_frame: VIDIOC_DQBUF buf_index 6, frame_idx 43, stream type 1, queued cnt 4
08-05 16:55:00.173  3088  3396 E SecUISvc: Error initializing local socket: -1
08-05 16:55:00.176   281   281 W /system/bin/hwservicemanager: getTransport: Cannot find entry vendor.qti.hardware.tui_comm@1.0::ITuiComm/default in either framework or device manifest.
08-05 16:55:00.181   405 21793 D mm-camera-intf: mm_stream_qbuf: VIDIOC_QBUF buf_index 1,stream type 1,frame_idx 41,queued cnt 5
08-05 16:55:00.194   479 21786 E AEC_PORT: aec_port_save_update:real_gain:1.242054 linecnt:1534 exp_idx:256 cur_luma:0 led_est:1078562051
08-05 16:55:00.194   479 21750 E mm-camera: c2d_thread_handle_process_buf_event:190 input buf index 2
08-05 16:55:00.194   479 21750 E mm-camera: c2d_thread_handle_process_buf_event:207 input vaddr acd02000
08-05 16:55:00.198   405 21784 D mm-camera-intf: mm_stream_read_msm_frame: VIDIOC_DQBUF buf_index 0, frame_idx 44, stream type 1, queued cnt 4
08-05 16:55:00.200   405 21784 D mm-camera-intf: mm_stream_read_msm_frame: VIDIOC_DQBUF buf_index 3, frame_idx 44, stream type 7, queued cnt 7
08-05 16:55:00.201   405 21792 D mm-camera-intf: mm_stream_qbuf: VIDIOC_QBUF buf_index 3,stream type 7,frame_idx 44,queued cnt 8
08-05 16:55:00.202   405 21793 D mm-camera-intf: mm_stream_qbuf: VIDIOC_QBUF buf_index 5,stream type 1,frame_idx 42,queued cnt 5
08-05 16:55:00.227   479 21786 E AEC_PORT: aec_port_save_update:real_gain:1.242054 linecnt:1534 exp_idx:256 cur_luma:1610612736 led_est:1078551536
08-05 16:55:00.227   479 21750 E mm-camera: c2d_thread_handle_process_buf_event:190 input buf index 3
08-05 16:55:00.227   479 21750 E mm-camera: c2d_thread_handle_process_buf_event:207 input vaddr acc91000
08-05 16:55:00.231   405 21784 D mm-camera-intf: mm_stream_read_msm_frame: VIDIOC_DQBUF buf_index 4, frame_idx 45, stream type 7, queued cnt 7
08-05 16:55:00.232   405 21792 D mm-camera-intf: mm_stream_qbuf: VIDIOC_QBUF buf_index 4,stream type 7,frame_idx 45,queued cnt 8
08-05 16:55:00.232   405 21741 D QCamera2HWI: processFaceDetectionResult: metadata msgtype not enabled, no ops here
08-05 16:55:00.239   405 21784 D mm-camera-intf: mm_stream_read_msm_frame: VIDIOC_DQBUF buf_index 1, frame_idx 45, stream type 1, queued cnt 4
08-05 16:55:00.242   405 21793 D mm-camera-intf: mm_stream_qbuf: VIDIOC_QBUF buf_index 6,stream type 1,frame_idx 43,queued cnt 5
08-05 16:55:00.261   479 21750 E mm-camera: c2d_thread_handle_process_buf_event:190 input buf index 4
08-05 16:55:00.261   479 21750 E mm-camera: c2d_thread_handle_process_buf_event:207 input vaddr acc20000
08-05 16:55:00.261   479 21786 E AEC_PORT: aec_port_save_update:real_gain:1.242054 linecnt:1534 exp_idx:256 cur_luma:-2147483648 led_est:1078531440
08-05 16:55:00.264   405 21784 D mm-camera-intf: mm_stream_read_msm_frame: VIDIOC_DQBUF buf_index 5, frame_idx 46, stream type 7, queued cnt 7
08-05 16:55:00.265   405 21792 D mm-camera-intf: mm_stream_qbuf: VIDIOC_QBUF buf_index 5,stream type 7,frame_idx 46,queued cnt 8
08-05 16:55:00.266   416   416 D audio_hw_primary: out_standby: enter: stream (0xa7c6a000) usecase(1: low-latency-playback)
08-05 16:55:00.270   405 21784 D mm-camera-intf: mm_stream_read_msm_frame: VIDIOC_DQBUF buf_index 5, frame_idx 46, stream type 1, queued cnt 4
08-05 16:55:00.274   405 21793 D mm-camera-intf: mm_stream_qbuf: VIDIOC_QBUF buf_index 0,stream type 1,frame_idx 44,queued cnt 5
08-05 16:55:00.295   479 21786 E AEC_PORT: aec_port_save_update:real_gain:1.242054 linecnt:1534 exp_idx:256 cur_luma:-536870912 led_est:1078511804
08-05 16:55:00.295   479 21750 E mm-camera: c2d_thread_handle_process_buf_event:190 input buf index 2
08-05 16:55:00.295   479 21750 E mm-camera: c2d_thread_handle_process_buf_event:207 input vaddr acd02000
08-05 16:55:00.299   405 21784 D mm-camera-intf: mm_stream_read_msm_frame: VIDIOC_DQBUF buf_index 6, frame_idx 47, stream type 1, queued cnt 4
08-05 16:55:00.300   405 21784 D mm-camera-intf: mm_stream_read_msm_frame: VIDIOC_DQBUF buf_index 6, frame_idx 47, stream type 7, queued cnt 7
08-05 16:55:00.300   405 21741 D QCamera2HWI: processFaceDetectionResult: metadata msgtype not enabled, no ops here
08-05 16:55:00.301   405 21792 D mm-camera-intf: mm_stream_qbuf: VIDIOC_QBUF buf_index 6,stream type 7,frame_idx 47,queued cnt 8
08-05 16:55:00.308   405 21793 D mm-camera-intf: mm_stream_qbuf: VIDIOC_QBUF buf_index 1,stream type 1,frame_idx 45,queued cnt 5
08-05 16:55:00.327   479 21750 E mm-camera: c2d_thread_handle_process_buf_event:190 input buf index 3
08-05 16:55:00.327   479 21750 E mm-camera: c2d_thread_handle_process_buf_event:207 input vaddr acc91000
08-05 16:55:00.327   479 21786 E AEC_PORT: aec_port_save_update:real_gain:1.242054 linecnt:1534 exp_idx:256 cur_luma:-2147483648 led_est:1078502391
08-05 16:55:00.329   405 21784 D mm-camera-intf: mm_stream_read_msm_frame: VIDIOC_DQBUF buf_index 7, frame_idx 48, stream type 7, queued cnt 7
08-05 16:55:00.330   405 21792 D mm-camera-intf: mm_stream_qbuf: VIDIOC_QBUF buf_index 7,stream type 7,frame_idx 48,queued cnt 8
08-05 16:55:00.337   405 21784 D mm-camera-intf: mm_stream_read_msm_frame: VIDIOC_DQBUF buf_index 0, frame_idx 48, stream type 1, queued cnt 4
08-05 16:55:00.342   405 21793 D mm-camera-intf: mm_stream_qbuf: VIDIOC_QBUF buf_index 5,stream type 1,frame_idx 46,queued cnt 5
08-05 16:55:00.360   479 21786 E AEC_PORT: aec_port_save_update:real_gain:1.242054 linecnt:1534 exp_idx:256 cur_luma:-1073741824 led_est:1078506964
08-05 16:55:00.361   479 21750 E mm-camera: c2d_thread_handle_process_buf_event:190 input buf index 4
08-05 16:55:00.361   479 21750 E mm-camera: c2d_thread_handle_process_buf_event:207 input vaddr acc20000
08-05 16:55:00.365   405 21784 D mm-camera-intf: mm_stream_read_msm_frame: VIDIOC_DQBUF buf_index 0, frame_idx 49, stream type 7, queued cnt 7
08-05 16:55:00.366   405 21741 D QCamera2HWI: processFaceDetectionResult: metadata msgtype not enabled, no ops here
08-05 16:55:00.366   405 21792 D mm-camera-intf: mm_stream_qbuf: VIDIOC_QBUF buf_index 0,stream type 7,frame_idx 49,queued cnt 8
08-05 16:55:00.371   405 21784 D mm-camera-intf: mm_stream_read_msm_frame: VIDIOC_DQBUF buf_index 1, frame_idx 49, stream type 1, queued cnt 4
08-05 16:55:00.375   405 21793 D mm-camera-intf: mm_stream_qbuf: VIDIOC_QBUF buf_index 6,stream type 1,frame_idx 47,queued cnt 5
08-05 16:55:00.382   416   416 D audio_hw_primary: disable_audio_route: reset and update mixer path: low-latency-playback
08-05 16:55:00.384   416   416 D soundtrigger: audio_extn_sound_trigger_update_stream_status: uc_id 1 of type 0 for Event 2, with Raise=0
08-05 16:55:00.384   416   416 D hardware_info: hw_info_append_hw_type : device_name = speaker
08-05 16:55:00.384   416   416 D audio_hw_primary: disable_snd_device: snd_device(2: speaker)
08-05 16:55:00.384   416   416 D msm8916_platform: platform_split_snd_device: snd_device(2) num devices(0) new_snd_devices(0)
08-05 16:55:00.389   416   416 I soundtrigger: audio_extn_sound_trigger_update_device_status: device 0x2 of type 0 for Event 0, with Raise=0
08-05 16:55:00.389   416   416 D audio_hw_primary: out_standby: exit
08-05 16:55:00.392   479 21747 E         : dmlroc_entry  entering dmlroc_entry
08-05 16:55:00.393   479 21750 E mm-camera: c2d_thread_handle_process_buf_event:190 input buf index 2
08-05 16:55:00.393   479 21750 E mm-camera: c2d_thread_handle_process_buf_event:207 input vaddr acd02000
08-05 16:55:00.397   405 21784 D mm-camera-intf: mm_stream_read_msm_frame: VIDIOC_DQBUF buf_index 1, frame_idx 50, stream type 7, queued cnt 7
08-05 16:55:00.397   405 21784 D mm-camera-intf: mm_stream_read_msm_frame: VIDIOC_DQBUF buf_index 5, frame_idx 50, stream type 1, queued cnt 4
08-05 16:55:00.398   405 21792 D mm-camera-intf: mm_stream_qbuf: VIDIOC_QBUF buf_index 1,stream type 7,frame_idx 50,queued cnt 8
08-05 16:55:00.400   405 21793 D mm-camera-intf: mm_stream_qbuf: VIDIOC_QBUF buf_index 0,stream type 1,frame_idx 48,queued cnt 5
08-05 16:55:00.427   479 21786 E AEC_PORT: aec_port_save_update:real_gain:1.242054 linecnt:1534 exp_idx:256 cur_luma:-536870912 led_est:1078516583
08-05 16:55:00.427   479 21750 E mm-camera: c2d_thread_handle_process_buf_event:190 input buf index 3
08-05 16:55:00.427   479 21750 E mm-camera: c2d_thread_handle_process_buf_event:207 input vaddr acc91000
08-05 16:55:00.430   405 21784 D mm-camera-intf: mm_stream_read_msm_frame: VIDIOC_DQBUF buf_index 2, frame_idx 51, stream type 7, queued cnt 7
08-05 16:55:00.431   405 21741 D QCamera2HWI: processFaceDetectionResult: metadata msgtype not enabled, no ops here
08-05 16:55:00.432   405 21792 D mm-camera-intf: mm_stream_qbuf: VIDIOC_QBUF buf_index 2,stream type 7,frame_idx 51,queued cnt 8
08-05 16:55:00.438   405 21784 D mm-camera-intf: mm_stream_read_msm_frame: VIDIOC_DQBUF buf_index 6, frame_idx 51, stream type 1, queued cnt 4
08-05 16:55:00.442   405 21793 D mm-camera-intf: mm_stream_qbuf: VIDIOC_QBUF buf_index 1,stream type 1,frame_idx 49,queued cnt 5
08-05 16:55:00.460   479 21750 E mm-camera: c2d_thread_handle_process_buf_event:190 input buf index 4
08-05 16:55:00.460   479 21750 E mm-camera: c2d_thread_handle_process_buf_event:207 input vaddr acc20000
08-05 16:55:00.460   479 21786 E AEC_PORT: aec_port_save_update:real_gain:1.242054 linecnt:1534 exp_idx:256 cur_luma:1610612736 led_est:1078514596
08-05 16:55:00.464   405 21784 D mm-camera-intf: mm_stream_read_msm_frame: VIDIOC_DQBUF buf_index 3, frame_idx 52, stream type 7, queued cnt 7
08-05 16:55:00.464   405 21792 D mm-camera-intf: mm_stream_qbuf: VIDIOC_QBUF buf_index 3,stream type 7,frame_idx 52,queued cnt 8
08-05 16:55:00.464   405 21784 D mm-camera-intf: mm_stream_read_msm_frame: VIDIOC_DQBUF buf_index 0, frame_idx 52, stream type 1, queued cnt 4
08-05 16:55:00.467   405 21793 D mm-camera-intf: mm_stream_qbuf: VIDIOC_QBUF buf_index 5,stream type 1,frame_idx 50,queued cnt 5
08-05 16:55:00.494   479 21786 E AEC_PORT: aec_port_save_update:real_gain:1.242054 linecnt:1534 exp_idx:256 cur_luma:0 led_est:1078502621
08-05 16:55:00.494   479 21750 E mm-camera: c2d_thread_handle_process_buf_event:190 input buf index 2
08-05 16:55:00.494   479 21750 E mm-camera: c2d_thread_handle_process_buf_event:207 input vaddr acd02000
08-05 16:55:00.499   405 21784 D mm-camera-intf: mm_stream_read_msm_frame: VIDIOC_DQBUF buf_index 4, frame_idx 53, stream type 7, queued cnt 7
08-05 16:55:00.499   405 21741 D QCamera2HWI: processFaceDetectionResult: metadata msgtype not enabled, no ops here
08-05 16:55:00.500   405 21792 D mm-camera-intf: mm_stream_qbuf: VIDIOC_QBUF buf_index 4,stream type 7,frame_idx 53,queued cnt 8
08-05 16:55:00.504   405 21784 D mm-camera-intf: mm_stream_read_msm_frame: VIDIOC_DQBUF buf_index 1, frame_idx 53, stream type 1, queued cnt 4
08-05 16:55:00.508   405 21793 D mm-camera-intf: mm_stream_qbuf: VIDIOC_QBUF buf_index 6,stream type 1,frame_idx 51,queued cnt 5
08-05 16:55:00.527   479 21750 E mm-camera: c2d_thread_handle_process_buf_event:190 input buf index 3
08-05 16:55:00.527   479 21786 E AEC_PORT: aec_port_save_update:real_gain:1.242054 linecnt:1534 exp_idx:256 cur_luma:1610612736 led_est:1078489835
08-05 16:55:00.527   479 21750 E mm-camera: c2d_thread_handle_process_buf_event:207 input vaddr acc91000
08-05 16:55:00.530   405 21784 D mm-camera-intf: mm_stream_read_msm_frame: VIDIOC_DQBUF buf_index 5, frame_idx 54, stream type 7, queued cnt 7
08-05 16:55:00.531   405 21792 D mm-camera-intf: mm_stream_qbuf: VIDIOC_QBUF buf_index 5,stream type 7,frame_idx 54,queued cnt 8
08-05 16:55:00.531   405 21784 D mm-camera-intf: mm_stream_read_msm_frame: VIDIOC_DQBUF buf_index 5, frame_idx 54, stream type 1, queued cnt 4
08-05 16:55:00.534   405 21793 D mm-camera-intf: mm_stream_qbuf: VIDIOC_QBUF buf_index 0,stream type 1,frame_idx 52,queued cnt 5
