01-06 06:49:01.049   680   680 D VM_BMS  : rbatt_mohm_default=136, rbatt_mohm=131, sf=97 batt_temp=290
01-06 06:49:01.049   680   680 D VM_BMS  : For ocv=3780415 batt_temp=290 soc=44
01-06 06:49:01.049   680   680 D VM_BMS  : FIFO=3 fifo_avg=3.817520 rbatt=0.181000 slope=0.160000 ibatt=-0.205109 ocv=3.780415 soc=44 fcc_ah=2.030000 sample_count=128 sample_interval=70 seq_num=43
01-06 06:49:01.049   680   680 D VM_BMS  : For soc=44 batt_temp=290 slope=1600
01-06 06:49:01.049   680   680 D VM_BMS  : For soc=44 batt_temp=290 rbatt_sf=97
01-06 06:49:01.049   680   680 D VM_BMS  : rbatt_mohm_default=136, rbatt_mohm=131, sf=97 batt_temp=290
01-06 06:49:01.049   680   680 D VM_BMS  : For ocv=3780464 batt_temp=290 soc=44
01-06 06:49:01.049   680   680 D VM_BMS  : FIFO=4 fifo_avg=3.825757 rbatt=0.181000 slope=0.160000 ibatt=-0.250372 ocv=3.780464 soc=44 fcc_ah=2.030000 sample_count=128 sample_interval=70 seq_num=43
01-06 06:49:01.049   680   680 I VM_BMS  : power_supply_update: ocv_uv=3780464 ibatt=-250372 soc=44 seq_num=43
01-06 06:49:01.049   680   680 D VM_BMS  : End process_bms_data
01-06 06:49:01.049   680   680 D VM_BMS  : wake_lock released
01-06 06:49:01.529   485   485 I Gecko   : [BrowserElement] event type: keydown, key: Enter, target: [object HTMLIFrameElement], src: app://settings.gaiamobile.org/index.html, id: browser14, class: browser
01-06 06:49:01.529  7155  7155 I FocusManager: << focus() called >>
01-06 06:49:01.529  7155  7155 I FocusManager:    trying to set focus on, tag: LI, id: , class: focus
01-06 06:49:01.529  7155  7155 I FocusManager: Warning: element is already focused.
01-06 06:49:01.529  7155  7155 I Gecko   : [BrowserElement] event type: keydown, key: Enter, target: [object HTMLLIElement], class: focus
01-06 06:49:01.709   485   485 I Gecko   : [BrowserElement] event type: keyup, key: Enter, target: [object HTMLIFrameElement], src: app://settings.gaiamobile.org/index.html, id: browser14, class: browser
01-06 06:49:01.809  7155  7155 I Gecko   : [BrowserElement] event type: keyup, key: Enter, target: [object HTMLLIElement], class: focus
01-06 06:49:01.809  7155  7155 I FocusManager: << focus() called >>
01-06 06:49:01.809  7155  7155 I FocusManager:    trying to set focus on, tag: FORM, id: softkeyPanel, class: skbar none-paddings visible focused
01-06 06:49:01.809  7155  7155 I FocusManager: Warning: element is not focusable.
01-06 06:49:02.229  7155  7155 I Settings: Content JS LOG: ***open new page operation, previous panel --> #root 
01-06 06:49:02.229  7155  7155 I Settings:     at _findNaviId (app://settings.gaiamobile.org/js/navigation_map.js:440:9)
01-06 06:49:02.229  7155  7155 I Settings: Content JS LOG: ***previous panel focus navi id --> 173 
01-06 06:49:02.229  7155  7155 I Settings:     at _findNaviId (app://settings.gaiamobile.org/js/navigation_map.js:452:9)
01-06 06:49:02.239  7155  7155 I FocusManager: << focus() called >>
01-06 06:49:02.239  7155  7155 I FocusManager:    trying to set focus on, tag: LI, id: , class: none-select focus
01-06 06:49:02.309  7155  7155 I FocusManager:    current focused element, tag: LI, id: , class: 
01-06 06:49:02.309  7155  7155 I FocusManager: <- blur on, tag: LI, id: , class: 
01-06 06:49:02.309  7155  7155 I FocusManager: -> focus is now on, tag: LI, id: , class: none-select focus
01-06 06:49:02.319  7155  7155 I Settings: Content JS LOG: NavigationMap update 
01-06 06:49:02.319  7155  7155 I Settings:     at _update (app://settings.gaiamobile.org/js/navigation_map.js:401:7)
01-06 06:49:02.929  2525  2525 E sdcard  : missing packages.list; retrying
01-06 06:49:03.469   485   485 I Gecko   : [BrowserElement] event type: keydown, key: ArrowLeft, target: [object HTMLIFrameElement], src: app://settings.gaiamobile.org/index.html, id: browser14, class: browser
01-06 06:49:03.479  7155  7155 I Gecko   : [BrowserElement] event type: keydown, key: ArrowLeft, target: [object HTMLLIElement], class: none-select focus
01-06 06:49:03.679   485   485 I Gecko   : [BrowserElement] event type: keyup, key: ArrowLeft, target: [object HTMLIFrameElement], src: app://settings.gaiamobile.org/index.html, id: browser14, class: browser
01-06 06:49:03.679  7155  7155 I Gecko   : [BrowserElement] event type: keyup, key: ArrowLeft, target: [object HTMLLIElement], class: none-select focus
01-06 06:49:04.299   475   658 D ThermalEngine: sensor_wait: xo_therm Wait done.
01-06 06:49:04.299   475   660 D ThermalEngine: sensor_wait: case_therm Wait done.
01-06 06:49:04.299   475   658 D ThermalEngine: sensor_monitor: xo_therm Reading 37000 .
01-06 06:49:04.299   475   658 I ThermalEngine: Sensor:xo_therm:37000 mC
01-06 06:49:04.299   475   658 D ThermalEngine: update_active_thresh: xo_therm Active(1), Hi(1) 39000, Lo(0) -2147483648, Interval(1) 5000
01-06 06:49:04.299   475   658 D ThermalEngine: sensor_monitor: xo_therm Sensor wait.
01-06 06:49:04.299   475   658 D ThermalEngine: sensor_wait: xo_therm Wait start. 5000ms
01-06 06:49:04.299   475   660 D ThermalEngine: sensor_monitor: case_therm Reading 30000 .
01-06 06:49:04.299   475   660 I ThermalEngine: Sensor:case_therm:30000 mC
01-06 06:49:04.299   475   660 D ThermalEngine: update_active_thresh: case_therm Active(1), Hi(1) 42000, Lo(0) -2147483648, Interval(1) 5000
01-06 06:49:04.299   475   660 D ThermalEngine: sensor_monitor: case_therm Sensor wait.
01-06 06:49:04.299   475   660 D ThermalEngine: sensor_wait: case_therm Wait start. 5000ms
01-06 06:49:04.919   485   485 I Gecko   : [BrowserElement] event type: keydown, key: Backspace, target: [object HTMLIFrameElement], src: app://settings.gaiamobile.org/index.html, id: browser14, class: browser
01-06 06:49:04.929  7155  7155 I Gecko   : [BrowserElement] event type: keydown, key: Backspace, target: [object HTMLLIElement], class: none-select focus
01-06 06:49:05.119   485   485 E GeckoConsole: Content JS ERROR: Unexpected hardware key:  backspace-button-release 
01-06 06:49:05.119   485   485 E GeckoConsole:     at HardwareButtonsBaseState.prototype.process (app://system.gaiamobile.org/js/hardware_buttons.js:14:1)
01-06 06:49:05.119   485   485 E GeckoConsole:     at hb_handleEvent (app://system.gaiamobile.org/js/hardware_buttons.js:9:1)
01-06 06:49:05.129   485   485 I Gecko   : [BrowserElement] event type: keyup, key: Backspace, target: [object HTMLIFrameElement], src: app://settings.gaiamobile.org/index.html, id: browser14, class: browser
01-06 06:49:05.139  7155  7155 I Gecko   : [BrowserElement] event type: keyup, key: Backspace, target: [object HTMLLIElement], class: none-select focus
01-06 06:49:05.139   485   485 E GeckoConsole: Content JS ERROR: Unexpected hardware key:  backspace-button-release 
01-06 06:49:05.139   485   485 E GeckoConsole:     at HardwareButtonsBaseState.prototype.process (app://system.gaiamobile.org/js/hardware_buttons.js:14:1)
01-06 06:49:05.139   485   485 E GeckoConsole:     at hb_handleEvent (app://system.gaiamobile.org/js/hardware_buttons.js:9:1)
01-06 06:49:05.469  7155  7155 I Settings: Content JS LOG: ***back to previous page*** 
01-06 06:49:05.469  7155  7155 I Settings:     at _findNaviId (app://settings.gaiamobile.org/js/navigation_map.js:431:13)
01-06 06:49:05.469  7155  7155 I FocusManager: << focus() called >>
01-06 06:49:05.469  7155  7155 I FocusManager:    trying to set focus on, tag: LI, id: , class: focus
01-06 06:49:05.489  7155  7155 I FocusManager:    current focused element, tag: LI, id: , class: none-select
01-06 06:49:05.489  7155  7155 I FocusManager: <- blur on, tag: LI, id: , class: none-select
01-06 06:49:05.489  7155  7155 I FocusManager: -> focus is now on, tag: LI, id: , class: focus
01-06 06:49:05.509  7155  7155 I Settings: Content JS LOG: NavigationMap update 
01-06 06:49:05.509  7155  7155 I Settings:     at _update (app://settings.gaiamobile.org/js/navigation_map.js:401:7)
01-06 06:49:05.539  7155  7155 I FocusManager: << focus() called >>
01-06 06:49:05.539  7155  7155 I FocusManager:    trying to set focus on, tag: LI, id: , class: focus
01-06 06:49:05.539  7155  7155 I FocusManager: Warning: element is already focused.
01-06 06:49:05.609   485   485 I Gecko   : XXX FIXME : Dispatch a mozFxAccountsChromeEvent: undefined
01-06 06:49:05.799  7155  7155 I FocusManager: << focus() called >>
01-06 06:49:05.799  7155  7155 I FocusManager:    trying to set focus on, tag: FORM, id: softkeyPanel, class: skbar none-paddings visible focused
01-06 06:49:05.819  7155  7155 I FocusManager: Warning: element is not focusable.
01-06 06:49:05.929  2525  2525 E sdcard  : missing packages.list; retrying
01-06 06:49:08.939  2525  2525 E sdcard  : missing packages.list; retrying
01-06 06:49:08.969   485   485 I Gecko   : [BrowserElement] event type: keydown, key: Backspace, target: [object HTMLIFrameElement], src: app://settings.gaiamobile.org/index.html, id: browser14, class: browser
01-06 06:49:08.989  7155  7155 I Settings: Content JS LOG: Softkeys engine: close group menu 
01-06 06:49:08.989  7155  7155 I Settings:     at closeMenu (app://settings.gaiamobile.org/shared/js/softkey_panel.js:31:22)
01-06 06:49:08.989  7155  7155 I Gecko   : [BrowserElement] event type: keydown, key: Backspace, target: [object HTMLLIElement], class: focus
01-06 06:49:09.169   485   485 I Gecko   : [BrowserElement] event type: keyup, key: Backspace, target: [object HTMLIFrameElement], src: app://settings.gaiamobile.org/index.html, id: browser14, class: browser
01-06 06:49:09.179  7155  7155 I Gecko   : [BrowserElement] event type: keyup, key: Backspace, target: [object HTMLLIElement], class: focus
01-06 06:49:09.209   485   485 E GeckoConsole: Content JS ERROR: Unexpected hardware key:  backspace-button-release 
01-06 06:49:09.209   485   485 E GeckoConsole:     at HardwareButtonsBaseState.prototype.process (app://system.gaiamobile.org/js/hardware_buttons.js:14:1)
01-06 06:49:09.209   485   485 E GeckoConsole:     at hb_handleEvent (app://system.gaiamobile.org/js/hardware_buttons.js:9:1)
01-06 06:49:09.299   475   658 D ThermalEngine: sensor_wait: xo_therm Wait done.
01-06 06:49:09.299   475   660 D ThermalEngine: sensor_wait: case_therm Wait done.
01-06 06:49:09.299   475   658 D ThermalEngine: sensor_monitor: xo_therm Reading 37000 .
01-06 06:49:09.299   475   658 I ThermalEngine: Sensor:xo_therm:37000 mC
01-06 06:49:09.299   475   658 D ThermalEngine: update_active_thresh: xo_therm Active(1), Hi(1) 39000, Lo(0) -2147483648, Interval(1) 5000
01-06 06:49:09.299   475   658 D ThermalEngine: sensor_monitor: xo_therm Sensor wait.
01-06 06:49:09.299   475   658 D ThermalEngine: sensor_wait: xo_therm Wait start. 5000ms
01-06 06:49:09.299   475   660 D ThermalEngine: sensor_monitor: case_therm Reading 30000 .
01-06 06:49:09.299   475   660 I ThermalEngine: Sensor:case_therm:30000 mC
01-06 06:49:09.299   475   660 D ThermalEngine: update_active_thresh: case_therm Active(1), Hi(1) 42000, Lo(0) -2147483648, Interval(1) 5000
01-06 06:49:09.309   475   660 D ThermalEngine: sensor_monitor: case_therm Sensor wait.
01-06 06:49:09.309   475   660 D ThermalEngine: sensor_wait: case_therm Wait start. 5000ms
01-06 06:49:09.759  7155  7155 I Settings: Content JS LOG: Softkeys engine: close group menu 
01-06 06:49:09.759  7155  7155 I Settings:     at closeMenu (app://settings.gaiamobile.org/shared/js/softkey_panel.js:31:22)
01-06 06:49:09.759  7155  7155 I FocusManager: <- blur on, NULL, tag: , id: , class: 
01-06 06:49:09.759   485   485 I Gecko   : XXX FIXME : Dispatch a mozChromeEvent: default-volume-channel-changed
01-06 06:49:09.769  7155  7155 I GeckoDump: fota_settings:uninit
01-06 06:49:09.769  7155  7155 I GeckoDump: fota_settings:setting start to send command to system
01-06 06:49:09.769  7155  7155 I GeckoDump: fota_settings:send to system category:common action:exit
01-06 06:49:09.809   485   485 I FocusManager: << focus() called >>
01-06 06:49:09.809   485   485 I FocusManager:    trying to set focus on, tag: IFRAME, id: browser0, class: browser
01-06 06:49:09.819   485   485 I FocusManager:    current focused element, NULL, tag: , id: , class: 
01-06 06:49:09.819   485   485 I FocusManager: <- blur on, NULL, tag: , id: , class: 
01-06 06:49:09.819   485   485 I FocusManager: -> focus is now on, tag: IFRAME, id: browser0, class: browser
01-06 06:49:09.829  7155  7155 I Gecko   : -*- SettingsManager: Received: inner-window-destroyed for valid innerWindowID=36507222019, cleanup.
01-06 06:49:09.829  4661  4661 I FocusManager: * WindowRaised *
01-06 06:49:09.829  4661  4661 I FocusManager: -> focus is now on, tag: DIV, id: , class: app focusable
01-06 06:49:09.849  7155  7155 I Gecko   : -*- SettingsManager: Received: inner-window-destroyed for valid innerWindowID=36507222019, cleanup.
01-06 06:49:11.939  2525  2525 E sdcard  : missing packages.list; retrying
01-06 06:49:14.309   475   658 D ThermalEngine: sensor_wait: xo_therm Wait done.
01-06 06:49:14.309   475   660 D ThermalEngine: sensor_wait: case_therm Wait done.
01-06 06:49:14.309   475   658 D ThermalEngine: sensor_monitor: xo_therm Reading 37000 .
01-06 06:49:14.309   475   658 I ThermalEngine: Sensor:xo_therm:37000 mC
01-06 06:49:14.309   475   658 D ThermalEngine: update_active_thresh: xo_therm Active(1), Hi(1) 39000, Lo(0) -2147483648, Interval(1) 5000
01-06 06:49:14.309   475   658 D ThermalEngine: sensor_monitor: xo_therm Sensor wait.
01-06 06:49:14.309   475   658 D ThermalEngine: sensor_wait: xo_therm Wait start. 5000ms
01-06 06:49:14.309   475   660 D ThermalEngine: sensor_monitor: case_therm Reading 30000 .
01-06 06:49:14.309   475   660 I ThermalEngine: Sensor:case_therm:30000 mC
01-06 06:49:14.309   475   660 D ThermalEngine: update_active_thresh: case_therm Active(1), Hi(1) 42000, Lo(0) -2147483648, Interval(1) 5000
01-06 06:49:14.309   475   660 D ThermalEngine: sensor_monitor: case_therm Sensor wait.
01-06 06:49:14.309   475   660 D ThermalEngine: sensor_wait: case_therm Wait start. 5000ms
01-06 06:49:14.939  2525  2525 E sdcard  : missing packages.list; retrying
01-06 06:49:17.939  2525  2525 E sdcard  : missing packages.list; retrying
01-06 06:49:19.309   475   658 D ThermalEngine: sensor_wait: xo_therm Wait done.
01-06 06:49:19.309   475   660 D ThermalEngine: sensor_wait: case_therm Wait done.
01-06 06:49:19.309   475   658 D ThermalEngine: sensor_monitor: xo_therm Reading 37000 .
01-06 06:49:19.309   475   658 I ThermalEngine: Sensor:xo_therm:37000 mC
01-06 06:49:19.309   475   658 D ThermalEngine: update_active_thresh: xo_therm Active(1), Hi(1) 39000, Lo(0) -2147483648, Interval(1) 5000
01-06 06:49:19.309   475   658 D ThermalEngine: sensor_monitor: xo_therm Sensor wait.
01-06 06:49:19.309   475   658 D ThermalEngine: sensor_wait: xo_therm Wait start. 5000ms
01-06 06:49:19.309   475   660 D ThermalEngine: sensor_monitor: case_therm Reading 30000 .
01-06 06:49:19.309   475   660 I ThermalEngine: Sensor:case_therm:30000 mC
01-06 06:49:19.309   475   660 D ThermalEngine: update_active_thresh: case_therm Active(1), Hi(1) 42000, Lo(0) -2147483648, Interval(1) 5000
01-06 06:49:19.309   475   660 D ThermalEngine: sensor_monitor: case_therm Sensor wait.
01-06 06:49:19.309   475   660 D ThermalEngine: sensor_wait: case_therm Wait start. 5000ms
01-06 06:49:20.939  2525  2525 E sdcard  : missing packages.list; retrying
01-06 06:49:23.939  2525  2525 E sdcard  : missing packages.list; retrying
01-06 06:49:24.309   475   658 D ThermalEngine: sensor_wait: xo_therm Wait done.
01-06 06:49:24.309   475   660 D ThermalEngine: sensor_wait: case_therm Wait done.
01-06 06:49:24.309   475   658 D ThermalEngine: sensor_monitor: xo_therm Reading 37000 .
01-06 06:49:24.309   475   658 I ThermalEngine: Sensor:xo_therm:37000 mC
01-06 06:49:24.309   475   658 D ThermalEngine: update_active_thresh: xo_therm Active(1), Hi(1) 39000, Lo(0) -2147483648, Interval(1) 5000
01-06 06:49:24.309   475   658 D ThermalEngine: sensor_monitor: xo_therm Sensor wait.
01-06 06:49:24.309   475   658 D ThermalEngine: sensor_wait: xo_therm Wait start. 5000ms
01-06 06:49:24.309   475   660 D ThermalEngine: sensor_monitor: case_therm Reading 30000 .
01-06 06:49:24.309   475   660 I ThermalEngine: Sensor:case_therm:30000 mC
01-06 06:49:24.309   475   660 D ThermalEngine: update_active_thresh: case_therm Active(1), Hi(1) 42000, Lo(0) -2147483648, Interval(1) 5000
01-06 06:49:24.309   475   660 D ThermalEngine: sensor_monitor: case_therm Sensor wait.
01-06 06:49:24.309   475   660 D ThermalEngine: sensor_wait: case_therm Wait start. 5000ms
01-06 06:49:26.939  2525  2525 E sdcard  : missing packages.list; retrying
01-06 06:49:29.309   475   658 D ThermalEngine: sensor_wait: xo_therm Wait done.
01-06 06:49:29.309   475   660 D ThermalEngine: sensor_wait: case_therm Wait done.
01-06 06:49:29.309   475   658 D ThermalEngine: sensor_monitor: xo_therm Reading 37000 .
01-06 06:49:29.309   475   658 I ThermalEngine: Sensor:xo_therm:37000 mC
01-06 06:49:29.309   475   658 D ThermalEngine: update_active_thresh: xo_therm Active(1), Hi(1) 39000, Lo(0) -2147483648, Interval(1) 5000
01-06 06:49:29.309   475   658 D ThermalEngine: sensor_monitor: xo_therm Sensor wait.
01-06 06:49:29.309   475   658 D ThermalEngine: sensor_wait: xo_therm Wait start. 5000ms
01-06 06:49:29.319   475   660 D ThermalEngine: sensor_monitor: case_therm Reading 30000 .
01-06 06:49:29.319   475   660 I ThermalEngine: Sensor:case_therm:30000 mC
01-06 06:49:29.319   475   660 D ThermalEngine: update_active_thresh: case_therm Active(1), Hi(1) 42000, Lo(0) -2147483648, Interval(1) 5000
01-06 06:49:29.319   475   660 D ThermalEngine: sensor_monitor: case_therm Sensor wait.
01-06 06:49:29.319   475   660 D ThermalEngine: sensor_wait: case_therm Wait start. 5000ms
01-06 06:49:29.939  2525  2525 E sdcard  : missing packages.list; retrying
01-06 06:49:32.949  2525  2525 E sdcard  : missing packages.list; retrying
01-06 06:49:34.319   475   658 D ThermalEngine: sensor_wait: xo_therm Wait done.
01-06 06:49:34.319   475   660 D ThermalEngine: sensor_wait: case_therm Wait done.
01-06 06:49:34.319   475   658 D ThermalEngine: sensor_monitor: xo_therm Reading 37000 .
01-06 06:49:34.319   475   658 I ThermalEngine: Sensor:xo_therm:37000 mC
01-06 06:49:34.319   475   658 D ThermalEngine: update_active_thresh: xo_therm Active(1), Hi(1) 39000, Lo(0) -2147483648, Interval(1) 5000
01-06 06:49:34.319   475   658 D ThermalEngine: sensor_monitor: xo_therm Sensor wait.
01-06 06:49:34.319   475   658 D ThermalEngine: sensor_wait: xo_therm Wait start. 5000ms
01-06 06:49:34.319   475   660 D ThermalEngine: sensor_monitor: case_therm Reading 30000 .
01-06 06:49:34.319   475   660 I ThermalEngine: Sensor:case_therm:30000 mC
01-06 06:49:34.319   475   660 D ThermalEngine: update_active_thresh: case_therm Active(1), Hi(1) 42000, Lo(0) -2147483648, Interval(1) 5000
01-06 06:49:34.319   475   660 D ThermalEngine: sensor_monitor: case_therm Sensor wait.
01-06 06:49:34.319   475   660 D ThermalEngine: sensor_wait: case_therm Wait start. 5000ms
01-06 06:49:35.949  2525  2525 E sdcard  : missing packages.list; retrying
01-06 06:49:38.949  2525  2525 E sdcard  : missing packages.list; retrying
01-06 06:49:39.319   475   658 D ThermalEngine: sensor_wait: xo_therm Wait done.
01-06 06:49:39.319   475   660 D ThermalEngine: sensor_wait: case_therm Wait done.
01-06 06:49:39.319   475   658 D ThermalEngine: sensor_monitor: xo_therm Reading 37000 .
01-06 06:49:39.319   475   658 I ThermalEngine: Sensor:xo_therm:37000 mC
01-06 06:49:39.319   475   658 D ThermalEngine: update_active_thresh: xo_therm Active(1), Hi(1) 39000, Lo(0) -2147483648, Interval(1) 5000
01-06 06:49:39.319   475   658 D ThermalEngine: sensor_monitor: xo_therm Sensor wait.
01-06 06:49:39.319   475   658 D ThermalEngine: sensor_wait: xo_therm Wait start. 5000ms
01-06 06:49:39.319   475   660 D ThermalEngine: sensor_monitor: case_therm Reading 30000 .
01-06 06:49:39.319   475   660 I ThermalEngine: Sensor:case_therm:30000 mC
01-06 06:49:39.319   475   660 D ThermalEngine: update_active_thresh: case_therm Active(1), Hi(1) 42000, Lo(0) -2147483648, Interval(1) 5000
01-06 06:49:39.319   475   660 D ThermalEngine: sensor_monitor: case_therm Sensor wait.
01-06 06:49:39.319   475   660 D ThermalEngine: sensor_wait: case_therm Wait start. 5000ms
01-06 06:49:41.949  2525  2525 E sdcard  : missing packages.list; retrying
01-06 06:49:44.319   475   658 D ThermalEngine: sensor_wait: xo_therm Wait done.
01-06 06:49:44.319   475   660 D ThermalEngine: sensor_wait: case_therm Wait done.
01-06 06:49:44.319   475   658 D ThermalEngine: sensor_monitor: xo_therm Reading 37000 .
01-06 06:49:44.319   475   658 I ThermalEngine: Sensor:xo_therm:37000 mC
01-06 06:49:44.319   475   658 D ThermalEngine: update_active_thresh: xo_therm Active(1), Hi(1) 39000, Lo(0) -2147483648, Interval(1) 5000
01-06 06:49:44.319   475   658 D ThermalEngine: sensor_monitor: xo_therm Sensor wait.
01-06 06:49:44.319   475   658 D ThermalEngine: sensor_wait: xo_therm Wait start. 5000ms
01-06 06:49:44.319   475   660 D ThermalEngine: sensor_monitor: case_therm Reading 30000 .
01-06 06:49:44.319   475   660 I ThermalEngine: Sensor:case_therm:30000 mC
01-06 06:49:44.319   475   660 D ThermalEngine: update_active_thresh: case_therm Active(1), Hi(1) 42000, Lo(0) -2147483648, Interval(1) 5000
01-06 06:49:44.319   475   660 D ThermalEngine: sensor_monitor: case_therm Sensor wait.
01-06 06:49:44.319   475   660 D ThermalEngine: sensor_wait: case_therm Wait start. 5000ms
01-06 06:49:44.949  2525  2525 E sdcard  : missing packages.list; retrying
01-06 06:49:47.949  2525  2525 E sdcard  : missing packages.list; retrying
01-06 06:49:49.189   680   680 D VM_BMS  : wake_lock acquired
01-06 06:49:49.189   680   680 D VM_BMS  : New BMS data - Size=56
01-06 06:49:49.189   680   680 D VM_BMS  : Start process_bms_data
01-06 06:49:49.189   680   680 D VM_BMS  : For batt_temp=289 fcc_mah=2030
01-06 06:49:49.189   680   680 D VM_BMS  : For ocv=3780464 batt_temp=289 soc=44
01-06 06:49:49.189   680   680 D VM_BMS  : fifo_count=5 acc_count=0
01-06 06:49:49.189   680   680 D VM_BMS  : INIT: ocv=3780464 last_ocv=3780464 batt_temp=289 soc=44
01-06 06:49:49.189   680   680 D VM_BMS  : For soc=44 batt_temp=289 slope=1600
01-06 06:49:49.189   680   680 D VM_BMS  : For soc=44 batt_temp=289 rbatt_sf=97
01-06 06:49:49.189   680   680 D VM_BMS  : rbatt_mohm_default=136, rbatt_mohm=131, sf=97 batt_temp=289
01-06 06:49:49.189   680   680 D VM_BMS  : For ocv=3780507 batt_temp=289 soc=44
01-06 06:49:49.189   680   680 D VM_BMS  : FIFO=0 fifo_avg=3.821024 rbatt=0.181000 slope=0.160000 ibatt=-0.223967 ocv=3.780508 soc=44 fcc_ah=2.030000 sample_count=128 sample_interval=70 seq_num=44
01-06 06:49:49.189   680   680 D VM_BMS  : For soc=44 batt_temp=289 slope=1600
01-06 06:49:49.189   680   680 D VM_BMS  : For soc=44 batt_temp=289 rbatt_sf=97
01-06 06:49:49.189   680   680 D VM_BMS  : rbatt_mohm_default=136, rbatt_mohm=131, sf=97 batt_temp=289
01-06 06:49:49.189   680   680 D VM_BMS  : For ocv=3780557 batt_temp=289 soc=44
01-06 06:49:49.189   680   680 D VM_BMS  : FIFO=1 fifo_avg=3.827207 rbatt=0.181000 slope=0.160000 ibatt=-0.257871 ocv=3.780558 soc=44 fcc_ah=2.030000 sample_count=128 sample_interval=70 seq_num=44
01-06 06:49:49.189   680   680 D VM_BMS  : For soc=44 batt_temp=289 slope=1600
01-06 06:49:49.189   680   680 D VM_BMS  : For soc=44 batt_temp=289 rbatt_sf=97
01-06 06:49:49.189   680   680 D VM_BMS  : rbatt_mohm_default=136, rbatt_mohm=131, sf=97 batt_temp=289
01-06 06:49:49.189   680   680 D VM_BMS  : For ocv=3780609 batt_temp=289 soc=44
01-06 06:49:49.189   680   680 D VM_BMS  : FIFO=2 fifo_avg=3.829252 rbatt=0.181000 slope=0.160000 ibatt=-0.268888 ocv=3.780610 soc=44 fcc_ah=2.030000 sample_count=128 sample_interval=70 seq_num=44
01-06 06:49:49.189   680   680 D VM_BMS  : For soc=44 batt_temp=289 slope=1600
01-06 06:49:49.189   680   680 D VM_BMS  : For soc=44 batt_temp=289 rbatt_sf=97
01-06 06:49:49.189   680   680 D VM_BMS  : rbatt_mohm_default=136, rbatt_mohm=131, sf=97 batt_temp=289
01-06 06:49:49.189   680   680 D VM_BMS  : For ocv=3780662 batt_temp=289 soc=44
01-06 06:49:49.189   680   680 D VM_BMS  : FIFO=3 fifo_avg=3.829840 rbatt=0.181000 slope=0.160000 ibatt=-0.271847 ocv=3.780662 soc=44 fcc_ah=2.030000 sample_count=128 sample_interval=70 seq_num=44
01-06 06:49:49.189   680   680 D VM_BMS  : For soc=44 batt_temp=289 slope=1600
01-06 06:49:49.189   680   680 D VM_BMS  : For soc=44 batt_temp=289 rbatt_sf=97
01-06 06:49:49.189   680   680 D VM_BMS  : rbatt_mohm_default=136, rbatt_mohm=131, sf=97 batt_temp=289
01-06 06:49:49.189   680   680 D VM_BMS  : For ocv=3780713 batt_temp=289 soc=44
01-06 06:49:49.189   680   680 D VM_BMS  : FIFO=4 fifo_avg=3.827772 rbatt=0.181000 slope=0.160000 ibatt=-0.260134 ocv=3.780713 soc=44 fcc_ah=2.030000 sample_count=128 sample_interval=70 seq_num=44
01-06 06:49:49.189   680   680 I VM_BMS  : power_supply_update: ocv_uv=3780713 ibatt=-260134 soc=44 seq_num=44
01-06 06:49:49.189   680   680 D VM_BMS  : End process_bms_data
01-06 06:49:49.189   680   680 D VM_BMS  : wake_lock released
01-06 06:49:49.319   475   658 D ThermalEngine: sensor_wait: xo_therm Wait done.
01-06 06:49:49.319   475   658 D ThermalEngine: sensor_monitor: xo_therm Reading 37000 .
01-06 06:49:49.319   475   658 I ThermalEngine: Sensor:xo_therm:37000 mC
01-06 06:49:49.319   475   658 D ThermalEngine: update_active_thresh: xo_therm Active(1), Hi(1) 39000, Lo(0) -2147483648, Interval(1) 5000
01-06 06:49:49.319   475   658 D ThermalEngine: sensor_monitor: xo_therm Sensor wait.
01-06 06:49:49.319   475   658 D ThermalEngine: sensor_wait: xo_therm Wait start. 5000ms
01-06 06:49:49.319   475   660 D ThermalEngine: sensor_wait: case_therm Wait done.
01-06 06:49:49.319   475   660 D ThermalEngine: sensor_monitor: case_therm Reading 30000 .
01-06 06:49:49.319   475   660 I ThermalEngine: Sensor:case_therm:30000 mC
01-06 06:49:49.319   475   660 D ThermalEngine: update_active_thresh: case_therm Active(1), Hi(1) 42000, Lo(0) -2147483648, Interval(1) 5000
01-06 06:49:49.319   475   660 D ThermalEngine: sensor_monitor: case_therm Sensor wait.
01-06 06:49:49.319   475   660 D ThermalEngine: sensor_wait: case_therm Wait start. 5000ms
01-06 06:49:50.949  2525  2525 E sdcard  : missing packages.list; retrying
01-06 06:49:53.949  2525  2525 E sdcard  : missing packages.list; retrying
01-06 06:49:54.329   475   658 D ThermalEngine: sensor_wait: xo_therm Wait done.
01-06 06:49:54.329   475   660 D ThermalEngine: sensor_wait: case_therm Wait done.
01-06 06:49:54.329   475   658 D ThermalEngine: sensor_monitor: xo_therm Reading 37000 .
01-06 06:49:54.329   475   658 I ThermalEngine: Sensor:xo_therm:37000 mC
01-06 06:49:54.329   475   658 D ThermalEngine: update_active_thresh: xo_therm Active(1), Hi(1) 39000, Lo(0) -2147483648, Interval(1) 5000
01-06 06:49:54.329   475   658 D ThermalEngine: sensor_monitor: xo_therm Sensor wait.
01-06 06:49:54.329   475   658 D ThermalEngine: sensor_wait: xo_therm Wait start. 5000ms
01-06 06:49:54.329   475   660 D ThermalEngine: sensor_monitor: case_therm Reading 30000 .
01-06 06:49:54.329   475   660 I ThermalEngine: Sensor:case_therm:30000 mC
01-06 06:49:54.329   475   660 D ThermalEngine: update_active_thresh: case_therm Active(1), Hi(1) 42000, Lo(0) -2147483648, Interval(1) 5000
01-06 06:49:54.329   475   660 D ThermalEngine: sensor_monitor: case_therm Sensor wait.
01-06 06:49:54.329   475   660 D ThermalEngine: sensor_wait: case_therm Wait start. 5000ms
01-06 06:49:56.949  2525  2525 E sdcard  : missing packages.list; retrying
01-06 06:49:59.329   475   658 D ThermalEngine: sensor_wait: xo_therm Wait done.
01-06 06:49:59.329   475   660 D ThermalEngine: sensor_wait: case_therm Wait done.
01-06 06:49:59.329   475   658 D ThermalEngine: sensor_monitor: xo_therm Reading 37000 .
01-06 06:49:59.329   475   658 I ThermalEngine: Sensor:xo_therm:37000 mC
01-06 06:49:59.329   475   658 D ThermalEngine: update_active_thresh: xo_therm Active(1), Hi(1) 39000, Lo(0) -2147483648, Interval(1) 5000
01-06 06:49:59.329   475   658 D ThermalEngine: sensor_monitor: xo_therm Sensor wait.
01-06 06:49:59.329   475   658 D ThermalEngine: sensor_wait: xo_therm Wait start. 5000ms
01-06 06:49:59.329   475   660 D ThermalEngine: sensor_monitor: case_therm Reading 30000 .
01-06 06:49:59.329   475   660 I ThermalEngine: Sensor:case_therm:30000 mC
01-06 06:49:59.329   475   660 D ThermalEngine: update_active_thresh: case_therm Active(1), Hi(1) 42000, Lo(0) -2147483648, Interval(1) 5000
01-06 06:49:59.329   475   660 D ThermalEngine: sensor_monitor: case_therm Sensor wait.
01-06 06:49:59.329   475   660 D ThermalEngine: sensor_wait: case_therm Wait start. 5000ms
01-06 06:49:59.949  2525  2525 E sdcard  : missing packages.list; retrying
01-06 06:50:02.019   485   485 I Gecko   : [BrowserElement] event type: keydown, key: Enter, target: [object HTMLIFrameElement], src: app://launcher.gaiamobile.org/index.html, id: browser0, class: browser
01-06 06:50:02.049  4661  4661 I PerformanceTiming: Performance Entry: launcher.gaiamobile.org|mark|appLaunch@app://settings.gaiamobile.org|2044584.865000|0.000000|436802056
01-06 06:50:02.059  4661  4661 I Gecko   : [BrowserElement] Pause painting on app://launcher.gaiamobile.org/manifest.webapp
01-06 06:50:02.059  4661  4661 I Gecko   : [BrowserElement] event type: keydown, key: Enter, target: [object HTMLDivElement], class: app focusable
01-06 06:50:02.069   485   485 I Gecko   : XXX FIXME : Dispatch a webapps-launch: undefined
01-06 06:50:02.139  7315  7315 I Gecko   : ######################## extensions.js loaded
01-06 06:50:02.169  7315  7315 W Settings: [JavaScript Warning: "Use of nsIFile in content process is deprecated." {file: "jar:file:///system/b2g/omni.ja!/components/DirectoryProvider.js" line: 9}]
01-06 06:50:02.239   485   485 I Gecko   : [BrowserElement] event type: keyup, key: Enter, target: [object HTMLIFrameElement], src: app://launcher.gaiamobile.org/index.html, id: browser0, class: browser
01-06 06:50:02.269  4661  4661 I Gecko   : [BrowserElement] event type: keyup, key: Enter, target: [object HTMLDivElement], class: app focusable
01-06 06:50:02.939  4661  4661 I FocusManager: << focus() called >>
01-06 06:50:02.939  4661  4661 I FocusManager:    trying to set focus on, tag: DIV, id: , class: app focusable
01-06 06:50:02.939  4661  4661 I FocusManager: Warning: element is already focused.
01-06 06:50:02.949  2525  2525 E sdcard  : missing packages.list; retrying
01-06 06:50:02.959  4661  4661 I FocusManager: << focus() called >>
01-06 06:50:02.959  4661  4661 I FocusManager:    trying to set focus on, tag: DIV, id: , class: app focusable
01-06 06:50:02.959  4661  4661 I FocusManager: Warning: element is already focused.
01-06 06:50:03.069   485   485 D NS_ICC_SERVICE: GetCardState 
01-06 06:50:03.069   485   485 D NS_ICC_SERVICE: GetIccInfo 
01-06 06:50:03.079  7315  7315 I PerformanceTiming: Performance Entry: settings.gaiamobile.org|mark|contentInteractive|915.460000|0.000000|436803091
01-06 06:50:03.159  7315  7315 I Settings: Content JS LOG: NavigationMap init 
01-06 06:50:03.159  7315  7315 I Settings:     at _init (app://settings.gaiamobile.org/js/navigation_map.js:22:7)
01-06 06:50:03.159  7315  7315 I Settings: Content JS LOG: --------observerInit------ 
01-06 06:50:03.159  7315  7315 I Settings:     at _init (app://settings.gaiamobile.org/js/navigation_map.js:132:7)
01-06 06:50:03.239  7315  7331 E linker  : readlink('/proc/self/fd/41') failed: Invalid argument [fd=41]
01-06 06:50:03.239  7315  7331 E linker  : warning: unable to get realpath for the library "/system/lib/hw/gralloc.msm8909.so". Will use given name.
01-06 06:50:03.239  7315  7331 E linker  : readlink('/proc/self/fd/41') failed: Invalid argument [fd=41]
01-06 06:50:03.249  7315  7331 E linker  : warning: unable to get realpath for the library "libmemalloc.so". Will use given name.
01-06 06:50:03.249  7315  7331 E linker  : readlink('/proc/self/fd/41') failed: Invalid argument [fd=41]
01-06 06:50:03.249  7315  7331 E linker  : warning: unable to get realpath for the library "libqdMetaData.so". Will use given name.
01-06 06:50:03.249  7315  7331 E linker  : readlink('/proc/self/fd/41') failed: Invalid argument [fd=41]
01-06 06:50:03.249  7315  7331 E linker  : warning: unable to get realpath for the library "libqdutils.so". Will use given name.
01-06 06:50:03.249  7315  7331 E linker  : readlink('/proc/self/fd/41') failed: Invalid argument [fd=41]
01-06 06:50:03.249  7315  7331 E linker  : warning: unable to get realpath for the library "libGLESv1_CM.so". Will use given name.
01-06 06:50:03.249  7315  7331 E linker  : readlink('/proc/self/fd/41') failed: Invalid argument [fd=41]
01-06 06:50:03.249  7315  7331 E linker  : warning: unable to get realpath for the library "libqservice.so". Will use given name.
01-06 06:50:03.349  7315  7315 I PerformanceTiming: Performance Entry: settings.gaiamobile.org|mark|navigationLoaded|1184.100000|0.000000|436803360
01-06 06:50:03.349  7315  7315 I PerformanceTiming: Performance Entry: settings.gaiamobile.org|mark|navigationInteractive|1184.515000|0.000000|436803361
01-06 06:50:03.429   485   485 I FocusManager: << focus() called >>
01-06 06:50:03.429   485   485 I FocusManager:    trying to set focus on, tag: IFRAME, id: browser15, class: browser
01-06 06:50:03.439   485   485 I FocusManager:    current focused element, tag: IFRAME, id: browser0, class: browser hidden
01-06 06:50:03.439   485   485 I FocusManager: <- blur on, tag: IFRAME, id: browser0, class: browser hidden
01-06 06:50:03.449   485   485 I FocusManager: -> focus is now on, tag: IFRAME, id: browser15, class: browser
01-06 06:50:03.459  4661  4661 I FocusManager: <- blur on, tag: DIV, id: , class: app focusable
01-06 06:50:03.479   485   485 I GeckoConsole: Content JS LOG: [SimLockManager][2057.794] handling appopened 
01-06 06:50:03.479   485   485 I GeckoConsole:     at BaseModule.prototype.debug (app://system.gaiamobile.org/js/base_module.js:25:422)
01-06 06:50:03.489  7315  7315 I FocusManager: * WindowRaised *
01-06 06:50:03.489  7315  7315 I FocusManager: -> focus is now on, NULL, tag: , id: , class: 
01-06 06:50:03.829   485   485 I Gecko   : XXX FIXME : Dispatch a mozChromeEvent: default-volume-channel-changed
01-06 06:50:04.029  7315  7315 I FocusManager: << focus() called >>
01-06 06:50:04.029  7315  7315 I FocusManager:    trying to set focus on, tag: LI, id: , class: focus
01-06 06:50:04.059  7315  7315 I FocusManager:    current focused element, NULL, tag: , id: , class: 
01-06 06:50:04.059  7315  7315 I FocusManager: <- blur on, NULL, tag: , id: , class: 
01-06 06:50:04.059  7315  7315 I FocusManager: -> focus is now on, tag: LI, id: , class: focus
01-06 06:50:04.069  7315  7315 I Settings: Content JS LOG: NavigationMap update 
01-06 06:50:04.069  7315  7315 I Settings:     at _update (app://settings.gaiamobile.org/js/navigation_map.js:401:7)
01-06 06:50:04.099  7315  7315 I Gecko   : -*- Nfc DOM: In MozNFCImpl Constructor
01-06 06:50:04.099  7315  7315 I Gecko   : -*- Nfc DOM: MozNFCImpl init called
01-06 06:50:04.169  7315  7315 I FocusManager: << focus() called >>
01-06 06:50:04.169  7315  7315 I FocusManager:    trying to set focus on, tag: LI, id: , class: focus
01-06 06:50:04.199  7315  7315 I FocusManager: Warning: element is already focused.
01-06 06:50:04.199  7315  7315 I Settings: Content JS LOG: NavigationMap update 
01-06 06:50:04.199  7315  7315 I Settings:     at _update (app://settings.gaiamobile.org/js/navigation_map.js:401:7)
01-06 06:50:04.199  7315  7315 I PerformanceTiming: Performance Entry: settings.gaiamobile.org|mark|visuallyLoaded|2035.500000|0.000000|436804212
01-06 06:50:04.209  7315  7315 I FocusManager: << focus() called >>
01-06 06:50:04.209  7315  7315 I FocusManager:    trying to set focus on, tag: LI, id: , class: focus
01-06 06:50:04.249  7315  7315 I FocusManager: Warning: element is already focused.
01-06 06:50:04.329   475   658 D ThermalEngine: sensor_wait: xo_therm Wait done.
01-06 06:50:04.329   475   658 D ThermalEngine: sensor_monitor: xo_therm Reading 37000 .
01-06 06:50:04.329   475   658 I ThermalEngine: Sensor:xo_therm:37000 mC
01-06 06:50:04.329   475   658 D ThermalEngine: update_active_thresh: xo_therm Active(1), Hi(1) 39000, Lo(0) -2147483648, Interval(1) 5000
01-06 06:50:04.329   475   658 D ThermalEngine: sensor_monitor: xo_therm Sensor wait.
01-06 06:50:04.329   475   658 D ThermalEngine: sensor_wait: xo_therm Wait start. 5000ms
01-06 06:50:04.329   475   660 D ThermalEngine: sensor_wait: case_therm Wait done.
01-06 06:50:04.329   475   660 D ThermalEngine: sensor_monitor: case_therm Reading 30000 .
01-06 06:50:04.329   475   660 I ThermalEngine: Sensor:case_therm:30000 mC
01-06 06:50:04.329   475   660 D ThermalEngine: update_active_thresh: case_therm Active(1), Hi(1) 42000, Lo(0) -2147483648, Interval(1) 5000
01-06 06:50:04.329   475   660 D ThermalEngine: sensor_monitor: case_therm Sensor wait.
01-06 06:50:04.329   475   660 D ThermalEngine: sensor_wait: case_therm Wait start. 5000ms
01-06 06:50:04.399   485   485 I Gecko   : [BrowserElement] event type: keydown, key: ArrowRight, target: [object HTMLIFrameElement], src: app://settings.gaiamobile.org/index.html, id: browser15, class: browser
01-06 06:50:04.509  7315  7315 I Settings: Content JS LOG: before-------info [object Object] 
01-06 06:50:04.509  7315  7315 I Settings:     at _rootReset (app://settings.gaiamobile.org/js/navigation_map.js:248:9)
01-06 06:50:04.509  7315  7315 I FocusManager: << focus() called >>
01-06 06:50:04.509  7315  7315 I FocusManager:    trying to set focus on, tag: LI, id: , class: focus
01-06 06:50:04.529  7315  7315 I FocusManager:    current focused element, tag: LI, id: , class: 
01-06 06:50:04.529  7315  7315 I FocusManager: <- blur on, tag: LI, id: , class: 
01-06 06:50:04.529  7315  7315 I FocusManager: -> focus is now on, tag: LI, id: , class: focus
01-06 06:50:04.539  7315  7315 I Settings: Content JS LOG: NavigationMap update 
01-06 06:50:04.539  7315  7315 I Settings:     at _update (app://settings.gaiamobile.org/js/navigation_map.js:401:7)
01-06 06:50:04.549  7315  7315 I Gecko   : [BrowserElement] event type: keydown, key: ArrowRight, target: [object HTMLLIElement]
01-06 06:50:04.549  7315  7315 I PerformanceTiming: Performance Entry: settings.gaiamobile.org|mark|fullyLoaded|2384.950000|0.000000|436804561
01-06 06:50:04.579  7315  7315 I FocusManager: << focus() called >>
01-06 06:50:04.579  7315  7315 I FocusManager:    trying to set focus on, tag: FORM, id: softkeyPanel, class: skbar none-paddings visible focused
01-06 06:50:04.589  7315  7315 I FocusManager: Warning: element is not focusable.
01-06 06:50:04.639   485   485 I Gecko   : [BrowserElement] event type: keyup, key: ArrowRight, target: [object HTMLIFrameElement], src: app://settings.gaiamobile.org/index.html, id: browser15, class: browser
01-06 06:50:04.669  7315  7315 I Gecko   : [BrowserElement] event type: keyup, key: ArrowRight, target: [object HTMLLIElement], class: focus
01-06 06:50:04.699   485   485 I Gecko   : XXX FIXME : Dispatch a mozFxAccountsChromeEvent: undefined
01-06 06:50:04.749  7315  7315 E Settings: [JavaScript Error: "TypeError: document.querySelector(...) is null" {file: "app://settings.gaiamobile.org/js/navigation_map.js" line: 347}]
01-06 06:50:04.749  7315  7315 E Settings: _refreshCurrentPage@app://settings.gaiamobile.org/js/navigation_map.js:347:33
01-06 06:50:04.749  7315  7315 E Settings: ctor_root_panel/_updateFotaSettings/request.onsuccess/<@app://settings.gaiamobile.org/js/panels/root/panel.js:930:13
01-06 06:50:04.749  7315  7315 E Settings: perFileCallback@app://settings.gaiamobile.org/shared/js/lazy_loader.js:9:82
01-06 06:50:04.749  7315  7315 I GeckoDump: fota_settings:setting  code has ran into init function
01-06 06:50:04.809   485   485 I Gecko   : [BrowserElement] event type: keydown, key: ArrowRight, target: [object HTMLIFrameElement], src: app://settings.gaiamobile.org/index.html, id: browser15, class: browser
01-06 06:50:04.829  7315  7315 I Settings: Content JS LOG: before-------info [object Object] 
01-06 06:50:04.829  7315  7315 I Settings:     at _rootReset (app://settings.gaiamobile.org/js/navigation_map.js:248:9)
01-06 06:50:04.829  7315  7315 I Settings: Content JS LOG: before-------info [object Object] 
01-06 06:50:04.829  7315  7315 I Settings:     at _rootReset (app://settings.gaiamobile.org/js/navigation_map.js:248:9)
01-06 06:50:04.829  7315  7315 I FocusManager: << focus() called >>
01-06 06:50:04.839  7315  7315 I FocusManager:    trying to set focus on, tag: LI, id: , class: focus
01-06 06:50:04.859  7315  7315 I FocusManager:    current focused element, tag: LI, id: , class: 
01-06 06:50:04.859  7315  7315 I FocusManager: <- blur on, tag: LI, id: , class: 
01-06 06:50:04.859  7315  7315 I FocusManager: -> focus is now on, tag: LI, id: , class: focus
01-06 06:50:04.859  7315  7315 I Settings: Content JS LOG: NavigationMap update 
01-06 06:50:04.859  7315  7315 I Settings:     at _update (app://settings.gaiamobile.org/js/navigation_map.js:401:7)
01-06 06:50:04.869  7315  7315 I Gecko   : [BrowserElement] event type: keydown, key: ArrowRight, target: [object HTMLLIElement]
01-06 06:50:05.009   485   485 I Gecko   : [BrowserElement] event type: keyup, key: ArrowRight, target: [object HTMLIFrameElement], src: app://settings.gaiamobile.org/index.html, id: browser15, class: browser
01-06 06:50:05.009  7315  7315 I Gecko   : [BrowserElement] event type: keyup, key: ArrowRight, target: [object HTMLLIElement], class: focus
01-06 06:50:05.059  4661  4661 I Gecko   : [BrowserElement] Resume painting on app://launcher.gaiamobile.org/manifest.webapp
01-06 06:50:05.219   485   485 I Gecko   : [BrowserElement] event type: keydown, key: ArrowRight, target: [object HTMLIFrameElement], src: app://settings.gaiamobile.org/index.html, id: browser15, class: browser
01-06 06:50:05.289  7315  7315 I Settings: Content JS LOG: before-------info [object Object] 
01-06 06:50:05.289  7315  7315 I Settings:     at _rootReset (app://settings.gaiamobile.org/js/navigation_map.js:248:9)
01-06 06:50:05.289  7315  7315 I Settings: Content JS LOG: before-------info [object Object] 
01-06 06:50:05.289  7315  7315 I Settings:     at _rootReset (app://settings.gaiamobile.org/js/navigation_map.js:248:9)
01-06 06:50:05.299  7315  7315 I Settings: Content JS LOG: before-------info [object Object] 
01-06 06:50:05.299  7315  7315 I Settings:     at _rootReset (app://settings.gaiamobile.org/js/navigation_map.js:248:9)
01-06 06:50:05.299  7315  7315 I FocusManager: << focus() called >>
01-06 06:50:05.299  7315  7315 I FocusManager:    trying to set focus on, tag: LI, id: , class: focus
01-06 06:50:05.319  7315  7315 I FocusManager:    current focused element, tag: LI, id: , class: 
01-06 06:50:05.319  7315  7315 I FocusManager: <- blur on, tag: LI, id: , class: 
01-06 06:50:05.319  7315  7315 I FocusManager: -> focus is now on, tag: LI, id: , class: focus
01-06 06:50:05.329  7315  7315 I Settings: Content JS LOG: NavigationMap update 
01-06 06:50:05.329  7315  7315 I Settings:     at _update (app://settings.gaiamobile.org/js/navigation_map.js:401:7)
01-06 06:50:05.339  7315  7315 I Gecko   : [BrowserElement] event type: keydown, key: ArrowRight, target: [object HTMLLIElement]
01-06 06:50:05.379   485   485 I Gecko   : [BrowserElement] event type: keyup, key: ArrowRight, target: [object HTMLIFrameElement], src: app://settings.gaiamobile.org/index.html, id: browser15, class: browser
01-06 06:50:05.389  7315  7315 I Gecko   : [BrowserElement] event type: keyup, key: ArrowRight, target: [object HTMLLIElement], class: focus
01-06 06:50:05.759   485   485 I Gecko   : [BrowserElement] event type: keydown, key: ArrowRight, target: [object HTMLIFrameElement], src: app://settings.gaiamobile.org/index.html, id: browser15, class: browser
01-06 06:50:05.789  7315  7315 I Settings: Content JS LOG: before-------info [object Object] 
01-06 06:50:05.789  7315  7315 I Settings:     at _rootReset (app://settings.gaiamobile.org/js/navigation_map.js:248:9)
01-06 06:50:05.789  7315  7315 I Settings: Content JS LOG: before-------info [object Object] 
01-06 06:50:05.789  7315  7315 I Settings:     at _rootReset (app://settings.gaiamobile.org/js/navigation_map.js:248:9)
01-06 06:50:05.789  7315  7315 I Settings: Content JS LOG: before-------info [object Object] 
01-06 06:50:05.789  7315  7315 I Settings:     at _rootReset (app://settings.gaiamobile.org/js/navigation_map.js:248:9)
01-06 06:50:05.789  7315  7315 I Settings: Content JS LOG: before-------info [object Object] 
01-06 06:50:05.789  7315  7315 I Settings:     at _rootReset (app://settings.gaiamobile.org/js/navigation_map.js:248:9)
01-06 06:50:05.799  7315  7315 I FocusManager: << focus() called >>
01-06 06:50:05.799  7315  7315 I FocusManager:    trying to set focus on, tag: LI, id: fota-settings, class: focus
01-06 06:50:05.819  7315  7315 I FocusManager:    current focused element, tag: LI, id: , class: 
01-06 06:50:05.819  7315  7315 I FocusManager: <- blur on, tag: LI, id: , class: 
01-06 06:50:05.829  7315  7315 I FocusManager: -> focus is now on, tag: LI, id: fota-settings, class: focus
01-06 06:50:05.829  7315  7315 I Settings: Content JS LOG: NavigationMap update 
01-06 06:50:05.829  7315  7315 I Settings:     at _update (app://settings.gaiamobile.org/js/navigation_map.js:401:7)
01-06 06:50:05.839  7315  7315 I Gecko   : [BrowserElement] event type: keydown, key: ArrowRight, target: [object HTMLLIElement]
01-06 06:50:05.909   485   485 I Gecko   : [BrowserElement] event type: keyup, key: ArrowRight, target: [object HTMLIFrameElement], src: app://settings.gaiamobile.org/index.html, id: browser15, class: browser
01-06 06:50:05.909  7315  7315 I Gecko   : [BrowserElement] event type: keyup, key: ArrowRight, target: [object HTMLLIElement], id: fota-settings, class: focus
01-06 06:50:05.949  2525  2525 E sdcard  : missing packages.list; retrying
01-06 06:50:06.719   485   485 I Gecko   : [BrowserElement] event type: keydown, key: ArrowRight, target: [object HTMLIFrameElement], src: app://settings.gaiamobile.org/index.html, id: browser15, class: browser
01-06 06:50:06.749  7315  7315 I Settings: Content JS LOG: before-------info [object Object] 
01-06 06:50:06.749  7315  7315 I Settings:     at _rootReset (app://settings.gaiamobile.org/js/navigation_map.js:248:9)
01-06 06:50:06.749  7315  7315 I Settings: Content JS LOG: before-------info [object Object] 
01-06 06:50:06.749  7315  7315 I Settings:     at _rootReset (app://settings.gaiamobile.org/js/navigation_map.js:248:9)
01-06 06:50:06.759  7315  7315 I Settings: Content JS LOG: before-------info [object Object] 
01-06 06:50:06.759  7315  7315 I Settings:     at _rootReset (app://settings.gaiamobile.org/js/navigation_map.js:248:9)
01-06 06:50:06.759  7315  7315 I Settings: Content JS LOG: before-------info [object Object] 
01-06 06:50:06.759  7315  7315 I Settings:     at _rootReset (app://settings.gaiamobile.org/js/navigation_map.js:248:9)
01-06 06:50:06.759  7315  7315 I Settings: Content JS LOG: before-------info [object Object] 
01-06 06:50:06.759  7315  7315 I Settings:     at _rootReset (app://settings.gaiamobile.org/js/navigation_map.js:248:9)
01-06 06:50:06.759  7315  7315 I FocusManager: << focus() called >>
01-06 06:50:06.759  7315  7315 I FocusManager:    trying to set focus on, tag: LI, id: , class: focus
01-06 06:50:06.809  7315  7315 I FocusManager:    current focused element, tag: LI, id: fota-settings, class: 
01-06 06:50:06.809  7315  7315 I FocusManager: <- blur on, tag: LI, id: fota-settings, class: 
01-06 06:50:06.809  7315  7315 I FocusManager: -> focus is now on, tag: LI, id: , class: focus
01-06 06:50:06.819  7315  7315 I Settings: Content JS LOG: NavigationMap update 
01-06 06:50:06.819  7315  7315 I Settings:     at _update (app://settings.gaiamobile.org/js/navigation_map.js:401:7)
01-06 06:50:06.819  7315  7315 I Gecko   : [BrowserElement] event type: keydown, key: ArrowRight, target: [object HTMLLIElement], id: fota-settings
01-06 06:50:06.899   485   485 I Gecko   : [BrowserElement] event type: keyup, key: ArrowRight, target: [object HTMLIFrameElement], src: app://settings.gaiamobile.org/index.html, id: browser15, class: browser
01-06 06:50:06.899  7315  7315 I Gecko   : [BrowserElement] event type: keyup, key: ArrowRight, target: [object HTMLLIElement], class: focus
01-06 06:50:07.819   485   485 I Gecko   : [BrowserElement] event type: keydown, key: ArrowLeft, target: [object HTMLIFrameElement], src: app://settings.gaiamobile.org/index.html, id: browser15, class: browser
01-06 06:50:07.849  7315  7315 I Settings: Content JS LOG: before-------info [object Object] 
01-06 06:50:07.849  7315  7315 I Settings:     at _rootReset (app://settings.gaiamobile.org/js/navigation_map.js:248:9)
01-06 06:50:07.849  7315  7315 I Settings: Content JS LOG: before-------info [object Object] 
01-06 06:50:07.849  7315  7315 I Settings:     at _rootReset (app://settings.gaiamobile.org/js/navigation_map.js:248:9)
01-06 06:50:07.849  7315  7315 I Settings: Content JS LOG: before-------info [object Object] 
01-06 06:50:07.849  7315  7315 I Settings:     at _rootReset (app://settings.gaiamobile.org/js/navigation_map.js:248:9)
01-06 06:50:07.859  7315  7315 I Settings: Content JS LOG: before-------info [object Object] 
01-06 06:50:07.859  7315  7315 I Settings:     at _rootReset (app://settings.gaiamobile.org/js/navigation_map.js:248:9)
01-06 06:50:07.859  7315  7315 I Settings: Content JS LOG: before-------info [object Object] 
01-06 06:50:07.859  7315  7315 I Settings:     at _rootReset (app://settings.gaiamobile.org/js/navigation_map.js:248:9)
01-06 06:50:07.859  7315  7315 I Settings: Content JS LOG: before-------info [object Object] 
01-06 06:50:07.859  7315  7315 I Settings:     at _rootReset (app://settings.gaiamobile.org/js/navigation_map.js:248:9)
01-06 06:50:07.859  7315  7315 I FocusManager: << focus() called >>
