01-06 06:50:07.859  7315  7315 I FocusManager:    trying to set focus on, tag: LI, id: fota-settings, class: focus
01-06 06:50:07.889  7315  7315 I FocusManager:    current focused element, tag: LI, id: , class: 
01-06 06:50:07.889  7315  7315 I FocusManager: <- blur on, tag: LI, id: , class: 
01-06 06:50:07.899  7315  7315 I FocusManager: -> focus is now on, tag: LI, id: fota-settings, class: focus
01-06 06:50:07.899  7315  7315 I Settings: Content JS LOG: NavigationMap update 
01-06 06:50:07.899  7315  7315 I Settings:     at _update (app://settings.gaiamobile.org/js/navigation_map.js:401:7)
01-06 06:50:07.909   485   485 I Gecko   : [BrowserElement] event type: keyup, key: ArrowLeft, target: [object HTMLIFrameElement], src: app://settings.gaiamobile.org/index.html, id: browser15, class: browser
01-06 06:50:07.909  7315  7315 I Gecko   : [BrowserElement] event type: keydown, key: ArrowLeft, target: [object HTMLLIElement]
01-06 06:50:07.949  7315  7315 I Gecko   : [BrowserElement] event type: keyup, key: ArrowLeft, target: [object HTMLLIElement], id: fota-settings, class: focus
01-06 06:50:08.179  7571  7595 I (Preallocated app): PAC file installed from data: URI
01-06 06:50:08.949  2525  2525 E sdcard  : missing packages.list; retrying
01-06 06:50:09.289   485   485 D QLOC-OSAgent: WIFIHARDWARESTATE_DATA_ITEM_ID: 0
01-06 06:50:09.289   485   485 E IzatSvc_OSObserver: I/LocTech-Label :: OSOBSERVER :: Data Items In
01-06 06:50:09.289   485   485 E IzatSvc_OSObserver: I/LocTech-Value :: Data Item Value: IS_WIFI_HARDWARE_ON: false
01-06 06:50:09.289   485   485 E GeckoConsole: [JavaScript Error: "NS_ERROR_NOT_IMPLEMENTED: Component returned failure code: 0x80004001 (NS_ERROR_NOT_IMPLEMENTED) [nsIQMozSettingsCallback.notifyMozSettingChangeBool]" {file: "file:///system/b2g/distribution/bundles/location/QMozSettingsShim.js" line: 6}]
01-06 06:50:09.289   485   485 I Gecko   : [SUB0] QCONTENT_HELPER Received observer notification: mozsettings-changed
01-06 06:50:09.329   475   658 D ThermalEngine: sensor_wait: xo_therm Wait done.
01-06 06:50:09.329   475   658 D ThermalEngine: sensor_monitor: xo_therm Reading 38000 .
01-06 06:50:09.329   475   658 I ThermalEngine: Sensor:xo_therm:38000 mC
01-06 06:50:09.329   475   658 D ThermalEngine: update_active_thresh: xo_therm Active(1), Hi(1) 39000, Lo(0) -2147483648, Interval(1) 5000
01-06 06:50:09.329   475   658 D ThermalEngine: sensor_monitor: xo_therm Sensor wait.
01-06 06:50:09.329   475   658 D ThermalEngine: sensor_wait: xo_therm Wait start. 5000ms
01-06 06:50:09.329   475   660 D ThermalEngine: sensor_wait: case_therm Wait done.
01-06 06:50:09.329   475   660 D ThermalEngine: sensor_monitor: case_therm Reading 30000 .
01-06 06:50:09.329   475   660 I ThermalEngine: Sensor:case_therm:30000 mC
01-06 06:50:09.329   475   660 D ThermalEngine: update_active_thresh: case_therm Active(1), Hi(1) 42000, Lo(0) -2147483648, Interval(1) 5000
01-06 06:50:09.329   475   660 D ThermalEngine: sensor_monitor: case_therm Sensor wait.
01-06 06:50:09.329   475   660 D ThermalEngine: sensor_wait: case_therm Wait start. 5000ms
01-06 06:50:09.979   485   485 I Gecko   : [BrowserElement] event type: keydown, key: Enter, target: [object HTMLIFrameElement], src: app://settings.gaiamobile.org/index.html, id: browser15, class: browser
01-06 06:50:09.979  7315  7315 I FocusManager: << focus() called >>
01-06 06:50:09.979  7315  7315 I FocusManager:    trying to set focus on, tag: LI, id: fota-settings, class: focus
01-06 06:50:09.979  7315  7315 I FocusManager: Warning: element is already focused.
01-06 06:50:09.999  7315  7315 I GeckoDump: fota_settings:network is not Available
01-06 06:50:09.999  7315  7315 I Gecko   : [BrowserElement] event type: keydown, key: Enter, target: [object HTMLLIElement], id: fota-settings, class: focus
01-06 06:50:10.019  7315  7315 E Settings: [JavaScript Error: "NotSupportedError: Operation is not supported" {file: "app://settings.gaiamobile.org/shared/elements/gaia_confirm/script.js" line: 125}]
01-06 06:50:10.019  7315  7315 E Settings: window.GaiaConfirm<@app://settings.gaiamobile.org/shared/elements/gaia_confirm/script.js:125:10
01-06 06:50:10.019  7315  7315 E Settings: @app://settings.gaiamobile.org/shared/elements/gaia_confirm/script.js:10:23
01-06 06:50:10.029  7315  7315 I FocusManager: << blur() called or ClearFocus called >>
01-06 06:50:10.029  7315  7315 I FocusManager: <- blur on, tag: LI, id: fota-settings, class: focus
01-06 06:50:10.039  7315  7315 I FocusManager: << focus() called >>
01-06 06:50:10.039  7315  7315 I FocusManager:    trying to set focus on, tag: FORM, id: softkeyPanel, class: skbar none-paddings visible focused
01-06 06:50:10.059  7315  7315 I FocusManager: Warning: element is not focusable.
01-06 06:50:10.059  7315  7315 W Settings: [JavaScript Warning: "Error in parsing value for 'border-radius'.  Declaration dropped." {file: "app://settings.gaiamobile.org/shared/elements/gaia_confirm/style.css" line: 36 column: 17 source: "  border-radius: none;"}]
01-06 06:50:10.189   485   485 I Gecko   : [BrowserElement] event type: keyup, key: Enter, target: [object HTMLIFrameElement], src: app://settings.gaiamobile.org/index.html, id: browser15, class: browser
01-06 06:50:10.199  7315  7315 I Gecko   : [BrowserElement] event type: keyup, key: Enter, target: [object HTMLBodyElement], class: skin-organic uninit theme-settings
01-06 06:50:11.929   485   485 I Gecko   : [BrowserElement] event type: keydown, key: Backspace, target: [object HTMLIFrameElement], src: app://settings.gaiamobile.org/index.html, id: browser15, class: browser
01-06 06:50:11.929  7315  7315 I FocusManager: << focus() called >>
01-06 06:50:11.929  7315  7315 I FocusManager:    trying to set focus on, tag: LI, id: fota-settings, class: focus
01-06 06:50:11.949  2525  2525 E sdcard  : missing packages.list; retrying
01-06 06:50:11.959  7315  7315 I FocusManager:    current focused element, NULL, tag: , id: , class: 
01-06 06:50:11.959  7315  7315 I FocusManager: <- blur on, NULL, tag: , id: , class: 
01-06 06:50:11.959  7315  7315 I FocusManager: -> focus is now on, tag: LI, id: fota-settings, class: focus
01-06 06:50:11.969  7315  7315 I Gecko   : [BrowserElement] event type: keydown, key: Backspace, target: [object HTMLBodyElement], class: skin-organic uninit theme-settings
01-06 06:50:12.129   485   485 E GeckoConsole: Content JS ERROR: Unexpected hardware key:  backspace-button-release 
01-06 06:50:12.129   485   485 E GeckoConsole:     at HardwareButtonsBaseState.prototype.process (app://system.gaiamobile.org/js/hardware_buttons.js:14:1)
01-06 06:50:12.129   485   485 E GeckoConsole:     at hb_handleEvent (app://system.gaiamobile.org/js/hardware_buttons.js:9:1)
01-06 06:50:12.139   485   485 I Gecko   : [BrowserElement] event type: keyup, key: Backspace, target: [object HTMLIFrameElement], src: app://settings.gaiamobile.org/index.html, id: browser15, class: browser
01-06 06:50:12.149  7315  7315 I Gecko   : [BrowserElement] event type: keyup, key: Backspace, target: [object HTMLLIElement], id: fota-settings, class: focus
01-06 06:50:12.149   485   485 E GeckoConsole: Content JS ERROR: Unexpected hardware key:  backspace-button-release 
01-06 06:50:12.149   485   485 E GeckoConsole:     at HardwareButtonsBaseState.prototype.process (app://system.gaiamobile.org/js/hardware_buttons.js:14:1)
01-06 06:50:12.149   485   485 E GeckoConsole:     at hb_handleEvent (app://system.gaiamobile.org/js/hardware_buttons.js:9:1)
01-06 06:50:13.039   485   485 I Gecko   : [BrowserElement] event type: keydown, key: ArrowDown, target: [object HTMLIFrameElement], src: app://settings.gaiamobile.org/index.html, id: browser15, class: browser
01-06 06:50:13.049  7315  7315 I FocusManager: << focus() called >>
01-06 06:50:13.049  7315  7315 I FocusManager:    trying to set focus on, tag: LI, id: , class: focus
01-06 06:50:13.049  7315  7315 I FocusManager:    current focused element, tag: LI, id: fota-settings, class: 
01-06 06:50:13.059  7315  7315 I FocusManager: <- blur on, tag: LI, id: fota-settings, class: 
01-06 06:50:13.059  7315  7315 I FocusManager: -> focus is now on, tag: LI, id: , class: focus
01-06 06:50:13.069  7315  7315 I Gecko   : [BrowserElement] event type: keydown, key: ArrowDown, target: [object HTMLLIElement], id: fota-settings
01-06 06:50:13.219   485   485 I Gecko   : [BrowserElement] event type: keyup, key: ArrowDown, target: [object HTMLIFrameElement], src: app://settings.gaiamobile.org/index.html, id: browser15, class: browser
01-06 06:50:13.219  7315  7315 I Gecko   : [BrowserElement] event type: keyup, key: ArrowDown, target: [object HTMLLIElement], class: focus
01-06 06:50:13.419   485   485 I Gecko   : [BrowserElement] event type: keydown, key: ArrowDown, target: [object HTMLIFrameElement], src: app://settings.gaiamobile.org/index.html, id: browser15, class: browser
01-06 06:50:13.429  7315  7315 I FocusManager: << focus() called >>
01-06 06:50:13.429  7315  7315 I FocusManager:    trying to set focus on, tag: LI, id: , class: focus
01-06 06:50:13.429  7315  7315 I FocusManager:    current focused element, tag: LI, id: , class: 
01-06 06:50:13.429  7315  7315 I FocusManager: <- blur on, tag: LI, id: , class: 
01-06 06:50:13.439  7315  7315 I FocusManager: -> focus is now on, tag: LI, id: , class: focus
01-06 06:50:13.439  7315  7315 I Gecko   : [BrowserElement] event type: keydown, key: ArrowDown, target: [object HTMLLIElement]
01-06 06:50:13.509   485   485 I Gecko   : [BrowserElement] event type: keyup, key: ArrowDown, target: [object HTMLIFrameElement], src: app://settings.gaiamobile.org/index.html, id: browser15, class: browser
01-06 06:50:13.519  7315  7315 I Gecko   : [BrowserElement] event type: keyup, key: ArrowDown, target: [object HTMLLIElement], class: focus
01-06 06:50:13.969   485   485 I Gecko   : [BrowserElement] event type: keydown, key: ArrowDown, target: [object HTMLIFrameElement], src: app://settings.gaiamobile.org/index.html, id: browser15, class: browser
01-06 06:50:13.989  7315  7315 I FocusManager: << focus() called >>
01-06 06:50:13.989  7315  7315 I FocusManager:    trying to set focus on, tag: LI, id: , class: focus
01-06 06:50:13.989  7315  7315 I FocusManager:    current focused element, tag: LI, id: , class: 
01-06 06:50:13.999  7315  7315 I FocusManager: <- blur on, tag: LI, id: , class: 
01-06 06:50:13.999  7315  7315 I FocusManager: -> focus is now on, tag: LI, id: , class: focus
01-06 06:50:14.009  7315  7315 I Gecko   : [BrowserElement] event type: keydown, key: ArrowDown, target: [object HTMLLIElement]
01-06 06:50:14.149   485   485 I Gecko   : [BrowserElement] event type: keyup, key: ArrowDown, target: [object HTMLIFrameElement], src: app://settings.gaiamobile.org/index.html, id: browser15, class: browser
01-06 06:50:14.159  7315  7315 I Gecko   : [BrowserElement] event type: keyup, key: ArrowDown, target: [object HTMLLIElement], class: focus
01-06 06:50:14.329   475   658 D ThermalEngine: sensor_wait: xo_therm Wait done.
01-06 06:50:14.329   475   658 D ThermalEngine: sensor_monitor: xo_therm Reading 38000 .
01-06 06:50:14.329   475   658 I ThermalEngine: Sensor:xo_therm:38000 mC
01-06 06:50:14.329   475   658 D ThermalEngine: update_active_thresh: xo_therm Active(1), Hi(1) 39000, Lo(0) -2147483648, Interval(1) 5000
01-06 06:50:14.329   475   658 D ThermalEngine: sensor_monitor: xo_therm Sensor wait.
01-06 06:50:14.329   475   658 D ThermalEngine: sensor_wait: xo_therm Wait start. 5000ms
01-06 06:50:14.329   475   660 D ThermalEngine: sensor_wait: case_therm Wait done.
01-06 06:50:14.339   475   660 D ThermalEngine: sensor_monitor: case_therm Reading 30000 .
01-06 06:50:14.339   475   660 I ThermalEngine: Sensor:case_therm:30000 mC
01-06 06:50:14.339   475   660 D ThermalEngine: update_active_thresh: case_therm Active(1), Hi(1) 42000, Lo(0) -2147483648, Interval(1) 5000
01-06 06:50:14.339   475   660 D ThermalEngine: sensor_monitor: case_therm Sensor wait.
01-06 06:50:14.339   475   660 D ThermalEngine: sensor_wait: case_therm Wait start. 5000ms
01-06 06:50:14.949  2525  2525 E sdcard  : missing packages.list; retrying
01-06 06:50:15.739   485   485 I Gecko   : [BrowserElement] event type: keydown, key: ArrowUp, target: [object HTMLIFrameElement], src: app://settings.gaiamobile.org/index.html, id: browser15, class: browser
01-06 06:50:15.759  7315  7315 I FocusManager: << focus() called >>
01-06 06:50:15.759  7315  7315 I FocusManager:    trying to set focus on, tag: LI, id: , class: focus
01-06 06:50:15.759  7315  7315 I FocusManager:    current focused element, tag: LI, id: , class: 
01-06 06:50:15.759  7315  7315 I FocusManager: <- blur on, tag: LI, id: , class: 
01-06 06:50:15.759  7315  7315 I FocusManager: -> focus is now on, tag: LI, id: , class: focus
01-06 06:50:15.769  7315  7315 I Gecko   : [BrowserElement] event type: keydown, key: ArrowUp, target: [object HTMLLIElement]
01-06 06:50:15.919   485   485 I Gecko   : [BrowserElement] event type: keyup, key: ArrowUp, target: [object HTMLIFrameElement], src: app://settings.gaiamobile.org/index.html, id: browser15, class: browser
01-06 06:50:15.919  7315  7315 I Gecko   : [BrowserElement] event type: keyup, key: ArrowUp, target: [object HTMLLIElement], class: focus
01-06 06:50:16.229   485   485 I Gecko   : [BrowserElement] event type: keydown, key: ArrowUp, target: [object HTMLIFrameElement], src: app://settings.gaiamobile.org/index.html, id: browser15, class: browser
01-06 06:50:16.239  7315  7315 I FocusManager: << focus() called >>
01-06 06:50:16.239  7315  7315 I FocusManager:    trying to set focus on, tag: LI, id: , class: focus
01-06 06:50:16.249  7315  7315 I FocusManager:    current focused element, tag: LI, id: , class: 
01-06 06:50:16.249  7315  7315 I FocusManager: <- blur on, tag: LI, id: , class: 
01-06 06:50:16.249  7315  7315 I FocusManager: -> focus is now on, tag: LI, id: , class: focus
01-06 06:50:16.259  7315  7315 I Gecko   : [BrowserElement] event type: keydown, key: ArrowUp, target: [object HTMLLIElement]
01-06 06:50:16.439   485   485 I Gecko   : [BrowserElement] event type: keyup, key: ArrowUp, target: [object HTMLIFrameElement], src: app://settings.gaiamobile.org/index.html, id: browser15, class: browser
01-06 06:50:16.449  7315  7315 I Gecko   : [BrowserElement] event type: keyup, key: ArrowUp, target: [object HTMLLIElement], class: focus
01-06 06:50:17.129   485   485 I Gecko   : [BrowserElement] event type: keydown, key: Enter, target: [object HTMLIFrameElement], src: app://settings.gaiamobile.org/index.html, id: browser15, class: browser
01-06 06:50:17.129  7315  7315 I FocusManager: << focus() called >>
01-06 06:50:17.129  7315  7315 I FocusManager:    trying to set focus on, tag: LI, id: , class: focus
01-06 06:50:17.129  7315  7315 I FocusManager: Warning: element is already focused.
01-06 06:50:17.159  7315  7315 I Gecko   : [BrowserElement] event type: keydown, key: Enter, target: [object HTMLLIElement], class: focus
01-06 06:50:17.339   485   485 I Gecko   : [BrowserElement] event type: keyup, key: Enter, target: [object HTMLIFrameElement], src: app://settings.gaiamobile.org/index.html, id: browser15, class: browser
01-06 06:50:17.519  7315  7315 I Gecko   : [BrowserElement] event type: keyup, key: Enter, target: [object HTMLLIElement], class: focus
01-06 06:50:17.529  7315  7315 I FocusManager: << focus() called >>
01-06 06:50:17.529  7315  7315 I FocusManager:    trying to set focus on, tag: FORM, id: softkeyPanel, class: skbar none-paddings visible focused
01-06 06:50:17.529  7315  7315 I FocusManager: Warning: element is not focusable.
01-06 06:50:17.949  7315  7315 I Settings: Content JS LOG: ***open new page operation, previous panel --> #root 
01-06 06:50:17.949  7315  7315 I Settings:     at _findNaviId (app://settings.gaiamobile.org/js/navigation_map.js:440:9)
01-06 06:50:17.949  7315  7315 I Settings: Content JS LOG: ***previous panel focus navi id --> 44 
01-06 06:50:17.949  7315  7315 I Settings:     at _findNaviId (app://settings.gaiamobile.org/js/navigation_map.js:452:9)
01-06 06:50:17.949  7315  7315 I FocusManager: << focus() called >>
01-06 06:50:17.949  7315  7315 I FocusManager:    trying to set focus on, tag: LI, id: , class: none-select focus
01-06 06:50:17.949  2525  2525 E sdcard  : missing packages.list; retrying
01-06 06:50:18.019  7315  7315 I FocusManager:    current focused element, tag: LI, id: , class: 
01-06 06:50:18.019  7315  7315 I FocusManager: <- blur on, tag: LI, id: , class: 
01-06 06:50:18.019  7315  7315 I FocusManager: -> focus is now on, tag: LI, id: , class: none-select focus
01-06 06:50:18.029  7315  7315 I Settings: Content JS LOG: NavigationMap update 
01-06 06:50:18.029  7315  7315 I Settings:     at _update (app://settings.gaiamobile.org/js/navigation_map.js:401:7)
01-06 06:50:18.739   485   485 I Gecko   : [BrowserElement] event type: keydown, key: ArrowDown, target: [object HTMLIFrameElement], src: app://settings.gaiamobile.org/index.html, id: browser15, class: browser
01-06 06:50:18.749  7315  7315 I FocusManager: << focus() called >>
01-06 06:50:18.749  7315  7315 I FocusManager:    trying to set focus on, tag: LI, id: , class: none-select focus
01-06 06:50:18.749  7315  7315 I FocusManager:    current focused element, tag: LI, id: , class: none-select
01-06 06:50:18.749  7315  7315 I FocusManager: <- blur on, tag: LI, id: , class: none-select
01-06 06:50:18.759  7315  7315 I FocusManager: -> focus is now on, tag: LI, id: , class: none-select focus
01-06 06:50:18.759  7315  7315 I Gecko   : [BrowserElement] event type: keydown, key: ArrowDown, target: [object HTMLLIElement], class: none-select
01-06 06:50:18.969   485   485 I Gecko   : [BrowserElement] event type: keyup, key: ArrowDown, target: [object HTMLIFrameElement], src: app://settings.gaiamobile.org/index.html, id: browser15, class: browser
01-06 06:50:18.969  7315  7315 I Gecko   : [BrowserElement] event type: keyup, key: ArrowDown, target: [object HTMLLIElement], class: none-select focus
01-06 06:50:19.179   485   485 I Gecko   : [BrowserElement] event type: keydown, key: ArrowDown, target: [object HTMLIFrameElement], src: app://settings.gaiamobile.org/index.html, id: browser15, class: browser
01-06 06:50:19.189  7315  7315 I FocusManager: << focus() called >>
01-06 06:50:19.189  7315  7315 I FocusManager:    trying to set focus on, tag: LI, id: , class: focus
01-06 06:50:19.189  7315  7315 I FocusManager:    current focused element, tag: LI, id: , class: none-select
01-06 06:50:19.199  7315  7315 I FocusManager: <- blur on, tag: LI, id: , class: none-select
01-06 06:50:19.199  7315  7315 I FocusManager: -> focus is now on, tag: LI, id: , class: focus
01-06 06:50:19.209  7315  7315 I Gecko   : [BrowserElement] event type: keydown, key: ArrowDown, target: [object HTMLLIElement], class: none-select
01-06 06:50:19.339   475   658 D ThermalEngine: sensor_wait: xo_therm Wait done.
01-06 06:50:19.339   475   660 D ThermalEngine: sensor_wait: case_therm Wait done.
01-06 06:50:19.339   475   658 D ThermalEngine: sensor_monitor: xo_therm Reading 38000 .
01-06 06:50:19.339   475   658 I ThermalEngine: Sensor:xo_therm:38000 mC
01-06 06:50:19.339   475   658 D ThermalEngine: update_active_thresh: xo_therm Active(1), Hi(1) 39000, Lo(0) -2147483648, Interval(1) 5000
01-06 06:50:19.339   475   658 D ThermalEngine: sensor_monitor: xo_therm Sensor wait.
01-06 06:50:19.339   475   658 D ThermalEngine: sensor_wait: xo_therm Wait start. 5000ms
01-06 06:50:19.339   475   660 D ThermalEngine: sensor_monitor: case_therm Reading 30000 .
01-06 06:50:19.339   475   660 I ThermalEngine: Sensor:case_therm:30000 mC
01-06 06:50:19.339   475   660 D ThermalEngine: update_active_thresh: case_therm Active(1), Hi(1) 42000, Lo(0) -2147483648, Interval(1) 5000
01-06 06:50:19.339   475   660 D ThermalEngine: sensor_monitor: case_therm Sensor wait.
01-06 06:50:19.339   475   660 D ThermalEngine: sensor_wait: case_therm Wait start. 5000ms
01-06 06:50:19.399   485   485 I Gecko   : [BrowserElement] event type: keyup, key: ArrowDown, target: [object HTMLIFrameElement], src: app://settings.gaiamobile.org/index.html, id: browser15, class: browser
01-06 06:50:19.399  7315  7315 I Gecko   : [BrowserElement] event type: keyup, key: ArrowDown, target: [object HTMLLIElement], class: focus
01-06 06:50:19.459  7315  7315 I FocusManager: << focus() called >>
01-06 06:50:19.459  7315  7315 I FocusManager:    trying to set focus on, tag: FORM, id: softkeyPanel, class: skbar none-paddings visible focused
01-06 06:50:19.479  7315  7315 I FocusManager: Warning: element is not focusable.
01-06 06:50:19.859   485   485 I Gecko   : [BrowserElement] event type: keydown, key: Enter, target: [object HTMLIFrameElement], src: app://settings.gaiamobile.org/index.html, id: browser15, class: browser
01-06 06:50:19.859  7315  7315 I FocusManager: << focus() called >>
01-06 06:50:19.859  7315  7315 I FocusManager:    trying to set focus on, tag: LI, id: , class: focus
01-06 06:50:19.859  7315  7315 I FocusManager: Warning: element is already focused.
01-06 06:50:19.909  7315  7315 I Gecko   : [BrowserElement] event type: keydown, key: Enter, target: [object HTMLLIElement], class: focus
01-06 06:50:20.019   485   485 D NS_TELEPHONY_SERVICE: EnumerateCalls:
01-06 06:50:20.069   485   485 I Gecko   : [BrowserElement] event type: keyup, key: Enter, target: [object HTMLIFrameElement], src: app://settings.gaiamobile.org/index.html, id: browser15, class: browser
01-06 06:50:20.149  7315  7315 I Gecko   : [BrowserElement] event type: keyup, key: Enter, target: [object HTMLLIElement], class: focus
01-06 06:50:20.559  7315  7315 I Settings: Content JS LOG: ***open new page operation, previous panel --> #about 
01-06 06:50:20.559  7315  7315 I Settings:     at _findNaviId (app://settings.gaiamobile.org/js/navigation_map.js:440:9)
01-06 06:50:20.569  7315  7315 I Settings: Content JS LOG: ***previous panel focus navi id --> 51 
01-06 06:50:20.569  7315  7315 I Settings:     at _findNaviId (app://settings.gaiamobile.org/js/navigation_map.js:452:9)
01-06 06:50:20.569  7315  7315 I FocusManager: << focus() called >>
01-06 06:50:20.569  7315  7315 I FocusManager:    trying to set focus on, tag: LI, id: , class: focus
01-06 06:50:20.589  7315  7315 I FocusManager:    current focused element, tag: LI, id: , class: 
01-06 06:50:20.589  7315  7315 I FocusManager: <- blur on, tag: LI, id: , class: 
01-06 06:50:20.599  7315  7315 I FocusManager: -> focus is now on, tag: LI, id: , class: focus
01-06 06:50:20.609  7315  7315 I Settings: Content JS LOG: NavigationMap update 
01-06 06:50:20.609  7315  7315 I Settings:     at _update (app://settings.gaiamobile.org/js/navigation_map.js:401:7)
01-06 06:50:20.949  2525  2525 E sdcard  : missing packages.list; retrying
01-06 06:50:21.359   485   485 I Gecko   : [BrowserElement] event type: keydown, key: ArrowDown, target: [object HTMLIFrameElement], src: app://settings.gaiamobile.org/index.html, id: browser15, class: browser
01-06 06:50:21.359  7315  7315 I FocusManager: << focus() called >>
01-06 06:50:21.359  7315  7315 I FocusManager:    trying to set focus on, tag: LI, id: , class: focus
01-06 06:50:21.369  7315  7315 I FocusManager:    current focused element, tag: LI, id: , class: 
01-06 06:50:21.369  7315  7315 I FocusManager: <- blur on, tag: LI, id: , class: 
01-06 06:50:21.369  7315  7315 I FocusManager: -> focus is now on, tag: LI, id: , class: focus
01-06 06:50:21.379  7315  7315 I Gecko   : [BrowserElement] event type: keydown, key: ArrowDown, target: [object HTMLLIElement]
01-06 06:50:21.559   485   485 I Gecko   : [BrowserElement] event type: keyup, key: ArrowDown, target: [object HTMLIFrameElement], src: app://settings.gaiamobile.org/index.html, id: browser15, class: browser
01-06 06:50:21.569  7315  7315 I Gecko   : [BrowserElement] event type: keyup, key: ArrowDown, target: [object HTMLLIElement], class: focus
01-06 06:50:23.949  2525  2525 E sdcard  : missing packages.list; retrying
01-06 06:50:23.959   485   485 I Gecko   : [BrowserElement] event type: keydown, key: Enter, target: [object HTMLIFrameElement], src: app://settings.gaiamobile.org/index.html, id: browser15, class: browser
01-06 06:50:23.969  7315  7315 I FocusManager: << focus() called >>
01-06 06:50:23.969  7315  7315 I FocusManager:    trying to set focus on, tag: LI, id: , class: focus
01-06 06:50:23.969  7315  7315 I FocusManager: Warning: element is already focused.
01-06 06:50:23.969  7315  7315 I Gecko   : [BrowserElement] event type: keydown, key: Enter, target: [object HTMLLIElement], class: focus
01-06 06:50:24.139   485   485 I Gecko   : [BrowserElement] event type: keyup, key: Enter, target: [object HTMLIFrameElement], src: app://settings.gaiamobile.org/index.html, id: browser15, class: browser
01-06 06:50:24.139  7315  7315 I Gecko   : [BrowserElement] event type: keyup, key: Enter, target: [object HTMLLIElement], class: focus
01-06 06:50:24.339   475   658 D ThermalEngine: sensor_wait: xo_therm Wait done.
01-06 06:50:24.339   475   658 D ThermalEngine: sensor_monitor: xo_therm Reading 38000 .
01-06 06:50:24.339   475   658 I ThermalEngine: Sensor:xo_therm:38000 mC
01-06 06:50:24.339   475   658 D ThermalEngine: update_active_thresh: xo_therm Active(1), Hi(1) 39000, Lo(0) -2147483648, Interval(1) 5000
01-06 06:50:24.339   475   658 D ThermalEngine: sensor_monitor: xo_therm Sensor wait.
01-06 06:50:24.339   475   658 D ThermalEngine: sensor_wait: xo_therm Wait start. 5000ms
01-06 06:50:24.339   475   660 D ThermalEngine: sensor_wait: case_therm Wait done.
01-06 06:50:24.339   475   660 D ThermalEngine: sensor_monitor: case_therm Reading 30000 .
01-06 06:50:24.339   475   660 I ThermalEngine: Sensor:case_therm:30000 mC
01-06 06:50:24.339   475   660 D ThermalEngine: update_active_thresh: case_therm Active(1), Hi(1) 42000, Lo(0) -2147483648, Interval(1) 5000
01-06 06:50:24.339   475   660 D ThermalEngine: sensor_monitor: case_therm Sensor wait.
01-06 06:50:24.339   475   660 D ThermalEngine: sensor_wait: case_therm Wait start. 5000ms
01-06 06:50:25.329   485   485 I Gecko   : [BrowserElement] event type: keydown, key: Enter, target: [object HTMLIFrameElement], src: app://settings.gaiamobile.org/index.html, id: browser15, class: browser
01-06 06:50:25.339  7315  7315 I FocusManager: << focus() called >>
01-06 06:50:25.339  7315  7315 I FocusManager:    trying to set focus on, tag: LI, id: , class: focus
01-06 06:50:25.339  7315  7315 I FocusManager: Warning: element is already focused.
01-06 06:50:25.339  7315  7315 I Gecko   : [BrowserElement] event type: keydown, key: Enter, target: [object HTMLLIElement], class: focus
01-06 06:50:25.569   485   485 I Gecko   : [BrowserElement] event type: keyup, key: Enter, target: [object HTMLIFrameElement], src: app://settings.gaiamobile.org/index.html, id: browser15, class: browser
01-06 06:50:25.579  7315  7315 I Gecko   : [BrowserElement] event type: keyup, key: Enter, target: [object HTMLLIElement], class: focus
01-06 06:50:26.239   485   485 I Gecko   : [BrowserElement] event type: keydown, key: Enter, target: [object HTMLIFrameElement], src: app://settings.gaiamobile.org/index.html, id: browser15, class: browser
01-06 06:50:26.239  7315  7315 I FocusManager: << focus() called >>
01-06 06:50:26.239  7315  7315 I FocusManager:    trying to set focus on, tag: LI, id: , class: focus
01-06 06:50:26.239  7315  7315 I FocusManager: Warning: element is already focused.
01-06 06:50:26.249  7315  7315 I Gecko   : [BrowserElement] event type: keydown, key: Enter, target: [object HTMLLIElement], class: focus
01-06 06:50:26.469   485   485 I Gecko   : [BrowserElement] event type: keyup, key: Enter, target: [object HTMLIFrameElement], src: app://settings.gaiamobile.org/index.html, id: browser15, class: browser
01-06 06:50:26.479  7315  7315 I Gecko   : [BrowserElement] event type: keyup, key: Enter, target: [object HTMLLIElement], class: focus
01-06 06:50:26.949  2525  2525 E sdcard  : missing packages.list; retrying
01-06 06:50:28.239   485   485 I Gecko   : [BrowserElement] event type: keydown, key: Enter, target: [object HTMLIFrameElement], src: app://settings.gaiamobile.org/index.html, id: browser15, class: browser
01-06 06:50:28.239  7315  7315 I FocusManager: << focus() called >>
01-06 06:50:28.239  7315  7315 I FocusManager:    trying to set focus on, tag: LI, id: , class: focus
01-06 06:50:28.239  7315  7315 I FocusManager: Warning: element is already focused.
01-06 06:50:28.249  7315  7315 I Gecko   : [BrowserElement] event type: keydown, key: Enter, target: [object HTMLLIElement], class: focus
01-06 06:50:28.429   485   485 I Gecko   : [BrowserElement] event type: keyup, key: Enter, target: [object HTMLIFrameElement], src: app://settings.gaiamobile.org/index.html, id: browser15, class: browser
01-06 06:50:28.439  7315  7315 I Gecko   : [BrowserElement] event type: keyup, key: Enter, target: [object HTMLLIElement], class: focus
