--------- beginning of system
01-06 06:14:58.829   238   238 I vold    : Vold 3.0 (the awakening) firing up
01-06 06:14:58.829   238   238 V vold    : Detected support for: ext4 vfat
01-06 06:15:01.479   445   445 I irsc_util: Starting irsc tool
01-06 06:15:01.529   445   445 I irsc_util: Num of entries:284
01-06 06:15:01.599   445   445 I irsc_util: Ending irsc tool
01-06 06:15:14.279   238   248 V vold    : Waiting for FUSE to spin up...
01-06 06:15:14.339   238   248 V vold    : Waiting for FUSE to spin up...
01-06 06:15:14.399   238   248 D vold    : Linking /storage/emulated/0 to /mnt/user/0/primary
01-06 06:15:17.549   485   485 I Gecko   : ============ KaiOS device information ============
01-06 06:15:17.549   485   485 I Gecko   : Build UID         = 
01-06 06:15:17.549   485   485 I Gecko   : Build Description = msm8909_512-userdebug 6.0.1 MMB29M LYF_F30C-000-09-20-270319_i release-keys
01-06 06:15:17.549   485   485 I Gecko   : Bootloader        = unknown
01-06 06:15:17.549   485   485 I Gecko   : ==================================================
01-06 06:15:56.509  2406  4514 E NetlinkEvent: Unknown ifindex 23 in RTM_DELADDR
01-06 06:25:29.899  2406  4514 E NetlinkEvent: Unknown ifindex 25 in RTM_DELADDR
01-06 06:39:36.799  2406  4514 E NetlinkEvent: Unknown ifindex 27 in RTM_DELADDR
01-06 06:39:36.799  2406  4514 E NetlinkEvent: Unknown ifindex 27 in RTM_DELADDR
01-06 06:40:46.689  2406  4514 E NetlinkEvent: Unknown ifindex 28 in RTM_DELADDR
01-06 06:40:46.689  2406  4514 E NetlinkEvent: Unknown ifindex 28 in RTM_DELADDR
01-06 06:40:54.759  2406  4514 E NetlinkEvent: Unknown ifindex 29 in RTM_DELADDR
01-06 06:48:27.519  2406  4514 E NetlinkEvent: Unknown ifindex 30 in RTM_DELADDR
01-06 06:48:27.519  2406  4514 E NetlinkEvent: Unknown ifindex 30 in RTM_DELADDR
--------- beginning of main
01-06 06:48:43.059  7155  7155 I Settings: Content JS LOG: before-------info [object Object] 
01-06 06:48:43.059  7155  7155 I Settings:     at _rootReset (app://settings.gaiamobile.org/js/navigation_map.js:248:9)
01-06 06:48:43.059  7155  7155 I Settings: Content JS LOG: before-------info [object Object] 
01-06 06:48:43.059  7155  7155 I Settings:     at _rootReset (app://settings.gaiamobile.org/js/navigation_map.js:248:9)
01-06 06:48:43.059  7155  7155 I Settings: Content JS LOG: before-------info [object Object] 
01-06 06:48:43.059  7155  7155 I Settings:     at _rootReset (app://settings.gaiamobile.org/js/navigation_map.js:248:9)
01-06 06:48:43.069  7155  7155 I FocusManager: << focus() called >>
01-06 06:48:43.069  7155  7155 I FocusManager:    trying to set focus on, tag: LI, id: , class: focus
01-06 06:48:43.089  7155  7155 I FocusManager:    current focused element, tag: LI, id: , class: 
01-06 06:48:43.089  7155  7155 I FocusManager: <- blur on, tag: LI, id: , class: 
01-06 06:48:43.089  7155  7155 I FocusManager: -> focus is now on, tag: LI, id: , class: focus
01-06 06:48:43.099  7155  7155 I Settings: Content JS LOG: NavigationMap update 
01-06 06:48:43.099  7155  7155 I Settings:     at _update (app://settings.gaiamobile.org/js/navigation_map.js:401:7)
01-06 06:48:43.109  7155  7155 I Gecko   : [BrowserElement] event type: keydown, key: ArrowRight, target: [object HTMLLIElement]
01-06 06:48:43.179   485   485 I Gecko   : [BrowserElement] event type: keyup, key: ArrowRight, target: [object HTMLIFrameElement], src: app://settings.gaiamobile.org/index.html, id: browser14, class: browser
01-06 06:48:43.189  7155  7155 I Gecko   : [BrowserElement] event type: keyup, key: ArrowRight, target: [object HTMLLIElement], class: focus
01-06 06:48:43.479   485   485 I Gecko   : [BrowserElement] event type: keydown, key: ArrowRight, target: [object HTMLIFrameElement], src: app://settings.gaiamobile.org/index.html, id: browser14, class: browser
01-06 06:48:43.519  7155  7155 I Settings: Content JS LOG: before-------info [object Object] 
01-06 06:48:43.519  7155  7155 I Settings:     at _rootReset (app://settings.gaiamobile.org/js/navigation_map.js:248:9)
01-06 06:48:43.519  7155  7155 I Settings: Content JS LOG: before-------info [object Object] 
01-06 06:48:43.519  7155  7155 I Settings:     at _rootReset (app://settings.gaiamobile.org/js/navigation_map.js:248:9)
01-06 06:48:43.519  7155  7155 I Settings: Content JS LOG: before-------info [object Object] 
01-06 06:48:43.519  7155  7155 I Settings:     at _rootReset (app://settings.gaiamobile.org/js/navigation_map.js:248:9)
01-06 06:48:43.529  7155  7155 I Settings: Content JS LOG: before-------info [object Object] 
01-06 06:48:43.529  7155  7155 I Settings:     at _rootReset (app://settings.gaiamobile.org/js/navigation_map.js:248:9)
01-06 06:48:43.529  7155  7155 I Settings: Content JS LOG: before-------info [object Object] 
01-06 06:48:43.529  7155  7155 I Settings:     at _rootReset (app://settings.gaiamobile.org/js/navigation_map.js:248:9)
01-06 06:48:43.529  7155  7155 I Settings: Content JS LOG: before-------info [object Object] 
01-06 06:48:43.529  7155  7155 I Settings:     at _rootReset (app://settings.gaiamobile.org/js/navigation_map.js:248:9)
01-06 06:48:43.529  7155  7155 I Settings: Content JS LOG: before-------info [object Object] 
01-06 06:48:43.529  7155  7155 I Settings:     at _rootReset (app://settings.gaiamobile.org/js/navigation_map.js:248:9)
01-06 06:48:43.529  7155  7155 I Settings: Content JS LOG: before-------info [object Object] 
01-06 06:48:43.529  7155  7155 I Settings:     at _rootReset (app://settings.gaiamobile.org/js/navigation_map.js:248:9)
01-06 06:48:43.539  7155  7155 I Settings: Content JS LOG: before-------info [object Object] 
01-06 06:48:43.539  7155  7155 I Settings:     at _rootReset (app://settings.gaiamobile.org/js/navigation_map.js:248:9)
01-06 06:48:43.539  7155  7155 I FocusManager: << focus() called >>
01-06 06:48:43.539  7155  7155 I FocusManager:    trying to set focus on, tag: LI, id: , class: focus
01-06 06:48:43.559  7155  7155 I FocusManager:    current focused element, tag: LI, id: , class: 
01-06 06:48:43.559  7155  7155 I FocusManager: <- blur on, tag: LI, id: , class: 
01-06 06:48:43.559  7155  7155 I FocusManager: -> focus is now on, tag: LI, id: , class: focus
01-06 06:48:43.569  7155  7155 I Settings: Content JS LOG: NavigationMap update 
01-06 06:48:43.569  7155  7155 I Settings:     at _update (app://settings.gaiamobile.org/js/navigation_map.js:401:7)
01-06 06:48:43.569  7155  7155 I Gecko   : [BrowserElement] event type: keydown, key: ArrowRight, target: [object HTMLLIElement]
01-06 06:48:43.639   485   485 I Gecko   : [BrowserElement] event type: keyup, key: ArrowRight, target: [object HTMLIFrameElement], src: app://settings.gaiamobile.org/index.html, id: browser14, class: browser
01-06 06:48:43.639  7155  7155 I Gecko   : [BrowserElement] event type: keyup, key: ArrowRight, target: [object HTMLLIElement], class: focus
01-06 06:48:44.289   475   658 D ThermalEngine: sensor_wait: xo_therm Wait done.
01-06 06:48:44.289   475   660 D ThermalEngine: sensor_wait: case_therm Wait done.
01-06 06:48:44.289   475   658 D ThermalEngine: sensor_monitor: xo_therm Reading 37000 .
01-06 06:48:44.289   475   658 I ThermalEngine: Sensor:xo_therm:37000 mC
01-06 06:48:44.289   475   658 D ThermalEngine: update_active_thresh: xo_therm Active(1), Hi(1) 39000, Lo(0) -2147483648, Interval(1) 5000
01-06 06:48:44.289   475   658 D ThermalEngine: sensor_monitor: xo_therm Sensor wait.
01-06 06:48:44.289   475   658 D ThermalEngine: sensor_wait: xo_therm Wait start. 5000ms
01-06 06:48:44.289   475   660 D ThermalEngine: sensor_monitor: case_therm Reading 30000 .
01-06 06:48:44.289   475   660 I ThermalEngine: Sensor:case_therm:30000 mC
01-06 06:48:44.289   475   660 D ThermalEngine: update_active_thresh: case_therm Active(1), Hi(1) 42000, Lo(0) -2147483648, Interval(1) 5000
01-06 06:48:44.289   475   660 D ThermalEngine: sensor_monitor: case_therm Sensor wait.
01-06 06:48:44.289   475   660 D ThermalEngine: sensor_wait: case_therm Wait start. 5000ms
01-06 06:48:44.379   485   485 I Gecko   : [BrowserElement] event type: keydown, key: ArrowRight, target: [object HTMLIFrameElement], src: app://settings.gaiamobile.org/index.html, id: browser14, class: browser
01-06 06:48:44.419  7155  7155 I Settings: Content JS LOG: before-------info [object Object] 
01-06 06:48:44.419  7155  7155 I Settings:     at _rootReset (app://settings.gaiamobile.org/js/navigation_map.js:248:9)
01-06 06:48:44.419  7155  7155 I Settings: Content JS LOG: before-------info [object Object] 
01-06 06:48:44.419  7155  7155 I Settings:     at _rootReset (app://settings.gaiamobile.org/js/navigation_map.js:248:9)
01-06 06:48:44.419  7155  7155 I Settings: Content JS LOG: before-------info [object Object] 
01-06 06:48:44.419  7155  7155 I Settings:     at _rootReset (app://settings.gaiamobile.org/js/navigation_map.js:248:9)
01-06 06:48:44.419  7155  7155 I Settings: Content JS LOG: before-------info [object Object] 
01-06 06:48:44.419  7155  7155 I Settings:     at _rootReset (app://settings.gaiamobile.org/js/navigation_map.js:248:9)
01-06 06:48:44.419  7155  7155 I Settings: Content JS LOG: before-------info [object Object] 
01-06 06:48:44.419  7155  7155 I Settings:     at _rootReset (app://settings.gaiamobile.org/js/navigation_map.js:248:9)
01-06 06:48:44.419  7155  7155 I Settings: Content JS LOG: before-------info [object Object] 
01-06 06:48:44.419  7155  7155 I Settings:     at _rootReset (app://settings.gaiamobile.org/js/navigation_map.js:248:9)
01-06 06:48:44.419  7155  7155 I Settings: Content JS LOG: before-------info [object Object] 
01-06 06:48:44.419  7155  7155 I Settings:     at _rootReset (app://settings.gaiamobile.org/js/navigation_map.js:248:9)
01-06 06:48:44.419  7155  7155 I Settings: Content JS LOG: before-------info [object Object] 
01-06 06:48:44.419  7155  7155 I Settings:     at _rootReset (app://settings.gaiamobile.org/js/navigation_map.js:248:9)
01-06 06:48:44.419  7155  7155 I Settings: Content JS LOG: before-------info [object Object] 
01-06 06:48:44.419  7155  7155 I Settings:     at _rootReset (app://settings.gaiamobile.org/js/navigation_map.js:248:9)
01-06 06:48:44.429  7155  7155 I FocusManager: << focus() called >>
01-06 06:48:44.429  7155  7155 I FocusManager:    trying to set focus on, tag: LI, id: , class: focus
01-06 06:48:44.459  7155  7155 I FocusManager:    current focused element, tag: LI, id: , class: 
01-06 06:48:44.459  7155  7155 I FocusManager: <- blur on, tag: LI, id: , class: 
01-06 06:48:44.459  7155  7155 I FocusManager: -> focus is now on, tag: LI, id: , class: focus
01-06 06:48:44.469  7155  7155 I Settings: Content JS LOG: NavigationMap update 
01-06 06:48:44.469  7155  7155 I Settings:     at _update (app://settings.gaiamobile.org/js/navigation_map.js:401:7)
01-06 06:48:44.469  7155  7155 I Gecko   : [BrowserElement] event type: keydown, key: ArrowRight, target: [object HTMLLIElement]
01-06 06:48:44.559   485   485 I Gecko   : [BrowserElement] event type: keyup, key: ArrowRight, target: [object HTMLIFrameElement], src: app://settings.gaiamobile.org/index.html, id: browser14, class: browser
01-06 06:48:44.559  7155  7155 I Gecko   : [BrowserElement] event type: keyup, key: ArrowRight, target: [object HTMLLIElement], class: focus
01-06 06:48:44.929  2525  2525 E sdcard  : missing packages.list; retrying
01-06 06:48:45.039   485   485 I Gecko   : [BrowserElement] event type: keydown, key: ArrowRight, target: [object HTMLIFrameElement], src: app://settings.gaiamobile.org/index.html, id: browser14, class: browser
01-06 06:48:45.069  7155  7155 I Settings: Content JS LOG: before-------info [object Object] 
01-06 06:48:45.069  7155  7155 I Settings:     at _rootReset (app://settings.gaiamobile.org/js/navigation_map.js:248:9)
01-06 06:48:45.079  7155  7155 I Settings: Content JS LOG: before-------info [object Object] 
01-06 06:48:45.079  7155  7155 I Settings:     at _rootReset (app://settings.gaiamobile.org/js/navigation_map.js:248:9)
01-06 06:48:45.079  7155  7155 I Settings: Content JS LOG: before-------info [object Object] 
01-06 06:48:45.079  7155  7155 I Settings:     at _rootReset (app://settings.gaiamobile.org/js/navigation_map.js:248:9)
01-06 06:48:45.079  7155  7155 I Settings: Content JS LOG: before-------info [object Object] 
01-06 06:48:45.079  7155  7155 I Settings:     at _rootReset (app://settings.gaiamobile.org/js/navigation_map.js:248:9)
01-06 06:48:45.079  7155  7155 I Settings: Content JS LOG: before-------info [object Object] 
01-06 06:48:45.079  7155  7155 I Settings:     at _rootReset (app://settings.gaiamobile.org/js/navigation_map.js:248:9)
01-06 06:48:45.079  7155  7155 I Settings: Content JS LOG: before-------info [object Object] 
01-06 06:48:45.079  7155  7155 I Settings:     at _rootReset (app://settings.gaiamobile.org/js/navigation_map.js:248:9)
01-06 06:48:45.079  7155  7155 I Settings: Content JS LOG: before-------info [object Object] 
01-06 06:48:45.079  7155  7155 I Settings:     at _rootReset (app://settings.gaiamobile.org/js/navigation_map.js:248:9)
01-06 06:48:45.079  7155  7155 I Settings: Content JS LOG: before-------info [object Object] 
01-06 06:48:45.079  7155  7155 I Settings:     at _rootReset (app://settings.gaiamobile.org/js/navigation_map.js:248:9)
01-06 06:48:45.079  7155  7155 I Settings: Content JS LOG: before-------info [object Object] 
01-06 06:48:45.079  7155  7155 I Settings:     at _rootReset (app://settings.gaiamobile.org/js/navigation_map.js:248:9)
01-06 06:48:45.089  7155  7155 I FocusManager: << focus() called >>
01-06 06:48:45.089  7155  7155 I FocusManager:    trying to set focus on, tag: LI, id: , class: focus
01-06 06:48:45.129  7155  7155 I FocusManager:    current focused element, tag: LI, id: , class: 
01-06 06:48:45.129  7155  7155 I FocusManager: <- blur on, tag: LI, id: , class: 
01-06 06:48:45.129  7155  7155 I FocusManager: -> focus is now on, tag: LI, id: , class: focus
01-06 06:48:45.139  7155  7155 I Settings: Content JS LOG: NavigationMap update 
01-06 06:48:45.139  7155  7155 I Settings:     at _update (app://settings.gaiamobile.org/js/navigation_map.js:401:7)
01-06 06:48:45.139  7155  7155 I Gecko   : [BrowserElement] event type: keydown, key: ArrowRight, target: [object HTMLLIElement]
01-06 06:48:45.249   485   485 I Gecko   : [BrowserElement] event type: keyup, key: ArrowRight, target: [object HTMLIFrameElement], src: app://settings.gaiamobile.org/index.html, id: browser14, class: browser
01-06 06:48:45.249  7155  7155 I Gecko   : [BrowserElement] event type: keyup, key: ArrowRight, target: [object HTMLLIElement], class: focus
01-06 06:48:46.009   485   485 I Gecko   : [BrowserElement] event type: keydown, key: ArrowRight, target: [object HTMLIFrameElement], src: app://settings.gaiamobile.org/index.html, id: browser14, class: browser
01-06 06:48:46.029  7155  7155 I Settings: Content JS LOG: before-------info [object Object] 
01-06 06:48:46.029  7155  7155 I Settings:     at _rootReset (app://settings.gaiamobile.org/js/navigation_map.js:248:9)
01-06 06:48:46.039  7155  7155 I Settings: Content JS LOG: before-------info [object Object] 
01-06 06:48:46.039  7155  7155 I Settings:     at _rootReset (app://settings.gaiamobile.org/js/navigation_map.js:248:9)
01-06 06:48:46.039  7155  7155 I Settings: Content JS LOG: before-------info [object Object] 
01-06 06:48:46.039  7155  7155 I Settings:     at _rootReset (app://settings.gaiamobile.org/js/navigation_map.js:248:9)
01-06 06:48:46.039  7155  7155 I Settings: Content JS LOG: before-------info [object Object] 
01-06 06:48:46.039  7155  7155 I Settings:     at _rootReset (app://settings.gaiamobile.org/js/navigation_map.js:248:9)
01-06 06:48:46.039  7155  7155 I Settings: Content JS LOG: before-------info [object Object] 
01-06 06:48:46.039  7155  7155 I Settings:     at _rootReset (app://settings.gaiamobile.org/js/navigation_map.js:248:9)
01-06 06:48:46.039  7155  7155 I Settings: Content JS LOG: before-------info [object Object] 
01-06 06:48:46.039  7155  7155 I Settings:     at _rootReset (app://settings.gaiamobile.org/js/navigation_map.js:248:9)
01-06 06:48:46.039  7155  7155 I Settings: Content JS LOG: before-------info [object Object] 
01-06 06:48:46.039  7155  7155 I Settings:     at _rootReset (app://settings.gaiamobile.org/js/navigation_map.js:248:9)
01-06 06:48:46.039  7155  7155 I Settings: Content JS LOG: before-------info [object Object] 
01-06 06:48:46.039  7155  7155 I Settings:     at _rootReset (app://settings.gaiamobile.org/js/navigation_map.js:248:9)
01-06 06:48:46.039  7155  7155 I Settings: Content JS LOG: before-------info [object Object] 
01-06 06:48:46.039  7155  7155 I Settings:     at _rootReset (app://settings.gaiamobile.org/js/navigation_map.js:248:9)
01-06 06:48:46.039  7155  7155 I FocusManager: << focus() called >>
01-06 06:48:46.039  7155  7155 I FocusManager:    trying to set focus on, tag: LI, id: , class: focus
01-06 06:48:46.079  7155  7155 I FocusManager:    current focused element, tag: LI, id: , class: 
01-06 06:48:46.079  7155  7155 I FocusManager: <- blur on, tag: LI, id: , class: 
01-06 06:48:46.079  7155  7155 I FocusManager: -> focus is now on, tag: LI, id: , class: focus
01-06 06:48:46.089  7155  7155 I Settings: Content JS LOG: NavigationMap update 
01-06 06:48:46.089  7155  7155 I Settings:     at _update (app://settings.gaiamobile.org/js/navigation_map.js:401:7)
01-06 06:48:46.089  7155  7155 I Gecko   : [BrowserElement] event type: keydown, key: ArrowRight, target: [object HTMLLIElement]
01-06 06:48:46.219   485   485 I Gecko   : [BrowserElement] event type: keyup, key: ArrowRight, target: [object HTMLIFrameElement], src: app://settings.gaiamobile.org/index.html, id: browser14, class: browser
01-06 06:48:46.219  7155  7155 I Gecko   : [BrowserElement] event type: keyup, key: ArrowRight, target: [object HTMLLIElement], class: focus
01-06 06:48:46.819   485   485 I Gecko   : [BrowserElement] event type: keydown, key: ArrowRight, target: [object HTMLIFrameElement], src: app://settings.gaiamobile.org/index.html, id: browser14, class: browser
01-06 06:48:46.849  7155  7155 I Settings: Content JS LOG: before-------info [object Object] 
01-06 06:48:46.849  7155  7155 I Settings:     at _rootReset (app://settings.gaiamobile.org/js/navigation_map.js:248:9)
01-06 06:48:46.849  7155  7155 I Settings: Content JS LOG: before-------info [object Object] 
01-06 06:48:46.849  7155  7155 I Settings:     at _rootReset (app://settings.gaiamobile.org/js/navigation_map.js:248:9)
01-06 06:48:46.849  7155  7155 I Settings: Content JS LOG: before-------info [object Object] 
01-06 06:48:46.849  7155  7155 I Settings:     at _rootReset (app://settings.gaiamobile.org/js/navigation_map.js:248:9)
01-06 06:48:46.849  7155  7155 I Settings: Content JS LOG: before-------info [object Object] 
01-06 06:48:46.849  7155  7155 I Settings:     at _rootReset (app://settings.gaiamobile.org/js/navigation_map.js:248:9)
01-06 06:48:46.849  7155  7155 I Settings: Content JS LOG: before-------info [object Object] 
01-06 06:48:46.849  7155  7155 I Settings:     at _rootReset (app://settings.gaiamobile.org/js/navigation_map.js:248:9)
01-06 06:48:46.859  7155  7155 I Settings: Content JS LOG: before-------info [object Object] 
01-06 06:48:46.859  7155  7155 I Settings:     at _rootReset (app://settings.gaiamobile.org/js/navigation_map.js:248:9)
01-06 06:48:46.859  7155  7155 I Settings: Content JS LOG: before-------info [object Object] 
01-06 06:48:46.859  7155  7155 I Settings:     at _rootReset (app://settings.gaiamobile.org/js/navigation_map.js:248:9)
01-06 06:48:46.859  7155  7155 I Settings: Content JS LOG: before-------info [object Object] 
01-06 06:48:46.859  7155  7155 I Settings:     at _rootReset (app://settings.gaiamobile.org/js/navigation_map.js:248:9)
01-06 06:48:46.859  7155  7155 I Settings: Content JS LOG: before-------info [object Object] 
01-06 06:48:46.859  7155  7155 I Settings:     at _rootReset (app://settings.gaiamobile.org/js/navigation_map.js:248:9)
01-06 06:48:46.859  7155  7155 I FocusManager: << focus() called >>
01-06 06:48:46.859  7155  7155 I FocusManager:    trying to set focus on, tag: LI, id: , class: focus
01-06 06:48:46.879  7155  7155 I FocusManager:    current focused element, tag: LI, id: , class: 
01-06 06:48:46.879  7155  7155 I FocusManager: <- blur on, tag: LI, id: , class: 
01-06 06:48:46.889  7155  7155 I FocusManager: -> focus is now on, tag: LI, id: , class: focus
01-06 06:48:46.889  7155  7155 I Settings: Content JS LOG: NavigationMap update 
01-06 06:48:46.889  7155  7155 I Settings:     at _update (app://settings.gaiamobile.org/js/navigation_map.js:401:7)
01-06 06:48:46.899  7155  7155 I Gecko   : [BrowserElement] event type: keydown, key: ArrowRight, target: [object HTMLLIElement]
01-06 06:48:46.959   485   485 I Gecko   : [BrowserElement] event type: keyup, key: ArrowRight, target: [object HTMLIFrameElement], src: app://settings.gaiamobile.org/index.html, id: browser14, class: browser
01-06 06:48:46.969  7155  7155 I Gecko   : [BrowserElement] event type: keyup, key: ArrowRight, target: [object HTMLLIElement], class: focus
01-06 06:48:47.529   485   485 I Gecko   : [BrowserElement] event type: keydown, key: ArrowRight, target: [object HTMLIFrameElement], src: app://settings.gaiamobile.org/index.html, id: browser14, class: browser
01-06 06:48:47.559  7155  7155 I Settings: Content JS LOG: before-------info [object Object] 
01-06 06:48:47.559  7155  7155 I Settings:     at _rootReset (app://settings.gaiamobile.org/js/navigation_map.js:248:9)
01-06 06:48:47.559  7155  7155 I Settings: Content JS LOG: before-------info [object Object] 
01-06 06:48:47.559  7155  7155 I Settings:     at _rootReset (app://settings.gaiamobile.org/js/navigation_map.js:248:9)
01-06 06:48:47.559  7155  7155 I Settings: Content JS LOG: before-------info [object Object] 
01-06 06:48:47.559  7155  7155 I Settings:     at _rootReset (app://settings.gaiamobile.org/js/navigation_map.js:248:9)
01-06 06:48:47.559  7155  7155 I Settings: Content JS LOG: before-------info [object Object] 
01-06 06:48:47.559  7155  7155 I Settings:     at _rootReset (app://settings.gaiamobile.org/js/navigation_map.js:248:9)
01-06 06:48:47.559  7155  7155 I Settings: Content JS LOG: before-------info [object Object] 
01-06 06:48:47.559  7155  7155 I Settings:     at _rootReset (app://settings.gaiamobile.org/js/navigation_map.js:248:9)
01-06 06:48:47.559  7155  7155 I Settings: Content JS LOG: before-------info [object Object] 
01-06 06:48:47.559  7155  7155 I Settings:     at _rootReset (app://settings.gaiamobile.org/js/navigation_map.js:248:9)
01-06 06:48:47.559  7155  7155 I Settings: Content JS LOG: before-------info [object Object] 
01-06 06:48:47.559  7155  7155 I Settings:     at _rootReset (app://settings.gaiamobile.org/js/navigation_map.js:248:9)
01-06 06:48:47.559  7155  7155 I Settings: Content JS LOG: before-------info [object Object] 
01-06 06:48:47.559  7155  7155 I Settings:     at _rootReset (app://settings.gaiamobile.org/js/navigation_map.js:248:9)
01-06 06:48:47.559  7155  7155 I Settings: Content JS LOG: before-------info [object Object] 
01-06 06:48:47.559  7155  7155 I Settings:     at _rootReset (app://settings.gaiamobile.org/js/navigation_map.js:248:9)
01-06 06:48:47.569  7155  7155 I FocusManager: << focus() called >>
01-06 06:48:47.569  7155  7155 I FocusManager:    trying to set focus on, tag: LI, id: , class: focus
01-06 06:48:47.589  7155  7155 I FocusManager:    current focused element, tag: LI, id: , class: 
01-06 06:48:47.589  7155  7155 I FocusManager: <- blur on, tag: LI, id: , class: 
01-06 06:48:47.589  7155  7155 I FocusManager: -> focus is now on, tag: LI, id: , class: focus
01-06 06:48:47.599  7155  7155 I Settings: Content JS LOG: NavigationMap update 
01-06 06:48:47.599  7155  7155 I Settings:     at _update (app://settings.gaiamobile.org/js/navigation_map.js:401:7)
01-06 06:48:47.599  7155  7155 I Gecko   : [BrowserElement] event type: keydown, key: ArrowRight, target: [object HTMLLIElement]
01-06 06:48:47.699   485   485 I Gecko   : [BrowserElement] event type: keyup, key: ArrowRight, target: [object HTMLIFrameElement], src: app://settings.gaiamobile.org/index.html, id: browser14, class: browser
01-06 06:48:47.699  7155  7155 I Gecko   : [BrowserElement] event type: keyup, key: ArrowRight, target: [object HTMLLIElement], class: focus
01-06 06:48:47.859   485   485 I Gecko   : [BrowserElement] event type: keydown, key: ArrowRight, target: [object HTMLIFrameElement], src: app://settings.gaiamobile.org/index.html, id: browser14, class: browser
01-06 06:48:47.889  7155  7155 I Settings: Content JS LOG: before-------info [object Object] 
01-06 06:48:47.889  7155  7155 I Settings:     at _rootReset (app://settings.gaiamobile.org/js/navigation_map.js:248:9)
01-06 06:48:47.889  7155  7155 I Settings: Content JS LOG: before-------info [object Object] 
01-06 06:48:47.889  7155  7155 I Settings:     at _rootReset (app://settings.gaiamobile.org/js/navigation_map.js:248:9)
01-06 06:48:47.889  7155  7155 I Settings: Content JS LOG: before-------info [object Object] 
01-06 06:48:47.889  7155  7155 I Settings:     at _rootReset (app://settings.gaiamobile.org/js/navigation_map.js:248:9)
01-06 06:48:47.889  7155  7155 I Settings: Content JS LOG: before-------info [object Object] 
01-06 06:48:47.889  7155  7155 I Settings:     at _rootReset (app://settings.gaiamobile.org/js/navigation_map.js:248:9)
01-06 06:48:47.889  7155  7155 I Settings: Content JS LOG: before-------info [object Object] 
01-06 06:48:47.889  7155  7155 I Settings:     at _rootReset (app://settings.gaiamobile.org/js/navigation_map.js:248:9)
01-06 06:48:47.899  7155  7155 I Settings: Content JS LOG: before-------info [object Object] 
01-06 06:48:47.899  7155  7155 I Settings:     at _rootReset (app://settings.gaiamobile.org/js/navigation_map.js:248:9)
01-06 06:48:47.899  7155  7155 I Settings: Content JS LOG: before-------info [object Object] 
01-06 06:48:47.899  7155  7155 I Settings:     at _rootReset (app://settings.gaiamobile.org/js/navigation_map.js:248:9)
01-06 06:48:47.899  7155  7155 I Settings: Content JS LOG: before-------info [object Object] 
01-06 06:48:47.899  7155  7155 I Settings:     at _rootReset (app://settings.gaiamobile.org/js/navigation_map.js:248:9)
01-06 06:48:47.899  7155  7155 I Settings: Content JS LOG: before-------info [object Object] 
01-06 06:48:47.899  7155  7155 I Settings:     at _rootReset (app://settings.gaiamobile.org/js/navigation_map.js:248:9)
01-06 06:48:47.899  7155  7155 I FocusManager: << focus() called >>
01-06 06:48:47.899  7155  7155 I FocusManager:    trying to set focus on, tag: LI, id: , class: focus
01-06 06:48:47.929  2525  2525 E sdcard  : missing packages.list; retrying
01-06 06:48:47.939  7155  7155 I FocusManager:    current focused element, tag: LI, id: , class: 
01-06 06:48:47.939  7155  7155 I FocusManager: <- blur on, tag: LI, id: , class: 
01-06 06:48:47.939  7155  7155 I FocusManager: -> focus is now on, tag: LI, id: , class: focus
01-06 06:48:47.949  7155  7155 I Settings: Content JS LOG: NavigationMap update 
01-06 06:48:47.949  7155  7155 I Settings:     at _update (app://settings.gaiamobile.org/js/navigation_map.js:401:7)
01-06 06:48:47.949  7155  7155 I Gecko   : [BrowserElement] event type: keydown, key: ArrowRight, target: [object HTMLLIElement]
01-06 06:48:47.949   485   485 I Gecko   : [BrowserElement] event type: keyup, key: ArrowRight, target: [object HTMLIFrameElement], src: app://settings.gaiamobile.org/index.html, id: browser14, class: browser
01-06 06:48:47.979  7155  7155 I Gecko   : [BrowserElement] event type: keyup, key: ArrowRight, target: [object HTMLLIElement], class: focus
01-06 06:48:48.049   485   485 I Gecko   : [BrowserElement] event type: keydown, key: ArrowRight, target: [object HTMLIFrameElement], src: app://settings.gaiamobile.org/index.html, id: browser14, class: browser
01-06 06:48:48.069  7155  7155 I Settings: Content JS LOG: before-------info [object Object] 
01-06 06:48:48.069  7155  7155 I Settings:     at _rootReset (app://settings.gaiamobile.org/js/navigation_map.js:248:9)
01-06 06:48:48.069  7155  7155 I Settings: Content JS LOG: before-------info [object Object] 
01-06 06:48:48.069  7155  7155 I Settings:     at _rootReset (app://settings.gaiamobile.org/js/navigation_map.js:248:9)
01-06 06:48:48.079  7155  7155 I Settings: Content JS LOG: before-------info [object Object] 
01-06 06:48:48.079  7155  7155 I Settings:     at _rootReset (app://settings.gaiamobile.org/js/navigation_map.js:248:9)
01-06 06:48:48.079  7155  7155 I Settings: Content JS LOG: before-------info [object Object] 
01-06 06:48:48.079  7155  7155 I Settings:     at _rootReset (app://settings.gaiamobile.org/js/navigation_map.js:248:9)
01-06 06:48:48.079  7155  7155 I Settings: Content JS LOG: before-------info [object Object] 
01-06 06:48:48.079  7155  7155 I Settings:     at _rootReset (app://settings.gaiamobile.org/js/navigation_map.js:248:9)
01-06 06:48:48.079  7155  7155 I Settings: Content JS LOG: before-------info [object Object] 
01-06 06:48:48.079  7155  7155 I Settings:     at _rootReset (app://settings.gaiamobile.org/js/navigation_map.js:248:9)
01-06 06:48:48.079  7155  7155 I Settings: Content JS LOG: before-------info [object Object] 
01-06 06:48:48.079  7155  7155 I Settings:     at _rootReset (app://settings.gaiamobile.org/js/navigation_map.js:248:9)
01-06 06:48:48.079  7155  7155 I Settings: Content JS LOG: before-------info [object Object] 
01-06 06:48:48.079  7155  7155 I Settings:     at _rootReset (app://settings.gaiamobile.org/js/navigation_map.js:248:9)
01-06 06:48:48.079  7155  7155 I Settings: Content JS LOG: before-------info [object Object] 
01-06 06:48:48.079  7155  7155 I Settings:     at _rootReset (app://settings.gaiamobile.org/js/navigation_map.js:248:9)
01-06 06:48:48.079  7155  7155 I FocusManager: << focus() called >>
01-06 06:48:48.079  7155  7155 I FocusManager:    trying to set focus on, tag: LI, id: , class: focus
01-06 06:48:48.119  7155  7155 I FocusManager:    current focused element, tag: LI, id: , class: 
01-06 06:48:48.119  7155  7155 I FocusManager: <- blur on, tag: LI, id: , class: 
01-06 06:48:48.129  7155  7155 I FocusManager: -> focus is now on, tag: LI, id: , class: focus
01-06 06:48:48.129  7155  7155 I Settings: Content JS LOG: NavigationMap update 
01-06 06:48:48.129  7155  7155 I Settings:     at _update (app://settings.gaiamobile.org/js/navigation_map.js:401:7)
01-06 06:48:48.139  7155  7155 I Gecko   : [BrowserElement] event type: keydown, key: ArrowRight, target: [object HTMLLIElement]
01-06 06:48:48.229   485   485 I Gecko   : [BrowserElement] event type: keyup, key: ArrowRight, target: [object HTMLIFrameElement], src: app://settings.gaiamobile.org/index.html, id: browser14, class: browser
01-06 06:48:48.229  7155  7155 I Gecko   : [BrowserElement] event type: keyup, key: ArrowRight, target: [object HTMLLIElement], class: focus
01-06 06:48:48.349   485   485 I Gecko   : [BrowserElement] event type: keydown, key: ArrowRight, target: [object HTMLIFrameElement], src: app://settings.gaiamobile.org/index.html, id: browser14, class: browser
01-06 06:48:48.379  7155  7155 I Settings: Content JS LOG: before-------info [object Object] 
01-06 06:48:48.379  7155  7155 I Settings:     at _rootReset (app://settings.gaiamobile.org/js/navigation_map.js:248:9)
01-06 06:48:48.379  7155  7155 I Settings: Content JS LOG: before-------info [object Object] 
01-06 06:48:48.379  7155  7155 I Settings:     at _rootReset (app://settings.gaiamobile.org/js/navigation_map.js:248:9)
01-06 06:48:48.379  7155  7155 I Settings: Content JS LOG: before-------info [object Object] 
01-06 06:48:48.379  7155  7155 I Settings:     at _rootReset (app://settings.gaiamobile.org/js/navigation_map.js:248:9)
01-06 06:48:48.389  7155  7155 I Settings: Content JS LOG: before-------info [object Object] 
01-06 06:48:48.389  7155  7155 I Settings:     at _rootReset (app://settings.gaiamobile.org/js/navigation_map.js:248:9)
01-06 06:48:48.389  7155  7155 I Settings: Content JS LOG: before-------info [object Object] 
01-06 06:48:48.389  7155  7155 I Settings:     at _rootReset (app://settings.gaiamobile.org/js/navigation_map.js:248:9)
01-06 06:48:48.389  7155  7155 I Settings: Content JS LOG: before-------info [object Object] 
01-06 06:48:48.389  7155  7155 I Settings:     at _rootReset (app://settings.gaiamobile.org/js/navigation_map.js:248:9)
01-06 06:48:48.389  7155  7155 I Settings: Content JS LOG: before-------info [object Object] 
01-06 06:48:48.389  7155  7155 I Settings:     at _rootReset (app://settings.gaiamobile.org/js/navigation_map.js:248:9)
01-06 06:48:48.389  7155  7155 I Settings: Content JS LOG: before-------info [object Object] 
01-06 06:48:48.389  7155  7155 I Settings:     at _rootReset (app://settings.gaiamobile.org/js/navigation_map.js:248:9)
01-06 06:48:48.389  7155  7155 I Settings: Content JS LOG: before-------info [object Object] 
01-06 06:48:48.389  7155  7155 I Settings:     at _rootReset (app://settings.gaiamobile.org/js/navigation_map.js:248:9)
01-06 06:48:48.389  7155  7155 I FocusManager: << focus() called >>
01-06 06:48:48.389  7155  7155 I FocusManager:    trying to set focus on, tag: LI, id: , class: focus
01-06 06:48:48.429  7155  7155 I FocusManager:    current focused element, tag: LI, id: , class: 
01-06 06:48:48.429  7155  7155 I FocusManager: <- blur on, tag: LI, id: , class: 
01-06 06:48:48.429  7155  7155 I FocusManager: -> focus is now on, tag: LI, id: , class: focus
01-06 06:48:48.439  7155  7155 I Settings: Content JS LOG: NavigationMap update 
01-06 06:48:48.439  7155  7155 I Settings:     at _update (app://settings.gaiamobile.org/js/navigation_map.js:401:7)
01-06 06:48:48.439  7155  7155 I Gecko   : [BrowserElement] event type: keydown, key: ArrowRight, target: [object HTMLLIElement]
01-06 06:48:48.519   485   485 I Gecko   : [BrowserElement] event type: keyup, key: ArrowRight, target: [object HTMLIFrameElement], src: app://settings.gaiamobile.org/index.html, id: browser14, class: browser
01-06 06:48:48.519  7155  7155 I Gecko   : [BrowserElement] event type: keyup, key: ArrowRight, target: [object HTMLLIElement], class: focus
01-06 06:48:48.879   485   485 I Gecko   : [BrowserElement] event type: keydown, key: ArrowRight, target: [object HTMLIFrameElement], src: app://settings.gaiamobile.org/index.html, id: browser14, class: browser
01-06 06:48:48.909  7155  7155 I Settings: Content JS LOG: before-------info [object Object] 
01-06 06:48:48.909  7155  7155 I Settings:     at _rootReset (app://settings.gaiamobile.org/js/navigation_map.js:248:9)
01-06 06:48:48.909  7155  7155 I Settings: Content JS LOG: before-------info [object Object] 
01-06 06:48:48.909  7155  7155 I Settings:     at _rootReset (app://settings.gaiamobile.org/js/navigation_map.js:248:9)
01-06 06:48:48.909  7155  7155 I Settings: Content JS LOG: before-------info [object Object] 
01-06 06:48:48.909  7155  7155 I Settings:     at _rootReset (app://settings.gaiamobile.org/js/navigation_map.js:248:9)
01-06 06:48:48.909  7155  7155 I Settings: Content JS LOG: before-------info [object Object] 
01-06 06:48:48.909  7155  7155 I Settings:     at _rootReset (app://settings.gaiamobile.org/js/navigation_map.js:248:9)
01-06 06:48:48.909  7155  7155 I Settings: Content JS LOG: before-------info [object Object] 
01-06 06:48:48.909  7155  7155 I Settings:     at _rootReset (app://settings.gaiamobile.org/js/navigation_map.js:248:9)
01-06 06:48:48.909  7155  7155 I Settings: Content JS LOG: before-------info [object Object] 
01-06 06:48:48.909  7155  7155 I Settings:     at _rootReset (app://settings.gaiamobile.org/js/navigation_map.js:248:9)
01-06 06:48:48.909  7155  7155 I Settings: Content JS LOG: before-------info [object Object] 
01-06 06:48:48.909  7155  7155 I Settings:     at _rootReset (app://settings.gaiamobile.org/js/navigation_map.js:248:9)
01-06 06:48:48.909  7155  7155 I Settings: Content JS LOG: before-------info [object Object] 
01-06 06:48:48.909  7155  7155 I Settings:     at _rootReset (app://settings.gaiamobile.org/js/navigation_map.js:248:9)
01-06 06:48:48.919  7155  7155 I Settings: Content JS LOG: before-------info [object Object] 
01-06 06:48:48.919  7155  7155 I Settings:     at _rootReset (app://settings.gaiamobile.org/js/navigation_map.js:248:9)
01-06 06:48:48.919  7155  7155 I FocusManager: << focus() called >>
01-06 06:48:48.919  7155  7155 I FocusManager:    trying to set focus on, tag: LI, id: , class: focus
01-06 06:48:48.939  7155  7155 I FocusManager:    current focused element, tag: LI, id: , class: 
01-06 06:48:48.939  7155  7155 I FocusManager: <- blur on, tag: LI, id: , class: 
01-06 06:48:48.939  7155  7155 I FocusManager: -> focus is now on, tag: LI, id: , class: focus
01-06 06:48:48.949  7155  7155 I Settings: Content JS LOG: NavigationMap update 
01-06 06:48:48.949  7155  7155 I Settings:     at _update (app://settings.gaiamobile.org/js/navigation_map.js:401:7)
01-06 06:48:48.959  7155  7155 I Gecko   : [BrowserElement] event type: keydown, key: ArrowRight, target: [object HTMLLIElement]
01-06 06:48:49.059   485   485 I Gecko   : [BrowserElement] event type: keyup, key: ArrowRight, target: [object HTMLIFrameElement], src: app://settings.gaiamobile.org/index.html, id: browser14, class: browser
01-06 06:48:49.059  7155  7155 I Gecko   : [BrowserElement] event type: keyup, key: ArrowRight, target: [object HTMLLIElement], class: focus
01-06 06:48:49.289   475   658 D ThermalEngine: sensor_wait: xo_therm Wait done.
01-06 06:48:49.289   475   660 D ThermalEngine: sensor_wait: case_therm Wait done.
01-06 06:48:49.289   475   658 D ThermalEngine: sensor_monitor: xo_therm Reading 37000 .
01-06 06:48:49.289   475   658 I ThermalEngine: Sensor:xo_therm:37000 mC
01-06 06:48:49.289   475   658 D ThermalEngine: update_active_thresh: xo_therm Active(1), Hi(1) 39000, Lo(0) -2147483648, Interval(1) 5000
01-06 06:48:49.289   475   658 D ThermalEngine: sensor_monitor: xo_therm Sensor wait.
01-06 06:48:49.289   475   658 D ThermalEngine: sensor_wait: xo_therm Wait start. 5000ms
01-06 06:48:49.299   475   660 D ThermalEngine: sensor_monitor: case_therm Reading 30000 .
01-06 06:48:49.299   475   660 I ThermalEngine: Sensor:case_therm:30000 mC
01-06 06:48:49.299   475   660 D ThermalEngine: update_active_thresh: case_therm Active(1), Hi(1) 42000, Lo(0) -2147483648, Interval(1) 5000
01-06 06:48:49.299   475   660 D ThermalEngine: sensor_monitor: case_therm Sensor wait.
01-06 06:48:49.299   475   660 D ThermalEngine: sensor_wait: case_therm Wait start. 5000ms
01-06 06:48:49.409   485   485 I Gecko   : [BrowserElement] event type: keydown, key: ArrowRight, target: [object HTMLIFrameElement], src: app://settings.gaiamobile.org/index.html, id: browser14, class: browser
01-06 06:48:49.439  7155  7155 I Settings: Content JS LOG: before-------info [object Object] 
01-06 06:48:49.439  7155  7155 I Settings:     at _rootReset (app://settings.gaiamobile.org/js/navigation_map.js:248:9)
01-06 06:48:49.439  7155  7155 I Settings: Content JS LOG: before-------info [object Object] 
01-06 06:48:49.439  7155  7155 I Settings:     at _rootReset (app://settings.gaiamobile.org/js/navigation_map.js:248:9)
01-06 06:48:49.439  7155  7155 I Settings: Content JS LOG: before-------info [object Object] 
01-06 06:48:49.439  7155  7155 I Settings:     at _rootReset (app://settings.gaiamobile.org/js/navigation_map.js:248:9)
01-06 06:48:49.439  7155  7155 I Settings: Content JS LOG: before-------info [object Object] 
01-06 06:48:49.439  7155  7155 I Settings:     at _rootReset (app://settings.gaiamobile.org/js/navigation_map.js:248:9)
01-06 06:48:49.439  7155  7155 I Settings: Content JS LOG: before-------info [object Object] 
01-06 06:48:49.439  7155  7155 I Settings:     at _rootReset (app://settings.gaiamobile.org/js/navigation_map.js:248:9)
01-06 06:48:49.449  7155  7155 I Settings: Content JS LOG: before-------info [object Object] 
01-06 06:48:49.449  7155  7155 I Settings:     at _rootReset (app://settings.gaiamobile.org/js/navigation_map.js:248:9)
01-06 06:48:49.449  7155  7155 I Settings: Content JS LOG: before-------info [object Object] 
01-06 06:48:49.449  7155  7155 I Settings:     at _rootReset (app://settings.gaiamobile.org/js/navigation_map.js:248:9)
01-06 06:48:49.449  7155  7155 I Settings: Content JS LOG: before-------info [object Object] 
01-06 06:48:49.449  7155  7155 I Settings:     at _rootReset (app://settings.gaiamobile.org/js/navigation_map.js:248:9)
01-06 06:48:49.449  7155  7155 I Settings: Content JS LOG: before-------info [object Object] 
01-06 06:48:49.449  7155  7155 I Settings:     at _rootReset (app://settings.gaiamobile.org/js/navigation_map.js:248:9)
01-06 06:48:49.449  7155  7155 I FocusManager: << focus() called >>
01-06 06:48:49.449  7155  7155 I FocusManager:    trying to set focus on, tag: LI, id: , class: focus
01-06 06:48:49.479  7155  7155 I FocusManager:    current focused element, tag: LI, id: , class: 
01-06 06:48:49.479  7155  7155 I FocusManager: <- blur on, tag: LI, id: , class: 
01-06 06:48:49.479  7155  7155 I FocusManager: -> focus is now on, tag: LI, id: , class: focus
01-06 06:48:49.489  7155  7155 I Settings: Content JS LOG: NavigationMap update 
01-06 06:48:49.489  7155  7155 I Settings:     at _update (app://settings.gaiamobile.org/js/navigation_map.js:401:7)
01-06 06:48:49.489  7155  7155 I Gecko   : [BrowserElement] event type: keydown, key: ArrowRight, target: [object HTMLLIElement]
01-06 06:48:49.589   485   485 I Gecko   : [BrowserElement] event type: keyup, key: ArrowRight, target: [object HTMLIFrameElement], src: app://settings.gaiamobile.org/index.html, id: browser14, class: browser
01-06 06:48:49.599  7155  7155 I Gecko   : [BrowserElement] event type: keyup, key: ArrowRight, target: [object HTMLLIElement], class: focus
01-06 06:48:49.679   485   485 I Gecko   : [BrowserElement] event type: keydown, key: ArrowRight, target: [object HTMLIFrameElement], src: app://settings.gaiamobile.org/index.html, id: browser14, class: browser
01-06 06:48:49.709  7155  7155 I Settings: Content JS LOG: before-------info [object Object] 
01-06 06:48:49.709  7155  7155 I Settings:     at _rootReset (app://settings.gaiamobile.org/js/navigation_map.js:248:9)
01-06 06:48:49.719  7155  7155 I Settings: Content JS LOG: before-------info [object Object] 
01-06 06:48:49.719  7155  7155 I Settings:     at _rootReset (app://settings.gaiamobile.org/js/navigation_map.js:248:9)
01-06 06:48:49.719  7155  7155 I Settings: Content JS LOG: before-------info [object Object] 
01-06 06:48:49.719  7155  7155 I Settings:     at _rootReset (app://settings.gaiamobile.org/js/navigation_map.js:248:9)
01-06 06:48:49.719  7155  7155 I Settings: Content JS LOG: before-------info [object Object] 
01-06 06:48:49.719  7155  7155 I Settings:     at _rootReset (app://settings.gaiamobile.org/js/navigation_map.js:248:9)
01-06 06:48:49.719  7155  7155 I Settings: Content JS LOG: before-------info [object Object] 
01-06 06:48:49.719  7155  7155 I Settings:     at _rootReset (app://settings.gaiamobile.org/js/navigation_map.js:248:9)
01-06 06:48:49.719  7155  7155 I Settings: Content JS LOG: before-------info [object Object] 
01-06 06:48:49.719  7155  7155 I Settings:     at _rootReset (app://settings.gaiamobile.org/js/navigation_map.js:248:9)
01-06 06:48:49.719  7155  7155 I Settings: Content JS LOG: before-------info [object Object] 
01-06 06:48:49.719  7155  7155 I Settings:     at _rootReset (app://settings.gaiamobile.org/js/navigation_map.js:248:9)
01-06 06:48:49.729  7155  7155 I Settings: Content JS LOG: before-------info [object Object] 
01-06 06:48:49.729  7155  7155 I Settings:     at _rootReset (app://settings.gaiamobile.org/js/navigation_map.js:248:9)
01-06 06:48:49.729  7155  7155 I Settings: Content JS LOG: before-------info [object Object] 
01-06 06:48:49.729  7155  7155 I Settings:     at _rootReset (app://settings.gaiamobile.org/js/navigation_map.js:248:9)
01-06 06:48:49.729  7155  7155 I FocusManager: << focus() called >>
01-06 06:48:49.729  7155  7155 I FocusManager:    trying to set focus on, tag: LI, id: , class: focus
01-06 06:48:49.759  7155  7155 I FocusManager:    current focused element, tag: LI, id: , class: 
01-06 06:48:49.759  7155  7155 I FocusManager: <- blur on, tag: LI, id: , class: 
01-06 06:48:49.759  7155  7155 I FocusManager: -> focus is now on, tag: LI, id: , class: focus
01-06 06:48:49.769  7155  7155 I Settings: Content JS LOG: NavigationMap update 
01-06 06:48:49.769  7155  7155 I Settings:     at _update (app://settings.gaiamobile.org/js/navigation_map.js:401:7)
01-06 06:48:49.779  7155  7155 I Gecko   : [BrowserElement] event type: keydown, key: ArrowRight, target: [object HTMLLIElement]
01-06 06:48:49.829   485   485 I Gecko   : [BrowserElement] event type: keyup, key: ArrowRight, target: [object HTMLIFrameElement], src: app://settings.gaiamobile.org/index.html, id: browser14, class: browser
01-06 06:48:49.839  7155  7155 I Gecko   : [BrowserElement] event type: keyup, key: ArrowRight, target: [object HTMLLIElement], class: focus
01-06 06:48:50.929  2525  2525 E sdcard  : missing packages.list; retrying
01-06 06:48:53.929  2525  2525 E sdcard  : missing packages.list; retrying
01-06 06:48:54.299   475   658 D ThermalEngine: sensor_wait: xo_therm Wait done.
01-06 06:48:54.299   475   660 D ThermalEngine: sensor_wait: case_therm Wait done.
01-06 06:48:54.299   475   658 D ThermalEngine: sensor_monitor: xo_therm Reading 37000 .
01-06 06:48:54.299   475   658 I ThermalEngine: Sensor:xo_therm:37000 mC
01-06 06:48:54.299   475   658 D ThermalEngine: update_active_thresh: xo_therm Active(1), Hi(1) 39000, Lo(0) -2147483648, Interval(1) 5000
01-06 06:48:54.299   475   658 D ThermalEngine: sensor_monitor: xo_therm Sensor wait.
01-06 06:48:54.299   475   658 D ThermalEngine: sensor_wait: xo_therm Wait start. 5000ms
01-06 06:48:54.299   475   660 D ThermalEngine: sensor_monitor: case_therm Reading 30000 .
01-06 06:48:54.299   475   660 I ThermalEngine: Sensor:case_therm:30000 mC
01-06 06:48:54.299   475   660 D ThermalEngine: update_active_thresh: case_therm Active(1), Hi(1) 42000, Lo(0) -2147483648, Interval(1) 5000
01-06 06:48:54.299   475   660 D ThermalEngine: sensor_monitor: case_therm Sensor wait.
01-06 06:48:54.299   475   660 D ThermalEngine: sensor_wait: case_therm Wait start. 5000ms
01-06 06:48:56.929  2525  2525 E sdcard  : missing packages.list; retrying
01-06 06:48:59.299   475   658 D ThermalEngine: sensor_wait: xo_therm Wait done.
01-06 06:48:59.299   475   660 D ThermalEngine: sensor_wait: case_therm Wait done.
01-06 06:48:59.299   475   658 D ThermalEngine: sensor_monitor: xo_therm Reading 37000 .
01-06 06:48:59.299   475   658 I ThermalEngine: Sensor:xo_therm:37000 mC
01-06 06:48:59.299   475   658 D ThermalEngine: update_active_thresh: xo_therm Active(1), Hi(1) 39000, Lo(0) -2147483648, Interval(1) 5000
01-06 06:48:59.299   475   658 D ThermalEngine: sensor_monitor: xo_therm Sensor wait.
01-06 06:48:59.299   475   658 D ThermalEngine: sensor_wait: xo_therm Wait start. 5000ms
01-06 06:48:59.299   475   660 D ThermalEngine: sensor_monitor: case_therm Reading 30000 .
01-06 06:48:59.299   475   660 I ThermalEngine: Sensor:case_therm:30000 mC
01-06 06:48:59.299   475   660 D ThermalEngine: update_active_thresh: case_therm Active(1), Hi(1) 42000, Lo(0) -2147483648, Interval(1) 5000
01-06 06:48:59.299   475   660 D ThermalEngine: sensor_monitor: case_therm Sensor wait.
01-06 06:48:59.299   475   660 D ThermalEngine: sensor_wait: case_therm Wait start. 5000ms
01-06 06:48:59.929  2525  2525 E sdcard  : missing packages.list; retrying
01-06 06:49:01.049   680   680 D VM_BMS  : wake_lock acquired
01-06 06:49:01.049   680   680 D VM_BMS  : New BMS data - Size=56
01-06 06:49:01.049   680   680 D VM_BMS  : Start process_bms_data
01-06 06:49:01.049   680   680 D VM_BMS  : For batt_temp=290 fcc_mah=2030
01-06 06:49:01.049   680   680 D VM_BMS  : For ocv=3780310 batt_temp=290 soc=44
01-06 06:49:01.049   680   680 D VM_BMS  : fifo_count=5 acc_count=0
01-06 06:49:01.049   680   680 D VM_BMS  : INIT: ocv=3780310 last_ocv=3780310 batt_temp=290 soc=44
01-06 06:49:01.049   680   680 D VM_BMS  : For soc=44 batt_temp=290 slope=1600
01-06 06:49:01.049   680   680 D VM_BMS  : For soc=44 batt_temp=290 rbatt_sf=97
01-06 06:49:01.049   680   680 D VM_BMS  : rbatt_mohm_default=136, rbatt_mohm=131, sf=97 batt_temp=290
01-06 06:49:01.049   680   680 D VM_BMS  : For ocv=3780302 batt_temp=290 soc=44
01-06 06:49:01.049   680   680 D VM_BMS  : FIFO=0 fifo_avg=3.773772 rbatt=0.181000 slope=0.160000 ibatt=0.036102 ocv=3.780303 soc=44 fcc_ah=2.030000 sample_count=128 sample_interval=70 seq_num=43
01-06 06:49:01.049   680   680 D VM_BMS  : For soc=44 batt_temp=290 slope=1600
01-06 06:49:01.049   680   680 D VM_BMS  : For soc=44 batt_temp=290 rbatt_sf=97
01-06 06:49:01.049   680   680 D VM_BMS  : rbatt_mohm_default=136, rbatt_mohm=131, sf=97 batt_temp=290
01-06 06:49:01.049   680   680 D VM_BMS  : For ocv=3780336 batt_temp=290 soc=44
01-06 06:49:01.049   680   680 D VM_BMS  : FIFO=1 fifo_avg=3.812547 rbatt=0.181000 slope=0.160000 ibatt=-0.178052 ocv=3.780337 soc=44 fcc_ah=2.030000 sample_count=128 sample_interval=70 seq_num=43
01-06 06:49:01.049   680   680 D VM_BMS  : For soc=44 batt_temp=290 slope=1600
01-06 06:49:01.049   680   680 D VM_BMS  : For soc=44 batt_temp=290 rbatt_sf=97
01-06 06:49:01.049   680   680 D VM_BMS  : rbatt_mohm_default=136, rbatt_mohm=131, sf=97 batt_temp=290
01-06 06:49:01.049   680   680 D VM_BMS  : For ocv=3780375 batt_temp=290 soc=44
01-06 06:49:01.049   680   680 D VM_BMS  : FIFO=2 fifo_avg=3.816944 rbatt=0.181000 slope=0.160000 ibatt=-0.202145 ocv=3.780375 soc=44 fcc_ah=2.030000 sample_count=128 sample_interval=70 seq_num=43
01-06 06:49:01.049   680   680 D VM_BMS  : For soc=44 batt_temp=290 slope=1600
01-06 06:49:01.049   680   680 D VM_BMS  : For soc=44 batt_temp=290 rbatt_sf=97
