--------- beginning of system
01-06 06:14:58.829   238   238 I vold    : Vold 3.0 (the awakening) firing up
01-06 06:14:58.829   238   238 V vold    : Detected support for: ext4 vfat
01-06 06:15:01.479   445   445 I irsc_util: Starting irsc tool
01-06 06:15:01.529   445   445 I irsc_util: Num of entries:284
01-06 06:15:01.599   445   445 I irsc_util: Ending irsc tool
01-06 06:15:14.279   238   248 V vold    : Waiting for FUSE to spin up...
01-06 06:15:14.339   238   248 V vold    : Waiting for FUSE to spin up...
01-06 06:15:14.399   238   248 D vold    : Linking /storage/emulated/0 to /mnt/user/0/primary
01-06 06:15:17.549   485   485 I Gecko   : ============ KaiOS device information ============
01-06 06:15:17.549   485   485 I Gecko   : Build UID         = 
01-06 06:15:17.549   485   485 I Gecko   : Build Description = msm8909_512-userdebug 6.0.1 MMB29M LYF_F30C-000-09-20-270319_i release-keys
01-06 06:15:17.549   485   485 I Gecko   : Bootloader        = unknown
01-06 06:15:17.549   485   485 I Gecko   : ==================================================
01-06 06:15:56.509  2406  4514 E NetlinkEvent: Unknown ifindex 23 in RTM_DELADDR
01-06 06:25:29.899  2406  4514 E NetlinkEvent: Unknown ifindex 25 in RTM_DELADDR
01-06 06:39:36.799  2406  4514 E NetlinkEvent: Unknown ifindex 27 in RTM_DELADDR
01-06 06:39:36.799  2406  4514 E NetlinkEvent: Unknown ifindex 27 in RTM_DELADDR
01-06 06:40:46.689  2406  4514 E NetlinkEvent: Unknown ifindex 28 in RTM_DELADDR
01-06 06:40:46.689  2406  4514 E NetlinkEvent: Unknown ifindex 28 in RTM_DELADDR
01-06 06:40:54.759  2406  4514 E NetlinkEvent: Unknown ifindex 29 in RTM_DELADDR
01-06 06:48:27.519  2406  4514 E NetlinkEvent: Unknown ifindex 30 in RTM_DELADDR
01-06 06:48:27.519  2406  4514 E NetlinkEvent: Unknown ifindex 30 in RTM_DELADDR
--------- beginning of main
01-06 06:55:16.269   485   485 I Gecko   : 437116276	AlarmsService	DEBUG	remove(-1, undefined)
01-06 06:55:16.269   485   485 I Gecko   : 437116279	AlarmsService	DEBUG	_removeAlarmFromDb()
01-06 06:55:16.269   485   485 I Gecko   : 437116279	AlarmsService	DEBUG	Callback after removing alarm from database.
01-06 06:55:16.269   485   485 I Gecko   : 437116280	AlarmsService	DEBUG	Current alarm: {"date":"1970-01-06T02:05:16.273Z","ignoreTimezone":true,"timezoneOffset":-330,"id":-3}
01-06 06:55:16.269   485   485 I Gecko   : 437116281	AlarmsService	DEBUG	Alarm queue: [{"date":"1970-01-06T18:10:52.747Z","ignoreTimezone":true,"data":{"fotaAlarmType":"check"},"pageURL":"app://system.gaiamobile.org/index.html","manifestURL":"app://system.gaiamobile.org/manifest.webapp","timezoneOffset":-330,"id":6,"alarmFiredCb":null},{"date":"1970-01-06T19:30:00.694Z","ignoreTimezone":true,"data":{"func":"reportingAlarm"},"pageURL":"app://jioservice.jio.com/index.html","manifestURL":"app://jioservice.jio.com/manifest.webapp","timezoneOffset":-330,"id":1,"alarmFiredCb":null},{"date":"1970-01-07T00:55:24.603Z","ignoreTimezone":true,"timezoneOffset":-330,"id":-2}]
01-06 06:55:18.039  2525  2525 E sdcard  : missing packages.list; retrying
01-06 06:55:19.489   475   658 D ThermalEngine: sensor_wait: xo_therm Wait done.
01-06 06:55:19.489   475   660 D ThermalEngine: sensor_wait: case_therm Wait done.
01-06 06:55:19.489   475   658 D ThermalEngine: sensor_monitor: xo_therm Reading 38000 .
01-06 06:55:19.489   475   658 I ThermalEngine: Sensor:xo_therm:38000 mC
01-06 06:55:19.489   475   658 D ThermalEngine: update_active_thresh: xo_therm Active(1), Hi(1) 39000, Lo(0) -2147483648, Interval(1) 5000
01-06 06:55:19.489   475   658 D ThermalEngine: sensor_monitor: xo_therm Sensor wait.
01-06 06:55:19.489   475   658 D ThermalEngine: sensor_wait: xo_therm Wait start. 5000ms
01-06 06:55:19.499   475   660 D ThermalEngine: sensor_monitor: case_therm Reading 31000 .
01-06 06:55:19.499   475   660 I ThermalEngine: Sensor:case_therm:31000 mC
01-06 06:55:19.499   475   660 D ThermalEngine: update_active_thresh: case_therm Active(1), Hi(1) 42000, Lo(0) -2147483648, Interval(1) 5000
01-06 06:55:19.499   475   660 D ThermalEngine: sensor_monitor: case_therm Sensor wait.
01-06 06:55:19.499   475   660 D ThermalEngine: sensor_wait: case_therm Wait start. 5000ms
01-06 06:55:21.039  2525  2525 E sdcard  : missing packages.list; retrying
01-06 06:55:24.049  2525  2525 E sdcard  : missing packages.list; retrying
01-06 06:55:24.499   475   658 D ThermalEngine: sensor_wait: xo_therm Wait done.
01-06 06:55:24.499   475   658 D ThermalEngine: sensor_monitor: xo_therm Reading 38000 .
01-06 06:55:24.499   475   658 I ThermalEngine: Sensor:xo_therm:38000 mC
01-06 06:55:24.499   475   658 D ThermalEngine: update_active_thresh: xo_therm Active(1), Hi(1) 39000, Lo(0) -2147483648, Interval(1) 5000
01-06 06:55:24.499   475   658 D ThermalEngine: sensor_monitor: xo_therm Sensor wait.
01-06 06:55:24.499   475   658 D ThermalEngine: sensor_wait: xo_therm Wait start. 5000ms
01-06 06:55:24.499   475   660 D ThermalEngine: sensor_wait: case_therm Wait done.
01-06 06:55:24.499   475   660 D ThermalEngine: sensor_monitor: case_therm Reading 31000 .
01-06 06:55:24.499   475   660 I ThermalEngine: Sensor:case_therm:31000 mC
01-06 06:55:24.499   475   660 D ThermalEngine: update_active_thresh: case_therm Active(1), Hi(1) 42000, Lo(0) -2147483648, Interval(1) 5000
01-06 06:55:24.499   475   660 D ThermalEngine: sensor_monitor: case_therm Sensor wait.
01-06 06:55:24.499   475   660 D ThermalEngine: sensor_wait: case_therm Wait start. 5000ms
01-06 06:55:26.219   680   680 D VM_BMS  : wake_lock acquired
01-06 06:55:26.219   680   680 D VM_BMS  : New BMS data - Size=56
01-06 06:55:26.219   680   680 D VM_BMS  : Start process_bms_data
01-06 06:55:26.219   680   680 D VM_BMS  : For batt_temp=295 fcc_mah=2030
01-06 06:55:26.219   680   680 D VM_BMS  : For ocv=3782572 batt_temp=295 soc=45
01-06 06:55:26.219   680   680 D VM_BMS  : fifo_count=5 acc_count=0
01-06 06:55:26.219   680   680 D VM_BMS  : INIT: ocv=3782572 last_ocv=3782572 batt_temp=295 soc=45
01-06 06:55:26.219   680   680 D VM_BMS  : For soc=45 batt_temp=295 slope=2800
01-06 06:55:26.219   680   680 D VM_BMS  : For soc=45 batt_temp=295 rbatt_sf=97
01-06 06:55:26.219   680   680 D VM_BMS  : rbatt_mohm_default=136, rbatt_mohm=131, sf=97 batt_temp=295
01-06 06:55:26.219   680   680 D VM_BMS  : For ocv=3782668 batt_temp=295 soc=45
01-06 06:55:26.219   680   680 D VM_BMS  : FIFO=0 fifo_avg=3.833526 rbatt=0.181000 slope=0.280000 ibatt=-0.281246 ocv=3.782669 soc=45 fcc_ah=2.030000 sample_count=128 sample_interval=70 seq_num=51
01-06 06:55:26.219   680   680 D VM_BMS  : For soc=45 batt_temp=295 slope=2800
01-06 06:55:26.219   680   680 D VM_BMS  : For soc=45 batt_temp=295 rbatt_sf=97
01-06 06:55:26.219   680   680 D VM_BMS  : rbatt_mohm_default=136, rbatt_mohm=131, sf=97 batt_temp=295
01-06 06:55:26.219   680   680 D VM_BMS  : For ocv=3782769 batt_temp=295 soc=45
01-06 06:55:26.219   680   680 D VM_BMS  : FIFO=1 fifo_avg=3.836160 rbatt=0.181000 slope=0.280000 ibatt=-0.295255 ocv=3.782769 soc=45 fcc_ah=2.030000 sample_count=128 sample_interval=70 seq_num=51
01-06 06:55:26.219   680   680 D VM_BMS  : For soc=45 batt_temp=295 slope=2800
01-06 06:55:26.219   680   680 D VM_BMS  : For soc=45 batt_temp=295 rbatt_sf=97
01-06 06:55:26.219   680   680 D VM_BMS  : rbatt_mohm_default=136, rbatt_mohm=131, sf=97 batt_temp=295
01-06 06:55:26.219   680   680 D VM_BMS  : For ocv=3782868 batt_temp=295 soc=45
01-06 06:55:26.219   680   680 D VM_BMS  : FIFO=2 fifo_avg=3.834985 rbatt=0.181000 slope=0.280000 ibatt=-0.288213 ocv=3.782868 soc=45 fcc_ah=2.030000 sample_count=128 sample_interval=70 seq_num=51
01-06 06:55:26.219   680   680 D VM_BMS  : For soc=45 batt_temp=295 slope=2800
01-06 06:55:26.219   680   680 D VM_BMS  : For soc=45 batt_temp=295 rbatt_sf=97
01-06 06:55:26.219   680   680 D VM_BMS  : rbatt_mohm_default=136, rbatt_mohm=131, sf=97 batt_temp=295
01-06 06:55:26.219   680   680 D VM_BMS  : For ocv=3782970 batt_temp=295 soc=45
01-06 06:55:26.219   680   680 D VM_BMS  : FIFO=3 fifo_avg=3.837030 rbatt=0.181000 slope=0.280000 ibatt=-0.298954 ocv=3.782970 soc=45 fcc_ah=2.030000 sample_count=128 sample_interval=70 seq_num=51
01-06 06:55:26.219   680   680 D VM_BMS  : For soc=45 batt_temp=295 slope=2800
01-06 06:55:26.219   680   680 D VM_BMS  : For soc=45 batt_temp=295 rbatt_sf=97
01-06 06:55:26.219   680   680 D VM_BMS  : rbatt_mohm_default=136, rbatt_mohm=131, sf=97 batt_temp=295
01-06 06:55:26.219   680   680 D VM_BMS  : For ocv=3783071 batt_temp=295 soc=45
01-06 06:55:26.219   680   680 D VM_BMS  : FIFO=4 fifo_avg=3.836454 rbatt=0.181000 slope=0.280000 ibatt=-0.295212 ocv=3.783071 soc=45 fcc_ah=2.030000 sample_count=128 sample_interval=70 seq_num=51
01-06 06:55:26.219   680   680 I VM_BMS  : power_supply_update: ocv_uv=3783071 ibatt=-295211 soc=45 seq_num=51
01-06 06:55:26.219   680   680 D VM_BMS  : End process_bms_data
01-06 06:55:26.219   680   680 D VM_BMS  : wake_lock released
01-06 06:55:27.049  2525  2525 E sdcard  : missing packages.list; retrying
01-06 06:55:29.499   475   658 D ThermalEngine: sensor_wait: xo_therm Wait done.
01-06 06:55:29.499   475   660 D ThermalEngine: sensor_wait: case_therm Wait done.
01-06 06:55:29.499   475   658 D ThermalEngine: sensor_monitor: xo_therm Reading 38000 .
01-06 06:55:29.499   475   658 I ThermalEngine: Sensor:xo_therm:38000 mC
01-06 06:55:29.499   475   658 D ThermalEngine: update_active_thresh: xo_therm Active(1), Hi(1) 39000, Lo(0) -2147483648, Interval(1) 5000
01-06 06:55:29.499   475   658 D ThermalEngine: sensor_monitor: xo_therm Sensor wait.
01-06 06:55:29.499   475   658 D ThermalEngine: sensor_wait: xo_therm Wait start. 5000ms
01-06 06:55:29.499   475   660 D ThermalEngine: sensor_monitor: case_therm Reading 31000 .
01-06 06:55:29.499   475   660 I ThermalEngine: Sensor:case_therm:31000 mC
01-06 06:55:29.499   475   660 D ThermalEngine: update_active_thresh: case_therm Active(1), Hi(1) 42000, Lo(0) -2147483648, Interval(1) 5000
01-06 06:55:29.499   475   660 D ThermalEngine: sensor_monitor: case_therm Sensor wait.
01-06 06:55:29.499   475   660 D ThermalEngine: sensor_wait: case_therm Wait start. 5000ms
01-06 06:55:30.039  2525  2525 E sdcard  : missing packages.list; retrying
01-06 06:55:33.039  2525  2525 E sdcard  : missing packages.list; retrying
01-06 06:55:34.499   475   658 D ThermalEngine: sensor_wait: xo_therm Wait done.
01-06 06:55:34.499   475   660 D ThermalEngine: sensor_wait: case_therm Wait done.
01-06 06:55:34.499   475   658 D ThermalEngine: sensor_monitor: xo_therm Reading 38000 .
01-06 06:55:34.499   475   658 I ThermalEngine: Sensor:xo_therm:38000 mC
01-06 06:55:34.499   475   658 D ThermalEngine: update_active_thresh: xo_therm Active(1), Hi(1) 39000, Lo(0) -2147483648, Interval(1) 5000
01-06 06:55:34.499   475   658 D ThermalEngine: sensor_monitor: xo_therm Sensor wait.
01-06 06:55:34.499   475   658 D ThermalEngine: sensor_wait: xo_therm Wait start. 5000ms
01-06 06:55:34.499   475   660 D ThermalEngine: sensor_monitor: case_therm Reading 31000 .
01-06 06:55:34.499   475   660 I ThermalEngine: Sensor:case_therm:31000 mC
01-06 06:55:34.499   475   660 D ThermalEngine: update_active_thresh: case_therm Active(1), Hi(1) 42000, Lo(0) -2147483648, Interval(1) 5000
01-06 06:55:34.499   475   660 D ThermalEngine: sensor_monitor: case_therm Sensor wait.
01-06 06:55:34.499   475   660 D ThermalEngine: sensor_wait: case_therm Wait start. 5000ms
01-06 06:55:36.049  2525  2525 E sdcard  : missing packages.list; retrying
01-06 06:55:39.049  2525  2525 E sdcard  : missing packages.list; retrying
01-06 06:55:39.499   475   658 D ThermalEngine: sensor_wait: xo_therm Wait done.
01-06 06:55:39.499   475   660 D ThermalEngine: sensor_wait: case_therm Wait done.
01-06 06:55:39.499   475   658 D ThermalEngine: sensor_monitor: xo_therm Reading 38000 .
01-06 06:55:39.499   475   658 I ThermalEngine: Sensor:xo_therm:38000 mC
01-06 06:55:39.499   475   658 D ThermalEngine: update_active_thresh: xo_therm Active(1), Hi(1) 39000, Lo(0) -2147483648, Interval(1) 5000
01-06 06:55:39.499   475   658 D ThermalEngine: sensor_monitor: xo_therm Sensor wait.
01-06 06:55:39.499   475   658 D ThermalEngine: sensor_wait: xo_therm Wait start. 5000ms
01-06 06:55:39.509   475   660 D ThermalEngine: sensor_monitor: case_therm Reading 31000 .
01-06 06:55:39.509   475   660 I ThermalEngine: Sensor:case_therm:31000 mC
01-06 06:55:39.509   475   660 D ThermalEngine: update_active_thresh: case_therm Active(1), Hi(1) 42000, Lo(0) -2147483648, Interval(1) 5000
01-06 06:55:39.509   475   660 D ThermalEngine: sensor_monitor: case_therm Sensor wait.
01-06 06:55:39.509   475   660 D ThermalEngine: sensor_wait: case_therm Wait start. 5000ms
01-06 06:55:42.049  2525  2525 E sdcard  : missing packages.list; retrying
01-06 06:55:44.509   475   658 D ThermalEngine: sensor_wait: xo_therm Wait done.
01-06 06:55:44.509   475   660 D ThermalEngine: sensor_wait: case_therm Wait done.
01-06 06:55:44.509   475   658 D ThermalEngine: sensor_monitor: xo_therm Reading 38000 .
01-06 06:55:44.509   475   658 I ThermalEngine: Sensor:xo_therm:38000 mC
01-06 06:55:44.509   475   658 D ThermalEngine: update_active_thresh: xo_therm Active(1), Hi(1) 39000, Lo(0) -2147483648, Interval(1) 5000
01-06 06:55:44.509   475   658 D ThermalEngine: sensor_monitor: xo_therm Sensor wait.
01-06 06:55:44.509   475   658 D ThermalEngine: sensor_wait: xo_therm Wait start. 5000ms
01-06 06:55:44.509   475   660 D ThermalEngine: sensor_monitor: case_therm Reading 30000 .
01-06 06:55:44.509   475   660 I ThermalEngine: Sensor:case_therm:30000 mC
01-06 06:55:44.509   475   660 D ThermalEngine: update_active_thresh: case_therm Active(1), Hi(1) 42000, Lo(0) -2147483648, Interval(1) 5000
01-06 06:55:44.509   475   660 D ThermalEngine: sensor_monitor: case_therm Sensor wait.
01-06 06:55:44.509   475   660 D ThermalEngine: sensor_wait: case_therm Wait start. 5000ms
01-06 06:55:45.049  2525  2525 E sdcard  : missing packages.list; retrying
01-06 06:55:48.049  2525  2525 E sdcard  : missing packages.list; retrying
01-06 06:55:49.509   475   658 D ThermalEngine: sensor_wait: xo_therm Wait done.
01-06 06:55:49.509   475   660 D ThermalEngine: sensor_wait: case_therm Wait done.
01-06 06:55:49.509   475   658 D ThermalEngine: sensor_monitor: xo_therm Reading 38000 .
01-06 06:55:49.509   475   658 I ThermalEngine: Sensor:xo_therm:38000 mC
01-06 06:55:49.509   475   658 D ThermalEngine: update_active_thresh: xo_therm Active(1), Hi(1) 39000, Lo(0) -2147483648, Interval(1) 5000
01-06 06:55:49.509   475   658 D ThermalEngine: sensor_monitor: xo_therm Sensor wait.
01-06 06:55:49.509   475   658 D ThermalEngine: sensor_wait: xo_therm Wait start. 5000ms
01-06 06:55:49.509   475   660 D ThermalEngine: sensor_monitor: case_therm Reading 30000 .
01-06 06:55:49.509   475   660 I ThermalEngine: Sensor:case_therm:30000 mC
01-06 06:55:49.509   475   660 D ThermalEngine: update_active_thresh: case_therm Active(1), Hi(1) 42000, Lo(0) -2147483648, Interval(1) 5000
01-06 06:55:49.509   475   660 D ThermalEngine: sensor_monitor: case_therm Sensor wait.
01-06 06:55:49.509   475   660 D ThermalEngine: sensor_wait: case_therm Wait start. 5000ms
01-06 06:55:51.049  2525  2525 E sdcard  : missing packages.list; retrying
01-06 06:55:54.049  2525  2525 E sdcard  : missing packages.list; retrying
01-06 06:55:54.509   475   658 D ThermalEngine: sensor_wait: xo_therm Wait done.
01-06 06:55:54.509   475   660 D ThermalEngine: sensor_wait: case_therm Wait done.
01-06 06:55:54.509   475   658 D ThermalEngine: sensor_monitor: xo_therm Reading 38000 .
01-06 06:55:54.509   475   658 I ThermalEngine: Sensor:xo_therm:38000 mC
01-06 06:55:54.509   475   658 D ThermalEngine: update_active_thresh: xo_therm Active(1), Hi(1) 39000, Lo(0) -2147483648, Interval(1) 5000
01-06 06:55:54.509   475   658 D ThermalEngine: sensor_monitor: xo_therm Sensor wait.
01-06 06:55:54.509   475   658 D ThermalEngine: sensor_wait: xo_therm Wait start. 5000ms
01-06 06:55:54.509   475   660 D ThermalEngine: sensor_monitor: case_therm Reading 30000 .
01-06 06:55:54.509   475   660 I ThermalEngine: Sensor:case_therm:30000 mC
01-06 06:55:54.509   475   660 D ThermalEngine: update_active_thresh: case_therm Active(1), Hi(1) 42000, Lo(0) -2147483648, Interval(1) 5000
01-06 06:55:54.509   475   660 D ThermalEngine: sensor_monitor: case_therm Sensor wait.
01-06 06:55:54.509   475   660 D ThermalEngine: sensor_wait: case_therm Wait start. 5000ms
01-06 06:55:57.049  2525  2525 E sdcard  : missing packages.list; retrying
01-06 06:55:59.519   475   658 D ThermalEngine: sensor_wait: xo_therm Wait done.
01-06 06:55:59.519   475   660 D ThermalEngine: sensor_wait: case_therm Wait done.
01-06 06:55:59.519   475   658 D ThermalEngine: sensor_monitor: xo_therm Reading 38000 .
01-06 06:55:59.519   475   658 I ThermalEngine: Sensor:xo_therm:38000 mC
01-06 06:55:59.519   475   658 D ThermalEngine: update_active_thresh: xo_therm Active(1), Hi(1) 39000, Lo(0) -2147483648, Interval(1) 5000
01-06 06:55:59.519   475   658 D ThermalEngine: sensor_monitor: xo_therm Sensor wait.
01-06 06:55:59.519   475   658 D ThermalEngine: sensor_wait: xo_therm Wait start. 5000ms
01-06 06:55:59.519   475   660 D ThermalEngine: sensor_monitor: case_therm Reading 30000 .
01-06 06:55:59.519   475   660 I ThermalEngine: Sensor:case_therm:30000 mC
01-06 06:55:59.519   475   660 D ThermalEngine: update_active_thresh: case_therm Active(1), Hi(1) 42000, Lo(0) -2147483648, Interval(1) 5000
01-06 06:55:59.519   475   660 D ThermalEngine: sensor_monitor: case_therm Sensor wait.
01-06 06:55:59.519   475   660 D ThermalEngine: sensor_wait: case_therm Wait start. 5000ms
01-06 06:56:00.049  2525  2525 E sdcard  : missing packages.list; retrying
01-06 06:56:03.049  2525  2525 E sdcard  : missing packages.list; retrying
01-06 06:56:04.519   475   658 D ThermalEngine: sensor_wait: xo_therm Wait done.
01-06 06:56:04.519   475   660 D ThermalEngine: sensor_wait: case_therm Wait done.
01-06 06:56:04.519   475   658 D ThermalEngine: sensor_monitor: xo_therm Reading 38000 .
01-06 06:56:04.519   475   658 I ThermalEngine: Sensor:xo_therm:38000 mC
01-06 06:56:04.519   475   658 D ThermalEngine: update_active_thresh: xo_therm Active(1), Hi(1) 39000, Lo(0) -2147483648, Interval(1) 5000
01-06 06:56:04.519   475   658 D ThermalEngine: sensor_monitor: xo_therm Sensor wait.
01-06 06:56:04.519   475   658 D ThermalEngine: sensor_wait: xo_therm Wait start. 5000ms
01-06 06:56:04.519   475   660 D ThermalEngine: sensor_monitor: case_therm Reading 30000 .
01-06 06:56:04.519   475   660 I ThermalEngine: Sensor:case_therm:30000 mC
01-06 06:56:04.519   475   660 D ThermalEngine: update_active_thresh: case_therm Active(1), Hi(1) 42000, Lo(0) -2147483648, Interval(1) 5000
01-06 06:56:04.519   475   660 D ThermalEngine: sensor_monitor: case_therm Sensor wait.
01-06 06:56:04.519   475   660 D ThermalEngine: sensor_wait: case_therm Wait start. 5000ms
01-06 06:56:06.059  2525  2525 E sdcard  : missing packages.list; retrying
01-06 06:56:09.059  2525  2525 E sdcard  : missing packages.list; retrying
01-06 06:56:09.519   475   658 D ThermalEngine: sensor_wait: xo_therm Wait done.
01-06 06:56:09.519   475   660 D ThermalEngine: sensor_wait: case_therm Wait done.
01-06 06:56:09.519   475   658 D ThermalEngine: sensor_monitor: xo_therm Reading 38000 .
01-06 06:56:09.519   475   658 I ThermalEngine: Sensor:xo_therm:38000 mC
01-06 06:56:09.519   475   658 D ThermalEngine: update_active_thresh: xo_therm Active(1), Hi(1) 39000, Lo(0) -2147483648, Interval(1) 5000
01-06 06:56:09.519   475   658 D ThermalEngine: sensor_monitor: xo_therm Sensor wait.
01-06 06:56:09.519   475   658 D ThermalEngine: sensor_wait: xo_therm Wait start. 5000ms
01-06 06:56:09.519   475   660 D ThermalEngine: sensor_monitor: case_therm Reading 30000 .
01-06 06:56:09.519   475   660 I ThermalEngine: Sensor:case_therm:30000 mC
01-06 06:56:09.519   475   660 D ThermalEngine: update_active_thresh: case_therm Active(1), Hi(1) 42000, Lo(0) -2147483648, Interval(1) 5000
01-06 06:56:09.519   475   660 D ThermalEngine: sensor_monitor: case_therm Sensor wait.
01-06 06:56:09.519   475   660 D ThermalEngine: sensor_wait: case_therm Wait start. 5000ms
01-06 06:56:12.059  2525  2525 E sdcard  : missing packages.list; retrying
01-06 06:56:14.359   680   680 D VM_BMS  : wake_lock acquired
01-06 06:56:14.359   680   680 D VM_BMS  : New BMS data - Size=56
01-06 06:56:14.359   680   680 D VM_BMS  : Start process_bms_data
01-06 06:56:14.369   680   680 D VM_BMS  : For batt_temp=294 fcc_mah=2030
01-06 06:56:14.369   680   680 D VM_BMS  : For ocv=3783071 batt_temp=294 soc=45
01-06 06:56:14.369   680   680 D VM_BMS  : fifo_count=5 acc_count=0
01-06 06:56:14.369   680   680 D VM_BMS  : INIT: ocv=3783071 last_ocv=3783071 batt_temp=294 soc=45
01-06 06:56:14.369   680   680 D VM_BMS  : For soc=45 batt_temp=294 slope=2800
01-06 06:56:14.369   680   680 D VM_BMS  : For soc=45 batt_temp=294 rbatt_sf=97
01-06 06:56:14.369   680   680 D VM_BMS  : rbatt_mohm_default=136, rbatt_mohm=131, sf=97 batt_temp=294
01-06 06:56:14.369   680   680 D VM_BMS  : For ocv=3783171 batt_temp=294 soc=45
01-06 06:56:14.369   680   680 D VM_BMS  : FIFO=0 fifo_avg=3.836203 rbatt=0.181000 slope=0.280000 ibatt=-0.293269 ocv=3.783172 soc=45 fcc_ah=2.030000 sample_count=128 sample_interval=70 seq_num=52
01-06 06:56:14.369   680   680 D VM_BMS  : For soc=45 batt_temp=294 slope=2800
01-06 06:56:14.369   680   680 D VM_BMS  : For soc=45 batt_temp=294 rbatt_sf=97
01-06 06:56:14.369   680   680 D VM_BMS  : rbatt_mohm_default=136, rbatt_mohm=131, sf=97 batt_temp=294
01-06 06:56:14.369   680   680 D VM_BMS  : For ocv=3783276 batt_temp=294 soc=45
01-06 06:56:14.369   680   680 D VM_BMS  : FIFO=1 fifo_avg=3.838840 rbatt=0.181000 slope=0.280000 ibatt=-0.307273 ocv=3.783276 soc=45 fcc_ah=2.030000 sample_count=128 sample_interval=70 seq_num=52
01-06 06:56:14.369   680   680 D VM_BMS  : For soc=45 batt_temp=294 slope=2800
01-06 06:56:14.369   680   680 D VM_BMS  : For soc=45 batt_temp=294 rbatt_sf=97
01-06 06:56:14.369   680   680 D VM_BMS  : rbatt_mohm_default=136, rbatt_mohm=131, sf=97 batt_temp=294
01-06 06:56:14.369   680   680 D VM_BMS  : For ocv=3783384 batt_temp=294 soc=45
01-06 06:56:14.369   680   680 D VM_BMS  : FIFO=2 fifo_avg=3.840312 rbatt=0.181000 slope=0.280000 ibatt=-0.314817 ocv=3.783384 soc=45 fcc_ah=2.030000 sample_count=128 sample_interval=70 seq_num=52
01-06 06:56:14.369   680   680 D VM_BMS  : For soc=45 batt_temp=294 slope=2800
01-06 06:56:14.369   680   680 D VM_BMS  : For soc=45 batt_temp=294 rbatt_sf=97
01-06 06:56:14.369   680   680 D VM_BMS  : rbatt_mohm_default=136, rbatt_mohm=131, sf=97 batt_temp=294
01-06 06:56:14.369   680   680 D VM_BMS  : For ocv=3783490 batt_temp=294 soc=45
01-06 06:56:14.369   680   680 D VM_BMS  : FIFO=3 fifo_avg=3.839419 rbatt=0.181000 slope=0.280000 ibatt=-0.309291 ocv=3.783490 soc=45 fcc_ah=2.030000 sample_count=128 sample_interval=70 seq_num=52
01-06 06:56:14.369   680   680 D VM_BMS  : For soc=45 batt_temp=294 slope=2800
01-06 06:56:14.369   680   680 D VM_BMS  : For soc=45 batt_temp=294 rbatt_sf=97
01-06 06:56:14.369   680   680 D VM_BMS  : rbatt_mohm_default=136, rbatt_mohm=131, sf=97 batt_temp=294
01-06 06:56:14.369   680   680 D VM_BMS  : For ocv=3783599 batt_temp=294 soc=45
01-06 06:56:14.369   680   680 D VM_BMS  : FIFO=4 fifo_avg=3.841182 rbatt=0.181000 slope=0.280000 ibatt=-0.318439 ocv=3.783599 soc=45 fcc_ah=2.030000 sample_count=128 sample_interval=70 seq_num=52
01-06 06:56:14.369   680   680 I VM_BMS  : power_supply_update: ocv_uv=3783599 ibatt=-318438 soc=45 seq_num=52
01-06 06:56:14.369   680   680 D VM_BMS  : End process_bms_data
01-06 06:56:14.369   680   680 D VM_BMS  : wake_lock released
01-06 06:56:14.529   475   658 D ThermalEngine: sensor_wait: xo_therm Wait done.
01-06 06:56:14.529   475   658 D ThermalEngine: sensor_monitor: xo_therm Reading 38000 .
01-06 06:56:14.529   475   658 I ThermalEngine: Sensor:xo_therm:38000 mC
01-06 06:56:14.529   475   658 D ThermalEngine: update_active_thresh: xo_therm Active(1), Hi(1) 39000, Lo(0) -2147483648, Interval(1) 5000
01-06 06:56:14.529   475   658 D ThermalEngine: sensor_monitor: xo_therm Sensor wait.
01-06 06:56:14.529   475   658 D ThermalEngine: sensor_wait: xo_therm Wait start. 5000ms
01-06 06:56:14.529   475   660 D ThermalEngine: sensor_wait: case_therm Wait done.
01-06 06:56:14.529   475   660 D ThermalEngine: sensor_monitor: case_therm Reading 30000 .
01-06 06:56:14.529   475   660 I ThermalEngine: Sensor:case_therm:30000 mC
01-06 06:56:14.529   475   660 D ThermalEngine: update_active_thresh: case_therm Active(1), Hi(1) 42000, Lo(0) -2147483648, Interval(1) 5000
01-06 06:56:14.529   475   660 D ThermalEngine: sensor_monitor: case_therm Sensor wait.
01-06 06:56:14.529   475   660 D ThermalEngine: sensor_wait: case_therm Wait start. 5000ms
01-06 06:56:15.059  2525  2525 E sdcard  : missing packages.list; retrying
01-06 06:56:18.059  2525  2525 E sdcard  : missing packages.list; retrying
01-06 06:56:19.529   475   658 D ThermalEngine: sensor_wait: xo_therm Wait done.
01-06 06:56:19.529   475   660 D ThermalEngine: sensor_wait: case_therm Wait done.
01-06 06:56:19.529   475   658 D ThermalEngine: sensor_monitor: xo_therm Reading 38000 .
01-06 06:56:19.529   475   658 I ThermalEngine: Sensor:xo_therm:38000 mC
01-06 06:56:19.529   475   658 D ThermalEngine: update_active_thresh: xo_therm Active(1), Hi(1) 39000, Lo(0) -2147483648, Interval(1) 5000
01-06 06:56:19.529   475   658 D ThermalEngine: sensor_monitor: xo_therm Sensor wait.
01-06 06:56:19.529   475   658 D ThermalEngine: sensor_wait: xo_therm Wait start. 5000ms
01-06 06:56:19.529   475   660 D ThermalEngine: sensor_monitor: case_therm Reading 30000 .
01-06 06:56:19.529   475   660 I ThermalEngine: Sensor:case_therm:30000 mC
01-06 06:56:19.529   475   660 D ThermalEngine: update_active_thresh: case_therm Active(1), Hi(1) 42000, Lo(0) -2147483648, Interval(1) 5000
01-06 06:56:19.529   475   660 D ThermalEngine: sensor_monitor: case_therm Sensor wait.
01-06 06:56:19.529   475   660 D ThermalEngine: sensor_wait: case_therm Wait start. 5000ms
01-06 06:56:21.059  2525  2525 E sdcard  : missing packages.list; retrying
01-06 06:56:24.059  2525  2525 E sdcard  : missing packages.list; retrying
01-06 06:56:24.529   475   658 D ThermalEngine: sensor_wait: xo_therm Wait done.
01-06 06:56:24.529   475   660 D ThermalEngine: sensor_wait: case_therm Wait done.
01-06 06:56:24.529   475   658 D ThermalEngine: sensor_monitor: xo_therm Reading 38000 .
01-06 06:56:24.529   475   658 I ThermalEngine: Sensor:xo_therm:38000 mC
01-06 06:56:24.529   475   658 D ThermalEngine: update_active_thresh: xo_therm Active(1), Hi(1) 39000, Lo(0) -2147483648, Interval(1) 5000
01-06 06:56:24.529   475   658 D ThermalEngine: sensor_monitor: xo_therm Sensor wait.
01-06 06:56:24.529   475   658 D ThermalEngine: sensor_wait: xo_therm Wait start. 5000ms
01-06 06:56:24.529   475   660 D ThermalEngine: sensor_monitor: case_therm Reading 30000 .
01-06 06:56:24.529   475   660 I ThermalEngine: Sensor:case_therm:30000 mC
01-06 06:56:24.529   475   660 D ThermalEngine: update_active_thresh: case_therm Active(1), Hi(1) 42000, Lo(0) -2147483648, Interval(1) 5000
01-06 06:56:24.529   475   660 D ThermalEngine: sensor_monitor: case_therm Sensor wait.
01-06 06:56:24.529   475   660 D ThermalEngine: sensor_wait: case_therm Wait start. 5000ms
01-06 06:56:27.059  2525  2525 E sdcard  : missing packages.list; retrying
01-06 06:56:29.539   475   658 D ThermalEngine: sensor_wait: xo_therm Wait done.
01-06 06:56:29.539   475   660 D ThermalEngine: sensor_wait: case_therm Wait done.
01-06 06:56:29.539   475   658 D ThermalEngine: sensor_monitor: xo_therm Reading 38000 .
01-06 06:56:29.539   475   658 I ThermalEngine: Sensor:xo_therm:38000 mC
01-06 06:56:29.539   475   658 D ThermalEngine: update_active_thresh: xo_therm Active(1), Hi(1) 39000, Lo(0) -2147483648, Interval(1) 5000
01-06 06:56:29.539   475   658 D ThermalEngine: sensor_monitor: xo_therm Sensor wait.
01-06 06:56:29.539   475   658 D ThermalEngine: sensor_wait: xo_therm Wait start. 5000ms
01-06 06:56:29.539   475   660 D ThermalEngine: sensor_monitor: case_therm Reading 30000 .
01-06 06:56:29.539   475   660 I ThermalEngine: Sensor:case_therm:30000 mC
01-06 06:56:29.539   475   660 D ThermalEngine: update_active_thresh: case_therm Active(1), Hi(1) 42000, Lo(0) -2147483648, Interval(1) 5000
01-06 06:56:29.539   475   660 D ThermalEngine: sensor_monitor: case_therm Sensor wait.
01-06 06:56:29.539   475   660 D ThermalEngine: sensor_wait: case_therm Wait start. 5000ms
01-06 06:56:30.059  2525  2525 E sdcard  : missing packages.list; retrying
01-06 06:56:33.059  2525  2525 E sdcard  : missing packages.list; retrying
01-06 06:56:34.539   475   658 D ThermalEngine: sensor_wait: xo_therm Wait done.
01-06 06:56:34.539   475   660 D ThermalEngine: sensor_wait: case_therm Wait done.
01-06 06:56:34.539   475   658 D ThermalEngine: sensor_monitor: xo_therm Reading 38000 .
01-06 06:56:34.539   475   658 I ThermalEngine: Sensor:xo_therm:38000 mC
01-06 06:56:34.539   475   658 D ThermalEngine: update_active_thresh: xo_therm Active(1), Hi(1) 39000, Lo(0) -2147483648, Interval(1) 5000
01-06 06:56:34.539   475   658 D ThermalEngine: sensor_monitor: xo_therm Sensor wait.
01-06 06:56:34.539   475   658 D ThermalEngine: sensor_wait: xo_therm Wait start. 5000ms
01-06 06:56:34.539   475   660 D ThermalEngine: sensor_monitor: case_therm Reading 30000 .
01-06 06:56:34.539   475   660 I ThermalEngine: Sensor:case_therm:30000 mC
01-06 06:56:34.539   475   660 D ThermalEngine: update_active_thresh: case_therm Active(1), Hi(1) 42000, Lo(0) -2147483648, Interval(1) 5000
01-06 06:56:34.539   475   660 D ThermalEngine: sensor_monitor: case_therm Sensor wait.
01-06 06:56:34.539   475   660 D ThermalEngine: sensor_wait: case_therm Wait start. 5000ms
01-06 06:56:36.069  2525  2525 E sdcard  : missing packages.list; retrying
01-06 06:56:39.069  2525  2525 E sdcard  : missing packages.list; retrying
01-06 06:56:39.539   475   658 D ThermalEngine: sensor_wait: xo_therm Wait done.
01-06 06:56:39.539   475   660 D ThermalEngine: sensor_wait: case_therm Wait done.
01-06 06:56:39.539   475   658 D ThermalEngine: sensor_monitor: xo_therm Reading 38000 .
01-06 06:56:39.539   475   658 I ThermalEngine: Sensor:xo_therm:38000 mC
01-06 06:56:39.539   475   658 D ThermalEngine: update_active_thresh: xo_therm Active(1), Hi(1) 39000, Lo(0) -2147483648, Interval(1) 5000
01-06 06:56:39.539   475   658 D ThermalEngine: sensor_monitor: xo_therm Sensor wait.
01-06 06:56:39.539   475   658 D ThermalEngine: sensor_wait: xo_therm Wait start. 5000ms
01-06 06:56:39.539   475   660 D ThermalEngine: sensor_monitor: case_therm Reading 30000 .
01-06 06:56:39.539   475   660 I ThermalEngine: Sensor:case_therm:30000 mC
01-06 06:56:39.539   475   660 D ThermalEngine: update_active_thresh: case_therm Active(1), Hi(1) 42000, Lo(0) -2147483648, Interval(1) 5000
01-06 06:56:39.539   475   660 D ThermalEngine: sensor_monitor: case_therm Sensor wait.
01-06 06:56:39.539   475   660 D ThermalEngine: sensor_wait: case_therm Wait start. 5000ms
01-06 06:56:42.069  2525  2525 E sdcard  : missing packages.list; retrying
01-06 06:56:44.549   475   658 D ThermalEngine: sensor_wait: xo_therm Wait done.
01-06 06:56:44.549   475   660 D ThermalEngine: sensor_wait: case_therm Wait done.
01-06 06:56:44.549   475   658 D ThermalEngine: sensor_monitor: xo_therm Reading 38000 .
01-06 06:56:44.549   475   658 I ThermalEngine: Sensor:xo_therm:38000 mC
01-06 06:56:44.549   475   658 D ThermalEngine: update_active_thresh: xo_therm Active(1), Hi(1) 39000, Lo(0) -2147483648, Interval(1) 5000
01-06 06:56:44.549   475   658 D ThermalEngine: sensor_monitor: xo_therm Sensor wait.
01-06 06:56:44.549   475   658 D ThermalEngine: sensor_wait: xo_therm Wait start. 5000ms
01-06 06:56:44.549   475   660 D ThermalEngine: sensor_monitor: case_therm Reading 30000 .
01-06 06:56:44.549   475   660 I ThermalEngine: Sensor:case_therm:30000 mC
01-06 06:56:44.549   475   660 D ThermalEngine: update_active_thresh: case_therm Active(1), Hi(1) 42000, Lo(0) -2147483648, Interval(1) 5000
01-06 06:56:44.549   475   660 D ThermalEngine: sensor_monitor: case_therm Sensor wait.
01-06 06:56:44.549   475   660 D ThermalEngine: sensor_wait: case_therm Wait start. 5000ms
01-06 06:56:45.069  2525  2525 E sdcard  : missing packages.list; retrying
01-06 06:56:48.069  2525  2525 E sdcard  : missing packages.list; retrying
01-06 06:56:49.539   475   658 D ThermalEngine: sensor_wait: xo_therm Wait done.
01-06 06:56:49.549   475   660 D ThermalEngine: sensor_wait: case_therm Wait done.
01-06 06:56:49.549   475   658 D ThermalEngine: sensor_monitor: xo_therm Reading 38000 .
01-06 06:56:49.549   475   658 I ThermalEngine: Sensor:xo_therm:38000 mC
01-06 06:56:49.549   475   658 D ThermalEngine: update_active_thresh: xo_therm Active(1), Hi(1) 39000, Lo(0) -2147483648, Interval(1) 5000
01-06 06:56:49.549   475   658 D ThermalEngine: sensor_monitor: xo_therm Sensor wait.
01-06 06:56:49.549   475   658 D ThermalEngine: sensor_wait: xo_therm Wait start. 5000ms
01-06 06:56:49.549   475   660 D ThermalEngine: sensor_monitor: case_therm Reading 30000 .
01-06 06:56:49.549   475   660 I ThermalEngine: Sensor:case_therm:30000 mC
01-06 06:56:49.549   475   660 D ThermalEngine: update_active_thresh: case_therm Active(1), Hi(1) 42000, Lo(0) -2147483648, Interval(1) 5000
01-06 06:56:49.549   475   660 D ThermalEngine: sensor_monitor: case_therm Sensor wait.
01-06 06:56:49.549   475   660 D ThermalEngine: sensor_wait: case_therm Wait start. 5000ms
01-06 06:56:51.069  2525  2525 E sdcard  : missing packages.list; retrying
01-06 06:56:54.069  2525  2525 E sdcard  : missing packages.list; retrying
01-06 06:56:54.549   475   658 D ThermalEngine: sensor_wait: xo_therm Wait done.
01-06 06:56:54.549   475   660 D ThermalEngine: sensor_wait: case_therm Wait done.
01-06 06:56:54.549   475   658 D ThermalEngine: sensor_monitor: xo_therm Reading 38000 .
01-06 06:56:54.549   475   658 I ThermalEngine: Sensor:xo_therm:38000 mC
01-06 06:56:54.549   475   658 D ThermalEngine: update_active_thresh: xo_therm Active(1), Hi(1) 39000, Lo(0) -2147483648, Interval(1) 5000
01-06 06:56:54.549   475   658 D ThermalEngine: sensor_monitor: xo_therm Sensor wait.
01-06 06:56:54.549   475   658 D ThermalEngine: sensor_wait: xo_therm Wait start. 5000ms
01-06 06:56:54.549   475   660 D ThermalEngine: sensor_monitor: case_therm Reading 30000 .
01-06 06:56:54.549   475   660 I ThermalEngine: Sensor:case_therm:30000 mC
01-06 06:56:54.549   475   660 D ThermalEngine: update_active_thresh: case_therm Active(1), Hi(1) 42000, Lo(0) -2147483648, Interval(1) 5000
01-06 06:56:54.549   475   660 D ThermalEngine: sensor_monitor: case_therm Sensor wait.
01-06 06:56:54.549   475   660 D ThermalEngine: sensor_wait: case_therm Wait start. 5000ms
01-06 06:56:57.069  2525  2525 E sdcard  : missing packages.list; retrying
01-06 06:56:59.549   475   658 D ThermalEngine: sensor_wait: xo_therm Wait done.
01-06 06:56:59.549   475   660 D ThermalEngine: sensor_wait: case_therm Wait done.
01-06 06:56:59.549   475   658 D ThermalEngine: sensor_monitor: xo_therm Reading 38000 .
01-06 06:56:59.549   475   658 I ThermalEngine: Sensor:xo_therm:38000 mC
01-06 06:56:59.549   475   658 D ThermalEngine: update_active_thresh: xo_therm Active(1), Hi(1) 39000, Lo(0) -2147483648, Interval(1) 5000
01-06 06:56:59.549   475   658 D ThermalEngine: sensor_monitor: xo_therm Sensor wait.
01-06 06:56:59.549   475   658 D ThermalEngine: sensor_wait: xo_therm Wait start. 5000ms
01-06 06:56:59.549   475   660 D ThermalEngine: sensor_monitor: case_therm Reading 30000 .
01-06 06:56:59.549   475   660 I ThermalEngine: Sensor:case_therm:30000 mC
01-06 06:56:59.549   475   660 D ThermalEngine: update_active_thresh: case_therm Active(1), Hi(1) 42000, Lo(0) -2147483648, Interval(1) 5000
01-06 06:56:59.549   475   660 D ThermalEngine: sensor_monitor: case_therm Sensor wait.
01-06 06:56:59.549   475   660 D ThermalEngine: sensor_wait: case_therm Wait start. 5000ms
01-06 06:57:00.069  2525  2525 E sdcard  : missing packages.list; retrying
01-06 06:57:02.509   680   680 D VM_BMS  : wake_lock acquired
01-06 06:57:02.509   680   680 D VM_BMS  : New BMS data - Size=56
01-06 06:57:02.509   680   680 D VM_BMS  : Start process_bms_data
01-06 06:57:02.509   680   680 D VM_BMS  : For batt_temp=294 fcc_mah=2030
01-06 06:57:02.509   680   680 D VM_BMS  : For ocv=3783599 batt_temp=294 soc=45
01-06 06:57:02.509   680   680 D VM_BMS  : fifo_count=5 acc_count=0
01-06 06:57:02.509   680   680 D VM_BMS  : INIT: ocv=3783599 last_ocv=3783599 batt_temp=294 soc=45
01-06 06:57:02.509   680   680 D VM_BMS  : For soc=45 batt_temp=294 slope=2800
01-06 06:57:02.509   680   680 D VM_BMS  : For soc=45 batt_temp=294 rbatt_sf=97
01-06 06:57:02.509   680   680 D VM_BMS  : rbatt_mohm_default=136, rbatt_mohm=131, sf=97 batt_temp=294
01-06 06:57:02.509   680   680 D VM_BMS  : For ocv=3783709 batt_temp=294 soc=45
01-06 06:57:02.509   680   680 D VM_BMS  : FIFO=0 fifo_avg=3.842064 rbatt=0.181000 slope=0.280000 ibatt=-0.322705 ocv=3.783710 soc=45 fcc_ah=2.030000 sample_count=128 sample_interval=70 seq_num=53
01-06 06:57:02.509   680   680 D VM_BMS  : For soc=45 batt_temp=294 slope=2800
01-06 06:57:02.509   680   680 D VM_BMS  : For soc=45 batt_temp=294 rbatt_sf=97
01-06 06:57:02.509   680   680 D VM_BMS  : rbatt_mohm_default=136, rbatt_mohm=131, sf=97 batt_temp=294
01-06 06:57:02.509   680   680 D VM_BMS  : For ocv=3783820 batt_temp=294 soc=45
01-06 06:57:02.509   680   680 D VM_BMS  : FIFO=1 fifo_avg=3.842350 rbatt=0.181000 slope=0.280000 ibatt=-0.323676 ocv=3.783820 soc=45 fcc_ah=2.030000 sample_count=128 sample_interval=70 seq_num=53
01-06 06:57:02.509   680   680 D VM_BMS  : For soc=45 batt_temp=294 slope=2800
01-06 06:57:02.509   680   680 D VM_BMS  : For soc=45 batt_temp=294 rbatt_sf=97
01-06 06:57:02.509   680   680 D VM_BMS  : rbatt_mohm_default=136, rbatt_mohm=131, sf=97 batt_temp=294
01-06 06:57:02.509   680   680 D VM_BMS  : For ocv=3783930 batt_temp=294 soc=45
01-06 06:57:02.509   680   680 D VM_BMS  : FIFO=2 fifo_avg=3.842350 rbatt=0.181000 slope=0.280000 ibatt=-0.323064 ocv=3.783931 soc=45 fcc_ah=2.030000 sample_count=128 sample_interval=70 seq_num=53
01-06 06:57:02.509   680   680 D VM_BMS  : For soc=45 batt_temp=294 slope=2800
01-06 06:57:02.509   680   680 D VM_BMS  : For soc=45 batt_temp=294 rbatt_sf=97
01-06 06:57:02.509   680   680 D VM_BMS  : rbatt_mohm_default=136, rbatt_mohm=131, sf=97 batt_temp=294
01-06 06:57:02.509   680   680 D VM_BMS  : For ocv=3784040 batt_temp=294 soc=46
01-06 06:57:02.509   680   680 D VM_BMS  : FIFO=3 fifo_avg=3.842056 rbatt=0.181000 slope=0.280000 ibatt=-0.320834 ocv=3.784040 soc=46 fcc_ah=2.030000 sample_count=128 sample_interval=70 seq_num=53
01-06 06:57:02.509   680   680 D VM_BMS  : For soc=46 batt_temp=294 slope=2800
01-06 06:57:02.509   680   680 D VM_BMS  : For soc=46 batt_temp=294 rbatt_sf=97
01-06 06:57:02.509   680   680 D VM_BMS  : rbatt_mohm_default=136, rbatt_mohm=131, sf=97 batt_temp=294
01-06 06:57:02.509   680   680 D VM_BMS  : For ocv=3784147 batt_temp=294 soc=46
01-06 06:57:02.509   680   680 D VM_BMS  : FIFO=4 fifo_avg=3.840869 rbatt=0.181000 slope=0.280000 ibatt=-0.313675 ocv=3.784148 soc=46 fcc_ah=2.030000 sample_count=128 sample_interval=70 seq_num=53
01-06 06:57:02.509   680   680 I VM_BMS  : power_supply_update: ocv_uv=3784147 ibatt=-313674 soc=46 seq_num=53
01-06 06:57:02.509   680   680 D VM_BMS  : End process_bms_data
01-06 06:57:02.509   680   680 D VM_BMS  : wake_lock released
01-06 06:57:02.549  5455  5455 D bt_btif : BTHF: device_status_notification
01-06 06:57:02.549   485   485 I GeckoConsole: QLOC: MozSettingShim: Got topic change:gonkhal-battery-notifier
01-06 06:57:02.549  5455  5455 D bt_btif : BTHF: device_status_notification
01-06 06:57:03.079  2525  2525 E sdcard  : missing packages.list; retrying
01-06 06:57:04.549   475   658 D ThermalEngine: sensor_wait: xo_therm Wait done.
01-06 06:57:04.549   475   658 D ThermalEngine: sensor_monitor: xo_therm Reading 38000 .
01-06 06:57:04.549   475   658 I ThermalEngine: Sensor:xo_therm:38000 mC
01-06 06:57:04.549   475   658 D ThermalEngine: update_active_thresh: xo_therm Active(1), Hi(1) 39000, Lo(0) -2147483648, Interval(1) 5000
01-06 06:57:04.549   475   658 D ThermalEngine: sensor_monitor: xo_therm Sensor wait.
01-06 06:57:04.549   475   658 D ThermalEngine: sensor_wait: xo_therm Wait start. 5000ms
01-06 06:57:04.549   475   660 D ThermalEngine: sensor_wait: case_therm Wait done.
01-06 06:57:04.559   475   660 D ThermalEngine: sensor_monitor: case_therm Reading 30000 .
01-06 06:57:04.559   475   660 I ThermalEngine: Sensor:case_therm:30000 mC
01-06 06:57:04.559   475   660 D ThermalEngine: update_active_thresh: case_therm Active(1), Hi(1) 42000, Lo(0) -2147483648, Interval(1) 5000
01-06 06:57:04.559   475   660 D ThermalEngine: sensor_monitor: case_therm Sensor wait.
01-06 06:57:04.559   475   660 D ThermalEngine: sensor_wait: case_therm Wait start. 5000ms
01-06 06:57:06.079  2525  2525 E sdcard  : missing packages.list; retrying
01-06 06:57:09.079  2525  2525 E sdcard  : missing packages.list; retrying
01-06 06:57:09.559   475   658 D ThermalEngine: sensor_wait: xo_therm Wait done.
01-06 06:57:09.559   475   660 D ThermalEngine: sensor_wait: case_therm Wait done.
01-06 06:57:09.559   475   658 D ThermalEngine: sensor_monitor: xo_therm Reading 38000 .
01-06 06:57:09.559   475   658 I ThermalEngine: Sensor:xo_therm:38000 mC
01-06 06:57:09.559   475   658 D ThermalEngine: update_active_thresh: xo_therm Active(1), Hi(1) 39000, Lo(0) -2147483648, Interval(1) 5000
01-06 06:57:09.559   475   658 D ThermalEngine: sensor_monitor: xo_therm Sensor wait.
01-06 06:57:09.559   475   658 D ThermalEngine: sensor_wait: xo_therm Wait start. 5000ms
01-06 06:57:09.559   475   660 D ThermalEngine: sensor_monitor: case_therm Reading 30000 .
01-06 06:57:09.559   475   660 I ThermalEngine: Sensor:case_therm:30000 mC
01-06 06:57:09.559   475   660 D ThermalEngine: update_active_thresh: case_therm Active(1), Hi(1) 42000, Lo(0) -2147483648, Interval(1) 5000
01-06 06:57:09.559   475   660 D ThermalEngine: sensor_monitor: case_therm Sensor wait.
01-06 06:57:09.559   475   660 D ThermalEngine: sensor_wait: case_therm Wait start. 5000ms
01-06 06:57:12.079  2525  2525 E sdcard  : missing packages.list; retrying
01-06 06:57:14.559   475   658 D ThermalEngine: sensor_wait: xo_therm Wait done.
01-06 06:57:14.559   475   660 D ThermalEngine: sensor_wait: case_therm Wait done.
01-06 06:57:14.559   475   658 D ThermalEngine: sensor_monitor: xo_therm Reading 38000 .
01-06 06:57:14.559   475   658 I ThermalEngine: Sensor:xo_therm:38000 mC
01-06 06:57:14.559   475   658 D ThermalEngine: update_active_thresh: xo_therm Active(1), Hi(1) 39000, Lo(0) -2147483648, Interval(1) 5000
01-06 06:57:14.559   475   658 D ThermalEngine: sensor_monitor: xo_therm Sensor wait.
01-06 06:57:14.559   475   658 D ThermalEngine: sensor_wait: xo_therm Wait start. 5000ms
01-06 06:57:14.559   475   660 D ThermalEngine: sensor_monitor: case_therm Reading 30000 .
01-06 06:57:14.559   475   660 I ThermalEngine: Sensor:case_therm:30000 mC
01-06 06:57:14.559   475   660 D ThermalEngine: update_active_thresh: case_therm Active(1), Hi(1) 42000, Lo(0) -2147483648, Interval(1) 5000
01-06 06:57:14.559   475   660 D ThermalEngine: sensor_monitor: case_therm Sensor wait.
01-06 06:57:14.559   475   660 D ThermalEngine: sensor_wait: case_therm Wait start. 5000ms
01-06 06:57:15.079  2525  2525 E sdcard  : missing packages.list; retrying
01-06 06:57:18.079  2525  2525 E sdcard  : missing packages.list; retrying
01-06 06:57:19.559   475   658 D ThermalEngine: sensor_wait: xo_therm Wait done.
01-06 06:57:19.559   475   660 D ThermalEngine: sensor_wait: case_therm Wait done.
01-06 06:57:19.559   475   658 D ThermalEngine: sensor_monitor: xo_therm Reading 38000 .
01-06 06:57:19.559   475   658 I ThermalEngine: Sensor:xo_therm:38000 mC
01-06 06:57:19.559   475   658 D ThermalEngine: update_active_thresh: xo_therm Active(1), Hi(1) 39000, Lo(0) -2147483648, Interval(1) 5000
01-06 06:57:19.559   475   658 D ThermalEngine: sensor_monitor: xo_therm Sensor wait.
01-06 06:57:19.559   475   658 D ThermalEngine: sensor_wait: xo_therm Wait start. 5000ms
01-06 06:57:19.559   475   660 D ThermalEngine: sensor_monitor: case_therm Reading 30000 .
01-06 06:57:19.559   475   660 I ThermalEngine: Sensor:case_therm:30000 mC
01-06 06:57:19.559   475   660 D ThermalEngine: update_active_thresh: case_therm Active(1), Hi(1) 42000, Lo(0) -2147483648, Interval(1) 5000
01-06 06:57:19.559   475   660 D ThermalEngine: sensor_monitor: case_therm Sensor wait.
01-06 06:57:19.559   475   660 D ThermalEngine: sensor_wait: case_therm Wait start. 5000ms
01-06 06:57:21.079  2525  2525 E sdcard  : missing packages.list; retrying
01-06 06:57:24.079  2525  2525 E sdcard  : missing packages.list; retrying
01-06 06:57:24.569   475   658 D ThermalEngine: sensor_wait: xo_therm Wait done.
01-06 06:57:24.569   475   660 D ThermalEngine: sensor_wait: case_therm Wait done.
01-06 06:57:24.569   475   658 D ThermalEngine: sensor_monitor: xo_therm Reading 38000 .
01-06 06:57:24.569   475   658 I ThermalEngine: Sensor:xo_therm:38000 mC
01-06 06:57:24.569   475   658 D ThermalEngine: update_active_thresh: xo_therm Active(1), Hi(1) 39000, Lo(0) -2147483648, Interval(1) 5000
01-06 06:57:24.569   475   658 D ThermalEngine: sensor_monitor: xo_therm Sensor wait.
01-06 06:57:24.569   475   658 D ThermalEngine: sensor_wait: xo_therm Wait start. 5000ms
01-06 06:57:24.569   475   660 D ThermalEngine: sensor_monitor: case_therm Reading 30000 .
01-06 06:57:24.569   475   660 I ThermalEngine: Sensor:case_therm:30000 mC
01-06 06:57:24.569   475   660 D ThermalEngine: update_active_thresh: case_therm Active(1), Hi(1) 42000, Lo(0) -2147483648, Interval(1) 5000
01-06 06:57:24.569   475   660 D ThermalEngine: sensor_monitor: case_therm Sensor wait.
01-06 06:57:24.569   475   660 D ThermalEngine: sensor_wait: case_therm Wait start. 5000ms
01-06 06:57:27.089  2525  2525 E sdcard  : missing packages.list; retrying
01-06 06:57:29.569   475   658 D ThermalEngine: sensor_wait: xo_therm Wait done.
01-06 06:57:29.569   475   660 D ThermalEngine: sensor_wait: case_therm Wait done.
01-06 06:57:29.569   475   658 D ThermalEngine: sensor_monitor: xo_therm Reading 38000 .
01-06 06:57:29.569   475   658 I ThermalEngine: Sensor:xo_therm:38000 mC
01-06 06:57:29.569   475   658 D ThermalEngine: update_active_thresh: xo_therm Active(1), Hi(1) 39000, Lo(0) -2147483648, Interval(1) 5000
01-06 06:57:29.569   475   658 D ThermalEngine: sensor_monitor: xo_therm Sensor wait.
01-06 06:57:29.569   475   658 D ThermalEngine: sensor_wait: xo_therm Wait start. 5000ms
01-06 06:57:29.569   475   660 D ThermalEngine: sensor_monitor: case_therm Reading 30000 .
01-06 06:57:29.569   475   660 I ThermalEngine: Sensor:case_therm:30000 mC
01-06 06:57:29.569   475   660 D ThermalEngine: update_active_thresh: case_therm Active(1), Hi(1) 42000, Lo(0) -2147483648, Interval(1) 5000
01-06 06:57:29.569   475   660 D ThermalEngine: sensor_monitor: case_therm Sensor wait.
01-06 06:57:29.569   475   660 D ThermalEngine: sensor_wait: case_therm Wait start. 5000ms
01-06 06:57:30.089  2525  2525 E sdcard  : missing packages.list; retrying
01-06 06:57:33.089  2525  2525 E sdcard  : missing packages.list; retrying
01-06 06:57:34.569   475   658 D ThermalEngine: sensor_wait: xo_therm Wait done.
01-06 06:57:34.569   475   660 D ThermalEngine: sensor_wait: case_therm Wait done.
01-06 06:57:34.569   475   658 D ThermalEngine: sensor_monitor: xo_therm Reading 38000 .
01-06 06:57:34.569   475   658 I ThermalEngine: Sensor:xo_therm:38000 mC
01-06 06:57:34.569   475   658 D ThermalEngine: update_active_thresh: xo_therm Active(1), Hi(1) 39000, Lo(0) -2147483648, Interval(1) 5000
01-06 06:57:34.569   475   658 D ThermalEngine: sensor_monitor: xo_therm Sensor wait.
01-06 06:57:34.569   475   658 D ThermalEngine: sensor_wait: xo_therm Wait start. 5000ms
01-06 06:57:34.569   475   660 D ThermalEngine: sensor_monitor: case_therm Reading 30000 .
01-06 06:57:34.569   475   660 I ThermalEngine: Sensor:case_therm:30000 mC
01-06 06:57:34.569   475   660 D ThermalEngine: update_active_thresh: case_therm Active(1), Hi(1) 42000, Lo(0) -2147483648, Interval(1) 5000
01-06 06:57:34.569   475   660 D ThermalEngine: sensor_monitor: case_therm Sensor wait.
01-06 06:57:34.569   475   660 D ThermalEngine: sensor_wait: case_therm Wait start. 5000ms
01-06 06:57:36.089  2525  2525 E sdcard  : missing packages.list; retrying
01-06 06:57:39.089  2525  2525 E sdcard  : missing packages.list; retrying
01-06 06:57:39.569   475   658 D ThermalEngine: sensor_wait: xo_therm Wait done.
01-06 06:57:39.569   475   660 D ThermalEngine: sensor_wait: case_therm Wait done.
01-06 06:57:39.569   475   658 D ThermalEngine: sensor_monitor: xo_therm Reading 38000 .
01-06 06:57:39.569   475   658 I ThermalEngine: Sensor:xo_therm:38000 mC
01-06 06:57:39.569   475   658 D ThermalEngine: update_active_thresh: xo_therm Active(1), Hi(1) 39000, Lo(0) -2147483648, Interval(1) 5000
01-06 06:57:39.569   475   658 D ThermalEngine: sensor_monitor: xo_therm Sensor wait.
01-06 06:57:39.569   475   658 D ThermalEngine: sensor_wait: xo_therm Wait start. 5000ms
01-06 06:57:39.579   475   660 D ThermalEngine: sensor_monitor: case_therm Reading 30000 .
01-06 06:57:39.579   475   660 I ThermalEngine: Sensor:case_therm:30000 mC
01-06 06:57:39.579   475   660 D ThermalEngine: update_active_thresh: case_therm Active(1), Hi(1) 42000, Lo(0) -2147483648, Interval(1) 5000
01-06 06:57:39.579   475   660 D ThermalEngine: sensor_monitor: case_therm Sensor wait.
01-06 06:57:39.579   475   660 D ThermalEngine: sensor_wait: case_therm Wait start. 5000ms
