01-06 06:57:41.309   485   485 I Gecko   : [BrowserElement] event type: keydown, key: Enter, target: [object HTMLIFrameElement], src: app://launcher.gaiamobile.org/index.html, id: browser0, class: browser
01-06 06:57:41.329  4661  4661 I PerformanceTiming: Performance Entry: launcher.gaiamobile.org|mark|appLaunch@app://settings.gaiamobile.org|2503871.305000|0.000000|437261342
01-06 06:57:41.339  4661  4661 I Gecko   : [BrowserElement] Pause painting on app://launcher.gaiamobile.org/manifest.webapp
01-06 06:57:41.339  4661  4661 I Gecko   : [BrowserElement] event type: keydown, key: Enter, target: [object HTMLDivElement], class: app focusable
01-06 06:57:41.349   485   485 I Gecko   : XXX FIXME : Dispatch a webapps-launch: undefined
01-06 06:57:41.409  7860  7860 I Gecko   : ######################## extensions.js loaded
01-06 06:57:41.429  7860  7860 W Settings: [JavaScript Warning: "Use of nsIFile in content process is deprecated." {file: "jar:file:///system/b2g/omni.ja!/components/DirectoryProvider.js" line: 9}]
01-06 06:57:41.449   485   485 I Gecko   : [BrowserElement] event type: keyup, key: Enter, target: [object HTMLIFrameElement], src: app://launcher.gaiamobile.org/index.html, id: browser0, class: browser
01-06 06:57:41.459  4661  4661 I Gecko   : [BrowserElement] event type: keyup, key: Enter, target: [object HTMLDivElement], class: app focusable
01-06 06:57:42.089  2525  2525 E sdcard  : missing packages.list; retrying
01-06 06:57:42.209  4661  4661 I FocusManager: << focus() called >>
01-06 06:57:42.209  4661  4661 I FocusManager:    trying to set focus on, tag: DIV, id: , class: app focusable
01-06 06:57:42.209  4661  4661 I FocusManager: Warning: element is already focused.
01-06 06:57:42.229  4661  4661 I FocusManager: << focus() called >>
01-06 06:57:42.229  4661  4661 I FocusManager:    trying to set focus on, tag: DIV, id: , class: app focusable
01-06 06:57:42.229  4661  4661 I FocusManager: Warning: element is already focused.
01-06 06:57:42.309   485   485 D NS_ICC_SERVICE: GetCardState 
01-06 06:57:42.309   485   485 D NS_ICC_SERVICE: GetIccInfo 
01-06 06:57:42.329  7860  7860 I PerformanceTiming: Performance Entry: settings.gaiamobile.org|mark|contentInteractive|893.010000|0.000000|437262333
01-06 06:57:42.399  7860  7860 I Settings: Content JS LOG: NavigationMap init 
01-06 06:57:42.399  7860  7860 I Settings:     at _init (app://settings.gaiamobile.org/js/navigation_map.js:22:7)
01-06 06:57:42.399  7860  7860 I Settings: Content JS LOG: --------observerInit------ 
01-06 06:57:42.399  7860  7860 I Settings:     at _init (app://settings.gaiamobile.org/js/navigation_map.js:132:7)
01-06 06:57:42.479  7860  7876 E linker  : readlink('/proc/self/fd/41') failed: Invalid argument [fd=41]
01-06 06:57:42.479  7860  7876 E linker  : warning: unable to get realpath for the library "/system/lib/hw/gralloc.msm8909.so". Will use given name.
01-06 06:57:42.479  7860  7876 E linker  : readlink('/proc/self/fd/41') failed: Invalid argument [fd=41]
01-06 06:57:42.479  7860  7876 E linker  : warning: unable to get realpath for the library "libmemalloc.so". Will use given name.
01-06 06:57:42.479  7860  7876 E linker  : readlink('/proc/self/fd/41') failed: Invalid argument [fd=41]
01-06 06:57:42.479  7860  7876 E linker  : warning: unable to get realpath for the library "libqdMetaData.so". Will use given name.
01-06 06:57:42.489  7860  7876 E linker  : readlink('/proc/self/fd/41') failed: Invalid argument [fd=41]
01-06 06:57:42.489  7860  7876 E linker  : warning: unable to get realpath for the library "libqdutils.so". Will use given name.
01-06 06:57:42.489  7860  7876 E linker  : readlink('/proc/self/fd/41') failed: Invalid argument [fd=41]
01-06 06:57:42.489  7860  7876 E linker  : warning: unable to get realpath for the library "libGLESv1_CM.so". Will use given name.
01-06 06:57:42.489  7860  7876 E linker  : readlink('/proc/self/fd/41') failed: Invalid argument [fd=41]
01-06 06:57:42.489  7860  7876 E linker  : warning: unable to get realpath for the library "libqservice.so". Will use given name.
01-06 06:57:42.589  7860  7860 I PerformanceTiming: Performance Entry: settings.gaiamobile.org|mark|navigationLoaded|1157.885000|0.000000|437262597
01-06 06:57:42.589  7860  7860 I PerformanceTiming: Performance Entry: settings.gaiamobile.org|mark|navigationInteractive|1158.265000|0.000000|437262598
01-06 06:57:42.669   485   485 I FocusManager: << focus() called >>
01-06 06:57:42.669   485   485 I FocusManager:    trying to set focus on, tag: IFRAME, id: browser18, class: browser
01-06 06:57:42.679   485   485 I FocusManager:    current focused element, tag: IFRAME, id: browser0, class: browser hidden
01-06 06:57:42.679   485   485 I FocusManager: <- blur on, tag: IFRAME, id: browser0, class: browser hidden
01-06 06:57:42.679  4661  4661 I FocusManager: <- blur on, tag: DIV, id: , class: app focusable
01-06 06:57:42.679   485   485 I FocusManager: -> focus is now on, tag: IFRAME, id: browser18, class: browser
01-06 06:57:42.709   485   485 I GeckoConsole: Content JS LOG: [SimLockManager][2517.022] handling appopened 
01-06 06:57:42.709   485   485 I GeckoConsole:     at BaseModule.prototype.debug (app://system.gaiamobile.org/js/base_module.js:25:422)
01-06 06:57:42.739  7860  7860 I FocusManager: * WindowRaised *
01-06 06:57:42.739  7860  7860 I FocusManager: -> focus is now on, NULL, tag: , id: , class: 
01-06 06:57:43.069   485   485 I Gecko   : XXX FIXME : Dispatch a mozChromeEvent: default-volume-channel-changed
01-06 06:57:43.259  7860  7860 I FocusManager: << focus() called >>
01-06 06:57:43.259  7860  7860 I FocusManager:    trying to set focus on, tag: LI, id: , class: focus
01-06 06:57:43.279  7860  7860 I FocusManager:    current focused element, NULL, tag: , id: , class: 
01-06 06:57:43.279  7860  7860 I FocusManager: <- blur on, NULL, tag: , id: , class: 
01-06 06:57:43.279  7860  7860 I FocusManager: -> focus is now on, tag: LI, id: , class: focus
01-06 06:57:43.289  7860  7860 I Settings: Content JS LOG: NavigationMap update 
01-06 06:57:43.289  7860  7860 I Settings:     at _update (app://settings.gaiamobile.org/js/navigation_map.js:401:7)
01-06 06:57:43.309  7860  7860 I Gecko   : -*- Nfc DOM: In MozNFCImpl Constructor
01-06 06:57:43.309  7860  7860 I Gecko   : -*- Nfc DOM: MozNFCImpl init called
01-06 06:57:43.359  7860  7860 I FocusManager: << focus() called >>
01-06 06:57:43.359  7860  7860 I FocusManager:    trying to set focus on, tag: LI, id: , class: focus
01-06 06:57:43.389  7860  7860 I FocusManager: Warning: element is already focused.
01-06 06:57:43.389  7860  7860 I Settings: Content JS LOG: NavigationMap update 
01-06 06:57:43.389  7860  7860 I Settings:     at _update (app://settings.gaiamobile.org/js/navigation_map.js:401:7)
01-06 06:57:43.399  7860  7860 I PerformanceTiming: Performance Entry: settings.gaiamobile.org|mark|visuallyLoaded|1963.435000|0.000000|437263403
01-06 06:57:43.399  7860  7860 I FocusManager: << focus() called >>
01-06 06:57:43.399  7860  7860 I FocusManager:    trying to set focus on, tag: LI, id: , class: focus
01-06 06:57:43.439  7860  7860 I FocusManager: Warning: element is already focused.
01-06 06:57:43.599  7860  7860 I PerformanceTiming: Performance Entry: settings.gaiamobile.org|mark|fullyLoaded|2171.130000|0.000000|437263611
01-06 06:57:43.659   485   485 I Gecko   : [BrowserElement] event type: keydown, key: ArrowRight, target: [object HTMLIFrameElement], src: app://settings.gaiamobile.org/index.html, id: browser18, class: browser
01-06 06:57:43.739  7860  7860 I Settings: Content JS LOG: before-------info [object Object] 
01-06 06:57:43.739  7860  7860 I Settings:     at _rootReset (app://settings.gaiamobile.org/js/navigation_map.js:248:9)
01-06 06:57:43.739  7860  7860 I FocusManager: << focus() called >>
01-06 06:57:43.739  7860  7860 I FocusManager:    trying to set focus on, tag: LI, id: , class: focus
01-06 06:57:43.769  7860  7860 I FocusManager:    current focused element, tag: LI, id: , class: 
01-06 06:57:43.769  7860  7860 I FocusManager: <- blur on, tag: LI, id: , class: 
01-06 06:57:43.769  7860  7860 I FocusManager: -> focus is now on, tag: LI, id: , class: focus
01-06 06:57:43.769  7860  7860 I Settings: Content JS LOG: NavigationMap update 
01-06 06:57:43.769  7860  7860 I Settings:     at _update (app://settings.gaiamobile.org/js/navigation_map.js:401:7)
01-06 06:57:43.779  7860  7860 I Gecko   : [BrowserElement] event type: keydown, key: ArrowRight, target: [object HTMLLIElement]
01-06 06:57:43.809   485   485 I Gecko   : [BrowserElement] event type: keyup, key: ArrowRight, target: [object HTMLIFrameElement], src: app://settings.gaiamobile.org/index.html, id: browser18, class: browser
01-06 06:57:43.819  7860  7860 I FocusManager: << focus() called >>
01-06 06:57:43.819  7860  7860 I FocusManager:    trying to set focus on, tag: FORM, id: softkeyPanel, class: skbar none-paddings visible focused
01-06 06:57:43.839   485   485 I Gecko   : XXX FIXME : Dispatch a mozFxAccountsChromeEvent: undefined
01-06 06:57:43.839  7860  7860 I FocusManager: Warning: element is not focusable.
01-06 06:57:43.879  7860  7860 I Gecko   : [BrowserElement] event type: keyup, key: ArrowRight, target: [object HTMLLIElement], class: focus
01-06 06:57:43.919   485   485 I Gecko   : [BrowserElement] event type: keydown, key: ArrowRight, target: [object HTMLIFrameElement], src: app://settings.gaiamobile.org/index.html, id: browser18, class: browser
01-06 06:57:43.929  7860  7860 E Settings: [JavaScript Error: "TypeError: document.querySelector(...) is null" {file: "app://settings.gaiamobile.org/js/navigation_map.js" line: 347}]
01-06 06:57:43.929  7860  7860 E Settings: _refreshCurrentPage@app://settings.gaiamobile.org/js/navigation_map.js:347:33
01-06 06:57:43.929  7860  7860 E Settings: ctor_root_panel/_updateFotaSettings/request.onsuccess/<@app://settings.gaiamobile.org/js/panels/root/panel.js:930:13
01-06 06:57:43.929  7860  7860 E Settings: perFileCallback@app://settings.gaiamobile.org/shared/js/lazy_loader.js:9:82
01-06 06:57:43.929  7860  7860 I GeckoDump: fota_settings:setting  code has ran into init function
01-06 06:57:43.949  7860  7860 I Settings: Content JS LOG: before-------info [object Object] 
01-06 06:57:43.949  7860  7860 I Settings:     at _rootReset (app://settings.gaiamobile.org/js/navigation_map.js:248:9)
01-06 06:57:43.949  7860  7860 I Settings: Content JS LOG: before-------info [object Object] 
01-06 06:57:43.949  7860  7860 I Settings:     at _rootReset (app://settings.gaiamobile.org/js/navigation_map.js:248:9)
01-06 06:57:43.959  7860  7860 I FocusManager: << focus() called >>
01-06 06:57:43.959  7860  7860 I FocusManager:    trying to set focus on, tag: LI, id: , class: focus
01-06 06:57:43.979  7860  7860 I FocusManager:    current focused element, tag: LI, id: , class: 
01-06 06:57:43.979  7860  7860 I FocusManager: <- blur on, tag: LI, id: , class: 
01-06 06:57:43.979  7860  7860 I FocusManager: -> focus is now on, tag: LI, id: , class: focus
01-06 06:57:43.989  7860  7860 I Settings: Content JS LOG: NavigationMap update 
01-06 06:57:43.989  7860  7860 I Settings:     at _update (app://settings.gaiamobile.org/js/navigation_map.js:401:7)
01-06 06:57:43.989  7860  7860 I Gecko   : [BrowserElement] event type: keydown, key: ArrowRight, target: [object HTMLLIElement]
01-06 06:57:43.999   485   485 I Gecko   : [BrowserElement] event type: keyup, key: ArrowRight, target: [object HTMLIFrameElement], src: app://settings.gaiamobile.org/index.html, id: browser18, class: browser
01-06 06:57:44.029  7860  7860 I Gecko   : [BrowserElement] event type: keyup, key: ArrowRight, target: [object HTMLLIElement], class: focus
01-06 06:57:44.079   485   485 I Gecko   : [BrowserElement] event type: keydown, key: ArrowRight, target: [object HTMLIFrameElement], src: app://settings.gaiamobile.org/index.html, id: browser18, class: browser
01-06 06:57:44.139  7860  7860 I Settings: Content JS LOG: before-------info [object Object] 
01-06 06:57:44.139  7860  7860 I Settings:     at _rootReset (app://settings.gaiamobile.org/js/navigation_map.js:248:9)
01-06 06:57:44.139  7860  7860 I Settings: Content JS LOG: before-------info [object Object] 
01-06 06:57:44.139  7860  7860 I Settings:     at _rootReset (app://settings.gaiamobile.org/js/navigation_map.js:248:9)
01-06 06:57:44.149  7860  7860 I Settings: Content JS LOG: before-------info [object Object] 
01-06 06:57:44.149  7860  7860 I Settings:     at _rootReset (app://settings.gaiamobile.org/js/navigation_map.js:248:9)
01-06 06:57:44.149  7860  7860 I FocusManager: << focus() called >>
01-06 06:57:44.149  7860  7860 I FocusManager:    trying to set focus on, tag: LI, id: , class: focus
01-06 06:57:44.169  7860  7860 I FocusManager:    current focused element, tag: LI, id: , class: 
01-06 06:57:44.169  7860  7860 I FocusManager: <- blur on, tag: LI, id: , class: 
01-06 06:57:44.169  7860  7860 I FocusManager: -> focus is now on, tag: LI, id: , class: focus
01-06 06:57:44.169   485   485 I Gecko   : [BrowserElement] event type: keyup, key: ArrowRight, target: [object HTMLIFrameElement], src: app://settings.gaiamobile.org/index.html, id: browser18, class: browser
01-06 06:57:44.179  7860  7860 I Settings: Content JS LOG: NavigationMap update 
01-06 06:57:44.179  7860  7860 I Settings:     at _update (app://settings.gaiamobile.org/js/navigation_map.js:401:7)
01-06 06:57:44.189  7860  7860 I Gecko   : [BrowserElement] event type: keydown, key: ArrowRight, target: [object HTMLLIElement]
01-06 06:57:44.209  7860  7860 I Gecko   : [BrowserElement] event type: keyup, key: ArrowRight, target: [object HTMLLIElement], class: focus
01-06 06:57:44.279   485   485 I Gecko   : [BrowserElement] event type: keydown, key: ArrowRight, target: [object HTMLIFrameElement], src: app://settings.gaiamobile.org/index.html, id: browser18, class: browser
01-06 06:57:44.299  7860  7860 I Settings: Content JS LOG: before-------info [object Object] 
01-06 06:57:44.299  7860  7860 I Settings:     at _rootReset (app://settings.gaiamobile.org/js/navigation_map.js:248:9)
01-06 06:57:44.299  7860  7860 I Settings: Content JS LOG: before-------info [object Object] 
01-06 06:57:44.299  7860  7860 I Settings:     at _rootReset (app://settings.gaiamobile.org/js/navigation_map.js:248:9)
01-06 06:57:44.299  7860  7860 I Settings: Content JS LOG: before-------info [object Object] 
01-06 06:57:44.299  7860  7860 I Settings:     at _rootReset (app://settings.gaiamobile.org/js/navigation_map.js:248:9)
01-06 06:57:44.299  7860  7860 I Settings: Content JS LOG: before-------info [object Object] 
01-06 06:57:44.299  7860  7860 I Settings:     at _rootReset (app://settings.gaiamobile.org/js/navigation_map.js:248:9)
01-06 06:57:44.299  7860  7860 I FocusManager: << focus() called >>
01-06 06:57:44.299  7860  7860 I FocusManager:    trying to set focus on, tag: LI, id: fota-settings, class: focus
01-06 06:57:44.329  7860  7860 I FocusManager:    current focused element, tag: LI, id: , class: 
01-06 06:57:44.329  7860  7860 I FocusManager: <- blur on, tag: LI, id: , class: 
01-06 06:57:44.329  7860  7860 I FocusManager: -> focus is now on, tag: LI, id: fota-settings, class: focus
01-06 06:57:44.329  7860  7860 I Settings: Content JS LOG: NavigationMap update 
01-06 06:57:44.329  7860  7860 I Settings:     at _update (app://settings.gaiamobile.org/js/navigation_map.js:401:7)
01-06 06:57:44.339  7860  7860 I Gecko   : [BrowserElement] event type: keydown, key: ArrowRight, target: [object HTMLLIElement]
01-06 06:57:44.339  4661  4661 I Gecko   : [BrowserElement] Resume painting on app://launcher.gaiamobile.org/manifest.webapp
01-06 06:57:44.359   485   485 I Gecko   : [BrowserElement] event type: keyup, key: ArrowRight, target: [object HTMLIFrameElement], src: app://settings.gaiamobile.org/index.html, id: browser18, class: browser
01-06 06:57:44.379  7860  7860 I Gecko   : [BrowserElement] event type: keyup, key: ArrowRight, target: [object HTMLLIElement], id: fota-settings, class: focus
01-06 06:57:44.569   475   658 D ThermalEngine: sensor_wait: xo_therm Wait done.
01-06 06:57:44.579   475   660 D ThermalEngine: sensor_wait: case_therm Wait done.
01-06 06:57:44.579   475   658 D ThermalEngine: sensor_monitor: xo_therm Reading 38000 .
01-06 06:57:44.579   475   658 I ThermalEngine: Sensor:xo_therm:38000 mC
01-06 06:57:44.579   475   658 D ThermalEngine: update_active_thresh: xo_therm Active(1), Hi(1) 39000, Lo(0) -2147483648, Interval(1) 5000
01-06 06:57:44.579   475   658 D ThermalEngine: sensor_monitor: xo_therm Sensor wait.
01-06 06:57:44.579   475   658 D ThermalEngine: sensor_wait: xo_therm Wait start. 5000ms
01-06 06:57:44.579   475   660 D ThermalEngine: sensor_monitor: case_therm Reading 30000 .
01-06 06:57:44.579   475   660 I ThermalEngine: Sensor:case_therm:30000 mC
01-06 06:57:44.579   475   660 D ThermalEngine: update_active_thresh: case_therm Active(1), Hi(1) 42000, Lo(0) -2147483648, Interval(1) 5000
01-06 06:57:44.579   475   660 D ThermalEngine: sensor_monitor: case_therm Sensor wait.
01-06 06:57:44.579   475   660 D ThermalEngine: sensor_wait: case_therm Wait start. 5000ms
01-06 06:57:45.079   485   485 I Gecko   : [BrowserElement] event type: keydown, key: Backspace, target: [object HTMLIFrameElement], src: app://settings.gaiamobile.org/index.html, id: browser18, class: browser
01-06 06:57:45.089  7860  7860 I Settings: Content JS LOG: Softkeys engine: close group menu 
01-06 06:57:45.089  7860  7860 I Settings:     at closeMenu (app://settings.gaiamobile.org/shared/js/softkey_panel.js:31:22)
01-06 06:57:45.089  2525  2525 E sdcard  : missing packages.list; retrying
01-06 06:57:45.089  7860  7860 I Gecko   : [BrowserElement] event type: keydown, key: Backspace, target: [object HTMLLIElement], id: fota-settings, class: focus
01-06 06:57:45.239   485   485 I Gecko   : [BrowserElement] event type: keyup, key: Backspace, target: [object HTMLIFrameElement], src: app://settings.gaiamobile.org/index.html, id: browser18, class: browser
01-06 06:57:45.239  7860  7860 I Gecko   : [BrowserElement] event type: keyup, key: Backspace, target: [object HTMLLIElement], id: fota-settings, class: focus
01-06 06:57:45.269   485   485 E GeckoConsole: Content JS ERROR: Unexpected hardware key:  backspace-button-release 
01-06 06:57:45.269   485   485 E GeckoConsole:     at HardwareButtonsBaseState.prototype.process (app://system.gaiamobile.org/js/hardware_buttons.js:14:1)
01-06 06:57:45.269   485   485 E GeckoConsole:     at hb_handleEvent (app://system.gaiamobile.org/js/hardware_buttons.js:9:1)
01-06 06:57:45.799  7860  7860 I Settings: Content JS LOG: Softkeys engine: close group menu 
01-06 06:57:45.799  7860  7860 I Settings:     at closeMenu (app://settings.gaiamobile.org/shared/js/softkey_panel.js:31:22)
01-06 06:57:45.809   485   485 I Gecko   : XXX FIXME : Dispatch a mozChromeEvent: default-volume-channel-changed
01-06 06:57:45.809  7860  7860 I FocusManager: <- blur on, NULL, tag: , id: , class: 
01-06 06:57:45.809  7860  7860 I GeckoDump: fota_settings:uninit
01-06 06:57:45.809  7860  7860 I GeckoDump: fota_settings:setting start to send command to system
01-06 06:57:45.809  7860  7860 I GeckoDump: fota_settings:send to system category:common action:exit
01-06 06:57:45.849   485   485 I FocusManager: << focus() called >>
01-06 06:57:45.849   485   485 I FocusManager:    trying to set focus on, tag: IFRAME, id: browser0, class: browser
01-06 06:57:45.859   485   485 I FocusManager:    current focused element, NULL, tag: , id: , class: 
01-06 06:57:45.859   485   485 I FocusManager: <- blur on, NULL, tag: , id: , class: 
01-06 06:57:45.859   485   485 I FocusManager: -> focus is now on, tag: IFRAME, id: browser0, class: browser
01-06 06:57:45.859  4661  4661 I FocusManager: * WindowRaised *
01-06 06:57:45.859  4661  4661 I FocusManager: -> focus is now on, tag: DIV, id: , class: app focusable
01-06 06:57:45.959  7860  7860 I Gecko   : -*- SettingsManager: Received: inner-window-destroyed for valid innerWindowID=45097156611, cleanup.
01-06 06:57:47.439  7976  7997 I (Preallocated app): PAC file installed from data: URI
01-06 06:57:48.089  2525  2525 E sdcard  : missing packages.list; retrying
01-06 06:57:49.579   475   658 D ThermalEngine: sensor_wait: xo_therm Wait done.
01-06 06:57:49.579   475   660 D ThermalEngine: sensor_wait: case_therm Wait done.
01-06 06:57:49.579   475   658 D ThermalEngine: sensor_monitor: xo_therm Reading 38000 .
01-06 06:57:49.579   475   658 I ThermalEngine: Sensor:xo_therm:38000 mC
01-06 06:57:49.579   475   658 D ThermalEngine: update_active_thresh: xo_therm Active(1), Hi(1) 39000, Lo(0) -2147483648, Interval(1) 5000
01-06 06:57:49.579   475   658 D ThermalEngine: sensor_monitor: xo_therm Sensor wait.
01-06 06:57:49.579   475   658 D ThermalEngine: sensor_wait: xo_therm Wait start. 5000ms
01-06 06:57:49.579   475   660 D ThermalEngine: sensor_monitor: case_therm Reading 30000 .
01-06 06:57:49.579   475   660 I ThermalEngine: Sensor:case_therm:30000 mC
01-06 06:57:49.579   475   660 D ThermalEngine: update_active_thresh: case_therm Active(1), Hi(1) 42000, Lo(0) -2147483648, Interval(1) 5000
01-06 06:57:49.579   475   660 D ThermalEngine: sensor_monitor: case_therm Sensor wait.
01-06 06:57:49.579   475   660 D ThermalEngine: sensor_wait: case_therm Wait start. 5000ms
01-06 06:57:50.649   680   680 D VM_BMS  : wake_lock acquired
01-06 06:57:50.649   680   680 D VM_BMS  : New BMS data - Size=56
01-06 06:57:50.649   680   680 D VM_BMS  : Start process_bms_data
01-06 06:57:50.649   680   680 D VM_BMS  : For batt_temp=293 fcc_mah=2030
01-06 06:57:50.649   680   680 D VM_BMS  : For ocv=3784147 batt_temp=293 soc=46
01-06 06:57:50.649   680   680 D VM_BMS  : fifo_count=5 acc_count=0
01-06 06:57:50.649   680   680 D VM_BMS  : INIT: ocv=3784147 last_ocv=3784147 batt_temp=293 soc=46
01-06 06:57:50.649   680   680 D VM_BMS  : For soc=46 batt_temp=293 slope=2800
01-06 06:57:50.649   680   680 D VM_BMS  : For soc=46 batt_temp=293 rbatt_sf=97
01-06 06:57:50.649   680   680 D VM_BMS  : rbatt_mohm_default=136, rbatt_mohm=131, sf=97 batt_temp=293
01-06 06:57:50.649   680   680 D VM_BMS  : For ocv=3784257 batt_temp=293 soc=46
01-06 06:57:50.649   680   680 D VM_BMS  : FIFO=0 fifo_avg=3.842236 rbatt=0.181000 slope=0.280000 ibatt=-0.320630 ocv=3.784257 soc=46 fcc_ah=2.030000 sample_count=128 sample_interval=70 seq_num=54
01-06 06:57:50.649   680   680 D VM_BMS  : For soc=46 batt_temp=293 slope=2800
01-06 06:57:50.649   680   680 D VM_BMS  : For soc=46 batt_temp=293 rbatt_sf=97
01-06 06:57:50.649   680   680 D VM_BMS  : rbatt_mohm_default=136, rbatt_mohm=131, sf=97 batt_temp=293
01-06 06:57:50.649   680   680 D VM_BMS  : For ocv=3784366 batt_temp=293 soc=46
01-06 06:57:50.649   680   680 D VM_BMS  : FIFO=1 fifo_avg=3.842236 rbatt=0.181000 slope=0.280000 ibatt=-0.320023 ocv=3.784367 soc=46 fcc_ah=2.030000 sample_count=128 sample_interval=70 seq_num=54
01-06 06:57:50.649   680   680 D VM_BMS  : For soc=46 batt_temp=293 slope=2800
01-06 06:57:50.649   680   680 D VM_BMS  : For soc=46 batt_temp=293 rbatt_sf=97
01-06 06:57:50.649   680   680 D VM_BMS  : rbatt_mohm_default=136, rbatt_mohm=131, sf=97 batt_temp=293
01-06 06:57:50.649   680   680 D VM_BMS  : For ocv=3784476 batt_temp=293 soc=46
01-06 06:57:50.649   680   680 D VM_BMS  : FIFO=2 fifo_avg=3.842537 rbatt=0.181000 slope=0.280000 ibatt=-0.321082 ocv=3.784476 soc=46 fcc_ah=2.030000 sample_count=128 sample_interval=70 seq_num=54
01-06 06:57:50.649   680   680 D VM_BMS  : For soc=46 batt_temp=293 slope=2800
01-06 06:57:50.649   680   680 D VM_BMS  : For soc=46 batt_temp=293 rbatt_sf=97
01-06 06:57:50.649   680   680 D VM_BMS  : rbatt_mohm_default=136, rbatt_mohm=131, sf=97 batt_temp=293
01-06 06:57:50.649   680   680 D VM_BMS  : For ocv=3784586 batt_temp=293 soc=46
01-06 06:57:50.649   680   680 D VM_BMS  : FIFO=3 fifo_avg=3.842518 rbatt=0.181000 slope=0.280000 ibatt=-0.320370 ocv=3.784586 soc=46 fcc_ah=2.030000 sample_count=128 sample_interval=70 seq_num=54
01-06 06:57:50.649   680   680 D VM_BMS  : For soc=46 batt_temp=293 slope=2800
01-06 06:57:50.649   680   680 D VM_BMS  : For soc=46 batt_temp=293 rbatt_sf=97
01-06 06:57:50.649   680   680 D VM_BMS  : rbatt_mohm_default=136, rbatt_mohm=131, sf=97 batt_temp=293
01-06 06:57:50.649   680   680 D VM_BMS  : For ocv=3784663 batt_temp=293 soc=46
01-06 06:57:50.649   680   680 D VM_BMS  : FIFO=4 fifo_avg=3.825496 rbatt=0.181000 slope=0.280000 ibatt=-0.225808 ocv=3.784663 soc=46 fcc_ah=2.030000 sample_count=128 sample_interval=70 seq_num=54
01-06 06:57:50.649   680   680 I VM_BMS  : power_supply_update: ocv_uv=3784663 ibatt=-225808 soc=46 seq_num=54
01-06 06:57:50.649   680   680 D VM_BMS  : End process_bms_data
01-06 06:57:50.649   680   680 D VM_BMS  : wake_lock released
01-06 06:57:51.089  2525  2525 E sdcard  : missing packages.list; retrying
01-06 06:57:54.089  2525  2525 E sdcard  : missing packages.list; retrying
