--------- beginning of system
08-05 16:40:19.287 17104 17144 E ActivityThread: Failed to find provider info for instantapp-dev-manager
08-05 16:40:19.304   916   916 I chatty  : uid=1000 system_server expire 12 lines
08-05 16:40:20.116   916  4612 I chatty  : uid=1000(system) Binder:916_12 expire 11 lines
08-05 16:40:23.297 17159 17202 E ActivityThread: Failed to find provider info for instantapp-dev-manager
08-05 16:40:24.284   916  3825 I chatty  : uid=1000(system) Binder:916_C expire 24 lines
08-05 16:40:26.602 17219 17259 E ActivityThread: Failed to find provider info for instantapp-dev-manager
08-05 16:40:30.642 17273 17315 E ActivityThread: Failed to find provider info for instantapp-dev-manager
08-05 16:40:31.594   916  2747 I chatty  : uid=1000(system) Binder:916_9 expire 16 lines
08-05 16:40:31.597   916  5384 I chatty  : uid=1000(system) Binder:916_1F expire 13 lines
08-05 16:40:33.900 17330 17371 E ActivityThread: Failed to find provider info for instantapp-dev-manager
08-05 16:40:36.961 17384 17426 E ActivityThread: Failed to find provider info for instantapp-dev-manager
08-05 16:40:41.911   916   996 I chatty  : uid=1000(system) ActivityManager expire 11 lines
08-05 16:40:43.110 17456 17498 E ActivityThread: Failed to find provider info for instantapp-dev-manager
08-05 16:40:43.147   916   916 I chatty  : uid=1000 system_server expire 12 lines
08-05 16:40:44.047   916  4069 I chatty  : uid=1000(system) Binder:916_D expire 13 lines
08-05 16:40:50.411 17553 17595 E ActivityThread: Failed to find provider info for instantapp-dev-manager
08-05 16:40:51.328   916  4767 I chatty  : uid=1000(system) Binder:916_14 expire 24 lines
08-05 16:40:53.634 17609 17649 E ActivityThread: Failed to find provider info for instantapp-dev-manager
08-05 16:40:54.472   916  2563 I chatty  : uid=1000(system) Binder:916_5 expire 14 lines
08-05 16:40:57.721 17662 17704 E ActivityThread: Failed to find provider info for instantapp-dev-manager
08-05 16:40:57.925   916  1018 I chatty  : uid=1000(system) android.io expire 10 lines
08-05 16:40:58.573   916   996 I chatty  : uid=1000(system) ActivityManager expire 12 lines
08-05 16:41:00.869 17720 17769 E ActivityThread: Failed to find provider info for instantapp-dev-manager
08-05 16:41:04.915 17784 17824 E ActivityThread: Failed to find provider info for instantapp-dev-manager
08-05 16:41:07.126   472   472 I wificond: Pno scan started
08-05 16:41:12.163  2461  2461 V KeyguardStatusView: refresh statusview showing:true
08-05 16:41:12.178  2461  2461 V KeyguardDisplayManager: show
08-05 16:41:21.741   472   472 I wificond: Pno scan stopped
08-05 16:41:21.932 17872 17964 E ActivityThread: Failed to find provider info for instantapp-dev-manager
08-05 16:41:21.951   916   916 I chatty  : uid=1000 system_server expire 14 lines
08-05 16:41:22.322   472   472 I wificond: Enters wifigbk_ageOutHistory
08-05 16:41:22.334   916  2747 I chatty  : uid=1000(system) Binder:916_9 expire 14 lines
08-05 16:41:22.338   472   472 I wificond: Enters wifigbk_ageOutHistory
08-05 16:41:22.895   916  4953 I chatty  : uid=1000(system) Binder:916_17 expire 13 lines
08-05 16:41:25.117 18006 18048 E ActivityThread: Failed to find provider info for instantapp-dev-manager
08-05 16:41:26.119   916  4264 I chatty  : uid=1000(system) Binder:916_10 expire 13 lines
08-05 16:41:26.123   916  4612 I chatty  : uid=1000(system) Binder:916_12 expire 17 lines
08-05 16:41:27.170   916   996 I chatty  : uid=1000(system) ActivityManager expire 14 lines
08-05 16:41:28.417 18064 18104 E ActivityThread: Failed to find provider info for instantapp-dev-manager
08-05 16:41:31.425 18118 18159 E ActivityThread: Failed to find provider info for instantapp-dev-manager
08-05 16:41:31.563   916  1159 I chatty  : uid=1000(system) PowerManagerSer expire 17 lines
08-05 16:41:31.910   916  1017 I chatty  : uid=1000(system) android.fg expire 10 lines
08-05 16:41:32.023   472   472 I wificond: Pno scan started
08-05 16:41:32.504   916  2716 I chatty  : uid=1000(system) Binder:916_6 expire 8 lines
08-05 16:41:54.980   472   472 I wificond: Pno scan stopped
08-05 16:41:55.690   472   472 I wificond: Enters wifigbk_ageOutHistory
08-05 16:41:55.697   472   472 I wificond: Enters wifigbk_ageOutHistory
08-05 16:41:56.770 18280 18348 E ActivityThread: Failed to find provider info for instantapp-dev-manager
08-05 16:41:57.586   916  5384 I chatty  : uid=1000(system) Binder:916_1F expire 14 lines
08-05 16:42:00.016   472   472 I wificond: Pno scan started
08-05 16:42:00.040   472   472 I wificond: Pno scan stopped
08-05 16:42:00.572   472   472 I wificond: Enters wifigbk_ageOutHistory
08-05 16:42:00.575   472   472 I wificond: Enters wifigbk_ageOutHistory
08-05 16:42:00.786 18361 18404 E ActivityThread: Failed to find provider info for instantapp-dev-manager
08-05 16:42:05.880   472   472 I wificond: Pno scan started
08-05 16:42:45.441   472   472 I wificond: Pno scan stopped
08-05 16:42:46.056   472   472 I wificond: Enters wifigbk_ageOutHistory
08-05 16:42:46.061   472   472 I wificond: Enters wifigbk_ageOutHistory
08-05 16:42:46.074   916  3382 I chatty  : uid=1000(system) Binder:916_B expire 13 lines
08-05 16:42:46.901 18417 18531 E ActivityThread: Failed to find provider info for instantapp-dev-manager
08-05 16:42:47.720   916  2746 I chatty  : uid=1000(system) Binder:916_8 expire 6 lines
08-05 16:42:50.743   916  1159 I chatty  : uid=1000(system) PowerManagerSer expire 13 lines
08-05 16:42:50.837 18545 18599 E ActivityThread: Failed to find provider info for instantapp-dev-manager
08-05 16:42:50.855   916   916 I chatty  : uid=1000 system_server expire 14 lines
08-05 16:42:51.045   916  1018 I chatty  : uid=1000(system) android.io expire 12 lines
08-05 16:42:51.081   916  1017 I chatty  : uid=1000(system) android.fg expire 10 lines
08-05 16:42:51.201   472   472 I wificond: Pno scan started
08-05 16:42:51.698   916   996 I chatty  : uid=1000(system) ActivityManager expire 13 lines
08-05 16:42:51.737   916  2542 I chatty  : uid=1000(system) Binder:916_4 expire 14 lines
08-05 16:42:54.045 18698 18740 E ActivityThread: Failed to find provider info for instantapp-dev-manager
08-05 16:42:54.853   916  4466 I chatty  : uid=1000(system) Binder:916_11 expire 12 lines
08-05 16:42:56.212   472   472 I wificond: Pno scan stopped
08-05 16:42:56.815   916  2742 I chatty  : uid=1000(system) Binder:916_7 expire 20 lines
08-05 16:42:58.112 18754 18796 E ActivityThread: Failed to find provider info for instantapp-dev-manager
08-05 16:42:59.033   916  4895 I chatty  : uid=1000(system) Binder:916_16 expire 24 lines
08-05 16:42:59.035   916  5011 I chatty  : uid=1000(system) Binder:916_18 expire 12 lines
08-05 16:43:01.296 18810 18850 E ActivityThread: Failed to find provider info for instantapp-dev-manager
08-05 16:43:02.368   472   472 I wificond: Pno scan started
08-05 16:44:08.531 18900 18944 E ActivityThread: Failed to find provider info for instantapp-dev-manager
08-05 16:44:09.568   916  4767 I chatty  : uid=1000(system) Binder:916_14 expire 17 lines
08-05 16:44:09.619   916  5176 I chatty  : uid=1000(system) Binder:916_1B expire 12 lines
08-05 16:44:17.247   916  1159 I chatty  : uid=1000(system) PowerManagerSer expire 13 lines
08-05 16:44:17.287   916  1019 I chatty  : uid=1000(system) android.display expire 13 lines
08-05 16:44:17.318   472   472 I wificond: Pno scan stopped
08-05 16:44:18.016   472   472 I wificond: Enters wifigbk_ageOutHistory
08-05 16:44:18.024   472   472 I wificond: Enters wifigbk_ageOutHistory
08-05 16:44:18.685 18961 19078 E ActivityThread: Failed to find provider info for instantapp-dev-manager
08-05 16:44:19.504   916  4953 I chatty  : uid=1000(system) Binder:916_17 expire 17 lines
08-05 16:44:19.508   916  2747 I chatty  : uid=1000(system) Binder:916_9 expire 30 lines
08-05 16:44:19.553   916   996 I chatty  : uid=1000(system) ActivityManager expire 16 lines
08-05 16:44:20.810 19091 19136 E ActivityThread: Failed to find provider info for instantapp-dev-manager
08-05 16:44:25.957 19151 19204 E ActivityThread: Failed to find provider info for instantapp-dev-manager
08-05 16:44:25.973   916   916 I chatty  : uid=1000 system_server expire 13 lines
08-05 16:44:27.499   916  1017 I chatty  : uid=1000(system) android.fg expire 11 lines
08-05 16:44:27.645   472   472 I wificond: Pno scan started
08-05 16:45:17.835   472   472 I wificond: Pno scan stopped
08-05 16:45:18.379   916  2747 I chatty  : uid=1000(system) Binder:916_9 expire 17 lines
08-05 16:45:18.504   472   472 I wificond: Enters wifigbk_ageOutHistory
08-05 16:45:18.510   472   472 I wificond: Enters wifigbk_ageOutHistory
08-05 16:45:19.143 19252 19363 E ActivityThread: Failed to find provider info for instantapp-dev-manager
08-05 16:45:21.097   916   995 I chatty  : uid=1000(system) android.bg expire 1 line
08-05 16:45:22.841 19377 19420 E ActivityThread: Failed to find provider info for instantapp-dev-manager
08-05 16:45:23.755   916  4767 I chatty  : uid=1000(system) Binder:916_14 expire 12 lines
08-05 16:45:26.071 19434 19473 E ActivityThread: Failed to find provider info for instantapp-dev-manager
08-05 16:45:26.888   916  4895 I chatty  : uid=1000(system) Binder:916_16 expire 18 lines
08-05 16:45:26.889   916  4069 I chatty  : uid=1000(system) Binder:916_D expire 12 lines
08-05 16:45:27.572   916  1159 I chatty  : uid=1000(system) PowerManagerSer expire 23 lines
08-05 16:45:28.109   472   472 I wificond: Pno scan started
08-05 16:45:30.387 19513 19560 E ActivityThread: Failed to find provider info for instantapp-dev-manager
08-05 16:45:47.985   916   996 I chatty  : uid=1000(system) ActivityManager expire 16 lines
08-05 16:45:48.028   916  5437 I chatty  : uid=1000(system) Binder:916_20 expire 21 lines
08-05 16:47:10.011   472   472 I wificond: Pno scan stopped
08-05 16:47:10.588   916  5384 I chatty  : uid=1000(system) Binder:916_1F expire 15 lines
08-05 16:47:10.725   472   472 I wificond: Enters wifigbk_ageOutHistory
08-05 16:47:10.733   472   472 I wificond: Enters wifigbk_ageOutHistory
08-05 16:47:11.127  2461  2461 V KeyguardDisplayManager: hide
08-05 16:47:12.195   916   997 I chatty  : uid=1000(system) android.ui expire 11 lines
08-05 16:47:12.402 19646 19694 E ActivityThread: Failed to find provider info for instantapp-dev-manager
08-05 16:47:12.783   916  1018 I chatty  : uid=1000(system) android.io expire 13 lines
08-05 16:47:13.481   916  4174 I chatty  : uid=1000(system) Binder:916_F expire 14 lines
08-05 16:47:15.862 19716 19772 E ActivityThread: Failed to find provider info for instantapp-dev-manager
08-05 16:47:16.878   916   916 I chatty  : uid=1000 system_server expire 11 lines
08-05 16:47:19.280 19787 19827 E ActivityThread: Failed to find provider info for instantapp-dev-manager
08-05 16:47:20.259   916  5118 I chatty  : uid=1000(system) Binder:916_1A expire 13 lines
08-05 16:47:21.552 19845 19892 E ActivityThread: Failed to find provider info for instantapp-dev-manager
08-05 16:47:28.822 19911 19953 E ActivityThread: Failed to find provider info for instantapp-dev-manager
08-05 16:47:29.626   916   996 I chatty  : uid=1000(system) ActivityManager expire 12 lines
08-05 16:47:29.667   916  2563 I chatty  : uid=1000(system) Binder:916_5 expire 13 lines
08-05 16:47:30.758   472   472 I wificond: Enters wifigbk_ageOutHistory
08-05 16:47:30.761   472   472 I wificond: Enters wifigbk_ageOutHistory
08-05 16:47:31.968 19967 20007 E ActivityThread: Failed to find provider info for instantapp-dev-manager
08-05 16:47:33.194   916  2747 I chatty  : uid=1000(system) Binder:916_9 expire 12 lines
08-05 16:47:35.745 20029 20070 E ActivityThread: Failed to find provider info for instantapp-dev-manager
08-05 16:47:37.354   916  4829 I chatty  : uid=1000(system) Binder:916_15 expire 3 lines
08-05 16:47:37.355   916  4707 I chatty  : uid=1000(system) Binder:916_13 expire 16 lines
08-05 16:47:38.343   916   916 I chatty  : uid=1000 system_server expire 43 lines
08-05 16:47:38.361   916  2789 I chatty  : uid=1000(system) uteStateMachine expire 21 lines
08-05 16:47:38.362   916  2792 I chatty  : uid=1000(system) CallAudioModeSt expire 10 lines
08-05 16:47:38.688   916  4069 I chatty  : uid=1000(system) Binder:916_D expire 24 lines
08-05 16:47:38.700  2691  2691 I Telephony: TelephonyConnectionService: onCreateOutgoingConnection, request: ConnectionRequest xxxxxxxxxxxxxx Bundle[mParcelledData.dataSize=888]: (SBC.oSC)->CS.crCo->H.CS.crCo->H.CS.crCo.pICR@E-A3s
08-05 16:47:38.719  2691  2691 I Telephony: TelephonyConnectionService: updatePhoneAccount setPhoneAccountHandle, account = ComponentInfo{com.android.phone/com.android.services.telephony.TelephonyConnectionService}, [14d862c1c64e05cc4d1f5d328262495897e420c1], UserHandle{0}: (SBC.oSC)->CS.crCo->H.CS.crCo->H.CS.crCo.pICR@E-A3s
08-05 16:47:38.810  2691  2691 I Telephony: GsmConnection: isAddParticipantCapable: isCapable = false: (SBC.oSC)->CS.crCo->H.CS.crCo->H.CS.crCo.pICR@E-A3s
08-05 16:47:38.837  2691  2691 I chatty  : uid=1001(radio) com.android.phone identical 4 lines
08-05 16:47:38.837  2691  2691 I Telephony: GsmConnection: isAddParticipantCapable: isCapable = false: (SBC.oSC)->CS.crCo->H.CS.crCo->H.CS.crCo.pICR@E-A3s
08-05 16:47:38.895  2691  2691 I Telephony: TelephonyConnectionService: notifyCreateConnectionComplete TC@4_1: (...->CSW.hCCC)->CS.crCoC->H.CS.crCoC@E-E-E-A3s
08-05 16:47:38.911  2691  2691 I Telephony: TelephonyConnectionService: updatePhoneAccount setPhoneAccountHandle, account = ComponentInfo{com.android.phone/com.android.services.telephony.TelephonyConnectionService}, [14d862c1c64e05cc4d1f5d328262495897e420c1], UserHandle{0}: (...->CSW.hCCC)->CS.crCoC->H.CS.crCoC@E-E-E-A3s
08-05 16:47:38.924  2691  2691 I Telephony: GsmConnection: isAddParticipantCapable: isCapable = false
08-05 16:47:38.924  2691  2691 I Telephony: GsmConnection: isAddParticipantCapable: isCapable = false
08-05 16:47:38.932   916  2542 I chatty  : uid=1000(system) Binder:916_4 expire 10 lines
08-05 16:47:40.773   916  2407 I chatty  : uid=1000(system) ConnectivitySer expire 14 lines
08-05 16:47:40.839   916  2399 I chatty  : uid=1000(system) NetworkPolicy expire 15 lines
08-05 16:47:42.641 20155 20194 E ActivityThread: Failed to find provider info for instantapp-dev-manager
08-05 16:47:43.599   916  4174 I chatty  : uid=1000(system) Binder:916_F expire 23 lines
08-05 16:47:44.652   916   996 I chatty  : uid=1000(system) ActivityManager expire 14 lines
08-05 16:47:46.000 20209 20248 E ActivityThread: Failed to find provider info for instantapp-dev-manager
08-05 16:47:46.976   916  4466 I chatty  : uid=1000(system) Binder:916_11 expire 26 lines
08-05 16:47:46.990  2691  2691 I Telephony: GsmConnection: isAddParticipantCapable: isCapable = false
08-05 16:47:46.991  2691  2691 I Telephony: GsmConnection: isAddParticipantCapable: isCapable = false
08-05 16:47:47.088   916  2784 I chatty  : uid=1000(system) BluetoothRouteM expire 4 lines
08-05 16:47:47.787   916  4953 I chatty  : uid=1000(system) Binder:916_17 expire 12 lines
08-05 16:47:50.619 20342 20387 E ActivityThread: Failed to find provider info for instantapp-dev-manager
08-05 16:47:55.127   916  1017 I chatty  : uid=1000(system) android.fg expire 13 lines
08-05 16:47:55.585   916  2747 I chatty  : uid=1000(system) Binder:916_9 expire 19 lines
08-05 16:47:57.325   916  4264 I chatty  : uid=1000(system) Binder:916_10 expire 24 lines
08-05 16:47:58.614   916  4707 I chatty  : uid=1000(system) Binder:916_13 expire 12 lines
08-05 16:47:59.486   916  4612 I chatty  : uid=1000(system) Binder:916_12 expire 22 lines
08-05 16:48:22.255   472   472 I wificond: Enters wifigbk_ageOutHistory
08-05 16:48:22.259   472   472 I wificond: Enters wifigbk_ageOutHistory
08-05 16:48:24.614   916   996 I chatty  : uid=1000(system) ActivityManager expire 10 lines
08-05 16:48:25.841 20437 20479 E ActivityThread: Failed to find provider info for instantapp-dev-manager
08-05 16:48:25.862   916   916 I chatty  : uid=1000 system_server expire 14 lines
08-05 16:48:28.908 20489 20530 E ActivityThread: Failed to find provider info for instantapp-dev-manager
08-05 16:48:34.916 20546 20588 E ActivityThread: Failed to find provider info for instantapp-dev-manager
08-05 16:48:49.554  2691  2691 I Telephony: PstnIncomingCallNotifier: Unregistering: Handler (com.qualcomm.qti.internal.telephony.QtiGsmCdmaPhone) {7907f55}
08-05 16:48:49.596  2691  2691 I Telephony: AccountEntry: Registered phoneAccount: [[ ] PhoneAccount: ComponentInfo{com.android.phone/com.android.services.telephony.TelephonyConnectionService}, [14d862c1c64e05cc4d1f5d328262495897e420c1], UserHandle{0} Capabilities: CallProvider MultiUser PlaceEmerg SimSub  Audio Routes: BESW Schemes: tel voicemail  Extras: Bundle[{android.telecom.extra.SUPPORTS_VIDEO_CALLING_FALLBACK=false, android.telecom.extra.SORT_ORDER=0}] GroupId: [da39a3ee5e6b4b0d3255bfef95601890afd80709]] with handle: ComponentInfo{com.android.phone/com.android.services.telephony.TelephonyConnectionService}, [14d862c1c64e05cc4d1f5d328262495897e420c1], UserHandle{0}
08-05 16:48:49.597  2691  2691 I Telephony: PstnIncomingCallNotifier: Registering: Handler (com.qualcomm.qti.internal.telephony.QtiGsmCdmaPhone) {7907f55}
08-05 16:48:49.616  2691  2691 I Telephony: PstnPhoneCapabilitiesNotifier: handleVideoCapabilitesChanged. Video capability - false
08-05 16:48:49.646   916   956 I chatty  : uid=1000(system) Binder:916_2 expire 13 lines
08-05 16:48:51.887   916   996 I chatty  : uid=1000(system) ActivityManager expire 10 lines
08-05 16:48:53.059 20656 20696 E ActivityThread: Failed to find provider info for instantapp-dev-manager
08-05 16:48:53.334   916  1018 I chatty  : uid=1000(system) android.io expire 4 lines
08-05 16:48:53.967   916  5064 I chatty  : uid=1000(system) Binder:916_19 expire 38 lines
08-05 16:49:00.003   916  2382 I chatty  : uid=1000(system) AlarmManager expire 3 lines
08-05 16:49:00.518   472   472 I wificond: Pno scan started
08-05 16:49:05.562  2461  2461 V KeyguardStatusView: refresh statusview showing:true
08-05 16:49:05.576  2461  2461 V KeyguardDisplayManager: show
08-05 16:50:20.998   472   472 I wificond: Pno scan stopped
08-05 16:50:21.278  2691  2691 I Telephony: PstnIncomingCallNotifier: Unregistering: Handler (com.qualcomm.qti.internal.telephony.QtiGsmCdmaPhone) {7907f55}
08-05 16:50:21.311  2691  2691 I Telephony: AccountEntry: Registered phoneAccount: [[ ] PhoneAccount: ComponentInfo{com.android.phone/com.android.services.telephony.TelephonyConnectionService}, [14d862c1c64e05cc4d1f5d328262495897e420c1], UserHandle{0} Capabilities: CallProvider MultiUser PlaceEmerg SimSub  Audio Routes: BESW Schemes: tel voicemail  Extras: Bundle[{android.telecom.extra.SUPPORTS_VIDEO_CALLING_FALLBACK=false, android.telecom.extra.SORT_ORDER=0}] GroupId: [da39a3ee5e6b4b0d3255bfef95601890afd80709]] with handle: ComponentInfo{com.android.phone/com.android.services.telephony.TelephonyConnectionService}, [14d862c1c64e05cc4d1f5d328262495897e420c1], UserHandle{0}
08-05 16:50:21.312  2691  2691 I Telephony: PstnIncomingCallNotifier: Registering: Handler (com.qualcomm.qti.internal.telephony.QtiGsmCdmaPhone) {7907f55}
08-05 16:50:21.329  2691  2691 I Telephony: PstnPhoneCapabilitiesNotifier: handleVideoCapabilitesChanged. Video capability - false
08-05 16:50:21.555   916  3382 I chatty  : uid=1000(system) Binder:916_B expire 1 line
08-05 16:50:21.691   472   472 I wificond: Enters wifigbk_ageOutHistory
08-05 16:50:21.699   472   472 I wificond: Enters wifigbk_ageOutHistory
08-05 16:50:31.323   472   472 I wificond: Pno scan started
08-05 16:50:43.128   916  2392 I chatty  : uid=1000(system) InputReader expire 6 lines
08-05 16:50:43.131   916  1159 I chatty  : uid=1000(system) PowerManagerSer expire 20 lines
08-05 16:50:43.196   472   472 I wificond: Pno scan stopped
08-05 16:50:43.693   916  4895 I chatty  : uid=1000(system) Binder:916_16 expire 10 lines
08-05 16:50:43.694   916  1017 I chatty  : uid=1000(system) android.fg expire 12 lines
08-05 16:50:43.897   472   472 I wificond: Enters wifigbk_ageOutHistory
08-05 16:50:43.904   472   472 I wificond: Enters wifigbk_ageOutHistory
08-05 16:50:44.084   916  1019 I chatty  : uid=1000(system) android.display expire 10 lines
08-05 16:50:53.109  2461  2461 V KeyguardStatusView: refresh statusview showing:true
08-05 16:50:53.182  2461  2461 W ViewRootImpl[StatusBar]: Dropping event due to no window focus: KeyEvent { action=ACTION_DOWN, keyCode=KEYCODE_BACK, scanCode=158, metaState=0, flags=0x48, repeatCount=0, eventTime=1399588, downTime=1399588, deviceId=5, source=0x101 }
08-05 16:50:53.184  2461  2461 W ViewRootImpl[StatusBar]: Cancelling event due to no window focus: KeyEvent { action=ACTION_UP, keyCode=KEYCODE_BACK, scanCode=158, metaState=0, flags=0x68, repeatCount=0, eventTime=1399642, downTime=1399588, deviceId=5, source=0x101 }
08-05 16:50:53.185  2461  2461 I chatty  : uid=10031(com.android.systemui) identical 4 lines
08-05 16:50:53.185  2461  2461 W ViewRootImpl[StatusBar]: Cancelling event due to no window focus: KeyEvent { action=ACTION_UP, keyCode=KEYCODE_BACK, scanCode=158, metaState=0, flags=0x68, repeatCount=0, eventTime=1399642, downTime=1399588, deviceId=5, source=0x101 }
08-05 16:50:54.378  2461  2461 V KeyguardDisplayManager: hide
08-05 16:51:03.927   472   472 I wificond: Enters wifigbk_ageOutHistory
08-05 16:51:03.936   472   472 I wificond: Enters wifigbk_ageOutHistory
08-05 16:51:06.832   916  1017 I chatty  : uid=1000(system) android.fg expire 10 lines
08-05 16:51:07.347   916   996 I chatty  : uid=1000(system) ActivityManager expire 12 lines
08-05 16:51:35.316   916  2399 I chatty  : uid=1000(system) NetworkPolicy expire 12 lines
08-05 16:51:35.933   472   472 I wificond: Enters wifigbk_ageOutHistory
08-05 16:51:35.943   472   472 I wificond: Enters wifigbk_ageOutHistory
08-05 16:51:44.246   916  5280 I chatty  : uid=1000(system) Binder:916_1D expire 29 lines
08-05 16:51:46.646 21236 21236 W ViewRootImpl[PermissionsActivity]: Dropping event due to no window focus: KeyEvent { action=ACTION_DOWN, keyCode=KEYCODE_BACK, scanCode=158, metaState=0, flags=0x48, repeatCount=0, eventTime=1452630, downTime=1452630, deviceId=5, source=0x101 }
08-05 16:51:46.648 21236 21236 W ViewRootImpl[PermissionsActivity]: Cancelling event due to no window focus: KeyEvent { action=ACTION_UP, keyCode=KEYCODE_BACK, scanCode=158, metaState=0, flags=0x68, repeatCount=0, eventTime=1452696, downTime=1452630, deviceId=5, source=0x101 }
08-05 16:51:46.652 21236 21236 I chatty  : uid=10042(com.android.camera2) identical 7 lines
08-05 16:51:46.652 21236 21236 W ViewRootImpl[PermissionsActivity]: Cancelling event due to no window focus: KeyEvent { action=ACTION_UP, keyCode=KEYCODE_BACK, scanCode=158, metaState=0, flags=0x68, repeatCount=0, eventTime=1452696, downTime=1452630, deviceId=5, source=0x101 }
08-05 16:52:15.883   472   472 I wificond: Enters wifigbk_ageOutHistory
08-05 16:52:15.891   472   472 I wificond: Enters wifigbk_ageOutHistory
08-05 16:53:12.527   916   996 I chatty  : uid=1000(system) ActivityManager expire 17 lines
08-05 16:53:35.925   472   472 I wificond: Enters wifigbk_ageOutHistory
08-05 16:53:35.930   472   472 I wificond: Enters wifigbk_ageOutHistory
08-05 16:54:15.103   916  5118 I chatty  : uid=1000(system) Binder:916_1A expire 12 lines
08-05 16:56:15.843   472   472 I wificond: Enters wifigbk_ageOutHistory
08-05 16:56:15.847   472   472 I wificond: Enters wifigbk_ageOutHistory
08-05 16:57:36.549   916   916 I chatty  : uid=1000 system_server expire 36 lines
08-05 16:57:36.573   916  2789 I chatty  : uid=1000(system) uteStateMachine expire 12 lines
08-05 16:57:36.962  2691  2691 I Telephony: TelephonyConnectionService: onCreateOutgoingConnection, request: ConnectionRequest xxxxxxxxxxxxxx Bundle[mParcelledData.dataSize=900]: (SBC.oSC)->CS.crCo->H.CS.crCo->H.CS.crCo.pICR@E-BLk
08-05 16:57:36.992  2691  2691 I Telephony: TelephonyConnectionService: updatePhoneAccount setPhoneAccountHandle, account = ComponentInfo{com.android.phone/com.android.services.telephony.TelephonyConnectionService}, [14d862c1c64e05cc4d1f5d328262495897e420c1], UserHandle{0}: (SBC.oSC)->CS.crCo->H.CS.crCo->H.CS.crCo.pICR@E-BLk
08-05 16:57:37.085  2691  2691 I Telephony: GsmConnection: isAddParticipantCapable: isCapable = false: (SBC.oSC)->CS.crCo->H.CS.crCo->H.CS.crCo.pICR@E-BLk
08-05 16:57:37.108  2691  2691 I Telephony: GsmConnection: isAddParticipantCapable: isCapable = false: (SBC.oSC)->CS.crCo->H.CS.crCo->H.CS.crCo.pICR@E-BLk
08-05 16:57:37.140   916  2792 I chatty  : uid=1000(system) CallAudioModeSt expire 6 lines
08-05 16:57:37.163  2691  2691 I Telephony: TelephonyConnectionService: notifyCreateConnectionComplete TC@5_1: (...->CSW.hCCC)->CS.crCoC->H.CS.crCoC@E-E-E-BLk
08-05 16:57:37.173  2691  2691 I Telephony: TelephonyConnectionService: updatePhoneAccount setPhoneAccountHandle, account = ComponentInfo{com.android.phone/com.android.services.telephony.TelephonyConnectionService}, [14d862c1c64e05cc4d1f5d328262495897e420c1], UserHandle{0}: (...->CSW.hCCC)->CS.crCoC->H.CS.crCoC@E-E-E-BLk
08-05 16:57:37.192  2691  2691 I Telephony: GsmConnection: isAddParticipantCapable: isCapable = false
08-05 16:57:37.192  2691  2691 I Telephony: GsmConnection: isAddParticipantCapable: isCapable = false
08-05 16:57:39.622   916  2407 I chatty  : uid=1000(system) ConnectivitySer expire 2 lines
08-05 16:57:41.190  2691  2691 I Telephony: GsmConnection: isAddParticipantCapable: isCapable = false
08-05 16:57:41.191  2691  2691 I Telephony: GsmConnection: isAddParticipantCapable: isCapable = false
08-05 16:57:53.668   916  2542 I chatty  : uid=1000(system) Binder:916_4 expire 16 lines
08-05 16:57:53.941  2691  2691 I Telephony: GsmConnection: isAddParticipantCapable: isCapable = false
08-05 16:57:53.941  2691  2691 I Telephony: GsmConnection: isAddParticipantCapable: isCapable = false
08-05 16:57:53.945   916  2789 I chatty  : uid=1000(system) uteStateMachine expire 9 lines
08-05 16:57:55.920  2691  2691 I Telephony: PstnIncomingCallNotifier: Unregistering: Handler (com.qualcomm.qti.internal.telephony.QtiGsmCdmaPhone) {7907f55}
08-05 16:57:55.951   916  2399 I chatty  : uid=1000(system) NetworkPolicy expire 3 lines
08-05 16:57:56.023  2691  2691 I Telephony: AccountEntry: Registered phoneAccount: [[ ] PhoneAccount: ComponentInfo{com.android.phone/com.android.services.telephony.TelephonyConnectionService}, [14d862c1c64e05cc4d1f5d328262495897e420c1], UserHandle{0} Capabilities: CallProvider MultiUser PlaceEmerg SimSub  Audio Routes: BESW Schemes: tel voicemail  Extras: Bundle[{android.telecom.extra.SUPPORTS_VIDEO_CALLING_FALLBACK=false, android.telecom.extra.SORT_ORDER=0}] GroupId: [da39a3ee5e6b4b0d3255bfef95601890afd80709]] with handle: ComponentInfo{com.android.phone/com.android.services.telephony.TelephonyConnectionService}, [14d862c1c64e05cc4d1f5d328262495897e420c1], UserHandle{0}
08-05 16:57:56.023  2691  2691 I Telephony: PstnIncomingCallNotifier: Registering: Handler (com.qualcomm.qti.internal.telephony.QtiGsmCdmaPhone) {7907f55}
08-05 16:57:56.048   916   916 I chatty  : uid=1000 system_server expire 11 lines
08-05 16:57:56.299  2691  2691 I Telephony: PstnPhoneCapabilitiesNotifier: handleVideoCapabilitesChanged. Video capability - false
08-05 16:57:57.272 22253 22343 E ActivityThread: Failed to find provider info for instantapp-dev-manager
08-05 16:58:01.278 22359 22402 E ActivityThread: Failed to find provider info for instantapp-dev-manager
08-05 16:58:02.203   916  5280 I chatty  : uid=1000(system) Binder:916_1D expire 2 lines
08-05 16:58:10.411 22435 22477 E ActivityThread: Failed to find provider info for instantapp-dev-manager
08-05 16:58:11.292   916  5228 I chatty  : uid=1000(system) Binder:916_1C expire 10 lines
08-05 16:58:11.310   916  1143 I chatty  : uid=1000(system) CpuTracker expire 1 line
08-05 16:58:40.514 22501 22543 E ActivityThread: Failed to find provider info for instantapp-dev-manager
08-05 16:59:16.681   916  1159 I chatty  : uid=1000(system) PowerManagerSer expire 14 lines
08-05 16:59:17.162   472   472 I wificond: Pno scan started
08-05 16:59:21.803  2461  2461 V KeyguardStatusView: refresh statusview showing:true
08-05 16:59:21.821  2461  2461 V KeyguardDisplayManager: show
08-05 16:59:41.479   916   996 I chatty  : uid=1000(system) ActivityManager expire 12 lines
08-05 16:59:58.253 22578 22618 E ActivityThread: Failed to find provider info for instantapp-dev-manager
08-05 16:59:59.284   916  4895 I chatty  : uid=1000(system) Binder:916_16 expire 1 line
08-05 17:00:05.075   916   996 I chatty  : uid=1000(system) ActivityManager expire 20 lines
08-05 17:00:09.564   916  4466 I chatty  : uid=1000(system) Binder:916_11 expire 37 lines
08-05 17:00:15.291   472   472 I wificond: Pno scan stopped
08-05 17:00:15.772   916  1017 I chatty  : uid=1000(system) android.fg expire 5 lines
08-05 17:00:15.918   472   472 I wificond: Enters wifigbk_ageOutHistory
08-05 17:00:15.921   472   472 I wificond: Enters wifigbk_ageOutHistory
08-05 17:00:24.040   916  5228 I chatty  : uid=1000(system) Binder:916_1C expire 18 lines
08-05 17:00:25.680   472   472 I wificond: Pno scan started
08-05 17:00:30.973   916   996 I chatty  : uid=1000(system) ActivityManager expire 21 lines
08-05 17:00:58.798   916  2542 I chatty  : uid=1000(system) Binder:916_4 expire 18 lines
08-05 17:00:59.841   916   996 I chatty  : uid=1000(system) ActivityManager expire 9 lines
08-05 17:01:01.636   916  4093 I chatty  : uid=1000(system) Binder:916_E expire 18 lines
08-05 17:01:07.499   916  3382 I chatty  : uid=1000(system) Binder:916_B expire 18 lines
08-05 17:01:09.448   916  2392 I chatty  : uid=1000(system) InputReader expire 1 line
08-05 17:01:09.452   916  1159 I chatty  : uid=1000(system) PowerManagerSer expire 4 lines
08-05 17:01:09.461   916  1019 I chatty  : uid=1000(system) android.display expire 1 line
08-05 17:01:09.504   472   472 I wificond: Pno scan stopped
08-05 17:01:09.993   916  1017 I chatty  : uid=1000(system) android.fg expire 3 lines
08-05 17:01:10.035   916  3314 I chatty  : uid=1000(system) Binder:916_A expire 1 line
08-05 17:01:10.171   472   472 I wificond: Enters wifigbk_ageOutHistory
08-05 17:01:10.177   472   472 I wificond: Enters wifigbk_ageOutHistory
08-05 17:01:10.543   916  3825 I chatty  : uid=1000(system) Binder:916_C expire 18 lines
08-05 17:01:11.587   916   996 I chatty  : uid=1000(system) ActivityManager expire 8 lines
08-05 17:01:13.219   916  4612 I chatty  : uid=1000(system) Binder:916_12 expire 19 lines
08-05 17:01:17.362   916  3314 I chatty  : uid=1000(system) Binder:916_A expire 18 lines
08-05 17:01:19.446   916  1159 I chatty  : uid=1000(system) PowerManagerSer expire 5 lines
08-05 17:01:19.454   916  1019 I chatty  : uid=1000(system) android.display expire 1 line
08-05 17:01:19.755   916  1017 I chatty  : uid=1000(system) android.fg expire 2 lines
08-05 17:01:19.875   472   472 I wificond: Pno scan started
08-05 17:01:20.230   916  5118 I chatty  : uid=1000(system) Binder:916_1A expire 19 lines
08-05 17:01:24.210   916   996 I chatty  : uid=1000(system) ActivityManager expire 7 lines
08-05 17:01:24.251   916  4767 I chatty  : uid=1000(system) Binder:916_14 expire 18 lines
08-05 17:01:27.109   916  3314 I chatty  : uid=1000(system) Binder:916_A expire 19 lines
08-05 17:01:29.934   916  2392 I chatty  : uid=1000(system) InputReader expire 1 line
08-05 17:01:29.938   916  1159 I chatty  : uid=1000(system) PowerManagerSer expire 4 lines
08-05 17:01:29.945   916  1019 I chatty  : uid=1000(system) android.display expire 1 line
08-05 17:01:29.992   472   472 I wificond: Pno scan stopped
08-05 17:01:30.467   916  1017 I chatty  : uid=1000(system) android.fg expire 3 lines
08-05 17:01:30.476   916  2747 I chatty  : uid=1000(system) Binder:916_9 expire 1 line
08-05 17:01:30.621   472   472 I wificond: Enters wifigbk_ageOutHistory
08-05 17:01:30.624   472   472 I wificond: Enters wifigbk_ageOutHistory
08-05 17:01:31.311   916  5176 I chatty  : uid=1000(system) Binder:916_1B expire 18 lines
08-05 17:01:31.405  2461  2461 V KeyguardDisplayManager: hide
08-05 17:01:31.450   916   996 I chatty  : uid=1000(system) ActivityManager expire 11 lines
08-05 17:01:33.188   916  2747 I chatty  : uid=1000(system) Binder:916_9 expire 1 line
08-05 17:01:33.585 21151 23758 E ActivityThread: Failed to find provider info for com.qti.smq.qualcommFeedback.provider
08-05 17:01:33.878   916  1018 I chatty  : uid=1000(system) android.io expire 2 lines
08-05 17:01:34.223   916   999 I chatty  : uid=1000(system) batterystats-wo expire 1 line
08-05 17:01:35.229   916  2417 I chatty  : uid=1000(system) Binder:916_3 expire 18 lines
08-05 17:01:36.383   916  5280 I chatty  : uid=1000(system) Binder:916_1D expire 2 lines
08-05 17:01:38.776   916  4767 I chatty  : uid=1000(system) Binder:916_14 expire 18 lines
08-05 17:01:39.645   916  5437 I chatty  : uid=1000(system) Binder:916_20 expire 1 line
08-05 17:01:39.741 21151 23758 E ActivityThread: Failed to find provider info for com.qti.smq.qualcommFeedback.provider
08-05 17:01:40.772 21151 23758 E ActivityThread: Failed to find provider info for com.qti.smq.qualcommFeedback.provider
08-05 17:01:45.604   916  4174 I chatty  : uid=1000(system) Binder:916_F expire 10 lines
08-05 17:01:46.647   916   996 I chatty  : uid=1000(system) ActivityManager expire 8 lines
08-05 17:01:48.548   916  5118 I chatty  : uid=1000(system) Binder:916_1A expire 34 lines
08-05 17:01:53.617   916  5437 I chatty  : uid=1000(system) Binder:916_20 expire 1 line
08-05 17:01:55.370   916  4612 I chatty  : uid=1000(system) Binder:916_12 expire 19 lines
08-05 17:01:56.413   916   996 I chatty  : uid=1000(system) ActivityManager expire 10 lines
08-05 17:01:58.310   916  4264 I chatty  : uid=1000(system) Binder:916_10 expire 19 lines
08-05 17:02:00.690   472   472 I wificond: Enters wifigbk_ageOutHistory
08-05 17:02:00.693   472   472 I wificond: Enters wifigbk_ageOutHistory
08-05 17:02:00.737   916  1017 I chatty  : uid=1000(system) android.fg expire 2 lines
08-05 17:02:00.740   916  2391 I chatty  : uid=1000(system) InputDispatcher expire 2 lines
08-05 17:02:02.385   916  4829 I chatty  : uid=1000(system) Binder:916_15 expire 18 lines
08-05 17:02:05.184   916  4174 I chatty  : uid=1000(system) Binder:916_F expire 38 lines
08-05 17:02:09.959   916  2747 I chatty  : uid=1000(system) Binder:916_9 expire 18 lines
08-05 17:02:11.017   916   996 I chatty  : uid=1000(system) ActivityManager expire 8 lines
08-05 17:02:16.727   916  2417 I chatty  : uid=1000(system) Binder:916_3 expire 18 lines
08-05 17:02:19.541   916  2742 I chatty  : uid=1000(system) Binder:916_7 expire 18 lines
08-05 17:02:21.776   916  5176 I chatty  : uid=1000(system) Binder:916_1B expire 1 line
08-05 17:02:23.472   916   996 I chatty  : uid=1000(system) ActivityManager expire 10 lines
08-05 17:02:23.513   916  4174 I chatty  : uid=1000(system) Binder:916_F expire 18 lines
08-05 17:02:26.272   916  2417 I chatty  : uid=1000(system) Binder:916_3 expire 19 lines
08-05 17:02:30.315   916  4767 I chatty  : uid=1000(system) Binder:916_14 expire 18 lines
08-05 17:02:32.350 24546 24582 E ActivityThread: Failed to find provider info for instantapp-dev-manager
08-05 17:02:32.374   916   916 I chatty  : uid=1000 system_server expire 2 lines
08-05 17:02:33.159   916  4612 I chatty  : uid=1000(system) Binder:916_12 expire 6 lines
08-05 17:02:33.160   916  4093 I chatty  : uid=1000(system) Binder:916_E expire 19 lines
08-05 17:02:33.163   916  4612 I chatty  : uid=1000(system) Binder:916_12 expire 11 lines
08-05 17:02:34.202   916   996 I chatty  : uid=1000(system) ActivityManager expire 9 lines
08-05 17:02:40.599   472   472 I wificond: Enters wifigbk_ageOutHistory
08-05 17:02:40.601   472   472 I wificond: Enters wifigbk_ageOutHistory
08-05 17:02:41.566   916  5064 I chatty  : uid=1000(system) Binder:916_19 expire 23 lines
08-05 17:02:59.210   916   955 I chatty  : uid=1000(system) Binder:916_1 expire 18 lines
08-05 17:03:08.216   916  1159 I chatty  : uid=1000(system) PowerManagerSer expire 5 lines
08-05 17:03:08.228   916  1019 I chatty  : uid=1000(system) android.display expire 1 line
08-05 17:03:08.553   916  1017 I chatty  : uid=1000(system) android.fg expire 2 lines
08-05 17:03:08.684   472   472 I wificond: Pno scan started
08-05 17:03:13.308  2461  2461 V KeyguardStatusView: refresh statusview showing:true
08-05 17:03:13.320   916   996 I chatty  : uid=1000(system) ActivityManager expire 10 lines
08-05 17:03:13.321  2461  2461 V KeyguardDisplayManager: show
08-05 17:04:04.392 24745 24782 E ActivityThread: Failed to find provider info for instantapp-dev-manager
08-05 17:04:04.412   916   916 I chatty  : uid=1000 system_server expire 7 lines
08-05 17:04:05.390   916  5176 I chatty  : uid=1000(system) Binder:916_1B expire 1 line
08-05 17:04:05.391   916  4174 I chatty  : uid=1000(system) Binder:916_F expire 11 lines
08-05 17:04:08.142 24800 24841 E ActivityThread: Failed to find provider info for instantapp-dev-manager
08-05 17:04:08.383   916  1018 I chatty  : uid=1000(system) android.io expire 3 lines
08-05 17:04:09.051   916  5280 I chatty  : uid=1000(system) Binder:916_1D expire 1 line
08-05 17:04:09.053   916  2716 I chatty  : uid=1000(system) Binder:916_6 expire 11 lines
08-05 17:04:10.458   916  2746 I chatty  : uid=1000(system) Binder:916_8 expire 1 line
08-05 17:04:11.690 24855 24898 E ActivityThread: Failed to find provider info for instantapp-dev-manager
08-05 17:04:12.495   916   996 I chatty  : uid=1000(system) ActivityManager expire 3 lines
08-05 17:04:12.543   916  4953 I chatty  : uid=1000(system) Binder:916_17 expire 1 line
08-05 17:04:12.545   916  5437 I chatty  : uid=1000(system) Binder:916_20 expire 11 lines
08-05 17:04:14.914 24912 24961 E ActivityThread: Failed to find provider info for instantapp-dev-manager
08-05 17:04:15.753   916   996 I chatty  : uid=1000(system) ActivityManager expire 9 lines
08-05 17:04:15.800   916  5176 I chatty  : uid=1000(system) Binder:916_1B expire 1 line
08-05 17:04:15.802   916   916 I chatty  : uid=1000 system_server expire 7 lines
08-05 17:04:15.803   916  4466 I chatty  : uid=1000(system) Binder:916_11 expire 12 lines
08-05 17:04:18.817 24981 25021 E ActivityThread: Failed to find provider info for instantapp-dev-manager
08-05 17:04:19.018   916  1018 I chatty  : uid=1000(system) android.io expire 3 lines
08-05 17:04:19.561   916  4829 I chatty  : uid=1000(system) Binder:916_15 expire 1 line
08-05 17:04:19.563   916  4612 I chatty  : uid=1000(system) Binder:916_12 expire 11 lines
08-05 17:04:21.713 25035 25076 E ActivityThread: Failed to find provider info for instantapp-dev-manager
08-05 17:04:22.695   916  3314 I chatty  : uid=1000(system) Binder:916_A expire 2 lines
08-05 17:04:22.697   916  4174 I chatty  : uid=1000(system) Binder:916_F expire 12 lines
08-05 17:04:25.899 25089 25132 E ActivityThread: Failed to find provider info for instantapp-dev-manager
08-05 17:04:26.740   916   955 I chatty  : uid=1000(system) Binder:916_1 expire 22 lines
08-05 17:04:27.787   916   996 I chatty  : uid=1000(system) ActivityManager expire 8 lines
08-05 17:04:29.080 25154 25197 E ActivityThread: Failed to find provider info for instantapp-dev-manager
08-05 17:04:29.095   916   916 I chatty  : uid=1000 system_server expire 6 lines
08-05 17:04:29.329   916  1018 I chatty  : uid=1000(system) android.io expire 3 lines
08-05 17:04:29.921   916  4093 I chatty  : uid=1000(system) Binder:916_E expire 2 lines
08-05 17:04:29.925   916  3825 I chatty  : uid=1000(system) Binder:916_C expire 11 lines
08-05 17:04:31.787   916  4707 I chatty  : uid=1000(system) Binder:916_13 expire 1 line
08-05 17:04:33.079 25212 25256 E ActivityThread: Failed to find provider info for instantapp-dev-manager
08-05 17:04:36.210 25269 25311 E ActivityThread: Failed to find provider info for instantapp-dev-manager
08-05 17:04:37.058   916  2542 I chatty  : uid=1000(system) Binder:916_4 expire 1 line
08-05 17:04:37.059   916  2716 I chatty  : uid=1000(system) Binder:916_6 expire 12 lines
08-05 17:04:40.228 25325 25368 E ActivityThread: Failed to find provider info for instantapp-dev-manager
08-05 17:04:40.240   916   916 I chatty  : uid=1000 system_server expire 7 lines
08-05 17:04:40.474   916  1018 I chatty  : uid=1000(system) android.io expire 4 lines
08-05 17:04:41.003   916   996 I chatty  : uid=1000(system) ActivityManager expire 10 lines
08-05 17:04:41.046   916  4612 I chatty  : uid=1000(system) Binder:916_12 expire 13 lines
08-05 17:04:41.048   916  5228 I chatty  : uid=1000(system) Binder:916_1C expire 11 lines
08-05 17:04:43.393 25381 25423 E ActivityThread: Failed to find provider info for instantapp-dev-manager
08-05 17:04:44.260   916  4767 I chatty  : uid=1000(system) Binder:916_14 expire 1 line
08-05 17:04:47.233   916   999 I chatty  : uid=1000(system) batterystats-wo expire 1 line
08-05 17:04:47.467 25436 25483 E ActivityThread: Failed to find provider info for instantapp-dev-manager
08-05 17:04:48.249   916  4895 I chatty  : uid=1000(system) Binder:916_16 expire 1 line
08-05 17:04:48.252   916  2716 I chatty  : uid=1000(system) Binder:916_6 expire 11 lines
08-05 17:04:50.547 25496 25538 E ActivityThread: Failed to find provider info for instantapp-dev-manager
08-05 17:04:51.383   916  5176 I chatty  : uid=1000(system) Binder:916_1B expire 12 lines
08-05 17:04:51.383   916   916 I chatty  : uid=1000 system_server expire 7 lines
08-05 17:04:51.384   916  4466 I chatty  : uid=1000(system) Binder:916_11 expire 24 lines
08-05 17:04:54.516 25551 25593 E ActivityThread: Failed to find provider info for instantapp-dev-manager
08-05 17:04:54.710   916  1018 I chatty  : uid=1000(system) android.io expire 3 lines
08-05 17:04:55.217   916   996 I chatty  : uid=1000(system) ActivityManager expire 7 lines
08-05 17:04:55.265   916  3825 I chatty  : uid=1000(system) Binder:916_C expire 2 lines
08-05 17:04:57.573 25606 25649 E ActivityThread: Failed to find provider info for instantapp-dev-manager
08-05 17:05:01.548 25662 25705 E ActivityThread: Failed to find provider info for instantapp-dev-manager
08-05 17:05:02.440   916  2563 I chatty  : uid=1000(system) Binder:916_5 expire 12 lines
08-05 17:05:03.482   916   996 I chatty  : uid=1000(system) ActivityManager expire 8 lines
08-05 17:05:04.719 25718 25758 E ActivityThread: Failed to find provider info for instantapp-dev-manager
08-05 17:05:04.733   916   916 I chatty  : uid=1000 system_server expire 6 lines
08-05 17:05:04.914   916  1018 I chatty  : uid=1000(system) android.io expire 3 lines
08-05 17:05:05.466   916  2747 I chatty  : uid=1000(system) Binder:916_9 expire 13 lines
08-05 17:05:08.801 25771 25811 E ActivityThread: Failed to find provider info for instantapp-dev-manager
08-05 17:05:09.669   916  2716 I chatty  : uid=1000(system) Binder:916_6 expire 1 line
08-05 17:05:09.669   916  4953 I chatty  : uid=1000(system) Binder:916_17 expire 11 lines
08-05 17:05:11.927 25829 25869 E ActivityThread: Failed to find provider info for instantapp-dev-manager
08-05 17:05:12.844   916   955 I chatty  : uid=1000(system) Binder:916_1 expire 1 line
08-05 17:05:12.845   916  3382 I chatty  : uid=1000(system) Binder:916_B expire 12 lines
08-05 17:05:16.011 25885 25926 E ActivityThread: Failed to find provider info for instantapp-dev-manager
08-05 17:05:16.015   916   916 I chatty  : uid=1000 system_server expire 5 lines
08-05 17:05:16.198   916  1018 I chatty  : uid=1000(system) android.io expire 3 lines
08-05 17:05:16.750   916   996 I chatty  : uid=1000(system) ActivityManager expire 7 lines
08-05 17:05:16.801   916  2747 I chatty  : uid=1000(system) Binder:916_9 expire 13 lines
08-05 17:05:16.803   916  2742 I chatty  : uid=1000(system) Binder:916_7 expire 12 lines
08-05 17:05:19.042 25942 25981 E ActivityThread: Failed to find provider info for instantapp-dev-manager
08-05 17:05:23.071 25997 26047 E ActivityThread: Failed to find provider info for instantapp-dev-manager
08-05 17:05:23.960   916  3314 I chatty  : uid=1000(system) Binder:916_A expire 11 lines
08-05 17:05:23.962   916  4093 I chatty  : uid=1000(system) Binder:916_E expire 1 line
08-05 17:05:23.964   916   916 I chatty  : uid=1000 system_server expire 5 lines
08-05 17:05:25.007   916   996 I chatty  : uid=1000(system) ActivityManager expire 6 lines
08-05 17:05:26.113 26064 26102 E ActivityThread: Failed to find provider info for instantapp-dev-manager
08-05 17:05:26.414   916  1018 I chatty  : uid=1000(system) android.io expire 2 lines
08-05 17:05:27.111   916  3825 I chatty  : uid=1000(system) Binder:916_C expire 1 line
08-05 17:05:27.115   916  5437 I chatty  : uid=1000(system) Binder:916_20 expire 12 lines
08-05 17:05:29.291 26119 26157 E ActivityThread: Failed to find provider info for instantapp-dev-manager
08-05 17:05:30.264   916  4174 I chatty  : uid=1000(system) Binder:916_F expire 1 line
08-05 17:05:30.267   916  5228 I chatty  : uid=1000(system) Binder:916_1C expire 13 lines
08-05 17:05:34.312   916   996 I chatty  : uid=1000(system) ActivityManager expire 9 lines
08-05 17:05:35.469 26174 26212 E ActivityThread: Failed to find provider info for instantapp-dev-manager
08-05 17:05:35.492   916   916 I chatty  : uid=1000 system_server expire 5 lines
08-05 17:05:35.791   916  1018 I chatty  : uid=1000(system) android.io expire 3 lines
08-05 17:05:36.361   916  4612 I chatty  : uid=1000(system) Binder:916_12 expire 1 line
08-05 17:05:36.363   916  4767 I chatty  : uid=1000(system) Binder:916_14 expire 11 lines
08-05 17:05:38.539 26228 26266 E ActivityThread: Failed to find provider info for instantapp-dev-manager
08-05 17:05:39.458   916  4466 I chatty  : uid=1000(system) Binder:916_11 expire 2 lines
08-05 17:05:39.461   916  5437 I chatty  : uid=1000(system) Binder:916_20 expire 12 lines
08-05 17:05:43.882   916  2392 I chatty  : uid=1000(system) InputReader expire 1 line
08-05 17:05:43.887   916  1159 I chatty  : uid=1000(system) PowerManagerSer expire 4 lines
08-05 17:05:43.895   916  1019 I chatty  : uid=1000(system) android.display expire 1 line
08-05 17:05:43.938   472   472 I wificond: Pno scan stopped
08-05 17:05:44.468   916  1017 I chatty  : uid=1000(system) android.fg expire 3 lines
08-05 17:05:44.548   472   472 I wificond: Enters wifigbk_ageOutHistory
08-05 17:05:44.551   472   472 I wificond: Enters wifigbk_ageOutHistory
08-05 17:05:44.821 26293 26331 E ActivityThread: Failed to find provider info for instantapp-dev-manager
08-05 17:05:45.394  2461  2461 V KeyguardDisplayManager: hide
08-05 17:05:45.479   916   996 I chatty  : uid=1000(system) ActivityManager expire 5 lines
08-05 17:05:46.330   916  3314 I chatty  : uid=1000(system) Binder:916_A expire 3 lines
08-05 17:05:46.331   916   916 I chatty  : uid=1000 system_server expire 26 lines
08-05 17:05:46.332   916  4174 I chatty  : uid=1000(system) Binder:916_F expire 12 lines
08-05 17:06:01.353   916  2789 I chatty  : uid=1000(system) uteStateMachine expire 2 lines
08-05 17:06:01.353   916  2792 I chatty  : uid=1000(system) CallAudioModeSt expire 2 lines
08-05 17:06:01.571   916  4612 I chatty  : uid=1000(system) Binder:916_12 expire 29 lines
08-05 17:06:01.792   916   916 I chatty  : uid=1000 system_server expire 10 lines
08-05 17:06:01.803   916  2789 I chatty  : uid=1000(system) uteStateMachine expire 10 lines
08-05 17:06:01.836  2691  2691 W Telephony: TelephonyConnectionService: onCallAudioStateChanged - Cannot find conference TC@6_1: (PCR.oR->CAMSM.pM_2001->CARSM.pM_SWITCH_FOCUS)->CS.cASC->H.CS.cASC@E-BfA
08-05 17:06:01.849   916  4174 I chatty  : uid=1000(system) Binder:916_F expire 1 line
08-05 17:06:01.871  2691  2691 I Telephony: TelephonyConnectionService: onCreateOutgoingConnection, request: ConnectionRequest xxxxxxxxxxxxxx Bundle[mParcelledData.dataSize=872]: (SBC.oSC)->CS.crCo->H.CS.crCo->H.CS.crCo.pICR@E-Bfc
08-05 17:06:01.887  2691  2691 I Telephony: TelephonyConnectionService: updatePhoneAccount setPhoneAccountHandle, account = ComponentInfo{com.android.phone/com.android.services.telephony.TelephonyConnectionService}, [14d862c1c64e05cc4d1f5d328262495897e420c1], UserHandle{0}: (SBC.oSC)->CS.crCo->H.CS.crCo->H.CS.crCo.pICR@E-Bfc
08-05 17:06:01.990  2691  2691 I Telephony: GsmConnection: isAddParticipantCapable: isCapable = false: (SBC.oSC)->CS.crCo->H.CS.crCo->H.CS.crCo.pICR@E-Bfc
08-05 17:06:01.998  2691  2691 I chatty  : uid=1001(radio) com.android.phone identical 2 lines
08-05 17:06:01.999  2691  2691 I Telephony: GsmConnection: isAddParticipantCapable: isCapable = false: (SBC.oSC)->CS.crCo->H.CS.crCo->H.CS.crCo.pICR@E-Bfc
08-05 17:06:02.024   916  2792 I chatty  : uid=1000(system) CallAudioModeSt expire 1 line
08-05 17:06:02.032   916   996 I chatty  : uid=1000(system) ActivityManager expire 7 lines
08-05 17:06:02.055  2691  2691 I Telephony: TelephonyConnectionService: notifyCreateConnectionComplete TC@6_1: (...->CSW.hCCC)->CS.crCoC->H.CS.crCoC@E-E-E-Bfc
08-05 17:06:02.066  2691  2691 I Telephony: TelephonyConnectionService: updatePhoneAccount setPhoneAccountHandle, account = ComponentInfo{com.android.phone/com.android.services.telephony.TelephonyConnectionService}, [14d862c1c64e05cc4d1f5d328262495897e420c1], UserHandle{0}: (...->CSW.hCCC)->CS.crCoC->H.CS.crCoC@E-E-E-Bfc
08-05 17:06:02.122  2691  2691 I Telephony: GsmConnection: isAddParticipantCapable: isCapable = false
08-05 17:06:02.122  2691  2691 I Telephony: GsmConnection: isAddParticipantCapable: isCapable = false
08-05 17:06:03.899 26397 26439 E ActivityThread: Failed to find provider info for instantapp-dev-manager
08-05 17:06:03.953   916   916 I chatty  : uid=1000 system_server expire 5 lines
08-05 17:06:04.385   916  1018 I chatty  : uid=1000(system) android.io expire 2 lines
08-05 17:06:04.585   472   472 I wificond: Enters wifigbk_ageOutHistory
08-05 17:06:04.603   472   472 I wificond: Enters wifigbk_ageOutHistory
08-05 17:06:04.978  2691  2691 I Telephony: PstnIncomingCallNotifier: Unregistering: Handler (com.qualcomm.qti.internal.telephony.QtiGsmCdmaPhone) {7907f55}
