08-05 17:08:36.600  2461  2461 I chatty  : uid=10031(com.android.systemui) expire 9 lines
08-05 17:08:36.602   430   430 D SurfaceFlinger: Set power mode=2, type=0 flinger=0xa9db6000
08-05 17:08:36.603   409   693 I SDM     : DisplayBase::SetDisplayState: Set state = 1, display 0
08-05 17:08:36.603   916  1019 I DisplayManagerService: Display device changed state: "Built-in Screen", ON
08-05 17:08:36.626   416   416 I chatty  : uid=1000(system) /vendor/bin/hw/hal-server expire 2 lines
08-05 17:08:36.639  2630  2777 I QCNEJ/CndHalConnector: -> SND notifyScreenStateChanged(true)
08-05 17:08:36.643  2630  2777 I QCNEJ/CndHalConnector: -> SND notifyScreenStateChanged(false)
08-05 17:08:36.643   472   472 I wificond: Pno scan stopped
08-05 17:08:36.694  2884  2917 I QcrilOemhookMsgTunnel: [0]processOemHookIndication length=22
08-05 17:08:36.782  2691  2691 D ServiceStateProvider: subId=2147483644
08-05 17:08:36.783  2461  2461 D CarrierText: Handling (subId=1): READY airtel 4G
08-05 17:08:36.783  2461  2461 D CarrierText: SIM ready and in service: subId=1, ss={mVoiceRegState=0(IN_SERVICE), mDataRegState=0(IN_SERVICE), mVoiceRoamingType=home, mDataRoamingType=home, mVoiceOperatorAlphaLong=IND airtel, mVoiceOperatorAlphaShort=airtel, mDataOperatorAlphaLong=IND airtel, mDataOperatorAlphaShort=airtel, isManualNetworkSelection=false(automatic), mRilVoiceRadioTechnology=14(LTE), mRilDataRadioTechnology=14(LTE), mCssIndicator=unsupported, mNetworkId=-1, mSystemId=-1, mCdmaRoamingIndicator=-1, mCdmaDefaultRoamingIndicator=-1, mIsEmergencyOnly=false, mIsDataRoamingFromRegistration=false, mIsUsingCarrierAggregation=false, mLteEarfcnRsrpBoost=0}
08-05 17:08:36.784  2461  2461 D CarrierText: updateCarrierText(): 1
08-05 17:08:36.786  2461  2461 D CarrierText: Handling (subId=1): READY airtel 4G
08-05 17:08:36.786  2461  2461 D CarrierText: SIM ready and in service: subId=1, ss={mVoiceRegState=0(IN_SERVICE), mDataRegState=0(IN_SERVICE), mVoiceRoamingType=home, mDataRoamingType=home, mVoiceOperatorAlphaLong=IND airtel, mVoiceOperatorAlphaShort=airtel, mDataOperatorAlphaLong=IND airtel, mDataOperatorAlphaShort=airtel, isManualNetworkSelection=false(automatic), mRilVoiceRadioTechnology=14(LTE), mRilDataRadioTechnology=14(LTE), mCssIndicator=unsupported, mNetworkId=-1, mSystemId=-1, mCdmaRoamingIndicator=-1, mCdmaDefaultRoamingIndicator=-1, mIsEmergencyOnly=false, mIsDataRoamingFromRegistration=false, mIsUsingCarrierAggregation=false, mLteEarfcnRsrpBoost=0}
08-05 17:08:36.795  2461  2461 D CarrierText: updateCarrierText(): 1
08-05 17:08:36.796  2461  2461 D CarrierText: Handling (subId=1): READY airtel 4G
08-05 17:08:36.797  2461  2461 D CarrierText: SIM ready and in service: subId=1, ss={mVoiceRegState=0(IN_SERVICE), mDataRegState=0(IN_SERVICE), mVoiceRoamingType=home, mDataRoamingType=home, mVoiceOperatorAlphaLong=IND airtel, mVoiceOperatorAlphaShort=airtel, mDataOperatorAlphaLong=IND airtel, mDataOperatorAlphaShort=airtel, isManualNetworkSelection=false(automatic), mRilVoiceRadioTechnology=14(LTE), mRilDataRadioTechnology=14(LTE), mCssIndicator=unsupported, mNetworkId=-1, mSystemId=-1, mCdmaRoamingIndicator=-1, mCdmaDefaultRoamingIndicator=-1, mIsEmergencyOnly=false, mIsDataRoamingFromRegistration=false, mIsUsingCarrierAggregation=false, mLteEarfcnRsrpBoost=0}
08-05 17:08:36.840  3088  3396 E SecUISvc: Error initializing local socket: -1
08-05 17:08:36.875   916   916 I chatty  : uid=1000 system_server expire 1 line
08-05 17:08:36.879  2630  2777 I QCNEJ   : |CORE| phoneCount: 2
08-05 17:08:36.879  2461  2461 V KeyguardUpdateMonitor: onSubscriptionInfoChanged()
08-05 17:08:36.883  2461  2461 V KeyguardUpdateMonitor: SubInfo:{id=1, iccId=8991000900513896111f simSlotIndex=0 displayName=airtel carrierName=airtel nameSource=0 iconTint=-16746133 dataRoaming=0 iconBitmap=android.graphics.Bitmap@f6fd1cd mcc 404 mnc 49 isEmbedded false accessRules null}
08-05 17:08:36.892  2461  2610 D NetworkController.MobileSignalController(1): onServiceStateChanged mIsCarrierOneNetwork = false
08-05 17:08:36.892  2461  2461 D CarrierText: updateCarrierText(): 1
08-05 17:08:36.897  2461  2461 D CarrierText: Handling (subId=1): READY airtel 4G
08-05 17:08:36.897  2461  2461 D CarrierText: SIM ready and in service: subId=1, ss={mVoiceRegState=0(IN_SERVICE), mDataRegState=0(IN_SERVICE), mVoiceRoamingType=home, mDataRoamingType=home, mVoiceOperatorAlphaLong=IND airtel, mVoiceOperatorAlphaShort=airtel, mDataOperatorAlphaLong=IND airtel, mDataOperatorAlphaShort=airtel, isManualNetworkSelection=false(automatic), mRilVoiceRadioTechnology=14(LTE), mRilDataRadioTechnology=14(LTE), mCssIndicator=unsupported, mNetworkId=-1, mSystemId=-1, mCdmaRoamingIndicator=-1, mCdmaDefaultRoamingIndicator=-1, mIsEmergencyOnly=false, mIsDataRoamingFromRegistration=false, mIsUsingCarrierAggregation=false, mLteEarfcnRsrpBoost=0}
08-05 17:08:36.898  2461  2461 D CarrierText: updateCarrierText(): 1
08-05 17:08:36.900  2691  2691 D ServiceStateProvider: subId=1
08-05 17:08:36.900  2461  2461 D CarrierText: Handling (subId=1): READY airtel 4G
08-05 17:08:36.901  2461  2461 D CarrierText: SIM ready and in service: subId=1, ss={mVoiceRegState=0(IN_SERVICE), mDataRegState=0(IN_SERVICE), mVoiceRoamingType=home, mDataRoamingType=home, mVoiceOperatorAlphaLong=IND airtel, mVoiceOperatorAlphaShort=airtel, mDataOperatorAlphaLong=IND airtel, mDataOperatorAlphaShort=airtel, isManualNetworkSelection=false(automatic), mRilVoiceRadioTechnology=14(LTE), mRilDataRadioTechnology=14(LTE), mCssIndicator=unsupported, mNetworkId=-1, mSystemId=-1, mCdmaRoamingIndicator=-1, mCdmaDefaultRoamingIndicator=-1, mIsEmergencyOnly=false, mIsDataRoamingFromRegistration=false, mIsUsingCarrierAggregation=false, mLteEarfcnRsrpBoost=0}
08-05 17:08:36.901  2461  2461 D CarrierText: updateCarrierText(): 1
08-05 17:08:36.904  2461  2461 D CarrierText: Handling (subId=1): READY airtel 4G
08-05 17:08:36.904  2461  2461 D CarrierText: SIM ready and in service: subId=1, ss={mVoiceRegState=0(IN_SERVICE), mDataRegState=0(IN_SERVICE), mVoiceRoamingType=home, mDataRoamingType=home, mVoiceOperatorAlphaLong=IND airtel, mVoiceOperatorAlphaShort=airtel, mDataOperatorAlphaLong=IND airtel, mDataOperatorAlphaShort=airtel, isManualNetworkSelection=false(automatic), mRilVoiceRadioTechnology=14(LTE), mRilDataRadioTechnology=14(LTE), mCssIndicator=unsupported, mNetworkId=-1, mSystemId=-1, mCdmaRoamingIndicator=-1, mCdmaDefaultRoamingIndicator=-1, mIsEmergencyOnly=false, mIsDataRoamingFromRegistration=false, mIsUsingCarrierAggregation=false, mLteEarfcnRsrpBoost=0}
08-05 17:08:36.906   418   418 I LocSvc_GnssInterface: ===> updateConfiguration line 140 
08-05 17:08:36.911   418   418 I LocSvc_GnssInterface: ===> updateConfiguration line 140 
08-05 17:08:36.915  2630  2777 I QCNEJ/CndHalConnector: -> SND notifyWwanSubtypeChanged(13)
08-05 17:08:36.922  2630  2777 I QCNEJ/CndHalConnector: -> SND notifyMobileDataEnabledChanged(true)
08-05 17:08:36.934  2691  2691 D CallNotifier: updatePhoneStateListeners: update CF notifications.
08-05 17:08:36.934  2691  2691 I NotificationMgr: updateCfi: subId= 1, visible=N
08-05 17:08:36.937  2691  2691 I NotificationMgr: updateMwi(): subId 1 update to false
08-05 17:08:36.956   916   996 I chatty  : uid=1000(system) ActivityManager expire 3 lines
08-05 17:08:36.958  2691  2691 I Telephony: PstnIncomingCallNotifier: Unregistering: Handler (com.qualcomm.qti.internal.telephony.QtiGsmCdmaPhone) {7907f55}
08-05 17:08:36.958 20630 20630 I Dialer  : LegacyVoicemailNotificationReceiver.onReceive - received legacy voicemail notification
08-05 17:08:36.958 20630 20630 I Dialer  : LegacyVoicemailNotificationReceiver.onReceive - clearing notification
08-05 17:08:36.959 20630 20630 I Dialer  : LegacyVoicemailNotifier.cancelNotification - enter
08-05 17:08:36.989   916  5280 I Telecom : PhoneAccountRegistrar: Modify account: [ComponentInfo{com.android.phone/com.android.services.telephony.TelephonyConnectionService}, [14d862c1c64e05cc4d1f5d328262495897e420c1], UserHandle{0}]: TSI.rPA@Bsg
08-05 17:08:36.993  2691  2704 I zygote  : Do partial code cache collection, code=237KB, data=208KB
08-05 17:08:36.995  2691  2704 I zygote  : After code cache collection, code=237KB, data=208KB
08-05 17:08:36.995  2691  2704 I zygote  : Increasing code cache capacity to 1024KB
08-05 17:08:36.997  2691  2691 I Telephony: AccountEntry: Registered phoneAccount: [[ ] PhoneAccount: ComponentInfo{com.android.phone/com.android.services.telephony.TelephonyConnectionService}, [14d862c1c64e05cc4d1f5d328262495897e420c1], UserHandle{0} Capabilities: CallProvider MultiUser PlaceEmerg SimSub  Audio Routes: BESW Schemes: tel voicemail  Extras: Bundle[{android.telecom.extra.SUPPORTS_VIDEO_CALLING_FALLBACK=false, android.telecom.extra.SORT_ORDER=0}] GroupId: [da39a3ee5e6b4b0d3255bfef95601890afd80709]] with handle: ComponentInfo{com.android.phone/com.android.services.telephony.TelephonyConnectionService}, [14d862c1c64e05cc4d1f5d328262495897e420c1], UserHandle{0}
08-05 17:08:36.997  2691  2691 I Telephony: PstnIncomingCallNotifier: Registering: Handler (com.qualcomm.qti.internal.telephony.QtiGsmCdmaPhone) {7907f55}
08-05 17:08:37.006  2691  2691 D QtiCarrierConfigHelper: Reload carrier configs on sub Id due sub changed: 1
08-05 17:08:37.008  2691  2691 D QtiCarrierConfigHelper: Load carrier configs on sub Id: 1 slot Id: 0
08-05 17:08:37.011  2691 28634 I MmsService: MmsConfigManager loads in background mcc/mnc: 404/49
08-05 17:08:37.019  2691  2691 I ImsExternalCallTracker: handleVideoCapabilitiesChanged : isVideoCapable = false
08-05 17:08:37.019  2691  2691 D ImsExternalCallTracker: refreshCallPullState
08-05 17:08:37.020  2691  2691 I Telephony: PstnPhoneCapabilitiesNotifier: handleVideoCapabilitesChanged. Video capability - false
08-05 17:08:37.044   916  5280 I Telecom : PhoneAccountRegistrar: Modify account: [ComponentInfo{com.android.phone/com.android.services.telephony.TelephonyConnectionService}, [14d862c1c64e05cc4d1f5d328262495897e420c1], UserHandle{0}]: TSI.rPA@Bss
08-05 17:08:37.108  2461  2461 D KeyguardUpdateMonitor: received broadcast android.intent.action.SERVICE_STATE
08-05 17:08:37.109  2461  2461 V KeyguardUpdateMonitor: action android.intent.action.SERVICE_STATE serviceState={mVoiceRegState=0(IN_SERVICE), mDataRegState=0(IN_SERVICE), mVoiceRoamingType=home, mDataRoamingType=home, mVoiceOperatorAlphaLong=airtel, mVoiceOperatorAlphaShort=airtel, mDataOperatorAlphaLong=airtel, mDataOperatorAlphaShort=airtel, isManualNetworkSelection=false(automatic), mRilVoiceRadioTechnology=14(LTE), mRilDataRadioTechnology=14(LTE), mCssIndicator=unsupported, mNetworkId=-1, mSystemId=-1, mCdmaRoamingIndicator=-1, mCdmaDefaultRoamingIndicator=-1, mIsEmergencyOnly=false, mIsDataRoamingFromRegistration=false, mIsUsingCarrierAggregation=false, mLteEarfcnRsrpBoost=0} subId=1 phoneId=0
08-05 17:08:37.111   916  1159 I DisplayPowerController: Unblocked screen on after 522 ms
08-05 17:08:37.113  2461  2461 D KeyguardUpdateMonitor: handleServiceStateChange(subId=1, phoneId=0, serviceState={mVoiceRegState=0(IN_SERVICE), mDataRegState=0(IN_SERVICE), mVoiceRoamingType=home, mDataRoamingType=home, mVoiceOperatorAlphaLong=airtel, mVoiceOperatorAlphaShort=airtel, mDataOperatorAlphaLong=airtel, mDataOperatorAlphaShort=airtel, isManualNetworkSelection=false(automatic), mRilVoiceRadioTechnology=14(LTE), mRilDataRadioTechnology=14(LTE), mCssIndicator=unsupported, mNetworkId=-1, mSystemId=-1, mCdmaRoamingIndicator=-1, mCdmaDefaultRoamingIndicator=-1, mIsEmergencyOnly=false, mIsDataRoamingFromRegistration=false, mIsUsingCarrierAggregation=false, mLteEarfcnRsrpBoost=0}
08-05 17:08:37.113  2461  2461 D CarrierText: updateCarrierText(): 1
08-05 17:08:37.113   916  1159 W PowerManagerService: Screen on took 531 ms
08-05 17:08:37.114  2461  2759 D KeyguardViewMediator: notifyScreenTurnedOn
08-05 17:08:37.115   916  1159 I DreamManagerService: Gently waking up from dream.
08-05 17:08:37.115   916  1017 I DreamManagerService: Performing gentle wake from dream.
08-05 17:08:37.115  2461  2461 D CarrierText: Handling (subId=1): READY airtel 4G
08-05 17:08:37.116  2461  2461 D CarrierText: SIM ready and in service: subId=1, ss={mVoiceRegState=0(IN_SERVICE), mDataRegState=0(IN_SERVICE), mVoiceRoamingType=home, mDataRoamingType=home, mVoiceOperatorAlphaLong=airtel, mVoiceOperatorAlphaShort=airtel, mDataOperatorAlphaLong=airtel, mDataOperatorAlphaShort=airtel, isManualNetworkSelection=false(automatic), mRilVoiceRadioTechnology=14(LTE), mRilDataRadioTechnology=14(LTE), mCssIndicator=unsupported, mNetworkId=-1, mSystemId=-1, mCdmaRoamingIndicator=-1, mCdmaDefaultRoamingIndicator=-1, mIsEmergencyOnly=false, mIsDataRoamingFromRegistration=false, mIsUsingCarrierAggregation=false, mLteEarfcnRsrpBoost=0}
08-05 17:08:37.117  2461  2461 D CarrierText: updateCarrierText(): 1
08-05 17:08:37.120  2461  2461 D CarrierText: Handling (subId=1): READY airtel 4G
08-05 17:08:37.120  2461  2461 D CarrierText: SIM ready and in service: subId=1, ss={mVoiceRegState=0(IN_SERVICE), mDataRegState=0(IN_SERVICE), mVoiceRoamingType=home, mDataRoamingType=home, mVoiceOperatorAlphaLong=airtel, mVoiceOperatorAlphaShort=airtel, mDataOperatorAlphaLong=airtel, mDataOperatorAlphaShort=airtel, isManualNetworkSelection=false(automatic), mRilVoiceRadioTechnology=14(LTE), mRilDataRadioTechnology=14(LTE), mCssIndicator=unsupported, mNetworkId=-1, mSystemId=-1, mCdmaRoamingIndicator=-1, mCdmaDefaultRoamingIndicator=-1, mIsEmergencyOnly=false, mIsDataRoamingFromRegistration=false, mIsUsingCarrierAggregation=false, mLteEarfcnRsrpBoost=0}
08-05 17:08:37.128  2461  2461 D CarrierText: updateCarrierText(): 1
08-05 17:08:37.129  2461  2461 D CarrierText: Handling (subId=1): READY airtel 4G
08-05 17:08:37.130  2461  2461 D CarrierText: SIM ready and in service: subId=1, ss={mVoiceRegState=0(IN_SERVICE), mDataRegState=0(IN_SERVICE), mVoiceRoamingType=home, mDataRoamingType=home, mVoiceOperatorAlphaLong=airtel, mVoiceOperatorAlphaShort=airtel, mDataOperatorAlphaLong=airtel, mDataOperatorAlphaShort=airtel, isManualNetworkSelection=false(automatic), mRilVoiceRadioTechnology=14(LTE), mRilDataRadioTechnology=14(LTE), mCssIndicator=unsupported, mNetworkId=-1, mSystemId=-1, mCdmaRoamingIndicator=-1, mCdmaDefaultRoamingIndicator=-1, mIsEmergencyOnly=false, mIsDataRoamingFromRegistration=false, mIsUsingCarrierAggregation=false, mLteEarfcnRsrpBoost=0}
08-05 17:08:37.155   916  4174 I DreamManagerService: Leaving dreamland.
08-05 17:08:37.156   916  1017 I DreamManagerService: Performing gentle wake from dream.
08-05 17:08:37.156   916  1017 I DreamController: Stopping dream: name=ComponentInfo{com.android.systemui/com.android.systemui.doze.DozeService}, isTest=false, canDoze=true, userId=0
08-05 17:08:37.157  2461  2461 D KeyguardViewMediator: handleNotifyScreenTurnedOn
08-05 17:08:37.176  2461  2461 V KeyguardUpdateMonitor: startListeningForFingerprint()
08-05 17:08:37.846  3088  3396 E SecUISvc: Error initializing local socket: -1
08-05 17:08:38.660  2461  2461 V KeyguardStatusView: Enable transport text marquee
08-05 17:08:38.853  3088  3396 E SecUISvc: Error initializing local socket: -1
08-05 17:08:39.859  3088  3396 E SecUISvc: Error initializing local socket: -1
08-05 17:08:40.284  2461  2461 D StatusBar: disable<e i a s b H R c s q >
08-05 17:08:40.335  2461  2461 D KeyguardSecurityView: showNextSecurityScreenOrFinish(false)
08-05 17:08:40.343  2461  2461 D KeyguardViewMediator: handleKeyguardDone
08-05 17:08:40.344  2461  2461 D KeyguardViewMediator: handleHide
08-05 17:08:40.344  2461  2461 D KeyguardViewMediator: keyguardGoingAway
08-05 17:08:40.346   916  4174 I chatty  : uid=1000(system) Binder:916_F expire 14 lines
08-05 17:08:40.370  2461  2461 D StatusBar: disable<e i a s b H R c s q >
08-05 17:08:40.389  3143  3234 I Adreno-EGL: <qeglDrvAPI_eglInitialize:379>: QUALCOMM Build: 05/15/19, 6f5d4d3, Ia9da49eece
08-05 17:08:40.389  3143  3234 I zygote  : android::hardware::configstore::V1_0::ISurfaceFlingerConfigs::hasWideColorDisplay retrieved: 0
08-05 17:08:40.390  3143  3234 I OpenGLRenderer: Initialized EGL, version 1.4
08-05 17:08:40.390  3143  3234 D OpenGLRenderer: Swap behavior 2
08-05 17:08:40.405  3143  3234 W Adreno-EGL: <qeglDrvAPI_eglGetConfigAttrib:612>: EGL_BAD_ATTRIBUTE
08-05 17:08:40.409  3143  3234 W Adreno-EGL: <qeglDrvAPI_eglGetConfigAttrib:612>: EGL_BAD_ATTRIBUTE
08-05 17:08:40.532  2461  2461 D KeyguardViewMediator: handleStartKeyguardExitAnimation startTime=2467019 fadeoutDuration=300
08-05 17:08:40.538  2461  2461 D StatusBar: disable<e i a s b H R c s q >
08-05 17:08:40.539  2461  2461 D StatusBar: disable<e i a s b H R c s q >
08-05 17:08:40.547  2461  2461 D KeyguardUpdateMonitor: onKeyguardVisibilityChanged(false)
08-05 17:08:40.550  2461  2461 V KeyguardDisplayManager: hide
08-05 17:08:40.551  2461  2461 D KeyguardViewMediator: adjustStatusBarLocked: mShowing=false mOccluded=false isSecure=false --> flags=0x0
08-05 17:08:40.567  2630  2777 I QCNEJ/CndHalConnector: -> SND notifyScreenStateChanged(true)
08-05 17:08:40.570   916   996 W BroadcastQueue: Background execution not allowed: receiving Intent { act=android.intent.action.USER_PRESENT flg=0x24200010 } to com.google.android.gms/.auth.setup.devicesignals.LockScreenReceiver
08-05 17:08:40.571   916   996 W BroadcastQueue: Background execution not allowed: receiving Intent { act=android.intent.action.USER_PRESENT flg=0x24200010 } to com.google.android.gms/.trustagent.UserPresentBroadcastReceiver
08-05 17:08:40.571   916   996 W BroadcastQueue: Background execution not allowed: receiving Intent { act=android.intent.action.USER_PRESENT flg=0x24200010 } to com.google.android.gms/.chimera.GmsIntentOperationService$PersistentTrustedReceiver
08-05 17:08:40.587  2461  2461 D StatusBar: disable<e i a s b h!r!c s q >
08-05 17:08:40.853  2461  2763 W Adreno-ES20: <core_glFinish:34>: glFinish skipped: 0
08-05 17:08:40.865  3088  3396 E SecUISvc: Error initializing local socket: -1
08-05 17:08:40.908  3143  3234 W OpenGLRenderer: Incorrectly called buildLayer on View: ShortcutAndWidgetContainer, destroying layer...
08-05 17:08:41.002  2461  2763 W Adreno-EGL: <qeglDrvAPI_eglGetConfigAttrib:612>: EGL_BAD_ATTRIBUTE
08-05 17:08:41.604   462 26382 I AudioPolicyManagerCustom: FLAG None hence request for a primary output
08-05 17:08:41.607   462 26382 I AudioPolicyManagerCustom: FLAG None hence request for a primary output
08-05 17:08:41.608   916  2415 I chatty  : uid=1000(system) AudioService expire 2 lines
08-05 17:08:41.609   916  4174 I ActivityManager: START u0 {act=android.intent.action.MAIN cat=[android.intent.category.LAUNCHER] flg=0x10200000 pkg=com.android.mms cmp=com.android.mms/.ui.ConversationList bnds=[130,761][240,851]} from uid 10017
08-05 17:08:41.616   416   898 I chatty  : uid=1000(system) HwBinder:416_2 expire 1 line
08-05 17:08:41.623   419   497 E ANDR-PERF-MPCTL: Invalid profile no. 0, total profiles 0 only
08-05 17:08:41.648   916  4612 I chatty  : uid=1000(system) Binder:916_12 expire 5 lines
08-05 17:08:41.736  3143  3234 W Adreno-ES20: <core_glFinish:34>: glFinish skipped: 0
08-05 17:08:41.740   416  8254 I chatty  : uid=1000(system) writer expire 68 lines
08-05 17:08:41.750  3143  3234 W Adreno-ES20: <core_glFinish:34>: glFinish skipped: 0
08-05 17:08:41.876 16151 16151 W Mms     : SettingNotFoundException wfc
08-05 17:08:41.877  3088  3396 E SecUISvc: Error initializing local socket: -1
08-05 17:08:41.879   281   281 I chatty  : uid=1000(system) hwservicemanage expire 12 lines
08-05 17:08:41.945 16151 16178 I OpenGLRenderer: Initialized EGL, version 1.4
08-05 17:08:41.945 16151 16178 D OpenGLRenderer: Swap behavior 2
08-05 17:08:41.972 16151 16178 W Adreno-EGL: <qeglDrvAPI_eglGetConfigAttrib:612>: EGL_BAD_ATTRIBUTE
08-05 17:08:41.977 16151 16178 W Adreno-EGL: <qeglDrvAPI_eglGetConfigAttrib:612>: EGL_BAD_ATTRIBUTE
08-05 17:08:42.179 16151 16151 D Mms     : [2] mDeleteObsoleteThreadsRunnable calling asyncDeleteObsoleteThreads
08-05 17:08:42.187   916  1019 I chatty  : uid=1000(system) android.display expire 2 lines
08-05 17:08:42.207 16151 16151 D Mms     : [2] onQueryComplete finished DELETE_OBSOLETE_THREADS_TOKEN
08-05 17:08:42.210   916  4612 D ActivityTrigger: ActivityTrigger activityStopTrigger 
08-05 17:08:42.213  3143  3234 W Adreno-ES20: <core_glFinish:34>: glFinish skipped: 0
08-05 17:08:42.215  3143  3234 I chatty  : uid=10017(com.android.launcher3) RenderThread identical 2 lines
08-05 17:08:42.219  3143  3234 W Adreno-ES20: <core_glFinish:34>: glFinish skipped: 0
08-05 17:08:42.882  3088  3396 E SecUISvc: Error initializing local socket: -1
08-05 17:08:43.887  3088  3396 E SecUISvc: Error initializing local socket: -1
08-05 17:08:44.895  3088  3396 E SecUISvc: Error initializing local socket: -1
08-05 17:08:44.960   416  2826 I chatty  : uid=1000(system) HwBinder:416_3 expire 8 lines
08-05 17:08:45.903  3088  3396 E SecUISvc: Error initializing local socket: -1
08-05 17:08:46.106   462 20101 I AudioPolicyManagerCustom: FLAG None hence request for a primary output
08-05 17:08:46.107   462 20101 I AudioPolicyManagerCustom: FLAG None hence request for a primary output
08-05 17:08:46.107   916  4612 I ActivityManager: START u0 {cmp=com.android.mms/.ui.ComposeMessageActivity} from uid 10019
08-05 17:08:46.112   416   416 I chatty  : uid=1000(system) /vendor/bin/hw/hal-server expire 1 line
08-05 17:08:46.117   416  8254 I chatty  : uid=1000(system) writer expire 31 lines
08-05 17:08:46.121   916  4612 D ActivityTrigger: activityStartTrigger: Activity is Triggerred in full screen ApplicationInfo{6f18925 com.android.mms}
08-05 17:08:46.121   916  4612 E ActivityTrigger: activityStartTrigger: not whiteListedcom.android.mms/com.android.mms.ui.ComposeMessageActivity/27
08-05 17:08:46.122   916  4612 D CompatibilityInfo: mCompatibilityFlags - 14
08-05 17:08:46.122   916  4612 D CompatibilityInfo: applicationDensity - 240
08-05 17:08:46.122   916  4612 D CompatibilityInfo: applicationScale - 1.0
08-05 17:08:46.122   916  4612 D ActivityTrigger: activityResumeTrigger: The activity in ApplicationInfo{6f18925 com.android.mms} is now in focus and seems to be in full-screen mode
08-05 17:08:46.122   916  4612 E ActivityTrigger: activityResumeTrigger: not whiteListedcom.android.mms/com.android.mms.ui.ComposeMessageActivity/27
08-05 17:08:46.122   916  4612 D ActivityTrigger: ActivityTrigger activityPauseTrigger 
08-05 17:08:46.123   416  8254 D ACDB-LOADER: ACDB -> AUDIO_SET_AUDPROC_CAL
08-05 17:08:46.123   416  8254 D ACDB-LOADER: ACDB -> send_audvoltable
08-05 17:08:46.123   416  8254 D ACDB-LOADER: ACDB -> ACDB_CMD_GET_AUDPROC_VOL_STEP_TABLE_SIZE
08-05 17:08:46.123   416  8254 D ACDB-LOADER: ACDB -> ACDB_CMD_GET_AUDPROC_GAIN_DEP_STEP_TABLE, vol index 0
08-05 17:08:46.123   416  8254 D ACDB-LOADER: ACDB -> AUDIO_SET_VOL_CAL cal type = 12
08-05 17:08:46.123   416  8254 D ACDB-LOADER: ACDB -> ACDB_CMD_GET_AUDPROC_STREAM_TABLE_SIZE
08-05 17:08:46.123   416  8254 D ACDB-LOADER: ACDB -> send_audstrmtable
08-05 17:08:46.123   416  8254 D ACDB-LOADER: ACDB -> ACDB_CMD_GET_AUDPROC_STREAM_TABLE_V2
08-05 17:08:46.123   416  8254 D ACDB-LOADER: ACDB -> audstrm_cal->cal_type.cal_data.cal_size = 88
08-05 17:08:46.124   416  8254 D ACDB-LOADER: ACDB -> send_afe_topology
08-05 17:08:46.124   416  8254 D ACDB-LOADER: ACDB -> ACDB_CMD_GET_AFE_TOPOLOGY_ID
08-05 17:08:46.124   416  8254 D         : ACDBFILE_MGR: CmnDevinfo for the devid 0000000E not found
08-05 17:08:46.124   416  8254 D         : ACDB_COMMAND: Failed to fetch the afe topo info for devid 0000000E 
08-05 17:08:46.124   416  8254 E ACDB-LOADER: ACDB get afe topology for acdb id = 14, err = -8
08-05 17:08:46.124   416  8254 E ACDB-LOADER: Error: get ACDB afe topology result = -8
08-05 17:08:46.124   416  8254 D ACDB-LOADER: ACDB -> send_afe_cal
08-05 17:08:46.124   416  8254 D ACDB-LOADER: ACDB -> ACDB_CMD_GET_AFE_COMMON_TABLE_SIZE
08-05 17:08:46.124   416  8254 D ACDB-LOADER: ACDB -> ACDB_CMD_GET_AFE_COMMON_TABLE
08-05 17:08:46.124   416  8254 D ACDB-LOADER: ACDB -> AUDIO_SET_AFE_CAL
08-05 17:08:46.124   416  8254 D ACDB-LOADER: ACDB -> send_hw_delay : acdb_id = 14 path = 0
08-05 17:08:46.124   416  8254 D ACDB-LOADER: ACDB -> ACDB_AVSYNC_INFO: ACDB_CMD_GET_DEVICE_PROPERTY
08-05 17:08:46.124   416  8254 D audio_hw_primary: enable_audio_route: apply mixer and update path: low-latency-playback
08-05 17:08:46.124   416  8254 D audio_route: Apply path: low-latency-playback
08-05 17:08:46.125   416  8254 D audio_hw_primary: select_devices: done
08-05 17:08:46.142   916  4612 D ActivityTrigger: activityResumeTrigger: The activity in ApplicationInfo{6f18925 com.android.mms} is now in focus and seems to be in full-screen mode
08-05 17:08:46.143   916  4612 E ActivityTrigger: activityResumeTrigger: not whiteListedcom.android.mms/com.android.mms.ui.ComposeMessageActivity/27
08-05 17:08:46.152   916  4612 D CompatibilityInfo: mCompatibilityFlags - 14
08-05 17:08:46.153   916  4612 D CompatibilityInfo: applicationDensity - 240
08-05 17:08:46.153   916  4612 D CompatibilityInfo: applicationScale - 1.0
08-05 17:08:46.206   416  8254 D msm8916_platform: platform_set_channel_map mixer_ctl_name:Playback Channel Map12
08-05 17:08:46.206   416  8254 D msm8916_platform: platform_set_channel_map: set mapping(1 2 0 0 0 0 0 0) for channel:2
08-05 17:08:46.207   416  8254 D audio_hw_primary: start_output_stream: exit
08-05 17:08:46.235 16151 16151 D Mms     : [2] [initialize] savedInstanceState = null intent = Intent { cmp=com.android.mms/.ui.ComposeMessageActivity } mConversation = [] (tid 0)
08-05 17:08:46.412 16151 16178 W Adreno-EGL: <qeglDrvAPI_eglGetConfigAttrib:612>: EGL_BAD_ATTRIBUTE
08-05 17:08:46.425 16151 16151 D Mms     : [2] [onReceive] mSimBroadcastReceiver mIsMsimIccCardActivedfalse
08-05 17:08:46.496   916  1019 I ActivityManager: Displayed com.android.mms/.ui.ComposeMessageActivity: +337ms
08-05 17:08:46.499   916  1019 E ANDR-PERF-JNI: Iop tryGetService failed
08-05 17:08:46.512  2445  2445 I LatinIME: Starting input. Cursor position = 0,0
08-05 17:08:46.551 16151 16178 W Adreno-ES20: <core_glFinish:34>: glFinish skipped: 0
08-05 17:08:46.559 16151 16178 W Adreno-ES20: <core_glFinish:34>: glFinish skipped: 0
08-05 17:08:46.559 16151 16178 D OpenGLRenderer: endAllActiveAnimators on 0x987b0880 (RippleDrawable) with handle 0xa7dff090
08-05 17:08:46.654  2445  9182 W Adreno-EGL: <qeglDrvAPI_eglGetConfigAttrib:612>: EGL_BAD_ATTRIBUTE
08-05 17:08:46.718   916  5280 D CompatibilityInfo: mCompatibilityFlags - 14
08-05 17:08:46.718   916  5280 D CompatibilityInfo: applicationDensity - 240
08-05 17:08:46.718   916  5280 D CompatibilityInfo: applicationScale - 1.0
08-05 17:08:46.878   916   996 D ActivityTrigger: ActivityTrigger activityStopTrigger 
08-05 17:08:46.887 16151 16178 W Adreno-ES20: <core_glFinish:34>: glFinish skipped: 0
08-05 17:08:46.890 16151 16151 D Mms     : [2] [startMsgListQuery] ##### startMsgListQuery: conversationUri is null, bail!
08-05 17:08:46.910  3088  3396 E SecUISvc: Error initializing local socket: -1
08-05 17:08:47.883   457   457 I VM_BMS  : power_supply_update: ocv_uv=3960349 ibatt=-274086 soc=67 seq_num=75
08-05 17:08:47.921  3088  3396 E SecUISvc: Error initializing local socket: -1
08-05 17:08:47.927   916   999 I WifiService: requestActivityInfo uid=1000
08-05 17:08:47.927   916   999 I WifiService: reportActivityInfo uid=1000
08-05 17:08:47.927   916   999 I WifiService: getSupportedFeatures uid=1000
08-05 17:08:47.935  2461  2461 D KeyguardUpdateMonitor: received broadcast android.intent.action.BATTERY_CHANGED
08-05 17:08:47.948  2461  2461 D KeyguardUpdateMonitor: handleBatteryUpdate
08-05 17:08:47.979  2461  2461 D KeyguardUpdateMonitor: received broadcast android.intent.action.BATTERY_CHANGED
08-05 17:08:47.983   916   999 E BatteryExternalStatsWorker: no controller energy info supplied for bluetooth
08-05 17:08:47.987  2461  2461 D KeyguardUpdateMonitor: handleBatteryUpdate
08-05 17:08:48.422 16151 16151 V ZoomGestureOverlayView: dispatchTouchEvent(MotionEvent { action=ACTION_DOWN, actionButton=0, id[0]=0, x[0]=276.4241, y[0]=396.4936, toolType[0]=TOOL_TYPE_FINGER, buttonState=0, metaState=0, flags=0x0, edgeFlags=0x0, pointerCount=1, historySize=0, eventTime=2474908, downTime=2474908, deviceId=5, source=0x1002 })
08-05 17:08:48.448 16151 16151 V ZoomGestureOverlayView: dispatchTouchEvent(MotionEvent { action=ACTION_UP, actionButton=0, id[0]=0, x[0]=276.4241, y[0]=396.4936, toolType[0]=TOOL_TYPE_FINGER, buttonState=0, metaState=0, flags=0x0, edgeFlags=0x0, pointerCount=1, historySize=0, eventTime=2474935, downTime=2474908, deviceId=5, source=0x1002 })
08-05 17:08:48.475  2445  2445 I LatinIME: Starting input. Cursor position = 0,0
08-05 17:08:48.943  3088  3396 E SecUISvc: Error initializing local socket: -1
08-05 17:08:49.307   416   416 D audio_hw_primary: out_standby: enter: stream (0xa7c6a000) usecase(1: low-latency-playback)
08-05 17:08:49.426   416   416 D audio_hw_primary: disable_audio_route: reset and update mixer path: low-latency-playback
08-05 17:08:49.430   416   416 D soundtrigger: audio_extn_sound_trigger_update_stream_status: uc_id 1 of type 0 for Event 2, with Raise=0
08-05 17:08:49.430   416   416 D hardware_info: hw_info_append_hw_type : device_name = speaker
08-05 17:08:49.430   416   416 D audio_hw_primary: disable_snd_device: snd_device(2: speaker)
08-05 17:08:49.430   416   416 D msm8916_platform: platform_split_snd_device: snd_device(2) num devices(0) new_snd_devices(0)
08-05 17:08:49.435   416   416 I soundtrigger: audio_extn_sound_trigger_update_device_status: device 0x2 of type 0 for Event 0, with Raise=0
08-05 17:08:49.435   416   416 D audio_hw_primary: out_standby: exit
08-05 17:08:49.502 16151 16151 V ZoomGestureOverlayView: dispatchTouchEvent(MotionEvent { action=ACTION_DOWN, actionButton=0, id[0]=0, x[0]=208.56549, y[0]=37.913452, toolType[0]=TOOL_TYPE_FINGER, buttonState=0, metaState=0, flags=0x0, edgeFlags=0x0, pointerCount=1, historySize=0, eventTime=2475988, downTime=2475988, deviceId=5, source=0x1002 })
08-05 17:08:49.556 16151 16151 V ZoomGestureOverlayView: dispatchTouchEvent(MotionEvent { action=ACTION_UP, actionButton=0, id[0]=0, x[0]=208.56549, y[0]=37.913452, toolType[0]=TOOL_TYPE_FINGER, buttonState=0, metaState=0, flags=0x0, edgeFlags=0x0, pointerCount=1, historySize=0, eventTime=2476042, downTime=2475988, deviceId=5, source=0x1002 })
08-05 17:08:49.587  2445  2445 I LatinIME: Starting input. Cursor position = 0,0
08-05 17:08:49.950  3088  3396 E SecUISvc: Error initializing local socket: -1
08-05 17:08:50.957  3088  3396 E SecUISvc: Error initializing local socket: -1
08-05 17:08:51.963  3088  3396 E SecUISvc: Error initializing local socket: -1
08-05 17:08:51.966   281   281 I chatty  : uid=1000(system) hwservicemanage expire 6 lines
08-05 17:08:52.969  3088  3396 E SecUISvc: Error initializing local socket: -1
08-05 17:08:53.019   916  2404 I WifiService: isScanAlwaysAvailable uid=1000
08-05 17:08:53.019   916  2404 I WifiService: getWifiEnabledState uid=1000
08-05 17:08:53.040   916   995 D CompatibilityInfo: mCompatibilityFlags - 4
08-05 17:08:53.040   916   995 D CompatibilityInfo: applicationDensity - 240
08-05 17:08:53.040   916   995 D CompatibilityInfo: applicationScale - 1.0
08-05 17:08:53.189  3914 28660 W SubscribedFeeds: Soft failure: java.io.IOException: GmsCore hasn't registered with GCM yet
08-05 17:08:53.299   916   995 D SyncManager: failed sync operation JobId=103671 alladimahender@gmail.com/com.google u0 [subscribedfeeds] SERVER ExpectedIn=0s Reason=10016, SyncResult: stats [ numIoExceptions: 1]
08-05 17:08:53.640   916  4174 D WificondControl: Scan result ready event
08-05 17:08:53.642   916  2404 I WifiService: isScanAlwaysAvailable uid=1000
08-05 17:08:53.642   916  2404 I WifiService: getWifiEnabledState uid=1000
08-05 17:08:53.645   472   472 I wificond: Enters wifigbk_ageOutHistory
08-05 17:08:53.658   916  2404 I WifiService: isScanAlwaysAvailable uid=1000
08-05 17:08:53.659   916  2404 I WifiService: getWifiEnabledState uid=1000
08-05 17:08:53.663   916  2402 W WifiConfigManager: Looking up network with invalid networkId -1
08-05 17:08:53.974  3088  3396 E SecUISvc: Error initializing local socket: -1
08-05 17:08:54.980  3088  3396 E SecUISvc: Error initializing local socket: -1
08-05 17:08:55.540 16151 16178 W Adreno-EGL: <qeglDrvAPI_eglGetConfigAttrib:612>: EGL_BAD_ATTRIBUTE
08-05 17:08:55.986  3088  3396 E SecUISvc: Error initializing local socket: -1
08-05 17:08:56.992  3088  3396 E SecUISvc: Error initializing local socket: -1
08-05 17:08:57.255 16151 16156 I zygote  : Do partial code cache collection, code=57KB, data=59KB
08-05 17:08:57.258 16151 16156 I zygote  : After code cache collection, code=57KB, data=59KB
08-05 17:08:57.258 16151 16156 I zygote  : Increasing code cache capacity to 256KB
08-05 17:08:58.013  3088  3396 E SecUISvc: Error initializing local socket: -1
08-05 17:08:58.016   281   281 W /system/bin/hwservicemanager: getTransport: Cannot find entry vendor.qti.hardware.tui_comm@1.0::ITuiComm/default in either framework or device manifest.
08-05 17:08:59.023  3088  3396 E SecUISvc: Error initializing local socket: -1
08-05 17:08:59.026   281   281 W /system/bin/hwservicemanager: getTransport: Cannot find entry vendor.qti.hardware.tui_comm@1.0::ITuiComm/default in either framework or device manifest.
08-05 17:08:59.778 16151 16162 I zygote  : Background concurrent copying GC freed 49387(3MB) AllocSpace objects, 10(724KB) LOS objects, 75% free, 5MB/23MB, paused 535us total 104.205ms
08-05 17:09:00.011  2461  2461 D KeyguardUpdateMonitor: received broadcast android.intent.action.TIME_TICK
08-05 17:09:00.011  2461  2461 D KeyguardUpdateMonitor: handleTimeUpdate
08-05 17:09:00.029  3088  3396 E SecUISvc: Error initializing local socket: -1
08-05 17:09:00.031   281   281 W /system/bin/hwservicemanager: getTransport: Cannot find entry vendor.qti.hardware.tui_comm@1.0::ITuiComm/default in either framework or device manifest.
08-05 17:09:01.038  3088  3396 E SecUISvc: Error initializing local socket: -1
08-05 17:09:01.041   281   281 W /system/bin/hwservicemanager: getTransport: Cannot find entry vendor.qti.hardware.tui_comm@1.0::ITuiComm/default in either framework or device manifest.
08-05 17:09:02.045  3088  3396 E SecUISvc: Error initializing local socket: -1
08-05 17:09:02.047   281   281 W /system/bin/hwservicemanager: getTransport: Cannot find entry vendor.qti.hardware.tui_comm@1.0::ITuiComm/default in either framework or device manifest.
08-05 17:09:03.051  3088  3396 E SecUISvc: Error initializing local socket: -1
08-05 17:09:03.054   281   281 W /system/bin/hwservicemanager: getTransport: Cannot find entry vendor.qti.hardware.tui_comm@1.0::ITuiComm/default in either framework or device manifest.
08-05 17:09:03.196 16151 16156 I zygote  : Do full code cache collection, code=116KB, data=126KB
08-05 17:09:03.198 16151 16156 I zygote  : After code cache collection, code=93KB, data=62KB
08-05 17:09:04.057  3088  3396 E SecUISvc: Error initializing local socket: -1
08-05 17:09:04.060   281   281 W /system/bin/hwservicemanager: getTransport: Cannot find entry vendor.qti.hardware.tui_comm@1.0::ITuiComm/default in either framework or device manifest.
08-05 17:08:53.653   472   472 I wificond: Enters wifigbk_ageOutHistory
08-05 17:09:04.950   916   996 W BroadcastQueue: Background execution not allowed: receiving Intent { act=android.intent.action.DROPBOX_ENTRY_ADDED flg=0x10 (has extras) } to com.google.android.gms/.stats.service.DropBoxEntryAddedReceiver
08-05 17:09:04.951   916   996 W BroadcastQueue: Background execution not allowed: receiving Intent { act=android.intent.action.DROPBOX_ENTRY_ADDED flg=0x10 (has extras) } to com.google.android.gms/.chimera.GmsIntentOperationService$PersistentTrustedReceiver
08-05 17:09:05.064  3088  3396 E SecUISvc: Error initializing local socket: -1
08-05 17:09:05.066   281   281 W /system/bin/hwservicemanager: getTransport: Cannot find entry vendor.qti.hardware.tui_comm@1.0::ITuiComm/default in either framework or device manifest.
08-05 17:09:06.071  3088  3396 E SecUISvc: Error initializing local socket: -1
08-05 17:09:06.074   281   281 W /system/bin/hwservicemanager: getTransport: Cannot find entry vendor.qti.hardware.tui_comm@1.0::ITuiComm/default in either framework or device manifest.
08-05 17:09:06.577 16151 16178 W Adreno-ES20: <core_glFinish:34>: glFinish skipped: 0
08-05 17:09:06.587 16151 16178 W Adreno-ES20: <core_glFinish:34>: glFinish skipped: 0
08-05 17:09:06.660 16151 16151 I zygote  : Deoptimizing void com.android.ex.chips.RecipientEditTextView$7.onChanged(java.util.List) due to JIT inline cache
08-05 17:09:06.670 16151 16151 I zygote  : Deoptimizing int com.android.ex.chips.BaseRecipientAdapter.getCount() due to JIT inline cache
08-05 17:09:07.077  3088  3396 E SecUISvc: Error initializing local socket: -1
08-05 17:09:07.080   281   281 W /system/bin/hwservicemanager: getTransport: Cannot find entry vendor.qti.hardware.tui_comm@1.0::ITuiComm/default in either framework or device manifest.
08-05 17:09:07.464  2461  2461 D KeyguardUpdateMonitor: received broadcast android.intent.action.BATTERY_CHANGED
08-05 17:09:07.471  2461  2461 D KeyguardUpdateMonitor: handleBatteryUpdate
08-05 17:09:07.519 16151 16151 V ZoomGestureOverlayView: dispatchTouchEvent(MotionEvent { action=ACTION_DOWN, actionButton=0, id[0]=0, x[0]=299.37628, y[0]=399.49008, toolType[0]=TOOL_TYPE_FINGER, buttonState=0, metaState=0, flags=0x0, edgeFlags=0x0, pointerCount=1, historySize=0, eventTime=2494004, downTime=2494004, deviceId=5, source=0x1002 })
08-05 17:09:07.544 16151 16151 V ZoomGestureOverlayView: dispatchTouchEvent(MotionEvent { action=ACTION_UP, actionButton=0, id[0]=0, x[0]=299.37628, y[0]=399.49008, toolType[0]=TOOL_TYPE_FINGER, buttonState=0, metaState=0, flags=0x0, edgeFlags=0x0, pointerCount=1, historySize=0, eventTime=2494031, downTime=2494004, deviceId=5, source=0x1002 })
08-05 17:09:07.567  2445  2445 I LatinIME: Starting input. Cursor position = 0,0
08-05 17:09:08.083  3088  3396 E SecUISvc: Error initializing local socket: -1
08-05 17:09:08.086   281   281 W /system/bin/hwservicemanager: getTransport: Cannot find entry vendor.qti.hardware.tui_comm@1.0::ITuiComm/default in either framework or device manifest.
08-05 17:09:09.090  3088  3396 E SecUISvc: Error initializing local socket: -1
08-05 17:09:09.093   281   281 W /system/bin/hwservicemanager: getTransport: Cannot find entry vendor.qti.hardware.tui_comm@1.0::ITuiComm/default in either framework or device manifest.
08-05 17:09:09.577  2445  2559 I LatinIME:LogUtils: Dictionary info: dictionary = spellcheck_userunigram.en_US ; version = 1565005149 ; date = ?
08-05 17:09:09.653  2445  2559 I LatinIME:LogUtils: Dictionary info: dictionary = main:en ; version = 54 ; date = 1414726273
08-05 17:09:10.097  3088  3396 E SecUISvc: Error initializing local socket: -1
08-05 17:09:10.100   281   281 W /system/bin/hwservicemanager: getTransport: Cannot find entry vendor.qti.hardware.tui_comm@1.0::ITuiComm/default in either framework or device manifest.
08-05 17:09:11.104  3088  3396 E SecUISvc: Error initializing local socket: -1
08-05 17:09:11.107   281   281 W /system/bin/hwservicemanager: getTransport: Cannot find entry vendor.qti.hardware.tui_comm@1.0::ITuiComm/default in either framework or device manifest.
08-05 17:09:12.110  3088  3396 E SecUISvc: Error initializing local socket: -1
08-05 17:09:12.113   281   281 W /system/bin/hwservicemanager: getTransport: Cannot find entry vendor.qti.hardware.tui_comm@1.0::ITuiComm/default in either framework or device manifest.
08-05 17:09:12.910 16151 16151 V ZoomGestureOverlayView: dispatchTouchEvent(MotionEvent { action=ACTION_DOWN, actionButton=0, id[0]=0, x[0]=431.10187, y[0]=376.51697, toolType[0]=TOOL_TYPE_FINGER, buttonState=0, metaState=0, flags=0x0, edgeFlags=0x0, pointerCount=1, historySize=0, eventTime=2499396, downTime=2499396, deviceId=5, source=0x1002 })
08-05 17:09:12.936 16151 16151 V ZoomGestureOverlayView: dispatchTouchEvent(MotionEvent { action=ACTION_UP, actionButton=0, id[0]=0, x[0]=431.10187, y[0]=376.51697, toolType[0]=TOOL_TYPE_FINGER, buttonState=0, metaState=0, flags=0x0, edgeFlags=0x0, pointerCount=1, historySize=0, eventTime=2499420, downTime=2499396, deviceId=5, source=0x1002 })
08-05 17:09:12.962   462 26382 I AudioPolicyManagerCustom: FLAG None hence request for a primary output
08-05 17:09:12.963   462 26382 I AudioPolicyManagerCustom: FLAG None hence request for a primary output
08-05 17:09:12.964 16151 16151 D Mms-debug: send SMS button clicked
08-05 17:09:12.964 16151 16151 W System.err: android.provider.Settings$SettingNotFoundException: wifi_call_turnon
08-05 17:09:12.964 16151 16151 W System.err: 	at android.provider.Settings$Global.getInt(Settings.java:10587)
08-05 17:09:12.965 16151 16151 W System.err: 	at com.android.mms.ui.MessageUtils.isWIFICallingEnable(MessageUtils.java:3082)
08-05 17:09:12.965 16151 16151 W System.err: 	at com.android.mms.ui.MessageUtils.isWfcUnavailable(MessageUtils.java:3088)
08-05 17:09:12.965 16151 16151 W System.err: 	at com.android.mms.ui.ComposeMessageActivity.onClick(ComposeMessageActivity.java:4814)
08-05 17:09:12.965 16151 16151 W System.err: 	at android.view.View.performClick(View.java:6294)
08-05 17:09:12.965 16151 16151 W System.err: 	at android.view.View$PerformClick.run(View.java:24774)
08-05 17:09:12.965 16151 16151 W System.err: 	at android.os.Handler.handleCallback(Handler.java:790)
08-05 17:09:12.965   416  2826 D audio_hw_primary: out_set_parameters: enter: usecase(1: low-latency-playback) kvpairs: routing=2
08-05 17:09:12.965 16151 16151 W System.err: 	at android.os.Handler.dispatchMessage(Handler.java:99)
08-05 17:09:12.965 16151 16151 W System.err: 	at android.os.Looper.loop(Looper.java:164)
08-05 17:09:12.965 16151 16151 W System.err: 	at android.app.ActivityThread.main(ActivityThread.java:6518)
08-05 17:09:12.965 16151 16151 W System.err: 	at java.lang.reflect.Method.invoke(Native Method)
08-05 17:09:12.965 16151 16151 W System.err: 	at com.android.internal.os.RuntimeInit$MethodAndArgsCaller.run(RuntimeInit.java:438)
08-05 17:09:12.965 16151 16151 W System.err: 	at com.android.internal.os.ZygoteInit.main(ZygoteInit.java:807)
08-05 17:09:12.968   416  8254 D audio_hw_primary: start_output_stream: enter: stream(0xa7c6a000)usecase(1: low-latency-playback) devices(0x2)
08-05 17:09:12.969   419   497 E ANDR-PERF-MPCTL: Invalid profile no. 0, total profiles 0 only
08-05 17:09:12.969   416  8254 D audio_hw_primary: select_devices for use case (low-latency-playback)
08-05 17:09:12.969   416  8254 D audio_hw_primary: select_devices: out_snd_device(2: speaker) in_snd_device(0: )
08-05 17:09:12.969   416  8254 I msm8916_platform: platform_check_and_set_codec_backend_cfg:becf: afe: bitwidth 16, samplerate 48000 channels 2, backend_idx 0 usecase = 1 device (speaker)
08-05 17:09:12.969   416  8254 D msm8916_platform: platform_split_snd_device: snd_device(2) num devices(1) new_snd_devices(0)
08-05 17:09:12.969   416  8254 I msm8916_platform: platform_check_and_set_codec_backend_cfg: becf: new_snd_devices[0] is speaker
08-05 17:09:12.969   416  8254 I msm8916_platform: platform_check_codec_backend_cfg:becf: afe: Codec selected backend: 0 current bit width: 16 sample rate: 48000 channels: 2 usecase 1 device (speaker)
08-05 17:09:12.969   416  8254 D msm8916_platform: platform_check_codec_backend_cfg:becf: afe: playback on codec device not supporting native playback set default Sample Rate(48k)
08-05 17:09:12.969   416  8254 D msm8916_platform: platform_check_codec_backend_cfg:becf: afe: only 48KHZ sample rate is supported Configure afe to default Sample Rate(48k)
08-05 17:09:12.969   416  8254 I msm8916_platform: platform_check_codec_backend_cfg:becf: afe: Codec selected backend: 0 updated bit width: 16 sample rate: 48000 channels: 2
08-05 17:09:12.969   416  8254 D audio_hw_primary: check_usecases_codec_backend:becf: force routing 0
08-05 17:09:12.969   416  8254 E msm8916_platform: platform_check_backends_match: Invalid snd_device = 
08-05 17:09:12.970   416  8254 D audio_hw_primary: check_usecases_codec_backend:becf: (59) check_usecases curr device: speaker, usecase device: backends match 0
08-05 17:09:12.970   416  8254 D audio_hw_primary: check_usecases_codec_backend:becf: check_usecases num.of Usecases to switch 0
08-05 17:09:12.970   416  8254 D hardware_info: hw_info_append_hw_type : device_name = speaker
08-05 17:09:12.970   416  8254 D msm8916_platform: platform_split_snd_device: snd_device(2) num devices(0) new_snd_devices(0)
08-05 17:09:12.970   416  8254 D audio_hw_primary: enable_snd_device: snd_device(2: speaker)
08-05 17:09:12.970   416  8254 I soundtrigger: audio_extn_sound_trigger_update_device_status: device 0x2 of type 0 for Event 1, with Raise=0
08-05 17:09:12.970   416  8254 D audio_route: Apply path: speaker
08-05 17:09:12.970 16151 16151 W Mms     : isLTEOnlyMode: Could not find PREFERRED_NETWORK_MODE!
08-05 17:09:12.975   416  8254 W audio_hw_utils: audio_extn_utils_update_stream_output_app_type_cfg: App type could not be selected. Falling back to default
08-05 17:09:12.975   416  8254 D soundtrigger: audio_extn_sound_trigger_update_stream_status: uc_id 1 of type 0 for Event 3, with Raise=0
08-05 17:09:12.975   416  8254 D audio_hw_utils: audio_extn_utils_send_app_type_cfg: usecase->out_snd_device speaker
08-05 17:09:12.975   416  8254 D msm8916_platform: platform_split_snd_device: snd_device(2) num devices(0) new_snd_devices(0)
08-05 17:09:12.975   416  8254 E msm8916_platform: platform_get_snd_device_backend_index: BE DAI Name Table is not present
08-05 17:09:12.975   416  8254 E audio_hw_utils: send_app_type_cfg_for_device: Couldn't get the backend index for snd device speaker ret=-14
08-05 17:09:12.975   416  8254 D audio_hw_utils: audio_extn_btsco_get_sample_rate:Not a BT SCO device, need not update sampling rate
08-05 17:09:12.975   416  8254 I audio_hw_utils: send_app_type_cfg_for_device PLAYBACK app_type 69936, acdb_dev_id 14, sample_rate 48000, snd_device_be_idx -14
08-05 17:09:12.976   416  8254 D msm8916_platform: platform_split_snd_device: snd_device(2) num devices(1) new_snd_devices(0)
08-05 17:09:12.976   416  8254 D ACDB-LOADER: ACDB -> send_audio_cal, acdb_id = 14, path = 0, app id = 0x11130, sample rate = 48000
08-05 17:09:12.976   416  8254 D ACDB-LOADER: ACDB -> send_asm_topology
08-05 17:09:12.976   416  8254 D ACDB-LOADER: ACDB -> ACDB_CMD_GET_AUDPROC_STREAM_TOPOLOGY_ID
08-05 17:09:12.976   416  8254 D ACDB-LOADER: ACDB -> send_adm_topology
08-05 17:09:12.976   416  8254 D ACDB-LOADER: ACDB -> ACDB_CMD_GET_AUDPROC_COMMON_TOPOLOGY_ID
08-05 17:09:12.976   416  8254 D ACDB-LOADER: ACDB -> send_audtable
08-05 17:09:12.976   416  8254 D ACDB-LOADER: ACDB -> ACDB_CMD_GET_AUDPROC_COMMON_TABLE_SIZE
08-05 17:09:12.976 16151 16151 D Mms     : [2] isMmsWithMobileDataOff subscription: 1
08-05 17:09:12.976   416  8254 D ACDB-LOADER: ACDB -> ACDB_CMD_GET_AUDPROC_COMMON_TABLE
08-05 17:09:12.976   416  8254 D ACDB-LOADER: ACDB -> AUDIO_SET_AUDPROC_CAL
08-05 17:09:12.976 16151 16151 D Mms-debug: sendMsimMessage subscription: 1
08-05 17:09:12.976   416  8254 D ACDB-LOADER: ACDB -> send_audvoltable
08-05 17:09:12.976   416  8254 D ACDB-LOADER: ACDB -> ACDB_CMD_GET_AUDPROC_VOL_STEP_TABLE_SIZE
08-05 17:09:12.976   416  8254 D ACDB-LOADER: ACDB -> ACDB_CMD_GET_AUDPROC_GAIN_DEP_STEP_TABLE, vol index 0
08-05 17:09:12.976   416  8254 D ACDB-LOADER: ACDB -> AUDIO_SET_VOL_CAL cal type = 12
08-05 17:09:12.976   416  8254 D ACDB-LOADER: ACDB -> ACDB_CMD_GET_AUDPROC_STREAM_TABLE_SIZE
08-05 17:09:12.976 16151 16151 V Mms     : compose mmsCurrentSize = 12, indicatorSizeOvered = false
08-05 17:09:12.976   416  8254 D ACDB-LOADER: ACDB -> send_audstrmtable
08-05 17:09:12.976   416  8254 D ACDB-LOADER: ACDB -> ACDB_CMD_GET_AUDPROC_STREAM_TABLE_V2
08-05 17:09:12.976   416  8254 D ACDB-LOADER: ACDB -> audstrm_cal->cal_type.cal_data.cal_size = 88
08-05 17:09:12.977   416  8254 D ACDB-LOADER: ACDB -> send_afe_topology
08-05 17:09:12.977   416  8254 D ACDB-LOADER: ACDB -> ACDB_CMD_GET_AFE_TOPOLOGY_ID
08-05 17:09:12.977   416  8254 D         : ACDBFILE_MGR: CmnDevinfo for the devid 0000000E not found
08-05 17:09:12.977   416  8254 D         : ACDB_COMMAND: Failed to fetch the afe topo info for devid 0000000E 
08-05 17:09:12.977   416  8254 E ACDB-LOADER: ACDB get afe topology for acdb id = 14, err = -8
08-05 17:09:12.977   416  8254 E ACDB-LOADER: Error: get ACDB afe topology result = -8
08-05 17:09:12.977   416  8254 D ACDB-LOADER: ACDB -> send_afe_cal
08-05 17:09:12.977   416  8254 D ACDB-LOADER: ACDB -> ACDB_CMD_GET_AFE_COMMON_TABLE_SIZE
08-05 17:09:12.977   416  8254 D ACDB-LOADER: ACDB -> ACDB_CMD_GET_AFE_COMMON_TABLE
08-05 17:09:12.977 16151 16151 D Mms-debug: mWorkingMessage send mDebugRecipients=83318 70018
08-05 17:09:12.977   416  8254 D ACDB-LOADER: ACDB -> AUDIO_SET_AFE_CAL
08-05 17:09:12.977   416  8254 D ACDB-LOADER: ACDB -> send_hw_delay : acdb_id = 14 path = 0
08-05 17:09:12.977   416  8254 D ACDB-LOADER: ACDB -> ACDB_AVSYNC_INFO: ACDB_CMD_GET_DEVICE_PROPERTY
08-05 17:09:12.977 16151 16151 D Mms-debug: send origThreadId: 0
08-05 17:09:12.977   416  8254 D audio_hw_primary: enable_audio_route: apply mixer and update path: low-latency-playback
08-05 17:09:12.977   416  8254 D audio_route: Apply path: low-latency-playback
08-05 17:09:12.977 16151 16151 D Mms-debug: mText=Hi....adbcat
08-05 17:09:12.978   416  8254 D audio_hw_primary: select_devices: done
08-05 17:09:13.018   916  2404 I WifiService: isScanAlwaysAvailable uid=1000
08-05 17:09:13.018   916  2404 I WifiService: getWifiEnabledState uid=1000
08-05 17:09:13.042  2691  3018 D MmsSmsProvider: getSingleAddressId: insert new canonical_address for xxxxxx, _id=3
08-05 17:09:13.044  2691  3018 D MmsSmsProvider: getThreadId: create new thread_id for recipients xxxxxxxx
