08-05 17:08:21.472 20630 20630 I Dialer  : InCallPresenter.onCallListChange - Phone switching state: NO_CALLS -> NO_CALLS
08-05 17:08:21.473 20630 20630 I Dialer  : InCallFragment.setSecondary - SecondaryInfo, show: false, name: null, label: null, providerLabel: null
08-05 17:08:21.475 20630 20630 W Dialer  : BottomSheetHelper shallShowMoreButton - returns false
08-05 17:08:21.475 20630 20630 W Dialer  : BottomSheetHelper.dismissBottomSheet - In call activity is either null or not visible
08-05 17:08:21.476 20630 20630 I Dialer  : InCallFragment.setCallState - PrimaryCallState, state: 2, connectionLabel: null
08-05 17:08:21.495  2691  2691 I QImsService: ImsServiceStateReceiver : shallShowHDIcon config showHDIcon : false phoneId : 0
08-05 17:08:21.498 20630 20630 W Dialer  : BottomSheetHelper shallShowMoreButton - returns false
08-05 17:08:21.498 20630 20630 W Dialer  : BottomSheetHelper.dismissBottomSheet - In call activity is either null or not visible
08-05 17:08:21.503 20630 20630 W Dialer  : BottomSheetHelper shallShowMoreButton - returns false
08-05 17:08:21.503 20630 20630 W Dialer  : BottomSheetHelper.dismissBottomSheet - In call activity is either null or not visible
08-05 17:08:21.504 20630 20630 I Dialer  : VideoPauseController.onStateChange - hasPrimaryCallChanged: false, videoCanPause: false, isInBackground: false
08-05 17:08:21.505 20630 20630 W Dialer  : BottomSheetHelper.dismissBottomSheet - In call activity is either null or not visible
08-05 17:08:21.518   419   497 E ANDR-PERF-MPCTL: Invalid profile no. 0, total profiles 0 only
08-05 17:08:21.522  2691  2691 D ImsMultiEndpointImpl: Message received: what = 2
08-05 17:08:21.523  2691  2691 D ImsMultiEndpointImpl: EVENT_CAPABILITIES_CHANGED
08-05 17:08:21.523  2691  2691 D ImsMultiEndpointImpl: updateCapabilities:: Video = false, Voice = false
08-05 17:08:21.523  2691  2691 D ImsViceParser: getCallPullInfo mDialogIds null
08-05 17:08:21.523  2691  2691 D ImsExternalCallTracker: refreshExternalCallState
08-05 17:08:21.564  2691  2815 I QImsService: Class : Num of SrvUpdates = 1
08-05 17:08:21.564  2691  2815 I QImsService: Class :  networkMode = 14 status = 2 restrictCause = 0 registered = 1
08-05 17:08:21.564  2691  2815 I QImsService: Class : RTT: copySrvStatusList rtt mode = 2
08-05 17:08:21.564  2691  2815 I QImsService: ImsSenderRxr : [UNSL]< UNSOL_SRV_STATUS_UPDATE [org.codeaurora.ims.ServiceStatus@cd8b7ce][SUB1]
08-05 17:08:21.566  2691  2691 I QImsService: ImsServiceSubHandler : Message received: what = 4
08-05 17:08:21.566  2691  2691 I QImsService: ImsServiceSubHandler : Received event: EVENT_SRV_STATUS_UPDATE
08-05 17:08:21.566  2691  2691 I QImsService: ImsServiceSub : type = 11 status = 0 isValid = true
08-05 17:08:21.566  2691  2691 I QImsService: ImsServiceSub : Call Type 11has num updates = 1
08-05 17:08:21.566  2691  2691 I QImsService: ImsServiceSub : StatusForAccessTech networkMode = 14 registered = 1 status = 2 restrictCause = 0
08-05 17:08:21.567  2691  2691 I QImsService: ImsServiceSub : enabledFeature = 4
08-05 17:08:21.567  2691  2691 E QImsService: ImsServiceSub : handleSrvStatusUpdate tracker is null so not updating global VT capability
08-05 17:08:21.567  2691  2691 I QImsService: ImsServiceStateReceiver : updateHDIcon isVideo : false isVoice : false phoneId: 1 show HD Icon: false
08-05 17:08:21.567  2691  2691 D ImsMultiEndpointImpl: Message received: what = 2
08-05 17:08:21.567  2691  2691 D ImsMultiEndpointImpl: EVENT_CAPABILITIES_CHANGED
08-05 17:08:21.567  2691  2691 D ImsMultiEndpointImpl: updateCapabilities:: Video = false, Voice = false
08-05 17:08:21.567  2691  2691 D ImsViceParser: getCallPullInfo mDialogIds null
08-05 17:08:21.568  2691  2691 E ImsMultiEndpointImpl: handleRefreshViceInfo listener null
08-05 17:08:21.569   916  2392 I chatty  : uid=1000(system) InputReader expire 3 lines
08-05 17:08:21.570  2691  2815 I QImsService: Class : Num of SrvUpdates = 1
08-05 17:08:21.570  2691  2815 I QImsService: Class :  networkMode = 14 status = 2 restrictCause = 0 registered = 1
08-05 17:08:21.570  2691  2815 I QImsService: Class : RTT: copySrvStatusList rtt mode = 2
08-05 17:08:21.570  2691  2815 I QImsService: ImsSenderRxr : [UNSL]< UNSOL_SRV_STATUS_UPDATE [org.codeaurora.ims.ServiceStatus@79b36ef][SUB1]
08-05 17:08:21.573  2691  2691 I QImsService: ImsServiceSubHandler : Message received: what = 4
08-05 17:08:21.573  2691  2691 I QImsService: ImsServiceSubHandler : Received event: EVENT_SRV_STATUS_UPDATE
08-05 17:08:21.573  2691  2691 I QImsService: ImsServiceSub : type = 11 status = 0 isValid = true
08-05 17:08:21.573  2691  2691 I QImsService: ImsServiceSub : Call Type 11has num updates = 1
08-05 17:08:21.573  2691  2691 I QImsService: ImsServiceSub : StatusForAccessTech networkMode = 14 registered = 1 status = 2 restrictCause = 0
08-05 17:08:21.574  2691  2691 I QImsService: ImsServiceSub : enabledFeature = 4
08-05 17:08:21.574  2691  2691 E QImsService: ImsServiceSub : handleSrvStatusUpdate tracker is null so not updating global VT capability
08-05 17:08:21.574  2691  2815 I QImsService: Class : Num of SrvUpdates = 1
08-05 17:08:21.574  2691  2691 I QImsService: ImsServiceStateReceiver : updateHDIcon isVideo : false isVoice : false phoneId: 1 show HD Icon: false
08-05 17:08:21.574  2691  2815 I QImsService: Class :  networkMode = 14 status = 2 restrictCause = 0 registered = 1
08-05 17:08:21.574  2691  2691 D ImsMultiEndpointImpl: Message received: what = 2
08-05 17:08:21.574  2691  2815 I QImsService: Class : RTT: copySrvStatusList rtt mode = 2
08-05 17:08:21.574  2691  2691 D ImsMultiEndpointImpl: EVENT_CAPABILITIES_CHANGED
08-05 17:08:21.574  2691  2691 D ImsMultiEndpointImpl: updateCapabilities:: Video = false, Voice = false
08-05 17:08:21.574  2691  2691 D ImsViceParser: getCallPullInfo mDialogIds null
08-05 17:08:21.574  2691  2815 I QImsService: ImsSenderRxr : [UNSL]< UNSOL_SRV_STATUS_UPDATE [org.codeaurora.ims.ServiceStatus@3ad65fc][SUB1]
08-05 17:08:21.574  2691  2691 E ImsMultiEndpointImpl: handleRefreshViceInfo listener null
08-05 17:08:21.575  2884  2917 I QcrilOemhookMsgTunnel: [0]processOemHookIndication length=22
08-05 17:08:21.577  2691  2691 I QImsService: ImsServiceSubHandler : Message received: what = 4
08-05 17:08:21.577  2691  2691 I QImsService: ImsServiceSubHandler : Received event: EVENT_SRV_STATUS_UPDATE
08-05 17:08:21.577  2691  2691 I QImsService: ImsServiceSub : type = 11 status = 0 isValid = true
08-05 17:08:21.577  2691  2691 I QImsService: ImsServiceSub : Call Type 11has num updates = 1
08-05 17:08:21.578  2691  2691 I QImsService: ImsServiceSub : StatusForAccessTech networkMode = 14 registered = 1 status = 2 restrictCause = 0
08-05 17:08:21.578  2691  2691 I QImsService: ImsServiceSub : enabledFeature = 4
08-05 17:08:21.578  2691  2691 E QImsService: ImsServiceSub : handleSrvStatusUpdate tracker is null so not updating global VT capability
08-05 17:08:21.578  2691  2691 I QImsService: ImsServiceStateReceiver : updateHDIcon isVideo : false isVoice : false phoneId: 1 show HD Icon: false
08-05 17:08:21.581  2691  2691 D ImsMultiEndpointImpl: Message received: what = 2
08-05 17:08:21.582  2691  2691 D ImsMultiEndpointImpl: EVENT_CAPABILITIES_CHANGED
08-05 17:08:21.582  2691  2691 D ImsMultiEndpointImpl: updateCapabilities:: Video = false, Voice = false
08-05 17:08:21.582  2691  2691 D ImsViceParser: getCallPullInfo mDialogIds null
08-05 17:08:21.582  2691  2691 E ImsMultiEndpointImpl: handleRefreshViceInfo listener null
08-05 17:08:21.585  2461  2759 I chatty  : uid=10031(com.android.systemui) Binder:2461_4 expire 4 lines
08-05 17:08:21.617 20630 20630 I Dialer  : InCallPresenter.onCallListChange - Phone switching state: NO_CALLS -> NO_CALLS
08-05 17:08:21.617 20630 20630 I Dialer  : InCallFragment.setSecondary - SecondaryInfo, show: false, name: null, label: null, providerLabel: null
08-05 17:08:21.618 20630 20630 W Dialer  : BottomSheetHelper shallShowMoreButton - returns false
08-05 17:08:21.618 20630 20630 W Dialer  : BottomSheetHelper.dismissBottomSheet - In call activity is either null or not visible
08-05 17:08:21.618 20630 20630 I Dialer  : InCallFragment.setCallState - PrimaryCallState, state: 2, connectionLabel: null
08-05 17:08:21.629 20630 20630 W Dialer  : BottomSheetHelper shallShowMoreButton - returns false
08-05 17:08:21.629 20630 20630 W Dialer  : BottomSheetHelper.dismissBottomSheet - In call activity is either null or not visible
08-05 17:08:21.633 20630 20630 W Dialer  : BottomSheetHelper shallShowMoreButton - returns false
08-05 17:08:21.634 20630 20630 W Dialer  : BottomSheetHelper.dismissBottomSheet - In call activity is either null or not visible
08-05 17:08:21.636 20630 20630 I Dialer  : VideoPauseController.onStateChange - hasPrimaryCallChanged: false, videoCanPause: false, isInBackground: false
08-05 17:08:21.650  2884  2917 I QcrilOemhookMsgTunnel: [0]processOemHookIndication length=22
08-05 17:08:21.657   916  2789 I Telecom : CallAudioRouteStateMachine: Message received: SWITCH_FOCUS=4001, arg1=1: CSW.sDc->ICTP.r->ICTP.cUTP->CAMSM.pM_3002->CARSM.pM_SWITCH_FOCUS@BrA
08-05 17:08:21.657   916  2789 I Telecom : CallAudioRouteStateMachine: turning speaker phone false: CSW.sDc->ICTP.r->ICTP.cUTP->CAMSM.pM_3002->CARSM.pM_SWITCH_FOCUS@BrA
08-05 17:08:21.660   916  2789 I Telecom : Logging.Events: Non-call EVENT: UNMUTE, null: CSW.sDc->ICTP.r->ICTP.cUTP->CAMSM.pM_3002->CARSM.pM_SWITCH_FOCUS@BrA
08-05 17:08:21.661   916   997 W Looper  : Dispatch took 120ms on android.ui, h=Handler (com.android.server.am.ActivityManagerService$UiHandler) {a90e6d3} cb=null msg=53
08-05 17:08:21.665   916  2789 I Telecom : Logging.Events: Non-call EVENT: AUDIO_ROUTE, Leaving state ActiveEarpieceRoute: CSW.sDc->ICTP.r->ICTP.cUTP->CAMSM.pM_3002->CARSM.pM_SWITCH_FOCUS@BrA
08-05 17:08:21.666   916  2789 I Telecom : Logging.Events: Non-call EVENT: AUDIO_ROUTE, Entering state QuiescentEarpieceRoute: CSW.sDc->ICTP.r->ICTP.cUTP->CAMSM.pM_3002->CARSM.pM_SWITCH_FOCUS@BrA
08-05 17:08:21.669   462   809 D AudioPolicyManagerCustom: setForceUse() usage 0, config 0, mPhoneState 0
08-05 17:08:21.712 20630 20630 I Dialer  : InCallPresenter.onCallListChange - Phone switching state: NO_CALLS -> NO_CALLS
08-05 17:08:21.713 20630 20630 I Dialer  : InCallFragment.setSecondary - SecondaryInfo, show: false, name: null, label: null, providerLabel: null
08-05 17:08:21.715 20630 20630 W Dialer  : BottomSheetHelper shallShowMoreButton - returns false
08-05 17:08:21.715 20630 20630 W Dialer  : BottomSheetHelper.dismissBottomSheet - In call activity is either null or not visible
08-05 17:08:21.716 20630 20630 I Dialer  : InCallFragment.setCallState - PrimaryCallState, state: 2, connectionLabel: null
08-05 17:08:21.718  3088  3396 I chatty  : uid=1000(system) Thread-2 expire 6 lines
08-05 17:08:21.722   281   281 I chatty  : uid=1000(system) hwservicemanage expire 10 lines
08-05 17:08:21.728  2884  2917 I QcrilOemhookMsgTunnel: [0]processOemHookIndication length=22
08-05 17:08:21.749 20630 20630 W Dialer  : BottomSheetHelper shallShowMoreButton - returns false
08-05 17:08:21.749 20630 20630 W Dialer  : BottomSheetHelper.dismissBottomSheet - In call activity is either null or not visible
08-05 17:08:21.750 20630 20630 W Dialer  : BottomSheetHelper shallShowMoreButton - returns false
08-05 17:08:21.750 20630 20630 W Dialer  : BottomSheetHelper.dismissBottomSheet - In call activity is either null or not visible
08-05 17:08:21.755 20630 20630 I Dialer  : VideoPauseController.onStateChange - hasPrimaryCallChanged: false, videoCanPause: false, isInBackground: false
08-05 17:08:21.758  2461  2461 V KeyguardStatusView: refresh statusview showing:true
08-05 17:08:21.763 20630 21665 W Adreno-ES20: <core_glFinish:34>: glFinish skipped: 0
08-05 17:08:21.764 20630 20630 I Dialer  : InCallActivity.onStop
08-05 17:08:21.765 20630 20630 I Dialer  : VideoPauseController.onUiShowing -  showing = false
08-05 17:08:21.766 20630 20630 I Dialer  : VideoPauseController.onPause -  onPause isInBackground false
08-05 17:08:21.767 20630 20630 I Dialer  : InCallActivity.onDestroy
08-05 17:08:21.768 20630 20630 I Dialer  : InCallFragment.onButtonGridCreated - InCallUiUnready
08-05 17:08:21.769 20630 20630 I Dialer  : CallCardController.onInCallScreenUnready
08-05 17:08:21.770 20630 20630 I Dialer  : InCallPresenter.unsetActivity - No InCallActivity currently set, no need to unset.
08-05 17:08:21.771  2884  2917 I QcrilOemhookMsgTunnel: [0]processOemHookIndication length=21
08-05 17:08:21.772  2884  2884 D QcrilMsgTunnelIfaceManager: handleMessage what = 0
08-05 17:08:21.782 20630 21665 W Adreno-ES20: <core_glFinish:34>: glFinish skipped: 0
08-05 17:08:21.786 20630 21665 W Adreno-ES20: <core_glFinish:34>: glFinish skipped: 0
08-05 17:08:21.793  2884  2917 I QcrilOemhookMsgTunnel: [0]processOemHookIndication length=21
08-05 17:08:21.794  2884  2884 D QcrilMsgTunnelIfaceManager: handleMessage what = 0
08-05 17:08:21.806 20630 20636 I zygote  : Do full code cache collection, code=504KB, data=373KB
08-05 17:08:21.809 20630 20636 I zygote  : After code cache collection, code=467KB, data=312KB
08-05 17:08:21.837  2691  2815 I QImsService: Class : Num of SrvUpdates = 1
08-05 17:08:21.837  2691  2815 I QImsService: Class :  networkMode = 14 status = 2 restrictCause = 0 registered = 1
08-05 17:08:21.837  2691  2815 I QImsService: Class : RTT: copySrvStatusList rtt mode = 2
08-05 17:08:21.837  2691  2815 I QImsService: ImsSenderRxr : [UNSL]< UNSOL_SRV_STATUS_UPDATE [org.codeaurora.ims.ServiceStatus@2cf6485][SUB0]
08-05 17:08:21.840  2691  2815 I QImsService: Class : Num of SrvUpdates = 1
08-05 17:08:21.840  2691  2815 I QImsService: Class :  networkMode = 14 status = 2 restrictCause = 0 registered = 1
08-05 17:08:21.840  2691  2815 I QImsService: Class : RTT: copySrvStatusList rtt mode = 2
08-05 17:08:21.840  2691  2815 I QImsService: ImsSenderRxr : [UNSL]< UNSOL_SRV_STATUS_UPDATE [org.codeaurora.ims.ServiceStatus@6cc82da][SUB0]
08-05 17:08:21.843  2691  2815 I QImsService: Class : Num of SrvUpdates = 1
08-05 17:08:21.843  2691  2815 I QImsService: Class :  networkMode = 14 status = 2 restrictCause = 0 registered = 1
08-05 17:08:21.843  2691  2815 I QImsService: Class : RTT: copySrvStatusList rtt mode = 2
08-05 17:08:21.844  2691  2815 I QImsService: ImsSenderRxr : [UNSL]< UNSOL_SRV_STATUS_UPDATE [org.codeaurora.ims.ServiceStatus@38e530b][SUB0]
08-05 17:08:21.849  2461  2610 I chatty  : uid=10031(com.android.systemui) SysUiBg expire 2 lines
08-05 17:08:21.855  2461  2763 I chatty  : uid=10031(com.android.systemui) RenderThread expire 1 line
08-05 17:08:21.871  2691  2691 D ServiceStateProvider: subId=1
08-05 17:08:21.884  2630  2777 I QCNEJ/CndHalConnector: -> SND notifyWwanSubtypeChanged(2)
08-05 17:08:21.901  2630  2777 I QCNEJ/CndHalConnector: -> SND notifyMobileDataEnabledChanged(true)
08-05 17:08:21.914   916  8383 I chatty  : uid=1000(system) RenderThread expire 1 line
08-05 17:08:21.946   916  2407 D ConnectivityService: NetworkAgentInfo [MOBILE (EDGE) - 100] EVENT_NETWORK_INFO_CHANGED, going from SUSPENDED to CONNECTED
08-05 17:08:21.950   916  2407 D ConnectivityService: Sending CONNECTED broadcast for type 0 NetworkAgentInfo [MOBILE (EDGE) - 100] isDefaultNetwork=true
08-05 17:08:21.963   916  2407 I Nat464Xlat: Android Xlat is disabled
08-05 17:08:22.047  2691  2691 I QImsService: ImsServiceSubHandler : Message received: what = 4
08-05 17:08:22.047  2691  2691 I QImsService: ImsServiceSubHandler : Received event: EVENT_SRV_STATUS_UPDATE
08-05 17:08:22.047  2691  2691 I QImsService: ImsServiceSub : type = 11 status = 0 isValid = true
08-05 17:08:22.047  2691  2691 I QImsService: ImsServiceSub : Call Type 11has num updates = 1
08-05 17:08:22.047  2691  2691 I QImsService: ImsServiceSub : StatusForAccessTech networkMode = 14 registered = 1 status = 2 restrictCause = 0
08-05 17:08:22.047  2691  2691 I QImsService: ImsServiceSub : enabledFeature = 4
08-05 17:08:22.047  2691  2691 I QImsService: ImsServiceClassTracker : updateFeatureCapabilities video false voice false
08-05 17:08:22.048  2691  2691 I QImsService: ImsServiceStateReceiver : updateHDIcon isVideo : false isVoice : false phoneId: 0 show HD Icon: false
08-05 17:08:22.058   916  2399 I chatty  : uid=1000(system) NetworkPolicy expire 9 lines
08-05 17:08:22.064  2691  2691 I QImsService: ImsServiceStateReceiver : shallShowHDIcon config showHDIcon : false phoneId : 0
08-05 17:08:22.064  2691  2691 I QImsService: ImsServiceSubHandler : Message received: what = 4
08-05 17:08:22.064  2691  2691 I QImsService: ImsServiceSubHandler : Received event: EVENT_SRV_STATUS_UPDATE
08-05 17:08:22.065  2691  2691 I QImsService: ImsServiceSub : type = 11 status = 0 isValid = true
08-05 17:08:22.065  2691  2691 I QImsService: ImsServiceSub : Call Type 11has num updates = 1
08-05 17:08:22.065  2691  2691 I QImsService: ImsServiceSub : StatusForAccessTech networkMode = 14 registered = 1 status = 2 restrictCause = 0
08-05 17:08:22.065  2691  2691 I QImsService: ImsServiceSub : enabledFeature = 4
08-05 17:08:22.065  2691  2691 I QImsService: ImsServiceClassTracker : updateFeatureCapabilities video false voice false
08-05 17:08:22.065  2691  2691 I QImsService: ImsServiceStateReceiver : updateHDIcon isVideo : false isVoice : false phoneId: 0 show HD Icon: false
08-05 17:08:22.072  2691  2691 I QImsService: ImsServiceStateReceiver : shallShowHDIcon config showHDIcon : false phoneId : 0
08-05 17:08:22.072  2691  2691 I QImsService: ImsServiceSubHandler : Message received: what = 4
08-05 17:08:22.072  2691  2691 I QImsService: ImsServiceSubHandler : Received event: EVENT_SRV_STATUS_UPDATE
08-05 17:08:22.073  2691  2691 I QImsService: ImsServiceSub : type = 11 status = 0 isValid = true
08-05 17:08:22.073  2691  2691 I QImsService: ImsServiceSub : Call Type 11has num updates = 1
08-05 17:08:22.073  2691  2691 I QImsService: ImsServiceSub : StatusForAccessTech networkMode = 14 registered = 1 status = 2 restrictCause = 0
08-05 17:08:22.073  2691  2691 I QImsService: ImsServiceSub : enabledFeature = 4
08-05 17:08:22.073  2691  2691 I QImsService: ImsServiceClassTracker : updateFeatureCapabilities video false voice false
08-05 17:08:22.073  2691  2691 I QImsService: ImsServiceStateReceiver : updateHDIcon isVideo : false isVoice : false phoneId: 0 show HD Icon: false
08-05 17:08:22.091  2691  2691 I QImsService: ImsServiceStateReceiver : shallShowHDIcon config showHDIcon : false phoneId : 0
08-05 17:08:22.113   916  2399 D NetworkStats: Resolving plan for NetworkTemplate: matchRule=MOBILE_ALL, subscriberId=404490..., matchSubscriberIds=[404490...]
08-05 17:08:22.141   916  2399 D NetworkStats: Found active matching subId 1
08-05 17:08:22.181  2630  2777 I QCNEJ/CndHalConnector: -> SND notifyRatConnectionStatusChanged(rat = 0, CONNECTED)
08-05 17:08:22.186   916  2399 D NetworkStats: Resolved to plan null
08-05 17:08:22.190   916   995 I chatty  : uid=1000(system) android.bg expire 8 lines
08-05 17:08:22.196   916  1018 I chatty  : uid=1000(system) android.io expire 1 line
08-05 17:08:22.296   916  2399 D NetworkStats: Resolving plan for NetworkTemplate: matchRule=MOBILE_ALL, subscriberId=404490..., matchSubscriberIds=[404490...]
08-05 17:08:22.303   916  2399 D NetworkStats: Found active matching subId 1
08-05 17:08:22.333   916  2399 D NetworkStats: Resolved to plan null
08-05 17:08:22.365  3914  4200 I chatty  : uid=10016(com.google.android.gms) lowpool[0] expire 1 line
08-05 17:08:22.374  2691  2691 D TelephonyProvider: subIdString = 1 subId = 1
08-05 17:08:22.376  3914 28484 I chatty  : uid=10016(com.google.android.gms) expire 1 line
08-05 17:08:22.403  2691  2691 D TelephonyProvider: subIdString = 1 subId = 1
08-05 17:08:22.421  2691  2691 I chatty  : uid=1001(radio) com.android.phone identical 35 lines
08-05 17:08:22.599  2630  2777 I QCNEJ   : |CORE| phoneCount: 2
08-05 17:08:22.601 20630 20630 D QtiCarrierConfigHelper: Reload carrier configs on sub Id due sub changed: 1
08-05 17:08:22.616 20630 20630 D QtiCarrierConfigHelper: Load carrier configs on sub Id: 1 slot Id: 0
08-05 17:08:22.653   418   418 I LocSvc_GnssInterface: ===> updateConfiguration line 140 
08-05 17:08:22.666   418   418 I chatty  : uid=1021(gps) gnss@1.0-servic identical 12 lines
08-05 17:08:22.667   418   418 I LocSvc_GnssInterface: ===> updateConfiguration line 140 
08-05 17:08:22.677  2630  2777 I QCNEJ/CndHalConnector: -> SND notifyWwanSubtypeChanged(13)
08-05 17:08:22.692  2630  2777 I QCNEJ/CndHalConnector: -> SND notifyMobileDataEnabledChanged(true)
08-05 17:08:22.700   916  2407 I Nat464Xlat: Android Xlat is disabled
08-05 17:08:22.747  2630  2777 I QCNEJ/CndHalConnector: -> SND notifyRatConnectionStatusChanged(rat = 0, CONNECTED)
08-05 17:08:22.799  2691  2691 I Telephony: PstnIncomingCallNotifier: Unregistering: Handler (com.qualcomm.qti.internal.telephony.QtiGsmCdmaPhone) {7907f55}
08-05 17:08:22.801 20630 20630 I Dialer  : LegacyVoicemailNotificationReceiver.onReceive - received legacy voicemail notification
08-05 17:08:22.801 20630 20630 I Dialer  : LegacyVoicemailNotificationReceiver.onReceive - clearing notification
08-05 17:08:22.802 20630 20630 I Dialer  : LegacyVoicemailNotifier.cancelNotification - enter
08-05 17:08:22.813   916  2399 D NetworkStats: Resolving plan for NetworkTemplate: matchRule=MOBILE_ALL, subscriberId=404490..., matchSubscriberIds=[404490...]
08-05 17:08:22.819   916  2399 D NetworkStats: Found active matching subId 1
08-05 17:08:22.834   916  2399 D NetworkStats: Resolved to plan null
08-05 17:08:22.850   916  5332 I Telecom : PhoneAccountRegistrar: Modify account: [ComponentInfo{com.android.phone/com.android.services.telephony.TelephonyConnectionService}, [14d862c1c64e05cc4d1f5d328262495897e420c1], UserHandle{0}]: TSI.rPA@Br8
08-05 17:08:22.859  2691  2691 I Telephony: AccountEntry: Registered phoneAccount: [[ ] PhoneAccount: ComponentInfo{com.android.phone/com.android.services.telephony.TelephonyConnectionService}, [14d862c1c64e05cc4d1f5d328262495897e420c1], UserHandle{0} Capabilities: CallProvider MultiUser PlaceEmerg SimSub  Audio Routes: BESW Schemes: tel voicemail  Extras: Bundle[{android.telecom.extra.SUPPORTS_VIDEO_CALLING_FALLBACK=false, android.telecom.extra.SORT_ORDER=0}] GroupId: [da39a3ee5e6b4b0d3255bfef95601890afd80709]] with handle: ComponentInfo{com.android.phone/com.android.services.telephony.TelephonyConnectionService}, [14d862c1c64e05cc4d1f5d328262495897e420c1], UserHandle{0}
08-05 17:08:22.860  2691  2691 I Telephony: PstnIncomingCallNotifier: Registering: Handler (com.qualcomm.qti.internal.telephony.QtiGsmCdmaPhone) {7907f55}
08-05 17:08:22.862 28402 28407 I chatty  : uid=10016(com.google.android.gms) expire 3 lines
08-05 17:08:22.888  2691 28497 I chatty  : uid=1001(radio) com.android.phone expire 1 line
08-05 17:08:22.933   916  4466 I chatty  : uid=1000(system) Binder:916_11 expire 9 lines
08-05 17:08:22.950 16151 16151 D ConnectivityManager: getMobileDataEnabled()+ subId=1
08-05 17:08:22.952 16151 16151 D ConnectivityManager: getMobileDataEnabled()- subId=1 retVal=true
08-05 17:08:22.953 16151 16151 D Mms-debug: isMmsNetworkReadyForPendingMsg available = true, isConnected = false
08-05 17:08:22.956   916  5332 I chatty  : uid=1000(system) Binder:916_1E expire 3 lines
08-05 17:08:22.958 16151 16151 D Mms-debug: Creating TransactionService
08-05 17:08:22.974 16151 28499 D Mms-debug: Handling incoming message: { when=-1ms what=5 arg1=1 obj=Intent { cmp=com.android.mms/.transaction.TransactionService } target=com.android.mms.transaction.TransactionService$ServiceHandler } = EVENT_NEW_INTENT
08-05 17:08:22.991  2691  2691 D TelephonyProvider: subIdString = 1 subId = 1
08-05 17:08:22.993 16151 28499 D Mms-debug: onNewIntent: serviceId: 1: null intent=Intent { cmp=com.android.mms/.transaction.TransactionService }
08-05 17:08:23.006  2691  2691 D TelephonyProvider: subIdString = 1 subId = 1
08-05 17:08:23.017  2691  2691 I ImsExternalCallTracker: handleVideoCapabilitiesChanged : isVideoCapable = false
08-05 17:08:23.017  2691  2691 D ImsExternalCallTracker: refreshCallPullState
08-05 17:08:23.018  2691  2691 I Telephony: PstnPhoneCapabilitiesNotifier: handleVideoCapabilitesChanged. Video capability - false
08-05 17:08:23.050   916  4174 I Telecom : PhoneAccountRegistrar: Modify account: [ComponentInfo{com.android.phone/com.android.services.telephony.TelephonyConnectionService}, [14d862c1c64e05cc4d1f5d328262495897e420c1], UserHandle{0}]: TSI.rPA@BsI
08-05 17:08:23.097 16151 28499 D Mms-debug: Cursor= >>>>> Dumping cursor android.content.ContentResolver$CursorWrapperInner@6b08374
08-05 17:08:23.097 16151 28499 D Mms-debug: <<<<<
08-05 17:08:23.097 16151 28499 D Mms-debug: onNewIntent: cursor.count=0 action=null
08-05 17:08:23.097 16151 28499 D Mms-debug: onNewIntent: no pending messages. Stopping service.
08-05 17:08:23.107   916   916 I Telecom : EmergencyInCallServiceConnection: Disconnect forced!: CSW.rC->ICC.oCR@BrQ
08-05 17:08:23.110 20630 20630 I Dialer  : InCallPresenter.setBoundAndWaitingForOutgoingCall - setBoundAndWaitingForOutgoingCall: false
08-05 17:08:23.111 20630 20630 I Dialer  : InCallPresenter.onCallListChange - Phone switching state: NO_CALLS -> NO_CALLS
08-05 17:08:23.111 20630 20630 I Dialer  : VideoPauseController.onStateChange - hasPrimaryCallChanged: false, videoCanPause: false, isInBackground: true
08-05 17:08:23.114 20630 20630 I Dialer  : InCallPresenter.attemptCleanup - Cleaning up
08-05 17:08:23.115 20630 20630 D AccelerometerListener: enable(false)
08-05 17:08:23.115 20630 20630 I Dialer  : ProximitySensor.turnOffProximitySensor - wake lock already released
08-05 17:08:23.115 20630 20630 I Dialer  : VideoPauseController.tearDown - enter
08-05 17:08:23.124 20630 21665 W Adreno-ES20: <core_glFinish:34>: glFinish skipped: 0
08-05 17:08:23.127 20630 21665 W Adreno-ES20: <core_glFinish:34>: glFinish skipped: 0
08-05 17:08:23.133 16151 28499 D Mms-debug: stopSelfIfIdle: STOP!
08-05 17:08:23.136 16151 16151 D Mms-debug: Destroying TransactionService
08-05 17:08:23.139 16151 16151 D Mms-debug: endMmsConnectivity for subId = 1
08-05 17:08:23.141 16151 28499 D Mms-debug: Handling incoming message: { when=-5ms what=100 target=com.android.mms.transaction.TransactionService$ServiceHandler } = EVENT_QUIT
08-05 17:08:23.145 16151 16151 D Mms-debug: endMmsConnectivity for subId = 2147483644
08-05 17:08:23.200 28402 28498 I chatty  : uid=10016(com.google.android.gms) expire 2 lines
08-05 17:08:23.373 28402 28402 I chatty  : uid=10016(com.google.android.gms) expire 5 lines
08-05 17:08:23.473 28402 28516 E ActivityThread: Failed to find provider info for instantapp-dev-manager
08-05 17:08:23.473 28402 28402 E LevelDb : LevelDb failed to load (1), returning NoOpLevelDb
08-05 17:08:23.484 28402 28402 W ChimeraUtils: Non Chimera context
08-05 17:08:23.503   916   916 D PackageManager: Connected to instant app resolver
08-05 17:08:23.484 28402 28402 W ChimeraUtils: Non Chimera context
08-05 17:08:23.515 28402 28402 I ChimeraSrvcProxy: com.google.android.gms.chimera.PersistentBoundBrokerService returning NullBinder for action com.google.android.gms.ipa.mediastoreindexer.PERSISTENT_START
08-05 17:08:23.578 28402 28508 W ConfigurationChimeraPro: Caller is not authorized to access Uri: content://com.google.android.gms.phenotype/com.google.android.gms [CONTEXT service_id=51 ]
08-05 17:08:23.631   916  4093 I chatty  : uid=1000(system) Binder:916_E expire 2 lines
08-05 17:08:23.632 28402 28402 W ChreGmsCore: Unable to construct RealContextHub.
08-05 17:08:23.632 28402 28402 W ChreGmsCore: java.lang.IllegalStateException: No ContextHubs were found in the platform.
08-05 17:08:23.632 28402 28402 W ChreGmsCore: 	at bkli.<init>(:com.google.android.gms@17455055@17.4.55 (110400-248795830):8)
08-05 17:08:23.632 28402 28402 W ChreGmsCore: 	at ayuk.a(:com.google.android.gms@17455055@17.4.55 (110400-248795830):15)
08-05 17:08:23.632 28402 28402 W ChreGmsCore: 	at com.google.android.location.internal.server.GoogleLocationChimeraService.onCreate(:com.google.android.gms@17455055@17.4.55 (110400-248795830):14)
08-05 17:08:23.632 28402 28402 W ChreGmsCore: 	at edo.onCreate(:com.google.android.gms@17455055@17.4.55 (110400-248795830):1)
08-05 17:08:23.632 28402 28402 W ChreGmsCore: 	at nyb.onCreate(:com.google.android.gms@17455055@17.4.55 (110400-248795830):3)
08-05 17:08:23.632 28402 28402 W ChreGmsCore: 	at android.app.ActivityThread.handleCreateService(ActivityThread.java:3342)
08-05 17:08:23.632 28402 28402 W ChreGmsCore: 	at android.app.ActivityThread.-wrap4(Unknown Source:0)
08-05 17:08:23.632 28402 28402 W ChreGmsCore: 	at android.app.ActivityThread$H.handleMessage(ActivityThread.java:1680)
08-05 17:08:23.632 28402 28402 W ChreGmsCore: 	at android.os.Handler.dispatchMessage(Handler.java:106)
08-05 17:08:23.632 28402 28402 W ChreGmsCore: 	at android.os.Looper.loop(Looper.java:164)
08-05 17:08:23.632 28402 28402 W ChreGmsCore: 	at android.app.ActivityThread.main(ActivityThread.java:6518)
08-05 17:08:23.632 28402 28402 W ChreGmsCore: 	at java.lang.reflect.Method.invoke(Native Method)
08-05 17:08:23.632 28402 28402 W ChreGmsCore: 	at com.android.internal.os.RuntimeInit$MethodAndArgsCaller.run(RuntimeInit.java:438)
08-05 17:08:23.632 28402 28402 W ChreGmsCore: 	at com.android.internal.os.ZygoteInit.main(ZygoteInit.java:807)
08-05 17:08:23.740 28402 28407 I zygote  : Do partial code cache collection, code=62KB, data=51KB
08-05 17:08:23.741 28402 28407 I zygote  : After code cache collection, code=53KB, data=44KB
08-05 17:08:23.741 28402 28407 I zygote  : Increasing code cache capacity to 256KB
08-05 17:08:23.776   916  1018 D BluetoothManagerService: MESSAGE_REGISTER_ADAPTER
08-05 17:08:24.119 28402 28518 W Settings: Setting airplane_mode_on has moved from android.provider.Settings.System to android.provider.Settings.Global, returning read-only value.
08-05 17:08:24.190 28402 28402 W Settings: Setting airplane_mode_on has moved from android.provider.Settings.System to android.provider.Settings.Global, returning read-only value.
08-05 17:08:24.236 28402 28526 E LocationManagerCompat: Unable to assign LocationManager blame through WorkSource
08-05 17:08:24.236 28402 28526 E LocationManagerCompat: java.lang.SecurityException: "passive" location provider requires ACCESS_FINE_LOCATION permission.
08-05 17:08:24.236 28402 28526 E LocationManagerCompat: 	at android.os.Parcel.readException(Parcel.java:2013)
08-05 17:08:24.236 28402 28526 E LocationManagerCompat: 	at android.os.Parcel.readException(Parcel.java:1959)
08-05 17:08:24.236 28402 28526 E LocationManagerCompat: 	at android.location.ILocationManager$Stub$Proxy.requestLocationUpdates(ILocationManager.java:691)
08-05 17:08:24.236 28402 28526 E LocationManagerCompat: 	at android.location.LocationManager.requestLocationUpdates(LocationManager.java:900)
08-05 17:08:24.236 28402 28526 E LocationManagerCompat: 	at android.location.LocationManager.requestLocationUpdates(LocationManager.java:846)
08-05 17:08:24.236 28402 28526 E LocationManagerCompat: 	at azwd.a(:com.google.android.gms@17455055@17.4.55 (110400-248795830):2)
08-05 17:08:24.236 28402 28526 E LocationManagerCompat: 	at azwg.a(Unknown Source:0)
08-05 17:08:24.236 28402 28526 E LocationManagerCompat: 	at ayov.a(:com.google.android.gms@17455055@17.4.55 (110400-248795830):8)
08-05 17:08:24.236 28402 28526 E LocationManagerCompat: 	at ayoy.f(Unknown Source:7)
08-05 17:08:24.236 28402 28526 E LocationManagerCompat: 	at ayoy.c(:com.google.android.gms@17455055@17.4.55 (110400-248795830):2)
08-05 17:08:24.236 28402 28526 E LocationManagerCompat: 	at com.google.android.location.fused.FusionEngine.a(:com.google.android.gms@17455055@17.4.55 (110400-248795830):108)
08-05 17:08:24.236 28402 28526 E LocationManagerCompat: 	at aymb.a(:com.google.android.gms@17455055@17.4.55 (110400-248795830):16)
08-05 17:08:24.236 28402 28526 E LocationManagerCompat: 	at ayjd.a(:com.google.android.gms@17455055@17.4.55 (110400-248795830):5)
08-05 17:08:24.236 28402 28526 E LocationManagerCompat: 	at ayja.a(:com.google.android.gms@17455055@17.4.55 (110400-248795830):5)
08-05 17:08:24.236 28402 28526 E LocationManagerCompat: 	at aykz.a(:com.google.android.gms@17455055@17.4.55 (110400-248795830):12)
08-05 17:08:24.236 28402 28526 E LocationManagerCompat: 	at com.google.android.location.fused.StationaryThrottlingEngine.a(:com.google.android.gms@17455055@17.4.55 (110400-248795830):12)
08-05 17:08:24.236 28402 28526 E LocationManagerCompat: 	at ayiu.a(:com.google.android.gms@17455055@17.4.55 (110400-248795830):5)
08-05 17:08:24.236 28402 28526 E LocationManagerCompat: 	at ayma.a(:com.google.android.gms@17455055@17.4.55 (110400-248795830):3)
08-05 17:08:24.236 28402 28526 E LocationManagerCompat: 	at com.google.android.location.fused.StationaryThrottlingEngine.a(:com.google.android.gms@17455055@17.4.55 (110400-248795830):12)
08-05 17:08:24.236 28402 28526 E LocationManagerCompat: 	at aynj.a(:com.google.android.gms@17455055@17.4.55 (110400-248795830):3)
08-05 17:08:24.236 28402 28526 E LocationManagerCompat: 	at ayiw.a(:com.google.android.gms@17455055@17.4.55 (110400-248795830):2)
08-05 17:08:24.236 28402 28526 E LocationManagerCompat: 	at aymn.a(:com.google.android.gms@17455055@17.4.55 (110400-248795830):1)
08-05 17:08:24.236 28402 28526 E LocationManagerCompat: 	at aymx.handleMessage(:com.google.android.gms@17455055@17.4.55 (110400-248795830):4)
08-05 17:08:24.236 28402 28526 E LocationManagerCompat: 	at android.os.Handler.dispatchMessage(Handler.java:106)
08-05 17:08:24.236 28402 28526 E LocationManagerCompat: 	at aagz.a(:com.google.android.gms@17455055@17.4.55 (110400-248795830):3)
08-05 17:08:24.236 28402 28526 E LocationManagerCompat: 	at aagz.dispatchMessage(:com.google.android.gms@17455055@17.4.55 (110400-248795830):4)
08-05 17:08:24.236 28402 28526 E LocationManagerCompat: 	at azws.a(:com.google.android.gms@17455055@17.4.55 (110400-248795830):5)
08-05 17:08:24.236 28402 28526 E LocationManagerCompat: 	at aagz.dispatchMessage(:com.google.android.gms@17455055@17.4.55 (110400-248795830):4)
08-05 17:08:24.236 28402 28526 E LocationManagerCompat: 	at android.os.Looper.loop(Looper.java:164)
08-05 17:08:24.236 28402 28526 E LocationManagerCompat: 	at android.os.HandlerThread.run(HandlerThread.java:65)
08-05 17:08:24.241 28402 28526 E AndroidRuntime: FATAL EXCEPTION: FlpThread
08-05 17:08:24.241 28402 28526 E AndroidRuntime: Process: com.google.android.gms.persistent, PID: 28402
08-05 17:08:24.241 28402 28526 E AndroidRuntime: java.lang.SecurityException: "passive" location provider requires ACCESS_FINE_LOCATION permission.
08-05 17:08:24.241 28402 28526 E AndroidRuntime: 	at android.os.Parcel.readException(Parcel.java:2013)
08-05 17:08:24.241 28402 28526 E AndroidRuntime: 	at android.os.Parcel.readException(Parcel.java:1959)
08-05 17:08:24.241 28402 28526 E AndroidRuntime: 	at android.location.ILocationManager$Stub$Proxy.requestLocationUpdates(ILocationManager.java:691)
08-05 17:08:24.241 28402 28526 E AndroidRuntime: 	at android.location.LocationManager.requestLocationUpdates(LocationManager.java:900)
08-05 17:08:24.241 28402 28526 E AndroidRuntime: 	at android.location.LocationManager.requestLocationUpdates(LocationManager.java:504)
08-05 17:08:24.241 28402 28526 E AndroidRuntime: 	at azwe.a(:com.google.android.gms@17455055@17.4.55 (110400-248795830):9)
08-05 17:08:24.241 28402 28526 E AndroidRuntime: 	at azwd.a(:com.google.android.gms@17455055@17.4.55 (110400-248795830):3)
08-05 17:08:24.241 28402 28526 E AndroidRuntime: 	at azwg.a(Unknown Source:0)
08-05 17:08:24.241 28402 28526 E AndroidRuntime: 	at ayov.a(:com.google.android.gms@17455055@17.4.55 (110400-248795830):8)
08-05 17:08:24.241 28402 28526 E AndroidRuntime: 	at ayoy.f(Unknown Source:7)
08-05 17:08:24.241 28402 28526 E AndroidRuntime: 	at ayoy.c(:com.google.android.gms@17455055@17.4.55 (110400-248795830):2)
08-05 17:08:24.241 28402 28526 E AndroidRuntime: 	at com.google.android.location.fused.FusionEngine.a(:com.google.android.gms@17455055@17.4.55 (110400-248795830):108)
08-05 17:08:24.241 28402 28526 E AndroidRuntime: 	at aymb.a(:com.google.android.gms@17455055@17.4.55 (110400-248795830):16)
08-05 17:08:24.241 28402 28526 E AndroidRuntime: 	at ayjd.a(:com.google.android.gms@17455055@17.4.55 (110400-248795830):5)
08-05 17:08:24.241 28402 28526 E AndroidRuntime: 	at ayja.a(:com.google.android.gms@17455055@17.4.55 (110400-248795830):5)
08-05 17:08:24.241 28402 28526 E AndroidRuntime: 	at aykz.a(:com.google.android.gms@17455055@17.4.55 (110400-248795830):12)
08-05 17:08:24.241 28402 28526 E AndroidRuntime: 	at com.google.android.location.fused.StationaryThrottlingEngine.a(:com.google.android.gms@17455055@17.4.55 (110400-248795830):12)
08-05 17:08:24.241 28402 28526 E AndroidRuntime: 	at ayiu.a(:com.google.android.gms@17455055@17.4.55 (110400-248795830):5)
08-05 17:08:24.241 28402 28526 E AndroidRuntime: 	at ayma.a(:com.google.android.gms@17455055@17.4.55 (110400-248795830):3)
08-05 17:08:24.241 28402 28526 E AndroidRuntime: 	at com.google.android.location.fused.StationaryThrottlingEngine.a(:com.google.android.gms@17455055@17.4.55 (110400-248795830):12)
08-05 17:08:24.241 28402 28526 E AndroidRuntime: 	at aynj.a(:com.google.android.gms@17455055@17.4.55 (110400-248795830):3)
08-05 17:08:24.241 28402 28526 E AndroidRuntime: 	at ayiw.a(:com.google.android.gms@17455055@17.4.55 (110400-248795830):2)
08-05 17:08:24.241 28402 28526 E AndroidRuntime: 	at aymn.a(:com.google.android.gms@17455055@17.4.55 (110400-248795830):1)
08-05 17:08:24.241 28402 28526 E AndroidRuntime: 	at aymx.handleMessage(:com.google.android.gms@17455055@17.4.55 (110400-248795830):4)
08-05 17:08:24.241 28402 28526 E AndroidRuntime: 	at android.os.Handler.dispatchMessage(Handler.java:106)
08-05 17:08:24.241 28402 28526 E AndroidRuntime: 	at aagz.a(:com.google.android.gms@17455055@17.4.55 (110400-248795830):3)
08-05 17:08:24.241 28402 28526 E AndroidRuntime: 	at aagz.dispatchMessage(:com.google.android.gms@17455055@17.4.55 (110400-248795830):4)
08-05 17:08:24.241 28402 28526 E AndroidRuntime: 	at azws.a(:com.google.android.gms@17455055@17.4.55 (110400-248795830):5)
08-05 17:08:24.241 28402 28526 E AndroidRuntime: 	at aagz.dispatchMessage(:com.google.android.gms@17455055@17.4.55 (110400-248795830):4)
08-05 17:08:24.241 28402 28526 E AndroidRuntime: 	at android.os.Looper.loop(Looper.java:164)
08-05 17:08:24.241 28402 28526 E AndroidRuntime: 	at android.os.HandlerThread.run(HandlerThread.java:65)
08-05 17:08:24.261 28402 28522 I GeofencerStateMachine: Network location disabled.
08-05 17:08:24.266 28402 28526 I GCore-Chimera-Crash: ChwKDmNvbnRhaW5lci1vbmx5EOfEahhAIICyn4NBIAA=
08-05 17:08:24.266 28402 28526 I GCore-Chimera-Crash: GCore-Chimera-Crash
08-05 17:08:24.280 28402 28526 I DeviceDrDatabaseHelper: Cleaning stale data from database!
08-05 17:08:24.286   916  3240 I chatty  : uid=1000(system) IzatProvider expire 1 line
08-05 17:08:24.308 28402 28526 W DeviceDoctorHandler: Crash Hash: a84a24fcbc521d4b32a82fb2f2eb41695a9ba822
08-05 17:08:24.370 28402 28526 W DeviceDoctorHandler: Shushing due to low average crash frequency.
08-05 17:08:24.371 28402 28526 E DeviceDoctorHandler: FATAL EXCEPTION: FlpThread
08-05 17:08:24.371 28402 28526 E DeviceDoctorHandler: Process: com.google.android.gms.persistent, PID: 28402
08-05 17:08:24.371 28402 28526 E DeviceDoctorHandler: java.lang.SecurityException: "passive" location provider requires ACCESS_FINE_LOCATION permission.
08-05 17:08:24.371 28402 28526 E DeviceDoctorHandler: 	at android.os.Parcel.readException(Parcel.java:2013)
08-05 17:08:24.371 28402 28526 E DeviceDoctorHandler: 	at android.os.Parcel.readException(Parcel.java:1959)
08-05 17:08:24.371 28402 28526 E DeviceDoctorHandler: 	at android.location.ILocationManager$Stub$Proxy.requestLocationUpdates(ILocationManager.java:691)
08-05 17:08:24.371 28402 28526 E DeviceDoctorHandler: 	at android.location.LocationManager.requestLocationUpdates(LocationManager.java:900)
08-05 17:08:24.371 28402 28526 E DeviceDoctorHandler: 	at android.location.LocationManager.requestLocationUpdates(LocationManager.java:504)
08-05 17:08:24.371 28402 28526 E DeviceDoctorHandler: 	at azwe.a(:com.google.android.gms@17455055@17.4.55 (110400-248795830):9)
08-05 17:08:24.371 28402 28526 E DeviceDoctorHandler: 	at azwd.a(:com.google.android.gms@17455055@17.4.55 (110400-248795830):3)
08-05 17:08:24.371 28402 28526 E DeviceDoctorHandler: 	at azwg.a(Unknown Source:0)
08-05 17:08:24.371 28402 28526 E DeviceDoctorHandler: 	at ayov.a(:com.google.android.gms@17455055@17.4.55 (110400-248795830):8)
08-05 17:08:24.371 28402 28526 E DeviceDoctorHandler: 	at ayoy.f(Unknown Source:7)
08-05 17:08:24.371 28402 28526 E DeviceDoctorHandler: 	at ayoy.c(:com.google.android.gms@17455055@17.4.55 (110400-248795830):2)
08-05 17:08:24.371 28402 28526 E DeviceDoctorHandler: 	at com.google.android.location.fused.FusionEngine.a(:com.google.android.gms@17455055@17.4.55 (110400-248795830):108)
08-05 17:08:24.371 28402 28526 E DeviceDoctorHandler: 	at aymb.a(:com.google.android.gms@17455055@17.4.55 (110400-248795830):16)
08-05 17:08:24.371 28402 28526 E DeviceDoctorHandler: 	at ayjd.a(:com.google.android.gms@17455055@17.4.55 (110400-248795830):5)
08-05 17:08:24.371 28402 28526 E DeviceDoctorHandler: 	at ayja.a(:com.google.android.gms@17455055@17.4.55 (110400-248795830):5)
08-05 17:08:24.371 28402 28526 E DeviceDoctorHandler: 	at aykz.a(:com.google.android.gms@17455055@17.4.55 (110400-248795830):12)
08-05 17:08:24.371 28402 28526 E DeviceDoctorHandler: 	at com.google.android.location.fused.StationaryThrottlingEngine.a(:com.google.android.gms@17455055@17.4.55 (110400-248795830):12)
08-05 17:08:24.371 28402 28526 E DeviceDoctorHandler: 	at ayiu.a(:com.google.android.gms@17455055@17.4.55 (110400-248795830):5)
08-05 17:08:24.371 28402 28526 E DeviceDoctorHandler: 	at ayma.a(:com.google.android.gms@17455055@17.4.55 (110400-248795830):3)
08-05 17:08:24.371 28402 28526 E DeviceDoctorHandler: 	at com.google.android.location.fused.StationaryThrottlingEngine.a(:com.google.android.gms@17455055@17.4.55 (110400-248795830):12)
08-05 17:08:24.371 28402 28526 E DeviceDoctorHandler: 	at aynj.a(:com.google.android.gms@17455055@17.4.55 (110400-248795830):3)
08-05 17:08:24.371 28402 28526 E DeviceDoctorHandler: 	at ayiw.a(:com.google.android.gms@17455055@17.4.55 (110400-248795830):2)
08-05 17:08:24.371 28402 28526 E DeviceDoctorHandler: 	at aymn.a(:com.google.android.gms@17455055@17.4.55 (110400-248795830):1)
08-05 17:08:24.371 28402 28526 E DeviceDoctorHandler: 	at aymx.handleMessage(:com.google.android.gms@17455055@17.4.55 (110400-248795830):4)
08-05 17:08:24.371 28402 28526 E DeviceDoctorHandler: 	at android.os.Handler.dispatchMessage(Handler.java:106)
08-05 17:08:24.371 28402 28526 E DeviceDoctorHandler: 	at aagz.a(:com.google.android.gms@17455055@17.4.55 (110400-248795830):3)
08-05 17:08:24.371 28402 28526 E DeviceDoctorHandler: 	at aagz.dispatchMessage(:com.google.android.gms@17455055@17.4.55 (110400-248795830):4)
08-05 17:08:24.371 28402 28526 E DeviceDoctorHandler: 	at azws.a(:com.google.android.gms@17455055@17.4.55 (110400-248795830):5)
08-05 17:08:24.371 28402 28526 E DeviceDoctorHandler: 	at aagz.dispatchMessage(:com.google.android.gms@17455055@17.4.55 (110400-248795830):4)
08-05 17:08:24.371 28402 28526 E DeviceDoctorHandler: 	at android.os.Looper.loop(Looper.java:164)
08-05 17:08:24.371 28402 28526 E DeviceDoctorHandler: 	at android.os.HandlerThread.run(HandlerThread.java:65)
08-05 17:08:24.371 28402 28526 E DeviceDoctorHandler: 
08-05 17:08:24.386 28402 28526 I Process : Sending signal. PID: 28402 SIG: 9
08-05 17:08:24.387   916   996 W BroadcastQueue: Background execution not allowed: receiving Intent { act=android.intent.action.DROPBOX_ENTRY_ADDED flg=0x10 (has extras) } to com.google.android.gms/.stats.service.DropBoxEntryAddedReceiver
08-05 17:08:24.388   916   996 W BroadcastQueue: Background execution not allowed: receiving Intent { act=android.intent.action.DROPBOX_ENTRY_ADDED flg=0x10 (has extras) } to com.google.android.gms/.chimera.GmsIntentOperationService$PersistentTrustedReceiver
08-05 17:08:24.434   916  2542 D PackageManager: Binder to instant app resolver died
08-05 17:08:24.435   916  5280 I ActivityManager: Process com.google.android.gms.persistent (pid 28402) has died: fore BFGS
08-05 17:08:24.435   916   998 I chatty  : uid=1000(system) ActivityManager expire 3 lines
08-05 17:08:24.435   916   916 D PackageManager: Disconnected from instant app resolver
08-05 17:08:24.436   916  5280 W ActivityManager: Scheduling restart of crashed service com.google.android.gms/com.google.android.location.geofencer.service.GeofenceProviderService in 256000ms
08-05 17:08:24.436   916  5280 W ActivityManager: Scheduling restart of crashed service com.google.android.gms/com.google.android.location.geocode.GeocodeService in 4096000ms
08-05 17:08:24.437   916  5280 W ActivityManager: Scheduling restart of crashed service com.google.android.gms/com.google.android.location.fused.FusedLocationService in 917504000ms
08-05 17:08:24.437   916  5280 W ActivityManager: Scheduling restart of crashed service com.google.android.gms/.chimera.PersistentBoundBrokerService in 2883584000ms
08-05 17:08:24.437   916  5280 W ActivityManager: Scheduling restart of crashed service com.google.android.gms/com.google.android.location.internal.server.GoogleLocationService in 508906757892866048ms
08-05 17:08:24.438   916  5280 W ActivityManager: Scheduling restart of crashed service com.google.android.gms/com.google.android.location.internal.GoogleLocationManagerService in 45051904ms
08-05 17:08:24.438   916  5280 W ActivityManager: Scheduling restart of crashed service com.google.android.gms/com.google.android.location.internal.server.HardwareArProviderService in 46137344000ms
08-05 17:08:24.438   916  5280 W ActivityManager: Scheduling restart of crashed service com.google.android.gms/com.google.android.location.network.NetworkLocationService in 86007808ms
08-05 17:08:24.439   916  5280 W ActivityManager: Canceling start item Intent { act=com.google.android.gms.common.broadcast.DELIVER_BROADCAST cat=[targeted_intent_op_prefix:.common.broadcast.BackgroundBroadcastReceiverSupport$PersistentReceiverIntentOperation] cmp=com.google.android.gms/.chimera.PersistentIntentOperationService (has extras) } in service ComponentInfo{com.google.android.gms/com.google.android.gms.chimera.PersistentIntentOperationService}
08-05 17:08:24.439   916  5280 W ActivityManager: Scheduling restart of crashed service com.google.android.gms/.chimera.PersistentIntentOperationService in 1069983727616ms
08-05 17:08:24.439   916  5280 W ActivityManager: Scheduling restart of crashed service com.google.android.gms/.chimera.PersistentDirectBootAwareApiService in 180207616ms
08-05 17:08:27.784  3088  3396 E SecUISvc: Error initializing local socket: -1
08-05 17:08:28.790  3088  3396 E SecUISvc: Error initializing local socket: -1
08-05 17:08:29.075   916  2404 I chatty  : uid=1000(system) WifiScanningSer expire 11 lines
08-05 17:08:29.670   916  3382 I chatty  : uid=1000(system) Binder:916_B expire 1 line
08-05 17:08:29.673   472   472 I wificond: Enters wifigbk_ageOutHistory
08-05 17:08:29.680   472   472 I wificond: Enters wifigbk_ageOutHistory
08-05 17:08:29.688   916  2402 I chatty  : uid=1000(system) WifiStateMachin expire 1 line
08-05 17:08:29.796  3088  3396 E SecUISvc: Error initializing local socket: -1
08-05 17:08:30.568   916  1159 I PowerManagerService: Going to sleep due to screen timeout (uid 1000)...
08-05 17:08:30.569   916  1159 I DisplayPowerController: Blocking screen off
08-05 17:08:30.569   916  1159 I DisplayPowerController: Unblocked screen off after 0 ms
08-05 17:08:30.574   916  1019 I DisplayManagerService: Display device changed state: "Built-in Screen", OFF
08-05 17:08:30.575   430   430 D SurfaceFlinger: Set power mode=0, type=0 flinger=0xa9db6000
08-05 17:08:30.576   409   693 I SDM     : DisplayBase::SetDisplayState: Set state = 0, display 0
08-05 17:08:30.804  3088  3396 E SecUISvc: Error initializing local socket: -1
08-05 17:08:30.871   916  2424 I chatty  : uid=1000(system) PhotonicModulat expire 2 lines
08-05 17:08:30.872   413   413 I QCOM PowerHAL: Got set_interactive hint
08-05 17:08:30.873   419   497 E ANDR-PERF-MPCTL: Invalid profile no. 0, total profiles 0 only
08-05 17:08:30.875   916  1159 I DreamManagerService: Entering dreamland.
08-05 17:08:30.876   916  1159 I PowerManagerService: Dozing...
08-05 17:08:30.877   916  1017 I DreamController: Starting dream: name=ComponentInfo{com.android.systemui/com.android.systemui.doze.DozeService}, isTest=false, canDoze=true, userId=0
08-05 17:08:30.884   916  1017 I chatty  : uid=1000(system) android.fg expire 3 lines
08-05 17:08:30.889   916  1017 D AutofillManagerService: Close system dialogs
08-05 17:08:30.956  2461 12906 I chatty  : uid=10031(com.android.systemui) Binder:2461_7 expire 6 lines
08-05 17:08:30.993   472   472 I wificond: Pno scan started
08-05 17:08:31.000  2630  2777 I QCNEJ/CndHalConnector: -> SND notifyScreenStateChanged(false)
08-05 17:08:31.001  2630  2777 I QCNEJ/CndHalConnector: -> SND notifyScreenStateChanged(false)
08-05 17:08:31.810  3088  3396 E SecUISvc: Error initializing local socket: -1
08-05 17:08:31.812   281   281 I chatty  : uid=1000(system) hwservicemanage expire 11 lines
08-05 17:08:32.814  3088  3396 E SecUISvc: Error initializing local socket: -1
08-05 17:08:33.820  3088  3396 E SecUISvc: Error initializing local socket: -1
08-05 17:08:34.827  3088  3396 E SecUISvc: Error initializing local socket: -1
08-05 17:08:35.833  3088  3396 E SecUISvc: Error initializing local socket: -1
08-05 17:08:36.586   916  2392 I PowerManagerService: Waking up from dozing (uid=1000 reason=android.policy:POWER)...
08-05 17:08:36.589   916  1159 I DisplayPowerController: Blocking screen on until initial contents have been drawn.
08-05 17:08:36.593   413   413 I QCOM PowerHAL: Got set_interactive hint
