08-05 17:07:47.454 28111 28158 E AndroidRuntime: 	at azws.a(:com.google.android.gms@17455055@17.4.55 (110400-248795830):5)
08-05 17:07:47.454 28111 28158 E AndroidRuntime: 	at aagz.dispatchMessage(:com.google.android.gms@17455055@17.4.55 (110400-248795830):4)
08-05 17:07:47.454 28111 28158 E AndroidRuntime: 	at android.os.Looper.loop(Looper.java:164)
08-05 17:07:47.454 28111 28158 E AndroidRuntime: 	at android.os.HandlerThread.run(HandlerThread.java:65)
08-05 17:07:47.640   916  4829 I chatty  : uid=1000(system) Binder:916_15 expire 1 line
08-05 17:07:47.642   916  4069 I chatty  : uid=1000(system) Binder:916_D expire 12 lines
08-05 17:07:51.429   916  1159 I chatty  : uid=1000(system) PowerManagerSer expire 5 lines
08-05 17:07:51.446   916  1019 I chatty  : uid=1000(system) android.display expire 1 line
08-05 17:07:51.774   916  1017 I chatty  : uid=1000(system) android.fg expire 2 lines
08-05 17:07:51.931   472   472 I wificond: Pno scan started
08-05 17:07:56.551  2461  2461 V KeyguardStatusView: refresh statusview showing:true
08-05 17:07:56.563  2461  2461 V KeyguardDisplayManager: show
08-05 17:08:04.777 28197 28235 E ActivityThread: Failed to find provider info for instantapp-dev-manager
08-05 17:08:05.504 28197 28244 E AndroidRuntime: FATAL EXCEPTION: FlpThread
08-05 17:08:05.504 28197 28244 E AndroidRuntime: Process: com.google.android.gms.persistent, PID: 28197
08-05 17:08:05.504 28197 28244 E AndroidRuntime: java.lang.SecurityException: "passive" location provider requires ACCESS_FINE_LOCATION permission.
08-05 17:08:05.504 28197 28244 E AndroidRuntime: 	at android.os.Parcel.readException(Parcel.java:2013)
08-05 17:08:05.504 28197 28244 E AndroidRuntime: 	at android.os.Parcel.readException(Parcel.java:1959)
08-05 17:08:05.504 28197 28244 E AndroidRuntime: 	at android.location.ILocationManager$Stub$Proxy.requestLocationUpdates(ILocationManager.java:691)
08-05 17:08:05.504 28197 28244 E AndroidRuntime: 	at android.location.LocationManager.requestLocationUpdates(LocationManager.java:900)
08-05 17:08:05.504 28197 28244 E AndroidRuntime: 	at android.location.LocationManager.requestLocationUpdates(LocationManager.java:504)
08-05 17:08:05.504 28197 28244 E AndroidRuntime: 	at azwe.a(:com.google.android.gms@17455055@17.4.55 (110400-248795830):9)
08-05 17:08:05.504 28197 28244 E AndroidRuntime: 	at azwd.a(:com.google.android.gms@17455055@17.4.55 (110400-248795830):3)
08-05 17:08:05.504 28197 28244 E AndroidRuntime: 	at azwg.a(Unknown Source:0)
08-05 17:08:05.504 28197 28244 E AndroidRuntime: 	at ayov.a(:com.google.android.gms@17455055@17.4.55 (110400-248795830):8)
08-05 17:08:05.504 28197 28244 E AndroidRuntime: 	at ayoy.f(Unknown Source:7)
08-05 17:08:05.504 28197 28244 E AndroidRuntime: 	at ayoy.c(:com.google.android.gms@17455055@17.4.55 (110400-248795830):2)
08-05 17:08:05.504 28197 28244 E AndroidRuntime: 	at com.google.android.location.fused.FusionEngine.a(:com.google.android.gms@17455055@17.4.55 (110400-248795830):108)
08-05 17:08:05.504 28197 28244 E AndroidRuntime: 	at aymb.a(:com.google.android.gms@17455055@17.4.55 (110400-248795830):16)
08-05 17:08:05.504 28197 28244 E AndroidRuntime: 	at ayjd.a(:com.google.android.gms@17455055@17.4.55 (110400-248795830):5)
08-05 17:08:05.504 28197 28244 E AndroidRuntime: 	at ayja.a(:com.google.android.gms@17455055@17.4.55 (110400-248795830):5)
08-05 17:08:05.504 28197 28244 E AndroidRuntime: 	at aykz.a(:com.google.android.gms@17455055@17.4.55 (110400-248795830):12)
08-05 17:08:05.504 28197 28244 E AndroidRuntime: 	at com.google.android.location.fused.StationaryThrottlingEngine.a(:com.google.android.gms@17455055@17.4.55 (110400-248795830):12)
08-05 17:08:05.504 28197 28244 E AndroidRuntime: 	at ayiu.a(:com.google.android.gms@17455055@17.4.55 (110400-248795830):5)
08-05 17:08:05.504 28197 28244 E AndroidRuntime: 	at ayma.a(:com.google.android.gms@17455055@17.4.55 (110400-248795830):3)
08-05 17:08:05.504 28197 28244 E AndroidRuntime: 	at com.google.android.location.fused.StationaryThrottlingEngine.a(:com.google.android.gms@17455055@17.4.55 (110400-248795830):12)
08-05 17:08:05.504 28197 28244 E AndroidRuntime: 	at aynj.a(:com.google.android.gms@17455055@17.4.55 (110400-248795830):3)
08-05 17:08:05.504 28197 28244 E AndroidRuntime: 	at ayiw.a(:com.google.android.gms@17455055@17.4.55 (110400-248795830):2)
08-05 17:08:05.504 28197 28244 E AndroidRuntime: 	at aymn.a(:com.google.android.gms@17455055@17.4.55 (110400-248795830):1)
08-05 17:08:05.504 28197 28244 E AndroidRuntime: 	at aymx.handleMessage(:com.google.android.gms@17455055@17.4.55 (110400-248795830):4)
08-05 17:08:05.504 28197 28244 E AndroidRuntime: 	at android.os.Handler.dispatchMessage(Handler.java:106)
08-05 17:08:05.504 28197 28244 E AndroidRuntime: 	at aagz.a(:com.google.android.gms@17455055@17.4.55 (110400-248795830):3)
08-05 17:08:05.504 28197 28244 E AndroidRuntime: 	at aagz.dispatchMessage(:com.google.android.gms@17455055@17.4.55 (110400-248795830):4)
08-05 17:08:05.504 28197 28244 E AndroidRuntime: 	at azws.a(:com.google.android.gms@17455055@17.4.55 (110400-248795830):5)
08-05 17:08:05.504 28197 28244 E AndroidRuntime: 	at aagz.dispatchMessage(:com.google.android.gms@17455055@17.4.55 (110400-248795830):4)
08-05 17:08:05.504 28197 28244 E AndroidRuntime: 	at android.os.Looper.loop(Looper.java:164)
08-05 17:08:05.504 28197 28244 E AndroidRuntime: 	at android.os.HandlerThread.run(HandlerThread.java:65)
08-05 17:08:05.704   916  2417 I chatty  : uid=1000(system) Binder:916_3 expire 1 line
08-05 17:08:05.707   916  4953 I chatty  : uid=1000(system) Binder:916_17 expire 13 lines
08-05 17:08:06.480  2691  2691 I Telephony: PstnIncomingCallNotifier: Unregistering: Handler (com.qualcomm.qti.internal.telephony.QtiGsmCdmaPhone) {7907f55}
08-05 17:08:06.511  2691  2691 I Telephony: AccountEntry: Registered phoneAccount: [[ ] PhoneAccount: ComponentInfo{com.android.phone/com.android.services.telephony.TelephonyConnectionService}, [14d862c1c64e05cc4d1f5d328262495897e420c1], UserHandle{0} Capabilities: CallProvider MultiUser PlaceEmerg SimSub  Audio Routes: BESW Schemes: tel voicemail  Extras: Bundle[{android.telecom.extra.SUPPORTS_VIDEO_CALLING_FALLBACK=false, android.telecom.extra.SORT_ORDER=0}] GroupId: [da39a3ee5e6b4b0d3255bfef95601890afd80709]] with handle: ComponentInfo{com.android.phone/com.android.services.telephony.TelephonyConnectionService}, [14d862c1c64e05cc4d1f5d328262495897e420c1], UserHandle{0}
08-05 17:08:06.512  2691  2691 I Telephony: PstnIncomingCallNotifier: Registering: Handler (com.qualcomm.qti.internal.telephony.QtiGsmCdmaPhone) {7907f55}
08-05 17:08:06.581   916  2407 D ConnectivityService: NetworkAgentInfo [MOBILE (UNKNOWN) - 100] EVENT_NETWORK_INFO_CHANGED, going from CONNECTED to SUSPENDED
08-05 17:08:06.586   916  2407 D ConnectivityService: Sending SUSPENDED broadcast for type 0 NetworkAgentInfo [MOBILE (UNKNOWN) - 100] isDefaultNetwork=true
08-05 17:08:06.591   916  2407 D ConnectivityService: Invalid tcpBufferSizes string: null, using defaults
08-05 17:08:06.601   916  2407 I Nat464Xlat: Android Xlat is disabled
08-05 17:08:06.605  2691  2691 I Telephony: PstnPhoneCapabilitiesNotifier: handleVideoCapabilitesChanged. Video capability - false
08-05 17:08:06.643   916  4953 I Telecom : PhoneAccountRegistrar: Modify account: [ComponentInfo{com.android.phone/com.android.services.telephony.TelephonyConnectionService}, [14d862c1c64e05cc4d1f5d328262495897e420c1], UserHandle{0}]: TSI.rPA@Bn8
08-05 17:08:06.648   916  2399 D NetworkStats: Resolving plan for NetworkTemplate: matchRule=MOBILE_ALL, subscriberId=404490..., matchSubscriberIds=[404490...]
08-05 17:08:06.652   916  2399 D NetworkStats: Found active matching subId 1
08-05 17:08:06.664   916  2399 D NetworkStats: Resolved to plan null
08-05 17:08:06.693   916  2399 D NetworkStats: Resolving plan for NetworkTemplate: matchRule=MOBILE_ALL, subscriberId=404490..., matchSubscriberIds=[404490...]
08-05 17:08:06.698   916  2399 D NetworkStats: Found active matching subId 1
08-05 17:08:06.710   916  2399 D NetworkStats: Resolved to plan null
08-05 17:08:07.109   916  4953 I Telecom : : Adding new incoming call with phoneAccountHandle ComponentInfo{com.android.phone/com.android.services.telephony.TelephonyConnectionService}, [14d862c1c64e05cc4d1f5d328262495897e420c1], UserHandle{0}: TSI.aNIC@BoA
08-05 17:08:07.118   916  4953 I Telecom : PhoneAccountRegistrar: SimCallManager queried, returning: null: TSI.aNIC@BoA
08-05 17:08:07.123   916  4953 I Telecom : LogUtils: EventRecord added as Call: [TC@7, NEW, null, tel:*************, A, childs(0), has_parent(false), [Capabilities:], [Properties:]]: TSI.aNIC@BoA
08-05 17:08:07.124   916  4953 I Telecom : Event: RecordEntry TC@7: CREATED, null: TSI.aNIC@BoA
08-05 17:08:07.132   916  4953 I Telecom : PhoneAccountRegistrar: SimCallManager queried, returning: null: TSI.aNIC@BoA
08-05 17:08:07.133   916  4953 I Telecom : CreateConnectionProcessor: Trying attempt CallAttemptRecord(ComponentInfo{com.android.phone/com.android.services.telephony.TelephonyConnectionService}, [14d862c1c64e05cc4d1f5d328262495897e420c1], UserHandle{0},ComponentInfo{com.android.phone/com.android.services.telephony.TelephonyConnectionService}, [14d862c1c64e05cc4d1f5d328262495897e420c1], UserHandle{0}): TSI.aNIC@BoA
08-05 17:08:07.134   916  4953 I Telecom : Event: RecordEntry TC@7: BIND_CS, ComponentInfo{com.android.phone/com.android.services.telephony.TelephonyConnectionService}: TSI.aNIC@BoA
08-05 17:08:07.138   916   916 I Telecom : TelecomSystem: CallerInfoAsyncQuery.startQuery number=[1a3e74b60054ee76e03fba052e70810b1738f084] cookie=TSI.aNIC->CILH.sL->CILH.sL@BoA: TSI.aNIC->CILH.sL@BoA
08-05 17:08:07.229   916   916 I Telecom : ServiceBinderConnection: Service bound ComponentInfo{com.android.phone/com.android.services.telephony.TelephonyConnectionService}: SBC.oSC@BoE
08-05 17:08:07.229   916   916 I Telecom : Event: RecordEntry TC@7: CS_BOUND, ComponentInfo{com.android.phone/com.android.services.telephony.TelephonyConnectionService}: SBC.oSC@BoE
08-05 17:08:07.230   916   916 I Telecom : Event: RecordEntry TC@7: START_CONNECTION, tel:*************: SBC.oSC@BoE
08-05 17:08:07.241   916  4953 I Telecom : PhoneAccountRegistrar: SimCallManager queried, returning: null: (...->CS.aCSA->H.CS.aCSA)->CSW.qRCS@E-E-BoE
08-05 17:08:07.242  2691  2691 I Telephony: TelephonyConnectionService: onCreateIncomingConnection, request: ConnectionRequest xxxxxxxxxxxxxxxxxxx Bundle[mParcelledData.dataSize=508]: (SBC.oSC)->CS.crCo->H.CS.crCo->H.CS.crCo.pICR@E-BoE
08-05 17:08:07.247  2691  2691 I Telephony: GsmConnection: isAddParticipantCapable: isCapable = false: (SBC.oSC)->CS.crCo->H.CS.crCo->H.CS.crCo.pICR@E-BoE
08-05 17:08:07.258  2691  2691 I chatty  : uid=1001(radio) com.android.phone identical 2 lines
08-05 17:08:07.259  2691  2691 I Telephony: GsmConnection: isAddParticipantCapable: isCapable = false: (SBC.oSC)->CS.crCo->H.CS.crCo->H.CS.crCo.pICR@E-BoE
08-05 17:08:07.265   916  4953 I Telecom : Event: RecordEntry TC@7: CAPABILITY_CHANGE, Current: [[ sup_hld mut !v2a spd_aud]], Removed [[]], Added [[ sup_hld mut !v2a spd_aud]]: (...->CS.crCo->H.CS.crCo->H.CS.crCo.pICR)->CSW.hCCC@E-E-BoE
08-05 17:08:07.266   916  4953 I Telecom : Event: RecordEntry TC@7: FILTERING_INITIATED, null: (...->CS.crCo->H.CS.crCo->H.CS.crCo.pICR)->CSW.hCCC@E-E-BoE
08-05 17:08:07.267   916  4953 I Telecom : Event: RecordEntry TC@7: DIRECT_TO_VM_INITIATED, null: (...->CS.crCo->H.CS.crCo->H.CS.crCo.pICR)->CSW.hCCC@E-E-BoE
08-05 17:08:07.267   916  4953 I Telecom : CallerInfoLookupHelper: There is a previously incomplete query for handle tel:*************. Adding to listeners for this query.: (...->CS.crCo->H.CS.crCo->H.CS.crCo.pICR)->CSW.hCCC@E-E-BoE
08-05 17:08:07.268   916  4953 I Telecom : Event: RecordEntry TC@7: SCREENING_SENT, null: (...->CS.crCo->H.CS.crCo->H.CS.crCo.pICR)->CSW.hCCC@E-E-BoE
08-05 17:08:07.269   916  4953 I Telecom : CallScreeningServiceFilter: There are no call screening services installed on this device.: (...->CS.crCo->H.CS.crCo->H.CS.crCo.pICR)->CSW.hCCC@E-E-BoE
08-05 17:08:07.269   916  4953 I Telecom : CallScreeningServiceFilter: Could not bind to call screening service: (...->CS.crCo->H.CS.crCo->H.CS.crCo.pICR)->CSW.hCCC@E-E-BoE
08-05 17:08:07.269   916  4953 I Telecom : Event: RecordEntry TC@7: SCREENING_COMPLETED, [Allow, logged, notified]: (...->CS.crCo->H.CS.crCo->H.CS.crCo.pICR)->CSW.hCCC@E-E-BoE
08-05 17:08:07.272   916 28291 I Telecom : Event: RecordEntry TC@7: BLOCK_CHECK_INITIATED, null: (...->CS.crCo->H.CS.crCo->H.CS.crCo.pICR)->CSW.hCCC->ABCF.dIB@E-E-BoE
08-05 17:08:07.273  2691  2691 I Telephony: TelephonyConnectionService: notifyCreateConnectionComplete TC@7_1: (...->CSW.hCCC)->CS.crCoC->H.CS.crCoC@E-E-E-BoE
08-05 17:08:07.273  2691  2691 I Telephony: TelephonyConnectionService: updatePhoneAccount setPhoneAccountHandle, account = ComponentInfo{com.android.phone/com.android.services.telephony.TelephonyConnectionService}, [14d862c1c64e05cc4d1f5d328262495897e420c1], UserHandle{0}: (...->CSW.hCCC)->CS.crCoC->H.CS.crCoC@E-E-E-BoE
08-05 17:08:07.276   916  4953 I Telecom : Event: RecordEntry TC@7: CONNECTION_EVENT, org.codeaurora.event.PHONE_ACCOUNT_CHANGED: (...->CS.crCoC->H.CS.crCoC)->CSW.oCE@E-E-E-E-BoE
08-05 17:08:07.320   916   916 I Telecom : Event: RecordEntry TC@7: BLOCK_CHECK_FINISHED, [Allow, logged, notified]: (...->CS.crCo->H.CS.crCo->H.CS.crCo.pICR)->CSW.hCCC->ABCF.oPE@E-E-BoE
08-05 17:08:07.384   916   916 I Telecom : CallerInfoLookupHelper: CI query for handle tel:************* has completed; notifying all listeners.: TSI.aNIC->CILH.sL->CILH.oQC@BoA
08-05 17:08:07.385   916   916 I Telecom : Call: CallerInfo received for tel:*************: com.android.internal.telephony.CallerInfo@78d0a2b { name null, phoneNumber non-null }: TSI.aNIC->CILH.sL->CILH.oQC@BoA
08-05 17:08:07.385   916   916 I Telecom : Event: RecordEntry TC@7: DIRECT_TO_VM_FINISHED, [Allow, logged, notified]: TSI.aNIC->CILH.sL->CILH.oQC@BoA
08-05 17:08:07.385   916   916 I Telecom : CallerInfoLookupHelper: There is no photo for this contact, skipping photo query: TSI.aNIC->CILH.sL->CILH.oQC@BoA
08-05 17:08:07.386   916   916 I Telecom : Event: RecordEntry TC@7: FILTERING_COMPLETED, [Allow, logged, notified]: TSI.aNIC->CILH.sL->CILH.oQC->ICF.oCFC@BoA
08-05 17:08:07.386   916   916 I Telecom : CallsManager: setCallState NEW -> RINGING, call: [TC@7, NEW, com.android.phone/com.android.services.telephony.TelephonyConnectionService, tel:*************, A, childs(0), has_parent(false), [Capabilities: CAPABILITY_SUPPORT_HOLD CAPABILITY_MUTE CAPABILITY_CANNOT_DOWNGRADE_VIDEO_TO_AUDIO CAPABILITY_SPEED_UP_MT_AUDIO], [Properties:]]: TSI.aNIC->CILH.sL->CILH.oQC->ICF.oCFC@BoA
08-05 17:08:07.390   916   916 I Telecom : Event: RecordEntry TC@7: SET_RINGING, successful incoming call: TSI.aNIC->CILH.sL->CILH.oQC->ICF.oCFC@BoA
08-05 17:08:07.390   916   916 W Telecom : CallsManager: isIncomingVideoCallAllowed:  null Extras or not an incoming video call or allow video calls in low battery: TSI.aNIC->CILH.sL->CILH.oQC->ICF.oCFC@BoA
08-05 17:08:07.392   916   916 I Telecom : InCallController: onCallAdded: [TC@7, RINGING, com.android.phone/com.android.services.telephony.TelephonyConnectionService, tel:*************, A, childs(0), has_parent(false), [Capabilities: CAPABILITY_SUPPORT_HOLD CAPABILITY_MUTE CAPABILITY_CANNOT_DOWNGRADE_VIDEO_TO_AUDIO CAPABILITY_SPEED_UP_MT_AUDIO], [Properties:]]; not bound or connected.: TSI.aNIC->CILH.sL->CILH.oQC->ICF.oCFC@BoA
08-05 17:08:07.393   916   916 I Telecom : InCallController: defaultDialer: null: TSI.aNIC->CILH.sL->CILH.oQC->ICF.oCFC@BoA
08-05 17:08:07.393   916   916 I Telecom : InCallController: defaultDialer: null: TSI.aNIC->CILH.sL->CILH.oQC->ICF.oCFC@BoA
08-05 17:08:07.395   916   916 I Telecom : CarSwappingInCallServiceConnection: carmodechange: false => false: TSI.aNIC->CILH.sL->CILH.oQC->ICF.oCFC@BoA
08-05 17:08:07.395   916   916 I Telecom : EmergencyCallHelper: ShouldGrantTemporaryLocationPermission, disabled by config: TSI.aNIC->CILH.sL->CILH.oQC->ICF.oCFC@BoA
08-05 17:08:07.396   916   916 I Telecom : EmergencyInCallServiceConnection: Attempting to bind to InCall [ComponentInfo{com.android.dialer/com.android.incallui.InCallServiceImpl} supportsExternal? true supportsSelfMg?false], with Intent { act=android.telecom.InCallService cmp=com.android.dialer/com.android.incallui.InCallServiceImpl }: TSI.aNIC->CILH.sL->CILH.oQC->ICF.oCFC@BoA
08-05 17:08:07.409   916  2789 I Telecom : CallAudioRouteStateMachine: Message received: UPDATE_SYSTEM_AUDIO_ROUTE=1201, arg1=0: TSI.aNIC->CILH.sL->CILH.oQC->ICF.oCFC->CARSM.pM_UPDATE_SYSTEM_AUDIO_ROUTE@BoA
08-05 17:08:07.410   916   916 I Telecom : IncomingCallNotifier: updateIncomingCall: foundIncomingcall = null: TSI.aNIC->CILH.sL->CILH.oQC->ICF.oCFC@BoA
08-05 17:08:07.410   916  2792 I Telecom : CallAudioModeStateMachine: Message received: NEW_RINGING_CALL.: TSI.aNIC->CILH.sL->CILH.oQC->ICF.oCFC->CAMSM.pM_2002@BoA
08-05 17:08:07.411   916  2792 I Telecom : CallAudioModeStateMachine: Audio focus entering RINGING state: TSI.aNIC->CILH.sL->CILH.oQC->ICF.oCFC->CAMSM.pM_2002@BoA
08-05 17:08:07.418   916   916 I Telecom : PhoneStateBroadcaster: Broadcasted state change: 1: TSI.aNIC->CILH.sL->CILH.oQC->ICF.oCFC@BoA
08-05 17:08:07.418   916   996 W BroadcastQueue: Permission Denial: receiving Intent { act=android.intent.action.PHONE_STATE flg=0x1000010 (has extras) } to ProcessRecord{be2b0f3 2461:com.android.systemui/u0a31} (pid=2461, uid=10031) requires android.permission.READ_PHONE_STATE due to sender android (uid 1000)
08-05 17:08:07.419   916   916 I Telecom : TelecomWakeLock: Acquiring WakeLock with id: 26: TSI.aNIC->CILH.sL->CILH.oQC->ICF.oCFC@BoA
08-05 17:08:07.420   916   916 I Telecom : InCallWakeLockController: Acquiring full wake lock: TSI.aNIC->CILH.sL->CILH.oQC->ICF.oCFC@BoA
08-05 17:08:07.429   916  2789 I Telecom : CallAudioRouteStateMachine: setSystemAudioState: changing from [AudioState isMuted: false, route: EARPIECE, supportedRouteMask: EARPIECE, SPEAKER] to [AudioState isMuted: false, route: EARPIECE, supportedRouteMask: EARPIECE, SPEAKER]: TSI.aNIC->CILH.sL->CILH.oQC->ICF.oCFC->CARSM.pM_UPDATE_SYSTEM_AUDIO_ROUTE@BoA
08-05 17:08:07.484   916   916 I Telecom : InCallController: onConnected to ComponentInfo{com.android.dialer/com.android.incallui.InCallServiceImpl}: ICSBC.oSC@BoU
08-05 17:08:07.485   916   916 I Telecom : InCallController: Adding 1 calls to InCallService after onConnected: ComponentInfo{com.android.dialer/com.android.incallui.InCallServiceImpl}, including external calls: ICSBC.oSC@BoU
08-05 17:08:07.493   916   916 I Telecom : InCallController: 1 calls sent to InCallService.: ICSBC.oSC@BoU
08-05 17:08:07.603   916  2792 I Telecom : Event: RecordEntry TC@7: START_RINGER, null: TSI.aNIC->CILH.sL->CILH.oQC->ICF.oCFC->CAMSM.pM_2002@BoA
08-05 17:08:07.612   916  2792 I Telecom : Event: RecordEntry TC@7: SKIP_VIBRATION, hasVibrator=true, userRequestsVibrate=false, ringerMode=2, isVibrating=false: TSI.aNIC->CILH.sL->CILH.oQC->ICF.oCFC->CAMSM.pM_2002@BoA
08-05 17:08:07.615   916 28303 I Telecom : AsyncRingtonePlayer: Play ringtone.
08-05 17:08:07.632   916  2789 I Telecom : CallAudioRouteStateMachine: Message received: SWITCH_FOCUS=4001, arg1=3: TSI.aNIC->CILH.sL->CILH.oQC->ICF.oCFC->CAMSM.pM_2002->CARSM.pM_SWITCH_FOCUS@BoA
08-05 17:08:07.632   916  2789 I Telecom : Event: RecordEntry TC@7: AUDIO_ROUTE, Leaving state QuiescentEarpieceRoute: TSI.aNIC->CILH.sL->CILH.oQC->ICF.oCFC->CAMSM.pM_2002->CARSM.pM_SWITCH_FOCUS@BoA
08-05 17:08:07.633   916  2789 I Telecom : Event: RecordEntry TC@7: AUDIO_ROUTE, Entering state ActiveEarpieceRoute: TSI.aNIC->CILH.sL->CILH.oQC->ICF.oCFC->CAMSM.pM_2002->CARSM.pM_SWITCH_FOCUS@BoA
08-05 17:08:07.633   916  2789 I Telecom : Event: RecordEntry TC@7: AUDIO_ROUTE_EARPIECE, null: TSI.aNIC->CILH.sL->CILH.oQC->ICF.oCFC->CAMSM.pM_2002->CARSM.pM_SWITCH_FOCUS@BoA
08-05 17:08:07.634   916  2789 I Telecom : CallAudioRouteStateMachine: turning speaker phone false: TSI.aNIC->CILH.sL->CILH.oQC->ICF.oCFC->CAMSM.pM_2002->CARSM.pM_SWITCH_FOCUS@BoA
08-05 17:08:07.635   916  2789 I Telecom : CallAudioRouteStateMachine: setSystemAudioState: changing from [AudioState isMuted: false, route: EARPIECE, supportedRouteMask: EARPIECE, SPEAKER] to [AudioState isMuted: false, route: EARPIECE, supportedRouteMask: EARPIECE, SPEAKER]: TSI.aNIC->CILH.sL->CILH.oQC->ICF.oCFC->CAMSM.pM_2002->CARSM.pM_SWITCH_FOCUS@BoA
08-05 17:08:07.635   916  2789 I Telecom : InCallController: Calling onAudioStateChanged, audioState: [AudioState isMuted: false, route: EARPIECE, supportedRouteMask: EARPIECE, SPEAKER] -> [AudioState isMuted: false, route: EARPIECE, supportedRouteMask: EARPIECE, SPEAKER]: TSI.aNIC->CILH.sL->CILH.oQC->ICF.oCFC->CAMSM.pM_2002->CARSM.pM_SWITCH_FOCUS@BoA
08-05 17:08:07.726   916  4069 I ActivityManager: START u0 {act=android.intent.action.MAIN flg=0x10040000 cmp=com.android.dialer/com.android.incallui.InCallActivity (has extras)} from uid 10014
08-05 17:08:07.732   916  4466 I DreamManagerService: Gently waking up from dream.
08-05 17:08:07.732   916  1017 I DreamManagerService: Performing gentle wake from dream.
08-05 17:08:07.760   916  4069 I DreamManagerService: Leaving dreamland.
08-05 17:08:07.763   916  1159 I PowerManagerService: Sleeping (uid 1000)...
08-05 17:08:07.763   916  1017 I DreamManagerService: Performing gentle wake from dream.
08-05 17:08:07.764   916  1017 I DreamController: Stopping dream: name=ComponentInfo{com.android.systemui/com.android.systemui.doze.DozeService}, isTest=false, canDoze=true, userId=0
08-05 17:08:07.890   916 28303 I Telecom : AsyncRingtonePlayer: Repeat ringtone.
08-05 17:08:08.250   916   996 W ActivityManager: Activity pause timeout for ActivityRecord{bb54882 u0 com.android.dialer/com.android.incallui.InCallActivity t28}
08-05 17:08:08.964   916  2373 I PowerManagerService: Waking up from sleep (uid=1000 reason=android.server.wm:TURN_ON)...
08-05 17:08:08.967   916  1159 I DisplayPowerController: Blocking screen on until initial contents have been drawn.
08-05 17:08:09.081   472   472 I wificond: Pno scan stopped
08-05 17:08:09.091   916  1019 I DisplayManagerService: Display device changed state: "Built-in Screen", ON
08-05 17:08:09.226   916  1159 I DisplayPowerController: Unblocked screen on after 259 ms
08-05 17:08:09.552   916  1159 W PowerManagerService: Screen on took 586 ms
08-05 17:08:09.663   472   472 I wificond: Enters wifigbk_ageOutHistory
08-05 17:08:09.668   472   472 I wificond: Enters wifigbk_ageOutHistory
08-05 17:08:10.451   916  4069 I Telecom : CallAudioManager: Invoking the MT_AUDIO_SPEEDUP mechanism. Transitioning into an active in-call audio state before connection service has connected the call.: ICA.aC(InCall package: com.android.dialer)@Bp0
08-05 17:08:10.454   916  2792 I Telecom : CallAudioModeStateMachine: Message received: MT_AUDIO_SPEEDUP_FOR_RINGING_CALL.: ICA.aC->CAMSM.pM_2004@Bp0
08-05 17:08:10.454   916  4069 I Telecom : Event: RecordEntry TC@7: STOP_RINGER, null: ICA.aC(InCall package: com.android.dialer)@Bp0
08-05 17:08:10.454   916  2789 I Telecom : CallAudioRouteStateMachine: Message received: MUTE_OFF=3002, arg1=0: ICA.aC->CARSM.pM_MUTE_OFF@Bp0
08-05 17:08:10.454   916  2792 I Telecom : Event: RecordEntry TC@7: STOP_RINGER, null: ICA.aC->CAMSM.pM_2004@Bp0
08-05 17:08:10.455   916  2789 I Telecom : Event: RecordEntry TC@7: UNMUTE, null: ICA.aC->CARSM.pM_MUTE_OFF@Bp0
08-05 17:08:10.455   916 28303 I Telecom : AsyncRingtonePlayer: Stop ringtone.
08-05 17:08:10.460   916  2792 I Telecom : CallAudioModeStateMachine: Audio focus entering SIM CALL state: ICA.aC->CAMSM.pM_2004@Bp0
08-05 17:08:10.462   916  4069 I Telecom : Event: RecordEntry TC@7: REQUEST_ACCEPT, null: ICA.aC(InCall package: com.android.dialer)@Bp0
08-05 17:08:10.464   916  2789 I Telecom : CallAudioRouteStateMachine: setSystemAudioState: changing from [AudioState isMuted: false, route: EARPIECE, supportedRouteMask: EARPIECE, SPEAKER] to [AudioState isMuted: false, route: EARPIECE, supportedRouteMask: EARPIECE, SPEAKER]: ICA.aC->CARSM.pM_MUTE_OFF@Bp0
08-05 17:08:10.670   916  5118 I Telecom : InCallController: Sending updateCall [TC@7, RINGING, com.android.phone/com.android.services.telephony.TelephonyConnectionService, tel:*************, A, childs(0), has_parent(false), [Capabilities: CAPABILITY_SUPPORT_HOLD CAPABILITY_MUTE CAPABILITY_CANNOT_DOWNGRADE_VIDEO_TO_AUDIO CAPABILITY_SPEED_UP_MT_AUDIO], [Properties:]]: CSW.sSH@Bp4
08-05 17:08:10.670  2691  2691 I Telephony: GsmConnection: isAddParticipantCapable: isCapable = false
08-05 17:08:10.671  2691  2691 I Telephony: GsmConnection: isAddParticipantCapable: isCapable = false
08-05 17:08:10.679   916  5118 I Telecom : InCallController: Components updated: [ComponentInfo{com.android.dialer/com.android.incallui.InCallServiceImpl}]: CSW.sSH@Bp4
08-05 17:08:10.681   916  5118 I Telecom : InCallController: Sending updateCall [TC@7, RINGING, com.android.phone/com.android.services.telephony.TelephonyConnectionService, tel:*************, A, childs(0), has_parent(false), [Capabilities: CAPABILITY_SUPPORT_HOLD CAPABILITY_MUTE CAPABILITY_CANNOT_DOWNGRADE_VIDEO_TO_AUDIO CAPABILITY_SPEED_UP_MT_AUDIO], [Properties:]]: CSW.sCC@Bp8
08-05 17:08:10.686   916  5118 I Telecom : InCallController: Components updated: [ComponentInfo{com.android.dialer/com.android.incallui.InCallServiceImpl}]: CSW.sCC@Bp8
08-05 17:08:10.687   916  5118 I Telecom : CallsManager: setCallState RINGING -> ACTIVE, call: [TC@7, RINGING, com.android.phone/com.android.services.telephony.TelephonyConnectionService, tel:*************, A, childs(0), has_parent(false), [Capabilities: CAPABILITY_SUPPORT_HOLD CAPABILITY_MUTE CAPABILITY_CANNOT_DOWNGRADE_VIDEO_TO_AUDIO CAPABILITY_SPEED_UP_MT_AUDIO], [Properties:]]: CSW.sA@BqA
08-05 17:08:10.687   916  5118 I Telecom : Event: RecordEntry TC@7: SET_ACTIVE, active set explicitly: CSW.sA@BqA
08-05 17:08:10.689   916  5118 I Telecom : InCallController: Sending updateCall [TC@7, ACTIVE, com.android.phone/com.android.services.telephony.TelephonyConnectionService, tel:*************, A, childs(0), has_parent(false), [Capabilities: CAPABILITY_SUPPORT_HOLD CAPABILITY_MUTE CAPABILITY_CANNOT_DOWNGRADE_VIDEO_TO_AUDIO CAPABILITY_SPEED_UP_MT_AUDIO], [Properties:]]: CSW.sA@BqA
08-05 17:08:10.691   916  5118 I Telecom : InCallController: Components updated: [ComponentInfo{com.android.dialer/com.android.incallui.InCallServiceImpl}]: CSW.sA@BqA
08-05 17:08:10.692   916  5118 I Telecom : IncomingCallNotifier: updateIncomingCall: foundIncomingcall = null: CSW.sA@BqA
08-05 17:08:10.695   916  5118 I Telecom : PhoneStateBroadcaster: Broadcasted state change: 2: CSW.sA@BqA
08-05 17:08:10.695   916  5118 I Telecom : BluetoothPhoneService: making flag isAnswercallInProgress from true to false:: CSW.sA@BqA
08-05 17:08:10.696   916  5118 I Telecom : TelecomWakeLock: Releasing WakeLock with id: 26: CSW.sA@BqA
08-05 17:08:10.696   916  5118 I Telecom : InCallWakeLockController: Releasing full wake lock: CSW.sA@BqA
08-05 17:08:10.697   916   996 W BroadcastQueue: Permission Denial: receiving Intent { act=android.intent.action.PHONE_STATE flg=0x1000010 (has extras) } to ProcessRecord{be2b0f3 2461:com.android.systemui/u0a31} (pid=2461, uid=10031) requires android.permission.READ_PHONE_STATE due to sender android (uid 1000)
08-05 17:08:10.697   916  5118 I Telecom : InCallController: Sending updateCall [TC@7, ACTIVE, com.android.phone/com.android.services.telephony.TelephonyConnectionService, tel:*************, A, childs(0), has_parent(false), [Capabilities: CAPABILITY_SUPPORT_HOLD CAPABILITY_MUTE CAPABILITY_CANNOT_DOWNGRADE_VIDEO_TO_AUDIO CAPABILITY_SPEED_UP_MT_AUDIO], [Properties:]]: CSW.sSH@BqE
08-05 17:08:10.698   916  5118 I Telecom : InCallController: Components updated: [ComponentInfo{com.android.dialer/com.android.incallui.InCallServiceImpl}]: CSW.sSH@BqE
08-05 17:08:10.700   916  5118 I Telecom : InCallController: Sending updateCall [TC@7, ACTIVE, com.android.phone/com.android.services.telephony.TelephonyConnectionService, tel:*************, A, childs(0), has_parent(false), [Capabilities: CAPABILITY_HOLD CAPABILITY_SUPPORT_HOLD CAPABILITY_MUTE CAPABILITY_CANNOT_DOWNGRADE_VIDEO_TO_AUDIO CAPABILITY_SPEED_UP_MT_AUDIO], [Properties:]]: CSW.sCC@BqI
08-05 17:08:10.701   916  5118 I Telecom : InCallController: Components updated: [ComponentInfo{com.android.dialer/com.android.incallui.InCallServiceImpl}]: CSW.sCC@BqI
08-05 17:08:10.702   916  5118 I Telecom : Event: RecordEntry TC@7: CAPABILITY_CHANGE, Current: [[ hld sup_hld mut !v2a spd_aud]], Removed [[]], Added [[ hld]]: CSW.sCC@BqI
08-05 17:08:11.014   916  2792 I Telecom : CallAudioModeStateMachine: Message received: NO_MORE_RINGING_CALLS.: CSW.sA->CAMSM.pM_1002@BqA
08-05 17:08:11.014   916  2789 I Telecom : CallAudioRouteStateMachine: Message received: SWITCH_FOCUS=4001, arg1=2: ICA.aC->CAMSM.pM_2004->CARSM.pM_SWITCH_FOCUS@Bp0
08-05 17:08:11.015   916  2792 I Telecom : CallAudioModeStateMachine: Message received: NEW_ACTIVE_OR_DIALING_CALL.: CSW.sA->CAMSM.pM_2001@BqA
08-05 17:08:15.700   916   995 I UsageStatsService: User[0] Flushing usage stats to disk
08-05 17:08:20.681   916  4174 I Telecom : Event: RecordEntry TC@7: REQUEST_DISCONNECT, null: ICA.dC(InCall package: com.android.dialer)@Bqw
08-05 17:08:20.682   916  4174 I Telecom : Call: Send disconnect to connection service for call: [TC@7, ACTIVE, com.android.phone/com.android.services.telephony.TelephonyConnectionService, tel:*************, A, childs(0), has_parent(false), [Capabilities: CAPABILITY_HOLD CAPABILITY_SUPPORT_HOLD CAPABILITY_MUTE CAPABILITY_CANNOT_DOWNGRADE_VIDEO_TO_AUDIO CAPABILITY_SPEED_UP_MT_AUDIO], [Properties:]]: ICA.dC(InCall package: com.android.dialer)@Bqw
--------- beginning of main
08-05 17:08:20.876  2691  2691 E ImsMultiEndpointImpl: handleRefreshViceInfo listener null
08-05 17:08:20.882   916  4174 I Telecom : InCallController: Sending updateCall [TC@7, ACTIVE, com.android.phone/com.android.services.telephony.TelephonyConnectionService, tel:*************, A, childs(0), has_parent(false), [Capabilities: CAPABILITY_HOLD CAPABILITY_SUPPORT_HOLD CAPABILITY_MUTE CAPABILITY_CANNOT_DOWNGRADE_VIDEO_TO_AUDIO CAPABILITY_SPEED_UP_MT_AUDIO], [Properties:]]: CSW.sSH@Bq0
08-05 17:08:20.883   916  4174 I Telecom : InCallController: Components updated: [ComponentInfo{com.android.dialer/com.android.incallui.InCallServiceImpl}]: CSW.sSH@Bq0
08-05 17:08:20.885   916  4174 I Telecom : InCallController: Sending updateCall [TC@7, ACTIVE, com.android.phone/com.android.services.telephony.TelephonyConnectionService, tel:*************, A, childs(0), has_parent(false), [Capabilities: CAPABILITY_HOLD CAPABILITY_SUPPORT_HOLD CAPABILITY_MUTE CAPABILITY_CANNOT_DOWNGRADE_VIDEO_TO_AUDIO CAPABILITY_SPEED_UP_MT_AUDIO], [Properties:]]: CSW.sCC@Bq4
08-05 17:08:20.887   916  4174 I Telecom : InCallController: Components updated: [ComponentInfo{com.android.dialer/com.android.incallui.InCallServiceImpl}]: CSW.sCC@Bq4
08-05 17:08:20.887 20630 20630 I chatty  : uid=10014(com.android.dialer) expire 36 lines
08-05 17:08:20.889   916  4174 I Telecom : InCallController: Sending updateCall [TC@7, ACTIVE, com.android.phone/com.android.services.telephony.TelephonyConnectionService, tel:*************, A, childs(0), has_parent(false), [Capabilities: CAPABILITY_HOLD CAPABILITY_SUPPORT_HOLD CAPABILITY_MUTE CAPABILITY_CANNOT_DOWNGRADE_VIDEO_TO_AUDIO CAPABILITY_SPEED_UP_MT_AUDIO], [Properties:]]: CSW.sCC@Bq8
08-05 17:08:20.890   916  4174 I Telecom : InCallController: Components updated: [ComponentInfo{com.android.dialer/com.android.incallui.InCallServiceImpl}]: CSW.sCC@Bq8
08-05 17:08:20.891  2691  2691 I Telephony: GsmConnection: isAddParticipantCapable: isCapable = false
08-05 17:08:20.892  2691  2691 I Telephony: GsmConnection: isAddParticipantCapable: isCapable = false
08-05 17:08:20.893   916  4174 I Telecom : CallsManager: setCallState ACTIVE -> DISCONNECTED, call: [TC@7, ACTIVE, com.android.phone/com.android.services.telephony.TelephonyConnectionService, tel:*************, A, childs(0), has_parent(false), [Capabilities: CAPABILITY_HOLD CAPABILITY_SUPPORT_HOLD CAPABILITY_MUTE CAPABILITY_CANNOT_DOWNGRADE_VIDEO_TO_AUDIO CAPABILITY_SPEED_UP_MT_AUDIO], [Properties:]]: CSW.sDc@BrA
08-05 17:08:20.894   916  4174 I Telecom : Event: RecordEntry TC@7: SET_DISCONNECTED, disconnected set explicitly> DisconnectCause [ Code: (LOCAL) Label: () Description: () Reason: (LOCAL) Tone: (27) ]: CSW.sDc@BrA
08-05 17:08:20.898   916  4174 I Telecom : InCallController: Sending updateCall [TC@7, DISCONNECTED, com.android.phone/com.android.services.telephony.TelephonyConnectionService, tel:*************, A, childs(0), has_parent(false), [Capabilities: CAPABILITY_HOLD CAPABILITY_SUPPORT_HOLD CAPABILITY_MUTE CAPABILITY_CANNOT_DOWNGRADE_VIDEO_TO_AUDIO CAPABILITY_SPEED_UP_MT_AUDIO], [Properties:]]: CSW.sDc@BrA
08-05 17:08:20.900   916  4174 I Telecom : InCallController: Components updated: [ComponentInfo{com.android.dialer/com.android.incallui.InCallServiceImpl}]: CSW.sDc@BrA
08-05 17:08:20.902   916  2789 I Telecom : CallAudioRouteStateMachine: Message received: UPDATE_SYSTEM_AUDIO_ROUTE=1201, arg1=0: CSW.sDc->CARSM.pM_UPDATE_SYSTEM_AUDIO_ROUTE@BrA
08-05 17:08:20.904   916  2792 I Telecom : CallAudioModeStateMachine: Message received: TONE_STARTED_PLAYING.: CSW.sDc->CAMSM.pM_3001@BrA
08-05 17:08:20.909   916  4174 I Telecom : CallAudioManager: is ConfURI call disconnected = false call = [TC@7, DISCONNECTED, com.android.phone/com.android.services.telephony.TelephonyConnectionService, tel:*************, A, childs(0), has_parent(false), [Capabilities: CAPABILITY_HOLD CAPABILITY_SUPPORT_HOLD CAPABILITY_MUTE CAPABILITY_CANNOT_DOWNGRADE_VIDEO_TO_AUDIO CAPABILITY_SPEED_UP_MT_AUDIO], [Properties:]]: CSW.sDc@BrA
08-05 17:08:20.910   916  2792 I Telecom : CallAudioModeStateMachine: Message received: NO_MORE_ACTIVE_OR_DIALING_CALLS.: CSW.sDc->CAMSM.pM_1001@BrA
08-05 17:08:20.910   916  2792 I Telecom : CallAudioModeStateMachine: Audio focus entering TONE/HOLDING state: CSW.sDc->CAMSM.pM_1001@BrA
08-05 17:08:20.911   916  2792 I chatty  : uid=1000(system) CallAudioModeSt expire 7 lines
08-05 17:08:20.913   916  2784 I Telecom : BluetoothRouteManager: Running runnable for testing
08-05 17:08:20.913   916  2784 W Telecom : Logging: Log.endSession was called with no session active.
08-05 17:08:20.914   462   809 I AudioPolicyManagerCustom: FLAG None hence request for a primary output
08-05 17:08:20.917   916  4174 I Telecom : IncomingCallNotifier: updateIncomingCall: foundIncomingcall = null: CSW.sDc@BrA
08-05 17:08:20.918   916   916 I chatty  : uid=1000 system_server expire 6 lines
08-05 17:08:20.919  3914  4541 I chatty  : uid=10016(com.google.android.gms) lowpool[3] expire 1 line
08-05 17:08:20.923   916   996 I chatty  : uid=1000(system) ActivityManager expire 40 lines
08-05 17:08:20.928  3088  3088 D SecUISvc.CallReceiver: Phone Idle
08-05 17:08:20.928  3088  3088 E LibSecureUISvc: socket  not yet initialized
08-05 17:08:20.929  2461  2461 I chatty  : uid=10031(com.android.systemui) expire 84 lines
08-05 17:08:20.936   916  4174 I Telecom : PhoneStateBroadcaster: Broadcasted state change: 0: CSW.sDc@BrA
08-05 17:08:20.936   916   996 W BroadcastQueue: Permission Denial: receiving Intent { act=android.intent.action.PHONE_STATE flg=0x1000010 (has extras) } to ProcessRecord{be2b0f3 2461:com.android.systemui/u0a31} (pid=2461, uid=10031) requires android.permission.READ_PHONE_STATE due to sender android (uid 1000)
08-05 17:08:20.942  3088  3088 D SecUISvc.CallReceiver: Phone Idle
08-05 17:08:20.943  3088  3088 E LibSecureUISvc: socket  not yet initialized
08-05 17:08:20.956   916  4174 W ContextImpl: Calling a method in the system process without a qualified user: android.app.ContextImpl.sendBroadcast:981 android.content.ContextWrapper.sendBroadcast:442 com.android.server.telecom.CallLogManager.sendAddCallBroadcast:447 com.android.server.telecom.CallLogManager.logCall:290 com.android.server.telecom.CallLogManager.logCall:235 
08-05 17:08:20.975  2679  3361 D QcRilAudio: setParameters returned with: 0
08-05 17:08:20.979  2679  3361 D QcRilAudio: setParameters with: vsid=297816064;call_state=1
08-05 17:08:20.977   416   898 I chatty  : uid=1000(system) HwBinder:416_2 expire 101 lines
08-05 17:08:20.984  2679  3361 D QcRilAudio: setParameters returned with: 0
08-05 17:08:20.986   916 28400 I chatty  : uid=1000 system_server expire 2 lines
08-05 17:08:20.987  2679  3361 D QcRilAudio: setParameters with: vsid=297816064;call_state=1
08-05 17:08:20.992  2884  2917 I QcrilOemhookMsgTunnel: [0]processOemHookIndication length=47
08-05 17:08:21.000  2630  2777 I QCNEJ/CndHalConnector: -> SND notifyRatConnectionStatusChanged(rat = 0, DISCONNECTED)
08-05 17:08:21.006  2679  3361 D QcRilAudio: setParameters returned with: 0
08-05 17:08:21.047  2691  2815 I QImsService: Class : Num of SrvUpdates = 1
08-05 17:08:21.047  2691  2815 I QImsService: Class :  networkMode = 14 status = 2 restrictCause = 0 registered = 1
08-05 17:08:21.048  2691  2815 I QImsService: Class : RTT: copySrvStatusList rtt mode = 2
08-05 17:08:21.048  2691  2815 I QImsService: ImsSenderRxr : [UNSL]< UNSOL_SRV_STATUS_UPDATE [org.codeaurora.ims.ServiceStatus@5c84cd0][SUB0]
08-05 17:08:21.079   916  4953 I ActivityManager: Start proc 28402:com.google.android.gms.persistent/u0a16 for broadcast com.google.android.gms/.gcm.nts.SchedulerReceiver
08-05 17:08:21.082   916  4174 I Telecom : TelecomWakeLock: WakeLock already released with id: 26: CSW.sDc@BrA
08-05 17:08:21.082   916  4174 I Telecom : InCallWakeLockController: Releasing full wake lock: CSW.sDc@BrA
08-05 17:08:21.083   916  2789 I chatty  : uid=1000(system) uteStateMachine expire 4 lines
08-05 17:08:21.085   916  2789 I Telecom : CallAudioRouteStateMachine: setSystemAudioState: changing from [AudioState isMuted: false, route: EARPIECE, supportedRouteMask: EARPIECE, SPEAKER] to [AudioState isMuted: false, route: EARPIECE, supportedRouteMask: EARPIECE, SPEAKER]: CSW.sDc->CARSM.pM_UPDATE_SYSTEM_AUDIO_ROUTE@BrA
08-05 17:08:21.091  2884  2917 I QcrilOemhookMsgTunnel: [0]processOemHookIndication length=47
08-05 17:08:21.097   916  2789 I Telecom : InCallController: Calling onAudioStateChanged, audioState: [AudioState isMuted: false, route: EARPIECE, supportedRouteMask: EARPIECE, SPEAKER] -> [AudioState isMuted: false, route: EARPIECE, supportedRouteMask: EARPIECE, SPEAKER]: CSW.sDc->CARSM.pM_UPDATE_SYSTEM_AUDIO_ROUTE@BrA
08-05 17:08:21.102   916  4174 I Telecom : ConnectionServiceWrapper: Service unbound ComponentInfo{com.android.phone/com.android.services.telephony.TelephonyConnectionService}, from unbind.: CSW.rC@BrQ
08-05 17:08:21.104   916  4174 I Telecom : CallsManager: handleConnectionServiceDeath: service com.android.server.telecom.ConnectionServiceWrapper@b770467 died: CSW.rC@BrQ
08-05 17:08:21.105   916  4174 I Telecom : Event: RecordEntry TC@7: DESTROYED, null: CSW.rC@BrQ
08-05 17:08:21.107   916  4174 I Telecom : InCallController: onCallRemoved: [TC@7, DISCONNECTED, null, tel:*************, A, childs(0), has_parent(false), [Capabilities: CAPABILITY_HOLD CAPABILITY_SUPPORT_HOLD CAPABILITY_MUTE CAPABILITY_CANNOT_DOWNGRADE_VIDEO_TO_AUDIO CAPABILITY_SPEED_UP_MT_AUDIO], [Properties:]]: CSW.rC@BrQ
08-05 17:08:21.108  2884  2917 I QcrilOemhookMsgTunnel: [0]processOemHookIndication length=47
08-05 17:08:21.112   916  4174 I Telecom : ProximitySensorManager: All calls removed, resetting proximity sensor to default state: CSW.rC@BrQ
08-05 17:08:21.112   916  4174 I Telecom : TelecomWakeLock: WakeLock already released with id: 32: CSW.rC@BrQ
08-05 17:08:21.113   916  4174 I Telecom : IncomingCallNotifier: updateIncomingCall: foundIncomingcall = null: CSW.rC@BrQ
08-05 17:08:21.113   916  4174 I Telecom : TelecomWakeLock: WakeLock already released with id: 26: CSW.rC@BrQ
08-05 17:08:21.114   916  4174 I Telecom : InCallWakeLockController: Releasing full wake lock: CSW.rC@BrQ
08-05 17:08:21.120  2884  2917 I QcrilOemhookMsgTunnel: [0]processOemHookIndication length=21
08-05 17:08:21.120  2884  2884 D QcrilMsgTunnelIfaceManager: handleMessage what = 0
08-05 17:08:21.154   916  2789 I Telecom : CallAudioRouteStateMachine: Message received: SWITCH_FOCUS=4001, arg1=2: CSW.sDc->CAMSM.pM_1001->CARSM.pM_SWITCH_FOCUS@BrA
08-05 17:08:21.181   916 28401 I chatty  : uid=1000 system_server expire 1 line
08-05 17:08:21.200   916  4069 I chatty  : uid=1000(system) Binder:916_D expire 7 lines
08-05 17:08:21.214 20630 20630 W Dialer  : BottomSheetHelper shallShowMoreButton - returns false
08-05 17:08:21.215 20630 20630 W Dialer  : BottomSheetHelper shallShowMoreButton - returns false
08-05 17:08:21.220   916  2792 I Telecom : CallAudioModeStateMachine: Message received: TONE_STOPPED_PLAYING.: CSW.sDc->ICTP.r->ICTP.cUTP->CAMSM.pM_3002@BrA
08-05 17:08:21.220   916  2792 I Telecom : CallAudioModeStateMachine: Abandoning audio focus: now UNFOCUSED: CSW.sDc->ICTP.r->ICTP.cUTP->CAMSM.pM_3002@BrA
08-05 17:08:21.223 20630 20630 I Dialer  : VideoPauseController.onStateChange - hasPrimaryCallChanged: false, videoCanPause: false, isInBackground: false
08-05 17:08:21.224   462 26382 D AudioPolicyManagerCustom: setPhoneState() state 0
08-05 17:08:21.224   462 26382 D AudioPolicyManagerCustom: voice_conc:EXITING from call mode oldState :: 2 state::0 
08-05 17:08:21.225 20630 20630 I Dialer  : InCallCsRedialHandler - onDisconnect
08-05 17:08:21.225   462 26382 D AudioPolicyManagerCustom: voice_conc:calling restoreOutput after call mode for primary output
08-05 17:08:21.225 20630 20630 I Dialer  : InCallCsRedialHandler - checkForCsRetry failCause: -1
08-05 17:08:21.226   416   416 I chatty  : uid=1000(system) /vendor/bin/hw/hal-server expire 12 lines
08-05 17:08:21.228 20630 20630 I Dialer  : CallList.onUpdateCall - [DialerCall_2, DISCONNECTED, [Capabilities: CAPABILITY_HOLD CAPABILITY_SUPPORT_HOLD CAPABILITY_MUTE CAPABILITY_CANNOT_DOWNGRADE_VIDEO_TO_AUDIO], [Properties:], children:[], parent:null, conferenceable:[], videoState:Audio Only, mSessionModificationState:0, CameraDir:-1]
08-05 17:08:21.229 20630 20630 I Dialer  : InCallPresenter.onCallListChange - Phone switching state: INCALL -> INCALL
08-05 17:08:21.272 20630 20630 I Dialer  : InCallFragment.setPrimary - PrimaryInfo, number: +** ***** *****, name: Redacted-15-chars, location: null, label: null, photo: null, photoType: 0, isPhotoVisible: true, MultimediaData: null
08-05 17:08:21.274 20630 20630 I Dialer  : CallCardPresenter.getLocationFragment - shouldn't show location
08-05 17:08:21.275 20630 20630 I Dialer  : InCallFragment.setPrimary - PrimaryInfo, number: +** ***** *****, name: Redacted-15-chars, location: Redacted-5-chars, label: null, photo: null, photoType: 0, isPhotoVisible: true, MultimediaData: null
08-05 17:08:21.277 20630 20630 I Dialer  : CallCardPresenter.getLocationFragment - shouldn't show location
08-05 17:08:21.278 20630 20630 I Dialer  : InCallFragment.setSecondary - SecondaryInfo, show: false, name: null, label: null, providerLabel: null
08-05 17:08:21.279 20630 20630 W Dialer  : BottomSheetHelper shallShowMoreButton - returns false
08-05 17:08:21.280 20630 20630 W ResourceType: Failure getting entry for 0x7f100288 (t=15 e=648) (error -75)
08-05 17:08:21.287 20630 20630 W Dialer  : BottomSheetHelper.getPhoneId - primaryCall is null.
08-05 17:08:21.287 20630 20630 D QtiCarrierConfigHelper: Invalid phone ID: -1
08-05 17:08:21.289 28402 28402 I chatty  : uid=10016(com.google.android.gms) expire 18 lines
08-05 17:08:21.289 20630 20630 I Dialer  : InCallFragment.setCallState - PrimaryCallState, state: 10, connectionLabel: 
08-05 17:08:21.305 20630 20630 W Dialer  : BottomSheetHelper shallShowMoreButton - returns false
08-05 17:08:21.305 20630 20630 I Dialer  : InCallActivity.onPrimaryCallStateChanged
08-05 17:08:21.307 20630 20630 I Dialer  : InCallActivity.showMainInCallFragment - shouldShowAnswerUi: false, shouldShowVideoUi: false, didShowAnswerScreen: false, didShowInCallScreen: true, didShowVideoCallScreen: false
08-05 17:08:21.307 20630 20630 I Dialer  : InCallFragment.onInCallShowDialpad - isShown: false
08-05 17:08:21.307 20630 20630 W Dialer  : BottomSheetHelper shallShowMoreButton - returns false
08-05 17:08:21.308 20630 20630 W Dialer  : BottomSheetHelper shallShowMoreButton - returns false
08-05 17:08:21.310 20630 20630 I Dialer  : VideoPauseController.onStateChange - hasPrimaryCallChanged: false, videoCanPause: false, isInBackground: false
08-05 17:08:21.311 20630 20630 W ResourceType: Failure getting entry for 0x7f100288 (t=15 e=648) (error -75)
08-05 17:08:21.319 20630 20630 W Dialer  : BottomSheetHelper.getPhoneId - primaryCall is null.
08-05 17:08:21.319 20630 20630 D QtiCarrierConfigHelper: Invalid phone ID: -1
08-05 17:08:21.321 20630 20630 I Dialer  : InCallFragment.setCallState - PrimaryCallState, state: 10, connectionLabel: 
08-05 17:08:21.362 20630 20630 W Dialer  : BottomSheetHelper shallShowMoreButton - returns false
08-05 17:08:21.363 20630 20630 I Dialer  : InCallActivity.onPrimaryCallStateChanged
08-05 17:08:21.364 20630 20630 I Dialer  : InCallActivity.showMainInCallFragment - shouldShowAnswerUi: false, shouldShowVideoUi: false, didShowAnswerScreen: false, didShowInCallScreen: true, didShowVideoCallScreen: false
08-05 17:08:21.365 20630 20630 I Dialer  : InCallFragment.onInCallShowDialpad - isShown: false
08-05 17:08:21.365 20630 20630 W Dialer  : BottomSheetHelper shallShowMoreButton - returns false
08-05 17:08:21.369 20630 20630 I Dialer  : InCallLowBatteryListener - onDetailsChanged call = [DialerCall_2, DISCONNECTED, [Capabilities: CAPABILITY_HOLD CAPABILITY_SUPPORT_HOLD CAPABILITY_MUTE CAPABILITY_CANNOT_DOWNGRADE_VIDEO_TO_AUDIO], [Properties:], children:[], parent:null, conferenceable:[], videoState:Audio Only, mSessionModificationState:0, CameraDir:-1] details = [pa: ComponentInfo{com.android.phone/com.android.services.telephony.TelephonyConnectionService}, [14d862c1c64e05cc4d1f5d328262495897e420c1], UserHandle{0}, hdl: [7055e69978d7c1d0c4d69708c0e03ef11a64fd20], caps: [Capabilities: CAPABILITY_HOLD CAPABILITY_SUPPORT_HOLD CAPABILITY_MUTE CAPABILITY_CANNOT_DOWNGRADE_VIDEO_TO_AUDIO], props: [Properties:]]
08-05 17:08:21.369 20630 20630 I Dialer  : InCallLowBatteryListener - onDetailsChanged: no primary call.Clear the map/dismiss low battery alert
08-05 17:08:21.371 20630 20630 E Dialer  : OrientationModeHandler - onDetailsChanged: call is non-primary call
08-05 17:08:21.372 20630 20630 W Dialer  : CallList.onCallRemoved - Removing call not previously disconnected DialerCall_2
08-05 17:08:21.414 20630 20630 I Dialer  : InCallPresenter.attemptFinishActivity - Hide in call UI: true
08-05 17:08:21.415  2691 28421 D CallNotifier: SignalInfoTonePlayer.run(toneId = 98)...
08-05 17:08:21.416  2691 28421 D CallNotifier: mSignalInfoToneGenerator created already, hence skipping
08-05 17:08:21.420 20630 20630 I Dialer  : InCallActivity.shouldCloseActivityOnFinish - activity is visible and has no dialogs, allowing activity to close
08-05 17:08:21.425   916  4174 I chatty  : uid=1000(system) Binder:916_F expire 11 lines
08-05 17:08:21.435 20630 20630 I Dialer  : InCallPresenter.onCallListChange - Phone switching state: INCALL -> NO_CALLS
08-05 17:08:21.436 20630 20630 I Dialer  : InCallFragment.setSecondary - SecondaryInfo, show: false, name: null, label: null, providerLabel: null
08-05 17:08:21.438 20630 20630 W Dialer  : BottomSheetHelper shallShowMoreButton - returns false
08-05 17:08:21.439 20630 20630 I Dialer  : InCallFragment.setCallState - PrimaryCallState, state: 2, connectionLabel: null
08-05 17:08:21.450 20630 20630 W Dialer  : BottomSheetHelper shallShowMoreButton - returns false
08-05 17:08:21.451 20630 20630 W Dialer  : BottomSheetHelper shallShowMoreButton - returns false
08-05 17:08:21.459 20630 20630 I Dialer  : VideoPauseController.onStateChange - hasPrimaryCallChanged: false, videoCanPause: false, isInBackground: false
08-05 17:08:21.460 20630 20630 I Dialer  : InCallActivity.onPause
08-05 17:08:21.467 20630 20630 I Dialer  : ProximitySensor.updateProximitySensorMode - screenOnImmediately: false, dialPadVisible: false, offHook: false, horizontal: false, uiShowing: false, audioRoute: EARPIECE
08-05 17:08:21.468 20630 20630 I Dialer  : ProximitySensor.turnOffProximitySensor - wake lock already released
08-05 17:08:21.469 20630 20630 I Dialer  : InCallActivity.onPrimaryCallStateChanged
08-05 17:08:21.469 20630 20630 I Dialer  : InCallActivity.getShouldShowVideoUi - null call
08-05 17:08:21.469 20630 20630 I Dialer  : InCallActivity.showMainInCallFragment - shouldShowAnswerUi: false, shouldShowVideoUi: false, didShowAnswerScreen: false, didShowInCallScreen: true, didShowVideoCallScreen: false
08-05 17:08:21.471  2691  2691 I QImsService: ImsServiceSubHandler : Message received: what = 4
08-05 17:08:21.471  2691  2691 I QImsService: ImsServiceSubHandler : Received event: EVENT_SRV_STATUS_UPDATE
08-05 17:08:21.471  2691  2691 I QImsService: ImsServiceSub : type = 11 status = 0 isValid = true
08-05 17:08:21.471  2691  2691 I QImsService: ImsServiceSub : Call Type 11has num updates = 1
08-05 17:08:21.471  2691  2691 I QImsService: ImsServiceSub : StatusForAccessTech networkMode = 14 registered = 1 status = 2 restrictCause = 0
08-05 17:08:21.471  2691  2691 I QImsService: ImsServiceSub : enabledFeature = 4
08-05 17:08:21.471  2691  2691 I QImsService: ImsServiceClassTracker : updateFeatureCapabilities video false voice false
08-05 17:08:21.471  2691  2691 I QImsService: ImsServiceStateReceiver : updateHDIcon isVideo : false isVoice : false phoneId: 0 show HD Icon: false
08-05 17:08:21.472 20630 20630 I Dialer  : InCallFragment.onInCallShowDialpad - isShown: false
08-05 17:08:21.472 20630 20630 W Dialer  : BottomSheetHelper shallShowMoreButton - returns false
08-05 17:08:21.472 20630 20630 I Dialer  : InCallPresenter.updateActivity - UI Destroyed
