01-06 07:46:33.999  9859  9859 I Settings: Content JS LOG: before-------info [object Object] 
01-06 07:46:33.999  9859  9859 I Settings:     at _rootReset (app://settings.gaiamobile.org/js/navigation_map.js:248:9)
01-06 07:46:33.999  9859  9859 I FocusManager: << focus() called >>
01-06 07:46:33.999  9859  9859 I FocusManager:    trying to set focus on, tag: LI, id: , class: focus
01-06 07:46:34.029  9859  9859 I FocusManager:    current focused element, tag: LI, id: , class: 
01-06 07:46:34.029  9859  9859 I FocusManager: <- blur on, tag: LI, id: , class: 
01-06 07:46:34.029  9859  9859 I FocusManager: -> focus is now on, tag: LI, id: , class: focus
01-06 07:46:34.039  9859  9859 I Settings: Content JS LOG: NavigationMap update 
01-06 07:46:34.039  9859  9859 I Settings:     at _update (app://settings.gaiamobile.org/js/navigation_map.js:401:7)
01-06 07:46:34.039  9859  9859 I Gecko   : [BrowserElement] event type: keydown, key: ArrowRight, target: [object HTMLLIElement]
01-06 07:46:34.159   485   485 I Gecko   : [BrowserElement] event type: keyup, key: ArrowRight, target: [object HTMLIFrameElement], src: app://settings.gaiamobile.org/index.html, id: browser28, class: browser
01-06 07:46:34.159  9859  9859 I Gecko   : [BrowserElement] event type: keyup, key: ArrowRight, target: [object HTMLLIElement], class: focus
01-06 07:46:34.499   485   485 I Gecko   : [BrowserElement] event type: keydown, key: ArrowRight, target: [object HTMLIFrameElement], src: app://settings.gaiamobile.org/index.html, id: browser28, class: browser
01-06 07:46:34.529  9859  9859 I Settings: Content JS LOG: before-------info [object Object] 
01-06 07:46:34.529  9859  9859 I Settings:     at _rootReset (app://settings.gaiamobile.org/js/navigation_map.js:248:9)
01-06 07:46:34.529  9859  9859 I Settings: Content JS LOG: before-------info [object Object] 
01-06 07:46:34.529  9859  9859 I Settings:     at _rootReset (app://settings.gaiamobile.org/js/navigation_map.js:248:9)
01-06 07:46:34.529  9859  9859 I FocusManager: << focus() called >>
01-06 07:46:34.529  9859  9859 I FocusManager:    trying to set focus on, tag: LI, id: , class: focus
01-06 07:46:34.559  9859  9859 I FocusManager:    current focused element, tag: LI, id: , class: 
01-06 07:46:34.559  9859  9859 I FocusManager: <- blur on, tag: LI, id: , class: 
01-06 07:46:34.559  9859  9859 I FocusManager: -> focus is now on, tag: LI, id: , class: focus
01-06 07:46:34.569  9859  9859 I Settings: Content JS LOG: NavigationMap update 
01-06 07:46:34.569  9859  9859 I Settings:     at _update (app://settings.gaiamobile.org/js/navigation_map.js:401:7)
01-06 07:46:34.569  9859  9859 I Gecko   : [BrowserElement] event type: keydown, key: ArrowRight, target: [object HTMLLIElement]
01-06 07:46:34.659   485   485 I Gecko   : [BrowserElement] event type: keyup, key: ArrowRight, target: [object HTMLIFrameElement], src: app://settings.gaiamobile.org/index.html, id: browser28, class: browser
01-06 07:46:34.659  9859  9859 I Gecko   : [BrowserElement] event type: keyup, key: ArrowRight, target: [object HTMLLIElement], class: focus
01-06 07:46:34.799   485   485 I Gecko   : [BrowserElement] event type: keydown, key: ArrowRight, target: [object HTMLIFrameElement], src: app://settings.gaiamobile.org/index.html, id: browser28, class: browser
01-06 07:46:34.829  9859  9859 I Settings: Content JS LOG: before-------info [object Object] 
01-06 07:46:34.829  9859  9859 I Settings:     at _rootReset (app://settings.gaiamobile.org/js/navigation_map.js:248:9)
01-06 07:46:34.839  9859  9859 I Settings: Content JS LOG: before-------info [object Object] 
01-06 07:46:34.839  9859  9859 I Settings:     at _rootReset (app://settings.gaiamobile.org/js/navigation_map.js:248:9)
01-06 07:46:34.839  9859  9859 I Settings: Content JS LOG: before-------info [object Object] 
01-06 07:46:34.839  9859  9859 I Settings:     at _rootReset (app://settings.gaiamobile.org/js/navigation_map.js:248:9)
01-06 07:46:34.839  9859  9859 I FocusManager: << focus() called >>
01-06 07:46:34.839  9859  9859 I FocusManager:    trying to set focus on, tag: LI, id: , class: focus
01-06 07:46:34.859  9859  9859 I FocusManager:    current focused element, tag: LI, id: , class: 
01-06 07:46:34.859  9859  9859 I FocusManager: <- blur on, tag: LI, id: , class: 
01-06 07:46:34.859  9859  9859 I FocusManager: -> focus is now on, tag: LI, id: , class: focus
01-06 07:46:34.869  9859  9859 I Settings: Content JS LOG: NavigationMap update 
01-06 07:46:34.869  9859  9859 I Settings:     at _update (app://settings.gaiamobile.org/js/navigation_map.js:401:7)
01-06 07:46:34.869  9859  9859 I Gecko   : [BrowserElement] event type: keydown, key: ArrowRight, target: [object HTMLLIElement]
01-06 07:46:34.909   485   485 I Gecko   : [BrowserElement] event type: keyup, key: ArrowRight, target: [object HTMLIFrameElement], src: app://settings.gaiamobile.org/index.html, id: browser28, class: browser
01-06 07:46:34.919  9859  9859 I Gecko   : [BrowserElement] event type: keyup, key: ArrowRight, target: [object HTMLLIElement], class: focus
01-06 07:46:35.229   485   485 I Gecko   : [BrowserElement] event type: keydown, key: ArrowRight, target: [object HTMLIFrameElement], src: app://settings.gaiamobile.org/index.html, id: browser28, class: browser
01-06 07:46:35.269  9859  9859 I Settings: Content JS LOG: before-------info [object Object] 
01-06 07:46:35.269  9859  9859 I Settings:     at _rootReset (app://settings.gaiamobile.org/js/navigation_map.js:248:9)
01-06 07:46:35.269  9859  9859 I Settings: Content JS LOG: before-------info [object Object] 
01-06 07:46:35.269  9859  9859 I Settings:     at _rootReset (app://settings.gaiamobile.org/js/navigation_map.js:248:9)
01-06 07:46:35.269  9859  9859 I Settings: Content JS LOG: before-------info [object Object] 
01-06 07:46:35.269  9859  9859 I Settings:     at _rootReset (app://settings.gaiamobile.org/js/navigation_map.js:248:9)
01-06 07:46:35.269  9859  9859 I Settings: Content JS LOG: before-------info [object Object] 
01-06 07:46:35.269  9859  9859 I Settings:     at _rootReset (app://settings.gaiamobile.org/js/navigation_map.js:248:9)
01-06 07:46:35.269  9859  9859 I FocusManager: << focus() called >>
01-06 07:46:35.269  9859  9859 I FocusManager:    trying to set focus on, tag: LI, id: fota-settings, class: focus
01-06 07:46:35.299  9859  9859 I FocusManager:    current focused element, tag: LI, id: , class: 
01-06 07:46:35.299  9859  9859 I FocusManager: <- blur on, tag: LI, id: , class: 
01-06 07:46:35.299  9859  9859 I FocusManager: -> focus is now on, tag: LI, id: fota-settings, class: focus
01-06 07:46:35.309  9859  9859 I Settings: Content JS LOG: NavigationMap update 
01-06 07:46:35.309  9859  9859 I Settings:     at _update (app://settings.gaiamobile.org/js/navigation_map.js:401:7)
01-06 07:46:35.309  9859  9859 I Gecko   : [BrowserElement] event type: keydown, key: ArrowRight, target: [object HTMLLIElement]
01-06 07:46:35.379   485   485 I Gecko   : [BrowserElement] event type: keyup, key: ArrowRight, target: [object HTMLIFrameElement], src: app://settings.gaiamobile.org/index.html, id: browser28, class: browser
01-06 07:46:35.389  9859  9859 I Gecko   : [BrowserElement] event type: keyup, key: ArrowRight, target: [object HTMLLIElement], id: fota-settings, class: focus
01-06 07:46:35.569   485   485 I Gecko   : [BrowserElement] event type: keydown, key: ArrowRight, target: [object HTMLIFrameElement], src: app://settings.gaiamobile.org/index.html, id: browser28, class: browser
01-06 07:46:35.609  9859  9859 I Settings: Content JS LOG: before-------info [object Object] 
01-06 07:46:35.609  9859  9859 I Settings:     at _rootReset (app://settings.gaiamobile.org/js/navigation_map.js:248:9)
01-06 07:46:35.609  9859  9859 I Settings: Content JS LOG: before-------info [object Object] 
01-06 07:46:35.609  9859  9859 I Settings:     at _rootReset (app://settings.gaiamobile.org/js/navigation_map.js:248:9)
01-06 07:46:35.609  9859  9859 I Settings: Content JS LOG: before-------info [object Object] 
01-06 07:46:35.609  9859  9859 I Settings:     at _rootReset (app://settings.gaiamobile.org/js/navigation_map.js:248:9)
01-06 07:46:35.609  9859  9859 I Settings: Content JS LOG: before-------info [object Object] 
01-06 07:46:35.609  9859  9859 I Settings:     at _rootReset (app://settings.gaiamobile.org/js/navigation_map.js:248:9)
01-06 07:46:35.609  9859  9859 I Settings: Content JS LOG: before-------info [object Object] 
01-06 07:46:35.609  9859  9859 I Settings:     at _rootReset (app://settings.gaiamobile.org/js/navigation_map.js:248:9)
01-06 07:46:35.609  9859  9859 I FocusManager: << focus() called >>
01-06 07:46:35.609  9859  9859 I FocusManager:    trying to set focus on, tag: LI, id: , class: focus
01-06 07:46:35.659  9859  9859 I FocusManager:    current focused element, tag: LI, id: fota-settings, class: 
01-06 07:46:35.659  9859  9859 I FocusManager: <- blur on, tag: LI, id: fota-settings, class: 
01-06 07:46:35.659  9859  9859 I FocusManager: -> focus is now on, tag: LI, id: , class: focus
01-06 07:46:35.669  9859  9859 I Settings: Content JS LOG: NavigationMap update 
01-06 07:46:35.669  9859  9859 I Settings:     at _update (app://settings.gaiamobile.org/js/navigation_map.js:401:7)
01-06 07:46:35.669  9859  9859 I Gecko   : [BrowserElement] event type: keydown, key: ArrowRight, target: [object HTMLLIElement], id: fota-settings
01-06 07:46:35.679   485   485 I Gecko   : [BrowserElement] event type: keyup, key: ArrowRight, target: [object HTMLIFrameElement], src: app://settings.gaiamobile.org/index.html, id: browser28, class: browser
01-06 07:46:35.739  9859  9859 I Gecko   : [BrowserElement] event type: keyup, key: ArrowRight, target: [object HTMLLIElement], class: focus
01-06 07:46:36.039   475   660 D ThermalEngine: sensor_wait: case_therm Wait done.
01-06 07:46:36.039   475   660 D ThermalEngine: sensor_monitor: case_therm Reading 30000 .
01-06 07:46:36.039   475   660 I ThermalEngine: Sensor:case_therm:30000 mC
01-06 07:46:36.039   475   660 D ThermalEngine: update_active_thresh: case_therm Active(1), Hi(1) 42000, Lo(0) -2147483648, Interval(1) 5000
01-06 07:46:36.039   475   660 D ThermalEngine: sensor_monitor: case_therm Sensor wait.
01-06 07:46:36.039   475   660 D ThermalEngine: sensor_wait: case_therm Wait start. 5000ms
01-06 07:46:36.039   475   658 D ThermalEngine: sensor_wait: xo_therm Wait done.
01-06 07:46:36.039   475   658 D ThermalEngine: sensor_monitor: xo_therm Reading 38000 .
01-06 07:46:36.039   475   658 I ThermalEngine: Sensor:xo_therm:38000 mC
01-06 07:46:36.039   475   658 D ThermalEngine: update_active_thresh: xo_therm Active(1), Hi(1) 39000, Lo(0) -2147483648, Interval(1) 5000
01-06 07:46:36.039   475   658 D ThermalEngine: sensor_monitor: xo_therm Sensor wait.
01-06 07:46:36.039   475   658 D ThermalEngine: sensor_wait: xo_therm Wait start. 5000ms
01-06 07:46:36.379   485   485 I Gecko   : [BrowserElement] event type: keydown, key: ArrowLeft, target: [object HTMLIFrameElement], src: app://settings.gaiamobile.org/index.html, id: browser28, class: browser
01-06 07:46:36.409  9859  9859 I Settings: Content JS LOG: before-------info [object Object] 
01-06 07:46:36.409  9859  9859 I Settings:     at _rootReset (app://settings.gaiamobile.org/js/navigation_map.js:248:9)
01-06 07:46:36.409  9859  9859 I Settings: Content JS LOG: before-------info [object Object] 
01-06 07:46:36.409  9859  9859 I Settings:     at _rootReset (app://settings.gaiamobile.org/js/navigation_map.js:248:9)
01-06 07:46:36.409  9859  9859 I Settings: Content JS LOG: before-------info [object Object] 
01-06 07:46:36.409  9859  9859 I Settings:     at _rootReset (app://settings.gaiamobile.org/js/navigation_map.js:248:9)
01-06 07:46:36.409  9859  9859 I Settings: Content JS LOG: before-------info [object Object] 
01-06 07:46:36.409  9859  9859 I Settings:     at _rootReset (app://settings.gaiamobile.org/js/navigation_map.js:248:9)
01-06 07:46:36.409  9859  9859 I Settings: Content JS LOG: before-------info [object Object] 
01-06 07:46:36.409  9859  9859 I Settings:     at _rootReset (app://settings.gaiamobile.org/js/navigation_map.js:248:9)
01-06 07:46:36.409  9859  9859 I Settings: Content JS LOG: before-------info [object Object] 
01-06 07:46:36.409  9859  9859 I Settings:     at _rootReset (app://settings.gaiamobile.org/js/navigation_map.js:248:9)
01-06 07:46:36.419  9859  9859 I FocusManager: << focus() called >>
01-06 07:46:36.419  9859  9859 I FocusManager:    trying to set focus on, tag: LI, id: fota-settings, class: focus
01-06 07:46:36.439  9859  9859 I FocusManager:    current focused element, tag: LI, id: , class: 
01-06 07:46:36.439  9859  9859 I FocusManager: <- blur on, tag: LI, id: , class: 
01-06 07:46:36.449  9859  9859 I FocusManager: -> focus is now on, tag: LI, id: fota-settings, class: focus
01-06 07:46:36.459  9859  9859 I Settings: Content JS LOG: NavigationMap update 
01-06 07:46:36.459  9859  9859 I Settings:     at _update (app://settings.gaiamobile.org/js/navigation_map.js:401:7)
01-06 07:46:36.459  9859  9859 I Gecko   : [BrowserElement] event type: keydown, key: ArrowLeft, target: [object HTMLLIElement]
01-06 07:46:36.549   485   485 I Gecko   : [BrowserElement] event type: keyup, key: ArrowLeft, target: [object HTMLIFrameElement], src: app://settings.gaiamobile.org/index.html, id: browser28, class: browser
01-06 07:46:36.559  9859  9859 I Gecko   : [BrowserElement] event type: keyup, key: ArrowLeft, target: [object HTMLLIElement], id: fota-settings, class: focus
01-06 07:46:36.649 10098 10121 I (Preallocated app): PAC file installed from data: URI
01-06 07:46:36.929  2525  2525 E sdcard  : missing packages.list; retrying
01-06 07:46:37.769   485   485 I Gecko   : [BrowserElement] event type: keydown, key: ArrowDown, target: [object HTMLIFrameElement], src: app://settings.gaiamobile.org/index.html, id: browser28, class: browser
01-06 07:46:37.799  9859  9859 I FocusManager: << focus() called >>
01-06 07:46:37.799  9859  9859 I FocusManager:    trying to set focus on, tag: LI, id: , class: focus
01-06 07:46:37.809  9859  9859 I FocusManager:    current focused element, tag: LI, id: fota-settings, class: 
01-06 07:46:37.809  9859  9859 I FocusManager: <- blur on, tag: LI, id: fota-settings, class: 
01-06 07:46:37.809  9859  9859 I FocusManager: -> focus is now on, tag: LI, id: , class: focus
01-06 07:46:37.819  9859  9859 I Gecko   : [BrowserElement] event type: keydown, key: ArrowDown, target: [object HTMLLIElement], id: fota-settings
01-06 07:46:37.929   485   485 D QLOC-OSAgent: WIFIHARDWARESTATE_DATA_ITEM_ID: 0
01-06 07:46:37.929   485   485 E IzatSvc_OSObserver: I/LocTech-Label :: OSOBSERVER :: Data Items In
01-06 07:46:37.929   485   485 E IzatSvc_OSObserver: I/LocTech-Value :: Data Item Value: IS_WIFI_HARDWARE_ON: false
01-06 07:46:37.939   485   485 E GeckoConsole: [JavaScript Error: "NS_ERROR_NOT_IMPLEMENTED: Component returned failure code: 0x80004001 (NS_ERROR_NOT_IMPLEMENTED) [nsIQMozSettingsCallback.notifyMozSettingChangeBool]" {file: "file:///system/b2g/distribution/bundles/location/QMozSettingsShim.js" line: 6}]
01-06 07:46:37.939   485   485 I Gecko   : [SUB0] QCONTENT_HELPER Received observer notification: mozsettings-changed
01-06 07:46:37.999   485   485 I Gecko   : [BrowserElement] event type: keyup, key: ArrowDown, target: [object HTMLIFrameElement], src: app://settings.gaiamobile.org/index.html, id: browser28, class: browser
01-06 07:46:38.049  9859  9859 I Gecko   : [BrowserElement] event type: keyup, key: ArrowDown, target: [object HTMLLIElement], class: focus
01-06 07:46:39.019   485   485 I Gecko   : [BrowserElement] event type: keydown, key: ArrowDown, target: [object HTMLIFrameElement], src: app://settings.gaiamobile.org/index.html, id: browser28, class: browser
01-06 07:46:39.029  9859  9859 I FocusManager: << focus() called >>
01-06 07:46:39.029  9859  9859 I FocusManager:    trying to set focus on, tag: LI, id: , class: focus
01-06 07:46:39.039  9859  9859 I FocusManager:    current focused element, tag: LI, id: , class: 
01-06 07:46:39.039  9859  9859 I FocusManager: <- blur on, tag: LI, id: , class: 
01-06 07:46:39.039  9859  9859 I FocusManager: -> focus is now on, tag: LI, id: , class: focus
01-06 07:46:39.049  9859  9859 I Gecko   : [BrowserElement] event type: keydown, key: ArrowDown, target: [object HTMLLIElement]
01-06 07:46:39.189   485   485 I Gecko   : [BrowserElement] event type: keyup, key: ArrowDown, target: [object HTMLIFrameElement], src: app://settings.gaiamobile.org/index.html, id: browser28, class: browser
01-06 07:46:39.189  9859  9859 I Gecko   : [BrowserElement] event type: keyup, key: ArrowDown, target: [object HTMLLIElement], class: focus
01-06 07:46:39.699   485   485 I Gecko   : [BrowserElement] event type: keydown, key: ArrowUp, target: [object HTMLIFrameElement], src: app://settings.gaiamobile.org/index.html, id: browser28, class: browser
01-06 07:46:39.699  9859  9859 I FocusManager: << focus() called >>
01-06 07:46:39.699  9859  9859 I FocusManager:    trying to set focus on, tag: LI, id: , class: focus
01-06 07:46:39.709  9859  9859 I FocusManager:    current focused element, tag: LI, id: , class: 
01-06 07:46:39.709  9859  9859 I FocusManager: <- blur on, tag: LI, id: , class: 
01-06 07:46:39.709  9859  9859 I FocusManager: -> focus is now on, tag: LI, id: , class: focus
01-06 07:46:39.719  9859  9859 I Gecko   : [BrowserElement] event type: keydown, key: ArrowUp, target: [object HTMLLIElement]
01-06 07:46:39.879   485   485 I Gecko   : [BrowserElement] event type: keyup, key: ArrowUp, target: [object HTMLIFrameElement], src: app://settings.gaiamobile.org/index.html, id: browser28, class: browser
01-06 07:46:39.889  9859  9859 I Gecko   : [BrowserElement] event type: keyup, key: ArrowUp, target: [object HTMLLIElement], class: focus
01-06 07:46:39.929  2525  2525 E sdcard  : missing packages.list; retrying
01-06 07:46:40.129   485   485 I Gecko   : [BrowserElement] event type: keydown, key: Enter, target: [object HTMLIFrameElement], src: app://settings.gaiamobile.org/index.html, id: browser28, class: browser
01-06 07:46:40.139  9859  9859 I FocusManager: << focus() called >>
01-06 07:46:40.139  9859  9859 I FocusManager:    trying to set focus on, tag: LI, id: , class: focus
01-06 07:46:40.139  9859  9859 I FocusManager: Warning: element is already focused.
01-06 07:46:40.179  9859  9859 I Gecko   : [BrowserElement] event type: keydown, key: Enter, target: [object HTMLLIElement], class: focus
01-06 07:46:40.319   485   485 I Gecko   : [BrowserElement] event type: keyup, key: Enter, target: [object HTMLIFrameElement], src: app://settings.gaiamobile.org/index.html, id: browser28, class: browser
01-06 07:46:40.339  9859  9859 I Gecko   : [BrowserElement] event type: keyup, key: Enter, target: [object HTMLLIElement], class: focus
01-06 07:46:40.599  9859  9859 I FocusManager: << focus() called >>
01-06 07:46:40.599  9859  9859 I FocusManager:    trying to set focus on, tag: FORM, id: softkeyPanel, class: skbar none-paddings visible focused
01-06 07:46:40.599  9859  9859 I FocusManager: Warning: element is not focusable.
01-06 07:46:41.019  9859  9859 I Settings: Content JS LOG: ***open new page operation, previous panel --> #root 
01-06 07:46:41.019  9859  9859 I Settings:     at _findNaviId (app://settings.gaiamobile.org/js/navigation_map.js:440:9)
01-06 07:46:41.019  9859  9859 I Settings: Content JS LOG: ***previous panel focus navi id --> 52 
01-06 07:46:41.019  9859  9859 I Settings:     at _findNaviId (app://settings.gaiamobile.org/js/navigation_map.js:452:9)
01-06 07:46:41.029  9859  9859 I FocusManager: << focus() called >>
01-06 07:46:41.029  9859  9859 I FocusManager:    trying to set focus on, tag: LI, id: , class: none-select focus
01-06 07:46:41.039   475   660 D ThermalEngine: sensor_wait: case_therm Wait done.
01-06 07:46:41.039   475   658 D ThermalEngine: sensor_wait: xo_therm Wait done.
01-06 07:46:41.039   475   660 D ThermalEngine: sensor_monitor: case_therm Reading 31000 .
01-06 07:46:41.039   475   660 I ThermalEngine: Sensor:case_therm:31000 mC
01-06 07:46:41.039   475   660 D ThermalEngine: update_active_thresh: case_therm Active(1), Hi(1) 42000, Lo(0) -2147483648, Interval(1) 5000
01-06 07:46:41.039   475   660 D ThermalEngine: sensor_monitor: case_therm Sensor wait.
01-06 07:46:41.039   475   660 D ThermalEngine: sensor_wait: case_therm Wait start. 5000ms
01-06 07:46:41.049   475   658 D ThermalEngine: sensor_monitor: xo_therm Reading 38000 .
01-06 07:46:41.049   475   658 I ThermalEngine: Sensor:xo_therm:38000 mC
01-06 07:46:41.049   475   658 D ThermalEngine: update_active_thresh: xo_therm Active(1), Hi(1) 39000, Lo(0) -2147483648, Interval(1) 5000
01-06 07:46:41.049   475   658 D ThermalEngine: sensor_monitor: xo_therm Sensor wait.
01-06 07:46:41.049   475   658 D ThermalEngine: sensor_wait: xo_therm Wait start. 5000ms
01-06 07:46:41.099  9859  9859 I FocusManager:    current focused element, tag: LI, id: , class: 
01-06 07:46:41.099  9859  9859 I FocusManager: <- blur on, tag: LI, id: , class: 
01-06 07:46:41.099  9859  9859 I FocusManager: -> focus is now on, tag: LI, id: , class: none-select focus
01-06 07:46:41.109  9859  9859 I Settings: Content JS LOG: NavigationMap update 
01-06 07:46:41.109  9859  9859 I Settings:     at _update (app://settings.gaiamobile.org/js/navigation_map.js:401:7)
01-06 07:46:41.829   485   485 I Gecko   : [BrowserElement] event type: keydown, key: ArrowDown, target: [object HTMLIFrameElement], src: app://settings.gaiamobile.org/index.html, id: browser28, class: browser
01-06 07:46:41.839  9859  9859 I FocusManager: << focus() called >>
01-06 07:46:41.839  9859  9859 I FocusManager:    trying to set focus on, tag: LI, id: , class: none-select focus
01-06 07:46:41.849  9859  9859 I FocusManager:    current focused element, tag: LI, id: , class: none-select
01-06 07:46:41.849  9859  9859 I FocusManager: <- blur on, tag: LI, id: , class: none-select
01-06 07:46:41.849  9859  9859 I FocusManager: -> focus is now on, tag: LI, id: , class: none-select focus
01-06 07:46:41.859  9859  9859 I Gecko   : [BrowserElement] event type: keydown, key: ArrowDown, target: [object HTMLLIElement], class: none-select
01-06 07:46:42.139   485   485 I Gecko   : [BrowserElement] event type: keydown, key: ArrowDown, target: [object HTMLIFrameElement], src: app://settings.gaiamobile.org/index.html, id: browser28, class: browser
01-06 07:46:42.139  9859  9859 I FocusManager: << focus() called >>
01-06 07:46:42.139  9859  9859 I FocusManager:    trying to set focus on, tag: LI, id: , class: focus
01-06 07:46:42.149  9859  9859 I FocusManager:    current focused element, tag: LI, id: , class: none-select
01-06 07:46:42.149  9859  9859 I FocusManager: <- blur on, tag: LI, id: , class: none-select
01-06 07:46:42.149  9859  9859 I FocusManager: -> focus is now on, tag: LI, id: , class: focus
01-06 07:46:42.159  9859  9859 I Gecko   : [BrowserElement] event type: keydown, key: ArrowDown, target: [object HTMLLIElement], class: none-select
01-06 07:46:42.249   485   485 I Gecko   : [BrowserElement] event type: keyup, key: ArrowDown, target: [object HTMLIFrameElement], src: app://settings.gaiamobile.org/index.html, id: browser28, class: browser
01-06 07:46:42.249  9859  9859 I Gecko   : [BrowserElement] event type: keyup, key: ArrowDown, target: [object HTMLLIElement], class: focus
01-06 07:46:42.409  9859  9859 I FocusManager: << focus() called >>
01-06 07:46:42.409  9859  9859 I FocusManager:    trying to set focus on, tag: FORM, id: softkeyPanel, class: skbar none-paddings visible focused
01-06 07:46:42.429  9859  9859 I FocusManager: Warning: element is not focusable.
01-06 07:46:42.749   485   485 I Gecko   : [BrowserElement] event type: keydown, key: Enter, target: [object HTMLIFrameElement], src: app://settings.gaiamobile.org/index.html, id: browser28, class: browser
01-06 07:46:42.749  9859  9859 I FocusManager: << focus() called >>
01-06 07:46:42.749  9859  9859 I FocusManager:    trying to set focus on, tag: LI, id: , class: focus
01-06 07:46:42.749  9859  9859 I FocusManager: Warning: element is already focused.
01-06 07:46:42.769  9859  9859 I Gecko   : [BrowserElement] event type: keydown, key: Enter, target: [object HTMLLIElement], class: focus
01-06 07:46:42.859   485   485 D NS_TELEPHONY_SERVICE: EnumerateCalls:
01-06 07:46:42.889   485   485 I Gecko   : [BrowserElement] event type: keyup, key: Enter, target: [object HTMLIFrameElement], src: app://settings.gaiamobile.org/index.html, id: browser28, class: browser
01-06 07:46:42.929  2525  2525 E sdcard  : missing packages.list; retrying
01-06 07:46:42.969  9859  9859 I Gecko   : [BrowserElement] event type: keyup, key: Enter, target: [object HTMLLIElement], class: focus
01-06 07:46:43.389  9859  9859 I Settings: Content JS LOG: ***open new page operation, previous panel --> #about 
01-06 07:46:43.389  9859  9859 I Settings:     at _findNaviId (app://settings.gaiamobile.org/js/navigation_map.js:440:9)
01-06 07:46:43.389  9859  9859 I Settings: Content JS LOG: ***previous panel focus navi id --> 59 
01-06 07:46:43.389  9859  9859 I Settings:     at _findNaviId (app://settings.gaiamobile.org/js/navigation_map.js:452:9)
01-06 07:46:43.399  9859  9859 I FocusManager: << focus() called >>
01-06 07:46:43.399  9859  9859 I FocusManager:    trying to set focus on, tag: LI, id: , class: focus
01-06 07:46:43.419  9859  9859 I FocusManager:    current focused element, tag: LI, id: , class: 
01-06 07:46:43.419  9859  9859 I FocusManager: <- blur on, tag: LI, id: , class: 
01-06 07:46:43.419  9859  9859 I FocusManager: -> focus is now on, tag: LI, id: , class: focus
01-06 07:46:43.429  9859  9859 I Settings: Content JS LOG: NavigationMap update 
01-06 07:46:43.429  9859  9859 I Settings:     at _update (app://settings.gaiamobile.org/js/navigation_map.js:401:7)
01-06 07:46:43.999   485   485 I Gecko   : [BrowserElement] event type: keydown, key: ArrowDown, target: [object HTMLIFrameElement], src: app://settings.gaiamobile.org/index.html, id: browser28, class: browser
01-06 07:46:43.999  9859  9859 I FocusManager: << focus() called >>
01-06 07:46:43.999  9859  9859 I FocusManager:    trying to set focus on, tag: LI, id: , class: focus
01-06 07:46:44.009  9859  9859 I FocusManager:    current focused element, tag: LI, id: , class: 
01-06 07:46:44.009  9859  9859 I FocusManager: <- blur on, tag: LI, id: , class: 
01-06 07:46:44.009  9859  9859 I FocusManager: -> focus is now on, tag: LI, id: , class: focus
01-06 07:46:44.019  9859  9859 I Gecko   : [BrowserElement] event type: keydown, key: ArrowDown, target: [object HTMLLIElement]
01-06 07:46:44.169   485   485 I Gecko   : [BrowserElement] event type: keyup, key: ArrowDown, target: [object HTMLIFrameElement], src: app://settings.gaiamobile.org/index.html, id: browser28, class: browser
01-06 07:46:44.179  9859  9859 I Gecko   : [BrowserElement] event type: keyup, key: ArrowDown, target: [object HTMLLIElement], class: focus
01-06 07:46:45.929  2525  2525 E sdcard  : missing packages.list; retrying
01-06 07:46:46.039   475   660 D ThermalEngine: sensor_wait: case_therm Wait done.
01-06 07:46:46.049   475   660 D ThermalEngine: sensor_monitor: case_therm Reading 31000 .
01-06 07:46:46.049   475   660 I ThermalEngine: Sensor:case_therm:31000 mC
01-06 07:46:46.049   475   660 D ThermalEngine: update_active_thresh: case_therm Active(1), Hi(1) 42000, Lo(0) -2147483648, Interval(1) 5000
01-06 07:46:46.049   475   660 D ThermalEngine: sensor_monitor: case_therm Sensor wait.
01-06 07:46:46.049   475   660 D ThermalEngine: sensor_wait: case_therm Wait start. 5000ms
01-06 07:46:46.049   475   658 D ThermalEngine: sensor_wait: xo_therm Wait done.
01-06 07:46:46.049   475   658 D ThermalEngine: sensor_monitor: xo_therm Reading 38000 .
01-06 07:46:46.049   475   658 I ThermalEngine: Sensor:xo_therm:38000 mC
01-06 07:46:46.049   475   658 D ThermalEngine: update_active_thresh: xo_therm Active(1), Hi(1) 39000, Lo(0) -2147483648, Interval(1) 5000
01-06 07:46:46.049   475   658 D ThermalEngine: sensor_monitor: xo_therm Sensor wait.
01-06 07:46:46.049   475   658 D ThermalEngine: sensor_wait: xo_therm Wait start. 5000ms
01-06 07:46:46.149   485   485 I Gecko   : [BrowserElement] event type: keydown, key: Enter, target: [object HTMLIFrameElement], src: app://settings.gaiamobile.org/index.html, id: browser28, class: browser
01-06 07:46:46.159  9859  9859 I FocusManager: << focus() called >>
01-06 07:46:46.159  9859  9859 I FocusManager:    trying to set focus on, tag: LI, id: , class: focus
01-06 07:46:46.159  9859  9859 I FocusManager: Warning: element is already focused.
01-06 07:46:46.169  9859  9859 I Gecko   : [BrowserElement] event type: keydown, key: Enter, target: [object HTMLLIElement], class: focus
01-06 07:46:46.329   485   485 I Gecko   : [BrowserElement] event type: keyup, key: Enter, target: [object HTMLIFrameElement], src: app://settings.gaiamobile.org/index.html, id: browser28, class: browser
01-06 07:46:46.329  9859  9859 I Gecko   : [BrowserElement] event type: keyup, key: Enter, target: [object HTMLLIElement], class: focus
01-06 07:46:47.539   680   680 D VM_BMS  : wake_lock acquired
01-06 07:46:47.539   680   680 D VM_BMS  : New BMS data - Size=56
01-06 07:46:47.539   680   680 D VM_BMS  : Start process_bms_data
01-06 07:46:47.539   680   680 D VM_BMS  : For batt_temp=300 fcc_mah=2030
01-06 07:46:47.539   680   680 D VM_BMS  : For ocv=3815024 batt_temp=300 soc=55
01-06 07:46:47.539   680   680 D VM_BMS  : fifo_count=5 acc_count=0
01-06 07:46:47.539   680   680 D VM_BMS  : INIT: ocv=3815024 last_ocv=3815024 batt_temp=300 soc=55
01-06 07:46:47.539   680   680 D VM_BMS  : For soc=55 batt_temp=300 slope=7000
01-06 07:46:47.539   680   680 D VM_BMS  : For soc=55 batt_temp=300 rbatt_sf=101
01-06 07:46:47.539   680   680 D VM_BMS  : rbatt_mohm_default=136, rbatt_mohm=137, sf=101 batt_temp=300
01-06 07:46:47.539   680   680 D VM_BMS  : For ocv=3815313 batt_temp=300 soc=55
01-06 07:46:47.539   680   680 D VM_BMS  : FIFO=0 fifo_avg=3.878350 rbatt=0.187000 slope=0.700000 ibatt=-0.337867 ocv=3.815314 soc=55 fcc_ah=2.030000 sample_count=128 sample_interval=70 seq_num=115
01-06 07:46:47.539   680   680 D VM_BMS  : For soc=55 batt_temp=300 slope=7000
01-06 07:46:47.539   680   680 D VM_BMS  : For soc=55 batt_temp=300 rbatt_sf=101
01-06 07:46:47.539   680   680 D VM_BMS  : rbatt_mohm_default=136, rbatt_mohm=137, sf=101 batt_temp=300
01-06 07:46:47.539   680   680 D VM_BMS  : For ocv=3815606 batt_temp=300 soc=55
01-06 07:46:47.539   680   680 D VM_BMS  : FIFO=1 fifo_avg=3.879232 rbatt=0.187000 slope=0.700000 ibatt=-0.341029 ocv=3.815606 soc=55 fcc_ah=2.030000 sample_count=128 sample_interval=70 seq_num=115
01-06 07:46:47.539   680   680 D VM_BMS  : For soc=55 batt_temp=300 slope=7000
01-06 07:46:47.539   680   680 D VM_BMS  : For soc=55 batt_temp=300 rbatt_sf=101
01-06 07:46:47.539   680   680 D VM_BMS  : rbatt_mohm_default=136, rbatt_mohm=137, sf=101 batt_temp=300
01-06 07:46:47.539   680   680 D VM_BMS  : For ocv=3815857 batt_temp=300 soc=55
01-06 07:46:47.539   680   680 D VM_BMS  : FIFO=2 fifo_avg=3.870436 rbatt=0.187000 slope=0.700000 ibatt=-0.292536 ocv=3.815857 soc=55 fcc_ah=2.030000 sample_count=128 sample_interval=70 seq_num=115
01-06 07:46:47.539   680   680 D VM_BMS  : For soc=55 batt_temp=300 slope=7000
01-06 07:46:47.539   680   680 D VM_BMS  : For soc=55 batt_temp=300 rbatt_sf=101
01-06 07:46:47.539   680   680 D VM_BMS  : rbatt_mohm_default=136, rbatt_mohm=137, sf=101 batt_temp=300
01-06 07:46:47.539   680   680 D VM_BMS  : For ocv=3816028 batt_temp=300 soc=55
01-06 07:46:47.539   680   680 D VM_BMS  : FIFO=3 fifo_avg=3.853397 rbatt=0.187000 slope=0.700000 ibatt=-0.200289 ocv=3.816029 soc=55 fcc_ah=2.030000 sample_count=128 sample_interval=70 seq_num=115
01-06 07:46:47.539   680   680 D VM_BMS  : For soc=55 batt_temp=300 slope=7000
01-06 07:46:47.539   680   680 D VM_BMS  : For soc=55 batt_temp=300 rbatt_sf=101
01-06 07:46:47.539   680   680 D VM_BMS  : rbatt_mohm_default=136, rbatt_mohm=137, sf=101 batt_temp=300
01-06 07:46:47.539   680   680 D VM_BMS  : For ocv=3816210 batt_temp=300 soc=55
01-06 07:46:47.539   680   680 D VM_BMS  : FIFO=4 fifo_avg=3.855747 rbatt=0.187000 slope=0.700000 ibatt=-0.211914 ocv=3.816210 soc=55 fcc_ah=2.030000 sample_count=128 sample_interval=70 seq_num=115
01-06 07:46:47.549   680   680 I VM_BMS  : power_supply_update: ocv_uv=3816210 ibatt=-211914 soc=55 seq_num=115
01-06 07:46:47.549   680   680 D VM_BMS  : End process_bms_data
01-06 07:46:47.549   680   680 D VM_BMS  : wake_lock released
