08-05 17:10:11.626  3143  3234 I Adreno-EGL: <qeglDrvAPI_eglInitialize:379>: QUALCOMM Build: 05/15/19, 6f5d4d3, Ia9da49eece
08-05 17:10:11.626  3143  3234 I zygote  : android::hardware::configstore::V1_0::ISurfaceFlingerConfigs::hasWideColorDisplay retrieved: 0
08-05 17:10:11.627  3143  3234 I OpenGLRenderer: Initialized EGL, version 1.4
08-05 17:10:11.627  3143  3234 D OpenGLRenderer: Swap behavior 2
08-05 17:10:11.639 28730 28730 I QSB.SuggestionsProviderImpl: chars:7,source:Source{name=com.android.quicksearchbox/.google.GoogleSearch}
08-05 17:10:11.688  3143  3234 W Adreno-EGL: <qeglDrvAPI_eglGetConfigAttrib:612>: EGL_BAD_ATTRIBUTE
08-05 17:10:11.694  3143  3234 W Adreno-EGL: <qeglDrvAPI_eglGetConfigAttrib:612>: EGL_BAD_ATTRIBUTE
08-05 17:10:11.822  2445  2445 I LatinIME: Starting input. Cursor position = 7,7
08-05 17:10:11.897  2445  9182 W Adreno-EGL: <qeglDrvAPI_eglGetConfigAttrib:612>: EGL_BAD_ATTRIBUTE
08-05 17:10:11.946 28800 28849 W Adreno-ES20: <core_glFinish:34>: glFinish skipped: 0
08-05 17:10:11.952 28800 28849 W Adreno-ES20: <core_glFinish:34>: glFinish skipped: 0
08-05 17:10:12.254  3143  3234 W OpenGLRenderer: Incorrectly called buildLayer on View: ShortcutAndWidgetContainer, destroying layer...
08-05 17:10:12.277 28800 28849 W Adreno-ES20: <core_glFinish:34>: glFinish skipped: 0
08-05 17:10:12.290 28800 28849 I chatty  : uid=10036(org.chromium.webview_shell) RenderThread identical 1 line
08-05 17:10:12.291 28800 28849 W Adreno-ES20: <core_glFinish:34>: glFinish skipped: 0
08-05 17:10:12.311 28800 28878 V rsC++   : RS Message thread exiting.
08-05 17:10:12.316 28800 28849 W Adreno-ES20: <core_glFinish:34>: glFinish skipped: 0
08-05 17:10:12.451   916  8383 W Adreno-ES20: <core_glFinish:34>: glFinish skipped: 0
08-05 17:10:12.622  3088  3396 E SecUISvc: Error initializing local socket: -1
08-05 17:10:12.626   281   281 W /system/bin/hwservicemanager: getTransport: Cannot find entry vendor.qti.hardware.tui_comm@1.0::ITuiComm/default in either framework or device manifest.
08-05 17:10:13.472   916  3314 I ActivityManager: START u0 {act=android.intent.action.WEB_SEARCH flg=0x14000000 cmp=com.android.quicksearchbox/.google.GoogleSearch (has extras)} from uid 10061
08-05 17:10:13.472   462 20101 I AudioPolicyManagerCustom: FLAG None hence request for a primary output
08-05 17:10:13.473   462 20101 I AudioPolicyManagerCustom: FLAG None hence request for a primary output
08-05 17:10:13.476   416  2826 D audio_hw_primary: out_set_parameters: enter: usecase(1: low-latency-playback) kvpairs: routing=2
08-05 17:10:13.477   419   497 E ANDR-PERF-MPCTL: Invalid profile no. 0, total profiles 0 only
08-05 17:10:13.481   416  8254 D audio_hw_primary: start_output_stream: enter: stream(0xa7c6a000)usecase(1: low-latency-playback) devices(0x2)
08-05 17:10:13.482   416  8254 D audio_hw_primary: select_devices for use case (low-latency-playback)
08-05 17:10:13.483   416  8254 D audio_hw_primary: select_devices: out_snd_device(2: speaker) in_snd_device(0: )
08-05 17:10:13.483   416  8254 I msm8916_platform: platform_check_and_set_codec_backend_cfg:becf: afe: bitwidth 16, samplerate 48000 channels 2, backend_idx 0 usecase = 1 device (speaker)
08-05 17:10:13.483   416  8254 D msm8916_platform: platform_split_snd_device: snd_device(2) num devices(1) new_snd_devices(0)
08-05 17:10:13.483   416  8254 I msm8916_platform: platform_check_and_set_codec_backend_cfg: becf: new_snd_devices[0] is speaker
08-05 17:10:13.483   416  8254 I msm8916_platform: platform_check_codec_backend_cfg:becf: afe: Codec selected backend: 0 current bit width: 16 sample rate: 48000 channels: 2 usecase 1 device (speaker)
08-05 17:10:13.483   416  8254 D msm8916_platform: platform_check_codec_backend_cfg:becf: afe: playback on codec device not supporting native playback set default Sample Rate(48k)
08-05 17:10:13.483   416  8254 D msm8916_platform: platform_check_codec_backend_cfg:becf: afe: only 48KHZ sample rate is supported Configure afe to default Sample Rate(48k)
08-05 17:10:13.483   416  8254 I msm8916_platform: platform_check_codec_backend_cfg:becf: afe: Codec selected backend: 0 updated bit width: 16 sample rate: 48000 channels: 2
08-05 17:10:13.484   416  8254 D audio_hw_primary: check_usecases_codec_backend:becf: force routing 0
08-05 17:10:13.484   416  8254 E msm8916_platform: platform_check_backends_match: Invalid snd_device = 
08-05 17:10:13.484   416  8254 D audio_hw_primary: check_usecases_codec_backend:becf: (59) check_usecases curr device: speaker, usecase device: backends match 0
08-05 17:10:13.484   416  8254 D audio_hw_primary: check_usecases_codec_backend:becf: check_usecases num.of Usecases to switch 0
08-05 17:10:13.484   416  8254 D hardware_info: hw_info_append_hw_type : device_name = speaker
08-05 17:10:13.484   416  8254 D msm8916_platform: platform_split_snd_device: snd_device(2) num devices(0) new_snd_devices(0)
08-05 17:10:13.484   416  8254 D audio_hw_primary: enable_snd_device: snd_device(2: speaker)
08-05 17:10:13.484   416  8254 I soundtrigger: audio_extn_sound_trigger_update_device_status: device 0x2 of type 0 for Event 1, with Raise=0
08-05 17:10:13.484   416  8254 D audio_route: Apply path: speaker
08-05 17:10:13.491   916  3314 D ActivityTrigger: activityStartTrigger: Activity is Triggerred in full screen ApplicationInfo{2cfdd6c com.android.quicksearchbox}
08-05 17:10:13.491   916  3314 E ActivityTrigger: activityStartTrigger: not whiteListedcom.android.quicksearchbox/com.android.quicksearchbox.google.GoogleSearch/27
08-05 17:10:13.492   916  3314 D CompatibilityInfo: mCompatibilityFlags - 14
08-05 17:10:13.492   916  3314 D CompatibilityInfo: applicationDensity - 240
08-05 17:10:13.492   916  3314 D CompatibilityInfo: applicationScale - 1.0
08-05 17:10:13.493   916  3314 D ActivityTrigger: activityResumeTrigger: The activity in ApplicationInfo{2cfdd6c com.android.quicksearchbox} is now in focus and seems to be in full-screen mode
08-05 17:10:13.493   416  8254 W audio_hw_utils: audio_extn_utils_update_stream_output_app_type_cfg: App type could not be selected. Falling back to default
08-05 17:10:13.494   916  3314 E ActivityTrigger: activityResumeTrigger: not whiteListedcom.android.quicksearchbox/com.android.quicksearchbox.google.GoogleSearch/27
08-05 17:10:13.494   916  3314 D ActivityTrigger: ActivityTrigger activityPauseTrigger 
08-05 17:10:13.494   416  8254 D soundtrigger: audio_extn_sound_trigger_update_stream_status: uc_id 1 of type 0 for Event 3, with Raise=0
08-05 17:10:13.494   416  8254 D audio_hw_utils: audio_extn_utils_send_app_type_cfg: usecase->out_snd_device speaker
08-05 17:10:13.494   416  8254 D msm8916_platform: platform_split_snd_device: snd_device(2) num devices(0) new_snd_devices(0)
08-05 17:10:13.495   416  8254 E msm8916_platform: platform_get_snd_device_backend_index: BE DAI Name Table is not present
08-05 17:10:13.495   416  8254 E audio_hw_utils: send_app_type_cfg_for_device: Couldn't get the backend index for snd device speaker ret=-14
08-05 17:10:13.495   416  8254 D audio_hw_utils: audio_extn_btsco_get_sample_rate:Not a BT SCO device, need not update sampling rate
08-05 17:10:13.495   416  8254 I audio_hw_utils: send_app_type_cfg_for_device PLAYBACK app_type 69936, acdb_dev_id 14, sample_rate 48000, snd_device_be_idx -14
08-05 17:10:13.496   416  8254 D msm8916_platform: platform_split_snd_device: snd_device(2) num devices(1) new_snd_devices(0)
08-05 17:10:13.496   416  8254 D ACDB-LOADER: ACDB -> send_audio_cal, acdb_id = 14, path = 0, app id = 0x11130, sample rate = 48000
08-05 17:10:13.497   416  8254 D ACDB-LOADER: ACDB -> send_asm_topology
08-05 17:10:13.497   416  8254 D ACDB-LOADER: ACDB -> ACDB_CMD_GET_AUDPROC_STREAM_TOPOLOGY_ID
08-05 17:10:13.497   416  8254 D ACDB-LOADER: ACDB -> send_adm_topology
08-05 17:10:13.497   416  8254 D ACDB-LOADER: ACDB -> ACDB_CMD_GET_AUDPROC_COMMON_TOPOLOGY_ID
08-05 17:10:13.497   416  8254 D ACDB-LOADER: ACDB -> send_audtable
08-05 17:10:13.497   416  8254 D ACDB-LOADER: ACDB -> ACDB_CMD_GET_AUDPROC_COMMON_TABLE_SIZE
08-05 17:10:13.497   416  8254 D ACDB-LOADER: ACDB -> ACDB_CMD_GET_AUDPROC_COMMON_TABLE
08-05 17:10:13.497   416  8254 D ACDB-LOADER: ACDB -> AUDIO_SET_AUDPROC_CAL
08-05 17:10:13.497   416  8254 D ACDB-LOADER: ACDB -> send_audvoltable
08-05 17:10:13.497   416  8254 D ACDB-LOADER: ACDB -> ACDB_CMD_GET_AUDPROC_VOL_STEP_TABLE_SIZE
08-05 17:10:13.498   416  8254 D ACDB-LOADER: ACDB -> ACDB_CMD_GET_AUDPROC_GAIN_DEP_STEP_TABLE, vol index 0
08-05 17:10:13.498   416  8254 D ACDB-LOADER: ACDB -> AUDIO_SET_VOL_CAL cal type = 12
08-05 17:10:13.498   416  8254 D ACDB-LOADER: ACDB -> ACDB_CMD_GET_AUDPROC_STREAM_TABLE_SIZE
08-05 17:10:13.498   416  8254 D ACDB-LOADER: ACDB -> send_audstrmtable
08-05 17:10:13.498   416  8254 D ACDB-LOADER: ACDB -> ACDB_CMD_GET_AUDPROC_STREAM_TABLE_V2
08-05 17:10:13.498   416  8254 D ACDB-LOADER: ACDB -> audstrm_cal->cal_type.cal_data.cal_size = 88
08-05 17:10:13.498   416  8254 D ACDB-LOADER: ACDB -> send_afe_topology
08-05 17:10:13.498   416  8254 D ACDB-LOADER: ACDB -> ACDB_CMD_GET_AFE_TOPOLOGY_ID
08-05 17:10:13.498   416  8254 D         : ACDBFILE_MGR: CmnDevinfo for the devid 0000000E not found
08-05 17:10:13.498   416  8254 D         : ACDB_COMMAND: Failed to fetch the afe topo info for devid 0000000E 
08-05 17:10:13.498   416  8254 E ACDB-LOADER: ACDB get afe topology for acdb id = 14, err = -8
08-05 17:10:13.498   416  8254 E ACDB-LOADER: Error: get ACDB afe topology result = -8
08-05 17:10:13.498   416  8254 D ACDB-LOADER: ACDB -> send_afe_cal
08-05 17:10:13.499   416  8254 D ACDB-LOADER: ACDB -> ACDB_CMD_GET_AFE_COMMON_TABLE_SIZE
08-05 17:10:13.499   416  8254 D ACDB-LOADER: ACDB -> ACDB_CMD_GET_AFE_COMMON_TABLE
08-05 17:10:13.499   416  8254 D ACDB-LOADER: ACDB -> AUDIO_SET_AFE_CAL
08-05 17:10:13.499   416  8254 D ACDB-LOADER: ACDB -> send_hw_delay : acdb_id = 14 path = 0
08-05 17:10:13.499   416  8254 D ACDB-LOADER: ACDB -> ACDB_AVSYNC_INFO: ACDB_CMD_GET_DEVICE_PROPERTY
08-05 17:10:13.499   416  8254 D audio_hw_primary: enable_audio_route: apply mixer and update path: low-latency-playback
08-05 17:10:13.499   416  8254 D audio_route: Apply path: low-latency-playback
08-05 17:10:13.502   416  8254 D audio_hw_primary: select_devices: done
08-05 17:10:13.508   916  2742 D ActivityTrigger: activityResumeTrigger: The activity in ApplicationInfo{2cfdd6c com.android.quicksearchbox} is now in focus and seems to be in full-screen mode
08-05 17:10:13.509   916  2742 E ActivityTrigger: activityResumeTrigger: not whiteListedcom.android.quicksearchbox/com.android.quicksearchbox.google.GoogleSearch/27
08-05 17:10:13.512   916  2742 D CompatibilityInfo: mCompatibilityFlags - 14
08-05 17:10:13.512   916  2742 D CompatibilityInfo: applicationDensity - 240
08-05 17:10:13.512   916  2742 D CompatibilityInfo: applicationScale - 1.0
08-05 17:10:13.535 28730 28730 I GoogleSearch: Launching intent: http://www.google.com/m?hl=en&source=android-unknown&q=youtube#Intent;launchFlags=0x10000000;S.com.android.browser.application_id=com.android.quicksearchbox;end
08-05 17:10:13.538   916  3314 D PackageManager: [421426e5-babc-46f5-8d02-c9c3088116e1] Phase1; resolving
08-05 17:10:13.539   916  3314 V PackageManager: [421426e5-babc-46f5-8d02-c9c3088116e1] Binding to instant app resolver
08-05 17:10:13.579   416  8254 D msm8916_platform: platform_set_channel_map mixer_ctl_name:Playback Channel Map12
08-05 17:10:13.579   416  8254 D msm8916_platform: platform_set_channel_map: set mapping(1 2 0 0 0 0 0 0) for channel:2
08-05 17:10:13.580   416  8254 D audio_hw_primary: start_output_stream: exit
08-05 17:10:13.596   916  3314 I ActivityManager: Start proc 28964:com.google.android.gms.persistent/u0a16 for service com.google.android.gms/.chimera.PersistentBoundBrokerService
08-05 17:10:13.630  3088  3396 E SecUISvc: Error initializing local socket: -1
08-05 17:10:13.633   281   281 W /system/bin/hwservicemanager: getTransport: Cannot find entry vendor.qti.hardware.tui_comm@1.0::ITuiComm/default in either framework or device manifest.
08-05 17:10:13.724  2884  2917 I QcrilOemhookMsgTunnel: [0]processOemHookIndication length=22
08-05 17:10:13.897   916  3314 D PackageManager: [421426e5-babc-46f5-8d02-c9c3088116e1] Phase1; bind timed out
08-05 17:10:13.898   916  3314 I ActivityManager: START u0 {act=android.intent.action.VIEW dat=http://www.google.com/... flg=0x10000000 cmp=org.chromium.webview_shell/.WebViewBrowserActivity (has extras)} from uid 10061
08-05 17:10:13.906   281   281 W /system/bin/hwservicemanager: getTransport: Cannot find entry vendor.qti.hardware.iop@1.0::IIop/default in either framework or device manifest.
08-05 17:10:13.906   916  3314 E ANDR-PERF-JNI: Iop tryGetService failed
08-05 17:10:13.917   916  3314 D ActivityTrigger: activityStartTrigger: Activity is Triggerred in full screen ApplicationInfo{b41e8a9 org.chromium.webview_shell}
08-05 17:10:13.917   916  3314 E ActivityTrigger: activityStartTrigger: not whiteListedorg.chromium.webview_shell/org.chromium.webview_shell.WebViewBrowserActivity/1
08-05 17:10:13.917   916  3314 D CompatibilityInfo: mCompatibilityFlags - 14
08-05 17:10:13.918   916  3314 D CompatibilityInfo: applicationDensity - 240
08-05 17:10:13.918   916  3314 D CompatibilityInfo: applicationScale - 1.0
08-05 17:10:13.919   916  3314 D ActivityTrigger: activityResumeTrigger: The activity in ApplicationInfo{b41e8a9 org.chromium.webview_shell} is now in focus and seems to be in full-screen mode
08-05 17:10:13.919   916  3314 E ActivityTrigger: activityResumeTrigger: not whiteListedorg.chromium.webview_shell/org.chromium.webview_shell.WebViewBrowserActivity/1
08-05 17:10:13.919   916  3314 D ActivityTrigger: ActivityTrigger activityPauseTrigger 
08-05 17:10:13.939   916  2742 D CompatibilityInfo: mCompatibilityFlags - 4
08-05 17:10:13.939   916  2742 D CompatibilityInfo: applicationDensity - 240
08-05 17:10:13.939   916  2742 D CompatibilityInfo: applicationScale - 1.0
08-05 17:10:13.953  3143  3234 W Adreno-ES20: <core_glFinish:34>: glFinish skipped: 0
08-05 17:10:13.956   916  2742 D CompatibilityInfo: mCompatibilityFlags - 4
08-05 17:10:13.956   916  2742 D CompatibilityInfo: applicationDensity - 240
08-05 17:10:13.957   916  2742 D CompatibilityInfo: applicationScale - 1.0
08-05 17:10:13.959  3143  3234 W Adreno-ES20: <core_glFinish:34>: glFinish skipped: 0
08-05 17:10:13.963   916   996 W ActivityManager: Scheduling restart of crashed service com.google.android.gms/com.google.android.location.geofencer.service.GeofenceProviderService in 22437ms
08-05 17:10:13.985  3143  3234 I chatty  : uid=10017(com.android.launcher3) RenderThread identical 1 line
08-05 17:10:13.992  3143  3234 W Adreno-ES20: <core_glFinish:34>: glFinish skipped: 0
08-05 17:10:14.007 28964 28964 I zygote  : The ClassLoaderContext is a special shared library.
08-05 17:10:14.008   916   996 W ActivityManager: Scheduling restart of crashed service com.google.android.gms/com.google.android.location.internal.server.HardwareArProviderService in 1000ms
08-05 17:10:14.011   916   996 W ActivityManager: Scheduling restart of crashed service com.google.android.gms/com.google.android.location.network.NetworkLocationService in 10997ms
08-05 17:10:14.012   916   996 W ActivityManager: Scheduling restart of crashed service com.google.android.gms/com.google.android.location.geocode.GeocodeService in 32388ms
08-05 17:10:14.013   916   996 W ActivityManager: Scheduling restart of crashed service com.google.android.gms/com.google.android.location.internal.server.GoogleLocationService in 42387ms
08-05 17:10:14.013   916   996 W ActivityManager: Scheduling restart of crashed service com.google.android.gms/com.google.android.location.fused.FusedLocationService in 52387ms
08-05 17:10:14.014   916   996 W ActivityManager: Scheduling restart of crashed service com.google.android.gms/com.google.android.location.internal.GoogleLocationManagerService in 62386ms
08-05 17:10:14.064   916  4174 D ActivityTrigger: activityResumeTrigger: The activity in ApplicationInfo{b41e8a9 org.chromium.webview_shell} is now in focus and seems to be in full-screen mode
08-05 17:10:14.064   916  4174 E ActivityTrigger: activityResumeTrigger: not whiteListedorg.chromium.webview_shell/org.chromium.webview_shell.WebViewBrowserActivity/1
08-05 17:10:14.065   916  4174 D ActivityTrigger: activityResumeTrigger: The activity in ApplicationInfo{b41e8a9 org.chromium.webview_shell} is now in focus and seems to be in full-screen mode
08-05 17:10:14.065   916  4174 E ActivityTrigger: activityResumeTrigger: not whiteListedorg.chromium.webview_shell/org.chromium.webview_shell.WebViewBrowserActivity/1
08-05 17:10:14.074   916  4174 D CompatibilityInfo: mCompatibilityFlags - 14
08-05 17:10:14.074   916  4174 D CompatibilityInfo: applicationDensity - 240
08-05 17:10:14.074   916  4174 D CompatibilityInfo: applicationScale - 1.0
08-05 17:10:14.119 28730 28749 W Adreno-ES20: <core_glFinish:34>: glFinish skipped: 0
08-05 17:10:14.145   916  3314 W ActivityManager: getTaskSnapshot: taskId=31 not found
08-05 17:10:14.123 28730 28749 W Adreno-ES20: <core_glFinish:34>: glFinish skipped: 0
08-05 17:10:14.278 28800 28800 W Chrome_InProcGp: type=1400 audit(0.0:94): avc: denied { read } for name="reset_count" dev="sysfs" ino=20216 scontext=u:r:untrusted_app_25:s0:c512,c768 tcontext=u:object_r:sysfs_kgsl:s0 tclass=file permissive=0
08-05 17:10:14.285 28800 28882 W Adreno-ES20: <rb_perfcounter_gpu_disjoint_status:487>: open failed: errno 13
08-05 17:10:14.285 28800 28882 W Adreno-ES20: <rb_perfcounter_gpu_disjoint_status:487>: open failed: errno 13
08-05 17:10:14.289 28964 28964 W DynamiteModule: Local module descriptor class for providerinstaller not found.
08-05 17:10:14.290 28800 28882 W Adreno-ES20: <rb_perfcounter_gpu_disjoint_status:487>: open failed: errno 13
08-05 17:10:14.364 28964 28964 W ProviderHelper: Unknown dynamite feature providerinstaller
08-05 17:10:14.378 28964 28964 I DynamiteModule: Considering local module providerinstaller:0 and remote module providerinstaller:0
08-05 17:10:14.379 28964 28964 W ProviderInstaller: Failed to load providerinstaller module: No acceptable module found. Local version is 0 and remote version is 0.
08-05 17:10:14.396 28800 28849 I OpenGLRenderer: Initialized EGL, version 1.4
08-05 17:10:14.397 28800 28849 D OpenGLRenderer: Swap behavior 2
08-05 17:10:14.414 28800 28849 W Adreno-EGL: <qeglDrvAPI_eglGetConfigAttrib:612>: EGL_BAD_ATTRIBUTE
08-05 17:10:14.420 28800 28849 W Adreno-EGL: <qeglDrvAPI_eglGetConfigAttrib:612>: EGL_BAD_ATTRIBUTE
08-05 17:10:14.487 28964 28964 V NativeCrypto: Registering com/google/android/gms/org/conscrypt/NativeCrypto's 284 native methods...
08-05 17:10:14.597   916  1019 I ActivityManager: Displayed org.chromium.webview_shell/.WebViewBrowserActivity: +643ms (total +1s80ms)
08-05 17:10:14.598 28964 28964 D NetworkSecurityConfig: Using Network Security Config from resource network_security_config debugBuild: false
08-05 17:10:14.602 28964 28964 I ProviderInstaller: Installed default security provider GmsCore_OpenSSL
08-05 17:10:14.604   281   281 W /system/bin/hwservicemanager: getTransport: Cannot find entry vendor.qti.hardware.iop@1.0::IIop/default in either framework or device manifest.
08-05 17:10:14.604   916  1019 E ANDR-PERF-JNI: Iop tryGetService failed
08-05 17:10:14.635  3088  3396 E SecUISvc: Error initializing local socket: -1
08-05 17:10:14.636  2445  9182 W Adreno-ES20: <core_glFinish:34>: glFinish skipped: 0
08-05 17:10:14.637  2445  9182 W Adreno-ES20: <core_glFinish:34>: glFinish skipped: 0
08-05 17:10:14.638   916  3314 D PackageManager: [c179ee52-d491-4651-8250-bf209d48a51c] Phase1; resolving
08-05 17:10:14.638   916  3314 I PackageManager: [c179ee52-d491-4651-8250-bf209d48a51c] Previous bind timed out; waiting for connection
08-05 17:10:14.639   281   281 W /system/bin/hwservicemanager: getTransport: Cannot find entry vendor.qti.hardware.tui_comm@1.0::ITuiComm/default in either framework or device manifest.
08-05 17:10:14.642  2445  9182 W Adreno-ES20: <core_glFinish:34>: glFinish skipped: 0
08-05 17:10:14.780 28964 28964 I GmsApplication: Registering the BackgroundBroadcastReceiverSupport receiver.
08-05 17:10:14.817   430   774 E SurfaceFlinger: Failed to find layer (Splash Screen org.chromium.webview_shell#0) in layer parent (no-parent).
08-05 17:10:14.893 28964 28964 I GmsReceiverSupport: Registered Receiver for 18+1 IntentFilters
08-05 17:10:14.939   916  3314 I PackageManager: [c179ee52-d491-4651-8250-bf209d48a51c] Previous connection never established; rebinding
08-05 17:10:14.942   916  3314 V PackageManager: [c179ee52-d491-4651-8250-bf209d48a51c] Binding to instant app resolver
08-05 17:10:15.010   916   996 D CompatibilityInfo: mCompatibilityFlags - 4
08-05 17:10:15.010   916   996 D CompatibilityInfo: applicationDensity - 240
08-05 17:10:15.010   916   996 D CompatibilityInfo: applicationScale - 1.0
08-05 17:10:15.027 28964 28964 W Primes  : Primes not initialized, returning default (no-op) Primes instance which will ignore all calls. Please call Primes.initialize(...) before using any Primes API.
08-05 17:10:15.053   916  4612 D CompatibilityInfo: mCompatibilityFlags - 4
08-05 17:10:15.053   916  4612 D CompatibilityInfo: applicationDensity - 240
08-05 17:10:15.053   916  4612 D CompatibilityInfo: applicationScale - 1.0
08-05 17:10:15.057 28964 28969 I zygote  : Do partial code cache collection, code=26KB, data=26KB
08-05 17:10:15.059 28964 28969 I zygote  : After code cache collection, code=25KB, data=26KB
08-05 17:10:15.059 28964 28969 I zygote  : Increasing code cache capacity to 128KB
08-05 17:10:15.167 28964 28964 I DynamiteModule: Considering local module com.google.android.gms.googlecertificates:4 and remote module com.google.android.gms.googlecertificates:4
08-05 17:10:15.167 28964 28964 I DynamiteModule: Selected local version of com.google.android.gms.googlecertificates
08-05 17:10:15.210 28964 28964 W ConfigurationChimeraPro: Caller is not authorized to access Uri: content://com.google.android.gms.phenotype/com.google.android.gms.ipa [CONTEXT service_id=51 ]
08-05 17:10:15.219 28964 28964 I ChimeraSrvcProxy: com.google.android.gms.chimera.PersistentBoundBrokerService returning NullBinder for action com.google.android.gms.ipa.smsindexer.PERSISTENT_START
08-05 17:10:15.244   916  3314 D PackageManager: [c179ee52-d491-4651-8250-bf209d48a51c] Phase1; bind timed out
08-05 17:10:15.245 28800 28800 I Choreographer: Skipped 47 frames!  The application may be doing too much work on its main thread.
08-05 17:10:15.271 28964 28964 W ConfigurationChimeraPro: Caller is not authorized to access Uri: content://com.google.android.gms.phenotype/com.google.android.gms.instantapps [CONTEXT service_id=51 ]
08-05 17:10:15.281   916  4612 D CompatibilityInfo: mCompatibilityFlags - 4
08-05 17:10:15.281   916  4612 D CompatibilityInfo: applicationDensity - 240
08-05 17:10:15.281   916  4612 D CompatibilityInfo: applicationScale - 1.0
08-05 17:10:15.320   916  3314 D ActivityTrigger: ActivityTrigger activityStopTrigger 
08-05 17:10:15.329 28730 28749 W Adreno-ES20: <core_glFinish:34>: glFinish skipped: 0
08-05 17:10:15.346 28730 28749 I chatty  : uid=10061(com.android.quicksearchbox) RenderThread identical 2 lines
08-05 17:10:15.361 28730 28749 W Adreno-ES20: <core_glFinish:34>: glFinish skipped: 0
08-05 17:10:15.405 28964 28964 E GmsNativeLibraryLoader: Unable to locate leveldbjni in dalvik.system.PathClassLoader[DexPathList[[zip file "/system/framework/com.android.media.remotedisplay.jar", zip file "/system/framework/com.android.location.provider.jar", zip file "/system/priv-app/PrebuiltGmsCorePix/PrebuiltGmsCorePix.apk"],nativeLibraryDirectories=[/system/priv-app/PrebuiltGmsCorePix/lib/arm, /system/priv-app/PrebuiltGmsCorePix/PrebuiltGmsCorePix.apk!/lib/armeabi-v7a, /system/lib, /vendor/lib, /system/lib, /vendor/lib]]]
08-05 17:10:15.405 28964 28964 E GmsNativeLibraryLoader: java.lang.UnsatisfiedLinkError: dalvik.system.PathClassLoader[DexPathList[[zip file "/system/framework/com.android.media.remotedisplay.jar", zip file "/system/framework/com.android.location.provider.jar", zip file "/system/priv-app/PrebuiltGmsCorePix/PrebuiltGmsCorePix.apk"],nativeLibraryDirectories=[/system/priv-app/PrebuiltGmsCorePix/lib/arm, /system/priv-app/PrebuiltGmsCorePix/PrebuiltGmsCorePix.apk!/lib/armeabi-v7a, /system/lib, /vendor/lib, /system/lib, /vendor/lib]]] couldn't find "libleveldbjni.so"
08-05 17:10:15.405 28964 28964 E GmsNativeLibraryLoader: 	at java.lang.Runtime.loadLibrary0(Runtime.java:1011)
08-05 17:10:15.405 28964 28964 E GmsNativeLibraryLoader: 	at java.lang.System.loadLibrary(System.java:1657)
08-05 17:10:15.405 28964 28964 E GmsNativeLibraryLoader: 	at qfz.b(:com.google.android.gms@17455055@17.4.55 (110400-248795830):23)
08-05 17:10:15.405 28964 28964 E GmsNativeLibraryLoader: 	at qgv.b(:com.google.android.gms@17455055@17.4.55 (110400-248795830):5)
08-05 17:10:15.405 28964 28964 E GmsNativeLibraryLoader: 	at com.google.android.gms.leveldb.environment.LevelDbPlatform.loadLibrary(Unknown Source:4)
08-05 17:10:15.405 28964 28964 E GmsNativeLibraryLoader: 	at com.google.android.gms.leveldb.LevelDb.<clinit>(:com.google.android.gms@17455055@17.4.55 (110400-248795830):2)
08-05 17:10:15.405 28964 28964 E GmsNativeLibraryLoader: 	at com.google.android.gms.leveldb.LevelDb.open(:com.google.android.gms@17455055@17.4.55 (110400-248795830):1)
08-05 17:10:15.405 28964 28964 E GmsNativeLibraryLoader: 	at zoi.a(:com.google.android.gms@17455055@17.4.55 (110400-248795830):1)
08-05 17:10:15.405 28964 28964 E GmsNativeLibraryLoader: 	at zoi.a(:com.google.android.gms@17455055@17.4.55 (110400-248795830):6)
08-05 17:10:15.405 28964 28964 E GmsNativeLibraryLoader: 	at zmn.<init>(:com.google.android.gms@17455055@17.4.55 (110400-248795830):17)
08-05 17:10:15.405 28964 28964 E GmsNativeLibraryLoader: 	at zmn.a(:com.google.android.gms@17455055@17.4.55 (110400-248795830):2)
08-05 17:10:15.405 28964 28964 E GmsNativeLibraryLoader: 	at com.google.android.gms.instantapps.routing.InstantAppResolverBoundService.onBind(:com.google.android.gms@17455055@17.4.55 (110400-248795830):1)
08-05 17:10:15.405 28964 28964 E GmsNativeLibraryLoader: 	at nxu.onBind(:com.google.android.gms@17455055@17.4.55 (110400-248795830):2)
08-05 17:10:15.405 28964 28964 E GmsNativeLibraryLoader: 	at ebh.onBind(:com.google.android.gms@17455055@17.4.55 (110400-248795830):4)
08-05 17:10:15.405 28964 28964 E GmsNativeLibraryLoader: 	at nyb.onBind(:com.google.android.gms@17455055@17.4.55 (110400-248795830):29)
08-05 17:10:15.405 28964 28964 E GmsNativeLibraryLoader: 	at android.app.ActivityThread.handleBindService(ActivityThread.java:3369)
08-05 17:10:15.405 28964 28964 E GmsNativeLibraryLoader: 	at android.app.ActivityThread.-wrap2(Unknown Source:0)
08-05 17:10:15.405 28964 28964 E GmsNativeLibraryLoader: 	at android.app.ActivityThread$H.handleMessage(ActivityThread.java:1685)
08-05 17:10:15.405 28964 28964 E GmsNativeLibraryLoader: 	at android.os.Handler.dispatchMessage(Handler.java:106)
08-05 17:10:15.405 28964 28964 E GmsNativeLibraryLoader: 	at android.os.Looper.loop(Looper.java:164)
08-05 17:10:15.405 28964 28964 E GmsNativeLibraryLoader: 	at android.app.ActivityThread.main(ActivityThread.java:6518)
08-05 17:10:15.405 28964 28964 E GmsNativeLibraryLoader: 	at java.lang.reflect.Method.invoke(Native Method)
08-05 17:10:15.405 28964 28964 E GmsNativeLibraryLoader: 	at com.android.internal.os.RuntimeInit$MethodAndArgsCaller.run(RuntimeInit.java:438)
08-05 17:10:15.405 28964 28964 E GmsNativeLibraryLoader: 	at com.android.internal.os.ZygoteInit.main(ZygoteInit.java:807)
08-05 17:10:15.407 28964 28964 E LevelDb : LevelDb failed to load (1), returning NoOpLevelDb
08-05 17:10:15.454 28964 28964 I chatty  : uid=10016 com.google.android.gms.persistent identical 3 lines
08-05 17:10:15.466 28964 28964 E LevelDb : LevelDb failed to load (1), returning NoOpLevelDb
08-05 17:10:15.484 28964 28964 W ChimeraUtils: Non Chimera context
08-05 17:10:15.487 28964 29021 E ActivityThread: Failed to find provider info for instantapp-dev-manager
08-05 17:10:15.535   916   916 D PackageManager: Connected to instant app resolver
08-05 17:10:15.486 28964 28964 W ChimeraUtils: Non Chimera context
08-05 17:10:15.559 28964 28964 I ChimeraSrvcProxy: com.google.android.gms.chimera.PersistentBoundBrokerService returning NullBinder for action com.google.android.gms.ipa.mediastoreindexer.PERSISTENT_START
08-05 17:10:15.576   916  3314 D CompatibilityInfo: mCompatibilityFlags - 4
08-05 17:10:15.576   916  3314 D CompatibilityInfo: applicationDensity - 240
08-05 17:10:15.576   916  3314 D CompatibilityInfo: applicationScale - 1.0
08-05 17:10:15.643  3088  3396 E SecUISvc: Error initializing local socket: -1
08-05 17:10:15.648   281   281 W /system/bin/hwservicemanager: getTransport: Cannot find entry vendor.qti.hardware.tui_comm@1.0::ITuiComm/default in either framework or device manifest.
08-05 17:10:15.876 28964 28964 W ConfigurationChimeraPro: Caller is not authorized to access Uri: content://com.google.android.gms.phenotype/com.google.android.gms [CONTEXT service_id=51 ]
08-05 17:10:15.945 28800 28849 W Adreno-ES20: <rb_perfcounter_gpu_disjoint_status:487>: open failed: errno 13
08-05 17:10:15.957 28800 28849 W Adreno-ES20: <rb_perfcounter_gpu_disjoint_status:487>: open failed: errno 13
08-05 17:10:15.938 28800 28800 W RenderThread: type=1400 audit(0.0:97): avc: denied { read } for name="reset_count" dev="sysfs" ino=20216 scontext=u:r:untrusted_app_25:s0:c512,c768 tcontext=u:object_r:sysfs_kgsl:s0 tclass=file permissive=0
08-05 17:10:15.948 28800 28800 W RenderThread: type=1400 audit(0.0:98): avc: denied { read } for name="reset_count" dev="sysfs" ino=20216 scontext=u:r:untrusted_app_25:s0:c512,c768 tcontext=u:object_r:sysfs_kgsl:s0 tclass=file permissive=0
08-05 17:10:16.128 28964 29010 W ConfigurationChimeraPro: Caller is not authorized to access Uri: content://com.google.android.gms.phenotype/com.google.android.gms.usagereporting [CONTEXT service_id=51 ]
08-05 17:10:16.661  3088  3396 E SecUISvc: Error initializing local socket: -1
08-05 17:10:16.665   281   281 W /system/bin/hwservicemanager: getTransport: Cannot find entry vendor.qti.hardware.tui_comm@1.0::ITuiComm/default in either framework or device manifest.
08-05 17:10:16.673   416  2826 D audio_hw_primary: out_standby: enter: stream (0xa7c6a000) usecase(1: low-latency-playback)
08-05 17:10:16.792   416  2826 D audio_hw_primary: disable_audio_route: reset and update mixer path: low-latency-playback
08-05 17:10:16.794   416  2826 D soundtrigger: audio_extn_sound_trigger_update_stream_status: uc_id 1 of type 0 for Event 2, with Raise=0
08-05 17:10:16.794   416  2826 D hardware_info: hw_info_append_hw_type : device_name = speaker
08-05 17:10:16.794   416  2826 D audio_hw_primary: disable_snd_device: snd_device(2: speaker)
08-05 17:10:16.794   416  2826 D msm8916_platform: platform_split_snd_device: snd_device(2) num devices(0) new_snd_devices(0)
08-05 17:10:16.798   416  2826 I soundtrigger: audio_extn_sound_trigger_update_device_status: device 0x2 of type 0 for Event 0, with Raise=0
08-05 17:10:16.798   416  2826 D audio_hw_primary: out_standby: exit
08-05 17:10:17.442 28800 28882 W Adreno-ES20: <core_glFinish:34>: glFinish skipped: 0
08-05 17:10:17.564 28800 28882 I chatty  : uid=10036(org.chromium.webview_shell) Chrome_InProcGp identical 3 lines
08-05 17:10:17.605 28800 28882 W Adreno-ES20: <core_glFinish:34>: glFinish skipped: 0
08-05 17:10:17.668  3088  3396 E SecUISvc: Error initializing local socket: -1
08-05 17:10:17.671   281   281 W /system/bin/hwservicemanager: getTransport: Cannot find entry vendor.qti.hardware.tui_comm@1.0::ITuiComm/default in either framework or device manifest.
08-05 17:10:18.637   916  2742 D PackageManager: [63fb31f4-7612-40fe-9843-caa3b440776a] Phase1; resolving
08-05 17:10:18.640 28964 28992 V PackageManager: [63fb31f4-7612-40fe-9843-caa3b440776a] Phase1 called; posting
08-05 17:10:18.641 28964 28964 D PackageManager: [63fb31f4-7612-40fe-9843-caa3b440776a] Phase1 request; prefix: [1304666112, 1886822400]
08-05 17:10:18.674  3088  3396 E SecUISvc: Error initializing local socket: -1
08-05 17:10:18.677   281   281 W /system/bin/hwservicemanager: getTransport: Cannot find entry vendor.qti.hardware.tui_comm@1.0::ITuiComm/default in either framework or device manifest.
08-05 17:10:18.682   916  2742 D PackageManager: [63fb31f4-7612-40fe-9843-caa3b440776a] Phase1; No results matched
08-05 17:10:18.962 28800 28882 W Adreno-ES20: <core_glFinish:34>: glFinish skipped: 0
08-05 17:10:19.002 28800 28882 I chatty  : uid=10036(org.chromium.webview_shell) Chrome_InProcGp identical 1 line
08-05 17:10:19.057 28800 28882 W Adreno-ES20: <core_glFinish:34>: glFinish skipped: 0
08-05 17:10:19.076 28800 28800 I chromium: [INFO:CONSOLE(1)] "The key "viewport-fit" is not recognized and ignored.", source: https://m.youtube.com/ (1)
08-05 17:10:19.098 28800 28882 W Adreno-ES20: <core_glFinish:34>: glFinish skipped: 0
08-05 17:10:19.681  3088  3396 E SecUISvc: Error initializing local socket: -1
08-05 17:10:19.686   281   281 W /system/bin/hwservicemanager: getTransport: Cannot find entry vendor.qti.hardware.tui_comm@1.0::ITuiComm/default in either framework or device manifest.
08-05 17:10:20.689  3088  3396 E SecUISvc: Error initializing local socket: -1
08-05 17:10:20.692   281   281 W /system/bin/hwservicemanager: getTransport: Cannot find entry vendor.qti.hardware.tui_comm@1.0::ITuiComm/default in either framework or device manifest.
08-05 17:10:21.201  2884  2917 I QcrilOemhookMsgTunnel: [0]processOemHookIndication length=22
08-05 17:10:21.338 28800 28882 W Adreno-ES20: <core_glFinish:34>: glFinish skipped: 0
08-05 17:10:21.378 28800 28882 I chatty  : uid=10036(org.chromium.webview_shell) Chrome_InProcGp identical 1 line
08-05 17:10:21.427 28800 28882 W Adreno-ES20: <core_glFinish:34>: glFinish skipped: 0
08-05 17:10:21.703  3088  3396 E SecUISvc: Error initializing local socket: -1
08-05 17:10:21.708   281   281 W /system/bin/hwservicemanager: getTransport: Cannot find entry vendor.qti.hardware.tui_comm@1.0::ITuiComm/default in either framework or device manifest.
08-05 17:10:22.714  3088  3396 E SecUISvc: Error initializing local socket: -1
08-05 17:10:22.719   281   281 W /system/bin/hwservicemanager: getTransport: Cannot find entry vendor.qti.hardware.tui_comm@1.0::ITuiComm/default in either framework or device manifest.
08-05 17:10:23.190 28800 28882 W Adreno-ES20: <core_glFinish:34>: glFinish skipped: 0
08-05 17:10:23.724  3088  3396 E SecUISvc: Error initializing local socket: -1
08-05 17:10:23.727   281   281 W /system/bin/hwservicemanager: getTransport: Cannot find entry vendor.qti.hardware.tui_comm@1.0::ITuiComm/default in either framework or device manifest.
08-05 17:10:24.074  2884  2917 I QcrilOemhookMsgTunnel: [0]processOemHookIndication length=22
08-05 17:10:24.175   457   457 I VM_BMS  : power_supply_update: ocv_uv=3961178 ibatt=199403 soc=67 seq_num=77
08-05 17:10:24.730  3088  3396 E SecUISvc: Error initializing local socket: -1
08-05 17:10:24.733   281   281 W /system/bin/hwservicemanager: getTransport: Cannot find entry vendor.qti.hardware.tui_comm@1.0::ITuiComm/default in either framework or device manifest.
08-05 17:10:24.881   462   809 I AudioPolicyManagerCustom: FLAG None hence request for a primary output
08-05 17:10:24.897   462   809 I chatty  : uid=1041(audioserver) Binder:462_2 identical 7 lines
08-05 17:10:24.897   462   809 I AudioPolicyManagerCustom: FLAG None hence request for a primary output
08-05 17:10:24.899 28800 28837 D         : PlayerBase::PlayerBase()
08-05 17:10:24.902 28800 28837 D         : TrackPlayerBase::TrackPlayerBase()
08-05 17:10:24.902 28800 28837 I libOpenSLES: Emulating old channel mask behavior (ignoring positional mask 0x3, using default mask 0x3 based on channel count of 2)
08-05 17:10:24.920   416  2826 D compress_voip: voice_extn_compress_voip_out_get_parameters: enter
08-05 17:10:24.922   462   809 W AudioFlinger: createTrack_l(): mismatch between requested flags (00000104) and output flags (00000004)
08-05 17:10:24.926 28800 28837 I AudioTrack: AUDIO_OUTPUT_FLAG_FAST successful; frameCount 480 -> 480
08-05 17:10:24.926 28800 28837 D AudioTrack: Client defaulted notificationFrames to 240 for frameCount 480
08-05 17:10:24.941   916  4612 V MediaRouterService: restoreBluetoothA2dp(false)
08-05 17:10:24.944   416   416 D audio_hw_primary: out_set_parameters: enter: usecase(1: low-latency-playback) kvpairs: routing=2
08-05 17:10:24.948   416  8254 D audio_hw_primary: start_output_stream: enter: stream(0xa7c6a000)usecase(1: low-latency-playback) devices(0x2)
08-05 17:10:24.949   416  8254 D audio_hw_primary: select_devices for use case (low-latency-playback)
08-05 17:10:24.949   416  8254 D audio_hw_primary: select_devices: out_snd_device(2: speaker) in_snd_device(0: )
08-05 17:10:24.949   416  8254 I msm8916_platform: platform_check_and_set_codec_backend_cfg:becf: afe: bitwidth 16, samplerate 48000 channels 2, backend_idx 0 usecase = 1 device (speaker)
08-05 17:10:24.949   416  8254 D msm8916_platform: platform_split_snd_device: snd_device(2) num devices(1) new_snd_devices(0)
08-05 17:10:24.949   416  8254 I msm8916_platform: platform_check_and_set_codec_backend_cfg: becf: new_snd_devices[0] is speaker
08-05 17:10:24.949   416  8254 I msm8916_platform: platform_check_codec_backend_cfg:becf: afe: Codec selected backend: 0 current bit width: 16 sample rate: 48000 channels: 2 usecase 1 device (speaker)
08-05 17:10:24.949   416  8254 D msm8916_platform: platform_check_codec_backend_cfg:becf: afe: playback on codec device not supporting native playback set default Sample Rate(48k)
08-05 17:10:24.949   416  8254 D msm8916_platform: platform_check_codec_backend_cfg:becf: afe: only 48KHZ sample rate is supported Configure afe to default Sample Rate(48k)
08-05 17:10:24.949   416  8254 I msm8916_platform: platform_check_codec_backend_cfg:becf: afe: Codec selected backend: 0 updated bit width: 16 sample rate: 48000 channels: 2
08-05 17:10:24.949   416  8254 D audio_hw_primary: check_usecases_codec_backend:becf: force routing 0
08-05 17:10:24.949   416  8254 E msm8916_platform: platform_check_backends_match: Invalid snd_device = 
08-05 17:10:24.949   416  8254 D audio_hw_primary: check_usecases_codec_backend:becf: (59) check_usecases curr device: speaker, usecase device: backends match 0
08-05 17:10:24.949   416  8254 D audio_hw_primary: check_usecases_codec_backend:becf: check_usecases num.of Usecases to switch 0
08-05 17:10:24.949   416  8254 D hardware_info: hw_info_append_hw_type : device_name = speaker
08-05 17:10:24.950   416  8254 D msm8916_platform: platform_split_snd_device: snd_device(2) num devices(0) new_snd_devices(0)
08-05 17:10:24.950   416  8254 D audio_hw_primary: enable_snd_device: snd_device(2: speaker)
08-05 17:10:24.950   416  8254 I soundtrigger: audio_extn_sound_trigger_update_device_status: device 0x2 of type 0 for Event 1, with Raise=0
08-05 17:10:24.950   416  8254 D audio_route: Apply path: speaker
08-05 17:10:24.951   419   497 E ANDR-PERF-MPCTL: Invalid profile no. 0, total profiles 0 only
08-05 17:10:24.952   462  8926 D AudioPolicyManagerCustom: setForceUse() usage 1, config 10, mPhoneState 0
08-05 17:10:24.954   416  8254 W audio_hw_utils: audio_extn_utils_update_stream_output_app_type_cfg: App type could not be selected. Falling back to default
08-05 17:10:24.954   416  8254 D soundtrigger: audio_extn_sound_trigger_update_stream_status: uc_id 1 of type 0 for Event 3, with Raise=0
08-05 17:10:24.955   416  8254 D audio_hw_utils: audio_extn_utils_send_app_type_cfg: usecase->out_snd_device speaker
08-05 17:10:24.955   416  8254 D msm8916_platform: platform_split_snd_device: snd_device(2) num devices(0) new_snd_devices(0)
08-05 17:10:24.955   416  8254 E msm8916_platform: platform_get_snd_device_backend_index: BE DAI Name Table is not present
08-05 17:10:24.955   416  8254 E audio_hw_utils: send_app_type_cfg_for_device: Couldn't get the backend index for snd device speaker ret=-14
08-05 17:10:24.955   416  8254 D audio_hw_utils: audio_extn_btsco_get_sample_rate:Not a BT SCO device, need not update sampling rate
08-05 17:10:24.956   416  8254 I audio_hw_utils: send_app_type_cfg_for_device PLAYBACK app_type 69936, acdb_dev_id 14, sample_rate 48000, snd_device_be_idx -14
08-05 17:10:24.956   416  8254 D msm8916_platform: platform_split_snd_device: snd_device(2) num devices(1) new_snd_devices(0)
08-05 17:10:24.956   416  8254 D ACDB-LOADER: ACDB -> send_audio_cal, acdb_id = 14, path = 0, app id = 0x11130, sample rate = 48000
08-05 17:10:24.956   416  8254 D ACDB-LOADER: ACDB -> send_asm_topology
08-05 17:10:24.956   416  8254 D ACDB-LOADER: ACDB -> ACDB_CMD_GET_AUDPROC_STREAM_TOPOLOGY_ID
08-05 17:10:24.956   416  8254 D ACDB-LOADER: ACDB -> send_adm_topology
08-05 17:10:24.956   416  8254 D ACDB-LOADER: ACDB -> ACDB_CMD_GET_AUDPROC_COMMON_TOPOLOGY_ID
08-05 17:10:24.957   416  8254 D ACDB-LOADER: ACDB -> send_audtable
08-05 17:10:24.957   416  8254 D ACDB-LOADER: ACDB -> ACDB_CMD_GET_AUDPROC_COMMON_TABLE_SIZE
08-05 17:10:24.957   416  8254 D ACDB-LOADER: ACDB -> ACDB_CMD_GET_AUDPROC_COMMON_TABLE
08-05 17:10:24.957   416  8254 D ACDB-LOADER: ACDB -> AUDIO_SET_AUDPROC_CAL
08-05 17:10:24.957   416  8254 D ACDB-LOADER: ACDB -> send_audvoltable
08-05 17:10:24.957   416  8254 D ACDB-LOADER: ACDB -> ACDB_CMD_GET_AUDPROC_VOL_STEP_TABLE_SIZE
08-05 17:10:24.957   416  8254 D ACDB-LOADER: ACDB -> ACDB_CMD_GET_AUDPROC_GAIN_DEP_STEP_TABLE, vol index 0
08-05 17:10:24.957   416  8254 D ACDB-LOADER: ACDB -> AUDIO_SET_VOL_CAL cal type = 12
08-05 17:10:24.957   416  8254 D ACDB-LOADER: ACDB -> ACDB_CMD_GET_AUDPROC_STREAM_TABLE_SIZE
08-05 17:10:24.957   416  8254 D ACDB-LOADER: ACDB -> send_audstrmtable
08-05 17:10:24.957   416  8254 D ACDB-LOADER: ACDB -> ACDB_CMD_GET_AUDPROC_STREAM_TABLE_V2
08-05 17:10:24.957   416  8254 D ACDB-LOADER: ACDB -> audstrm_cal->cal_type.cal_data.cal_size = 88
08-05 17:10:24.957   416  8254 D ACDB-LOADER: ACDB -> send_afe_topology
08-05 17:10:24.957   416  8254 D ACDB-LOADER: ACDB -> ACDB_CMD_GET_AFE_TOPOLOGY_ID
08-05 17:10:24.957   416  8254 D         : ACDBFILE_MGR: CmnDevinfo for the devid 0000000E not found
08-05 17:10:24.957   416  8254 D         : ACDB_COMMAND: Failed to fetch the afe topo info for devid 0000000E 
08-05 17:10:24.957   416  8254 E ACDB-LOADER: ACDB get afe topology for acdb id = 14, err = -8
08-05 17:10:24.957   416  8254 E ACDB-LOADER: Error: get ACDB afe topology result = -8
08-05 17:10:24.957   416  8254 D ACDB-LOADER: ACDB -> send_afe_cal
08-05 17:10:24.958   416  8254 D ACDB-LOADER: ACDB -> ACDB_CMD_GET_AFE_COMMON_TABLE_SIZE
08-05 17:10:24.958   416  8254 D ACDB-LOADER: ACDB -> ACDB_CMD_GET_AFE_COMMON_TABLE
08-05 17:10:24.958   416  8254 D ACDB-LOADER: ACDB -> AUDIO_SET_AFE_CAL
08-05 17:10:24.958   416  8254 D ACDB-LOADER: ACDB -> send_hw_delay : acdb_id = 14 path = 0
08-05 17:10:24.958   416  8254 D ACDB-LOADER: ACDB -> ACDB_AVSYNC_INFO: ACDB_CMD_GET_DEVICE_PROPERTY
08-05 17:10:24.958   416  8254 D audio_hw_primary: enable_audio_route: apply mixer and update path: low-latency-playback
08-05 17:10:24.958   416  8254 D audio_route: Apply path: low-latency-playback
08-05 17:10:24.959   416  8254 D audio_hw_primary: select_devices: done
08-05 17:10:25.013   916   996 D CompatibilityInfo: mCompatibilityFlags - 4
08-05 17:10:25.013   916   996 D CompatibilityInfo: applicationDensity - 240
08-05 17:10:25.013   916   996 D CompatibilityInfo: applicationScale - 1.0
08-05 17:10:25.050   416  8254 D msm8916_platform: platform_set_channel_map mixer_ctl_name:Playback Channel Map12
08-05 17:10:25.050   416  8254 D msm8916_platform: platform_set_channel_map: set mapping(1 2 0 0 0 0 0 0) for channel:2
08-05 17:10:25.052   416  8254 D audio_hw_primary: start_output_stream: exit
08-05 17:10:25.110 28964 28964 W ConfigurationChimeraPro: Caller is not authorized to access Uri: content://com.google.android.gms.phenotype/com.google.android.location [CONTEXT service_id=51 ]
08-05 17:10:25.155 28800 28800 W AudioManager: Use of stream types is deprecated for operations other than volume control
08-05 17:10:25.155 28800 28800 W AudioManager: See the documentation of requestAudioFocus() for what to use instead with android.media.AudioAttributes to qualify your playback use case
08-05 17:10:25.157   916  3314 I MediaFocusControl: requestAudioFocus() from uid/pid 10036/28800 clientId=android.media.AudioManager@5366185org.chromium.content.browser.AudioFocusDelegate@4363ed8 callingPack=org.chromium.webview_shell req=1 flags=0x0 sdk=24
08-05 17:10:25.234  2884  2917 I QcrilOemhookMsgTunnel: [0]processOemHookIndication length=22
08-05 17:10:25.295   916  3240 W Binder  : Outgoing transactions from this process must be FLAG_ONEWAY
08-05 17:10:25.295   916  3240 W Binder  : java.lang.Throwable
08-05 17:10:25.295   916  3240 W Binder  : 	at android.os.BinderProxy.transact(Binder.java:752)
08-05 17:10:25.295   916  3240 W Binder  : 	at com.android.internal.location.ILocationProvider$Stub$Proxy.enable(ILocationProvider.java:173)
08-05 17:10:25.295   916  3240 W Binder  : 	at com.qualcomm.location.izatprovider.NpProxy.enable(NpProxy.java:72)
08-05 17:10:25.295   916  3240 W Binder  : 	at com.qualcomm.location.izatprovider.NpProxy.handleMessage(NpProxy.java:289)
08-05 17:10:25.295   916  3240 W Binder  : 	at android.os.Handler.dispatchMessage(Handler.java:102)
08-05 17:10:25.295   916  3240 W Binder  : 	at android.os.Looper.loop(Looper.java:164)
08-05 17:10:25.295   916  3240 W Binder  : 	at android.os.HandlerThread.run(HandlerThread.java:65)
08-05 17:10:25.406 28730 28741 W zygote  : Suspending all threads took: 11.989ms
08-05 17:10:25.741  3088  3396 E SecUISvc: Error initializing local socket: -1
08-05 17:10:25.746   281   281 W /system/bin/hwservicemanager: getTransport: Cannot find entry vendor.qti.hardware.tui_comm@1.0::ITuiComm/default in either framework or device manifest.
08-05 17:10:26.757  3088  3396 E SecUISvc: Error initializing local socket: -1
08-05 17:10:26.760   281   281 W /system/bin/hwservicemanager: getTransport: Cannot find entry vendor.qti.hardware.tui_comm@1.0::ITuiComm/default in either framework or device manifest.
08-05 17:10:27.388   916  2399 D RecurrenceRule: Resolving using anchor 2019-08-05T17:10:27.388+05:30[Asia/Kolkata]
08-05 17:10:27.397   916  2399 D RecurrenceRule: Resolving using anchor 2019-08-05T17:10:27.396+05:30[Asia/Kolkata]
08-05 17:10:27.405   916  2399 D RecurrenceRule: Cycle 19 from 2019-08-05T00:00+05:30[Asia/Kolkata] to 2019-09-05T00:00+05:30[Asia/Kolkata]
08-05 17:10:27.406   916  2399 D NetworkStats: Resolving plan for NetworkTemplate: matchRule=MOBILE_ALL, subscriberId=404490..., matchSubscriberIds=[404490...]
08-05 17:10:27.414   916  2399 D NetworkStats: Found active matching subId 1
08-05 17:10:27.431   916  2399 D NetworkStats: Resolved to plan null
08-05 17:10:27.766  3088  3396 E SecUISvc: Error initializing local socket: -1
08-05 17:10:27.770   281   281 W /system/bin/hwservicemanager: getTransport: Cannot find entry vendor.qti.hardware.tui_comm@1.0::ITuiComm/default in either framework or device manifest.
08-05 17:10:28.775  3088  3396 E SecUISvc: Error initializing local socket: -1
08-05 17:10:28.779   281   281 W /system/bin/hwservicemanager: getTransport: Cannot find entry vendor.qti.hardware.tui_comm@1.0::ITuiComm/default in either framework or device manifest.
08-05 17:10:29.782  3088  3396 E SecUISvc: Error initializing local socket: -1
08-05 17:10:29.786   281   281 W /system/bin/hwservicemanager: getTransport: Cannot find entry vendor.qti.hardware.tui_comm@1.0::ITuiComm/default in either framework or device manifest.
08-05 17:10:30.792  3088  3396 E SecUISvc: Error initializing local socket: -1
08-05 17:10:30.795   281   281 W /system/bin/hwservicemanager: getTransport: Cannot find entry vendor.qti.hardware.tui_comm@1.0::ITuiComm/default in either framework or device manifest.
08-05 17:10:31.800  3088  3396 E SecUISvc: Error initializing local socket: -1
08-05 17:10:31.806   281   281 W /system/bin/hwservicemanager: getTransport: Cannot find entry vendor.qti.hardware.tui_comm@1.0::ITuiComm/default in either framework or device manifest.
08-05 17:10:32.811  3088  3396 E SecUISvc: Error initializing local socket: -1
08-05 17:10:32.816   281   281 W /system/bin/hwservicemanager: getTransport: Cannot find entry vendor.qti.hardware.tui_comm@1.0::ITuiComm/default in either framework or device manifest.
08-05 17:10:33.820  3088  3396 E SecUISvc: Error initializing local socket: -1
08-05 17:10:33.828   281   281 W /system/bin/hwservicemanager: getTransport: Cannot find entry vendor.qti.hardware.tui_comm@1.0::ITuiComm/default in either framework or device manifest.
08-05 17:10:34.835  3088  3396 E SecUISvc: Error initializing local socket: -1
08-05 17:10:34.842   281   281 W /system/bin/hwservicemanager: getTransport: Cannot find entry vendor.qti.hardware.tui_comm@1.0::ITuiComm/default in either framework or device manifest.
08-05 17:10:35.851  3088  3396 E SecUISvc: Error initializing local socket: -1
08-05 17:10:35.855   281   281 W /system/bin/hwservicemanager: getTransport: Cannot find entry vendor.qti.hardware.tui_comm@1.0::ITuiComm/default in either framework or device manifest.
08-05 17:10:36.402   916   996 D CompatibilityInfo: mCompatibilityFlags - 4
08-05 17:10:36.403   916   996 D CompatibilityInfo: applicationDensity - 240
08-05 17:10:36.403   916   996 D CompatibilityInfo: applicationScale - 1.0
08-05 17:10:36.860  3088  3396 E SecUISvc: Error initializing local socket: -1
08-05 17:10:36.862   281   281 W /system/bin/hwservicemanager: getTransport: Cannot find entry vendor.qti.hardware.tui_comm@1.0::ITuiComm/default in either framework or device manifest.
