08-05 17:08:58.013  3088  3396 I chatty  : uid=1000(system) Thread-2 expire 4 lines
08-05 17:08:59.778 16151 16162 I zygote  : Background concurrent copying GC freed 49387(3MB) AllocSpace objects, 10(724KB) LOS objects, 75% free, 5MB/23MB, paused 535us total 104.205ms
08-05 17:09:00.011  2461  2461 D KeyguardUpdateMonitor: received broadcast android.intent.action.TIME_TICK
08-05 17:09:00.011  2461  2461 D KeyguardUpdateMonitor: handleTimeUpdate
08-05 17:09:02.045  3088  3396 E SecUISvc: Error initializing local socket: -1
08-05 17:09:02.047   281   281 I chatty  : uid=1000(system) hwservicemanage expire 10 lines
08-05 17:09:03.051  3088  3396 E SecUISvc: Error initializing local socket: -1
08-05 17:09:03.196 16151 16156 I zygote  : Do full code cache collection, code=116KB, data=126KB
08-05 17:09:03.198 16151 16156 I zygote  : After code cache collection, code=93KB, data=62KB
08-05 17:09:04.057  3088  3396 E SecUISvc: Error initializing local socket: -1
08-05 17:08:53.653   472   472 I wificond: Enters wifigbk_ageOutHistory
08-05 17:09:04.950   916   996 W BroadcastQueue: Background execution not allowed: receiving Intent { act=android.intent.action.DROPBOX_ENTRY_ADDED flg=0x10 (has extras) } to com.google.android.gms/.stats.service.DropBoxEntryAddedReceiver
08-05 17:09:04.951   916   996 W BroadcastQueue: Background execution not allowed: receiving Intent { act=android.intent.action.DROPBOX_ENTRY_ADDED flg=0x10 (has extras) } to com.google.android.gms/.chimera.GmsIntentOperationService$PersistentTrustedReceiver
08-05 17:09:05.064  3088  3396 E SecUISvc: Error initializing local socket: -1
08-05 17:09:06.071  3088  3396 E SecUISvc: Error initializing local socket: -1
08-05 17:09:06.577 16151 16178 W Adreno-ES20: <core_glFinish:34>: glFinish skipped: 0
08-05 17:09:06.587 16151 16178 W Adreno-ES20: <core_glFinish:34>: glFinish skipped: 0
08-05 17:09:06.660 16151 16151 I zygote  : Deoptimizing void com.android.ex.chips.RecipientEditTextView$7.onChanged(java.util.List) due to JIT inline cache
08-05 17:09:06.670 16151 16151 I zygote  : Deoptimizing int com.android.ex.chips.BaseRecipientAdapter.getCount() due to JIT inline cache
08-05 17:09:07.077  3088  3396 E SecUISvc: Error initializing local socket: -1
08-05 17:09:07.464  2461  2461 D KeyguardUpdateMonitor: received broadcast android.intent.action.BATTERY_CHANGED
08-05 17:09:07.471  2461  2461 D KeyguardUpdateMonitor: handleBatteryUpdate
08-05 17:09:07.519 16151 16151 V ZoomGestureOverlayView: dispatchTouchEvent(MotionEvent { action=ACTION_DOWN, actionButton=0, id[0]=0, x[0]=299.37628, y[0]=399.49008, toolType[0]=TOOL_TYPE_FINGER, buttonState=0, metaState=0, flags=0x0, edgeFlags=0x0, pointerCount=1, historySize=0, eventTime=2494004, downTime=2494004, deviceId=5, source=0x1002 })
08-05 17:09:07.544 16151 16151 V ZoomGestureOverlayView: dispatchTouchEvent(MotionEvent { action=ACTION_UP, actionButton=0, id[0]=0, x[0]=299.37628, y[0]=399.49008, toolType[0]=TOOL_TYPE_FINGER, buttonState=0, metaState=0, flags=0x0, edgeFlags=0x0, pointerCount=1, historySize=0, eventTime=2494031, downTime=2494004, deviceId=5, source=0x1002 })
08-05 17:09:07.567  2445  2445 I LatinIME: Starting input. Cursor position = 0,0
08-05 17:09:08.083  3088  3396 E SecUISvc: Error initializing local socket: -1
08-05 17:09:09.090  3088  3396 E SecUISvc: Error initializing local socket: -1
08-05 17:09:09.577  2445  2559 I LatinIME:LogUtils: Dictionary info: dictionary = spellcheck_userunigram.en_US ; version = 1565005149 ; date = ?
08-05 17:09:09.653  2445  2559 I LatinIME:LogUtils: Dictionary info: dictionary = main:en ; version = 54 ; date = 1414726273
08-05 17:09:10.097  3088  3396 E SecUISvc: Error initializing local socket: -1
08-05 17:09:11.104  3088  3396 E SecUISvc: Error initializing local socket: -1
08-05 17:09:12.110  3088  3396 E SecUISvc: Error initializing local socket: -1
08-05 17:09:12.113   281   281 I chatty  : uid=1000(system) hwservicemanage expire 10 lines
08-05 17:09:12.910 16151 16151 V ZoomGestureOverlayView: dispatchTouchEvent(MotionEvent { action=ACTION_DOWN, actionButton=0, id[0]=0, x[0]=431.10187, y[0]=376.51697, toolType[0]=TOOL_TYPE_FINGER, buttonState=0, metaState=0, flags=0x0, edgeFlags=0x0, pointerCount=1, historySize=0, eventTime=2499396, downTime=2499396, deviceId=5, source=0x1002 })
08-05 17:09:12.936 16151 16151 V ZoomGestureOverlayView: dispatchTouchEvent(MotionEvent { action=ACTION_UP, actionButton=0, id[0]=0, x[0]=431.10187, y[0]=376.51697, toolType[0]=TOOL_TYPE_FINGER, buttonState=0, metaState=0, flags=0x0, edgeFlags=0x0, pointerCount=1, historySize=0, eventTime=2499420, downTime=2499396, deviceId=5, source=0x1002 })
08-05 17:09:12.962   462 26382 I AudioPolicyManagerCustom: FLAG None hence request for a primary output
08-05 17:09:12.963   462 26382 I AudioPolicyManagerCustom: FLAG None hence request for a primary output
08-05 17:09:12.964 16151 16151 D Mms-debug: send SMS button clicked
08-05 17:09:12.964 16151 16151 W System.err: android.provider.Settings$SettingNotFoundException: wifi_call_turnon
08-05 17:09:12.964 16151 16151 W System.err: 	at android.provider.Settings$Global.getInt(Settings.java:10587)
08-05 17:09:12.965 16151 16151 W System.err: 	at com.android.mms.ui.MessageUtils.isWIFICallingEnable(MessageUtils.java:3082)
08-05 17:09:12.965 16151 16151 W System.err: 	at com.android.mms.ui.MessageUtils.isWfcUnavailable(MessageUtils.java:3088)
08-05 17:09:12.965 16151 16151 W System.err: 	at com.android.mms.ui.ComposeMessageActivity.onClick(ComposeMessageActivity.java:4814)
08-05 17:09:12.965 16151 16151 W System.err: 	at android.view.View.performClick(View.java:6294)
08-05 17:09:12.965 16151 16151 W System.err: 	at android.view.View$PerformClick.run(View.java:24774)
08-05 17:09:12.965 16151 16151 W System.err: 	at android.os.Handler.handleCallback(Handler.java:790)
08-05 17:09:12.965 16151 16151 W System.err: 	at android.os.Handler.dispatchMessage(Handler.java:99)
08-05 17:09:12.965 16151 16151 W System.err: 	at android.os.Looper.loop(Looper.java:164)
08-05 17:09:12.965 16151 16151 W System.err: 	at android.app.ActivityThread.main(ActivityThread.java:6518)
08-05 17:09:12.965 16151 16151 W System.err: 	at java.lang.reflect.Method.invoke(Native Method)
08-05 17:09:12.965 16151 16151 W System.err: 	at com.android.internal.os.RuntimeInit$MethodAndArgsCaller.run(RuntimeInit.java:438)
08-05 17:09:12.965 16151 16151 W System.err: 	at com.android.internal.os.ZygoteInit.main(ZygoteInit.java:807)
08-05 17:09:12.968   416  8254 I chatty  : uid=1000(system) writer expire 63 lines
08-05 17:09:12.969   419   497 E ANDR-PERF-MPCTL: Invalid profile no. 0, total profiles 0 only
08-05 17:09:12.970 16151 16151 W Mms     : isLTEOnlyMode: Could not find PREFERRED_NETWORK_MODE!
08-05 17:09:12.976 16151 16151 D Mms     : [2] isMmsWithMobileDataOff subscription: 1
08-05 17:09:12.976 16151 16151 D Mms-debug: sendMsimMessage subscription: 1
08-05 17:09:12.976 16151 16151 V Mms     : compose mmsCurrentSize = 12, indicatorSizeOvered = false
08-05 17:09:12.977 16151 16151 D Mms-debug: mWorkingMessage send mDebugRecipients=83318 70018
08-05 17:09:12.977 16151 16151 D Mms-debug: send origThreadId: 0
08-05 17:09:12.977 16151 16151 D Mms-debug: mText=Hi....adbcat
08-05 17:09:13.042  2691  3018 I chatty  : uid=1001(radio) Binder:2691_6 expire 1 line
08-05 17:09:13.044  2691  3018 D MmsSmsProvider: getThreadId: create new thread_id for recipients xxxxxxxx
08-05 17:09:13.051  2691  3018 D MmsSmsProvider: insertThread: created new thread_id 3 for recipientIds xxxxxxx
08-05 17:09:13.061 16151 28699 D Mms-debug: sendSmsWorker sending message: recipients=83318 70018, threadId=3
08-05 17:09:13.093 16151 16151 W IInputConnectionWrapper: getTextBeforeCursor on inactive InputConnection
08-05 17:09:13.094  2445  2445 E RichInputConnection: Unable to connect to the editor to retrieve text.
08-05 17:09:13.094  2445  2445 D RichInputConnection: Will try to retrieve text later.
08-05 17:09:13.104 16151 28699 W Mms     : get priority error:java.lang.NumberFormatException: For input string: ""
08-05 17:09:13.104 16151 28699 D Mms-debug: queueMessage mDests[i]: 83318 70018 mThreadId: 3
08-05 17:09:13.105 16151 28699 D Mms     : [SmsMsgSender] updating Database with subId = 1
08-05 17:09:13.112 16151 16151 W IInputConnectionWrapper: getTextBeforeCursor on inactive InputConnection
08-05 17:09:13.114  2445  2445 E RichInputConnection: Unable to connect to the editor to retrieve text.
08-05 17:09:13.114  2445  2445 W RichInputConnection: Unable to connect to the editor. Setting caps mode without knowing text.
08-05 17:09:13.121  3088  3396 E SecUISvc: Error initializing local socket: -1
08-05 17:09:13.134  2445  2445 I LatinIME: Starting input. Cursor position = 0,0
08-05 17:09:13.186   916   996 I chatty  : uid=1000(system) ActivityManager expire 8 lines
08-05 17:09:13.192 16151 16151 D Mms-debug: onReceiveWithPrivilege:intent=Intent { act=com.android.mms.transaction.SEND_MESSAGE flg=0x10 cmp=com.android.mms/.transaction.SmsReceiver (has extras) }|privileged=false
08-05 17:09:13.218 16151 16151 D Mms-debug: onStart: #1 resultCode: -1 = Activity.RESULT_OK
08-05 17:09:13.219 16151 28702 D Mms-debug: handleMessage serviceId: 1 intent: Intent { act=com.android.mms.transaction.SEND_MESSAGE flg=0x10 cmp=com.android.mms/.transaction.SmsReceiverService (has extras) }
08-05 17:09:13.231 16151 28702 D Mms-debug: handleMessage action: com.android.mms.transaction.SEND_MESSAGE error: 0
08-05 17:09:13.280 16151 28702 D Mms-debug: sendFirstQueuedMessage content://sms/4, address: 83318 70018, threadId: 3
08-05 17:09:13.298 16151 28702 I zygote  : Deoptimizing int com.android.internal.telephony.GsmAlphabet.countGsmSeptetsUsingTables(java.lang.CharSequence, boolean, int, int) due to JIT inline cache
08-05 17:09:13.302 16151 28704 W Mms     : RecipientId 3 not in cache!
08-05 17:09:13.377 16151 28702 D Mms     : checkIdp : number = 8331870018 sub = 1 isCDMA = false isEnable = false checked number = 8331870018
08-05 17:09:13.409 16151 28702 D Mms-debug: sendMessage sendIntent: Intent { act=com.android.mms.transaction.MESSAGE_SENT dat=content://sms/4 cmp=com.android.mms/.transaction.SmsReceiver (has extras) }
08-05 17:09:13.418 16151 28702 D Mms-debug: sendMultipartTextMessage:mDest=8331870018|mServiceCenter=null|messages=Hi....adbcat|mPriority=-1|isExpectMore=false|validityPeriod=-1|threadId=3|uri=content://sms/4|msgs.count=1|token=-1|mSubId=1|mRequestDeliveryReport=false
08-05 17:09:13.545 16151 28647 D Mms     : [1041] markAsRead: update read/seen for thread uri: content://mms-sms/conversations/3
08-05 17:09:13.610   472   472 I wificond: Enters wifigbk_ageOutHistory
08-05 17:09:14.129  3088  3396 E SecUISvc: Error initializing local socket: -1
08-05 17:09:14.463  2691  2691 D MmsService: getAutoPersisting
08-05 17:09:14.480 16151 16151 D Mms-debug: onReceiveWithPrivilege:intent=Intent { act=com.android.mms.transaction.MESSAGE_SENT dat=content://sms/4 flg=0x10 cmp=com.android.mms/.transaction.SmsReceiver (has extras) }|privileged=false
08-05 17:09:14.485   916  4612 I chatty  : uid=1000(system) Binder:916_12 expire 3 lines
08-05 17:09:14.503 16151 16151 D Mms-debug: onStart: #1 resultCode: -1 = Activity.RESULT_OK
08-05 17:09:14.503 16151 28708 D Mms-debug: handleMessage serviceId: 1 intent: Intent { act=com.android.mms.transaction.MESSAGE_SENT dat=content://sms/4 flg=0x10 cmp=com.android.mms/.transaction.SmsReceiverService (has extras) }
08-05 17:09:14.512 16151 28708 D Mms-debug: handleMessage action: com.android.mms.transaction.MESSAGE_SENT error: 0
08-05 17:09:14.515 16151 28708 D Mms-debug: handleSmsSent uri: content://sms/4 sendNextMsg: true resultCode: -1 = Activity.RESULT_OK error: 0
08-05 17:09:14.515 16151 28708 V Mms     : handleSmsSent: move message to sent folder uri: content://sms/4
08-05 17:09:15.136  3088  3396 E SecUISvc: Error initializing local socket: -1
08-05 17:09:16.144  3088  3396 E SecUISvc: Error initializing local socket: -1
08-05 17:09:16.186   416  2826 I chatty  : uid=1000(system) HwBinder:416_3 expire 9 lines
08-05 17:09:17.152  3088  3396 E SecUISvc: Error initializing local socket: -1
08-05 17:09:18.158  3088  3396 E SecUISvc: Error initializing local socket: -1
08-05 17:09:19.165  3088  3396 E SecUISvc: Error initializing local socket: -1
08-05 17:09:20.172  3088  3396 E SecUISvc: Error initializing local socket: -1
08-05 17:09:21.181  3088  3396 E SecUISvc: Error initializing local socket: -1
08-05 17:09:22.191  3088  3396 E SecUISvc: Error initializing local socket: -1
08-05 17:09:22.194   281   281 I chatty  : uid=1000(system) hwservicemanage expire 10 lines
08-05 17:09:23.200  3088  3396 E SecUISvc: Error initializing local socket: -1
08-05 17:09:24.207  3088  3396 E SecUISvc: Error initializing local socket: -1
08-05 17:09:24.241  2691  2815 I QImsService: Class : Num of SrvUpdates = 1
08-05 17:09:24.241  2691  2815 I QImsService: Class :  networkMode = 14 status = 2 restrictCause = 0 registered = 1
08-05 17:09:24.241  2691  2815 I QImsService: Class : RTT: copySrvStatusList rtt mode = 2
08-05 17:09:24.242  2691  2815 I QImsService: ImsSenderRxr : [UNSL]< UNSOL_SRV_STATUS_UPDATE [org.codeaurora.ims.ServiceStatus@b82aa8d][SUB1]
08-05 17:09:24.244  2691  2691 I QImsService: ImsServiceSubHandler : Message received: what = 4
08-05 17:09:24.244  2691  2691 I QImsService: ImsServiceSubHandler : Received event: EVENT_SRV_STATUS_UPDATE
08-05 17:09:24.244  2691  2691 I QImsService: ImsServiceSub : type = 11 status = 0 isValid = true
08-05 17:09:24.244  2691  2691 I QImsService: ImsServiceSub : Call Type 11has num updates = 1
08-05 17:09:24.244  2691  2691 I QImsService: ImsServiceSub : StatusForAccessTech networkMode = 14 registered = 1 status = 2 restrictCause = 0
08-05 17:09:24.245  2691  2691 I QImsService: ImsServiceSub : enabledFeature = 4
08-05 17:09:24.245  2691  2691 E QImsService: ImsServiceSub : handleSrvStatusUpdate tracker is null so not updating global VT capability
08-05 17:09:24.245  2691  2691 I QImsService: ImsServiceStateReceiver : updateHDIcon isVideo : false isVoice : false phoneId: 1 show HD Icon: false
08-05 17:09:24.245  2691  2691 D ImsMultiEndpointImpl: Message received: what = 2
08-05 17:09:24.245  2691  2691 D ImsMultiEndpointImpl: EVENT_CAPABILITIES_CHANGED
08-05 17:09:24.245  2691  2691 D ImsMultiEndpointImpl: updateCapabilities:: Video = false, Voice = false
08-05 17:09:24.245  2691  2691 D ImsViceParser: getCallPullInfo mDialogIds null
08-05 17:09:24.245  2691  2691 E ImsMultiEndpointImpl: handleRefreshViceInfo listener null
08-05 17:09:24.251  2884  2917 I QcrilOemhookMsgTunnel: [0]processOemHookIndication length=22
08-05 17:09:24.258  2691  2815 I QImsService: Class : Num of SrvUpdates = 1
08-05 17:09:24.259  2691  2815 I QImsService: Class :  networkMode = 14 status = 2 restrictCause = 0 registered = 1
08-05 17:09:24.259  2691  2815 I QImsService: Class : RTT: copySrvStatusList rtt mode = 2
08-05 17:09:24.259  2691  2815 I QImsService: ImsSenderRxr : [UNSL]< UNSOL_SRV_STATUS_UPDATE [org.codeaurora.ims.ServiceStatus@ca7c442][SUB0]
08-05 17:09:24.270  2691  2691 I QImsService: ImsServiceSubHandler : Message received: what = 4
08-05 17:09:24.270  2691  2691 I QImsService: ImsServiceSubHandler : Received event: EVENT_SRV_STATUS_UPDATE
08-05 17:09:24.270  2691  2691 I QImsService: ImsServiceSub : type = 11 status = 0 isValid = true
08-05 17:09:24.270  2691  2691 I QImsService: ImsServiceSub : Call Type 11has num updates = 1
08-05 17:09:24.270  2691  2691 I QImsService: ImsServiceSub : StatusForAccessTech networkMode = 14 registered = 1 status = 2 restrictCause = 0
08-05 17:09:24.271  2691  2691 I QImsService: ImsServiceSub : enabledFeature = 4
08-05 17:09:24.271  2691  2691 I QImsService: ImsServiceClassTracker : updateFeatureCapabilities video false voice false
08-05 17:09:24.272  2691  2691 I QImsService: ImsServiceStateReceiver : updateHDIcon isVideo : false isVoice : false phoneId: 0 show HD Icon: false
08-05 17:09:24.280  2691  2691 I QImsService: ImsServiceStateReceiver : shallShowHDIcon config showHDIcon : false phoneId : 0
08-05 17:09:24.282  2691  2691 D ImsMultiEndpointImpl: Message received: what = 2
08-05 17:09:24.282  2691  2691 D ImsMultiEndpointImpl: EVENT_CAPABILITIES_CHANGED
08-05 17:09:24.282  2691  2691 D ImsMultiEndpointImpl: updateCapabilities:: Video = false, Voice = false
08-05 17:09:24.282  2691  2691 D ImsViceParser: getCallPullInfo mDialogIds null
08-05 17:09:24.282  2691  2691 D ImsExternalCallTracker: refreshExternalCallState
08-05 17:09:13.619   472   472 I wificond: Enters wifigbk_ageOutHistory
08-05 17:09:24.446   916   996 W ActivityManager: Stopping service due to app idle: u0a16 -5m20s210ms com.google.android.gms/com.google.android.location.internal.GoogleLocationManagerService
08-05 17:09:24.446   916   996 W ActivityManager: Stopping service due to app idle: u0a16 -5m19s393ms com.google.android.gms/com.google.android.location.internal.server.GoogleLocationService
08-05 17:09:25.218  3088  3396 E SecUISvc: Error initializing local socket: -1
08-05 17:09:26.226  3088  3396 E SecUISvc: Error initializing local socket: -1
08-05 17:09:27.232  3088  3396 E SecUISvc: Error initializing local socket: -1
08-05 17:09:28.243  3088  3396 E SecUISvc: Error initializing local socket: -1
08-05 17:09:29.249  3088  3396 E SecUISvc: Error initializing local socket: -1
08-05 17:09:30.256  3088  3396 E SecUISvc: Error initializing local socket: -1
08-05 17:09:31.263  3088  3396 E SecUISvc: Error initializing local socket: -1
08-05 17:09:32.269  3088  3396 E SecUISvc: Error initializing local socket: -1
08-05 17:09:32.272   281   281 I chatty  : uid=1000(system) hwservicemanage expire 5 lines
08-05 17:09:33.276  3088  3396 E SecUISvc: Error initializing local socket: -1
08-05 17:09:33.870   916  2391 I ActivityManager: START u0 {act=android.intent.action.MAIN cat=[android.intent.category.HOME] flg=0x10200000 cmp=com.android.launcher3/.Launcher (has extras)} from uid 1000
08-05 17:09:33.878   916  2391 I chatty  : uid=1000(system) InputDispatcher expire 6 lines
08-05 17:09:33.919   916  1017 D AutofillManagerService: Close system dialogs
08-05 17:09:33.956 16151 16178 W Adreno-ES20: <core_glFinish:34>: glFinish skipped: 0
08-05 17:09:33.972 16151 16178 I chatty  : uid=10019(com.android.mms) RenderThread identical 5 lines
08-05 17:09:33.974  3143  3234 I Adreno-EGL: <qeglDrvAPI_eglInitialize:379>: QUALCOMM Build: 05/15/19, 6f5d4d3, Ia9da49eece
08-05 17:09:33.974  3143  3234 I zygote  : android::hardware::configstore::V1_0::ISurfaceFlingerConfigs::hasWideColorDisplay retrieved: 0
08-05 17:09:33.975  3143  3234 I OpenGLRenderer: Initialized EGL, version 1.4
08-05 17:09:33.975  3143  3234 D OpenGLRenderer: Swap behavior 2
08-05 17:09:33.990  3143  3234 W Adreno-EGL: <qeglDrvAPI_eglGetConfigAttrib:612>: EGL_BAD_ATTRIBUTE
08-05 17:09:33.994  3143  3234 W Adreno-EGL: <qeglDrvAPI_eglGetConfigAttrib:612>: EGL_BAD_ATTRIBUTE
08-05 17:09:33.997  2445  9182 W Adreno-ES20: <core_glFinish:34>: glFinish skipped: 0
08-05 17:09:34.003  2445  9182 W Adreno-ES20: <core_glFinish:34>: glFinish skipped: 0
08-05 17:09:34.006 16151 28653 I chatty  : uid=10019(com.android.mms) AsyncTask #11 expire 1 line
08-05 17:09:34.011  2445  9182 W Adreno-ES20: <core_glFinish:34>: glFinish skipped: 0
08-05 17:09:34.283  3088  3396 E SecUISvc: Error initializing local socket: -1
08-05 17:09:34.512  3143  3234 W OpenGLRenderer: Incorrectly called buildLayer on View: ShortcutAndWidgetContainer, destroying layer...
08-05 17:09:34.644   916  8383 I chatty  : uid=1000(system) RenderThread expire 1 line
08-05 17:09:35.292  3088  3396 E SecUISvc: Error initializing local socket: -1
08-05 17:09:35.993   424   424 I rmt_storage: rmt_storage_connect_cb: clnt_h=0x16 conn_h=0xab18c0f8
08-05 17:09:35.994   424   424 I rmt_storage: rmt_storage_rw_iovec_cb: /boot/modem_fs2: req_h=0x16 msg_id=3: R/W request received
08-05 17:09:36.002   424   424 I rmt_storage: wakelock acquired: 1, error no: 42
08-05 17:09:36.003   424   433 I rmt_storage: rmt_storage_client_thread: /boot/modem_fs2: Unblock worker thread (th_id: -1426876048)
08-05 17:09:36.028   457   457 I VM_BMS  : power_supply_update: ocv_uv=3961702 ibatt=-360193 soc=67 seq_num=76
08-05 17:09:36.093   424   433 I rmt_storage: rmt_storage_client_thread: /boot/modem_fs2: req_h=0x16 msg_id=3: Bytes written = 917504
08-05 17:09:36.093   424   433 I rmt_storage: rmt_storage_client_thread: /boot/modem_fs2: req_h=0x16 msg_id=3: Send response: res=0 err=0
08-05 17:09:36.094   424   433 I rmt_storage: rmt_storage_client_thread: /boot/modem_fs2: About to block rmt_storage client thread (th_id: -1426876048) wakelock released: 1, error no: 0
08-05 17:09:36.094   424   433 I rmt_storage: 
08-05 17:09:36.097   424   424 I rmt_storage: rmt_storage_disconnect_cb: clnt_h=0x16 conn_h=0xab18c0f8
08-05 17:09:36.298  3088  3396 E SecUISvc: Error initializing local socket: -1
08-05 17:09:37.305  3088  3396 E SecUISvc: Error initializing local socket: -1
08-05 17:09:37.308   281   281 W /system/bin/hwservicemanager: getTransport: Cannot find entry vendor.qti.hardware.tui_comm@1.0::ITuiComm/default in either framework or device manifest.
08-05 17:09:37.888   916  4174 I ActivityManager: START u0 {act=android.intent.action.MAIN cat=[android.intent.category.LAUNCHER] flg=0x10200000 cmp=com.android.quicksearchbox/.SearchActivity bnds=[130,603][240,766]} from uid 10017
08-05 17:09:37.892   462 20101 I AudioPolicyManagerCustom: FLAG None hence request for a primary output
08-05 17:09:37.893   462 20101 I AudioPolicyManagerCustom: FLAG None hence request for a primary output
08-05 17:09:37.899   416  8254 I chatty  : uid=1000(system) writer expire 91 lines
08-05 17:09:37.904   419   497 E ANDR-PERF-MPCTL: Invalid profile no. 0, total profiles 0 only
08-05 17:09:37.919   281   281 W /system/bin/hwservicemanager: getTransport: Cannot find entry vendor.qti.hardware.iop@1.0::IIop/default in either framework or device manifest.
08-05 17:09:37.940   916  3382 I chatty  : uid=1000(system) Binder:916_B expire 8 lines
08-05 17:09:38.004   916  3382 I ActivityManager: Start proc 28730:com.android.quicksearchbox/u0a61 for activity com.android.quicksearchbox/.SearchActivity
08-05 17:09:38.277 28730 28749 D OpenGLRenderer: HWUI GL Pipeline
08-05 17:09:38.312  3088  3396 E SecUISvc: Error initializing local socket: -1
08-05 17:09:38.314   281   281 W /system/bin/hwservicemanager: getTransport: Cannot find entry vendor.qti.hardware.tui_comm@1.0::ITuiComm/default in either framework or device manifest.
08-05 17:09:38.333 28730 28749 I Adreno-EGL: <qeglDrvAPI_eglInitialize:379>: QUALCOMM Build: 05/15/19, 6f5d4d3, Ia9da49eece
08-05 17:09:38.361 28730 28749 I zygote  : android::hardware::configstore::V1_0::ISurfaceFlingerConfigs::hasWideColorDisplay retrieved: 0
08-05 17:09:38.362 28730 28749 I OpenGLRenderer: Initialized EGL, version 1.4
08-05 17:09:38.362 28730 28749 D OpenGLRenderer: Swap behavior 2
08-05 17:09:38.378 28730 28749 W Adreno-EGL: <qeglDrvAPI_eglGetConfigAttrib:612>: EGL_BAD_ATTRIBUTE
08-05 17:09:38.384 28730 28749 W Adreno-EGL: <qeglDrvAPI_eglGetConfigAttrib:612>: EGL_BAD_ATTRIBUTE
08-05 17:09:38.473   916  1019 I chatty  : uid=1000(system) android.display expire 2 lines
08-05 17:09:38.473  2445  2445 I LatinIME: Starting input. Cursor position = 0,0
08-05 17:09:38.476   281   281 W /system/bin/hwservicemanager: getTransport: Cannot find entry vendor.qti.hardware.iop@1.0::IIop/default in either framework or device manifest.
08-05 17:09:38.478 28730 28730 I QSB.SuggestionsProviderImpl: chars:0,source:Source{name=com.android.quicksearchbox/.google.GoogleSearch}
08-05 17:09:38.570  2445  9182 W Adreno-EGL: <qeglDrvAPI_eglGetConfigAttrib:612>: EGL_BAD_ATTRIBUTE
08-05 17:09:39.317  3088  3396 E SecUISvc: Error initializing local socket: -1
08-05 17:09:39.320   281   281 W /system/bin/hwservicemanager: getTransport: Cannot find entry vendor.qti.hardware.tui_comm@1.0::ITuiComm/default in either framework or device manifest.
08-05 17:09:40.323  3088  3396 E SecUISvc: Error initializing local socket: -1
08-05 17:09:40.326   281   281 W /system/bin/hwservicemanager: getTransport: Cannot find entry vendor.qti.hardware.tui_comm@1.0::ITuiComm/default in either framework or device manifest.
08-05 17:09:40.416 28730 28730 I QSB.SuggestionsProviderImpl: chars:1,source:Source{name=com.android.quicksearchbox/.google.GoogleSearch}
08-05 17:09:40.723 28730 28730 I QSB.SuggestionsProviderImpl: chars:2,source:Source{name=com.android.quicksearchbox/.google.GoogleSearch}
08-05 17:09:40.906 28730 28755 D NetworkSecurityConfig: No Network Security Config specified, using platform default
08-05 17:09:40.937 28730 28730 I QSB.SuggestionsProviderImpl: chars:3,source:Source{name=com.android.quicksearchbox/.google.GoogleSearch}
08-05 17:09:41.329  3088  3396 E SecUISvc: Error initializing local socket: -1
08-05 17:09:41.332   281   281 W /system/bin/hwservicemanager: getTransport: Cannot find entry vendor.qti.hardware.tui_comm@1.0::ITuiComm/default in either framework or device manifest.
08-05 17:09:41.429 28730 28730 I QSB.SuggestionsProviderImpl: chars:4,source:Source{name=com.android.quicksearchbox/.google.GoogleSearch}
08-05 17:09:41.728 28730 28730 I QSB.SuggestionsProviderImpl: chars:5,source:Source{name=com.android.quicksearchbox/.google.GoogleSearch}
08-05 17:09:42.104 28730 28730 I QSB.SuggestionsProviderImpl: chars:6,source:Source{name=com.android.quicksearchbox/.google.GoogleSearch}
08-05 17:09:42.303  2884  2917 I QcrilOemhookMsgTunnel: [0]processOemHookIndication length=22
08-05 17:09:42.335  3088  3396 E SecUISvc: Error initializing local socket: -1
08-05 17:09:42.338   281   281 W /system/bin/hwservicemanager: getTransport: Cannot find entry vendor.qti.hardware.tui_comm@1.0::ITuiComm/default in either framework or device manifest.
08-05 17:09:42.598 28730 28730 I QSB.SuggestionsProviderImpl: chars:7,source:Source{name=com.android.quicksearchbox/.google.GoogleSearch}
08-05 17:09:43.343  3088  3396 E SecUISvc: Error initializing local socket: -1
08-05 17:09:43.345   281   281 W /system/bin/hwservicemanager: getTransport: Cannot find entry vendor.qti.hardware.tui_comm@1.0::ITuiComm/default in either framework or device manifest.
08-05 17:09:44.349  3088  3396 E SecUISvc: Error initializing local socket: -1
08-05 17:09:44.352   281   281 W /system/bin/hwservicemanager: getTransport: Cannot find entry vendor.qti.hardware.tui_comm@1.0::ITuiComm/default in either framework or device manifest.
08-05 17:09:44.853   462 20101 I AudioPolicyManagerCustom: FLAG None hence request for a primary output
08-05 17:09:44.854   462 20101 I AudioPolicyManagerCustom: FLAG None hence request for a primary output
08-05 17:09:44.856   916  5064 I ActivityManager: START u0 {act=android.intent.action.WEB_SEARCH flg=0x14000000 cmp=com.android.quicksearchbox/.google.GoogleSearch (has extras)} from uid 10061
08-05 17:09:44.862   419   497 E ANDR-PERF-MPCTL: Invalid profile no. 0, total profiles 0 only
08-05 17:09:44.872   416  8254 D ACDB-LOADER: ACDB -> send_audio_cal, acdb_id = 14, path = 0, app id = 0x11130, sample rate = 48000
08-05 17:09:44.872   416  8254 D ACDB-LOADER: ACDB -> send_asm_topology
08-05 17:09:44.872   416  8254 D ACDB-LOADER: ACDB -> ACDB_CMD_GET_AUDPROC_STREAM_TOPOLOGY_ID
08-05 17:09:44.872   416  8254 D ACDB-LOADER: ACDB -> send_adm_topology
08-05 17:09:44.872   416  8254 D ACDB-LOADER: ACDB -> ACDB_CMD_GET_AUDPROC_COMMON_TOPOLOGY_ID
08-05 17:09:44.872   416  8254 D ACDB-LOADER: ACDB -> send_audtable
08-05 17:09:44.872   416  8254 D ACDB-LOADER: ACDB -> ACDB_CMD_GET_AUDPROC_COMMON_TABLE_SIZE
08-05 17:09:44.872   416  8254 D ACDB-LOADER: ACDB -> ACDB_CMD_GET_AUDPROC_COMMON_TABLE
08-05 17:09:44.872   416  8254 D ACDB-LOADER: ACDB -> AUDIO_SET_AUDPROC_CAL
08-05 17:09:44.872   416  8254 D ACDB-LOADER: ACDB -> send_audvoltable
08-05 17:09:44.872   416  8254 D ACDB-LOADER: ACDB -> ACDB_CMD_GET_AUDPROC_VOL_STEP_TABLE_SIZE
08-05 17:09:44.872   416  8254 D ACDB-LOADER: ACDB -> ACDB_CMD_GET_AUDPROC_GAIN_DEP_STEP_TABLE, vol index 0
08-05 17:09:44.873   416  8254 D ACDB-LOADER: ACDB -> AUDIO_SET_VOL_CAL cal type = 12
08-05 17:09:44.873   416  8254 D ACDB-LOADER: ACDB -> ACDB_CMD_GET_AUDPROC_STREAM_TABLE_SIZE
08-05 17:09:44.873   416  8254 D ACDB-LOADER: ACDB -> send_audstrmtable
08-05 17:09:44.873   416  8254 D ACDB-LOADER: ACDB -> ACDB_CMD_GET_AUDPROC_STREAM_TABLE_V2
08-05 17:09:44.873   416  8254 D ACDB-LOADER: ACDB -> audstrm_cal->cal_type.cal_data.cal_size = 88
08-05 17:09:44.873   416  8254 D ACDB-LOADER: ACDB -> send_afe_topology
08-05 17:09:44.873   416  8254 D ACDB-LOADER: ACDB -> ACDB_CMD_GET_AFE_TOPOLOGY_ID
08-05 17:09:44.873   416  8254 D         : ACDBFILE_MGR: CmnDevinfo for the devid 0000000E not found
08-05 17:09:44.873   416  8254 D         : ACDB_COMMAND: Failed to fetch the afe topo info for devid 0000000E 
08-05 17:09:44.873   416  8254 E ACDB-LOADER: ACDB get afe topology for acdb id = 14, err = -8
08-05 17:09:44.873   416  8254 E ACDB-LOADER: Error: get ACDB afe topology result = -8
08-05 17:09:44.873   416  8254 D ACDB-LOADER: ACDB -> send_afe_cal
08-05 17:09:44.873   416  8254 D ACDB-LOADER: ACDB -> ACDB_CMD_GET_AFE_COMMON_TABLE_SIZE
08-05 17:09:44.873   416  8254 D ACDB-LOADER: ACDB -> ACDB_CMD_GET_AFE_COMMON_TABLE
08-05 17:09:44.873   416  8254 D ACDB-LOADER: ACDB -> AUDIO_SET_AFE_CAL
08-05 17:09:44.873   416  8254 D ACDB-LOADER: ACDB -> send_hw_delay : acdb_id = 14 path = 0
08-05 17:09:44.873   416  8254 D ACDB-LOADER: ACDB -> ACDB_AVSYNC_INFO: ACDB_CMD_GET_DEVICE_PROPERTY
08-05 17:09:44.874   416  8254 D audio_hw_primary: enable_audio_route: apply mixer and update path: low-latency-playback
08-05 17:09:44.874   416  8254 D audio_route: Apply path: low-latency-playback
08-05 17:09:44.876   416  8254 D audio_hw_primary: select_devices: done
08-05 17:09:44.879   916  5064 I chatty  : uid=1000(system) Binder:916_19 expire 8 lines
08-05 17:09:44.892   916  5280 I chatty  : uid=1000(system) Binder:916_1D expire 14 lines
08-05 17:09:44.919 28730 28730 I GoogleSearch: Launching intent: http://www.google.com/m?hl=en&source=android-unknown&q=youtube#Intent;launchFlags=0x10000000;S.com.android.browser.application_id=com.android.quicksearchbox;end
08-05 17:09:44.923   916  5280 V PackageManager: [a7e9777c-eba0-4c40-9c43-44488a443732] Binding to instant app resolver
08-05 17:09:44.968   416  8254 D msm8916_platform: platform_set_channel_map mixer_ctl_name:Playback Channel Map12
08-05 17:09:44.968   416  8254 D msm8916_platform: platform_set_channel_map: set mapping(1 2 0 0 0 0 0 0) for channel:2
08-05 17:09:44.969   416  8254 D audio_hw_primary: start_output_stream: exit
08-05 17:09:44.980   916  5280 I ActivityManager: Start proc 28783:com.google.android.gms.persistent/u0a16 for service com.google.android.gms/.chimera.PersistentBoundBrokerService
08-05 17:09:45.282   916  5280 I ActivityManager: START u0 {act=android.intent.action.VIEW dat=http://www.google.com/... flg=0x10000000 cmp=org.chromium.webview_shell/.WebViewBrowserActivity (has extras)} from uid 10061
08-05 17:09:45.293   281   281 W /system/bin/hwservicemanager: getTransport: Cannot find entry vendor.qti.hardware.iop@1.0::IIop/default in either framework or device manifest.
08-05 17:09:45.304   916  5280 E ActivityTrigger: activityResumeTrigger: not whiteListedorg.chromium.webview_shell/org.chromium.webview_shell.WebViewBrowserActivity/1
08-05 17:09:45.304   916  5280 D ActivityTrigger: ActivityTrigger activityPauseTrigger 
08-05 17:09:45.314   916  5064 W zygote  : Long monitor contention with owner Binder:916_1D (5280) at android.content.pm.ResolveInfo com.android.server.am.ActivityStackSupervisor.resolveIntent(android.content.Intent, java.lang.String, int, int)(ActivityStackSupervisor.java:1309) waiters=1 in void com.android.server.am.ActivityManagerService.attachApplication(android.app.IApplicationThread) for 304ms
08-05 17:09:45.328   916  5064 D CompatibilityInfo: mCompatibilityFlags - 4
08-05 17:09:45.328   916  5064 D CompatibilityInfo: applicationDensity - 240
08-05 17:09:45.328   916  5064 D CompatibilityInfo: applicationScale - 1.0
08-05 17:09:45.355  3088  3396 E SecUISvc: Error initializing local socket: -1
08-05 17:09:45.358   281   281 W /system/bin/hwservicemanager: getTransport: Cannot find entry vendor.qti.hardware.tui_comm@1.0::ITuiComm/default in either framework or device manifest.
08-05 17:09:45.378   916  5064 I ActivityManager: Start proc 28800:org.chromium.webview_shell/u0a36 for activity org.chromium.webview_shell/.WebViewBrowserActivity
08-05 17:09:45.387   916  5064 D CompatibilityInfo: mCompatibilityFlags - 4
08-05 17:09:45.388   916  5064 D CompatibilityInfo: applicationDensity - 240
08-05 17:09:45.388   916  5064 D CompatibilityInfo: applicationScale - 1.0
08-05 17:09:45.390   916  5064 W ActivityManager: Slow operation: 66ms so far, now at attachApplicationLocked: after mServices.attachApplicationLocked
08-05 17:09:45.392   916   996 D ActivityTrigger: ActivityTrigger activityStopTrigger 
08-05 17:09:45.399   916   996 W ActivityManager: Scheduling restart of crashed service com.google.android.gms/com.google.android.location.geofencer.service.GeofenceProviderService in 1000ms
08-05 17:09:45.400   916   996 W ActivityManager: Scheduling restart of crashed service com.google.android.gms/com.google.android.location.geocode.GeocodeService in 10999ms
08-05 17:09:45.400   916   996 W ActivityManager: Scheduling restart of crashed service com.google.android.gms/com.google.android.location.fused.FusedLocationService in 20999ms
08-05 17:09:45.401   916   996 W ActivityManager: Scheduling restart of crashed service com.google.android.gms/com.google.android.location.internal.server.HardwareArProviderService in 30999ms
08-05 17:09:45.401   916   996 W ActivityManager: Scheduling restart of crashed service com.google.android.gms/com.google.android.location.network.NetworkLocationService in 40999ms
08-05 17:09:45.418   916  5280 D ActivityTrigger: activityResumeTrigger: The activity in ApplicationInfo{983693e org.chromium.webview_shell} is now in focus and seems to be in full-screen mode
08-05 17:09:45.418   916  5280 E ActivityTrigger: activityResumeTrigger: not whiteListedorg.chromium.webview_shell/org.chromium.webview_shell.WebViewBrowserActivity/1
08-05 17:09:45.418  3143  3234 W Adreno-ES20: <core_glFinish:34>: glFinish skipped: 0
08-05 17:09:45.426  3143  3234 I chatty  : uid=10017(com.android.launcher3) RenderThread identical 2 lines
08-05 17:09:45.438  3143  3234 W Adreno-ES20: <core_glFinish:34>: glFinish skipped: 0
08-05 17:09:45.459 28783 28783 I zygote  : The ClassLoaderContext is a special shared library.
08-05 17:09:45.497   916  5064 D CompatibilityInfo: mCompatibilityFlags - 14
08-05 17:09:45.498   916  5064 D CompatibilityInfo: applicationDensity - 240
08-05 17:09:45.498   916  5064 D CompatibilityInfo: applicationScale - 1.0
08-05 17:09:45.546   916  5064 D CompatibilityInfo: mCompatibilityFlags - 14
08-05 17:09:45.546   916  5064 D CompatibilityInfo: applicationDensity - 240
08-05 17:09:45.546   916  5064 D CompatibilityInfo: applicationScale - 1.0
08-05 17:09:45.568 28730 28749 W Adreno-ES20: <core_glFinish:34>: glFinish skipped: 0
08-05 17:09:45.571   916  5064 W ActivityManager: Slow operation: 75ms so far, now at attachApplicationLocked: after mServices.attachApplicationLocked
08-05 17:09:45.588 28730 28749 W Adreno-ES20: <core_glFinish:34>: glFinish skipped: 0
08-05 17:09:45.731 28800 28800 I WebViewFactory: Loading com.android.webview version 61.0.3163.98 (code 316409800)
08-05 17:09:45.773 28783 28783 W DynamiteModule: Local module descriptor class for providerinstaller not found.
08-05 17:09:45.830 28783 28783 W ProviderHelper: Unknown dynamite feature providerinstaller
08-05 17:09:45.844 28783 28783 I DynamiteModule: Considering local module providerinstaller:0 and remote module providerinstaller:0
08-05 17:09:45.845 28783 28783 W ProviderInstaller: Failed to load providerinstaller module: No acceptable module found. Local version is 0 and remote version is 0.
08-05 17:09:45.881 28800 28800 I cr_LibraryLoader: Time to load native libraries: 9 ms (timestamps 2360-2369)
08-05 17:09:45.890 28783 28783 V NativeCrypto: Registering com/google/android/gms/org/conscrypt/NativeCrypto's 284 native methods...
08-05 17:09:45.902 28800 28800 I chromium: [INFO:library_loader_hooks.cc(136)] Chromium logging enabled: level = 0, default verbosity = 0
08-05 17:09:45.903 28800 28800 I cr_LibraryLoader: Expected native library version number "61.0.3163.98", actual native library version number "61.0.3163.98"
08-05 17:09:45.962 28783 28783 D NetworkSecurityConfig: Using Network Security Config from resource network_security_config debugBuild: false
08-05 17:09:45.962 28800 28800 I cr_BrowserStartup: Initializing chromium process, singleProcess=true
08-05 17:09:45.970 28783 28783 I ProviderInstaller: Installed default security provider GmsCore_OpenSSL
08-05 17:09:46.028 28800 28800 W m.webview_shell: type=1400 audit(0.0:79): avc: denied { read } for name="vmstat" dev="proc" ino=4026532338 scontext=u:r:untrusted_app_25:s0:c512,c768 tcontext=u:object_r:proc:s0 tclass=file permissive=0
08-05 17:09:46.042 28800 28800 I Adreno-EGL: <qeglDrvAPI_eglInitialize:379>: QUALCOMM Build: 05/15/19, 6f5d4d3, Ia9da49eece
08-05 17:09:46.062 28800 28800 I zygote  : android::hardware::configstore::V1_0::ISurfaceFlingerConfigs::hasWideColorDisplay retrieved: 0
08-05 17:09:46.080 28800 28800 W Adreno-EGL: <qeglDrvAPI_eglGetConfigAttrib:612>: EGL_BAD_ATTRIBUTE
08-05 17:09:46.178 28783 28783 I GmsApplication: Registering the BackgroundBroadcastReceiverSupport receiver.
08-05 17:09:46.199 28800 28838 W cr_CrashFileManager: /data/user/0/org.chromium.webview_shell/cache/WebView/Crash Reports does not exist or is not a directory
08-05 17:09:46.302 28783 28783 I GmsReceiverSupport: Registered Receiver for 18+1 IntentFilters
08-05 17:09:46.363  3088  3396 E SecUISvc: Error initializing local socket: -1
08-05 17:09:46.366   281   281 W /system/bin/hwservicemanager: getTransport: Cannot find entry vendor.qti.hardware.tui_comm@1.0::ITuiComm/default in either framework or device manifest.
08-05 17:09:46.399   916   996 W ActivityManager: Scheduling restart of crashed service com.google.android.gms/com.google.android.location.geofencer.service.GeofenceProviderService in 50001ms
08-05 17:09:46.467 28783 28783 W Primes  : Primes not initialized, returning default (no-op) Primes instance which will ignore all calls. Please call Primes.initialize(...) before using any Primes API.
08-05 17:09:46.517   916  3382 D CompatibilityInfo: mCompatibilityFlags - 4
08-05 17:09:46.517   916  3382 D CompatibilityInfo: applicationDensity - 240
08-05 17:09:46.517   916  3382 D CompatibilityInfo: applicationScale - 1.0
08-05 17:09:46.544 28783 28788 I zygote  : Do partial code cache collection, code=26KB, data=27KB
08-05 17:09:46.546 28783 28788 I zygote  : After code cache collection, code=25KB, data=26KB
08-05 17:09:46.546 28783 28788 I zygote  : Increasing code cache capacity to 128KB
08-05 17:09:46.578 28800 28837 W cr_media: Requires BLUETOOTH permission
08-05 17:09:46.637 28800 28849 D OpenGLRenderer: HWUI GL Pipeline
08-05 17:09:46.652 28783 28783 I DynamiteModule: Considering local module com.google.android.gms.googlecertificates:4 and remote module com.google.android.gms.googlecertificates:4
08-05 17:09:46.652 28783 28783 I DynamiteModule: Selected local version of com.google.android.gms.googlecertificates
08-05 17:09:46.708   916  2391 I InputDispatcher: Dropping event because there is no touchable window at (137, 82).
08-05 17:09:46.713 28783 28783 W ConfigurationChimeraPro: Caller is not authorized to access Uri: content://com.google.android.gms.phenotype/com.google.android.gms.ipa [CONTEXT service_id=51 ]
08-05 17:09:46.723 28783 28783 I ChimeraSrvcProxy: com.google.android.gms.chimera.PersistentBoundBrokerService returning NullBinder for action com.google.android.gms.ipa.smsindexer.PERSISTENT_START
08-05 17:09:46.746 28800 28849 I OpenGLRenderer: Initialized EGL, version 1.4
08-05 17:09:46.746 28800 28849 D OpenGLRenderer: Swap behavior 2
08-05 17:09:46.768 28800 28849 W Adreno-EGL: <qeglDrvAPI_eglGetConfigAttrib:612>: EGL_BAD_ATTRIBUTE
08-05 17:09:46.776 28800 28849 W Adreno-EGL: <qeglDrvAPI_eglGetConfigAttrib:612>: EGL_BAD_ATTRIBUTE
08-05 17:09:46.807 28783 28783 W ConfigurationChimeraPro: Caller is not authorized to access Uri: content://com.google.android.gms.phenotype/com.google.android.gms.instantapps [CONTEXT service_id=51 ]
08-05 17:09:46.841   916  4612 D CompatibilityInfo: mCompatibilityFlags - 4
08-05 17:09:46.842   916  4612 D CompatibilityInfo: applicationDensity - 240
08-05 17:09:46.842   916  4612 D CompatibilityInfo: applicationScale - 1.0
08-05 17:09:46.875 28783 28783 E GmsNativeLibraryLoader: Unable to locate leveldbjni in dalvik.system.PathClassLoader[DexPathList[[zip file "/system/framework/com.android.media.remotedisplay.jar", zip file "/system/framework/com.android.location.provider.jar", zip file "/system/priv-app/PrebuiltGmsCorePix/PrebuiltGmsCorePix.apk"],nativeLibraryDirectories=[/system/priv-app/PrebuiltGmsCorePix/lib/arm, /system/priv-app/PrebuiltGmsCorePix/PrebuiltGmsCorePix.apk!/lib/armeabi-v7a, /system/lib, /vendor/lib, /system/lib, /vendor/lib]]]
08-05 17:09:46.875 28783 28783 E GmsNativeLibraryLoader: java.lang.UnsatisfiedLinkError: dalvik.system.PathClassLoader[DexPathList[[zip file "/system/framework/com.android.media.remotedisplay.jar", zip file "/system/framework/com.android.location.provider.jar", zip file "/system/priv-app/PrebuiltGmsCorePix/PrebuiltGmsCorePix.apk"],nativeLibraryDirectories=[/system/priv-app/PrebuiltGmsCorePix/lib/arm, /system/priv-app/PrebuiltGmsCorePix/PrebuiltGmsCorePix.apk!/lib/armeabi-v7a, /system/lib, /vendor/lib, /system/lib, /vendor/lib]]] couldn't find "libleveldbjni.so"
08-05 17:09:46.875 28783 28783 E GmsNativeLibraryLoader: 	at java.lang.Runtime.loadLibrary0(Runtime.java:1011)
08-05 17:09:46.875 28783 28783 E GmsNativeLibraryLoader: 	at java.lang.System.loadLibrary(System.java:1657)
08-05 17:09:46.875 28783 28783 E GmsNativeLibraryLoader: 	at qfz.b(:com.google.android.gms@17455055@17.4.55 (110400-248795830):23)
08-05 17:09:46.875 28783 28783 E GmsNativeLibraryLoader: 	at qgv.b(:com.google.android.gms@17455055@17.4.55 (110400-248795830):5)
08-05 17:09:46.875 28783 28783 E GmsNativeLibraryLoader: 	at com.google.android.gms.leveldb.environment.LevelDbPlatform.loadLibrary(Unknown Source:4)
08-05 17:09:46.875 28783 28783 E GmsNativeLibraryLoader: 	at com.google.android.gms.leveldb.LevelDb.<clinit>(:com.google.android.gms@17455055@17.4.55 (110400-248795830):2)
08-05 17:09:46.875 28783 28783 E GmsNativeLibraryLoader: 	at com.google.android.gms.leveldb.LevelDb.open(:com.google.android.gms@17455055@17.4.55 (110400-248795830):1)
08-05 17:09:46.875 28783 28783 E GmsNativeLibraryLoader: 	at zoi.a(:com.google.android.gms@17455055@17.4.55 (110400-248795830):1)
08-05 17:09:46.875 28783 28783 E GmsNativeLibraryLoader: 	at zoi.a(:com.google.android.gms@17455055@17.4.55 (110400-248795830):6)
08-05 17:09:46.875 28783 28783 E GmsNativeLibraryLoader: 	at zmn.<init>(:com.google.android.gms@17455055@17.4.55 (110400-248795830):17)
08-05 17:09:46.875 28783 28783 E GmsNativeLibraryLoader: 	at zmn.a(:com.google.android.gms@17455055@17.4.55 (110400-248795830):2)
08-05 17:09:46.875 28783 28783 E GmsNativeLibraryLoader: 	at com.google.android.gms.instantapps.routing.InstantAppResolverBoundService.onBind(:com.google.android.gms@17455055@17.4.55 (110400-248795830):1)
08-05 17:09:46.875 28783 28783 E GmsNativeLibraryLoader: 	at nxu.onBind(:com.google.android.gms@17455055@17.4.55 (110400-248795830):2)
08-05 17:09:46.875 28783 28783 E GmsNativeLibraryLoader: 	at ebh.onBind(:com.google.android.gms@17455055@17.4.55 (110400-248795830):4)
08-05 17:09:46.875 28783 28783 E GmsNativeLibraryLoader: 	at nyb.onBind(:com.google.android.gms@17455055@17.4.55 (110400-248795830):29)
08-05 17:09:46.875 28783 28783 E GmsNativeLibraryLoader: 	at android.app.ActivityThread.handleBindService(ActivityThread.java:3369)
08-05 17:09:46.875 28783 28783 E GmsNativeLibraryLoader: 	at android.app.ActivityThread.-wrap2(Unknown Source:0)
08-05 17:09:46.875 28783 28783 E GmsNativeLibraryLoader: 	at android.app.ActivityThread$H.handleMessage(ActivityThread.java:1685)
08-05 17:09:46.875 28783 28783 E GmsNativeLibraryLoader: 	at android.os.Handler.dispatchMessage(Handler.java:106)
08-05 17:09:46.875 28783 28783 E GmsNativeLibraryLoader: 	at android.os.Looper.loop(Looper.java:164)
08-05 17:09:46.875 28783 28783 E GmsNativeLibraryLoader: 	at android.app.ActivityThread.main(ActivityThread.java:6518)
08-05 17:09:46.875 28783 28783 E GmsNativeLibraryLoader: 	at java.lang.reflect.Method.invoke(Native Method)
08-05 17:09:46.875 28783 28783 E GmsNativeLibraryLoader: 	at com.android.internal.os.RuntimeInit$MethodAndArgsCaller.run(RuntimeInit.java:438)
08-05 17:09:46.875 28783 28783 E GmsNativeLibraryLoader: 	at com.android.internal.os.ZygoteInit.main(ZygoteInit.java:807)
08-05 17:09:46.875 28783 28783 E LevelDb : LevelDb failed to load (1), returning NoOpLevelDb
08-05 17:09:46.919 28783 28783 I chatty  : uid=10016 com.google.android.gms.persistent identical 3 lines
08-05 17:09:46.928 28783 28783 E LevelDb : LevelDb failed to load (1), returning NoOpLevelDb
08-05 17:09:46.947 28783 28783 W ChimeraUtils: Non Chimera context
08-05 17:09:46.947 28783 28783 W ChimeraUtils: Non Chimera context
08-05 17:09:46.951 28783 28865 E ActivityThread: Failed to find provider info for instantapp-dev-manager
08-05 17:09:46.975   916   916 D PackageManager: Connected to instant app resolver
08-05 17:09:46.999 28783 28783 I ChimeraSrvcProxy: com.google.android.gms.chimera.PersistentBoundBrokerService returning NullBinder for action com.google.android.gms.ipa.mediastoreindexer.PERSISTENT_START
08-05 17:09:47.011   916  4612 D CompatibilityInfo: mCompatibilityFlags - 4
08-05 17:09:47.011   916  4612 D CompatibilityInfo: applicationDensity - 240
08-05 17:09:47.011   916  4612 D CompatibilityInfo: applicationScale - 1.0
08-05 17:09:47.195 28783 28783 W ConfigurationChimeraPro: Caller is not authorized to access Uri: content://com.google.android.gms.phenotype/com.google.android.gms [CONTEXT service_id=51 ]
08-05 17:09:47.316  2461  2461 D StatusBar: disable<e i a s b h r c s q >
08-05 17:09:47.329  2461  2461 D StatusBar: disable<e i a s b h r c s q >
08-05 17:09:47.369  3088  3396 E SecUISvc: Error initializing local socket: -1
08-05 17:09:47.373   281   281 W /system/bin/hwservicemanager: getTransport: Cannot find entry vendor.qti.hardware.tui_comm@1.0::ITuiComm/default in either framework or device manifest.
08-05 17:09:47.373  2461  2763 W Adreno-EGL: <qeglDrvAPI_eglGetConfigAttrib:612>: EGL_BAD_ATTRIBUTE
08-05 17:09:47.503 28783 28845 W ConfigurationChimeraPro: Caller is not authorized to access Uri: content://com.google.android.gms.phenotype/com.google.android.gms.usagereporting [CONTEXT service_id=51 ]
08-05 17:09:47.629   916  1019 I ActivityManager: Displayed org.chromium.webview_shell/.WebViewBrowserActivity: +2s285ms (total +2s725ms)
08-05 17:09:47.632   281   281 W /system/bin/hwservicemanager: getTransport: Cannot find entry vendor.qti.hardware.iop@1.0::IIop/default in either framework or device manifest.
08-05 17:09:47.633   916  1019 E ANDR-PERF-JNI: Iop tryGetService failed
08-05 17:09:47.643  2445  9182 W Adreno-ES20: <core_glFinish:34>: glFinish skipped: 0
08-05 17:09:47.646  2445  9182 I chatty  : uid=10055(com.android.inputmethod.latin) RenderThread identical 1 line
08-05 17:09:47.655  2445  9182 W Adreno-ES20: <core_glFinish:34>: glFinish skipped: 0
08-05 17:09:47.773   916  3825 D ActivityTrigger: ActivityTrigger activityStopTrigger 
08-05 17:09:47.783 28730 28749 W Adreno-ES20: <core_glFinish:34>: glFinish skipped: 0
08-05 17:09:47.794 28800 28882 W Adreno-EGL: <qeglDrvAPI_eglGetConfigAttrib:612>: EGL_BAD_ATTRIBUTE
08-05 17:09:47.806 28730 28749 W Adreno-ES20: <core_glFinish:34>: glFinish skipped: 0
08-05 17:09:47.807 28730 28749 I chatty  : uid=10061(com.android.quicksearchbox) RenderThread identical 1 line
08-05 17:09:47.830 28730 28749 W Adreno-ES20: <core_glFinish:34>: glFinish skipped: 0
08-05 17:09:47.915 28800 28882 W VideoCapabilities: Unrecognized profile 2130706433 for video/avc
08-05 17:09:47.915 28800 28882 W VideoCapabilities: Unrecognized profile 2130706434 for video/avc
08-05 17:09:47.944 28800 28882 W VideoCapabilities: Unsupported mime video/divx
08-05 17:09:47.949 28800 28882 W VideoCapabilities: Unsupported mime video/divx4
08-05 17:09:48.013 28800 28882 W VideoCapabilities: Unrecognized profile 2130706433 for video/avc
08-05 17:09:48.013 28800 28882 W VideoCapabilities: Unrecognized profile 2130706434 for video/avc
08-05 17:09:48.047 28800 28882 I VideoCapabilities: Unsupported profile 4 for video/mp4v-es
08-05 17:09:48.077   416  2826 D audio_hw_primary: out_standby: enter: stream (0xa7c6a000) usecase(1: low-latency-playback)
08-05 17:09:48.120 28800 28882 W Adreno-EGL: <qeglDrvAPI_eglGetConfigAttrib:612>: EGL_BAD_ATTRIBUTE
08-05 17:09:48.178 28800 28800 W Chrome_InProcGp: type=1400 audit(0.0:80): avc: denied { read } for name="reset_count" dev="sysfs" ino=20216 scontext=u:r:untrusted_app_25:s0:c512,c768 tcontext=u:object_r:sysfs_kgsl:s0 tclass=file permissive=0
08-05 17:09:48.178 28800 28800 I chatty  : uid=10036(org.chromium.webview_shell) identical 1 line
08-05 17:09:48.185 28800 28882 W Adreno-ES20: <rb_perfcounter_gpu_disjoint_status:487>: open failed: errno 13
08-05 17:09:48.186 28800 28882 W Adreno-ES20: <rb_perfcounter_gpu_disjoint_status:487>: open failed: errno 13
08-05 17:09:48.193   416  2826 D audio_hw_primary: disable_audio_route: reset and update mixer path: low-latency-playback
08-05 17:09:48.194   416  2826 D soundtrigger: audio_extn_sound_trigger_update_stream_status: uc_id 1 of type 0 for Event 2, with Raise=0
