08-05 17:08:21.963   916  2407 I Nat464Xlat: Android Xlat is disabled
08-05 17:08:22.047  2691  2691 I QImsService: ImsServiceSubHandler : Message received: what = 4
08-05 17:08:22.047  2691  2691 I QImsService: ImsServiceSubHandler : Received event: EVENT_SRV_STATUS_UPDATE
08-05 17:08:22.047  2691  2691 I QImsService: ImsServiceSub : type = 11 status = 0 isValid = true
08-05 17:08:22.047  2691  2691 I QImsService: ImsServiceSub : Call Type 11has num updates = 1
08-05 17:08:22.047  2691  2691 I QImsService: ImsServiceSub : StatusForAccessTech networkMode = 14 registered = 1 status = 2 restrictCause = 0
08-05 17:08:22.047  2691  2691 I QImsService: ImsServiceSub : enabledFeature = 4
08-05 17:08:22.047  2691  2691 I QImsService: ImsServiceClassTracker : updateFeatureCapabilities video false voice false
08-05 17:08:22.048  2691  2691 I QImsService: ImsServiceStateReceiver : updateHDIcon isVideo : false isVoice : false phoneId: 0 show HD Icon: false
08-05 17:08:22.058   916  2399 I chatty  : uid=1000(system) NetworkPolicy expire 9 lines
08-05 17:08:22.064  2691  2691 I QImsService: ImsServiceStateReceiver : shallShowHDIcon config showHDIcon : false phoneId : 0
08-05 17:08:22.064  2691  2691 I QImsService: ImsServiceSubHandler : Message received: what = 4
08-05 17:08:22.064  2691  2691 I QImsService: ImsServiceSubHandler : Received event: EVENT_SRV_STATUS_UPDATE
08-05 17:08:22.065  2691  2691 I QImsService: ImsServiceSub : type = 11 status = 0 isValid = true
08-05 17:08:22.065  2691  2691 I QImsService: ImsServiceSub : Call Type 11has num updates = 1
08-05 17:08:22.065  2691  2691 I QImsService: ImsServiceSub : StatusForAccessTech networkMode = 14 registered = 1 status = 2 restrictCause = 0
08-05 17:08:22.065  2691  2691 I QImsService: ImsServiceSub : enabledFeature = 4
08-05 17:08:22.065  2691  2691 I QImsService: ImsServiceClassTracker : updateFeatureCapabilities video false voice false
08-05 17:08:22.065  2691  2691 I QImsService: ImsServiceStateReceiver : updateHDIcon isVideo : false isVoice : false phoneId: 0 show HD Icon: false
08-05 17:08:22.072  2691  2691 I QImsService: ImsServiceStateReceiver : shallShowHDIcon config showHDIcon : false phoneId : 0
08-05 17:08:22.072  2691  2691 I QImsService: ImsServiceSubHandler : Message received: what = 4
08-05 17:08:22.072  2691  2691 I QImsService: ImsServiceSubHandler : Received event: EVENT_SRV_STATUS_UPDATE
08-05 17:08:22.073  2691  2691 I QImsService: ImsServiceSub : type = 11 status = 0 isValid = true
08-05 17:08:22.073  2691  2691 I QImsService: ImsServiceSub : Call Type 11has num updates = 1
08-05 17:08:22.073  2691  2691 I QImsService: ImsServiceSub : StatusForAccessTech networkMode = 14 registered = 1 status = 2 restrictCause = 0
08-05 17:08:22.073  2691  2691 I QImsService: ImsServiceSub : enabledFeature = 4
08-05 17:08:22.073  2691  2691 I QImsService: ImsServiceClassTracker : updateFeatureCapabilities video false voice false
08-05 17:08:22.073  2691  2691 I QImsService: ImsServiceStateReceiver : updateHDIcon isVideo : false isVoice : false phoneId: 0 show HD Icon: false
08-05 17:08:22.091  2691  2691 I QImsService: ImsServiceStateReceiver : shallShowHDIcon config showHDIcon : false phoneId : 0
08-05 17:08:22.113   916  2399 D NetworkStats: Resolving plan for NetworkTemplate: matchRule=MOBILE_ALL, subscriberId=404490..., matchSubscriberIds=[404490...]
08-05 17:08:22.141   916  2399 D NetworkStats: Found active matching subId 1
08-05 17:08:22.181  2630  2777 I QCNEJ/CndHalConnector: -> SND notifyRatConnectionStatusChanged(rat = 0, CONNECTED)
08-05 17:08:22.186   916  2399 D NetworkStats: Resolved to plan null
08-05 17:08:22.190   916   995 I chatty  : uid=1000(system) android.bg expire 8 lines
08-05 17:08:22.196   916  1018 I chatty  : uid=1000(system) android.io expire 1 line
08-05 17:08:22.296   916  2399 D NetworkStats: Resolving plan for NetworkTemplate: matchRule=MOBILE_ALL, subscriberId=404490..., matchSubscriberIds=[404490...]
08-05 17:08:22.303   916  2399 D NetworkStats: Found active matching subId 1
08-05 17:08:22.333   916  2399 D NetworkStats: Resolved to plan null
08-05 17:08:22.365  3914  4200 I chatty  : uid=10016(com.google.android.gms) lowpool[0] expire 1 line
08-05 17:08:22.374  2691  2691 D TelephonyProvider: subIdString = 1 subId = 1
08-05 17:08:22.376  3914 28484 I chatty  : uid=10016(com.google.android.gms) expire 1 line
08-05 17:08:22.403  2691  2691 D TelephonyProvider: subIdString = 1 subId = 1
08-05 17:08:22.599  2630  2777 I QCNEJ   : |CORE| phoneCount: 2
08-05 17:08:22.601 20630 20630 D QtiCarrierConfigHelper: Reload carrier configs on sub Id due sub changed: 1
08-05 17:08:22.616 20630 20630 D QtiCarrierConfigHelper: Load carrier configs on sub Id: 1 slot Id: 0
08-05 17:08:22.653   418   418 I LocSvc_GnssInterface: ===> updateConfiguration line 140 
08-05 17:08:22.666   418   418 I chatty  : uid=1021(gps) gnss@1.0-servic identical 12 lines
08-05 17:08:22.667   418   418 I LocSvc_GnssInterface: ===> updateConfiguration line 140 
08-05 17:08:22.677  2630  2777 I QCNEJ/CndHalConnector: -> SND notifyWwanSubtypeChanged(13)
08-05 17:08:22.692  2630  2777 I QCNEJ/CndHalConnector: -> SND notifyMobileDataEnabledChanged(true)
08-05 17:08:22.700   916  2407 I Nat464Xlat: Android Xlat is disabled
08-05 17:08:22.747  2630  2777 I QCNEJ/CndHalConnector: -> SND notifyRatConnectionStatusChanged(rat = 0, CONNECTED)
08-05 17:08:22.799  2691  2691 I Telephony: PstnIncomingCallNotifier: Unregistering: Handler (com.qualcomm.qti.internal.telephony.QtiGsmCdmaPhone) {7907f55}
08-05 17:08:22.801 20630 20630 I Dialer  : LegacyVoicemailNotificationReceiver.onReceive - received legacy voicemail notification
08-05 17:08:22.801 20630 20630 I Dialer  : LegacyVoicemailNotificationReceiver.onReceive - clearing notification
08-05 17:08:22.802 20630 20630 I Dialer  : LegacyVoicemailNotifier.cancelNotification - enter
08-05 17:08:22.813   916  2399 D NetworkStats: Resolving plan for NetworkTemplate: matchRule=MOBILE_ALL, subscriberId=404490..., matchSubscriberIds=[404490...]
08-05 17:08:22.819   916  2399 D NetworkStats: Found active matching subId 1
08-05 17:08:22.834   916  2399 D NetworkStats: Resolved to plan null
08-05 17:08:22.850   916  5332 I Telecom : PhoneAccountRegistrar: Modify account: [ComponentInfo{com.android.phone/com.android.services.telephony.TelephonyConnectionService}, [14d862c1c64e05cc4d1f5d328262495897e420c1], UserHandle{0}]: TSI.rPA@Br8
08-05 17:08:22.859  2691  2691 I Telephony: AccountEntry: Registered phoneAccount: [[ ] PhoneAccount: ComponentInfo{com.android.phone/com.android.services.telephony.TelephonyConnectionService}, [14d862c1c64e05cc4d1f5d328262495897e420c1], UserHandle{0} Capabilities: CallProvider MultiUser PlaceEmerg SimSub  Audio Routes: BESW Schemes: tel voicemail  Extras: Bundle[{android.telecom.extra.SUPPORTS_VIDEO_CALLING_FALLBACK=false, android.telecom.extra.SORT_ORDER=0}] GroupId: [da39a3ee5e6b4b0d3255bfef95601890afd80709]] with handle: ComponentInfo{com.android.phone/com.android.services.telephony.TelephonyConnectionService}, [14d862c1c64e05cc4d1f5d328262495897e420c1], UserHandle{0}
08-05 17:08:22.860  2691  2691 I Telephony: PstnIncomingCallNotifier: Registering: Handler (com.qualcomm.qti.internal.telephony.QtiGsmCdmaPhone) {7907f55}
08-05 17:08:22.862 28402 28407 I chatty  : uid=10016(com.google.android.gms) expire 6 lines
08-05 17:08:22.888  2691 28497 I chatty  : uid=1001(radio) com.android.phone expire 1 line
08-05 17:08:22.933   916  4466 I chatty  : uid=1000(system) Binder:916_11 expire 9 lines
08-05 17:08:22.950 16151 16151 D ConnectivityManager: getMobileDataEnabled()+ subId=1
08-05 17:08:22.952 16151 16151 D ConnectivityManager: getMobileDataEnabled()- subId=1 retVal=true
08-05 17:08:22.953 16151 16151 D Mms-debug: isMmsNetworkReadyForPendingMsg available = true, isConnected = false
08-05 17:08:22.956   916  5332 I chatty  : uid=1000(system) Binder:916_1E expire 3 lines
08-05 17:08:22.958 16151 16151 D Mms-debug: Creating TransactionService
08-05 17:08:22.974 16151 28499 D Mms-debug: Handling incoming message: { when=-1ms what=5 arg1=1 obj=Intent { cmp=com.android.mms/.transaction.TransactionService } target=com.android.mms.transaction.TransactionService$ServiceHandler } = EVENT_NEW_INTENT
08-05 17:08:22.993 16151 28499 D Mms-debug: onNewIntent: serviceId: 1: null intent=Intent { cmp=com.android.mms/.transaction.TransactionService }
08-05 17:08:23.018  2691  2691 I Telephony: PstnPhoneCapabilitiesNotifier: handleVideoCapabilitesChanged. Video capability - false
08-05 17:08:23.050   916  4174 I Telecom : PhoneAccountRegistrar: Modify account: [ComponentInfo{com.android.phone/com.android.services.telephony.TelephonyConnectionService}, [14d862c1c64e05cc4d1f5d328262495897e420c1], UserHandle{0}]: TSI.rPA@BsI
08-05 17:08:23.097 16151 28499 D Mms-debug: Cursor= >>>>> Dumping cursor android.content.ContentResolver$CursorWrapperInner@6b08374
08-05 17:08:23.097 16151 28499 D Mms-debug: <<<<<
08-05 17:08:23.097 16151 28499 D Mms-debug: onNewIntent: cursor.count=0 action=null
08-05 17:08:23.097 16151 28499 D Mms-debug: onNewIntent: no pending messages. Stopping service.
08-05 17:08:23.107   916   916 I Telecom : EmergencyInCallServiceConnection: Disconnect forced!: CSW.rC->ICC.oCR@BrQ
08-05 17:08:23.110 20630 20630 I Dialer  : InCallPresenter.setBoundAndWaitingForOutgoingCall - setBoundAndWaitingForOutgoingCall: false
08-05 17:08:23.111 20630 20630 I Dialer  : InCallPresenter.onCallListChange - Phone switching state: NO_CALLS -> NO_CALLS
08-05 17:08:23.111 20630 20630 I Dialer  : VideoPauseController.onStateChange - hasPrimaryCallChanged: false, videoCanPause: false, isInBackground: true
08-05 17:08:23.114 20630 20630 I Dialer  : InCallPresenter.attemptCleanup - Cleaning up
08-05 17:08:23.115 20630 20630 D AccelerometerListener: enable(false)
08-05 17:08:23.115 20630 20630 I Dialer  : ProximitySensor.turnOffProximitySensor - wake lock already released
08-05 17:08:23.115 20630 20630 I Dialer  : VideoPauseController.tearDown - enter
08-05 17:08:23.124 20630 21665 W Adreno-ES20: <core_glFinish:34>: glFinish skipped: 0
08-05 17:08:23.127 20630 21665 W Adreno-ES20: <core_glFinish:34>: glFinish skipped: 0
08-05 17:08:23.133 16151 28499 D Mms-debug: stopSelfIfIdle: STOP!
08-05 17:08:23.136 16151 16151 D Mms-debug: Destroying TransactionService
08-05 17:08:23.139 16151 16151 D Mms-debug: endMmsConnectivity for subId = 1
08-05 17:08:23.141 16151 28499 D Mms-debug: Handling incoming message: { when=-5ms what=100 target=com.android.mms.transaction.TransactionService$ServiceHandler } = EVENT_QUIT
08-05 17:08:23.145 16151 16151 D Mms-debug: endMmsConnectivity for subId = 2147483644
08-05 17:08:23.200 28402 28498 I chatty  : uid=10016(com.google.android.gms) expire 2 lines
08-05 17:08:23.473 28402 28516 E ActivityThread: Failed to find provider info for instantapp-dev-manager
08-05 17:08:23.473 28402 28402 I chatty  : uid=10016(com.google.android.gms) expire 6 lines
08-05 17:08:23.503   916   916 D PackageManager: Connected to instant app resolver
08-05 17:08:23.578 28402 28508 I chatty  : uid=10016(com.google.android.gms) expire 1 line
08-05 17:08:23.631   916  4093 I chatty  : uid=1000(system) Binder:916_E expire 2 lines
08-05 17:08:23.776   916  1018 D BluetoothManagerService: MESSAGE_REGISTER_ADAPTER
08-05 17:08:24.119 28402 28518 I chatty  : uid=10016(com.google.android.gms) expire 1 line
08-05 17:08:24.236 28402 28526 I chatty  : uid=10016(com.google.android.gms) expire 1 line
08-05 17:08:24.241 28402 28526 E AndroidRuntime: FATAL EXCEPTION: FlpThread
08-05 17:08:24.241 28402 28526 E AndroidRuntime: Process: com.google.android.gms.persistent, PID: 28402
08-05 17:08:24.241 28402 28526 E AndroidRuntime: java.lang.SecurityException: "passive" location provider requires ACCESS_FINE_LOCATION permission.
08-05 17:08:24.241 28402 28526 E AndroidRuntime: 	at android.os.Parcel.readException(Parcel.java:2013)
08-05 17:08:24.241 28402 28526 E AndroidRuntime: 	at android.os.Parcel.readException(Parcel.java:1959)
08-05 17:08:24.241 28402 28526 E AndroidRuntime: 	at android.location.ILocationManager$Stub$Proxy.requestLocationUpdates(ILocationManager.java:691)
08-05 17:08:24.241 28402 28526 E AndroidRuntime: 	at android.location.LocationManager.requestLocationUpdates(LocationManager.java:900)
08-05 17:08:24.241 28402 28526 E AndroidRuntime: 	at android.location.LocationManager.requestLocationUpdates(LocationManager.java:504)
08-05 17:08:24.241 28402 28526 E AndroidRuntime: 	at azwe.a(:com.google.android.gms@17455055@17.4.55 (110400-248795830):9)
08-05 17:08:24.241 28402 28526 E AndroidRuntime: 	at azwd.a(:com.google.android.gms@17455055@17.4.55 (110400-248795830):3)
08-05 17:08:24.241 28402 28526 E AndroidRuntime: 	at azwg.a(Unknown Source:0)
08-05 17:08:24.241 28402 28526 E AndroidRuntime: 	at ayov.a(:com.google.android.gms@17455055@17.4.55 (110400-248795830):8)
08-05 17:08:24.241 28402 28526 E AndroidRuntime: 	at ayoy.f(Unknown Source:7)
08-05 17:08:24.241 28402 28526 E AndroidRuntime: 	at ayoy.c(:com.google.android.gms@17455055@17.4.55 (110400-248795830):2)
08-05 17:08:24.241 28402 28526 E AndroidRuntime: 	at com.google.android.location.fused.FusionEngine.a(:com.google.android.gms@17455055@17.4.55 (110400-248795830):108)
08-05 17:08:24.241 28402 28526 E AndroidRuntime: 	at aymb.a(:com.google.android.gms@17455055@17.4.55 (110400-248795830):16)
08-05 17:08:24.241 28402 28526 E AndroidRuntime: 	at ayjd.a(:com.google.android.gms@17455055@17.4.55 (110400-248795830):5)
08-05 17:08:24.241 28402 28526 E AndroidRuntime: 	at ayja.a(:com.google.android.gms@17455055@17.4.55 (110400-248795830):5)
08-05 17:08:24.241 28402 28526 E AndroidRuntime: 	at aykz.a(:com.google.android.gms@17455055@17.4.55 (110400-248795830):12)
08-05 17:08:24.241 28402 28526 E AndroidRuntime: 	at com.google.android.location.fused.StationaryThrottlingEngine.a(:com.google.android.gms@17455055@17.4.55 (110400-248795830):12)
08-05 17:08:24.241 28402 28526 E AndroidRuntime: 	at ayiu.a(:com.google.android.gms@17455055@17.4.55 (110400-248795830):5)
08-05 17:08:24.241 28402 28526 E AndroidRuntime: 	at ayma.a(:com.google.android.gms@17455055@17.4.55 (110400-248795830):3)
08-05 17:08:24.241 28402 28526 E AndroidRuntime: 	at com.google.android.location.fused.StationaryThrottlingEngine.a(:com.google.android.gms@17455055@17.4.55 (110400-248795830):12)
08-05 17:08:24.241 28402 28526 E AndroidRuntime: 	at aynj.a(:com.google.android.gms@17455055@17.4.55 (110400-248795830):3)
08-05 17:08:24.241 28402 28526 E AndroidRuntime: 	at ayiw.a(:com.google.android.gms@17455055@17.4.55 (110400-248795830):2)
08-05 17:08:24.241 28402 28526 E AndroidRuntime: 	at aymn.a(:com.google.android.gms@17455055@17.4.55 (110400-248795830):1)
08-05 17:08:24.241 28402 28526 E AndroidRuntime: 	at aymx.handleMessage(:com.google.android.gms@17455055@17.4.55 (110400-248795830):4)
08-05 17:08:24.241 28402 28526 E AndroidRuntime: 	at android.os.Handler.dispatchMessage(Handler.java:106)
08-05 17:08:24.241 28402 28526 E AndroidRuntime: 	at aagz.a(:com.google.android.gms@17455055@17.4.55 (110400-248795830):3)
08-05 17:08:24.241 28402 28526 E AndroidRuntime: 	at aagz.dispatchMessage(:com.google.android.gms@17455055@17.4.55 (110400-248795830):4)
08-05 17:08:24.241 28402 28526 E AndroidRuntime: 	at azws.a(:com.google.android.gms@17455055@17.4.55 (110400-248795830):5)
08-05 17:08:24.241 28402 28526 E AndroidRuntime: 	at aagz.dispatchMessage(:com.google.android.gms@17455055@17.4.55 (110400-248795830):4)
08-05 17:08:24.241 28402 28526 E AndroidRuntime: 	at android.os.Looper.loop(Looper.java:164)
08-05 17:08:24.241 28402 28526 E AndroidRuntime: 	at android.os.HandlerThread.run(HandlerThread.java:65)
08-05 17:08:24.261 28402 28522 I chatty  : uid=10016(com.google.android.gms) expire 1 line
08-05 17:08:24.266 28402 28526 I GCore-Chimera-Crash: ChwKDmNvbnRhaW5lci1vbmx5EOfEahhAIICyn4NBIAA=
08-05 17:08:24.266 28402 28526 I GCore-Chimera-Crash: GCore-Chimera-Crash
08-05 17:08:24.280 28402 28526 I DeviceDrDatabaseHelper: Cleaning stale data from database!
08-05 17:08:24.286   916  3240 I chatty  : uid=1000(system) IzatProvider expire 1 line
08-05 17:08:24.308 28402 28526 W DeviceDoctorHandler: Crash Hash: a84a24fcbc521d4b32a82fb2f2eb41695a9ba822
08-05 17:08:24.370 28402 28526 W DeviceDoctorHandler: Shushing due to low average crash frequency.
08-05 17:08:24.371 28402 28526 E DeviceDoctorHandler: FATAL EXCEPTION: FlpThread
08-05 17:08:24.371 28402 28526 E DeviceDoctorHandler: Process: com.google.android.gms.persistent, PID: 28402
08-05 17:08:24.371 28402 28526 E DeviceDoctorHandler: java.lang.SecurityException: "passive" location provider requires ACCESS_FINE_LOCATION permission.
08-05 17:08:24.371 28402 28526 E DeviceDoctorHandler: 	at android.os.Parcel.readException(Parcel.java:2013)
08-05 17:08:24.371 28402 28526 E DeviceDoctorHandler: 	at android.os.Parcel.readException(Parcel.java:1959)
08-05 17:08:24.371 28402 28526 E DeviceDoctorHandler: 	at android.location.ILocationManager$Stub$Proxy.requestLocationUpdates(ILocationManager.java:691)
08-05 17:08:24.371 28402 28526 E DeviceDoctorHandler: 	at android.location.LocationManager.requestLocationUpdates(LocationManager.java:900)
08-05 17:08:24.371 28402 28526 E DeviceDoctorHandler: 	at android.location.LocationManager.requestLocationUpdates(LocationManager.java:504)
08-05 17:08:24.371 28402 28526 E DeviceDoctorHandler: 	at azwe.a(:com.google.android.gms@17455055@17.4.55 (110400-248795830):9)
08-05 17:08:24.371 28402 28526 E DeviceDoctorHandler: 	at azwd.a(:com.google.android.gms@17455055@17.4.55 (110400-248795830):3)
08-05 17:08:24.371 28402 28526 E DeviceDoctorHandler: 	at azwg.a(Unknown Source:0)
08-05 17:08:24.371 28402 28526 E DeviceDoctorHandler: 	at ayov.a(:com.google.android.gms@17455055@17.4.55 (110400-248795830):8)
08-05 17:08:24.371 28402 28526 E DeviceDoctorHandler: 	at ayoy.f(Unknown Source:7)
08-05 17:08:24.371 28402 28526 E DeviceDoctorHandler: 	at ayoy.c(:com.google.android.gms@17455055@17.4.55 (110400-248795830):2)
08-05 17:08:24.371 28402 28526 E DeviceDoctorHandler: 	at com.google.android.location.fused.FusionEngine.a(:com.google.android.gms@17455055@17.4.55 (110400-248795830):108)
08-05 17:08:24.371 28402 28526 E DeviceDoctorHandler: 	at aymb.a(:com.google.android.gms@17455055@17.4.55 (110400-248795830):16)
08-05 17:08:24.371 28402 28526 E DeviceDoctorHandler: 	at ayjd.a(:com.google.android.gms@17455055@17.4.55 (110400-248795830):5)
08-05 17:08:24.371 28402 28526 E DeviceDoctorHandler: 	at ayja.a(:com.google.android.gms@17455055@17.4.55 (110400-248795830):5)
08-05 17:08:24.371 28402 28526 E DeviceDoctorHandler: 	at aykz.a(:com.google.android.gms@17455055@17.4.55 (110400-248795830):12)
08-05 17:08:24.371 28402 28526 E DeviceDoctorHandler: 	at com.google.android.location.fused.StationaryThrottlingEngine.a(:com.google.android.gms@17455055@17.4.55 (110400-248795830):12)
08-05 17:08:24.371 28402 28526 E DeviceDoctorHandler: 	at ayiu.a(:com.google.android.gms@17455055@17.4.55 (110400-248795830):5)
08-05 17:08:24.371 28402 28526 E DeviceDoctorHandler: 	at ayma.a(:com.google.android.gms@17455055@17.4.55 (110400-248795830):3)
08-05 17:08:24.371 28402 28526 E DeviceDoctorHandler: 	at com.google.android.location.fused.StationaryThrottlingEngine.a(:com.google.android.gms@17455055@17.4.55 (110400-248795830):12)
08-05 17:08:24.371 28402 28526 E DeviceDoctorHandler: 	at aynj.a(:com.google.android.gms@17455055@17.4.55 (110400-248795830):3)
08-05 17:08:24.371 28402 28526 E DeviceDoctorHandler: 	at ayiw.a(:com.google.android.gms@17455055@17.4.55 (110400-248795830):2)
08-05 17:08:24.371 28402 28526 E DeviceDoctorHandler: 	at aymn.a(:com.google.android.gms@17455055@17.4.55 (110400-248795830):1)
08-05 17:08:24.371 28402 28526 E DeviceDoctorHandler: 	at aymx.handleMessage(:com.google.android.gms@17455055@17.4.55 (110400-248795830):4)
08-05 17:08:24.371 28402 28526 E DeviceDoctorHandler: 	at android.os.Handler.dispatchMessage(Handler.java:106)
08-05 17:08:24.371 28402 28526 E DeviceDoctorHandler: 	at aagz.a(:com.google.android.gms@17455055@17.4.55 (110400-248795830):3)
08-05 17:08:24.371 28402 28526 E DeviceDoctorHandler: 	at aagz.dispatchMessage(:com.google.android.gms@17455055@17.4.55 (110400-248795830):4)
08-05 17:08:24.371 28402 28526 E DeviceDoctorHandler: 	at azws.a(:com.google.android.gms@17455055@17.4.55 (110400-248795830):5)
08-05 17:08:24.371 28402 28526 E DeviceDoctorHandler: 	at aagz.dispatchMessage(:com.google.android.gms@17455055@17.4.55 (110400-248795830):4)
08-05 17:08:24.371 28402 28526 E DeviceDoctorHandler: 	at android.os.Looper.loop(Looper.java:164)
08-05 17:08:24.371 28402 28526 E DeviceDoctorHandler: 	at android.os.HandlerThread.run(HandlerThread.java:65)
08-05 17:08:24.371 28402 28526 E DeviceDoctorHandler: 
08-05 17:08:24.386 28402 28526 I Process : Sending signal. PID: 28402 SIG: 9
08-05 17:08:24.387   916   996 W BroadcastQueue: Background execution not allowed: receiving Intent { act=android.intent.action.DROPBOX_ENTRY_ADDED flg=0x10 (has extras) } to com.google.android.gms/.stats.service.DropBoxEntryAddedReceiver
08-05 17:08:24.388   916   996 W BroadcastQueue: Background execution not allowed: receiving Intent { act=android.intent.action.DROPBOX_ENTRY_ADDED flg=0x10 (has extras) } to com.google.android.gms/.chimera.GmsIntentOperationService$PersistentTrustedReceiver
08-05 17:08:24.434   916  2542 D PackageManager: Binder to instant app resolver died
08-05 17:08:24.435   916  5280 I ActivityManager: Process com.google.android.gms.persistent (pid 28402) has died: fore BFGS
08-05 17:08:24.435   916   998 I chatty  : uid=1000(system) ActivityManager expire 3 lines
08-05 17:08:24.435   916   916 D PackageManager: Disconnected from instant app resolver
08-05 17:08:24.436   916  5280 W ActivityManager: Scheduling restart of crashed service com.google.android.gms/com.google.android.location.geofencer.service.GeofenceProviderService in 256000ms
08-05 17:08:24.436   916  5280 W ActivityManager: Scheduling restart of crashed service com.google.android.gms/com.google.android.location.geocode.GeocodeService in 4096000ms
08-05 17:08:24.437   916  5280 W ActivityManager: Scheduling restart of crashed service com.google.android.gms/com.google.android.location.fused.FusedLocationService in 917504000ms
08-05 17:08:24.437   916  5280 W ActivityManager: Scheduling restart of crashed service com.google.android.gms/.chimera.PersistentBoundBrokerService in 2883584000ms
08-05 17:08:24.437   916  5280 W ActivityManager: Scheduling restart of crashed service com.google.android.gms/com.google.android.location.internal.server.GoogleLocationService in 508906757892866048ms
08-05 17:08:24.438   916  5280 W ActivityManager: Scheduling restart of crashed service com.google.android.gms/com.google.android.location.internal.GoogleLocationManagerService in 45051904ms
08-05 17:08:24.438   916  5280 W ActivityManager: Scheduling restart of crashed service com.google.android.gms/com.google.android.location.internal.server.HardwareArProviderService in 46137344000ms
08-05 17:08:24.438   916  5280 W ActivityManager: Scheduling restart of crashed service com.google.android.gms/com.google.android.location.network.NetworkLocationService in 86007808ms
08-05 17:08:24.439   916  5280 W ActivityManager: Canceling start item Intent { act=com.google.android.gms.common.broadcast.DELIVER_BROADCAST cat=[targeted_intent_op_prefix:.common.broadcast.BackgroundBroadcastReceiverSupport$PersistentReceiverIntentOperation] cmp=com.google.android.gms/.chimera.PersistentIntentOperationService (has extras) } in service ComponentInfo{com.google.android.gms/com.google.android.gms.chimera.PersistentIntentOperationService}
08-05 17:08:24.439   916  5280 W ActivityManager: Scheduling restart of crashed service com.google.android.gms/.chimera.PersistentIntentOperationService in 1069983727616ms
08-05 17:08:24.439   916  5280 W ActivityManager: Scheduling restart of crashed service com.google.android.gms/.chimera.PersistentDirectBootAwareApiService in 180207616ms
08-05 17:08:29.075   916  2404 I chatty  : uid=1000(system) WifiScanningSer expire 11 lines
08-05 17:08:29.670   916  3382 I chatty  : uid=1000(system) Binder:916_B expire 1 line
08-05 17:08:29.673   472   472 I wificond: Enters wifigbk_ageOutHistory
08-05 17:08:29.680   472   472 I wificond: Enters wifigbk_ageOutHistory
08-05 17:08:29.688   916  2402 I chatty  : uid=1000(system) WifiStateMachin expire 1 line
08-05 17:08:30.568   916  1159 I PowerManagerService: Going to sleep due to screen timeout (uid 1000)...
08-05 17:08:30.569   916  1159 I DisplayPowerController: Blocking screen off
08-05 17:08:30.569   916  1159 I DisplayPowerController: Unblocked screen off after 0 ms
08-05 17:08:30.574   916  1019 I DisplayManagerService: Display device changed state: "Built-in Screen", OFF
08-05 17:08:30.575   430   430 D SurfaceFlinger: Set power mode=0, type=0 flinger=0xa9db6000
08-05 17:08:30.576   409   693 I SDM     : DisplayBase::SetDisplayState: Set state = 0, display 0
08-05 17:08:30.871   916  2424 I chatty  : uid=1000(system) PhotonicModulat expire 2 lines
08-05 17:08:30.872   413   413 I QCOM PowerHAL: Got set_interactive hint
08-05 17:08:30.873   419   497 E ANDR-PERF-MPCTL: Invalid profile no. 0, total profiles 0 only
08-05 17:08:30.875   916  1159 I DreamManagerService: Entering dreamland.
08-05 17:08:30.876   916  1159 I PowerManagerService: Dozing...
08-05 17:08:30.877   916  1017 I DreamController: Starting dream: name=ComponentInfo{com.android.systemui/com.android.systemui.doze.DozeService}, isTest=false, canDoze=true, userId=0
08-05 17:08:30.884   916  1017 I chatty  : uid=1000(system) android.fg expire 3 lines
08-05 17:08:30.889   916  1017 D AutofillManagerService: Close system dialogs
08-05 17:08:30.956  2461 12906 I chatty  : uid=10031(com.android.systemui) Binder:2461_7 expire 6 lines
08-05 17:08:30.993   472   472 I wificond: Pno scan started
08-05 17:08:31.000  2630  2777 I QCNEJ/CndHalConnector: -> SND notifyScreenStateChanged(false)
08-05 17:08:31.001  2630  2777 I QCNEJ/CndHalConnector: -> SND notifyScreenStateChanged(false)
08-05 17:08:36.586   916  2392 I PowerManagerService: Waking up from dozing (uid=1000 reason=android.policy:POWER)...
08-05 17:08:36.589   916  1159 I DisplayPowerController: Blocking screen on until initial contents have been drawn.
08-05 17:08:36.593   413   413 I QCOM PowerHAL: Got set_interactive hint
08-05 17:08:36.600  2461  2461 I chatty  : uid=10031(com.android.systemui) expire 11 lines
08-05 17:08:36.602   430   430 D SurfaceFlinger: Set power mode=2, type=0 flinger=0xa9db6000
08-05 17:08:36.603   409   693 I SDM     : DisplayBase::SetDisplayState: Set state = 1, display 0
08-05 17:08:36.603   916  1019 I DisplayManagerService: Display device changed state: "Built-in Screen", ON
08-05 17:08:36.626   416   416 I chatty  : uid=1000(system) /vendor/bin/hw/hal-server expire 3 lines
08-05 17:08:36.639  2630  2777 I QCNEJ/CndHalConnector: -> SND notifyScreenStateChanged(true)
08-05 17:08:36.643  2630  2777 I QCNEJ/CndHalConnector: -> SND notifyScreenStateChanged(false)
08-05 17:08:36.643   472   472 I wificond: Pno scan stopped
08-05 17:08:36.694  2884  2917 I chatty  : uid=1001(radio) HwBinder:2884_1 expire 1 line
08-05 17:08:36.782  2691  2691 I chatty  : uid=1001(radio) com.android.phone expire 8 lines
08-05 17:08:36.784  2461  2461 D CarrierText: updateCarrierText(): 1
08-05 17:08:36.786  2461  2461 D CarrierText: Handling (subId=1): READY airtel 4G
08-05 17:08:36.786  2461  2461 D CarrierText: SIM ready and in service: subId=1, ss={mVoiceRegState=0(IN_SERVICE), mDataRegState=0(IN_SERVICE), mVoiceRoamingType=home, mDataRoamingType=home, mVoiceOperatorAlphaLong=IND airtel, mVoiceOperatorAlphaShort=airtel, mDataOperatorAlphaLong=IND airtel, mDataOperatorAlphaShort=airtel, isManualNetworkSelection=false(automatic), mRilVoiceRadioTechnology=14(LTE), mRilDataRadioTechnology=14(LTE), mCssIndicator=unsupported, mNetworkId=-1, mSystemId=-1, mCdmaRoamingIndicator=-1, mCdmaDefaultRoamingIndicator=-1, mIsEmergencyOnly=false, mIsDataRoamingFromRegistration=false, mIsUsingCarrierAggregation=false, mLteEarfcnRsrpBoost=0}
08-05 17:08:36.795  2461  2461 D CarrierText: updateCarrierText(): 1
08-05 17:08:36.796  2461  2461 D CarrierText: Handling (subId=1): READY airtel 4G
08-05 17:08:36.797  2461  2461 D CarrierText: SIM ready and in service: subId=1, ss={mVoiceRegState=0(IN_SERVICE), mDataRegState=0(IN_SERVICE), mVoiceRoamingType=home, mDataRoamingType=home, mVoiceOperatorAlphaLong=IND airtel, mVoiceOperatorAlphaShort=airtel, mDataOperatorAlphaLong=IND airtel, mDataOperatorAlphaShort=airtel, isManualNetworkSelection=false(automatic), mRilVoiceRadioTechnology=14(LTE), mRilDataRadioTechnology=14(LTE), mCssIndicator=unsupported, mNetworkId=-1, mSystemId=-1, mCdmaRoamingIndicator=-1, mCdmaDefaultRoamingIndicator=-1, mIsEmergencyOnly=false, mIsDataRoamingFromRegistration=false, mIsUsingCarrierAggregation=false, mLteEarfcnRsrpBoost=0}
08-05 17:08:36.840  3088  3396 I chatty  : uid=1000(system) Thread-2 expire 10 lines
08-05 17:08:36.875   916   916 I chatty  : uid=1000 system_server expire 1 line
08-05 17:08:36.879  2630  2777 I QCNEJ   : |CORE| phoneCount: 2
08-05 17:08:36.879  2461  2461 V KeyguardUpdateMonitor: onSubscriptionInfoChanged()
08-05 17:08:36.883  2461  2461 V KeyguardUpdateMonitor: SubInfo:{id=1, iccId=8991000900513896111f simSlotIndex=0 displayName=airtel carrierName=airtel nameSource=0 iconTint=-16746133 dataRoaming=0 iconBitmap=android.graphics.Bitmap@f6fd1cd mcc 404 mnc 49 isEmbedded false accessRules null}
08-05 17:08:36.892  2461  2610 D NetworkController.MobileSignalController(1): onServiceStateChanged mIsCarrierOneNetwork = false
08-05 17:08:36.892  2461  2461 D CarrierText: updateCarrierText(): 1
08-05 17:08:36.897  2461  2461 D CarrierText: Handling (subId=1): READY airtel 4G
08-05 17:08:36.897  2461  2461 D CarrierText: SIM ready and in service: subId=1, ss={mVoiceRegState=0(IN_SERVICE), mDataRegState=0(IN_SERVICE), mVoiceRoamingType=home, mDataRoamingType=home, mVoiceOperatorAlphaLong=IND airtel, mVoiceOperatorAlphaShort=airtel, mDataOperatorAlphaLong=IND airtel, mDataOperatorAlphaShort=airtel, isManualNetworkSelection=false(automatic), mRilVoiceRadioTechnology=14(LTE), mRilDataRadioTechnology=14(LTE), mCssIndicator=unsupported, mNetworkId=-1, mSystemId=-1, mCdmaRoamingIndicator=-1, mCdmaDefaultRoamingIndicator=-1, mIsEmergencyOnly=false, mIsDataRoamingFromRegistration=false, mIsUsingCarrierAggregation=false, mLteEarfcnRsrpBoost=0}
08-05 17:08:36.898  2461  2461 D CarrierText: updateCarrierText(): 1
08-05 17:08:36.900  2461  2461 D CarrierText: Handling (subId=1): READY airtel 4G
08-05 17:08:36.901  2461  2461 D CarrierText: SIM ready and in service: subId=1, ss={mVoiceRegState=0(IN_SERVICE), mDataRegState=0(IN_SERVICE), mVoiceRoamingType=home, mDataRoamingType=home, mVoiceOperatorAlphaLong=IND airtel, mVoiceOperatorAlphaShort=airtel, mDataOperatorAlphaLong=IND airtel, mDataOperatorAlphaShort=airtel, isManualNetworkSelection=false(automatic), mRilVoiceRadioTechnology=14(LTE), mRilDataRadioTechnology=14(LTE), mCssIndicator=unsupported, mNetworkId=-1, mSystemId=-1, mCdmaRoamingIndicator=-1, mCdmaDefaultRoamingIndicator=-1, mIsEmergencyOnly=false, mIsDataRoamingFromRegistration=false, mIsUsingCarrierAggregation=false, mLteEarfcnRsrpBoost=0}
08-05 17:08:36.901  2461  2461 D CarrierText: updateCarrierText(): 1
08-05 17:08:36.904  2461  2461 D CarrierText: Handling (subId=1): READY airtel 4G
08-05 17:08:36.904  2461  2461 D CarrierText: SIM ready and in service: subId=1, ss={mVoiceRegState=0(IN_SERVICE), mDataRegState=0(IN_SERVICE), mVoiceRoamingType=home, mDataRoamingType=home, mVoiceOperatorAlphaLong=IND airtel, mVoiceOperatorAlphaShort=airtel, mDataOperatorAlphaLong=IND airtel, mDataOperatorAlphaShort=airtel, isManualNetworkSelection=false(automatic), mRilVoiceRadioTechnology=14(LTE), mRilDataRadioTechnology=14(LTE), mCssIndicator=unsupported, mNetworkId=-1, mSystemId=-1, mCdmaRoamingIndicator=-1, mCdmaDefaultRoamingIndicator=-1, mIsEmergencyOnly=false, mIsDataRoamingFromRegistration=false, mIsUsingCarrierAggregation=false, mLteEarfcnRsrpBoost=0}
08-05 17:08:36.906   418   418 I LocSvc_GnssInterface: ===> updateConfiguration line 140 
08-05 17:08:36.911   418   418 I LocSvc_GnssInterface: ===> updateConfiguration line 140 
08-05 17:08:36.915  2630  2777 I QCNEJ/CndHalConnector: -> SND notifyWwanSubtypeChanged(13)
08-05 17:08:36.922  2630  2777 I QCNEJ/CndHalConnector: -> SND notifyMobileDataEnabledChanged(true)
08-05 17:08:36.956   916   996 I chatty  : uid=1000(system) ActivityManager expire 4 lines
08-05 17:08:36.958  2691  2691 I Telephony: PstnIncomingCallNotifier: Unregistering: Handler (com.qualcomm.qti.internal.telephony.QtiGsmCdmaPhone) {7907f55}
08-05 17:08:36.958 20630 20630 I Dialer  : LegacyVoicemailNotificationReceiver.onReceive - received legacy voicemail notification
08-05 17:08:36.958 20630 20630 I Dialer  : LegacyVoicemailNotificationReceiver.onReceive - clearing notification
08-05 17:08:36.959 20630 20630 I Dialer  : LegacyVoicemailNotifier.cancelNotification - enter
08-05 17:08:36.989   916  5280 I Telecom : PhoneAccountRegistrar: Modify account: [ComponentInfo{com.android.phone/com.android.services.telephony.TelephonyConnectionService}, [14d862c1c64e05cc4d1f5d328262495897e420c1], UserHandle{0}]: TSI.rPA@Bsg
08-05 17:08:36.993  2691  2704 I chatty  : uid=1001(radio) Jit thread pool expire 3 lines
08-05 17:08:36.997  2691  2691 I Telephony: AccountEntry: Registered phoneAccount: [[ ] PhoneAccount: ComponentInfo{com.android.phone/com.android.services.telephony.TelephonyConnectionService}, [14d862c1c64e05cc4d1f5d328262495897e420c1], UserHandle{0} Capabilities: CallProvider MultiUser PlaceEmerg SimSub  Audio Routes: BESW Schemes: tel voicemail  Extras: Bundle[{android.telecom.extra.SUPPORTS_VIDEO_CALLING_FALLBACK=false, android.telecom.extra.SORT_ORDER=0}] GroupId: [da39a3ee5e6b4b0d3255bfef95601890afd80709]] with handle: ComponentInfo{com.android.phone/com.android.services.telephony.TelephonyConnectionService}, [14d862c1c64e05cc4d1f5d328262495897e420c1], UserHandle{0}
08-05 17:08:36.997  2691  2691 I Telephony: PstnIncomingCallNotifier: Registering: Handler (com.qualcomm.qti.internal.telephony.QtiGsmCdmaPhone) {7907f55}
08-05 17:08:37.011  2691 28634 I chatty  : uid=1001(radio) com.android.phone expire 1 line
08-05 17:08:37.019  2691  2691 I chatty  : uid=1001(radio) com.android.phone expire 1 line
08-05 17:08:37.020  2691  2691 I Telephony: PstnPhoneCapabilitiesNotifier: handleVideoCapabilitesChanged. Video capability - false
08-05 17:08:37.044   916  5280 I Telecom : PhoneAccountRegistrar: Modify account: [ComponentInfo{com.android.phone/com.android.services.telephony.TelephonyConnectionService}, [14d862c1c64e05cc4d1f5d328262495897e420c1], UserHandle{0}]: TSI.rPA@Bss
08-05 17:08:37.108  2461  2461 D KeyguardUpdateMonitor: received broadcast android.intent.action.SERVICE_STATE
08-05 17:08:37.109  2461  2461 V KeyguardUpdateMonitor: action android.intent.action.SERVICE_STATE serviceState={mVoiceRegState=0(IN_SERVICE), mDataRegState=0(IN_SERVICE), mVoiceRoamingType=home, mDataRoamingType=home, mVoiceOperatorAlphaLong=airtel, mVoiceOperatorAlphaShort=airtel, mDataOperatorAlphaLong=airtel, mDataOperatorAlphaShort=airtel, isManualNetworkSelection=false(automatic), mRilVoiceRadioTechnology=14(LTE), mRilDataRadioTechnology=14(LTE), mCssIndicator=unsupported, mNetworkId=-1, mSystemId=-1, mCdmaRoamingIndicator=-1, mCdmaDefaultRoamingIndicator=-1, mIsEmergencyOnly=false, mIsDataRoamingFromRegistration=false, mIsUsingCarrierAggregation=false, mLteEarfcnRsrpBoost=0} subId=1 phoneId=0
08-05 17:08:37.111   916  1159 I DisplayPowerController: Unblocked screen on after 522 ms
08-05 17:08:37.113  2461  2461 D KeyguardUpdateMonitor: handleServiceStateChange(subId=1, phoneId=0, serviceState={mVoiceRegState=0(IN_SERVICE), mDataRegState=0(IN_SERVICE), mVoiceRoamingType=home, mDataRoamingType=home, mVoiceOperatorAlphaLong=airtel, mVoiceOperatorAlphaShort=airtel, mDataOperatorAlphaLong=airtel, mDataOperatorAlphaShort=airtel, isManualNetworkSelection=false(automatic), mRilVoiceRadioTechnology=14(LTE), mRilDataRadioTechnology=14(LTE), mCssIndicator=unsupported, mNetworkId=-1, mSystemId=-1, mCdmaRoamingIndicator=-1, mCdmaDefaultRoamingIndicator=-1, mIsEmergencyOnly=false, mIsDataRoamingFromRegistration=false, mIsUsingCarrierAggregation=false, mLteEarfcnRsrpBoost=0}
08-05 17:08:37.113  2461  2461 D CarrierText: updateCarrierText(): 1
08-05 17:08:37.113   916  1159 W PowerManagerService: Screen on took 531 ms
08-05 17:08:37.114  2461  2759 D KeyguardViewMediator: notifyScreenTurnedOn
08-05 17:08:37.115   916  1159 I DreamManagerService: Gently waking up from dream.
08-05 17:08:37.115   916  1017 I DreamManagerService: Performing gentle wake from dream.
08-05 17:08:37.115  2461  2461 D CarrierText: Handling (subId=1): READY airtel 4G
08-05 17:08:37.116  2461  2461 D CarrierText: SIM ready and in service: subId=1, ss={mVoiceRegState=0(IN_SERVICE), mDataRegState=0(IN_SERVICE), mVoiceRoamingType=home, mDataRoamingType=home, mVoiceOperatorAlphaLong=airtel, mVoiceOperatorAlphaShort=airtel, mDataOperatorAlphaLong=airtel, mDataOperatorAlphaShort=airtel, isManualNetworkSelection=false(automatic), mRilVoiceRadioTechnology=14(LTE), mRilDataRadioTechnology=14(LTE), mCssIndicator=unsupported, mNetworkId=-1, mSystemId=-1, mCdmaRoamingIndicator=-1, mCdmaDefaultRoamingIndicator=-1, mIsEmergencyOnly=false, mIsDataRoamingFromRegistration=false, mIsUsingCarrierAggregation=false, mLteEarfcnRsrpBoost=0}
08-05 17:08:37.117  2461  2461 D CarrierText: updateCarrierText(): 1
08-05 17:08:37.120  2461  2461 D CarrierText: Handling (subId=1): READY airtel 4G
08-05 17:08:37.120  2461  2461 D CarrierText: SIM ready and in service: subId=1, ss={mVoiceRegState=0(IN_SERVICE), mDataRegState=0(IN_SERVICE), mVoiceRoamingType=home, mDataRoamingType=home, mVoiceOperatorAlphaLong=airtel, mVoiceOperatorAlphaShort=airtel, mDataOperatorAlphaLong=airtel, mDataOperatorAlphaShort=airtel, isManualNetworkSelection=false(automatic), mRilVoiceRadioTechnology=14(LTE), mRilDataRadioTechnology=14(LTE), mCssIndicator=unsupported, mNetworkId=-1, mSystemId=-1, mCdmaRoamingIndicator=-1, mCdmaDefaultRoamingIndicator=-1, mIsEmergencyOnly=false, mIsDataRoamingFromRegistration=false, mIsUsingCarrierAggregation=false, mLteEarfcnRsrpBoost=0}
08-05 17:08:37.128  2461  2461 D CarrierText: updateCarrierText(): 1
08-05 17:08:37.129  2461  2461 D CarrierText: Handling (subId=1): READY airtel 4G
08-05 17:08:37.130  2461  2461 D CarrierText: SIM ready and in service: subId=1, ss={mVoiceRegState=0(IN_SERVICE), mDataRegState=0(IN_SERVICE), mVoiceRoamingType=home, mDataRoamingType=home, mVoiceOperatorAlphaLong=airtel, mVoiceOperatorAlphaShort=airtel, mDataOperatorAlphaLong=airtel, mDataOperatorAlphaShort=airtel, isManualNetworkSelection=false(automatic), mRilVoiceRadioTechnology=14(LTE), mRilDataRadioTechnology=14(LTE), mCssIndicator=unsupported, mNetworkId=-1, mSystemId=-1, mCdmaRoamingIndicator=-1, mCdmaDefaultRoamingIndicator=-1, mIsEmergencyOnly=false, mIsDataRoamingFromRegistration=false, mIsUsingCarrierAggregation=false, mLteEarfcnRsrpBoost=0}
08-05 17:08:37.155   916  4174 I DreamManagerService: Leaving dreamland.
08-05 17:08:37.156   916  1017 I DreamManagerService: Performing gentle wake from dream.
08-05 17:08:37.156   916  1017 I DreamController: Stopping dream: name=ComponentInfo{com.android.systemui/com.android.systemui.doze.DozeService}, isTest=false, canDoze=true, userId=0
08-05 17:08:37.157  2461  2461 D KeyguardViewMediator: handleNotifyScreenTurnedOn
08-05 17:08:37.176  2461  2461 V KeyguardUpdateMonitor: startListeningForFingerprint()
08-05 17:08:38.660  2461  2461 V KeyguardStatusView: Enable transport text marquee
08-05 17:08:40.284  2461  2461 D StatusBar: disable<e i a s b H R c s q >
08-05 17:08:40.335  2461  2461 D KeyguardSecurityView: showNextSecurityScreenOrFinish(false)
08-05 17:08:40.343  2461  2461 D KeyguardViewMediator: handleKeyguardDone
08-05 17:08:40.344  2461  2461 D KeyguardViewMediator: handleHide
08-05 17:08:40.344  2461  2461 D KeyguardViewMediator: keyguardGoingAway
08-05 17:08:40.346   916  4174 I chatty  : uid=1000(system) Binder:916_F expire 14 lines
08-05 17:08:40.370  2461  2461 D StatusBar: disable<e i a s b H R c s q >
08-05 17:08:40.389  3143  3234 I Adreno-EGL: <qeglDrvAPI_eglInitialize:379>: QUALCOMM Build: 05/15/19, 6f5d4d3, Ia9da49eece
08-05 17:08:40.389  3143  3234 I zygote  : android::hardware::configstore::V1_0::ISurfaceFlingerConfigs::hasWideColorDisplay retrieved: 0
08-05 17:08:40.390  3143  3234 I OpenGLRenderer: Initialized EGL, version 1.4
08-05 17:08:40.390  3143  3234 D OpenGLRenderer: Swap behavior 2
08-05 17:08:40.405  3143  3234 W Adreno-EGL: <qeglDrvAPI_eglGetConfigAttrib:612>: EGL_BAD_ATTRIBUTE
08-05 17:08:40.409  3143  3234 W Adreno-EGL: <qeglDrvAPI_eglGetConfigAttrib:612>: EGL_BAD_ATTRIBUTE
08-05 17:08:40.532  2461  2461 D KeyguardViewMediator: handleStartKeyguardExitAnimation startTime=2467019 fadeoutDuration=300
08-05 17:08:40.538  2461  2461 D StatusBar: disable<e i a s b H R c s q >
08-05 17:08:40.539  2461  2461 D StatusBar: disable<e i a s b H R c s q >
08-05 17:08:40.547  2461  2461 D KeyguardUpdateMonitor: onKeyguardVisibilityChanged(false)
08-05 17:08:40.550  2461  2461 V KeyguardDisplayManager: hide
08-05 17:08:40.551  2461  2461 D KeyguardViewMediator: adjustStatusBarLocked: mShowing=false mOccluded=false isSecure=false --> flags=0x0
08-05 17:08:40.567  2630  2777 I QCNEJ/CndHalConnector: -> SND notifyScreenStateChanged(true)
08-05 17:08:40.570   916   996 W BroadcastQueue: Background execution not allowed: receiving Intent { act=android.intent.action.USER_PRESENT flg=0x24200010 } to com.google.android.gms/.auth.setup.devicesignals.LockScreenReceiver
08-05 17:08:40.571   916   996 W BroadcastQueue: Background execution not allowed: receiving Intent { act=android.intent.action.USER_PRESENT flg=0x24200010 } to com.google.android.gms/.trustagent.UserPresentBroadcastReceiver
08-05 17:08:40.571   916   996 W BroadcastQueue: Background execution not allowed: receiving Intent { act=android.intent.action.USER_PRESENT flg=0x24200010 } to com.google.android.gms/.chimera.GmsIntentOperationService$PersistentTrustedReceiver
08-05 17:08:40.587  2461  2461 D StatusBar: disable<e i a s b h!r!c s q >
08-05 17:08:40.853  2461  2763 W Adreno-ES20: <core_glFinish:34>: glFinish skipped: 0
08-05 17:08:40.908  3143  3234 W OpenGLRenderer: Incorrectly called buildLayer on View: ShortcutAndWidgetContainer, destroying layer...
08-05 17:08:41.002  2461  2763 W Adreno-EGL: <qeglDrvAPI_eglGetConfigAttrib:612>: EGL_BAD_ATTRIBUTE
08-05 17:08:41.604   462 26382 I AudioPolicyManagerCustom: FLAG None hence request for a primary output
08-05 17:08:41.607   462 26382 I AudioPolicyManagerCustom: FLAG None hence request for a primary output
08-05 17:08:41.608   916  2415 I chatty  : uid=1000(system) AudioService expire 2 lines
08-05 17:08:41.609   916  4174 I ActivityManager: START u0 {act=android.intent.action.MAIN cat=[android.intent.category.LAUNCHER] flg=0x10200000 pkg=com.android.mms cmp=com.android.mms/.ui.ConversationList bnds=[130,761][240,851]} from uid 10017
08-05 17:08:41.616   416   898 I chatty  : uid=1000(system) HwBinder:416_2 expire 1 line
08-05 17:08:41.623   419   497 E ANDR-PERF-MPCTL: Invalid profile no. 0, total profiles 0 only
08-05 17:08:41.648   916  4612 I chatty  : uid=1000(system) Binder:916_12 expire 19 lines
08-05 17:08:41.736  3143  3234 W Adreno-ES20: <core_glFinish:34>: glFinish skipped: 0
08-05 17:08:41.740   416  8254 I chatty  : uid=1000(system) writer expire 126 lines
08-05 17:08:41.750  3143  3234 W Adreno-ES20: <core_glFinish:34>: glFinish skipped: 0
08-05 17:08:41.876 16151 16151 W Mms     : SettingNotFoundException wfc
08-05 17:08:41.879   281   281 I chatty  : uid=1000(system) hwservicemanage expire 22 lines
08-05 17:08:41.945 16151 16178 I OpenGLRenderer: Initialized EGL, version 1.4
08-05 17:08:41.945 16151 16178 D OpenGLRenderer: Swap behavior 2
08-05 17:08:41.972 16151 16178 W Adreno-EGL: <qeglDrvAPI_eglGetConfigAttrib:612>: EGL_BAD_ATTRIBUTE
08-05 17:08:41.977 16151 16178 W Adreno-EGL: <qeglDrvAPI_eglGetConfigAttrib:612>: EGL_BAD_ATTRIBUTE
08-05 17:08:42.179 16151 16151 D Mms     : [2] mDeleteObsoleteThreadsRunnable calling asyncDeleteObsoleteThreads
08-05 17:08:42.187   916  1019 I chatty  : uid=1000(system) android.display expire 4 lines
08-05 17:08:42.207 16151 16151 D Mms     : [2] onQueryComplete finished DELETE_OBSOLETE_THREADS_TOKEN
08-05 17:08:42.213  3143  3234 W Adreno-ES20: <core_glFinish:34>: glFinish skipped: 0
08-05 17:08:42.215  3143  3234 I chatty  : uid=10017(com.android.launcher3) RenderThread identical 2 lines
08-05 17:08:42.219  3143  3234 W Adreno-ES20: <core_glFinish:34>: glFinish skipped: 0
08-05 17:08:44.960   416  2826 I chatty  : uid=1000(system) HwBinder:416_3 expire 9 lines
08-05 17:08:46.106   462 20101 I AudioPolicyManagerCustom: FLAG None hence request for a primary output
08-05 17:08:46.107   462 20101 I AudioPolicyManagerCustom: FLAG None hence request for a primary output
08-05 17:08:46.107   916  4612 I ActivityManager: START u0 {cmp=com.android.mms/.ui.ComposeMessageActivity} from uid 10019
08-05 17:08:46.235 16151 16151 D Mms     : [2] [initialize] savedInstanceState = null intent = Intent { cmp=com.android.mms/.ui.ComposeMessageActivity } mConversation = [] (tid 0)
08-05 17:08:46.412 16151 16178 W Adreno-EGL: <qeglDrvAPI_eglGetConfigAttrib:612>: EGL_BAD_ATTRIBUTE
08-05 17:08:46.425 16151 16151 D Mms     : [2] [onReceive] mSimBroadcastReceiver mIsMsimIccCardActivedfalse
08-05 17:08:46.512  2445  2445 I LatinIME: Starting input. Cursor position = 0,0
08-05 17:08:46.551 16151 16178 W Adreno-ES20: <core_glFinish:34>: glFinish skipped: 0
08-05 17:08:46.559 16151 16178 W Adreno-ES20: <core_glFinish:34>: glFinish skipped: 0
08-05 17:08:46.559 16151 16178 D OpenGLRenderer: endAllActiveAnimators on 0x987b0880 (RippleDrawable) with handle 0xa7dff090
08-05 17:08:46.654  2445  9182 W Adreno-EGL: <qeglDrvAPI_eglGetConfigAttrib:612>: EGL_BAD_ATTRIBUTE
08-05 17:08:46.718   916  5280 I chatty  : uid=1000(system) Binder:916_1D expire 3 lines
08-05 17:08:46.887 16151 16178 W Adreno-ES20: <core_glFinish:34>: glFinish skipped: 0
08-05 17:08:46.890 16151 16151 D Mms     : [2] [startMsgListQuery] ##### startMsgListQuery: conversationUri is null, bail!
08-05 17:08:46.910  3088  3396 I chatty  : uid=1000(system) Thread-2 expire 11 lines
08-05 17:08:47.883   457   457 I VM_BMS  : power_supply_update: ocv_uv=3960349 ibatt=-274086 soc=67 seq_num=75
08-05 17:08:47.927   916   999 I WifiService: requestActivityInfo uid=1000
08-05 17:08:47.927   916   999 I WifiService: reportActivityInfo uid=1000
08-05 17:08:47.927   916   999 I WifiService: getSupportedFeatures uid=1000
08-05 17:08:47.935  2461  2461 D KeyguardUpdateMonitor: received broadcast android.intent.action.BATTERY_CHANGED
08-05 17:08:47.948  2461  2461 D KeyguardUpdateMonitor: handleBatteryUpdate
08-05 17:08:47.979  2461  2461 D KeyguardUpdateMonitor: received broadcast android.intent.action.BATTERY_CHANGED
08-05 17:08:47.983   916   999 E BatteryExternalStatsWorker: no controller energy info supplied for bluetooth
08-05 17:08:47.987  2461  2461 D KeyguardUpdateMonitor: handleBatteryUpdate
08-05 17:08:48.422 16151 16151 V ZoomGestureOverlayView: dispatchTouchEvent(MotionEvent { action=ACTION_DOWN, actionButton=0, id[0]=0, x[0]=276.4241, y[0]=396.4936, toolType[0]=TOOL_TYPE_FINGER, buttonState=0, metaState=0, flags=0x0, edgeFlags=0x0, pointerCount=1, historySize=0, eventTime=2474908, downTime=2474908, deviceId=5, source=0x1002 })
08-05 17:08:48.448 16151 16151 V ZoomGestureOverlayView: dispatchTouchEvent(MotionEvent { action=ACTION_UP, actionButton=0, id[0]=0, x[0]=276.4241, y[0]=396.4936, toolType[0]=TOOL_TYPE_FINGER, buttonState=0, metaState=0, flags=0x0, edgeFlags=0x0, pointerCount=1, historySize=0, eventTime=2474935, downTime=2474908, deviceId=5, source=0x1002 })
08-05 17:08:48.475  2445  2445 I LatinIME: Starting input. Cursor position = 0,0
08-05 17:08:49.307   416   416 I chatty  : uid=1000(system) /vendor/bin/hw/hal-server expire 17 lines
08-05 17:08:49.502 16151 16151 V ZoomGestureOverlayView: dispatchTouchEvent(MotionEvent { action=ACTION_DOWN, actionButton=0, id[0]=0, x[0]=208.56549, y[0]=37.913452, toolType[0]=TOOL_TYPE_FINGER, buttonState=0, metaState=0, flags=0x0, edgeFlags=0x0, pointerCount=1, historySize=0, eventTime=2475988, downTime=2475988, deviceId=5, source=0x1002 })
08-05 17:08:49.556 16151 16151 V ZoomGestureOverlayView: dispatchTouchEvent(MotionEvent { action=ACTION_UP, actionButton=0, id[0]=0, x[0]=208.56549, y[0]=37.913452, toolType[0]=TOOL_TYPE_FINGER, buttonState=0, metaState=0, flags=0x0, edgeFlags=0x0, pointerCount=1, historySize=0, eventTime=2476042, downTime=2475988, deviceId=5, source=0x1002 })
08-05 17:08:49.587  2445  2445 I LatinIME: Starting input. Cursor position = 0,0
08-05 17:08:53.019   916  2404 I chatty  : uid=1000(system) WifiScanningSer expire 12 lines
08-05 17:08:53.040   916   995 I chatty  : uid=1000(system) android.bg expire 4 lines
08-05 17:08:53.189  3914 28660 W SubscribedFeeds: Soft failure: java.io.IOException: GmsCore hasn't registered with GCM yet
08-05 17:08:53.640   916  4174 I chatty  : uid=1000(system) Binder:916_F expire 14 lines
08-05 17:08:53.645   472   472 I wificond: Enters wifigbk_ageOutHistory
08-05 17:08:53.663   916  2402 I chatty  : uid=1000(system) WifiStateMachin expire 2 lines
08-05 17:08:55.540 16151 16178 W Adreno-EGL: <qeglDrvAPI_eglGetConfigAttrib:612>: EGL_BAD_ATTRIBUTE
08-05 17:08:57.255 16151 16156 I zygote  : Do partial code cache collection, code=57KB, data=59KB
08-05 17:08:57.258 16151 16156 I zygote  : After code cache collection, code=57KB, data=59KB
08-05 17:08:57.258 16151 16156 I zygote  : Increasing code cache capacity to 256KB
