08-05 17:09:48.194   416  2826 D hardware_info: hw_info_append_hw_type : device_name = speaker
08-05 17:09:48.194   416  2826 D audio_hw_primary: disable_snd_device: snd_device(2: speaker)
08-05 17:09:48.194   416  2826 D msm8916_platform: platform_split_snd_device: snd_device(2) num devices(0) new_snd_devices(0)
08-05 17:09:48.196   416  2826 I soundtrigger: audio_extn_sound_trigger_update_device_status: device 0x2 of type 0 for Event 0, with Raise=0
08-05 17:09:48.196   416  2826 D audio_hw_primary: out_standby: exit
08-05 17:09:48.218 28800 28800 W Chrome_InProcGp: type=1400 audit(0.0:82): avc: denied { read } for name="reset_count" dev="sysfs" ino=20216 scontext=u:r:untrusted_app_25:s0:c512,c768 tcontext=u:object_r:sysfs_kgsl:s0 tclass=file permissive=0
08-05 17:09:48.229 28800 28882 W Adreno-ES20: <rb_perfcounter_gpu_disjoint_status:487>: open failed: errno 13
08-05 17:09:48.258 28800 28800 W Chrome_InProcGp: type=1400 audit(0.0:83): avc: denied { read } for name="reset_count" dev="sysfs" ino=20216 scontext=u:r:untrusted_app_25:s0:c512,c768 tcontext=u:object_r:sysfs_kgsl:s0 tclass=file permissive=0
08-05 17:09:48.268 28800 28800 W Chrome_InProcGp: type=1400 audit(0.0:84): avc: denied { read } for name="reset_count" dev="sysfs" ino=20216 scontext=u:r:untrusted_app_25:s0:c512,c768 tcontext=u:object_r:sysfs_kgsl:s0 tclass=file permissive=0
08-05 17:09:48.268 28800 28800 W Chrome_InProcGp: type=1400 audit(0.0:85): avc: denied { read } for name="reset_count" dev="sysfs" ino=20216 scontext=u:r:untrusted_app_25:s0:c512,c768 tcontext=u:object_r:sysfs_kgsl:s0 tclass=file permissive=0
08-05 17:09:48.270 28800 28882 W Adreno-ES20: <rb_perfcounter_gpu_disjoint_status:487>: open failed: errno 13
08-05 17:09:48.271 28800 28882 W Adreno-ES20: <rb_perfcounter_gpu_disjoint_status:487>: open failed: errno 13
08-05 17:09:48.276   916  3825 D PackageManager: [86a30830-8ef7-4545-8124-2ebebab83c5f] Phase1; resolving
08-05 17:09:48.276 28800 28882 W Adreno-ES20: <rb_perfcounter_gpu_disjoint_status:487>: open failed: errno 13
08-05 17:09:48.279 28783 28805 V PackageManager: [86a30830-8ef7-4545-8124-2ebebab83c5f] Phase1 called; posting
08-05 17:09:48.280 28783 28783 D PackageManager: [86a30830-8ef7-4545-8124-2ebebab83c5f] Phase1 request; prefix: [-724971520, 420691968]
08-05 17:09:48.317   916  3825 D PackageManager: [86a30830-8ef7-4545-8124-2ebebab83c5f] Phase1; No results matched
08-05 17:09:48.385  3088  3396 E SecUISvc: Error initializing local socket: -1
08-05 17:09:48.394   281   281 W /system/bin/hwservicemanager: getTransport: Cannot find entry vendor.qti.hardware.tui_comm@1.0::ITuiComm/default in either framework or device manifest.
08-05 17:09:48.538 28800 28883 D NetworkSecurityConfig: No Network Security Config specified, using platform default
08-05 17:09:49.228 28800 28800 W RenderThread: type=1400 audit(0.0:86): avc: denied { read } for name="reset_count" dev="sysfs" ino=20216 scontext=u:r:untrusted_app_25:s0:c512,c768 tcontext=u:object_r:sysfs_kgsl:s0 tclass=file permissive=0
08-05 17:09:49.238 28800 28800 W RenderThread: type=1400 audit(0.0:87): avc: denied { read } for name="reset_count" dev="sysfs" ino=20216 scontext=u:r:untrusted_app_25:s0:c512,c768 tcontext=u:object_r:sysfs_kgsl:s0 tclass=file permissive=0
08-05 17:09:49.240 28800 28849 W Adreno-ES20: <rb_perfcounter_gpu_disjoint_status:487>: open failed: errno 13
08-05 17:09:49.247 28800 28849 W Adreno-ES20: <rb_perfcounter_gpu_disjoint_status:487>: open failed: errno 13
08-05 17:09:49.398  3088  3396 E SecUISvc: Error initializing local socket: -1
08-05 17:09:49.401   281   281 W /system/bin/hwservicemanager: getTransport: Cannot find entry vendor.qti.hardware.tui_comm@1.0::ITuiComm/default in either framework or device manifest.
08-05 17:09:50.405  3088  3396 E SecUISvc: Error initializing local socket: -1
08-05 17:09:50.425   281   281 W /system/bin/hwservicemanager: getTransport: Cannot find entry vendor.qti.hardware.tui_comm@1.0::ITuiComm/default in either framework or device manifest.
08-05 17:09:50.484  2461  2461 D StatusBar: disable<e i a s b h r c s q >
08-05 17:09:50.526  2461  2461 D StatusBar: disable<e i a s b h r c s q >
08-05 17:09:50.533  2461  2763 W Adreno-ES20: <core_glFinish:34>: glFinish skipped: 0
08-05 17:09:50.567  2461  2763 W Adreno-EGL: <qeglDrvAPI_eglGetConfigAttrib:612>: EGL_BAD_ATTRIBUTE
08-05 17:09:51.429  3088  3396 E SecUISvc: Error initializing local socket: -1
08-05 17:09:51.432   281   281 W /system/bin/hwservicemanager: getTransport: Cannot find entry vendor.qti.hardware.tui_comm@1.0::ITuiComm/default in either framework or device manifest.
08-05 17:09:52.238 28800 28882 W Adreno-ES20: <core_glFinish:34>: glFinish skipped: 0
08-05 17:09:52.361 28800 28882 I chatty  : uid=10036(org.chromium.webview_shell) Chrome_InProcGp identical 3 lines
08-05 17:09:52.402 28800 28882 W Adreno-ES20: <core_glFinish:34>: glFinish skipped: 0
08-05 17:09:52.435  3088  3396 E SecUISvc: Error initializing local socket: -1
08-05 17:09:52.438   281   281 W /system/bin/hwservicemanager: getTransport: Cannot find entry vendor.qti.hardware.tui_comm@1.0::ITuiComm/default in either framework or device manifest.
08-05 17:09:52.443 28800 28882 W Adreno-ES20: <core_glFinish:34>: glFinish skipped: 0
08-05 17:09:52.463   916  4612 D PackageManager: [59002eaf-d51e-4c2a-a5f4-d84779b198fa] Phase1; resolving
08-05 17:09:52.464 28783 28805 V PackageManager: [59002eaf-d51e-4c2a-a5f4-d84779b198fa] Phase1 called; posting
08-05 17:09:52.465 28783 28783 D PackageManager: [59002eaf-d51e-4c2a-a5f4-d84779b198fa] Phase1 request; prefix: [1304666112, 1886822400]
08-05 17:09:52.473   916  4612 D PackageManager: [59002eaf-d51e-4c2a-a5f4-d84779b198fa] Phase1; No results matched
08-05 17:09:53.440  3088  3396 E SecUISvc: Error initializing local socket: -1
08-05 17:09:53.443   281   281 W /system/bin/hwservicemanager: getTransport: Cannot find entry vendor.qti.hardware.tui_comm@1.0::ITuiComm/default in either framework or device manifest.
08-05 17:09:53.452 28800 28800 I chromium: [INFO:CONSOLE(1)] "The key "viewport-fit" is not recognized and ignored.", source: https://m.youtube.com/ (1)
08-05 17:09:54.446  3088  3396 E SecUISvc: Error initializing local socket: -1
08-05 17:09:54.448   281   281 W /system/bin/hwservicemanager: getTransport: Cannot find entry vendor.qti.hardware.tui_comm@1.0::ITuiComm/default in either framework or device manifest.
08-05 17:09:54.536   916  2404 I WifiService: isScanAlwaysAvailable uid=1000
08-05 17:09:54.536   916  2404 I WifiService: getWifiEnabledState uid=1000
08-05 17:09:54.564   916   995 D CompatibilityInfo: mCompatibilityFlags - 4
08-05 17:09:54.564   916   995 D CompatibilityInfo: applicationDensity - 240
08-05 17:09:54.564   916   995 D CompatibilityInfo: applicationScale - 1.0
08-05 17:09:54.674  3914 28906 W SubscribedFeeds: Soft failure: java.io.IOException: GmsCore hasn't registered with GCM yet
08-05 17:09:54.696   916   995 D SyncManager: failed sync operation JobId=103671 alladimahender@gmail.com/com.google u0 [subscribedfeeds] SERVER ExpectedIn=0s Reason=10016, SyncResult: stats [ numIoExceptions: 1]
08-05 17:09:55.106   916  3825 D WificondControl: Scan result ready event
08-05 17:09:55.107   916  2404 I WifiService: isScanAlwaysAvailable uid=1000
08-05 17:09:55.107   916  2404 I WifiService: getWifiEnabledState uid=1000
08-05 17:09:55.110   472   472 I wificond: Enters wifigbk_ageOutHistory
08-05 17:09:55.137   916  2404 I WifiService: isScanAlwaysAvailable uid=1000
08-05 17:09:55.138   916  2404 I WifiService: getWifiEnabledState uid=1000
08-05 17:09:55.146   916  2402 W WifiConfigManager: Looking up network with invalid networkId -1
08-05 17:09:55.451  3088  3396 E SecUISvc: Error initializing local socket: -1
08-05 17:09:55.454   281   281 W /system/bin/hwservicemanager: getTransport: Cannot find entry vendor.qti.hardware.tui_comm@1.0::ITuiComm/default in either framework or device manifest.
08-05 17:09:56.025 28800 28800 I chromium: [INFO:CONSOLE(0)] "Refused to display 'https://accounts.google.com/ServiceLogin?continue=https%3A%2F%2Fm.youtube.com%2Fsignin%3Faction_handle_signin%3Dtrue%26app%3Dm%26feature%3Dmobile_passive%26hl%3Den%26noapp%3D1%26next%3Dhttps%253A%252F%252Fm.youtube.com%252Fsignin_passive&uilel=3&service=youtube&ltmpl=mobile&passive=true&hl=en' in a frame because it set 'X-Frame-Options' to 'deny'.", source: https://m.youtube.com/ (0)
08-05 17:09:56.401   916   996 D CompatibilityInfo: mCompatibilityFlags - 4
08-05 17:09:56.401   916   996 D CompatibilityInfo: applicationDensity - 240
08-05 17:09:56.401   916   996 D CompatibilityInfo: applicationScale - 1.0
08-05 17:09:56.458  3088  3396 E SecUISvc: Error initializing local socket: -1
08-05 17:09:56.465   281   281 W /system/bin/hwservicemanager: getTransport: Cannot find entry vendor.qti.hardware.tui_comm@1.0::ITuiComm/default in either framework or device manifest.
08-05 17:09:56.477 28783 28783 W ConfigurationChimeraPro: Caller is not authorized to access Uri: content://com.google.android.gms.phenotype/com.google.android.location [CONTEXT service_id=51 ]
08-05 17:09:57.479  3088  3396 E SecUISvc: Error initializing local socket: -1
08-05 17:09:57.482   281   281 W /system/bin/hwservicemanager: getTransport: Cannot find entry vendor.qti.hardware.tui_comm@1.0::ITuiComm/default in either framework or device manifest.
08-05 17:09:58.076 28800 28882 W Adreno-ES20: <core_glFinish:34>: glFinish skipped: 0
08-05 17:09:58.213 28800 28882 I chatty  : uid=10036(org.chromium.webview_shell) Chrome_InProcGp identical 3 lines
08-05 17:09:58.265 28800 28882 W Adreno-ES20: <core_glFinish:34>: glFinish skipped: 0
08-05 17:09:58.489  3088  3396 E SecUISvc: Error initializing local socket: -1
08-05 17:09:58.492   281   281 W /system/bin/hwservicemanager: getTransport: Cannot find entry vendor.qti.hardware.tui_comm@1.0::ITuiComm/default in either framework or device manifest.
08-05 17:09:59.496  3088  3396 E SecUISvc: Error initializing local socket: -1
08-05 17:09:59.499   281   281 W /system/bin/hwservicemanager: getTransport: Cannot find entry vendor.qti.hardware.tui_comm@1.0::ITuiComm/default in either framework or device manifest.
08-05 17:09:59.946 28800 28882 W Adreno-ES20: <rb_perfcounter_gpu_disjoint_status:487>: open failed: errno 13
08-05 17:09:59.976 28800 28882 I chatty  : uid=10036(org.chromium.webview_shell) Chrome_InProcGp identical 4 lines
08-05 17:09:59.979 28800 28882 W Adreno-ES20: <rb_perfcounter_gpu_disjoint_status:487>: open failed: errno 13
08-05 17:09:59.938 28800 28800 W Chrome_InProcGp: type=1400 audit(0.0:88): avc: denied { read } for name="reset_count" dev="sysfs" ino=20216 scontext=u:r:untrusted_app_25:s0:c512,c768 tcontext=u:object_r:sysfs_kgsl:s0 tclass=file permissive=0
08-05 17:09:59.968 28800 28800 I chatty  : uid=10036(org.chromium.webview_shell) identical 3 lines
08-05 17:09:59.968 28800 28800 W Chrome_InProcGp: type=1400 audit(0.0:92): avc: denied { read } for name="reset_count" dev="sysfs" ino=20216 scontext=u:r:untrusted_app_25:s0:c512,c768 tcontext=u:object_r:sysfs_kgsl:s0 tclass=file permissive=0
08-05 17:10:00.008  2461  2461 D KeyguardUpdateMonitor: received broadcast android.intent.action.TIME_TICK
08-05 17:10:00.008  2461  2461 D KeyguardUpdateMonitor: handleTimeUpdate
08-05 17:09:59.968 28800 28800 W Chrome_InProcGp: type=1400 audit(0.0:93): avc: denied { read } for name="reset_count" dev="sysfs" ino=20216 scontext=u:r:untrusted_app_25:s0:c512,c768 tcontext=u:object_r:sysfs_kgsl:s0 tclass=file permissive=0
08-05 17:10:00.502  3088  3396 E SecUISvc: Error initializing local socket: -1
08-05 17:10:00.505   281   281 W /system/bin/hwservicemanager: getTransport: Cannot find entry vendor.qti.hardware.tui_comm@1.0::ITuiComm/default in either framework or device manifest.
08-05 17:10:01.023   462 26382 I AudioPolicyManagerCustom: FLAG None hence request for a primary output
08-05 17:10:01.071   462 26382 I chatty  : uid=1041(audioserver) Binder:462_8 identical 7 lines
08-05 17:10:01.072   462 26382 I AudioPolicyManagerCustom: FLAG None hence request for a primary output
08-05 17:10:01.109 28800 28837 D         : PlayerBase::PlayerBase()
08-05 17:10:01.111 28800 28837 D         : TrackPlayerBase::TrackPlayerBase()
08-05 17:10:01.111 28800 28837 I libOpenSLES: Emulating old channel mask behavior (ignoring positional mask 0x3, using default mask 0x3 based on channel count of 2)
08-05 17:10:01.113   416  2826 D compress_voip: voice_extn_compress_voip_out_get_parameters: enter
08-05 17:10:01.116   462 26382 W AudioFlinger: createTrack_l(): mismatch between requested flags (00000104) and output flags (00000004)
08-05 17:10:01.123 28800 28837 I AudioTrack: AUDIO_OUTPUT_FLAG_FAST successful; frameCount 480 -> 480
08-05 17:10:01.123 28800 28837 D AudioTrack: Client defaulted notificationFrames to 240 for frameCount 480
08-05 17:10:01.150   916  3825 V MediaRouterService: restoreBluetoothA2dp(false)
08-05 17:10:01.152   416   416 D audio_hw_primary: out_set_parameters: enter: usecase(1: low-latency-playback) kvpairs: routing=2
08-05 17:10:01.153   462   809 D AudioPolicyManagerCustom: setForceUse() usage 1, config 10, mPhoneState 0
08-05 17:10:01.155   416   416 D audio_hw_primary: out_set_parameters: enter: usecase(1: low-latency-playback) kvpairs: routing=2
08-05 17:10:01.157   416  8254 D audio_hw_primary: start_output_stream: enter: stream(0xa7c6a000)usecase(1: low-latency-playback) devices(0x2)
08-05 17:10:01.158   416  8254 D audio_hw_primary: select_devices for use case (low-latency-playback)
08-05 17:10:01.158   416  8254 D audio_hw_primary: select_devices: out_snd_device(2: speaker) in_snd_device(0: )
08-05 17:10:01.158   419   497 E ANDR-PERF-MPCTL: Invalid profile no. 0, total profiles 0 only
08-05 17:10:01.158   416  8254 I msm8916_platform: platform_check_and_set_codec_backend_cfg:becf: afe: bitwidth 16, samplerate 48000 channels 2, backend_idx 0 usecase = 1 device (speaker)
08-05 17:10:01.158   416  8254 D msm8916_platform: platform_split_snd_device: snd_device(2) num devices(1) new_snd_devices(0)
08-05 17:10:01.158   416  8254 I msm8916_platform: platform_check_and_set_codec_backend_cfg: becf: new_snd_devices[0] is speaker
08-05 17:10:01.158   416  8254 I msm8916_platform: platform_check_codec_backend_cfg:becf: afe: Codec selected backend: 0 current bit width: 16 sample rate: 48000 channels: 2 usecase 1 device (speaker)
08-05 17:10:01.158   416  8254 D msm8916_platform: platform_check_codec_backend_cfg:becf: afe: playback on codec device not supporting native playback set default Sample Rate(48k)
08-05 17:10:01.158   416  8254 D msm8916_platform: platform_check_codec_backend_cfg:becf: afe: only 48KHZ sample rate is supported Configure afe to default Sample Rate(48k)
08-05 17:10:01.158   416  8254 I msm8916_platform: platform_check_codec_backend_cfg:becf: afe: Codec selected backend: 0 updated bit width: 16 sample rate: 48000 channels: 2
08-05 17:10:01.158   416  8254 D audio_hw_primary: check_usecases_codec_backend:becf: force routing 0
08-05 17:10:01.158   416  8254 E msm8916_platform: platform_check_backends_match: Invalid snd_device = 
08-05 17:10:01.159   416  8254 D audio_hw_primary: check_usecases_codec_backend:becf: (59) check_usecases curr device: speaker, usecase device: backends match 0
08-05 17:10:01.159   416  8254 D audio_hw_primary: check_usecases_codec_backend:becf: check_usecases num.of Usecases to switch 0
08-05 17:10:01.159   416  8254 D hardware_info: hw_info_append_hw_type : device_name = speaker
08-05 17:10:01.159   416  8254 D msm8916_platform: platform_split_snd_device: snd_device(2) num devices(0) new_snd_devices(0)
08-05 17:10:01.159   416  8254 D audio_hw_primary: enable_snd_device: snd_device(2: speaker)
08-05 17:10:01.159   416  8254 I soundtrigger: audio_extn_sound_trigger_update_device_status: device 0x2 of type 0 for Event 1, with Raise=0
08-05 17:10:01.159   416  8254 D audio_route: Apply path: speaker
08-05 17:10:01.167   416  8254 W audio_hw_utils: audio_extn_utils_update_stream_output_app_type_cfg: App type could not be selected. Falling back to default
08-05 17:10:01.168   416  8254 D soundtrigger: audio_extn_sound_trigger_update_stream_status: uc_id 1 of type 0 for Event 3, with Raise=0
08-05 17:10:01.168   416  8254 D audio_hw_utils: audio_extn_utils_send_app_type_cfg: usecase->out_snd_device speaker
08-05 17:10:01.168   416  8254 D msm8916_platform: platform_split_snd_device: snd_device(2) num devices(0) new_snd_devices(0)
08-05 17:10:01.168   416  8254 E msm8916_platform: platform_get_snd_device_backend_index: BE DAI Name Table is not present
08-05 17:10:01.168   416  8254 E audio_hw_utils: send_app_type_cfg_for_device: Couldn't get the backend index for snd device speaker ret=-14
08-05 17:10:01.168   416  8254 D audio_hw_utils: audio_extn_btsco_get_sample_rate:Not a BT SCO device, need not update sampling rate
08-05 17:10:01.169   416  8254 I audio_hw_utils: send_app_type_cfg_for_device PLAYBACK app_type 69936, acdb_dev_id 14, sample_rate 48000, snd_device_be_idx -14
08-05 17:10:01.169   416  8254 D msm8916_platform: platform_split_snd_device: snd_device(2) num devices(1) new_snd_devices(0)
08-05 17:10:01.169   416  8254 D ACDB-LOADER: ACDB -> send_audio_cal, acdb_id = 14, path = 0, app id = 0x11130, sample rate = 48000
08-05 17:10:01.169   416  8254 D ACDB-LOADER: ACDB -> send_asm_topology
08-05 17:10:01.169   416  8254 D ACDB-LOADER: ACDB -> ACDB_CMD_GET_AUDPROC_STREAM_TOPOLOGY_ID
08-05 17:10:01.169   416  8254 D ACDB-LOADER: ACDB -> send_adm_topology
08-05 17:10:01.169   416  8254 D ACDB-LOADER: ACDB -> ACDB_CMD_GET_AUDPROC_COMMON_TOPOLOGY_ID
08-05 17:10:01.169   416  8254 D ACDB-LOADER: ACDB -> send_audtable
08-05 17:10:01.170   416  8254 D ACDB-LOADER: ACDB -> ACDB_CMD_GET_AUDPROC_COMMON_TABLE_SIZE
08-05 17:10:01.170   416  8254 D ACDB-LOADER: ACDB -> ACDB_CMD_GET_AUDPROC_COMMON_TABLE
08-05 17:10:01.170   416  8254 D ACDB-LOADER: ACDB -> AUDIO_SET_AUDPROC_CAL
08-05 17:10:01.170   416  8254 D ACDB-LOADER: ACDB -> send_audvoltable
08-05 17:10:01.170   416  8254 D ACDB-LOADER: ACDB -> ACDB_CMD_GET_AUDPROC_VOL_STEP_TABLE_SIZE
08-05 17:10:01.170   416  8254 D ACDB-LOADER: ACDB -> ACDB_CMD_GET_AUDPROC_GAIN_DEP_STEP_TABLE, vol index 0
08-05 17:10:01.170   416  8254 D ACDB-LOADER: ACDB -> AUDIO_SET_VOL_CAL cal type = 12
08-05 17:10:01.170   416  8254 D ACDB-LOADER: ACDB -> ACDB_CMD_GET_AUDPROC_STREAM_TABLE_SIZE
08-05 17:10:01.170   416  8254 D ACDB-LOADER: ACDB -> send_audstrmtable
08-05 17:10:01.170   416  8254 D ACDB-LOADER: ACDB -> ACDB_CMD_GET_AUDPROC_STREAM_TABLE_V2
08-05 17:10:01.170   416  8254 D ACDB-LOADER: ACDB -> audstrm_cal->cal_type.cal_data.cal_size = 88
08-05 17:10:01.170   416  8254 D ACDB-LOADER: ACDB -> send_afe_topology
08-05 17:10:01.170   416  8254 D ACDB-LOADER: ACDB -> ACDB_CMD_GET_AFE_TOPOLOGY_ID
08-05 17:10:01.171   416  8254 D         : ACDBFILE_MGR: CmnDevinfo for the devid 0000000E not found
08-05 17:10:01.171   416  8254 D         : ACDB_COMMAND: Failed to fetch the afe topo info for devid 0000000E 
08-05 17:10:01.171   416  8254 E ACDB-LOADER: ACDB get afe topology for acdb id = 14, err = -8
08-05 17:10:01.171   416  8254 E ACDB-LOADER: Error: get ACDB afe topology result = -8
08-05 17:10:01.171   416  8254 D ACDB-LOADER: ACDB -> send_afe_cal
08-05 17:10:01.171   416  8254 D ACDB-LOADER: ACDB -> ACDB_CMD_GET_AFE_COMMON_TABLE_SIZE
08-05 17:10:01.171   416  8254 D ACDB-LOADER: ACDB -> ACDB_CMD_GET_AFE_COMMON_TABLE
08-05 17:10:01.171   416  8254 D ACDB-LOADER: ACDB -> AUDIO_SET_AFE_CAL
08-05 17:10:01.171   416  8254 D ACDB-LOADER: ACDB -> send_hw_delay : acdb_id = 14 path = 0
08-05 17:10:01.171   416  8254 D ACDB-LOADER: ACDB -> ACDB_AVSYNC_INFO: ACDB_CMD_GET_DEVICE_PROPERTY
08-05 17:10:01.171   416  8254 D audio_hw_primary: enable_audio_route: apply mixer and update path: low-latency-playback
08-05 17:10:01.171   416  8254 D audio_route: Apply path: low-latency-playback
08-05 17:10:01.172   416  8254 D audio_hw_primary: select_devices: done
08-05 17:10:01.261   416  8254 D msm8916_platform: platform_set_channel_map mixer_ctl_name:Playback Channel Map12
08-05 17:10:01.261   416  8254 D msm8916_platform: platform_set_channel_map: set mapping(1 2 0 0 0 0 0 0) for channel:2
08-05 17:10:01.262   416  8254 D audio_hw_primary: start_output_stream: exit
08-05 17:10:01.345 28800 28800 W AudioManager: Use of stream types is deprecated for operations other than volume control
08-05 17:10:01.347 28800 28800 W AudioManager: See the documentation of requestAudioFocus() for what to use instead with android.media.AudioAttributes to qualify your playback use case
08-05 17:10:01.376   916  4174 I MediaFocusControl: requestAudioFocus() from uid/pid 10036/28800 clientId=android.media.AudioManager@5366185org.chromium.content.browser.AudioFocusDelegate@bbc3bda callingPack=org.chromium.webview_shell req=1 flags=0x0 sdk=24
08-05 17:10:01.511  3088  3396 E SecUISvc: Error initializing local socket: -1
08-05 17:10:01.514   281   281 W /system/bin/hwservicemanager: getTransport: Cannot find entry vendor.qti.hardware.tui_comm@1.0::ITuiComm/default in either framework or device manifest.
08-05 17:10:01.927   916  2399 D RecurrenceRule: Resolving using anchor 2019-08-05T17:10:01.927+05:30[Asia/Kolkata]
08-05 17:10:01.944   916  2399 D RecurrenceRule: Resolving using anchor 2019-08-05T17:10:01.944+05:30[Asia/Kolkata]
08-05 17:10:01.952   916  2399 D RecurrenceRule: Cycle 19 from 2019-08-05T00:00+05:30[Asia/Kolkata] to 2019-09-05T00:00+05:30[Asia/Kolkata]
08-05 17:10:01.953   916  2399 D NetworkStats: Resolving plan for NetworkTemplate: matchRule=MOBILE_ALL, subscriberId=404490..., matchSubscriberIds=[404490...]
08-05 17:10:01.959   916  2399 D NetworkStats: Found active matching subId 1
08-05 17:10:01.995   916  2399 D NetworkStats: Resolved to plan null
08-05 17:10:02.523  3088  3396 E SecUISvc: Error initializing local socket: -1
08-05 17:10:02.525   281   281 W /system/bin/hwservicemanager: getTransport: Cannot find entry vendor.qti.hardware.tui_comm@1.0::ITuiComm/default in either framework or device manifest.
08-05 17:10:02.577 28800 28800 I chromium: [INFO:CONSOLE(0)] "Blink deferred a task in order to make scrolling smoother. Your timer and network tasks should take less than 50ms to run to avoid this. Please see https://developers.google.com/web/tools/chrome-devtools/profile/evaluate-performance/rail and https://crbug.com/574343#c40 for more information.", source: https://m.youtube.com/watch?v=eaSvVxTbw20 (0)
08-05 17:10:03.529  3088  3396 E SecUISvc: Error initializing local socket: -1
08-05 17:10:03.532   281   281 W /system/bin/hwservicemanager: getTransport: Cannot find entry vendor.qti.hardware.tui_comm@1.0::ITuiComm/default in either framework or device manifest.
08-05 17:10:04.535  3088  3396 E SecUISvc: Error initializing local socket: -1
08-05 17:10:04.548   281   281 W /system/bin/hwservicemanager: getTransport: Cannot find entry vendor.qti.hardware.tui_comm@1.0::ITuiComm/default in either framework or device manifest.
08-05 17:10:05.125   916  4174 I MediaFocusControl: abandonAudioFocus() from uid/pid 10036/28800 clientId=android.media.AudioManager@5366185org.chromium.content.browser.AudioFocusDelegate@bbc3bda
08-05 17:10:05.143 28800 28837 D         : PlayerBase::stop() from IPlayer
08-05 17:10:05.143 28800 28837 D AudioTrack: stop() called with 185760 frames delivered
08-05 17:10:05.144   916  4612 V MediaRouterService: restoreBluetoothA2dp(false)
08-05 17:10:05.145   462   809 D AudioPolicyManagerCustom: setForceUse() usage 1, config 10, mPhoneState 0
08-05 17:10:05.444 28800 28882 W Adreno-ES20: <core_glFinish:34>: glFinish skipped: 0
08-05 17:10:05.485 28800 28882 I chatty  : uid=10036(org.chromium.webview_shell) Chrome_InProcGp identical 1 line
08-05 17:10:05.525 28800 28882 W Adreno-ES20: <core_glFinish:34>: glFinish skipped: 0
08-05 17:10:05.557  3088  3396 E SecUISvc: Error initializing local socket: -1
08-05 17:10:05.559   281   281 W /system/bin/hwservicemanager: getTransport: Cannot find entry vendor.qti.hardware.tui_comm@1.0::ITuiComm/default in either framework or device manifest.
08-05 17:10:05.566 28800 28882 W Adreno-ES20: <core_glFinish:34>: glFinish skipped: 0
08-05 17:10:05.607 28800 28882 I chatty  : uid=10036(org.chromium.webview_shell) Chrome_InProcGp identical 1 line
08-05 17:10:05.653 28800 28882 W Adreno-ES20: <core_glFinish:34>: glFinish skipped: 0
08-05 17:10:06.403   916   996 D CompatibilityInfo: mCompatibilityFlags - 4
08-05 17:10:06.403   916   996 D CompatibilityInfo: applicationDensity - 240
08-05 17:10:06.404   916   996 D CompatibilityInfo: applicationScale - 1.0
08-05 17:10:06.502   916  4174 D CompatibilityInfo: mCompatibilityFlags - 4
08-05 17:10:06.502   916  4174 D CompatibilityInfo: applicationDensity - 240
08-05 17:10:06.503   916  4174 D CompatibilityInfo: applicationScale - 1.0
08-05 17:10:06.563  3088  3396 E SecUISvc: Error initializing local socket: -1
08-05 17:10:06.572   281   281 W /system/bin/hwservicemanager: getTransport: Cannot find entry vendor.qti.hardware.tui_comm@1.0::ITuiComm/default in either framework or device manifest.
08-05 17:10:06.650   916   995 W Binder  : Outgoing transactions from this process must be FLAG_ONEWAY
08-05 17:10:06.650   916   995 W Binder  : java.lang.Throwable
08-05 17:10:06.650   916   995 W Binder  : 	at android.os.BinderProxy.transact(Binder.java:752)
08-05 17:10:06.650   916   995 W Binder  : 	at com.android.internal.location.ILocationProvider$Stub$Proxy.getProperties(ILocationProvider.java:232)
08-05 17:10:06.650   916   995 W Binder  : 	at com.android.server.location.LocationProviderProxy$1.run(LocationProviderProxy.java:119)
08-05 17:10:06.650   916   995 W Binder  : 	at android.os.Handler.handleCallback(Handler.java:790)
08-05 17:10:06.650   916   995 W Binder  : 	at android.os.Handler.dispatchMessage(Handler.java:99)
08-05 17:10:06.650   916   995 W Binder  : 	at android.os.Looper.loop(Looper.java:164)
08-05 17:10:06.650   916   995 W Binder  : 	at android.os.HandlerThread.run(HandlerThread.java:65)
08-05 17:10:06.683   916  4174 D ContextHubService: Added callback, total callbacks 1
08-05 17:10:06.692   916  4174 D ContextHubService: System supports 0 hubs
08-05 17:10:06.694 28783 28783 W ChreGmsCore: Unable to construct RealContextHub.
08-05 17:10:06.694 28783 28783 W ChreGmsCore: java.lang.IllegalStateException: No ContextHubs were found in the platform.
08-05 17:10:06.694 28783 28783 W ChreGmsCore: 	at bkli.<init>(:com.google.android.gms@17455055@17.4.55 (110400-248795830):8)
08-05 17:10:06.694 28783 28783 W ChreGmsCore: 	at ayuk.a(:com.google.android.gms@17455055@17.4.55 (110400-248795830):15)
08-05 17:10:06.694 28783 28783 W ChreGmsCore: 	at ayqw.<init>(:com.google.android.gms@17455055@17.4.55 (110400-248795830):16)
08-05 17:10:06.694 28783 28783 W ChreGmsCore: 	at ayri.<init>(:com.google.android.gms@17455055@17.4.55 (110400-248795830):2)
08-05 17:10:06.694 28783 28783 W ChreGmsCore: 	at ayri.<init>(:com.google.android.gms@17455055@17.4.55 (110400-248795830):1)
08-05 17:10:06.694 28783 28783 W ChreGmsCore: 	at com.google.android.location.geofencer.service.GeofencerStateMachine.<init>(:com.google.android.gms@17455055@17.4.55 (110400-248795830):25)
08-05 17:10:06.694 28783 28783 W ChreGmsCore: 	at ayrf.<init>(:com.google.android.gms@17455055@17.4.55 (110400-248795830):3)
08-05 17:10:06.694 28783 28783 W ChreGmsCore: 	at aysw.<init>(:com.google.android.gms@17455055@17.4.55 (110400-248795830):1)
08-05 17:10:06.694 28783 28783 W ChreGmsCore: 	at com.google.android.location.internal.GoogleLocationManagerChimeraService.onCreate(:com.google.android.gms@17455055@17.4.55 (110400-248795830):6)
08-05 17:10:06.694 28783 28783 W ChreGmsCore: 	at edo.onCreate(:com.google.android.gms@17455055@17.4.55 (110400-248795830):1)
08-05 17:10:06.694 28783 28783 W ChreGmsCore: 	at nyb.onCreate(:com.google.android.gms@17455055@17.4.55 (110400-248795830):3)
08-05 17:10:06.694 28783 28783 W ChreGmsCore: 	at android.app.ActivityThread.handleCreateService(ActivityThread.java:3342)
08-05 17:10:06.694 28783 28783 W ChreGmsCore: 	at android.app.ActivityThread.-wrap4(Unknown Source:0)
08-05 17:10:06.694 28783 28783 W ChreGmsCore: 	at android.app.ActivityThread$H.handleMessage(ActivityThread.java:1680)
08-05 17:10:06.694 28783 28783 W ChreGmsCore: 	at android.os.Handler.dispatchMessage(Handler.java:106)
08-05 17:10:06.694 28783 28783 W ChreGmsCore: 	at android.os.Looper.loop(Looper.java:164)
08-05 17:10:06.694 28783 28783 W ChreGmsCore: 	at android.app.ActivityThread.main(ActivityThread.java:6518)
08-05 17:10:06.694 28783 28783 W ChreGmsCore: 	at java.lang.reflect.Method.invoke(Native Method)
08-05 17:10:06.694 28783 28783 W ChreGmsCore: 	at com.android.internal.os.RuntimeInit$MethodAndArgsCaller.run(RuntimeInit.java:438)
08-05 17:10:06.694 28783 28783 W ChreGmsCore: 	at com.android.internal.os.ZygoteInit.main(ZygoteInit.java:807)
08-05 17:10:07.113   916  4174 D CompatibilityInfo: mCompatibilityFlags - 4
08-05 17:10:07.113   916  4174 D CompatibilityInfo: applicationDensity - 240
08-05 17:10:07.113   916  4174 D CompatibilityInfo: applicationScale - 1.0
08-05 17:10:07.133   916  4174 I WifiService: getWifiEnabledState uid=10016
08-05 17:10:07.134 28783 28783 W Settings: Setting airplane_mode_on has moved from android.provider.Settings.System to android.provider.Settings.Global, returning read-only value.
08-05 17:10:07.146   916  4612 I WifiService: getWifiEnabledState uid=10016
08-05 17:10:07.290 28783 28933 I GeofencerStateMachine: Network location disabled.
08-05 17:10:07.307 28783 28936 E LocationManagerCompat: Unable to assign LocationManager blame through WorkSource
08-05 17:10:07.307 28783 28936 E LocationManagerCompat: java.lang.SecurityException: "passive" location provider requires ACCESS_FINE_LOCATION permission.
08-05 17:10:07.307 28783 28936 E LocationManagerCompat: 	at android.os.Parcel.readException(Parcel.java:2013)
08-05 17:10:07.307 28783 28936 E LocationManagerCompat: 	at android.os.Parcel.readException(Parcel.java:1959)
08-05 17:10:07.307 28783 28936 E LocationManagerCompat: 	at android.location.ILocationManager$Stub$Proxy.requestLocationUpdates(ILocationManager.java:691)
08-05 17:10:07.307 28783 28936 E LocationManagerCompat: 	at android.location.LocationManager.requestLocationUpdates(LocationManager.java:900)
08-05 17:10:07.307 28783 28936 E LocationManagerCompat: 	at android.location.LocationManager.requestLocationUpdates(LocationManager.java:846)
08-05 17:10:07.307 28783 28936 E LocationManagerCompat: 	at azwd.a(:com.google.android.gms@17455055@17.4.55 (110400-248795830):2)
08-05 17:10:07.307 28783 28936 E LocationManagerCompat: 	at azwg.a(Unknown Source:0)
08-05 17:10:07.307 28783 28936 E LocationManagerCompat: 	at ayov.a(:com.google.android.gms@17455055@17.4.55 (110400-248795830):8)
08-05 17:10:07.307 28783 28936 E LocationManagerCompat: 	at ayoy.f(Unknown Source:7)
08-05 17:10:07.307 28783 28936 E LocationManagerCompat: 	at ayoy.c(:com.google.android.gms@17455055@17.4.55 (110400-248795830):2)
08-05 17:10:07.307 28783 28936 E LocationManagerCompat: 	at com.google.android.location.fused.FusionEngine.a(:com.google.android.gms@17455055@17.4.55 (110400-248795830):108)
08-05 17:10:07.307 28783 28936 E LocationManagerCompat: 	at aymb.a(:com.google.android.gms@17455055@17.4.55 (110400-248795830):16)
08-05 17:10:07.307 28783 28936 E LocationManagerCompat: 	at ayjd.a(:com.google.android.gms@17455055@17.4.55 (110400-248795830):5)
08-05 17:10:07.307 28783 28936 E LocationManagerCompat: 	at ayja.a(:com.google.android.gms@17455055@17.4.55 (110400-248795830):5)
08-05 17:10:07.307 28783 28936 E LocationManagerCompat: 	at aykz.a(:com.google.android.gms@17455055@17.4.55 (110400-248795830):12)
08-05 17:10:07.307 28783 28936 E LocationManagerCompat: 	at com.google.android.location.fused.StationaryThrottlingEngine.a(:com.google.android.gms@17455055@17.4.55 (110400-248795830):12)
08-05 17:10:07.307 28783 28936 E LocationManagerCompat: 	at ayiu.a(:com.google.android.gms@17455055@17.4.55 (110400-248795830):5)
08-05 17:10:07.307 28783 28936 E LocationManagerCompat: 	at ayma.a(:com.google.android.gms@17455055@17.4.55 (110400-248795830):3)
08-05 17:10:07.307 28783 28936 E LocationManagerCompat: 	at com.google.android.location.fused.StationaryThrottlingEngine.a(:com.google.android.gms@17455055@17.4.55 (110400-248795830):12)
08-05 17:10:07.307 28783 28936 E LocationManagerCompat: 	at aynj.a(:com.google.android.gms@17455055@17.4.55 (110400-248795830):3)
08-05 17:10:07.307 28783 28936 E LocationManagerCompat: 	at ayiw.a(:com.google.android.gms@17455055@17.4.55 (110400-248795830):2)
08-05 17:10:07.307 28783 28936 E LocationManagerCompat: 	at aymn.a(:com.google.android.gms@17455055@17.4.55 (110400-248795830):1)
08-05 17:10:07.307 28783 28936 E LocationManagerCompat: 	at aymx.handleMessage(:com.google.android.gms@17455055@17.4.55 (110400-248795830):4)
08-05 17:10:07.307 28783 28936 E LocationManagerCompat: 	at android.os.Handler.dispatchMessage(Handler.java:106)
08-05 17:10:07.307 28783 28936 E LocationManagerCompat: 	at aagz.a(:com.google.android.gms@17455055@17.4.55 (110400-248795830):3)
08-05 17:10:07.307 28783 28936 E LocationManagerCompat: 	at aagz.dispatchMessage(:com.google.android.gms@17455055@17.4.55 (110400-248795830):4)
08-05 17:10:07.307 28783 28936 E LocationManagerCompat: 	at azws.a(:com.google.android.gms@17455055@17.4.55 (110400-248795830):5)
08-05 17:10:07.307 28783 28936 E LocationManagerCompat: 	at aagz.dispatchMessage(:com.google.android.gms@17455055@17.4.55 (110400-248795830):4)
08-05 17:10:07.307 28783 28936 E LocationManagerCompat: 	at android.os.Looper.loop(Looper.java:164)
08-05 17:10:07.307 28783 28936 E LocationManagerCompat: 	at android.os.HandlerThread.run(HandlerThread.java:65)
08-05 17:10:07.315 28783 28936 E AndroidRuntime: FATAL EXCEPTION: FlpThread
08-05 17:10:07.315 28783 28936 E AndroidRuntime: Process: com.google.android.gms.persistent, PID: 28783
08-05 17:10:07.315 28783 28936 E AndroidRuntime: java.lang.SecurityException: "passive" location provider requires ACCESS_FINE_LOCATION permission.
08-05 17:10:07.315 28783 28936 E AndroidRuntime: 	at android.os.Parcel.readException(Parcel.java:2013)
08-05 17:10:07.315 28783 28936 E AndroidRuntime: 	at android.os.Parcel.readException(Parcel.java:1959)
08-05 17:10:07.315 28783 28936 E AndroidRuntime: 	at android.location.ILocationManager$Stub$Proxy.requestLocationUpdates(ILocationManager.java:691)
08-05 17:10:07.315 28783 28936 E AndroidRuntime: 	at android.location.LocationManager.requestLocationUpdates(LocationManager.java:900)
08-05 17:10:07.315 28783 28936 E AndroidRuntime: 	at android.location.LocationManager.requestLocationUpdates(LocationManager.java:504)
08-05 17:10:07.315 28783 28936 E AndroidRuntime: 	at azwe.a(:com.google.android.gms@17455055@17.4.55 (110400-248795830):9)
08-05 17:10:07.315 28783 28936 E AndroidRuntime: 	at azwd.a(:com.google.android.gms@17455055@17.4.55 (110400-248795830):3)
08-05 17:10:07.315 28783 28936 E AndroidRuntime: 	at azwg.a(Unknown Source:0)
08-05 17:10:07.315 28783 28936 E AndroidRuntime: 	at ayov.a(:com.google.android.gms@17455055@17.4.55 (110400-248795830):8)
08-05 17:10:07.315 28783 28936 E AndroidRuntime: 	at ayoy.f(Unknown Source:7)
08-05 17:10:07.315 28783 28936 E AndroidRuntime: 	at ayoy.c(:com.google.android.gms@17455055@17.4.55 (110400-248795830):2)
08-05 17:10:07.315 28783 28936 E AndroidRuntime: 	at com.google.android.location.fused.FusionEngine.a(:com.google.android.gms@17455055@17.4.55 (110400-248795830):108)
08-05 17:10:07.315 28783 28936 E AndroidRuntime: 	at aymb.a(:com.google.android.gms@17455055@17.4.55 (110400-248795830):16)
08-05 17:10:07.315 28783 28936 E AndroidRuntime: 	at ayjd.a(:com.google.android.gms@17455055@17.4.55 (110400-248795830):5)
08-05 17:10:07.315 28783 28936 E AndroidRuntime: 	at ayja.a(:com.google.android.gms@17455055@17.4.55 (110400-248795830):5)
08-05 17:10:07.315 28783 28936 E AndroidRuntime: 	at aykz.a(:com.google.android.gms@17455055@17.4.55 (110400-248795830):12)
08-05 17:10:07.315 28783 28936 E AndroidRuntime: 	at com.google.android.location.fused.StationaryThrottlingEngine.a(:com.google.android.gms@17455055@17.4.55 (110400-248795830):12)
08-05 17:10:07.315 28783 28936 E AndroidRuntime: 	at ayiu.a(:com.google.android.gms@17455055@17.4.55 (110400-248795830):5)
08-05 17:10:07.315 28783 28936 E AndroidRuntime: 	at ayma.a(:com.google.android.gms@17455055@17.4.55 (110400-248795830):3)
08-05 17:10:07.315 28783 28936 E AndroidRuntime: 	at com.google.android.location.fused.StationaryThrottlingEngine.a(:com.google.android.gms@17455055@17.4.55 (110400-248795830):12)
08-05 17:10:07.315 28783 28936 E AndroidRuntime: 	at aynj.a(:com.google.android.gms@17455055@17.4.55 (110400-248795830):3)
08-05 17:10:07.315 28783 28936 E AndroidRuntime: 	at ayiw.a(:com.google.android.gms@17455055@17.4.55 (110400-248795830):2)
08-05 17:10:07.315 28783 28936 E AndroidRuntime: 	at aymn.a(:com.google.android.gms@17455055@17.4.55 (110400-248795830):1)
08-05 17:10:07.315 28783 28936 E AndroidRuntime: 	at aymx.handleMessage(:com.google.android.gms@17455055@17.4.55 (110400-248795830):4)
08-05 17:10:07.315 28783 28936 E AndroidRuntime: 	at android.os.Handler.dispatchMessage(Handler.java:106)
08-05 17:10:07.315 28783 28936 E AndroidRuntime: 	at aagz.a(:com.google.android.gms@17455055@17.4.55 (110400-248795830):3)
08-05 17:10:07.315 28783 28936 E AndroidRuntime: 	at aagz.dispatchMessage(:com.google.android.gms@17455055@17.4.55 (110400-248795830):4)
08-05 17:10:07.315 28783 28936 E AndroidRuntime: 	at azws.a(:com.google.android.gms@17455055@17.4.55 (110400-248795830):5)
08-05 17:10:07.315 28783 28936 E AndroidRuntime: 	at aagz.dispatchMessage(:com.google.android.gms@17455055@17.4.55 (110400-248795830):4)
08-05 17:10:07.315 28783 28936 E AndroidRuntime: 	at android.os.Looper.loop(Looper.java:164)
08-05 17:10:07.315 28783 28936 E AndroidRuntime: 	at android.os.HandlerThread.run(HandlerThread.java:65)
08-05 17:10:07.363 28783 28936 I GCore-Chimera-Crash: ChwKDmNvbnRhaW5lci1vbmx5EOfEahhAIICyn4NBIAA=
08-05 17:10:07.363 28783 28936 I GCore-Chimera-Crash: GCore-Chimera-Crash
08-05 17:10:07.386 28783 28936 I DeviceDrDatabaseHelper: Cleaning stale data from database!
08-05 17:10:07.443 28783 28936 W DeviceDoctorHandler: Crash Hash: a84a24fcbc521d4b32a82fb2f2eb41695a9ba822
08-05 17:10:07.475  2461  2461 D KeyguardUpdateMonitor: received broadcast android.intent.action.BATTERY_CHANGED
08-05 17:10:07.475  2461  2461 D KeyguardUpdateMonitor: handleBatteryUpdate
08-05 17:10:07.483   916  1018 D BluetoothManagerService: MESSAGE_REGISTER_ADAPTER
08-05 17:10:07.565 28783 28788 I zygote  : Do partial code cache collection, code=62KB, data=57KB
08-05 17:10:07.572 28783 28788 I zygote  : After code cache collection, code=54KB, data=50KB
08-05 17:10:07.572 28783 28788 I zygote  : Increasing code cache capacity to 256KB
08-05 17:10:07.576  3088  3396 E SecUISvc: Error initializing local socket: -1
08-05 17:10:07.580   281   281 W /system/bin/hwservicemanager: getTransport: Cannot find entry vendor.qti.hardware.tui_comm@1.0::ITuiComm/default in either framework or device manifest.
08-05 17:10:07.662 28783 28936 W DeviceDoctorHandler: Shushing due to low average crash frequency.
08-05 17:10:07.663 28783 28936 E DeviceDoctorHandler: FATAL EXCEPTION: FlpThread
08-05 17:10:07.663 28783 28936 E DeviceDoctorHandler: Process: com.google.android.gms.persistent, PID: 28783
08-05 17:10:07.663 28783 28936 E DeviceDoctorHandler: java.lang.SecurityException: "passive" location provider requires ACCESS_FINE_LOCATION permission.
08-05 17:10:07.663 28783 28936 E DeviceDoctorHandler: 	at android.os.Parcel.readException(Parcel.java:2013)
08-05 17:10:07.663 28783 28936 E DeviceDoctorHandler: 	at android.os.Parcel.readException(Parcel.java:1959)
08-05 17:10:07.663 28783 28936 E DeviceDoctorHandler: 	at android.location.ILocationManager$Stub$Proxy.requestLocationUpdates(ILocationManager.java:691)
08-05 17:10:07.663 28783 28936 E DeviceDoctorHandler: 	at android.location.LocationManager.requestLocationUpdates(LocationManager.java:900)
08-05 17:10:07.663 28783 28936 E DeviceDoctorHandler: 	at android.location.LocationManager.requestLocationUpdates(LocationManager.java:504)
08-05 17:10:07.663 28783 28936 E DeviceDoctorHandler: 	at azwe.a(:com.google.android.gms@17455055@17.4.55 (110400-248795830):9)
08-05 17:10:07.663 28783 28936 E DeviceDoctorHandler: 	at azwd.a(:com.google.android.gms@17455055@17.4.55 (110400-248795830):3)
08-05 17:10:07.663 28783 28936 E DeviceDoctorHandler: 	at azwg.a(Unknown Source:0)
08-05 17:10:07.663 28783 28936 E DeviceDoctorHandler: 	at ayov.a(:com.google.android.gms@17455055@17.4.55 (110400-248795830):8)
08-05 17:10:07.663 28783 28936 E DeviceDoctorHandler: 	at ayoy.f(Unknown Source:7)
08-05 17:10:07.663 28783 28936 E DeviceDoctorHandler: 	at ayoy.c(:com.google.android.gms@17455055@17.4.55 (110400-248795830):2)
08-05 17:10:07.663 28783 28936 E DeviceDoctorHandler: 	at com.google.android.location.fused.FusionEngine.a(:com.google.android.gms@17455055@17.4.55 (110400-248795830):108)
08-05 17:10:07.663 28783 28936 E DeviceDoctorHandler: 	at aymb.a(:com.google.android.gms@17455055@17.4.55 (110400-248795830):16)
08-05 17:10:07.663 28783 28936 E DeviceDoctorHandler: 	at ayjd.a(:com.google.android.gms@17455055@17.4.55 (110400-248795830):5)
08-05 17:10:07.663 28783 28936 E DeviceDoctorHandler: 	at ayja.a(:com.google.android.gms@17455055@17.4.55 (110400-248795830):5)
08-05 17:10:07.663 28783 28936 E DeviceDoctorHandler: 	at aykz.a(:com.google.android.gms@17455055@17.4.55 (110400-248795830):12)
08-05 17:10:07.663 28783 28936 E DeviceDoctorHandler: 	at com.google.android.location.fused.StationaryThrottlingEngine.a(:com.google.android.gms@17455055@17.4.55 (110400-248795830):12)
08-05 17:10:07.663 28783 28936 E DeviceDoctorHandler: 	at ayiu.a(:com.google.android.gms@17455055@17.4.55 (110400-248795830):5)
08-05 17:10:07.663 28783 28936 E DeviceDoctorHandler: 	at ayma.a(:com.google.android.gms@17455055@17.4.55 (110400-248795830):3)
08-05 17:10:07.663 28783 28936 E DeviceDoctorHandler: 	at com.google.android.location.fused.StationaryThrottlingEngine.a(:com.google.android.gms@17455055@17.4.55 (110400-248795830):12)
08-05 17:10:07.663 28783 28936 E DeviceDoctorHandler: 	at aynj.a(:com.google.android.gms@17455055@17.4.55 (110400-248795830):3)
08-05 17:10:07.663 28783 28936 E DeviceDoctorHandler: 	at ayiw.a(:com.google.android.gms@17455055@17.4.55 (110400-248795830):2)
08-05 17:10:07.663 28783 28936 E DeviceDoctorHandler: 	at aymn.a(:com.google.android.gms@17455055@17.4.55 (110400-248795830):1)
08-05 17:10:07.663 28783 28936 E DeviceDoctorHandler: 	at aymx.handleMessage(:com.google.android.gms@17455055@17.4.55 (110400-248795830):4)
08-05 17:10:07.663 28783 28936 E DeviceDoctorHandler: 	at android.os.Handler.dispatchMessage(Handler.java:106)
08-05 17:10:07.663 28783 28936 E DeviceDoctorHandler: 	at aagz.a(:com.google.android.gms@17455055@17.4.55 (110400-248795830):3)
08-05 17:10:07.663 28783 28936 E DeviceDoctorHandler: 	at aagz.dispatchMessage(:com.google.android.gms@17455055@17.4.55 (110400-248795830):4)
08-05 17:10:07.663 28783 28936 E DeviceDoctorHandler: 	at azws.a(:com.google.android.gms@17455055@17.4.55 (110400-248795830):5)
08-05 17:10:07.663 28783 28936 E DeviceDoctorHandler: 	at aagz.dispatchMessage(:com.google.android.gms@17455055@17.4.55 (110400-248795830):4)
08-05 17:10:07.663 28783 28936 E DeviceDoctorHandler: 	at android.os.Looper.loop(Looper.java:164)
08-05 17:10:07.663 28783 28936 E DeviceDoctorHandler: 	at android.os.HandlerThread.run(HandlerThread.java:65)
08-05 17:10:07.663 28783 28936 E DeviceDoctorHandler: 
08-05 17:10:07.720   916   996 W BroadcastQueue: Background execution not allowed: receiving Intent { act=android.intent.action.DROPBOX_ENTRY_ADDED flg=0x10 (has extras) } to com.google.android.gms/.stats.service.DropBoxEntryAddedReceiver
08-05 17:10:07.721   916   996 W BroadcastQueue: Background execution not allowed: receiving Intent { act=android.intent.action.DROPBOX_ENTRY_ADDED flg=0x10 (has extras) } to com.google.android.gms/.chimera.GmsIntentOperationService$PersistentTrustedReceiver
08-05 17:10:07.725 28783 28936 I Process : Sending signal. PID: 28783 SIG: 9
08-05 17:10:07.796   916  3825 D PackageManager: Binder to instant app resolver died
08-05 17:10:07.798   916   916 D PackageManager: Disconnected from instant app resolver
08-05 17:10:07.804   916  2742 I ActivityManager: Process com.google.android.gms.persistent (pid 28783) has died: vis  BFGS
08-05 17:10:07.805   916  2742 W ActivityManager: Scheduling restart of crashed service com.google.android.gms/com.google.android.location.geocode.GeocodeService in 43996ms
08-05 17:10:07.805   916  2742 W ActivityManager: Scheduling restart of crashed service com.google.android.gms/com.google.android.location.internal.server.GoogleLocationService in 53996ms
08-05 17:10:07.806   916  2742 W ActivityManager: Scheduling restart of crashed service com.google.android.gms/com.google.android.location.fused.FusedLocationService in 83996ms
08-05 17:10:07.806   916  2742 W ActivityManager: Scheduling restart of crashed service com.google.android.gms/.chimera.PersistentBoundBrokerService in 63995ms
08-05 17:10:07.807   916  2742 W ActivityManager: Scheduling restart of crashed service com.google.android.gms/com.google.android.location.internal.GoogleLocationManagerService in 73995ms
08-05 17:10:07.804   916   998 W zygote  : kill(-28783, 9) failed: No such process
08-05 17:10:07.847   916   998 W zygote  : kill(-28783, 9) failed: No such process
08-05 17:10:07.847   916   998 I zygote  : Successfully killed process cgroup uid 10016 pid 28783 in 43ms
08-05 17:10:08.158   416   416 D audio_hw_primary: out_standby: enter: stream (0xa7c6a000) usecase(1: low-latency-playback)
08-05 17:10:08.274   416   416 D audio_hw_primary: disable_audio_route: reset and update mixer path: low-latency-playback
08-05 17:10:08.276   416   416 D soundtrigger: audio_extn_sound_trigger_update_stream_status: uc_id 1 of type 0 for Event 2, with Raise=0
08-05 17:10:08.276   416   416 D hardware_info: hw_info_append_hw_type : device_name = speaker
08-05 17:10:08.276   416   416 D audio_hw_primary: disable_snd_device: snd_device(2: speaker)
08-05 17:10:08.277   416   416 D msm8916_platform: platform_split_snd_device: snd_device(2) num devices(0) new_snd_devices(0)
08-05 17:10:08.281   416   416 I soundtrigger: audio_extn_sound_trigger_update_device_status: device 0x2 of type 0 for Event 0, with Raise=0
08-05 17:10:08.281   416   416 D audio_hw_primary: out_standby: exit
08-05 17:10:08.462 28800 28882 W Adreno-ES20: <core_glFinish:34>: glFinish skipped: 0
08-05 17:10:08.509 28800 28882 I chatty  : uid=10036(org.chromium.webview_shell) Chrome_InProcGp identical 1 line
08-05 17:10:08.550 28800 28882 W Adreno-ES20: <core_glFinish:34>: glFinish skipped: 0
08-05 17:10:08.585  3088  3396 E SecUISvc: Error initializing local socket: -1
08-05 17:10:08.593   281   281 W /system/bin/hwservicemanager: getTransport: Cannot find entry vendor.qti.hardware.tui_comm@1.0::ITuiComm/default in either framework or device manifest.
08-05 17:10:09.345 28800 28882 W Adreno-ES20: <core_glFinish:34>: glFinish skipped: 0
08-05 17:10:09.390 28800 28882 I chatty  : uid=10036(org.chromium.webview_shell) Chrome_InProcGp identical 1 line
08-05 17:10:09.445 28800 28882 W Adreno-ES20: <core_glFinish:34>: glFinish skipped: 0
08-05 17:10:09.597  3088  3396 E SecUISvc: Error initializing local socket: -1
08-05 17:10:09.600   281   281 W /system/bin/hwservicemanager: getTransport: Cannot find entry vendor.qti.hardware.tui_comm@1.0::ITuiComm/default in either framework or device manifest.
08-05 17:10:09.708 28800 28806 I zygote  : Do partial code cache collection, code=31KB, data=29KB
08-05 17:10:09.710 28800 28806 I zygote  : After code cache collection, code=31KB, data=29KB
08-05 17:10:09.710 28800 28806 I zygote  : Increasing code cache capacity to 128KB
08-05 17:10:10.539 28800 28882 W Adreno-ES20: <core_glFinish:34>: glFinish skipped: 0
08-05 17:10:10.606  3088  3396 E SecUISvc: Error initializing local socket: -1
08-05 17:10:10.610   281   281 W /system/bin/hwservicemanager: getTransport: Cannot find entry vendor.qti.hardware.tui_comm@1.0::ITuiComm/default in either framework or device manifest.
08-05 17:10:11.345  2884  2917 I QcrilOemhookMsgTunnel: [0]processOemHookIndication length=22
08-05 17:10:11.452   916   997 D AutofillManagerService: onBackKeyPressed()
08-05 17:10:11.462   916  2742 D ActivityTrigger: ActivityTrigger activityPauseTrigger 
08-05 17:10:11.475   916  2742 D ActivityTrigger: activityResumeTrigger: The activity in ApplicationInfo{2cfdd6c com.android.quicksearchbox} is now in focus and seems to be in full-screen mode
08-05 17:10:11.475   916  2742 E ActivityTrigger: activityResumeTrigger: not whiteListedcom.android.quicksearchbox/com.android.quicksearchbox.SearchActivity/27
08-05 17:10:11.478   419   497 E ANDR-PERF-MPCTL: Invalid profile no. 0, total profiles 0 only
08-05 17:10:11.580 28730 28749 I Adreno-EGL: <qeglDrvAPI_eglInitialize:379>: QUALCOMM Build: 05/15/19, 6f5d4d3, Ia9da49eece
08-05 17:10:11.580 28730 28749 I zygote  : android::hardware::configstore::V1_0::ISurfaceFlingerConfigs::hasWideColorDisplay retrieved: 0
08-05 17:10:11.581 28730 28749 I OpenGLRenderer: Initialized EGL, version 1.4
08-05 17:10:11.581 28730 28749 D OpenGLRenderer: Swap behavior 2
08-05 17:10:11.608 28730 28749 W Adreno-EGL: <qeglDrvAPI_eglGetConfigAttrib:612>: EGL_BAD_ATTRIBUTE
08-05 17:10:11.617  3088  3396 E SecUISvc: Error initializing local socket: -1
08-05 17:10:11.619   281   281 W /system/bin/hwservicemanager: getTransport: Cannot find entry vendor.qti.hardware.tui_comm@1.0::ITuiComm/default in either framework or device manifest.
08-05 17:10:11.622 28730 28749 W Adreno-EGL: <qeglDrvAPI_eglGetConfigAttrib:612>: EGL_BAD_ATTRIBUTE
